  
  
                                   Welcome to
  
                                   C O D E   V
  
                                PC  Version 11.5
                                   Build 27302701
  
                                   11-Jul-2026
  
                            A proprietary product of
  
                              SYNOPSYS, INC
                              Pasadena, California
  
CODE V> OUT NO
     Radius input/output mode
  
    Lens data created by Zemax version 200706
  
    Zemax command MODE ignored
    ZEMAX NOTE 0 table5
    Zemax command PFIL ignored
    Zemax command LANG ignored
     WARNING - Glass catalog list not used.
     WARNING - Ray aiming not used.
     WARNING - Pupil shift for ray aiming not used.
    Zemax command SDMA ignored
    Zemax command OMMA ignored
    Zemax command HYPR ignored
     WARNING - Vignetting angles not used.
    Zemax command POLS ignored
    Zemax command GLRS ignored
    Zemax command GSTD ignored
    Zemax command NSCD ignored
    Zemax command COFN ignored
    Zemax command COFN ignored
  
     Surface pointer = OBJ
    Zemax surface type  STANDARD
    CODE V surface type SPH
    Zemax command FIMP ignored.
     WARNING - Hiding of rays not used.
    Zemax command MIRR ignored.
    Zemax command SLAB ignored.
    Zemax command MEMA ignored.
    Zemax command POPS ignored.
  
     Surface pointer = 1
    Zemax surface type  EVENASPH
    CODE V surface type ASP
    Zemax command FIMP ignored.
     WARNING - Hiding of rays not used.
    Zemax command MIRR ignored.
    Zemax command SLAB ignored.
     WARNING - Partial dispersion of model glass not used.
    Zemax command MEMA ignored.
    Zemax command POPS ignored.
  
     Surface pointer = 2
    Zemax surface type  EVENASPH
    CODE V surface type ASP
    Zemax command FIMP ignored.
     WARNING - Hiding of rays not used.
    Zemax command MIRR ignored.
    Zemax command SLAB ignored.
    Zemax command MEMA ignored.
    Zemax command POPS ignored.
  
     Surface pointer = 3
    Zemax surface type  STANDARD
    CODE V surface type SPH
    Zemax command FIMP ignored.
     WARNING - Hiding of rays not used.
    Zemax command MIRR ignored.
    Zemax command SLAB ignored.
    Zemax command MEMA ignored.
    Zemax command POPS ignored.
  
     Surface pointer = 4
    Zemax surface type  EVENASPH
    CODE V surface type ASP
    Zemax command FIMP ignored.
     WARNING - Hiding of rays not used.
    Zemax command MIRR ignored.
    Zemax command SLAB ignored.
     WARNING - Partial dispersion of model glass not used.
    Zemax command MEMA ignored.
    Zemax command POPS ignored.
  
     Surface pointer = 5
    Zemax surface type  EVENASPH
    CODE V surface type ASP
    Zemax command FIMP ignored.
     WARNING - Hiding of rays not used.
    Zemax command MIRR ignored.
    Zemax command SLAB ignored.
    Zemax command MEMA ignored.
    Zemax command POPS ignored.
  
     Surface pointer = 6
    Zemax surface type  EVENASPH
    CODE V surface type ASP
    Zemax command FIMP ignored.
     WARNING - Hiding of rays not used.
    Zemax command MIRR ignored.
    Zemax command SLAB ignored.
     WARNING - Partial dispersion of model glass not used.
    Zemax command MEMA ignored.
    Zemax command POPS ignored.
  
     Surface pointer = 7
    Zemax surface type  EVENASPH
    CODE V surface type ASP
    Zemax command FIMP ignored.
     WARNING - Hiding of rays not used.
    Zemax command MIRR ignored.
    Zemax command SLAB ignored.
    Zemax command MEMA ignored.
    Zemax command POPS ignored.
  
     Surface pointer = 8
    Zemax surface type  EVENASPH
    CODE V surface type ASP
    Zemax command FIMP ignored.
     WARNING - Hiding of rays not used.
    Zemax command MIRR ignored.
    Zemax command SLAB ignored.
     WARNING - Partial dispersion of model glass not used.
    Zemax command MEMA ignored.
    Zemax command POPS ignored.
  
     Surface pointer = 9
    Zemax surface type  EVENASPH
    CODE V surface type ASP
    Zemax command FIMP ignored.
     WARNING - Hiding of rays not used.
    Zemax command MIRR ignored.
    Zemax command SLAB ignored.
    Zemax command MEMA ignored.
    Zemax command POPS ignored.
  
     Surface pointer = 10
    Zemax surface type  EVENASPH
    CODE V surface type ASP
    Zemax command FIMP ignored.
     WARNING - Hiding of rays not used.
    Zemax command MIRR ignored.
    Zemax command SLAB ignored.
     WARNING - Partial dispersion of model glass not used.
    Zemax command MEMA ignored.
    Zemax command POPS ignored.
  
     Surface pointer = 11
    Zemax surface type  EVENASPH
    CODE V surface type ASP
    Zemax command FIMP ignored.
     WARNING - Hiding of rays not used.
    Zemax command MIRR ignored.
    Zemax command SLAB ignored.
    Zemax command MEMA ignored.
    Zemax command POPS ignored.
  
     Surface pointer = 12
    Zemax surface type  EVENASPH
    CODE V surface type ASP
    Zemax command FIMP ignored.
     WARNING - Hiding of rays not used.
    Zemax command MIRR ignored.
    Zemax command SLAB ignored.
     WARNING - Partial dispersion of model glass not used.
    Zemax command MEMA ignored.
    Zemax command POPS ignored.
  
     Surface pointer = 13
    Zemax surface type  EVENASPH
    CODE V surface type ASP
    Zemax command FIMP ignored.
     WARNING - Hiding of rays not used.
    Zemax command MIRR ignored.
    Zemax command SLAB ignored.
    Zemax command MEMA ignored.
    Zemax command POPS ignored.
  
     Surface pointer = 14
    Zemax surface type  STANDARD
    CODE V surface type SPH
    Zemax command FIMP ignored.
     WARNING - Hiding of rays not used.
    Zemax command MIRR ignored.
    Zemax command SLAB ignored.
     WARNING - Partial dispersion of model glass not used.
    Zemax command MEMA ignored.
    Zemax command POPS ignored.
  
     Surface pointer = 15
    Zemax surface type  STANDARD
    CODE V surface type SPH
    Zemax command FIMP ignored.
     WARNING - Hiding of rays not used.
    Zemax command MIRR ignored.
    Zemax command SLAB ignored.
    Zemax command MEMA ignored.
    Zemax command POPS ignored.
  
     Surface pointer = IMG
    Zemax surface type  STANDARD
    CODE V surface type SPH
    Zemax command FIMP ignored.
     WARNING - Hiding of rays not used.
    Zemax command MIRR ignored.
    Zemax command SLAB ignored.
    Zemax command MEMA ignored.
    Zemax command POPS ignored.
  
     WARNING - Please check the converted lens carefully.
               Some information will not be converted.
               Changes in either CODE V or ZEMAX may invalidate
               the converted information.
               Due to differences between CODE V and ZEMAX ray
               aiming and vignetting factors, it is recommended
               that you set vignetting for the converted system.
  
               A concise listing of conversion warnings appears
               in the Tabbed Output Window 'Info' tab and in the
               Command Window.
  
CODE V> DEF VAR SA
     ERROR - Total reflection at surface   9 for zoom position  1
     ERROR - One or more of the reference rays from field  2 is deviated far from
             most of the other rays from this field point.  The reference rays are
             used to determine the numerical aperture and the grid spacing.  Thus, it
             is important that these rays are focused at approximately the same spot
             as the other rays from this field point.  Modifying the vignetting
             may solve this problem and allow the computation to proceed.
CODE V> VUY 0 0.3 0.3
CODE V> VLY 0 0.3 0.3
CODE V> VUX 0 0.3 0.3
CODE V> VLX 0 0.3 0.3
 
 
CODE V> AUT
     AUT                                                                              11-Jul-26  14H 16M 32S
                                                 CODE V PC  Version: 11.5             CPU clock:  0H  0M  1S
     ***Defocussing frozen to eliminate redundant variable
AUT>   SUR N
AUT>   CHG SA
AUT>   WFR Y
AUT>   WTF FA 10
AUT>   EFL = 2.41636308716203
AUT>   @atelier_latcolor == @lcum(1)
AUT>   @atelier_latcolor = 0
AUT>   WTC 0.01
AUT>   @atelier_rmsspot == @rmssum(1)
AUT>   @atelier_rmsspot = 0
AUT>   WTC 0.001
AUT>   MNT 0.025
AUT>   MNE 0.025
AUT>   MXT 10
AUT>   MNA 0.001
AUT>   MXC 25
AUT>   MNC 3
AUT>   IMP 0.001
AUT> GO
 -------------------------------------------------------------------------------
  
       USER CONSTRAINT DEFINITIONS
            @atelier_rmsspot == @rmssum(1)
  
            @atelier_latcolor == @lcum(1)
  
  
  
       POTENTIALLY ACTIVE SPECIFIC CONSTRAINTS
         EFL                                  =       2.416363
         @ATELIER_LATCOLOR                    =       0.000000     (WTC =    0.01000)
         @ATELIER_RMSSPOT                     =       0.000000     (WTC =    0.00100)
  
       GENERAL CONSTRAINTS
         MXT      10.000000
         MNT       0.025000
         MNE       0.025000
         MNA       0.001000
         MAE       0.002500
         GLA               NFK5  NSK16  NLAF2  SF4
  
       ERROR FUNCTION CONSTRUCTION
         WFR        Y
         WTW       1          1          1
         WTA       0.000000
         DEL       0.220000
         WTX F1   10.000000
         WTX F2   10.000000
         WTX F3   10.000000
         WTY F1   10.000000
         WTY F2   10.000000
         WTY F3   10.000000
  
       CONVERGENCE CONTROLS
         MXC        25
         MNC         3
         TAR       0.000000
         IMP       0.001000
  
       OUTPUT CONTROLS
         SUR NO
         CHG S0..16
  
     Recommendations for most stable convergence:
  
       Use object space aperture specifications:
       - NAO for finite conjugate systems
       - EPD for infinite conjugate systems
  
       VARIABLE LIST
  
         NO      PARAMETERS *
          1      CUY S1       CUY S2
          2      CUY S2       CUY S4
          3      CUY S4       CUY S5
          4      CUY S5       CUY S6
          5      CUY S6       CUY S7
          6      CUY S7       CUY S8
          7      CUY S8       CUY S9
          8      CUY S9       CUY S10
          9      CUY S10       CUY S11
         10      CUY S11       CUY S12
         11      CUY S12       CUY S13
         12      CUY S13
         13      A   S1
         14      A   S2
         15      A   S4
         16      A   S5
         17      A   S6
         18      A   S7
         19      A   S8
         20      A   S9
         21      A   S10
         22      A   S11
         23      A   S12
         24      A   S13
         25      THI S2
         26      THI S3
         27      THI S5
         28      THI S7
         29      THI S9
         30      THI S11
         31      THI S13
         32      THI S15
  
     * Multiple entries on a line are composite variables.
     Composite variables are either program-generated bendings
     or user-requested couplings.
  
      32 VARIABLES
  
      32 CONSTRAINTS CAN BE ACTIVE
  
     RELATIVE TIME PER CYCLE IS  267.8 UNITS
     WARNING - The macro function SPOTDATA is not supported on multiple threads.
               CODE V will set the multiple processor setting (MPP) to 1 to prevent errors.
               Please refer to the CODE V Setup and Operation Reference Manual for a complete list
               of pre-defined macro functions that are currently limited to running on a single thread.
  
 CYCLE NUMBER 0:
  
  ABERR F. =        0.05456238
  CONST F. =      182.41286455
  ERR. F.  =      182.46742694
  
  OPD     0.04391526     0.06502222     0.03915084
  WAV     0.05148209     0.07589594     0.04198208
  
  
  
  Parameter                 Value            Change
  CUY S1                5.44069641E-01      0.00E+00
  CUY S2                4.29184549E-01      0.00E+00
  CUY S4                5.00075011E-02      0.00E+00
  CUY S5               -6.94444444E-01      0.00E+00
  CUY S6               -4.82625483E-01      0.00E+00
  CUY S7               -1.67546285E-02      0.00E+00
  CUY S8                6.02046960E-01      0.00E+00
  CUY S9                5.10725230E-01      0.00E+00
  CUY S10              -7.02740689E-01      0.00E+00
  CUY S11              -1.60771704E+00      0.00E+00
  CUY S12               4.62962963E-01      0.00E+00
  CUY S13               1.33333333E+00      0.00E+00
  A   S1                1.18490000E-03      0.00E+00
  A   S2                3.39250000E-01      0.00E+00
  A   S4               -1.27120000E-01      0.00E+00
  A   S5                6.07450000E-01      0.00E+00
  A   S6                3.93150000E-01      0.00E+00
  A   S7                1.85590000E-01      0.00E+00
  A   S8               -2.75420000E-01      0.00E+00
  A   S9                1.04900000E-01      0.00E+00
  A   S10              -2.22350000E-01      0.00E+00
  A   S11               1.83910000E-01      0.00E+00
  A   S12               1.76650000E-01      0.00E+00
  A   S13               3.90070000E-02      0.00E+00
  THI S2                8.00000000E-02      0.00E+00
  THI S3                6.10000000E-02      0.00E+00
  THI S5                3.70000000E-02      0.00E+00
  THI S7                4.00000000E-02      0.00E+00
  THI S9                3.00000000E-01      0.00E+00
  THI S11               4.00000000E-02      0.00E+00
  THI S13               6.00000000E-01      0.00E+00
  THI S15               2.84000000E-01      0.00E+00
  
        EFL          REDU         PIM          OAL         EN PUP       EX PUP
      2.417572     0.000000     0.260236     4.216000     0.377876    -3.362370
  
  Specific Constraints:        target        value         diff      active (**)
  EFL                    =   2.41636E+00   2.41757E+00   1.209E-03    **
  
  Weighted Constraints:        target        value        WTC/PTC     contrib
  @ATELIER_LATCOLOR      =   0.00000E+00   1.25424E+00   1.000E-02   1.573E+02
  @ATELIER_RMSSPOT       =   0.00000E+00   5.00997E+00   1.000E-03   2.510E+01
  
  Constraints added:      EFL (=)
  
 CYCLE NUMBER 1:
  
  ABERR F. =        0.03765236
  CONST F. =       32.87844883
  ERR. F.  =       32.91610119       (change =     -149.55132575)
  
  OPD     0.02051964     0.04947038     0.02783435
  WAV     0.02985035     0.05514993     0.03050441
  
  
  
  Parameter                 Value            Change
  CUY S1                5.52866940E-01      8.80E-03
  CUY S2                4.36639753E-01      7.46E-03
  CUY S4                5.09717922E-02      9.64E-04
  CUY S5               -6.97914295E-01     -3.47E-03
  CUY S6               -4.85761538E-01     -3.14E-03
  CUY S7               -1.15960168E-02      5.16E-03
  CUY S8                5.92370262E-01     -9.68E-03
  CUY S9                4.98595793E-01     -1.21E-02
  CUY S10              -7.02421314E-01      3.19E-04
  CUY S11              -1.60522411E+00      2.49E-03
  CUY S12               4.44761518E-01     -1.82E-02
  CUY S13               1.28065293E+00     -5.27E-02
  A   S1                1.60075313E-03      4.16E-04
  A   S2                3.39784052E-01      5.34E-04
  A   S4               -1.27922736E-01     -8.03E-04
  A   S5                6.06915141E-01     -5.35E-04
  A   S6                3.91922146E-01     -1.23E-03
  A   S7                1.86811326E-01      1.22E-03
  A   S8               -2.75752888E-01     -3.33E-04
  A   S9                1.05658860E-01      7.59E-04
  A   S10              -2.20600603E-01      1.75E-03
  A   S11               1.83236890E-01     -6.73E-04
  A   S12               1.76715219E-01      6.52E-05
  A   S13               3.89907116E-02     -1.63E-05
  THI S2                8.99264722E-02      9.93E-03
  THI S3                5.38887107E-02     -7.11E-03
  THI S5                3.57056044E-02     -1.29E-03
  THI S7                3.85540119E-02     -1.45E-03
  THI S9                3.00806238E-01      8.06E-04
  THI S11               3.28442390E-02     -7.16E-03
  THI S13               5.94379964E-01     -5.62E-03
  THI S15               2.79051141E-01     -4.95E-03
  
        EFL          REDU         PIM          OAL         EN PUP       EX PUP
      2.416361     0.000000     0.281759     4.204105     0.390591    -3.455406
  
  Active Constraints -   1:    target        value         diff        cost
  EFL                    =   2.41636E+00   2.41636E+00  -2.179E-06  -1.849E-08
  
  Weighted Constraints:        target        value        WTC/PTC     contrib
  @ATELIER_LATCOLOR      =   0.00000E+00   2.81270E-01   1.000E-02   7.911E+00
  @ATELIER_RMSSPOT       =   0.00000E+00   4.99672E+00   1.000E-03   2.497E+01
  
 CYCLE NUMBER 2:
  
  ABERR F. =        0.06685273
  CONST F. =       32.70908528
  ERR. F.  =       32.77593801       (change =       -0.14016318)
  
  OPD     0.08159770     0.06580056     0.03693579
  WAV     0.08634183     0.07385685     0.03941865
  
  
  
  Parameter                 Value            Change
  CUY S1                5.52784892E-01     -8.20E-05
  CUY S2                4.36406015E-01     -2.34E-04
  CUY S4                5.13745129E-02      4.03E-04
  CUY S5               -6.97213285E-01      7.01E-04
  CUY S6               -4.85502392E-01      2.59E-04
  CUY S7               -1.13807456E-02      2.15E-04
  CUY S8                5.93791193E-01      1.42E-03
  CUY S9                4.99715418E-01      1.12E-03
  CUY S10              -7.02776429E-01     -3.55E-04
  CUY S11              -1.60517757E+00      4.65E-05
  CUY S12               4.45437116E-01      6.76E-04
  CUY S13               1.28024631E+00     -4.07E-04
  A   S1                1.52109425E-03     -7.97E-05
  A   S2                3.39926486E-01      1.42E-04
  A   S4               -1.28119571E-01     -1.97E-04
  A   S5                6.07223753E-01      3.09E-04
  A   S6                3.91544708E-01     -3.77E-04
  A   S7                1.86761287E-01     -5.00E-05
  A   S8               -2.75538001E-01      2.15E-04
  A   S9                1.05729442E-01      7.06E-05
  A   S10              -2.20709911E-01     -1.09E-04
  A   S11               1.83199957E-01     -3.69E-05
  A   S12               1.76704624E-01     -1.06E-05
  A   S13               3.89971648E-02      6.45E-06
  THI S2                8.98736109E-02     -5.29E-05
  THI S3                5.38203418E-02     -6.84E-05
  THI S5                3.56343593E-02     -7.12E-05
  THI S7                3.88333978E-02      2.79E-04
  THI S9                3.00691146E-01     -1.15E-04
  THI S11               3.12932433E-02     -1.55E-03
  THI S13               5.94517498E-01      1.38E-04
  THI S15               2.79188627E-01      1.37E-04
  
        EFL          REDU         PIM          OAL         EN PUP       EX PUP
      2.416363     0.000000     0.282863     4.202664     0.390521    -3.460568
  
  Active Constraints -   1:    target        value         diff        cost
  EFL                    =   2.41636E+00   2.41636E+00   8.072E-10   2.442E-04
  
  Weighted Constraints:        target        value        WTC/PTC     contrib
  @ATELIER_LATCOLOR      =   0.00000E+00   2.50529E-01   1.000E-02   6.276E+00
  @ATELIER_RMSSPOT       =   0.00000E+00   5.14126E+00   1.000E-03   2.643E+01
  
 CYCLE NUMBER 3:
  
  ABERR F. =        0.09124139
  CONST F. =       28.55363397
  ERR. F.  =       28.64487536       (change =       -4.13106265)
  
  OPD     0.12892912     0.06666836     0.04908988
  WAV     0.13574807     0.07291498     0.05223613
  
  
  
  Parameter                 Value            Change
  CUY S1                5.52719114E-01     -6.58E-05
  CUY S2                4.36264962E-01     -1.41E-04
  CUY S4                5.12506922E-02     -1.24E-04
  CUY S5               -6.96990815E-01      2.22E-04
  CUY S6               -4.85178702E-01      3.24E-04
  CUY S7               -1.13015386E-02      7.92E-05
  CUY S8                5.93027556E-01     -7.64E-04
  CUY S9                4.99041885E-01     -6.74E-04
  CUY S10              -7.02556545E-01      2.20E-04
  CUY S11              -1.60483962E+00      3.38E-04
  CUY S12               4.45753963E-01      3.17E-04
  CUY S13               1.27997530E+00     -2.71E-04
  A   S1                1.48994897E-03     -3.11E-05
  A   S2                3.40012124E-01      8.56E-05
  A   S4               -1.28210932E-01     -9.14E-05
  A   S5                6.07370399E-01      1.47E-04
  A   S6                3.91357513E-01     -1.87E-04
  A   S7                1.86788860E-01      2.76E-05
  A   S8               -2.75555020E-01     -1.70E-05
  A   S9                1.05685573E-01     -4.39E-05
  A   S10              -2.20765331E-01     -5.54E-05
  A   S11               1.83211648E-01      1.17E-05
  A   S12               1.76703244E-01     -1.38E-06
  A   S13               3.90000331E-02      2.87E-06
  THI S2                9.00255048E-02      1.52E-04
  THI S3                5.39237813E-02      1.03E-04
  THI S5                3.55970104E-02     -3.73E-05
  THI S7                3.87986058E-02     -3.48E-05
  THI S9                3.00275787E-01     -4.15E-04
  THI S11               3.07665363E-02     -5.27E-04
  THI S13               5.94612774E-01      9.53E-05
  THI S15               2.79283903E-01      9.53E-05
  
        EFL          REDU         PIM          OAL         EN PUP       EX PUP
      2.416363     0.000000     0.283866     4.202000     0.390700    -3.461611
  
  Active Constraints -   1:    target        value         diff        cost
  EFL                    =   2.41636E+00   2.41636E+00   3.910E-10   3.640E-04
  
  Weighted Constraints:        target        value        WTC/PTC     contrib
  @ATELIER_LATCOLOR      =   0.00000E+00   2.37092E-01   1.000E-02   5.621E+00
  @ATELIER_RMSSPOT       =   0.00000E+00   4.78877E+00   1.000E-03   2.293E+01
  
 CYCLE NUMBER 4:
  
  ABERR F. =        0.08351874
  CONST F. =       28.21503821
  ERR. F.  =       28.29855695       (change =       -0.34631841)
  
  OPD     0.11492483     0.06657480     0.04408928
  WAV     0.12109224     0.07354636     0.04686254
  
  
  
  Parameter                 Value            Change
  CUY S1                5.52751915E-01      3.28E-05
  CUY S2                4.36235003E-01     -3.00E-05
  CUY S4                5.13052765E-02      5.46E-05
  CUY S5               -6.96900967E-01      8.98E-05
  CUY S6               -4.85208946E-01     -3.02E-05
  CUY S7               -1.13060178E-02     -4.48E-06
  CUY S8                5.93513841E-01      4.86E-04
  CUY S9                4.99561820E-01      5.20E-04
  CUY S10              -7.02502470E-01      5.41E-05
  CUY S11              -1.60486572E+00     -2.61E-05
  CUY S12               4.45637271E-01     -1.17E-04
  CUY S13               1.27993906E+00     -3.62E-05
  A   S1                1.44858552E-03     -4.14E-05
  A   S2                3.39948837E-01     -6.33E-05
  A   S4               -1.28158860E-01      5.21E-05
  A   S5                6.07328603E-01     -4.18E-05
  A   S6                3.91382837E-01      2.53E-05
  A   S7                1.86775293E-01     -1.36E-05
  A   S8               -2.75533745E-01      2.13E-05
  A   S9                1.05673960E-01     -1.16E-05
  A   S10              -2.20752951E-01      1.24E-05
  A   S11               1.83203082E-01     -8.57E-06
  A   S12               1.76702666E-01     -5.78E-07
  A   S13               3.90005748E-02      5.42E-07
  THI S2                9.00034695E-02     -2.20E-05
  THI S3                5.38664124E-02     -5.74E-05
  THI S5                3.56284010E-02      3.14E-05
  THI S7                3.88603121E-02      6.17E-05
  THI S9                3.00306403E-01      3.06E-05
  THI S11               3.08852500E-02      1.19E-04
  THI S13               5.94676531E-01      6.38E-05
  THI S15               2.79347660E-01      6.38E-05
  
        EFL          REDU         PIM          OAL         EN PUP       EX PUP
      2.416363     0.000000     0.283389     4.202227     0.390677    -3.461307
  
  Active Constraints -   1:    target        value         diff        cost
  EFL                    =   2.41636E+00   2.41636E+00  -3.903E-11  -6.154E-04
  
  Weighted Constraints:        target        value        WTC/PTC     contrib
  @ATELIER_LATCOLOR      =   0.00000E+00   2.35836E-01   1.000E-02   5.562E+00
  @ATELIER_RMSSPOT       =   0.00000E+00   4.75954E+00   1.000E-03   2.265E+01
  
 CYCLE NUMBER 5:
  
  ABERR F. =        0.08587245
  CONST F. =       27.80983252
  ERR. F.  =       27.89570497       (change =       -0.40285198)
  
  OPD     0.11971908     0.06529930     0.04625721
  WAV     0.12629008     0.07166681     0.04922161
  
  
  
  Parameter                 Value            Change
  CUY S1                5.52803790E-01      5.19E-05
  CUY S2                4.36241234E-01      6.23E-06
  CUY S4                5.12502761E-02     -5.50E-05
  CUY S5               -6.96977881E-01     -7.69E-05
  CUY S6               -4.85273804E-01     -6.49E-05
  CUY S7               -1.13025234E-02      3.49E-06
  CUY S8                5.93226997E-01     -2.87E-04
  CUY S9                4.99306229E-01     -2.56E-04
  CUY S10              -7.02437320E-01      6.52E-05
  CUY S11              -1.60475610E+00      1.10E-04
  CUY S12               4.45632451E-01     -4.82E-06
  CUY S13               1.27980719E+00     -1.32E-04
  A   S1                1.42824707E-03     -2.03E-05
  A   S2                3.40021548E-01      7.27E-05
  A   S4               -1.28253075E-01     -9.42E-05
  A   S5                6.07403802E-01      7.52E-05
  A   S6                3.91368516E-01     -1.43E-05
  A   S7                1.86786107E-01      1.08E-05
  A   S8               -2.75541419E-01     -7.67E-06
  A   S9                1.05663122E-01     -1.08E-05
  A   S10              -2.20788578E-01     -3.56E-05
  A   S11               1.83208027E-01      4.94E-06
  A   S12               1.76702324E-01     -3.42E-07
  A   S13               3.90011404E-02      5.66E-07
  THI S2                9.00415871E-02      3.81E-05
  THI S3                5.39167543E-02      5.03E-05
  THI S5                3.56137106E-02     -1.47E-05
  THI S7                3.88448002E-02     -1.55E-05
  THI S9                3.00225979E-01     -8.04E-05
  THI S11               3.09435828E-02      5.83E-05
  THI S13               5.94729424E-01      5.29E-05
  THI S15               2.79400553E-01      5.29E-05
  
        EFL          REDU         PIM          OAL         EN PUP       EX PUP
      2.416363     0.000000     0.283410     4.202316     0.390727    -3.461400
  
  Active Constraints -   1:    target        value         diff        cost
  EFL                    =   2.41636E+00   2.41636E+00   1.288E-12   3.741E-04
  
  Weighted Constraints:        target        value        WTC/PTC     contrib
  @ATELIER_LATCOLOR      =   0.00000E+00   2.31341E-01   1.000E-02   5.352E+00
  @ATELIER_RMSSPOT       =   0.00000E+00   4.73898E+00   1.000E-03   2.246E+01
  
 CYCLE NUMBER 6:
  
  ABERR F. =        0.08021130
  CONST F. =       27.30071503
  ERR. F.  =       27.38092633       (change =       -0.51477865)
  
  OPD     0.11002983     0.06402557     0.04284944
  WAV     0.11616494     0.07063651     0.04557842
  
  
  
  Parameter                 Value            Change
  CUY S1                5.52836247E-01      3.25E-05
  CUY S2                4.36215333E-01     -2.59E-05
  CUY S4                5.12303376E-02     -1.99E-05
  CUY S5               -6.97055870E-01     -7.80E-05
  CUY S6               -4.85391458E-01     -1.18E-04
  CUY S7               -1.13041899E-02     -1.67E-06
  CUY S8                5.93225136E-01     -1.86E-06
  CUY S9                4.99331363E-01      2.51E-05
  CUY S10              -7.02380825E-01      5.65E-05
  CUY S11              -1.60478246E+00     -2.64E-05
  CUY S12               4.45536953E-01     -9.55E-05
  CUY S13               1.27970665E+00     -1.01E-04
  A   S1                1.38482329E-03     -4.34E-05
  A   S2                3.40006227E-01     -1.53E-05
  A   S4               -1.28235546E-01      1.75E-05
  A   S5                6.07388644E-01     -1.52E-05
  A   S6                3.91390569E-01      2.21E-05
  A   S7                1.86775114E-01     -1.10E-05
  A   S8               -2.75511653E-01      2.98E-05
  A   S9                1.05653317E-01     -9.80E-06
  A   S10              -2.20782403E-01      6.18E-06
  A   S11               1.83208892E-01      8.66E-07
  A   S12               1.76701882E-01     -4.42E-07
  A   S13               3.90015847E-02      4.44E-07
  THI S2                9.00251184E-02     -1.65E-05
  THI S3                5.38674259E-02     -4.93E-05
  THI S5                3.56284850E-02      1.48E-05
  THI S7                3.88738927E-02      2.91E-05
  THI S9                3.00251433E-01      2.55E-05
  THI S11               3.09964890E-02      5.29E-05
  THI S13               5.94779881E-01      5.05E-05
  THI S15               2.79451011E-01      5.05E-05
  
        EFL          REDU         PIM          OAL         EN PUP       EX PUP
      2.416363     0.000000     0.283255     4.202423     0.390710    -3.461572
  
  Active Constraints -   1:    target        value         diff        cost
  EFL                    =   2.41636E+00   2.41636E+00  -3.020E-14   3.305E-04
  
  Weighted Constraints:        target        value        WTC/PTC     contrib
  @ATELIER_LATCOLOR      =   0.00000E+00   2.30190E-01   1.000E-02   5.299E+00
  @ATELIER_RMSSPOT       =   0.00000E+00   4.69062E+00   1.000E-03   2.200E+01
  
 CYCLE NUMBER 7:
  
  ABERR F. =        0.08235796
  CONST F. =       26.97496131
  ERR. F.  =       27.05731927       (change =       -0.32360705)
  
  OPD     0.11449178     0.06332171     0.04399845
  WAV     0.12085550     0.06962338     0.04679384
  
  
  
  Parameter                 Value            Change
  CUY S1                5.52860361E-01      2.41E-05
  CUY S2                4.36207939E-01     -7.39E-06
  CUY S4                5.11934915E-02     -3.68E-05
  CUY S5               -6.97006171E-01      4.97E-05
  CUY S6               -4.85335727E-01      5.57E-05
  CUY S7               -1.13031492E-02      1.04E-06
  CUY S8                5.92850280E-01     -3.75E-04
  CUY S9                4.98972439E-01     -3.59E-04
  CUY S10              -7.02348490E-01      3.23E-05
  CUY S11              -1.60469922E+00      8.32E-05
  CUY S12               4.45738604E-01      2.02E-04
  CUY S13               1.28001381E+00      3.07E-04
  A   S1                1.36856938E-03     -1.63E-05
  A   S2                3.40076109E-01      6.99E-05
  A   S4               -1.28256155E-01     -2.06E-05
  A   S5                6.07340587E-01     -4.81E-05
  A   S6                3.91402330E-01      1.18E-05
  A   S7                1.86792083E-01      1.70E-05
  A   S8               -2.75513280E-01     -1.63E-06
  A   S9                1.05646976E-01     -6.34E-06
  A   S10              -2.20780723E-01      1.68E-06
  A   S11               1.83219193E-01      1.03E-05
  A   S12               1.76701652E-01     -2.30E-07
  A   S13               3.90018655E-02      2.81E-07
  THI S2                9.00354574E-02      1.03E-05
  THI S3                5.38979826E-02      3.06E-05
  THI S5                3.56213127E-02     -7.17E-06
  THI S7                3.88711011E-02     -2.79E-06
  THI S9                3.00198682E-01     -5.28E-05
  THI S11               3.10448070E-02      4.83E-05
  THI S13               5.94808240E-01      2.84E-05
  THI S15               2.79479370E-01      2.84E-05
  
        EFL          REDU         PIM          OAL         EN PUP       EX PUP
      2.416363     0.000000     0.283239     4.202478     0.390725    -3.461029
  
  Active Constraints -   1:    target        value         diff        cost
  EFL                    =   2.41636E+00   2.41636E+00  -2.350E-12   3.221E-05
  
  Weighted Constraints:        target        value        WTC/PTC     contrib
  @ATELIER_LATCOLOR      =   0.00000E+00   2.28198E-01   1.000E-02   5.207E+00
  @ATELIER_RMSSPOT       =   0.00000E+00   4.66557E+00   1.000E-03   2.177E+01
  
 CYCLE NUMBER 8:
  
  ABERR F. =        0.07837170
  CONST F. =       26.87053047
  ERR. F.  =       26.94890217       (change =       -0.10841710)
  
  OPD     0.10737461     0.06306864     0.04124279
  WAV     0.11340434     0.06972946     0.04384145
  
  
  
  Parameter                 Value            Change
  CUY S1                5.52879056E-01      1.87E-05
  CUY S2                4.36205306E-01     -2.63E-06
  CUY S4                5.12418299E-02      4.83E-05
  CUY S5               -6.96959275E-01      4.69E-05
  CUY S6               -4.85359073E-01     -2.33E-05
  CUY S7               -1.13037975E-02     -6.48E-07
  CUY S8                5.92984894E-01      1.35E-04
  CUY S9                4.99122494E-01      1.50E-04
  CUY S10              -7.02330061E-01      1.84E-05
  CUY S11              -1.60473433E+00     -3.51E-05
  CUY S12               4.45639714E-01     -9.89E-05
  CUY S13               1.27990300E+00     -1.11E-04
  A   S1                1.35983155E-03     -8.74E-06
  A   S2                3.40061194E-01     -1.49E-05
  A   S4               -1.28240150E-01      1.60E-05
  A   S5                6.07312613E-01     -2.80E-05
  A   S6                3.91415821E-01      1.35E-05
  A   S7                1.86785182E-01     -6.90E-06
  A   S8               -2.75494068E-01      1.92E-05
  A   S9                1.05639883E-01     -7.09E-06
  A   S10              -2.20772603E-01      8.12E-06
  A   S11               1.83214909E-01     -4.28E-06
  A   S12               1.76701347E-01     -3.05E-07
  A   S13               3.90021442E-02      2.79E-07
  THI S2                9.00251739E-02     -1.03E-05
  THI S3                5.38687744E-02     -2.92E-05
  THI S5                3.56329834E-02      1.17E-05
  THI S7                3.88775703E-02      6.47E-06
  THI S9                3.00228480E-01      2.98E-05
  THI S11               3.10765965E-02      3.18E-05
  THI S13               5.94838786E-01      3.05E-05
  THI S15               2.79509915E-01      3.05E-05
  
        EFL          REDU         PIM          OAL         EN PUP       EX PUP
      2.416363     0.000000     0.283090     4.202548     0.390714    -3.461161
  
  Active Constraints -   1:    target        value         diff        cost
  EFL                    =   2.41636E+00   2.41636E+00  -1.130E-11   3.345E-04
  
  Weighted Constraints:        target        value        WTC/PTC     contrib
  @ATELIER_LATCOLOR      =   0.00000E+00   2.27772E-01   1.000E-02   5.188E+00
  @ATELIER_RMSSPOT       =   0.00000E+00   4.65645E+00   1.000E-03   2.168E+01
  
 CYCLE NUMBER 9:
  
  ABERR F. =        0.07969433
  CONST F. =       26.86811555
  ERR. F.  =       26.94780988       (change =       -0.00109229)
  
  OPD     0.11070964     0.06144531     0.04236708
  WAV     0.11697653     0.06756164     0.04507673
  
  
  
  Parameter                 Value            Change
  CUY S1                5.52926442E-01      4.74E-05
  CUY S2                4.36206617E-01      1.31E-06
  CUY S4                5.11674263E-02     -7.44E-05
  CUY S5               -6.97088008E-01     -1.29E-04
  CUY S6               -4.85457483E-01     -9.84E-05
  CUY S7               -1.13007980E-02      3.00E-06
  CUY S8                5.92616820E-01     -3.68E-04
  CUY S9                4.98781128E-01     -3.41E-04
  CUY S10              -7.02283732E-01      4.63E-05
  CUY S11              -1.60461128E+00      1.23E-04
  CUY S12               4.45962509E-01      3.23E-04
  CUY S13               1.28039143E+00      4.88E-04
  A   S1                1.33084273E-03     -2.90E-05
  A   S2                3.40199243E-01      1.38E-04
  A   S4               -1.28395820E-01     -1.56E-04
  A   S5                6.07205518E-01     -1.07E-04
  A   S6                3.91438761E-01      2.29E-05
  A   S7                1.86800514E-01      1.53E-05
  A   S8               -2.75505252E-01     -1.12E-05
  A   S9                1.05626251E-01     -1.36E-05
  A   S10              -2.20797850E-01     -2.52E-05
  A   S11               1.83221894E-01      6.98E-06
  A   S12               1.76700844E-01     -5.02E-07
  A   S13               3.90027186E-02      5.74E-07
  THI S2                9.00707574E-02      4.56E-05
  THI S3                5.39445387E-02      7.58E-05
  THI S5                3.56188393E-02     -1.41E-05
  THI S7                3.88587527E-02     -1.88E-05
  THI S9                3.00153391E-01     -7.51E-05
  THI S11               3.11671518E-02      9.06E-05
  THI S13               5.94893389E-01      5.46E-05
  THI S15               2.79564518E-01      5.46E-05
  
        EFL          REDU         PIM          OAL         EN PUP       EX PUP
      2.416363     0.000000     0.283009     4.202707     0.390774    -3.460341
  
  Active Constraints -   1:    target        value         diff        cost
  EFL                    =   2.41636E+00   2.41636E+00   7.545E-12   7.104E-05
  
  Weighted Constraints:        target        value        WTC/PTC     contrib
  @ATELIER_LATCOLOR      =   0.00000E+00   2.24065E-01   1.000E-02   5.021E+00
  @ATELIER_RMSSPOT       =   0.00000E+00   4.67414E+00   1.000E-03   2.185E+01
  
     Normal AUTO Completion - System improvement less than IMP
AUT> GO
 
 
CODE V> BUF PUT B1 I^row J1 "schema"
      Created new worksheet B1.
CODE V> BUF PUT B1 I^row J2 "atelier-codev-target-v1"
CODE V> BUF PUT B1 I^row J1 "status"
CODE V> BUF PUT B1 I^row J2 "ok"
CODE V> BUF PUT B1 I^row J1 "mode"
CODE V> BUF PUT B1 I^row J2 "target"
CODE V> BUF PUT B1 I^row J1 "stage"
CODE V> BUF PUT B1 I^row J2 "A"
CODE V> BUF PUT B1 I^row J1 "source_zmx"
CODE V> BUF PUT B1 I^row J2 "US10330891B2.zmx"
CODE V> BUF PUT B1 I^row J1 "num_fields"
CODE V> BUF PUT B1 I^row J2 ^numf_out
CODE V> BUF PUT B1 I^row J1 "vignetting_edge"
CODE V> BUF PUT B1 I^row J2 0.3
CODE V> BUF PUT B1 I^row J1 "target.efl_mm"
CODE V> BUF PUT B1 I^row J2 ^target_efl
CODE V> BUF PUT B1 I^row J1 "seed_baseline.efl_y_mm"
CODE V> BUF PUT B1 I^row J2 ^seed_baseline_efl_y_mm
CODE V> BUF PUT B1 I^row J1 "seed_baseline.max_lateral_color_um"
CODE V> BUF PUT B1 I^row J2 ^seed_baseline_max_lateral_color_um
CODE V> BUF PUT B1 I^row J1 "seed_baseline.max_rms_spot_diameter_um"
CODE V> BUF PUT B1 I^row J2 ^seed_baseline_max_rms_spot_diameter_um
CODE V> BUF PUT B1 I^row J1 "seed_baseline.max_rms_wavefront_error_waves"
CODE V> BUF PUT B1 I^row J2 ^seed_baseline_max_rms_wavefront_error_waves
CODE V> BUF PUT B1 I^row J1 "seed_baseline.max_distortion_pct"
CODE V> BUF PUT B1 I^row J2 ^seed_baseline_max_distortion_pct
CODE V> BUF PUT B1 I^row J1 "seed_baseline.fno"
CODE V> BUF PUT B1 I^row J2 ^seed_baseline_fno
CODE V> BUF PUT B1 I^row J1 "seed_baseline.epd_mm"
CODE V> BUF PUT B1 I^row J2 ^seed_baseline_epd
CODE V> BUF PUT B1 I^row J1 "seed_baseline.maximh_mm"
CODE V> BUF PUT B1 I^row J2 ^seed_baseline_maximh
CODE V> BUF PUT B1 I^row J1 "config_pre_aut.efl_y_mm"
CODE V> BUF PUT B1 I^row J2 ^config_pre_aut_efl_y_mm
CODE V> BUF PUT B1 I^row J1 "config_pre_aut.max_lateral_color_um"
CODE V> BUF PUT B1 I^row J2 ^config_pre_aut_max_lateral_color_um
CODE V> BUF PUT B1 I^row J1 "config_pre_aut.max_rms_spot_diameter_um"
CODE V> BUF PUT B1 I^row J2 ^config_pre_aut_max_rms_spot_diameter_um
CODE V> BUF PUT B1 I^row J1 "config_pre_aut.max_rms_wavefront_error_waves"
CODE V> BUF PUT B1 I^row J2 ^config_pre_aut_max_rms_wavefront_error_waves
CODE V> BUF PUT B1 I^row J1 "config_pre_aut.max_distortion_pct"
CODE V> BUF PUT B1 I^row J2 ^config_pre_aut_max_distortion_pct
CODE V> BUF PUT B1 I^row J1 "config_pre_aut.fno"
CODE V> BUF PUT B1 I^row J2 ^config_pre_aut_fno
CODE V> BUF PUT B1 I^row J1 "config_pre_aut.epd_mm"
CODE V> BUF PUT B1 I^row J2 ^config_pre_aut_epd
CODE V> BUF PUT B1 I^row J1 "config_pre_aut.maximh_mm"
CODE V> BUF PUT B1 I^row J2 ^config_pre_aut_maximh
CODE V> BUF PUT B1 I^row J1 "post_aut.efl_y_mm"
CODE V> BUF PUT B1 I^row J2 ^post_aut_efl_y_mm
CODE V> BUF PUT B1 I^row J1 "post_aut.max_lateral_color_um"
CODE V> BUF PUT B1 I^row J2 ^post_aut_max_lateral_color_um
CODE V> BUF PUT B1 I^row J1 "post_aut.max_rms_spot_diameter_um"
CODE V> BUF PUT B1 I^row J2 ^post_aut_max_rms_spot_diameter_um
CODE V> BUF PUT B1 I^row J1 "post_aut.max_rms_wavefront_error_waves"
CODE V> BUF PUT B1 I^row J2 ^post_aut_max_rms_wavefront_error_waves
CODE V> BUF PUT B1 I^row J1 "post_aut.max_distortion_pct"
CODE V> BUF PUT B1 I^row J2 ^post_aut_max_distortion_pct
CODE V> BUF PUT B1 I^row J1 "post_aut.fno"
CODE V> BUF PUT B1 I^row J2 ^post_aut_fno
CODE V> BUF PUT B1 I^row J1 "post_aut.epd_mm"
CODE V> BUF PUT B1 I^row J2 ^post_aut_epd
CODE V> BUF PUT B1 I^row J1 "post_aut.maximh_mm"
CODE V> BUF PUT B1 I^row J2 ^post_aut_maximh
CODE V> BUF PUT B1 I^row J1 "efl_target_deviation_pct"
CODE V> BUF PUT B1 I^row J2 ^efl_target_dev_pct
CODE V> BUF PUT B1 I^row J1 "aut_converged"
CODE V> BUF PUT B1 I^row J2 ^aut_converged
CODE V> BUF EXP B1 "D:\atelier-wt-c\.planning\loop\p15-stageb-evidence\fno-matrix-2026-07-11\US10330891B2_loosen\rung0_native\ray_retry\atelier_codev_target_A_vig0300.tsv"
     Buffer B1 exported to file atelier_codev_target_A_vig0300.tsv
CODE V> BUF DEL B1
CODE V> OUT YES
CODE V> EXI YES
     EXI                                                                              11-Jul-26  14H 16M 37S
                                                 CODE V PC  Version: 11.5             CPU clock:  0H  0M  6S
