  
  
                                   Welcome to
  
                                   C O D E   V
  
                                PC  Version 11.5
                                   Build 27302701
  
                                   11-Jul-2026
  
                            A proprietary product of
  
                              SYNOPSYS, INC
                              Pasadena, California
  
CODE V> OUT NO
     Radius input/output mode
  
    Lens data created by Zemax version 191028
  
    Zemax command MODE ignored
     WARNING - Vignetting angles not used.
     ERROR - No wavelength  2 in zoom position  1
  
     Surface pointer = OBJ
    Zemax surface type  STANDARD
    CODE V surface type SPH
    Zemax command FIMP ignored.
     WARNING - Hiding of rays not used.
    Zemax command MIRR ignored.
    Zemax command SLAB ignored.
    Zemax command MEMA ignored.
    Zemax command POPS ignored.
  
     Surface pointer = 1
    Zemax surface type  EVENASPH
    CODE V surface type ASP
    Zemax command FIMP ignored.
     WARNING - Hiding of rays not used.
    Zemax command MIRR ignored.
    Zemax command SLAB ignored.
     WARNING - Partial dispersion of model glass not used.
    Zemax command MEMA ignored.
    Zemax command POPS ignored.
  
     Surface pointer = 2
    Zemax surface type  EVENASPH
    CODE V surface type ASP
    Zemax command FIMP ignored.
     WARNING - Hiding of rays not used.
    Zemax command MIRR ignored.
    Zemax command SLAB ignored.
    Zemax command MEMA ignored.
    Zemax command POPS ignored.
  
     Surface pointer = 3
    Zemax surface type  EVENASPH
    CODE V surface type ASP
    Zemax command FIMP ignored.
     WARNING - Hiding of rays not used.
    Zemax command MIRR ignored.
    Zemax command SLAB ignored.
     WARNING - Partial dispersion of model glass not used.
    Zemax command MEMA ignored.
    Zemax command POPS ignored.
  
     Surface pointer = 4
    Zemax surface type  EVENASPH
    CODE V surface type ASP
    Zemax command FIMP ignored.
     WARNING - Hiding of rays not used.
    Zemax command MIRR ignored.
    Zemax command SLAB ignored.
    Zemax command MEMA ignored.
    Zemax command POPS ignored.
  
     Surface pointer = 5
    Zemax surface type  STANDARD
    CODE V surface type SPH
    Zemax command FIMP ignored.
     WARNING - Hiding of rays not used.
    Zemax command MIRR ignored.
    Zemax command SLAB ignored.
    Zemax command MEMA ignored.
    Zemax command POPS ignored.
  
     Surface pointer = 6
    Zemax surface type  EVENASPH
    CODE V surface type ASP
    Zemax command FIMP ignored.
     WARNING - Hiding of rays not used.
    Zemax command MIRR ignored.
    Zemax command SLAB ignored.
     WARNING - Partial dispersion of model glass not used.
    Zemax command MEMA ignored.
    Zemax command POPS ignored.
  
     Surface pointer = 7
    Zemax surface type  EVENASPH
    CODE V surface type ASP
    Zemax command FIMP ignored.
     WARNING - Hiding of rays not used.
    Zemax command MIRR ignored.
    Zemax command SLAB ignored.
    Zemax command MEMA ignored.
    Zemax command POPS ignored.
  
     Surface pointer = 8
    Zemax surface type  EVENASPH
    CODE V surface type ASP
    Zemax command FIMP ignored.
     WARNING - Hiding of rays not used.
    Zemax command MIRR ignored.
    Zemax command SLAB ignored.
     WARNING - Partial dispersion of model glass not used.
    Zemax command MEMA ignored.
    Zemax command POPS ignored.
  
     Surface pointer = 9
    Zemax surface type  EVENASPH
    CODE V surface type ASP
    Zemax command FIMP ignored.
     WARNING - Hiding of rays not used.
    Zemax command MIRR ignored.
    Zemax command SLAB ignored.
    Zemax command MEMA ignored.
    Zemax command POPS ignored.
  
     Surface pointer = 10
    Zemax surface type  STANDARD
    CODE V surface type SPH
    Zemax command FIMP ignored.
     WARNING - Hiding of rays not used.
    Zemax command MIRR ignored.
    Zemax command SLAB ignored.
     WARNING - Partial dispersion of model glass not used.
    Zemax command MEMA ignored.
    Zemax command POPS ignored.
  
     Surface pointer = 11
    Zemax surface type  STANDARD
    CODE V surface type SPH
    Zemax command FIMP ignored.
     WARNING - Hiding of rays not used.
    Zemax command MIRR ignored.
    Zemax command SLAB ignored.
    Zemax command MEMA ignored.
    Zemax command POPS ignored.
  
     Surface pointer = IMG
    Zemax surface type  STANDARD
    CODE V surface type SPH
    Zemax command FIMP ignored.
     WARNING - Hiding of rays not used.
    Zemax command MIRR ignored.
    Zemax command SLAB ignored.
    Zemax command MEMA ignored.
    Zemax command POPS ignored.
    Zemax command ! AT ignored.
    Zemax command ! AT ignored.
    Zemax command ! AT ignored.
    Zemax command ! AT ignored.
  
     WARNING - Please check the converted lens carefully.
               Some information will not be converted.
               Changes in either CODE V or ZEMAX may invalidate
               the converted information.
               Due to differences between CODE V and ZEMAX ray
               aiming and vignetting factors, it is recommended
               that you set vignetting for the converted system.
  
               A concise listing of conversion warnings appears
               in the Tabbed Output Window 'Info' tab and in the
               Command Window.
  
CODE V> DEF VAR SA
 
 
CODE V> FNO 4
 
 
CODE V> AUT
     AUT                                                                              11-Jul-26  14H  3M 38S
                                                 CODE V PC  Version: 11.5             CPU clock:  0H  0M  0S
     WARNING - CODE V places the reference sphere at the exit pupil.  However,
               the aberrations of this lens make the OPD data (and any quantity
               that depends upon OPD data) very sensitive to the exact value of
               the reference sphere radius.  You can use the RSL command to
               reposition the reference sphere if that is appropriate for
               your application.
     ***Defocussing frozen to eliminate redundant variable
AUT>   SUR N
AUT>   CHG SA
AUT>   WFR Y
AUT>   WTF FA 10
AUT>   EFL = 19.6731294141371
AUT>   @atelier_latcolor == @lcum(1)
AUT>   @atelier_latcolor = 0
AUT>   WTC 0.01
AUT>   @atelier_rmsspot == @rmssum(1)
AUT>   @atelier_rmsspot = 0
AUT>   WTC 0.001
AUT>   MNT 0.025
AUT>   MNE 0.025
AUT>   MXT 10
AUT>   MNA 0.001
AUT>   MXC 25
AUT>   MNC 3
AUT>   IMP 0.001
AUT> GO
 -------------------------------------------------------------------------------
  
       USER CONSTRAINT DEFINITIONS
            @atelier_rmsspot == @rmssum(1)
  
            @atelier_latcolor == @lcum(1)
  
  
  
       POTENTIALLY ACTIVE SPECIFIC CONSTRAINTS
         EFL                                  =      19.673129
         @ATELIER_LATCOLOR                    =       0.000000     (WTC =    0.01000)
         @ATELIER_RMSSPOT                     =       0.000000     (WTC =    0.00100)
  
       GENERAL CONSTRAINTS
         MXT      10.000000
         MNT       0.025000
         MNE       0.025000
         MNA       0.001000
         MAE       0.002500
         GLA               NFK5  NSK16  NLAF2  SF4
  
       ERROR FUNCTION CONSTRUCTION
         WFR        Y
         WTW       1
         WTA       0.000000
         DEL       0.220000
         WTX F1   10.000000
         WTX F2   10.000000
         WTY F1   10.000000
         WTY F2   10.000000
  
       CONVERGENCE CONTROLS
         MXC        25
         MNC         3
         TAR       0.000000
         IMP       0.001000
  
       OUTPUT CONTROLS
         SUR NO
         CHG S0..12
  
     Recommendations for most stable convergence:
  
       Use object space aperture specifications:
       - NAO for finite conjugate systems
       - EPD for infinite conjugate systems
  
       VARIABLE LIST
  
         NO      PARAMETERS *
          1      CUY S1       CUY S2
          2      CUY S2       CUY S3
          3      CUY S3       CUY S4
          4      CUY S4
          5      CUY S6       CUY S7
          6      CUY S7
          7      CUY S8       CUY S9
          8      CUY S9
          9      A   S1
         10      A   S2
         11      A   S3
         12      A   S4
         13      A   S6
         14      A   S7
         15      A   S8
         16      A   S9
         17      THI S2
         18      THI S4
         19      THI S5
         20      THI S7
         21      THI S9
         22      THI S11
  
     * Multiple entries on a line are composite variables.
     Composite variables are either program-generated bendings
     or user-requested couplings.
  
      22 VARIABLES
  
      22 CONSTRAINTS CAN BE ACTIVE
  
     RELATIVE TIME PER CYCLE IS   58.4 UNITS
     WARNING - The macro function SPOTDATA is not supported on multiple threads.
               CODE V will set the multiple processor setting (MPP) to 1 to prevent errors.
               Please refer to the CODE V Setup and Operation Reference Manual for a complete list
               of pre-defined macro functions that are currently limited to running on a single thread.
  
 CYCLE NUMBER 0:
  
  ABERR F. =       51.20041444
  CONST F. =      0.163291E+07
  ERR. F.  =      0.163297E+07
  
  OPD    26.78219953    66.49917855
  WAV    27.89347584    67.59036027
  
  
  
  Parameter                 Value            Change
  CUY S1                1.11756817E-01      0.00E+00
  CUY S2               -7.53068755E-02      0.00E+00
  CUY S3               -5.15198351E-02      0.00E+00
  CUY S4                6.86059276E-02      0.00E+00
  CUY S6                1.06734977E-01      0.00E+00
  CUY S7                1.25134520E-02      0.00E+00
  CUY S8               -2.57440016E-02      0.00E+00
  CUY S9                1.05652404E-01      0.00E+00
  A   S1               -7.30400000E-04      0.00E+00
  A   S2               -1.16320000E-03      0.00E+00
  A   S3               -1.60550000E-02      0.00E+00
  A   S4               -1.55430000E-02      0.00E+00
  A   S6                0.00000000E+00      0.00E+00
  A   S7                0.00000000E+00      0.00E+00
  A   S8                0.00000000E+00      0.00E+00
  A   S9                0.00000000E+00      0.00E+00
  THI S2                5.00000000E-02      0.00E+00
  THI S4                2.20000000E-01      0.00E+00
  THI S5                6.09600000E+00      0.00E+00
  THI S7                3.83000000E+00      0.00E+00
  THI S9                4.00000000E+00      0.00E+00
  THI S11               6.76000000E-01      0.00E+00
  
        EFL          REDU         PIM          OAL         EN PUP       EX PUP
     19.682882     0.000000     0.690427    20.780000     3.129062   -10.505106
  
  Specific Constraints:        target        value         diff      active (**)
  EFL                    =   1.96731E+01   1.96829E+01   9.753E-03    **
  
  Weighted Constraints:        target        value        WTC/PTC     contrib
  @ATELIER_LATCOLOR      =   0.00000E+00   0.00000E+00   1.000E-02   0.000E+00
  @ATELIER_RMSSPOT       =   0.00000E+00   1.27786E+03   1.000E-03   1.633E+06
  
  Constraints added:      EFL (=)
  Constraints added:      Mn ET S4 (>)
  
 CYCLE NUMBER 1:
  
  ABERR F. =        5.16820192
  CONST F. =      0.370086E+06
  ERR. F.  =      0.370091E+06       (change =     -0.126287E+07)
  
  OPD     4.14248988     5.49677898
  WAV     4.65428386     6.14850264
  
  
  
  Parameter                 Value            Change
  CUY S1                1.03534354E-01     -8.22E-03
  CUY S2               -7.75477956E-02     -2.24E-03
  CUY S3               -1.23477848E-02      3.92E-02
  CUY S4                1.02073140E-01      3.35E-02
  CUY S6                1.06958226E-01      2.23E-04
  CUY S7                1.81506778E-02      5.64E-03
  CUY S8                1.01571850E-01      1.27E-01
  CUY S9                2.81153385E-01      1.76E-01
  A   S1                7.54632689E-04      1.49E-03
  A   S2               -1.86900665E-03     -7.06E-04
  A   S3               -1.55260542E-02      5.29E-04
  A   S4               -1.53680248E-02      1.75E-04
  A   S6               -8.28062100E-04     -8.28E-04
  A   S7                3.42466026E-04      3.42E-04
  A   S8                5.20078506E-04      5.20E-04
  A   S9               -2.37289081E-05     -2.37E-05
  THI S2                2.33986479E-01      1.84E-01
  THI S4                3.86837020E-02     -1.81E-01
  THI S5                6.66181958E+00      5.66E-01
  THI S7                3.96454854E+00      1.35E-01
  THI S9                3.15560191E+00     -8.44E-01
  THI S11               1.12106442E+00      4.45E-01
  
        EFL          REDU         PIM          OAL         EN PUP       EX PUP
     19.625859     0.000000     0.239898    20.638640     3.138303    -8.595104
  
  Active Constraints -   2:    target        value         diff        cost
  EFL                    =   1.96731E+01   1.96259E+01  -4.727E-02   3.546E-04
  Mn ET S4                                                          -9.012E-07
  
  Weighted Constraints:        target        value        WTC/PTC     contrib
  @ATELIER_LATCOLOR      =   0.00000E+00   0.00000E+00   1.000E-02   0.000E+00
  @ATELIER_RMSSPOT       =   0.00000E+00   6.08347E+02   1.000E-03   3.701E+05
  
  Constraints released:   Mn ET S4 (>)
  
 CYCLE NUMBER 2:
  
  ABERR F. =        1.60513324
  CONST F. =     5230.97122119
  ERR. F.  =     5232.57635443       (change =  -364858.79644136)
  
  OPD     1.42562563     1.71649368
  WAV     1.48223931     1.76918583
  
  
  
  Parameter                 Value            Change
  CUY S1                1.05682498E-01      2.15E-03
  CUY S2               -7.86729215E-02     -1.13E-03
  CUY S3               -3.00322014E-02     -1.77E-02
  CUY S4                1.13752086E-01      1.17E-02
  CUY S6                1.48215860E-01      4.13E-02
  CUY S7                5.74931756E-02      3.93E-02
  CUY S8                9.72308954E-02     -4.34E-03
  CUY S9                2.73325419E-01     -7.83E-03
  A   S1                7.34093678E-04     -2.05E-05
  A   S2               -1.83390057E-03      3.51E-05
  A   S3               -1.55698564E-02     -4.38E-05
  A   S4               -1.52981778E-02      6.98E-05
  A   S6               -9.71282793E-04     -1.43E-04
  A   S7                5.03439552E-04      1.61E-04
  A   S8                2.18212201E-03      1.66E-03
  A   S9               -9.99342473E-04     -9.76E-04
  THI S2                2.34523851E-01      5.37E-04
  THI S4                4.54782822E-01      4.16E-01
  THI S5                6.60728327E+00     -5.45E-02
  THI S7                6.11988299E+00      2.16E+00
  THI S9                2.54014188E+00     -6.15E-01
  THI S11               5.05411485E-01     -6.16E-01
  
        EFL          REDU         PIM          OAL         EN PUP       EX PUP
     19.651799     0.000000     0.112394    22.540615     3.758825    -8.222271
  
  Active Constraints -   1:    target        value         diff        cost
  EFL                    =   1.96731E+01   1.96518E+01  -2.133E-02   3.513E-05
  
  Weighted Constraints:        target        value        WTC/PTC     contrib
  @ATELIER_LATCOLOR      =   0.00000E+00   0.00000E+00   1.000E-02   0.000E+00
  @ATELIER_RMSSPOT       =   0.00000E+00   7.23255E+01   1.000E-03   5.231E+03
 RAY ERROR: REFL  9
 RAY ERROR: REFL  9
 RAY ERROR: REFL  9
  
 CYCLE NUMBER 3:
  
  ABERR F. =        1.57266970
  CONST F. =     5105.93805275
  ERR. F.  =     5107.51072244       (change =     -125.06563199)
  
  OPD     1.38501534     1.69166208
  WAV     1.43841690     1.74474314
  
  
  
  Parameter                 Value            Change
  CUY S1                1.05300750E-01     -3.82E-04
  CUY S2               -7.90098578E-02     -3.37E-04
  CUY S3               -2.99557671E-02      7.64E-05
  CUY S4                1.13780666E-01      2.86E-05
  CUY S6                1.48247801E-01      3.19E-05
  CUY S7                5.75145796E-02      2.14E-05
  CUY S8                9.73911919E-02      1.60E-04
  CUY S9                2.73332428E-01      7.01E-06
  A   S1                7.34314781E-04      2.21E-07
  A   S2               -1.83417844E-03     -2.78E-07
  A   S3               -1.55695837E-02      2.73E-07
  A   S4               -1.52985513E-02     -3.74E-07
  A   S6               -9.69304544E-04      1.98E-06
  A   S7                4.99456806E-04     -3.98E-06
  A   S8                2.17006382E-03     -1.21E-05
  A   S9               -1.00974191E-03     -1.04E-05
  THI S2                2.34737007E-01      2.13E-04
  THI S4                4.59972448E-01      5.19E-03
  THI S5                6.61009741E+00      2.81E-03
  THI S7                6.12049817E+00      6.15E-04
  THI S9                2.54110270E+00      9.61E-04
  THI S11               5.06372303E-01      9.61E-04
  
        EFL          REDU         PIM          OAL         EN PUP       EX PUP
     19.654391     0.000000     0.116246    22.550408     3.764832    -8.227468
  
  Active Constraints -   1:    target        value         diff        cost
  EFL                    =   1.96731E+01   1.96544E+01  -1.874E-02   8.602E-02
  
  Weighted Constraints:        target        value        WTC/PTC     contrib
  @ATELIER_LATCOLOR      =   0.00000E+00   0.00000E+00   1.000E-02   0.000E+00
  @ATELIER_RMSSPOT       =   0.00000E+00   7.14558E+01   1.000E-03   5.106E+03
  
  Constraints added:      Mn ET S4 (>)
  
 CYCLE NUMBER 4:
  
  ABERR F. =        0.36080986
  CONST F. =     1583.20890267
  ERR. F.  =     1583.56971253       (change =    -3523.94100991)
  
  OPD     0.17555237     0.45602633
  WAV     0.20875526     0.48823931
  
  
  
  Parameter                 Value            Change
  CUY S1                1.06663962E-01      1.36E-03
  CUY S2               -7.57881411E-02      3.22E-03
  CUY S3               -4.99582013E-02     -2.00E-02
  CUY S4                9.15683179E-02     -2.22E-02
  CUY S6                1.49334024E-01      1.09E-03
  CUY S7                5.81825138E-02      6.68E-04
  CUY S8                1.09697465E-01      1.23E-02
  CUY S9                2.91357838E-01      1.80E-02
  A   S1                8.20090262E-04      8.58E-05
  A   S2               -1.86416738E-03     -3.00E-05
  A   S3               -1.55820198E-02     -1.24E-05
  A   S4               -1.51338296E-02      1.65E-04
  A   S6               -1.04730940E-03     -7.80E-05
  A   S7                5.67412065E-04      6.80E-05
  A   S8                1.08352260E-03     -1.09E-03
  A   S9               -3.48949900E-03     -2.48E-03
  THI S2                3.48578908E-01      1.14E-01
  THI S4                3.42686641E-02     -4.26E-01
  THI S5                6.49286256E+00     -1.17E-01
  THI S7                6.10297900E+00     -1.75E-02
  THI S9                2.53433585E+00     -6.77E-03
  THI S11               4.99605295E-01     -6.77E-03
  
        EFL          REDU         PIM          OAL         EN PUP       EX PUP
     19.578735     0.000000     0.166230    22.097025     3.298077    -8.072786
  
  Active Constraints -   2:    target        value         diff        cost
  EFL                    =   1.96731E+01   1.95787E+01  -9.439E-02   2.301E-05
  Mn ET S4                                                          -2.967E-09
  
  Weighted Constraints:        target        value        WTC/PTC     contrib
  @ATELIER_LATCOLOR      =   0.00000E+00   0.00000E+00   1.000E-02   0.000E+00
  @ATELIER_RMSSPOT       =   0.00000E+00   3.97896E+01   1.000E-03   1.583E+03
  
  Constraints released:   Mn ET S4 (>)
  Constraints released:   Mn ET S4 (>)
  
 CYCLE NUMBER 5:
  
  ABERR F. =        0.39041427
  CONST F. =     1633.19143453
  ERR. F.  =     1633.58184880       (change =       50.01213627)
  
  OPD     0.17113534     0.50737964
  WAV     0.19266241     0.53465224
  
  
  
  Parameter                 Value            Change
  CUY S1                1.06661630E-01     -2.33E-06
  CUY S2               -7.58101345E-02     -2.20E-05
  CUY S3               -4.99787098E-02     -2.05E-05
  CUY S4                9.15769488E-02      8.63E-06
  CUY S6                1.48644630E-01     -6.89E-04
  CUY S7                5.74976442E-02     -6.85E-04
  CUY S8                1.08199260E-01     -1.50E-03
  CUY S9                2.89908373E-01     -1.45E-03
  A   S1                8.20091661E-04      1.40E-09
  A   S2               -1.86416353E-03      3.85E-09
  A   S3               -1.55820196E-02      1.89E-10
  A   S4               -1.51338299E-02     -3.27E-10
  A   S6               -1.04730654E-03      2.86E-09
  A   S7                5.67406127E-04     -5.94E-09
  A   S8                1.08352557E-03      2.97E-09
  A   S9               -3.48947102E-03      2.80E-08
  THI S2                3.48503684E-01     -7.52E-05
  THI S4                3.47104687E-02      4.42E-04
  THI S5                6.49338101E+00      5.18E-04
  THI S7                6.10228644E+00     -6.93E-04
  THI S9                2.53434165E+00      5.80E-06
  THI S11               4.99611099E-01      5.80E-06
  
        EFL          REDU         PIM          OAL         EN PUP       EX PUP
     19.673129     0.000000     0.199761    22.097223     3.298611    -8.072061
  
  Active Constraints -   1:    target        value         diff        cost
  EFL                    =   1.96731E+01   1.96731E+01  -9.050E-07   3.504E+02
  
  Weighted Constraints:        target        value        WTC/PTC     contrib
  @ATELIER_LATCOLOR      =   0.00000E+00   0.00000E+00   1.000E-02   0.000E+00
  @ATELIER_RMSSPOT       =   0.00000E+00   4.04128E+01   1.000E-03   1.633E+03
  
  Constraints added:      Mn ET S4 (>)
  
 CYCLE NUMBER 6:
  
  ABERR F. =        0.40568455
  CONST F. =     1487.83650782
  ERR. F.  =     1488.24219237       (change =     -145.33965643)
  
  OPD     0.28740222     0.46321329
  WAV     0.33130865     0.50138589
  
  
  
  Parameter                 Value            Change
  CUY S1                1.06535646E-01     -1.26E-04
  CUY S2               -7.58982322E-02     -8.81E-05
  CUY S3               -4.98947747E-02      8.39E-05
  CUY S4                9.16147037E-02      3.78E-05
  CUY S6                1.48663902E-01      1.93E-05
  CUY S7                5.75085718E-02      1.09E-05
  CUY S8                1.08468332E-01      2.69E-04
  CUY S9                2.90105749E-01      1.97E-04
  A   S1                8.25212528E-04      5.12E-06
  A   S2               -1.86466887E-03     -5.05E-07
  A   S3               -1.55808641E-02      1.16E-06
  A   S4               -1.51356913E-02     -1.86E-06
  A   S6               -1.05848694E-03     -1.12E-05
  A   S7                5.72475647E-04      5.07E-06
  A   S8                1.13469887E-03      5.12E-05
  A   S9               -3.52576002E-03     -3.63E-05
  THI S2                3.48724856E-01      2.21E-04
  THI S4                3.36511192E-02     -1.06E-03
  THI S5                6.60919062E+00      1.16E-01
  THI S7                6.10328283E+00      9.96E-04
  THI S9                2.54711218E+00      1.28E-02
  THI S11               5.12381630E-01      1.28E-02
  
        EFL          REDU         PIM          OAL         EN PUP       EX PUP
     19.673129     0.000000     0.166545    22.225962     3.296808    -8.116886
  
  Active Constraints -   2:    target        value         diff        cost
  EFL                    =   1.96731E+01   1.96731E+01   4.576E-08   4.089E-01
  Mn ET S4                                                          -3.827E-04
  
  Weighted Constraints:        target        value        WTC/PTC     contrib
  @ATELIER_LATCOLOR      =   0.00000E+00   0.00000E+00   1.000E-02   0.000E+00
  @ATELIER_RMSSPOT       =   0.00000E+00   3.85725E+01   1.000E-03   1.488E+03
  
 CYCLE NUMBER 7:
  
  ABERR F. =        0.43359569
  CONST F. =     1484.36230999
  ERR. F.  =     1484.79590568       (change =       -3.44628670)
  
  OPD     0.36921769     0.44864747
  WAV     0.41675463     0.49064264
  
  
  
  Parameter                 Value            Change
  CUY S1                1.06552925E-01      1.73E-05
  CUY S2               -7.58542746E-02      4.40E-05
  CUY S3               -4.98421992E-02      5.26E-05
  CUY S4                9.16377368E-02      2.30E-05
  CUY S6                1.48675471E-01      1.16E-05
  CUY S7                5.75170482E-02      8.48E-06
  CUY S8                1.07593911E-01     -8.74E-04
  CUY S9                2.89200809E-01     -9.05E-04
  A   S1                8.23795169E-04     -1.42E-06
  A   S2               -1.86574359E-03     -1.07E-06
  A   S3               -1.55798506E-02      1.01E-06
  A   S4               -1.51368979E-02     -1.21E-06
  A   S6               -1.05809994E-03      3.87E-07
  A   S7                5.71597345E-04     -8.78E-07
  A   S8                1.12734570E-03     -7.35E-06
  A   S9               -3.45236947E-03      7.34E-05
  THI S2                3.48901845E-01      1.77E-04
  THI S4                3.36875781E-02      3.65E-05
  THI S5                6.60490107E+00     -4.29E-03
  THI S7                6.10355545E+00      2.73E-04
  THI S9                2.55781020E+00      1.07E-02
  THI S11               5.23079660E-01      1.07E-02
  
        EFL          REDU         PIM          OAL         EN PUP       EX PUP
     19.673115     0.000000     0.154594    22.232856     3.297225    -8.126871
  
  Active Constraints -   2:    target        value         diff        cost
  EFL                    =   1.96731E+01   1.96731E+01  -1.451E-05   2.164E-01
  Mn ET S4                                                          -5.549E-04
  
  Weighted Constraints:        target        value        WTC/PTC     contrib
  @ATELIER_LATCOLOR      =   0.00000E+00   0.00000E+00   1.000E-02   0.000E+00
  @ATELIER_RMSSPOT       =   0.00000E+00   3.85274E+01   1.000E-03   1.484E+03
  
 CYCLE NUMBER 8:
  
  ABERR F. =        0.42376504
  CONST F. =     1456.17750713
  ERR. F.  =     1456.60127218       (change =      -28.19463350)
  
  OPD     0.34687847     0.45035190
  WAV     0.39395397     0.48986326
  
  
  
  Parameter                 Value            Change
  CUY S1                1.06596263E-01      4.33E-05
  CUY S2               -7.55362142E-02      3.18E-04
  CUY S3               -4.95990607E-02      2.43E-04
  CUY S4                9.16488396E-02      1.11E-05
  CUY S6                1.48571746E-01     -1.04E-04
  CUY S7                5.73465727E-02     -1.70E-04
  CUY S8                1.07699445E-01      1.06E-04
  CUY S9                2.89002275E-01     -1.99E-04
  A   S1                8.26336150E-04      2.54E-06
  A   S2               -1.86543224E-03      3.11E-07
  A   S3               -1.55802117E-02     -3.61E-07
  A   S4               -1.51364099E-02      4.88E-07
  A   S6               -1.05931615E-03     -1.22E-06
  A   S7                5.72882765E-04      1.29E-06
  A   S8                1.12038157E-03     -6.96E-06
  A   S9               -3.45680186E-03     -4.43E-06
  THI S2                3.48800416E-01     -1.01E-04
  THI S4                3.37250429E-02      3.75E-05
  THI S5                6.61199798E+00      7.10E-03
  THI S7                6.09846209E+00     -5.09E-03
  THI S9                2.55652823E+00     -1.28E-03
  THI S11               5.21797691E-01     -1.28E-03
  
        EFL          REDU         PIM          OAL         EN PUP       EX PUP
     19.673129     0.000000     0.161872    22.233514     3.297168    -8.134014
  
  Active Constraints -   2:    target        value         diff        cost
  EFL                    =   1.96731E+01   1.96731E+01  -3.820E-08   1.847E-03
  Mn ET S4                                                          -1.987E-04
  
  Weighted Constraints:        target        value        WTC/PTC     contrib
  @ATELIER_LATCOLOR      =   0.00000E+00   0.00000E+00   1.000E-02   0.000E+00
  @ATELIER_RMSSPOT       =   0.00000E+00   3.81599E+01   1.000E-03   1.456E+03
  
 CYCLE NUMBER 9:
  
  ABERR F. =        0.43097473
  CONST F. =     1451.29858151
  ERR. F.  =     1451.72955623       (change =       -4.87171595)
  
  OPD     0.36940974     0.44427116
  WAV     0.41746432     0.48460292
  
  
  
  Parameter                 Value            Change
  CUY S1                1.06645350E-01      4.91E-05
  CUY S2               -7.54261164E-02      1.10E-04
  CUY S3               -4.95285786E-02      7.05E-05
  CUY S4                9.16513868E-02      2.55E-06
  CUY S6                1.48576798E-01      5.05E-06
  CUY S7                5.73714242E-02      2.49E-05
  CUY S8                1.07518493E-01     -1.81E-04
  CUY S9                2.88789605E-01     -2.13E-04
  A   S1                8.26240562E-04     -9.56E-08
  A   S2               -1.86577004E-03     -3.38E-07
  A   S3               -1.55799498E-02      2.62E-07
  A   S4               -1.51367375E-02     -3.28E-07
  A   S6               -1.05914091E-03      1.75E-07
  A   S7                5.72587177E-04     -2.96E-07
  A   S8                1.12252023E-03      2.14E-06
  A   S9               -3.44477209E-03      1.20E-05
  THI S2                3.48862457E-01      6.20E-05
  THI S4                3.37324037E-02      7.36E-06
  THI S5                6.60982803E+00     -2.17E-03
  THI S7                6.09737134E+00     -1.09E-03
  THI S9                2.55929050E+00      2.76E-03
  THI S11               5.24559961E-01      2.76E-03
  
        EFL          REDU         PIM          OAL         EN PUP       EX PUP
     19.673129     0.000000     0.158901    22.233085     3.297485    -8.136527
  
  Active Constraints -   2:    target        value         diff        cost
  EFL                    =   1.96731E+01   1.96731E+01   2.379E-09   8.712E-03
  Mn ET S4                                                          -1.080E-03
  
  Weighted Constraints:        target        value        WTC/PTC     contrib
  @ATELIER_LATCOLOR      =   0.00000E+00   0.00000E+00   1.000E-02   0.000E+00
  @ATELIER_RMSSPOT       =   0.00000E+00   3.80959E+01   1.000E-03   1.451E+03
  
 CYCLE NUMBER 10:
  
  ABERR F. =        0.42941260
  CONST F. =     1451.19552412
  ERR. F.  =     1451.62493672       (change =       -0.10461951)
  
  OPD     0.36598093     0.44454411
  WAV     0.41375144     0.48459154
  
  
  
  Parameter                 Value            Change
  CUY S1                1.06643505E-01     -1.84E-06
  CUY S2               -7.54273965E-02     -1.28E-06
  CUY S3               -4.95327502E-02     -4.17E-06
  CUY S4                9.16489941E-02     -2.39E-06
  CUY S6                1.48582224E-01      5.43E-06
  CUY S7                5.73749182E-02      3.49E-06
  CUY S8                1.07526505E-01      8.01E-06
  CUY S9                2.88797247E-01      7.64E-06
  A   S1                8.26131924E-04     -1.09E-07
  A   S2               -1.86573579E-03      3.43E-08
  A   S3               -1.55799898E-02     -4.00E-08
  A   S4               -1.51366896E-02      4.79E-08
  A   S6               -1.05935902E-03     -2.18E-07
  A   S7                5.72794740E-04      2.08E-07
  A   S8                1.12228910E-03     -2.31E-07
  A   S9               -3.44755651E-03     -2.78E-06
  THI S2                3.48848246E-01     -1.42E-05
  THI S4                3.37261828E-02     -6.22E-06
  THI S5                6.61070287E+00      8.75E-04
  THI S7                6.09744970E+00      7.84E-05
  THI S9                2.55917350E+00     -1.17E-04
  THI S11               5.24442960E-01     -1.17E-04
  
        EFL          REDU         PIM          OAL         EN PUP       EX PUP
     19.673129     0.000000     0.158965    22.233900     3.297441    -8.136670
  
  Active Constraints -   2:    target        value         diff        cost
  EFL                    =   1.96731E+01   1.96731E+01  -6.951E-10   2.043E-02
  Mn ET S4                                                          -5.570E-04
  
  Weighted Constraints:        target        value        WTC/PTC     contrib
  @ATELIER_LATCOLOR      =   0.00000E+00   0.00000E+00   1.000E-02   0.000E+00
  @ATELIER_RMSSPOT       =   0.00000E+00   3.80946E+01   1.000E-03   1.451E+03
  
     Normal AUTO Completion - System improvement less than IMP
AUT> GO
 
 
CODE V> BUF PUT B1 I^row J1 "schema"
      Created new worksheet B1.
CODE V> BUF PUT B1 I^row J2 "atelier-codev-target-v1"
CODE V> BUF PUT B1 I^row J1 "status"
CODE V> BUF PUT B1 I^row J2 "ok"
CODE V> BUF PUT B1 I^row J1 "mode"
CODE V> BUF PUT B1 I^row J2 "target"
CODE V> BUF PUT B1 I^row J1 "stage"
CODE V> BUF PUT B1 I^row J2 "A"
CODE V> BUF PUT B1 I^row J1 "source_zmx"
CODE V> BUF PUT B1 I^row J2 "US-11940597-B2-e6.zmx"
CODE V> BUF PUT B1 I^row J1 "num_fields"
CODE V> BUF PUT B1 I^row J2 ^numf_out
CODE V> BUF PUT B1 I^row J1 "vignetting_edge"
CODE V> BUF PUT B1 I^row J2 0
CODE V> BUF PUT B1 I^row J1 "target.efl_mm"
CODE V> BUF PUT B1 I^row J2 ^target_efl
CODE V> BUF PUT B1 I^row J1 "target.f_number"
CODE V> BUF PUT B1 I^row J2 4
CODE V> BUF PUT B1 I^row J1 "seed_baseline.efl_y_mm"
CODE V> BUF PUT B1 I^row J2 ^seed_baseline_efl_y_mm
CODE V> BUF PUT B1 I^row J1 "seed_baseline.max_lateral_color_um"
CODE V> BUF PUT B1 I^row J2 ^seed_baseline_max_lateral_color_um
CODE V> BUF PUT B1 I^row J1 "seed_baseline.max_rms_spot_diameter_um"
CODE V> BUF PUT B1 I^row J2 ^seed_baseline_max_rms_spot_diameter_um
CODE V> BUF PUT B1 I^row J1 "seed_baseline.max_rms_wavefront_error_waves"
CODE V> BUF PUT B1 I^row J2 ^seed_baseline_max_rms_wavefront_error_waves
CODE V> BUF PUT B1 I^row J1 "seed_baseline.max_distortion_pct"
CODE V> BUF PUT B1 I^row J2 ^seed_baseline_max_distortion_pct
CODE V> BUF PUT B1 I^row J1 "seed_baseline.fno"
CODE V> BUF PUT B1 I^row J2 ^seed_baseline_fno
CODE V> BUF PUT B1 I^row J1 "seed_baseline.epd_mm"
CODE V> BUF PUT B1 I^row J2 ^seed_baseline_epd
CODE V> BUF PUT B1 I^row J1 "seed_baseline.maximh_mm"
CODE V> BUF PUT B1 I^row J2 ^seed_baseline_maximh
CODE V> BUF PUT B1 I^row J1 "config_pre_aut.efl_y_mm"
CODE V> BUF PUT B1 I^row J2 ^config_pre_aut_efl_y_mm
CODE V> BUF PUT B1 I^row J1 "config_pre_aut.max_lateral_color_um"
CODE V> BUF PUT B1 I^row J2 ^config_pre_aut_max_lateral_color_um
CODE V> BUF PUT B1 I^row J1 "config_pre_aut.max_rms_spot_diameter_um"
CODE V> BUF PUT B1 I^row J2 ^config_pre_aut_max_rms_spot_diameter_um
CODE V> BUF PUT B1 I^row J1 "config_pre_aut.max_rms_wavefront_error_waves"
CODE V> BUF PUT B1 I^row J2 ^config_pre_aut_max_rms_wavefront_error_waves
CODE V> BUF PUT B1 I^row J1 "config_pre_aut.max_distortion_pct"
CODE V> BUF PUT B1 I^row J2 ^config_pre_aut_max_distortion_pct
CODE V> BUF PUT B1 I^row J1 "config_pre_aut.fno"
CODE V> BUF PUT B1 I^row J2 ^config_pre_aut_fno
CODE V> BUF PUT B1 I^row J1 "config_pre_aut.epd_mm"
CODE V> BUF PUT B1 I^row J2 ^config_pre_aut_epd
CODE V> BUF PUT B1 I^row J1 "config_pre_aut.maximh_mm"
CODE V> BUF PUT B1 I^row J2 ^config_pre_aut_maximh
CODE V> BUF PUT B1 I^row J1 "post_aut.efl_y_mm"
CODE V> BUF PUT B1 I^row J2 ^post_aut_efl_y_mm
CODE V> BUF PUT B1 I^row J1 "post_aut.max_lateral_color_um"
CODE V> BUF PUT B1 I^row J2 ^post_aut_max_lateral_color_um
CODE V> BUF PUT B1 I^row J1 "post_aut.max_rms_spot_diameter_um"
CODE V> BUF PUT B1 I^row J2 ^post_aut_max_rms_spot_diameter_um
CODE V> BUF PUT B1 I^row J1 "post_aut.max_rms_wavefront_error_waves"
CODE V> BUF PUT B1 I^row J2 ^post_aut_max_rms_wavefront_error_waves
CODE V> BUF PUT B1 I^row J1 "post_aut.max_distortion_pct"
CODE V> BUF PUT B1 I^row J2 ^post_aut_max_distortion_pct
CODE V> BUF PUT B1 I^row J1 "post_aut.fno"
CODE V> BUF PUT B1 I^row J2 ^post_aut_fno
CODE V> BUF PUT B1 I^row J1 "post_aut.epd_mm"
CODE V> BUF PUT B1 I^row J2 ^post_aut_epd
CODE V> BUF PUT B1 I^row J1 "post_aut.maximh_mm"
CODE V> BUF PUT B1 I^row J2 ^post_aut_maximh
CODE V> BUF PUT B1 I^row J1 "efl_target_deviation_pct"
CODE V> BUF PUT B1 I^row J2 ^efl_target_dev_pct
CODE V> BUF PUT B1 I^row J1 "aut_converged"
CODE V> BUF PUT B1 I^row J2 ^aut_converged
CODE V> BUF EXP B1 "D:\atelier-wt-c\.planning\loop\p15-stageb-evidence\fno-matrix-2026-07-11\US-11940597-B2-e6_loosen\rung3_fno0400\atelier_codev_target_A_vig0000.tsv"
     Buffer B1 exported to file atelier_codev_target_A_vig0000.tsv
CODE V> BUF DEL B1
CODE V> OUT YES
CODE V> EXI YES
     EXI                                                                              11-Jul-26  14H  3M 41S
                                                 CODE V PC  Version: 11.5             CPU clock:  0H  0M  3S
