  
  
                                   Welcome to
  
                                   C O D E   V
  
                                PC  Version 11.5
                                   Build 27302701
  
                                   11-Jul-2026
  
                            A proprietary product of
  
                              SYNOPSYS, INC
                              Pasadena, California
  
CODE V> OUT NO
     Radius input/output mode
  
    Lens data created by Zemax version 200706
  
    Zemax command MODE ignored
    ZEMAX NOTE 0 table5
    Zemax command PFIL ignored
    Zemax command LANG ignored
     WARNING - Glass catalog list not used.
     WARNING - Ray aiming not used.
     WARNING - Pupil shift for ray aiming not used.
    Zemax command SDMA ignored
    Zemax command OMMA ignored
    Zemax command HYPR ignored
     WARNING - Vignetting angles not used.
    Zemax command POLS ignored
    Zemax command GLRS ignored
    Zemax command GSTD ignored
    Zemax command NSCD ignored
    Zemax command COFN ignored
    Zemax command COFN ignored
  
     Surface pointer = OBJ
    Zemax surface type  STANDARD
    CODE V surface type SPH
    Zemax command FIMP ignored.
     WARNING - Hiding of rays not used.
    Zemax command MIRR ignored.
    Zemax command SLAB ignored.
    Zemax command MEMA ignored.
    Zemax command POPS ignored.
  
     Surface pointer = 1
    Zemax surface type  STANDARD
    CODE V surface type SPH
    Zemax command FIMP ignored.
     WARNING - Hiding of rays not used.
    Zemax command MIRR ignored.
    Zemax command SLAB ignored.
    Zemax command MEMA ignored.
    Zemax command POPS ignored.
  
     Surface pointer = 2
    Zemax surface type  EVENASPH
    CODE V surface type ASP
    Zemax command FIMP ignored.
     WARNING - Hiding of rays not used.
    Zemax command MIRR ignored.
    Zemax command SLAB ignored.
     WARNING - Partial dispersion of model glass not used.
    Zemax command MEMA ignored.
    Zemax command POPS ignored.
  
     Surface pointer = 3
    Zemax surface type  EVENASPH
    CODE V surface type ASP
    Zemax command FIMP ignored.
     WARNING - Hiding of rays not used.
    Zemax command MIRR ignored.
    Zemax command SLAB ignored.
    Zemax command MEMA ignored.
    Zemax command POPS ignored.
  
     Surface pointer = 4
    Zemax surface type  EVENASPH
    CODE V surface type ASP
    Zemax command FIMP ignored.
     WARNING - Hiding of rays not used.
    Zemax command MIRR ignored.
    Zemax command SLAB ignored.
     WARNING - Partial dispersion of model glass not used.
    Zemax command MEMA ignored.
    Zemax command POPS ignored.
  
     Surface pointer = 5
    Zemax surface type  EVENASPH
    CODE V surface type ASP
    Zemax command FIMP ignored.
     WARNING - Hiding of rays not used.
    Zemax command MIRR ignored.
    Zemax command SLAB ignored.
    Zemax command MEMA ignored.
    Zemax command POPS ignored.
  
     Surface pointer = 6
    Zemax surface type  EVENASPH
    CODE V surface type ASP
    Zemax command FIMP ignored.
     WARNING - Hiding of rays not used.
    Zemax command MIRR ignored.
    Zemax command SLAB ignored.
     WARNING - Partial dispersion of model glass not used.
    Zemax command MEMA ignored.
    Zemax command POPS ignored.
  
     Surface pointer = 7
    Zemax surface type  EVENASPH
    CODE V surface type ASP
    Zemax command FIMP ignored.
     WARNING - Hiding of rays not used.
    Zemax command MIRR ignored.
    Zemax command SLAB ignored.
    Zemax command MEMA ignored.
    Zemax command POPS ignored.
  
     Surface pointer = 8
    Zemax surface type  EVENASPH
    CODE V surface type ASP
    Zemax command FIMP ignored.
     WARNING - Hiding of rays not used.
    Zemax command MIRR ignored.
    Zemax command SLAB ignored.
     WARNING - Partial dispersion of model glass not used.
    Zemax command MEMA ignored.
    Zemax command POPS ignored.
  
     Surface pointer = 9
    Zemax surface type  EVENASPH
    CODE V surface type ASP
    Zemax command FIMP ignored.
     WARNING - Hiding of rays not used.
    Zemax command MIRR ignored.
    Zemax command SLAB ignored.
    Zemax command MEMA ignored.
    Zemax command POPS ignored.
  
     Surface pointer = 10
    Zemax surface type  EVENASPH
    CODE V surface type ASP
    Zemax command FIMP ignored.
     WARNING - Hiding of rays not used.
    Zemax command MIRR ignored.
    Zemax command SLAB ignored.
     WARNING - Partial dispersion of model glass not used.
    Zemax command MEMA ignored.
    Zemax command POPS ignored.
  
     Surface pointer = 11
    Zemax surface type  EVENASPH
    CODE V surface type ASP
    Zemax command FIMP ignored.
     WARNING - Hiding of rays not used.
    Zemax command MIRR ignored.
    Zemax command SLAB ignored.
    Zemax command MEMA ignored.
    Zemax command POPS ignored.
  
     Surface pointer = 12
    Zemax surface type  EVENASPH
    CODE V surface type ASP
    Zemax command FIMP ignored.
     WARNING - Hiding of rays not used.
    Zemax command MIRR ignored.
    Zemax command SLAB ignored.
     WARNING - Partial dispersion of model glass not used.
    Zemax command MEMA ignored.
    Zemax command POPS ignored.
  
     Surface pointer = 13
    Zemax surface type  EVENASPH
    CODE V surface type ASP
    Zemax command FIMP ignored.
     WARNING - Hiding of rays not used.
    Zemax command MIRR ignored.
    Zemax command SLAB ignored.
    Zemax command MEMA ignored.
    Zemax command POPS ignored.
  
     Surface pointer = 14
    Zemax surface type  STANDARD
    CODE V surface type SPH
    Zemax command FIMP ignored.
     WARNING - Hiding of rays not used.
    Zemax command MIRR ignored.
    Zemax command SLAB ignored.
     WARNING - Partial dispersion of model glass not used.
    Zemax command MEMA ignored.
    Zemax command POPS ignored.
  
     Surface pointer = 15
    Zemax surface type  STANDARD
    CODE V surface type SPH
    Zemax command FIMP ignored.
     WARNING - Hiding of rays not used.
    Zemax command MIRR ignored.
    Zemax command SLAB ignored.
    Zemax command MEMA ignored.
    Zemax command POPS ignored.
  
     Surface pointer = IMG
    Zemax surface type  STANDARD
    CODE V surface type SPH
    Zemax command FIMP ignored.
     WARNING - Hiding of rays not used.
    Zemax command MIRR ignored.
    Zemax command SLAB ignored.
    Zemax command MEMA ignored.
    Zemax command POPS ignored.
  
     WARNING - Please check the converted lens carefully.
               Some information will not be converted.
               Changes in either CODE V or ZEMAX may invalidate
               the converted information.
               Due to differences between CODE V and ZEMAX ray
               aiming and vignetting factors, it is recommended
               that you set vignetting for the converted system.
  
               A concise listing of conversion warnings appears
               in the Tabbed Output Window 'Info' tab and in the
               Command Window.
  
CODE V> DEF VAR SA
     ERROR - Total reflection at surface   9 for zoom position  1
     ERROR - One or more of the reference rays from field  2 is deviated far from
             most of the other rays from this field point.  The reference rays are
             used to determine the numerical aperture and the grid spacing.  Thus, it
             is important that these rays are focused at approximately the same spot
             as the other rays from this field point.  Modifying the vignetting
             may solve this problem and allow the computation to proceed.
CODE V> VUY 0 0.4 0.4
CODE V> VLY 0 0.4 0.4
CODE V> VUX 0 0.4 0.4
CODE V> VLX 0 0.4 0.4
 
 
CODE V> AUT
     AUT                                                                              11-Jul-26  14H 13M 37S
                                                 CODE V PC  Version: 11.5             CPU clock:  0H  0M  0S
     ***Defocussing frozen to eliminate redundant variable
AUT>   SUR N
AUT>   CHG SA
AUT>   WFR Y
AUT>   WTF FA 10
AUT>   EFL = 4.18514570787019
AUT>   @atelier_latcolor == @lcum(1)
AUT>   @atelier_latcolor = 0
AUT>   WTC 0.01
AUT>   @atelier_rmsspot == @rmssum(1)
AUT>   @atelier_rmsspot = 0
AUT>   WTC 0.001
AUT>   MNT 0.025
AUT>   MNE 0.025
AUT>   MXT 10
AUT>   MNA 0.001
AUT>   MXC 25
AUT>   MNC 3
AUT>   IMP 0.001
AUT> GO
 -------------------------------------------------------------------------------
  
       USER CONSTRAINT DEFINITIONS
            @atelier_rmsspot == @rmssum(1)
  
            @atelier_latcolor == @lcum(1)
  
  
  
       POTENTIALLY ACTIVE SPECIFIC CONSTRAINTS
         EFL                                  =       4.185146
         @ATELIER_LATCOLOR                    =       0.000000     (WTC =    0.01000)
         @ATELIER_RMSSPOT                     =       0.000000     (WTC =    0.00100)
  
       GENERAL CONSTRAINTS
         MXT      10.000000
         MNT       0.025000
         MNE       0.025000
         MNA       0.001000
         MAE       0.002500
         GLA               NFK5  NSK16  NLAF2  SF4
  
       ERROR FUNCTION CONSTRUCTION
         WFR        Y
         WTW       1          1          1
         WTA       0.000000
         DEL       0.220000
         WTX F1   10.000000
         WTX F2   10.000000
         WTX F3   10.000000
         WTY F1   10.000000
         WTY F2   10.000000
         WTY F3   10.000000
  
       CONVERGENCE CONTROLS
         MXC        25
         MNC         3
         TAR       0.000000
         IMP       0.001000
  
       OUTPUT CONTROLS
         SUR NO
         CHG S0..16
  
     Recommendations for most stable convergence:
  
       Use object space aperture specifications:
       - NAO for finite conjugate systems
       - EPD for infinite conjugate systems
  
       VARIABLE LIST
  
         NO      PARAMETERS *
          1      CUY S2       CUY S3       CUY S4       CUY S5
          2      CUY S3       CUY S4
          3      CUY S4       CUY S5
          4      CUY S5       CUY S6
          5      CUY S6       CUY S7       CUY S8       CUY S9
          6      CUY S7       CUY S8
          7      CUY S8       CUY S9
          8      CUY S9       CUY S10
          9      CUY S10       CUY S11
         10      CUY S11       CUY S12
         11      CUY S12       CUY S13
         12      CUY S13
         13      A   S2
         14      A   S3
         15      A   S4
         16      A   S5
         17      A   S6
         18      A   S7
         19      A   S8
         20      A   S9
         21      A   S10
         22      A   S11
         23      A   S12
         24      A   S13
         25      THI S1
         26      THI S3
         27      THI S5
         28      THI S7
         29      THI S9
         30      THI S11
         31      THI S13
         32      THI S15
  
     * Multiple entries on a line are composite variables.
     Composite variables are either program-generated bendings
     or user-requested couplings.
  
      32 VARIABLES
  
      32 CONSTRAINTS CAN BE ACTIVE
  
     RELATIVE TIME PER CYCLE IS  267.8 UNITS
     WARNING - The macro function SPOTDATA is not supported on multiple threads.
               CODE V will set the multiple processor setting (MPP) to 1 to prevent errors.
               Please refer to the CODE V Setup and Operation Reference Manual for a complete list
               of pre-defined macro functions that are currently limited to running on a single thread.
  
 CYCLE NUMBER 0:
  
  ABERR F. =        1.71389676
  CONST F. =     6302.06647485
  ERR. F.  =     6303.78037160
  
  OPD     2.73500213     0.59508155     0.41156867
  WAV     2.99050663     0.68401848     0.45814175
  
  
  
  Parameter                 Value            Change
  CUY S2                4.21940928E-01      0.00E+00
  CUY S3               -4.58652479E-02      0.00E+00
  CUY S4                3.64033491E-01      0.00E+00
  CUY S5                5.85480094E-01      0.00E+00
  CUY S6                1.22549020E-01      0.00E+00
  CUY S7                1.72860847E-01      0.00E+00
  CUY S8                3.26813406E-03      0.00E+00
  CUY S9               -4.32900433E-01      0.00E+00
  CUY S10              -1.09409190E+00      0.00E+00
  CUY S11              -7.97448166E-01      0.00E+00
  CUY S12               5.83090379E-01      0.00E+00
  CUY S13               6.98812020E-01      0.00E+00
  A   S2               -4.32610000E-04      0.00E+00
  A   S3               -3.79240000E-04      0.00E+00
  A   S4               -2.80280000E-02      0.00E+00
  A   S5               -3.37740000E-02      0.00E+00
  A   S6               -5.59350000E-02      0.00E+00
  A   S7               -6.64420000E-02      0.00E+00
  A   S8               -7.60050000E-02      0.00E+00
  A   S9               -3.05400000E-02      0.00E+00
  A   S10              -3.96490000E-02      0.00E+00
  A   S11               1.04980000E-01      0.00E+00
  A   S12              -1.11710000E-01      0.00E+00
  A   S13              -5.35770000E-02      0.00E+00
  THI S1               -2.17000000E-01      0.00E+00
  THI S3                5.00000000E-02      0.00E+00
  THI S5                3.38000000E-01      0.00E+00
  THI S7                1.97000000E-01      0.00E+00
  THI S9                3.86000000E-01      0.00E+00
  THI S11               1.92000000E-01      0.00E+00
  THI S13               8.00000000E-01      0.00E+00
  THI S15               4.00000000E-01      0.00E+00
  
        EFL          REDU         PIM          OAL         EN PUP       EX PUP
      4.186649     0.000000     0.386375     4.871000     0.000000    -3.197874
  
  Specific Constraints:        target        value         diff      active (**)
  EFL                    =   4.18515E+00   4.18665E+00   1.503E-03    **
  
  Weighted Constraints:        target        value        WTC/PTC     contrib
  @ATELIER_LATCOLOR      =   0.00000E+00   3.65694E-01   1.000E-02   1.337E+01
  @ATELIER_RMSSPOT       =   0.00000E+00   7.93013E+01   1.000E-03   6.289E+03
  
  Constraints added:      EFL (=)                     Mn CT S1 (>)
  
 CYCLE NUMBER 1:
  
  ABERR F. =        0.39537525
  CONST F. =     1359.24561905
  ERR. F.  =     1359.64099430       (change =    -4944.13937731)
  
  OPD     0.21169951     0.48881481     0.37014434
  WAV     0.22034319     0.56179630     0.39115201
  
  
  
  Parameter                 Value            Change
  CUY S2                4.29194909E-01      7.25E-03
  CUY S3               -4.06114793E-02      5.25E-03
  CUY S4                3.56954500E-01     -7.08E-03
  CUY S5                5.88840559E-01      3.36E-03
  CUY S6                1.28013406E-01      5.46E-03
  CUY S7                1.79870578E-01      7.01E-03
  CUY S8                8.06327320E-03      4.80E-03
  CUY S9               -4.39328651E-01     -6.43E-03
  CUY S10              -1.09585634E+00     -1.76E-03
  CUY S11              -7.98212145E-01     -7.64E-04
  CUY S12               5.90181064E-01      7.09E-03
  CUY S13               7.09065077E-01      1.03E-02
  A   S2                1.08010296E-04      5.41E-04
  A   S3               -9.70284181E-04     -5.91E-04
  A   S4               -2.73978709E-02      6.30E-04
  A   S5               -3.45449519E-02     -7.71E-04
  A   S6               -5.50546536E-02      8.80E-04
  A   S7               -6.72921788E-02     -8.50E-04
  A   S8               -7.50779097E-02      9.27E-04
  A   S9               -3.12848605E-02     -7.45E-04
  A   S10              -4.01701319E-02     -5.21E-04
  A   S11               1.04658053E-01     -3.22E-04
  A   S12              -1.12560837E-01     -8.51E-04
  A   S13              -5.27194159E-02      8.58E-04
  THI S1                1.00000000E-03      2.18E-01
  THI S3                5.84996122E-02      8.50E-03
  THI S5                3.30113489E-01     -7.89E-03
  THI S7                1.87212874E-01     -9.79E-03
  THI S9                3.90029689E-01      4.03E-03
  THI S11               1.96878028E-01      4.88E-03
  THI S13               8.09536758E-01      9.54E-03
  THI S15               4.09536758E-01      9.54E-03
  
        EFL          REDU         PIM          OAL         EN PUP       EX PUP
      4.185147     0.000000     0.378831     5.098270     0.000000    -3.365337
  
  Active Constraints -   2:    target        value         diff        cost
  EFL                    =   4.18515E+00   4.18515E+00   1.424E-06  -9.996E-07
  Mn CT S1                                                          -1.308E-07
  
  Weighted Constraints:        target        value        WTC/PTC     contrib
  @ATELIER_LATCOLOR      =   0.00000E+00   1.32252E+00   1.000E-02   1.749E+02
  @ATELIER_RMSSPOT       =   0.00000E+00   3.44142E+01   1.000E-03   1.184E+03
  
 CYCLE NUMBER 2:
  
  ABERR F. =        0.06369988
  CONST F. =       88.69735396
  ERR. F.  =       88.76105384       (change =    -1270.87994046)
  
  OPD     0.02839437     0.08307725     0.04981684
  WAV     0.04243229     0.09860861     0.05130401
  
  
  
  Parameter                 Value            Change
  CUY S2                4.22049179E-01     -7.15E-03
  CUY S3               -4.67586515E-02     -6.15E-03
  CUY S4                3.56214257E-01     -7.40E-04
  CUY S5                5.94721402E-01      5.88E-03
  CUY S6                1.35929418E-01      7.92E-03
  CUY S7                1.79479638E-01     -3.91E-04
  CUY S8                8.12454775E-03      6.13E-05
  CUY S9               -4.38020688E-01      1.31E-03
  CUY S10              -1.09810550E+00     -2.25E-03
  CUY S11              -8.04091029E-01     -5.88E-03
  CUY S12               6.04202477E-01      1.40E-02
  CUY S13               7.36026672E-01      2.70E-02
  A   S2                2.70471011E-04      1.62E-04
  A   S3               -1.69758745E-03     -7.27E-04
  A   S4               -2.71136264E-02      2.84E-04
  A   S5               -3.44210815E-02      1.24E-04
  A   S6               -5.54346294E-02     -3.80E-04
  A   S7               -6.62560048E-02      1.04E-03
  A   S8               -7.61635909E-02     -1.09E-03
  A   S9               -3.08496191E-02      4.35E-04
  A   S10              -4.01854924E-02     -1.54E-05
  A   S11               1.04444948E-01     -2.13E-04
  A   S12              -1.12327296E-01      2.34E-04
  A   S13              -5.31774597E-02     -4.58E-04
  THI S1                1.00000000E-03     -2.38E-16
  THI S3                5.30876125E-02     -5.41E-03
  THI S5                3.29813727E-01     -3.00E-04
  THI S7                1.95807324E-01      8.59E-03
  THI S9                3.80433618E-01     -9.60E-03
  THI S11               2.24272088E-01      2.74E-02
  THI S13               7.89650902E-01     -1.99E-02
  THI S15               3.89650902E-01     -1.99E-02
  
        EFL          REDU         PIM          OAL         EN PUP       EX PUP
      4.185140     0.000000     0.400583     5.099065     0.000000    -3.337115
  
  Active Constraints -   2:    target        value         diff        cost
  EFL                    =   4.18515E+00   4.18514E+00  -6.149E-06   4.460E-07
  Mn CT S1                                                          -3.011E-08
  
  Weighted Constraints:        target        value        WTC/PTC     contrib
  @ATELIER_LATCOLOR      =   0.00000E+00   4.89502E-01   1.000E-02   2.396E+01
  @ATELIER_RMSSPOT       =   0.00000E+00   8.04588E+00   1.000E-03   6.474E+01
  
 CYCLE NUMBER 3:
  
  ABERR F. =        0.06550880
  CONST F. =       88.22811431
  ERR. F.  =       88.29362311       (change =       -0.46743073)
  
  OPD     0.02605239     0.08765292     0.04932136
  WAV     0.04313409     0.10251833     0.05082814
  
  
  
  Parameter                 Value            Change
  CUY S2                4.22028287E-01     -2.09E-05
  CUY S3               -4.67706908E-02     -1.20E-05
  CUY S4                3.56236061E-01      2.18E-05
  CUY S5                5.94758529E-01      3.71E-05
  CUY S6                1.35999334E-01      6.99E-05
  CUY S7                1.79604197E-01      1.25E-04
  CUY S8                8.26249682E-03      1.38E-04
  CUY S9               -4.37935786E-01      8.49E-05
  CUY S10              -1.09806925E+00      3.63E-05
  CUY S11              -8.04071617E-01      1.94E-05
  CUY S12               6.04233782E-01      3.13E-05
  CUY S13               7.36092320E-01      6.56E-05
  A   S2                2.61355601E-04     -9.12E-06
  A   S3               -1.68686140E-03      1.07E-05
  A   S4               -2.71043933E-02      9.23E-06
  A   S5               -3.44294986E-02     -8.42E-06
  A   S6               -5.54542009E-02     -1.96E-05
  A   S7               -6.62460852E-02      9.92E-06
  A   S8               -7.61723947E-02     -8.80E-06
  A   S9               -3.08342318E-02      1.54E-05
  A   S10              -4.01899590E-02     -4.47E-06
  A   S11               1.04447893E-01      2.94E-06
  A   S12              -1.12330646E-01     -3.35E-06
  A   S13              -5.31758954E-02      1.56E-06
  THI S1                1.00000000E-03      4.29E-17
  THI S3                5.31227509E-02      3.51E-05
  THI S5                3.29873397E-01      5.97E-05
  THI S7                1.95830198E-01      2.29E-05
  THI S9                3.80577611E-01      1.44E-04
  THI S11               2.24104616E-01     -1.67E-04
  THI S13               7.89680358E-01      2.95E-05
  THI S15               3.89680358E-01      2.95E-05
  
        EFL          REDU         PIM          OAL         EN PUP       EX PUP
      4.185146     0.000000     0.400427     5.099189     0.000000    -3.337067
  
  Active Constraints -   2:    target        value         diff        cost
  EFL                    =   4.18515E+00   4.18515E+00   2.720E-12   1.711E-04
  Mn CT S1                                                          -3.866E-05
  
  Weighted Constraints:        target        value        WTC/PTC     contrib
  @ATELIER_LATCOLOR      =   0.00000E+00   4.84287E-01   1.000E-02   2.345E+01
  @ATELIER_RMSSPOT       =   0.00000E+00   8.04827E+00   1.000E-03   6.477E+01
  
  Constraints released:   Mn CT S1 (>)
  Constraints released:   Mn CT S1 (>)
  
 CYCLE NUMBER 4:
  
  ABERR F. =        0.06550874
  CONST F. =      155.20354571
  ERR. F.  =      155.26905445       (change =       66.97543134)
  
  OPD     0.02605240     0.08765258     0.04932370
  WAV     0.04312861     0.10251846     0.05083040
  
  
  
  Parameter                 Value            Change
  CUY S2                4.22028324E-01      3.73E-08
  CUY S3               -4.67706628E-02      2.80E-08
  CUY S4                3.56235887E-01     -1.74E-07
  CUY S5                5.94758411E-01     -1.17E-07
  CUY S6                1.35999362E-01      2.79E-08
  CUY S7                1.79604295E-01      9.86E-08
  CUY S8                8.26257703E-03      8.02E-08
  CUY S9               -4.37935831E-01     -4.53E-08
  CUY S10              -1.09806927E+00     -1.49E-08
  CUY S11              -8.04071630E-01     -1.36E-08
  CUY S12               6.04233864E-01      8.27E-08
  CUY S13               7.36092396E-01      7.64E-08
  A   S2                2.61357800E-04      2.20E-09
  A   S3               -1.68686355E-03     -2.15E-09
  A   S4               -2.71043809E-02      1.25E-08
  A   S5               -3.44295103E-02     -1.17E-08
  A   S6               -5.54541971E-02      3.84E-09
  A   S7               -6.62460878E-02     -2.66E-09
  A   S8               -7.61723905E-02      4.13E-09
  A   S9               -3.08342358E-02     -4.05E-09
  A   S10              -4.01899559E-02      3.08E-09
  A   S11               1.04447891E-01     -2.28E-09
  A   S12              -1.12330640E-01      5.87E-09
  A   S13              -5.31758938E-02      1.63E-09
  THI S1                1.00129635E-03      1.30E-06
  THI S3                5.31228409E-02      9.00E-08
  THI S5                3.29874000E-01      6.03E-07
  THI S7                1.95830108E-01     -8.95E-08
  THI S9                3.80577707E-01      9.53E-08
  THI S11               2.24104682E-01      6.57E-08
  THI S13               7.89680660E-01      3.02E-07
  THI S15               3.89680660E-01      3.02E-07
  
        EFL          REDU         PIM          OAL         EN PUP       EX PUP
      4.185146     0.000000     0.400427     5.099191     0.000000    -3.337069
  
  Active Constraints -   1:    target        value         diff        cost
  EFL                    =   4.18515E+00   4.18515E+00   4.441E-15   6.038E-04
  
  Weighted Constraints:        target        value        WTC/PTC     contrib
  @ATELIER_LATCOLOR      =   0.00000E+00   4.84284E-01   1.000E-02   2.345E+01
  @ATELIER_RMSSPOT       =   0.00000E+00   1.14783E+01   1.000E-03   1.318E+02
  
  Constraints added:      Mn CT S1 (>)
  
 CYCLE NUMBER 5:
  
  ABERR F. =        0.08308317
  CONST F. =      144.14984059
  ERR. F.  =      144.23292376       (change =      -11.03613069)
  
  OPD     0.05443468     0.10918380     0.05380188
  WAV     0.07218759     0.12355539     0.05622293
  
  
  
  Parameter                 Value            Change
  CUY S2                4.21951611E-01     -7.67E-05
  CUY S3               -4.68037627E-02     -3.31E-05
  CUY S4                3.56758196E-01      5.22E-04
  CUY S5                5.95161887E-01      4.03E-04
  CUY S6                1.35948950E-01     -5.04E-05
  CUY S7                1.79310537E-01     -2.94E-04
  CUY S8                7.98605076E-03     -2.77E-04
  CUY S9               -4.37876489E-01      5.93E-05
  CUY S10              -1.09800220E+00      6.71E-05
  CUY S11              -8.03979226E-01      9.24E-05
  CUY S12               6.04516322E-01      2.82E-04
  CUY S13               7.36713671E-01      6.21E-04
  A   S2                2.48513790E-04     -1.28E-05
  A   S3               -1.66758719E-03      1.93E-05
  A   S4               -2.71256138E-02     -2.12E-05
  A   S5               -3.44168390E-02      1.27E-05
  A   S6               -5.54678973E-02     -1.37E-05
  A   S7               -6.62259340E-02      2.02E-05
  A   S8               -7.62001717E-02     -2.78E-05
  A   S9               -3.08200512E-02      1.42E-05
  A   S10              -4.02086676E-02     -1.87E-05
  A   S11               1.04463716E-01      1.58E-05
  A   S12              -1.12347626E-01     -1.70E-05
  A   S13              -5.31678311E-02      8.06E-06
  THI S1                1.00000000E-03     -1.30E-06
  THI S3                5.33388598E-02      2.16E-04
  THI S5                3.30121768E-01      2.48E-04
  THI S7                1.96175451E-01      3.45E-04
  THI S9                3.80405822E-01     -1.72E-04
  THI S11               2.24905061E-01      8.00E-04
  THI S13               7.89375902E-01     -3.05E-04
  THI S15               3.89375902E-01     -3.05E-04
  
        EFL          REDU         PIM          OAL         EN PUP       EX PUP
      4.185146     0.000000     0.399176     5.100323     0.000000    -3.336663
  
  Active Constraints -   2:    target        value         diff        cost
  EFL                    =   4.18515E+00   4.18515E+00  -1.263E-09   2.102E-03
  Mn CT S1                                                          -6.107E-04
  
  Weighted Constraints:        target        value        WTC/PTC     contrib
  @ATELIER_LATCOLOR      =   0.00000E+00   4.67293E-01   1.000E-02   2.184E+01
  @ATELIER_RMSSPOT       =   0.00000E+00   1.10595E+01   1.000E-03   1.223E+02
  
 CYCLE NUMBER 6:
  
  ABERR F. =        0.19890702
  CONST F. =      141.88075999
  ERR. F.  =      142.07966701       (change =       -2.15325675)
  
  OPD     0.27889820     0.16613205     0.07372048
  WAV     0.29627973     0.18141483     0.07663042
  
  
  
  Parameter                 Value            Change
  CUY S2                4.21218857E-01     -7.33E-04
  CUY S3               -4.84137247E-02     -1.61E-03
  CUY S4                3.59467845E-01      2.71E-03
  CUY S5                5.98689705E-01      3.53E-03
  CUY S6                1.36635907E-01      6.87E-04
  CUY S7                1.81466110E-01      2.16E-03
  CUY S8                1.08913476E-02      2.91E-03
  CUY S9               -4.35500186E-01      2.38E-03
  CUY S10              -1.09710394E+00      8.98E-04
  CUY S11              -8.03930947E-01      4.83E-05
  CUY S12               6.03269881E-01     -1.25E-03
  CUY S13               7.34415078E-01     -2.30E-03
  A   S2                6.33272246E-04      3.85E-04
  A   S3               -1.89205229E-03     -2.24E-04
  A   S4               -2.69567052E-02      1.69E-04
  A   S5               -3.47951375E-02     -3.78E-04
  A   S6               -5.61750679E-02     -7.07E-04
  A   S7               -6.61504454E-02      7.55E-05
  A   S8               -7.58790406E-02      3.21E-04
  A   S9               -3.10610176E-02     -2.41E-04
  A   S10              -4.02611720E-02     -5.25E-05
  A   S11               1.04465873E-01      2.16E-06
  A   S12              -1.12278866E-01      6.88E-05
  A   S13              -5.31729680E-02     -5.14E-06
  THI S1                1.00000000E-03      0.00E+00
  THI S3                5.43982262E-02      1.06E-03
  THI S5                3.27412865E-01     -2.71E-03
  THI S7                1.94232960E-01     -1.94E-03
  THI S9                3.76178048E-01     -4.23E-03
  THI S11               2.28186323E-01      3.28E-03
  THI S13               7.93972004E-01      4.60E-03
  THI S15               3.93972005E-01      4.60E-03
  
        EFL          REDU         PIM          OAL         EN PUP       EX PUP
      4.185146     0.000000     0.397037     5.100380     0.000000    -3.340906
  
  Active Constraints -   2:    target        value         diff        cost
  EFL                    =   4.18515E+00   4.18515E+00   1.977E-09   1.375E-03
  Mn CT S1                                                          -3.409E-04
  
  Weighted Constraints:        target        value        WTC/PTC     contrib
  @ATELIER_LATCOLOR      =   0.00000E+00   4.04713E-01   1.000E-02   1.638E+01
  @ATELIER_RMSSPOT       =   0.00000E+00   1.12027E+01   1.000E-03   1.255E+02
  
  Constraints released:   Mn CT S1 (>)
  
 CYCLE NUMBER 7:
  
  ABERR F. =        0.12459303
  CONST F. =      109.68220394
  ERR. F.  =      109.80679697       (change =      -32.27287004)
  
  OPD     0.18372783     0.08310347     0.05010370
  WAV     0.19527924     0.09567641     0.05176967
  
  
  
  Parameter                 Value            Change
  CUY S2                4.21410720E-01      1.92E-04
  CUY S3               -4.80638699E-02      3.50E-04
  CUY S4                3.61563654E-01      2.10E-03
  CUY S5                6.01107963E-01      2.42E-03
  CUY S6                1.36938147E-01      3.02E-04
  CUY S7                1.82200984E-01      7.35E-04
  CUY S8                1.13198931E-02      4.29E-04
  CUY S9               -4.36153086E-01     -6.53E-04
  CUY S10              -1.09707435E+00      2.96E-05
  CUY S11              -8.03558936E-01      3.72E-04
  CUY S12               6.02559226E-01     -7.11E-04
  CUY S13               7.34193334E-01     -2.22E-04
  A   S2                5.84510329E-04     -4.88E-05
  A   S3               -1.83521174E-03      5.68E-05
  A   S4               -2.71040170E-02     -1.47E-04
  A   S5               -3.47894220E-02      5.72E-06
  A   S6               -5.58256824E-02      3.49E-04
  A   S7               -6.60248272E-02      1.26E-04
  A   S8               -7.60553667E-02     -1.76E-04
  A   S9               -3.07728217E-02      2.88E-04
  A   S10              -4.03409506E-02     -7.98E-05
  A   S11               1.04523119E-01      5.72E-05
  A   S12              -1.12345002E-01     -6.61E-05
  A   S13              -5.31179989E-02      5.50E-05
  THI S1                4.06087299E-03      3.06E-03
  THI S3                5.43341750E-02     -6.41E-05
  THI S5                3.24199366E-01     -3.21E-03
  THI S7                1.94641440E-01      4.08E-04
  THI S9                3.80018389E-01      3.84E-03
  THI S11               2.26823764E-01     -1.36E-03
  THI S13               7.92511119E-01     -1.46E-03
  THI S15               3.92511119E-01     -1.46E-03
  
        EFL          REDU         PIM          OAL         EN PUP       EX PUP
      4.185146     0.000000     0.395766     5.101589     0.000000    -3.338173
  
  Active Constraints -   1:    target        value         diff        cost
  EFL                    =   4.18515E+00   4.18515E+00  -1.616E-08  -1.790E-03
  
  Weighted Constraints:        target        value        WTC/PTC     contrib
  @ATELIER_LATCOLOR      =   0.00000E+00   3.35315E-01   1.000E-02   1.124E+01
  @ATELIER_RMSSPOT       =   0.00000E+00   9.92162E+00   1.000E-03   9.844E+01
  
 CYCLE NUMBER 8:
  
  ABERR F. =        0.09516528
  CONST F. =      102.64002560
  ERR. F.  =      102.73519087       (change =       -7.07160609)
  
  OPD     0.10900613     0.10157072     0.05067651
  WAV     0.11639141     0.11486619     0.05320081
  
  
  
  Parameter                 Value            Change
  CUY S2                4.21227634E-01     -1.83E-04
  CUY S3               -4.82189741E-02     -1.55E-04
  CUY S4                3.61975398E-01      4.12E-04
  CUY S5                6.01417812E-01      3.10E-04
  CUY S6                1.36890226E-01     -4.79E-05
  CUY S7                1.81941772E-01     -2.59E-04
  CUY S8                1.10754612E-02     -2.44E-04
  CUY S9               -4.36097474E-01      5.56E-05
  CUY S10              -1.09701469E+00      5.97E-05
  CUY S11              -8.03474288E-01      8.46E-05
  CUY S12               6.02768295E-01      2.09E-04
  CUY S13               7.34639956E-01      4.47E-04
  A   S2                5.76022273E-04     -8.49E-06
  A   S3               -1.82425399E-03      1.10E-05
  A   S4               -2.71197987E-02     -1.58E-05
  A   S5               -3.47791484E-02      1.03E-05
  A   S6               -5.58358241E-02     -1.01E-05
  A   S7               -6.60111345E-02      1.37E-05
  A   S8               -7.60758275E-02     -2.05E-05
  A   S9               -3.07604748E-02      1.23E-05
  A   S10              -4.03535993E-02     -1.26E-05
  A   S11               1.04532972E-01      9.85E-06
  A   S12              -1.12354768E-01     -9.77E-06
  A   S13              -5.31099563E-02      8.04E-06
  THI S1                5.59880965E-03      1.54E-03
  THI S3                5.44316363E-02      9.75E-05
  THI S5                3.24316874E-01      1.18E-04
  THI S7                1.94747516E-01      1.06E-04
  THI S9                3.79876938E-01     -1.41E-04
  THI S11               2.26123739E-01     -7.00E-04
  THI S13               7.92154480E-01     -3.57E-04
  THI S15               3.92154481E-01     -3.57E-04
  
        EFL          REDU         PIM          OAL         EN PUP       EX PUP
      4.185146     0.000000     0.396043     5.102250     0.000000    -3.337814
  
  Active Constraints -   1:    target        value         diff        cost
  EFL                    =   4.18515E+00   4.18515E+00   9.122E-11   1.651E-03
  
  Weighted Constraints:        target        value        WTC/PTC     contrib
  @ATELIER_LATCOLOR      =   0.00000E+00   3.65988E-01   1.000E-02   1.339E+01
  @ATELIER_RMSSPOT       =   0.00000E+00   9.44697E+00   1.000E-03   8.925E+01
  
 CYCLE NUMBER 9:
  
  ABERR F. =        0.10980021
  CONST F. =       99.98986816
  ERR. F.  =      100.09966837       (change =       -2.63552251)
  
  OPD     0.15235905     0.08712790     0.05138501
  WAV     0.16164444     0.09962828     0.05326188
  
  
  
  Parameter                 Value            Change
  CUY S2                4.21273650E-01      4.60E-05
  CUY S3               -4.81270458E-02      9.19E-05
  CUY S4                3.62032370E-01      5.70E-05
  CUY S5                6.01409975E-01     -7.84E-06
  CUY S6                1.36901331E-01      1.11E-05
  CUY S7                1.82063576E-01      1.22E-04
  CUY S8                1.13241821E-02      2.49E-04
  CUY S9               -4.36075388E-01      2.21E-05
  CUY S10              -1.09715849E+00     -1.44E-04
  CUY S11              -8.03492200E-01     -1.79E-05
  CUY S12               6.02565815E-01     -2.02E-04
  CUY S13               7.34344041E-01     -2.96E-04
  A   S2                5.39970209E-04     -3.61E-05
  A   S3               -1.78599853E-03      3.83E-05
  A   S4               -2.70916627E-02      2.81E-05
  A   S5               -3.48128067E-02     -3.37E-05
  A   S6               -5.58363729E-02     -5.49E-07
  A   S7               -6.60013751E-02      9.76E-06
  A   S8               -7.60205396E-02      5.53E-05
  A   S9               -3.08226894E-02     -6.22E-05
  A   S10              -4.03513523E-02      2.25E-06
  A   S11               1.04531287E-01     -1.68E-06
  A   S12              -1.12353368E-01      1.40E-06
  A   S13              -5.31136021E-02     -3.65E-06
  THI S1                4.98717183E-03     -6.12E-04
  THI S3                5.44217893E-02     -9.85E-06
  THI S5                3.24157762E-01     -1.59E-04
  THI S7                1.94762558E-01      1.50E-05
  THI S9                3.79863847E-01     -1.31E-05
  THI S11               2.26291069E-01      1.67E-04
  THI S13               7.93140759E-01      9.86E-04
  THI S15               3.93140759E-01      9.86E-04
  
        EFL          REDU         PIM          OAL         EN PUP       EX PUP
      4.185146     0.000000     0.394908     5.102625     0.000000    -3.338443
  
  Active Constraints -   1:    target        value         diff        cost
  EFL                    =   4.18515E+00   4.18515E+00  -1.138E-10   2.840E-04
  
  Weighted Constraints:        target        value        WTC/PTC     contrib
  @ATELIER_LATCOLOR      =   0.00000E+00   3.48235E-01   1.000E-02   1.213E+01
  @ATELIER_RMSSPOT       =   0.00000E+00   9.37353E+00   1.000E-03   8.786E+01
  
  Constraints added:      Mn CT S1 (>)
  
 CYCLE NUMBER 10:
  
  ABERR F. =        0.04507658
  CONST F. =       77.91645640
  ERR. F.  =       77.96153298       (change =      -22.13813539)
  
  OPD     0.02507975     0.05814528     0.03506936
  WAV     0.03148619     0.06797558     0.03660056
  
  
  
  Parameter                 Value            Change
  CUY S2                4.22576361E-01      1.30E-03
  CUY S3               -4.56275287E-02      2.50E-03
  CUY S4                3.64466821E-01      2.43E-03
  CUY S5                6.01020235E-01     -3.90E-04
  CUY S6                1.34953121E-01     -1.95E-03
  CUY S7                1.81204639E-01     -8.59E-04
  CUY S8                1.09841369E-02     -3.40E-04
  CUY S9               -4.35512358E-01      5.63E-04
  CUY S10              -1.09671774E+00      4.41E-04
  CUY S11              -8.03329690E-01      1.63E-04
  CUY S12               6.18396233E-01      1.58E-02
  CUY S13               7.69316063E-01      3.50E-02
  A   S2                1.75389468E-04     -3.65E-04
  A   S3               -1.24448889E-03      5.42E-04
  A   S4               -2.47420190E-02      2.35E-03
  A   S5               -3.47197010E-02      9.31E-05
  A   S6               -5.63808707E-02     -5.44E-04
  A   S7               -6.56891493E-02      3.12E-04
  A   S8               -7.60958742E-02     -7.53E-05
  A   S9               -3.03081695E-02      5.15E-04
  A   S10              -4.01440555E-02      2.07E-04
  A   S11               1.04537807E-01      6.52E-06
  A   S12              -1.12377526E-01     -2.42E-05
  A   S13              -5.31738678E-02     -6.03E-05
  THI S1                1.00000000E-03     -3.99E-03
  THI S3                5.37180212E-02     -7.04E-04
  THI S5                3.16558354E-01     -7.60E-03
  THI S7                1.94652931E-01     -1.10E-04
  THI S9                3.79894984E-01      3.11E-05
  THI S11               2.32459551E-01      6.17E-03
  THI S13               7.90453834E-01     -2.69E-03
  THI S15               3.90453834E-01     -2.69E-03
  
        EFL          REDU         PIM          OAL         EN PUP       EX PUP
      4.184006     0.000000     0.380242     5.093738     0.000000    -3.271389
  
  Active Constraints -   2:    target        value         diff        cost
  EFL                    =   4.18515E+00   4.18401E+00  -1.140E-03   6.218E-08
  Mn CT S1                                                          -1.065E-08
  
  Weighted Constraints:        target        value        WTC/PTC     contrib
  @ATELIER_LATCOLOR      =   0.00000E+00   4.16930E-01   1.000E-02   1.738E+01
  @ATELIER_RMSSPOT       =   0.00000E+00   7.78032E+00   1.000E-03   6.053E+01
  
  Constraints released:   Mn CT S1 (>)
  Constraints released:   Mn CT S1 (>)
  
 CYCLE NUMBER 11:
  
  ABERR F. =        0.04513100
  CONST F. =      108.63180615
  ERR. F.  =      108.67693715       (change =       30.71540417)
  
  OPD     0.02528928     0.05816846     0.03504607
  WAV     0.03173094     0.06800318     0.03658156
  
  
  
  Parameter                 Value            Change
  CUY S2                4.22576115E-01     -2.45E-07
  CUY S3               -4.56277919E-02     -2.63E-07
  CUY S4                3.64464937E-01     -1.88E-06
  CUY S5                6.01018437E-01     -1.80E-06
  CUY S6                1.34952853E-01     -2.69E-07
  CUY S7                1.81204411E-01     -2.28E-07
  CUY S8                1.09838966E-02     -2.40E-07
  CUY S9               -4.35512708E-01     -3.50E-07
  CUY S10              -1.09671773E+00      1.12E-08
  CUY S11              -8.03329656E-01      3.41E-08
  CUY S12               6.18260993E-01     -1.35E-04
  CUY S13               7.69399972E-01      8.39E-05
  A   S2                1.75390804E-04      1.34E-09
  A   S3               -1.24449028E-03     -1.39E-09
  A   S4               -2.47420174E-02      1.57E-09
  A   S5               -3.47197029E-02     -1.82E-09
  A   S6               -5.63808684E-02      2.36E-09
  A   S7               -6.56891517E-02     -2.33E-09
  A   S8               -7.60958717E-02      2.51E-09
  A   S9               -3.03081718E-02     -2.35E-09
  A   S10              -4.01440536E-02      1.85E-09
  A   S11               1.04537805E-01     -1.52E-09
  A   S12              -1.12377523E-01      3.23E-09
  A   S13              -5.31738675E-02      2.88E-10
  THI S1                1.00074395E-03      7.44E-07
  THI S3                5.37180161E-02     -5.07E-09
  THI S5                3.16565202E-01      6.85E-06
  THI S7                1.94653021E-01      9.02E-08
  THI S9                3.79894860E-01     -1.23E-07
  THI S11               2.32459592E-01      4.06E-08
  THI S13               7.90453879E-01      4.49E-08
  THI S15               3.90453879E-01      4.49E-08
  
        EFL          REDU         PIM          OAL         EN PUP       EX PUP
      4.185146     0.000000     0.380712     5.093745     0.000000    -3.270785
  
  Active Constraints -   1:    target        value         diff        cost
  EFL                    =   4.18515E+00   4.18515E+00  -2.034E-11   3.970E-01
  
  Weighted Constraints:        target        value        WTC/PTC     contrib
  @ATELIER_LATCOLOR      =   0.00000E+00   4.16859E-01   1.000E-02   1.738E+01
  @ATELIER_RMSSPOT       =   0.00000E+00   9.55273E+00   1.000E-03   9.125E+01
  
  Constraints added:      Mn CT S1 (>)
  
 CYCLE NUMBER 12:
  
  ABERR F. =        0.04813044
  CONST F. =       96.57896013
  ERR. F.  =       96.62709058       (change =      -12.04984657)
  
  OPD     0.03258908     0.05992336     0.03635694
  WAV     0.04084461     0.06916379     0.03837501
  
  
  
  Parameter                 Value            Change
  CUY S2                4.22546212E-01     -2.99E-05
  CUY S3               -4.56165711E-02      1.12E-05
  CUY S4                3.65044210E-01      5.79E-04
  CUY S5                6.01517098E-01      4.99E-04
  CUY S6                1.34930173E-01     -2.27E-05
  CUY S7                1.81036039E-01     -1.68E-04
  CUY S8                1.08273565E-02     -1.57E-04
  CUY S9               -4.35472429E-01      4.03E-05
  CUY S10              -1.09668153E+00      3.62E-05
  CUY S11              -8.03283022E-01      4.66E-05
  CUY S12               6.18365103E-01      1.04E-04
  CUY S13               7.69815822E-01      4.16E-04
  A   S2                1.66703877E-04     -8.69E-06
  A   S3               -1.22844673E-03      1.60E-05
  A   S4               -2.47594780E-02     -1.75E-05
  A   S5               -3.47125000E-02      7.20E-06
  A   S6               -5.63879979E-02     -7.13E-06
  A   S7               -6.56770900E-02      1.21E-05
  A   S8               -7.61136932E-02     -1.78E-05
  A   S9               -3.02982175E-02      9.95E-06
  A   S10              -4.01614185E-02     -1.74E-05
  A   S11               1.04552456E-01      1.47E-05
  A   S12              -1.12394595E-01     -1.71E-05
  A   S13              -5.31727972E-02      1.07E-06
  THI S1                1.00000000E-03     -7.44E-07
  THI S3                5.38331239E-02      1.15E-04
  THI S5                3.16784261E-01      2.19E-04
  THI S7                1.94347976E-01     -3.05E-04
  THI S9                3.79770132E-01     -1.25E-04
  THI S11               2.32943672E-01      4.84E-04
  THI S13               7.90931684E-01      4.78E-04
  THI S15               3.90931685E-01      4.78E-04
  
        EFL          REDU         PIM          OAL         EN PUP       EX PUP
      4.185145     0.000000     0.379290     5.094611     0.000000    -3.270448
  
  Active Constraints -   2:    target        value         diff        cost
  EFL                    =   4.18515E+00   4.18514E+00  -1.120E-06   1.518E-03
  Mn CT S1                                                          -1.939E-04
  
  Weighted Constraints:        target        value        WTC/PTC     contrib
  @ATELIER_LATCOLOR      =   0.00000E+00   4.02783E-01   1.000E-02   1.622E+01
  @ATELIER_RMSSPOT       =   0.00000E+00   8.96413E+00   1.000E-03   8.036E+01
  
  Constraints released:   Mn CT S1 (>)
  Constraints released:   Mn CT S1 (>)
  
 CYCLE NUMBER 13:
  
  ABERR F. =        0.04843458
  CONST F. =       96.38419848
  ERR. F.  =       96.43263307       (change =       -0.19445751)
  
  OPD     0.03206420     0.06066232     0.03674521
  WAV     0.04034329     0.06986623     0.03883737
  
  
  
  Parameter                 Value            Change
  CUY S2                4.22538927E-01     -7.28E-06
  CUY S3               -4.56403661E-02     -2.38E-05
  CUY S4                3.65091683E-01      4.75E-05
  CUY S5                6.01572911E-01      5.58E-05
  CUY S6                1.34926841E-01     -3.33E-06
  CUY S7                1.81122271E-01      8.62E-05
  CUY S8                1.09172418E-02      8.99E-05
  CUY S9               -4.35459475E-01      1.30E-05
  CUY S10              -1.09667770E+00      3.83E-06
  CUY S11              -8.03283956E-01     -9.34E-07
  CUY S12               6.18357379E-01     -7.72E-06
  CUY S13               7.69808824E-01     -7.00E-06
  A   S2                1.61856393E-04     -4.85E-06
  A   S3               -1.23476571E-03     -6.32E-06
  A   S4               -2.47548763E-02      4.60E-06
  A   S5               -3.47091523E-02      3.35E-06
  A   S6               -5.63901035E-02     -2.11E-06
  A   S7               -6.56725352E-02      4.55E-06
  A   S8               -7.61272956E-02     -1.36E-05
  A   S9               -3.02922070E-02      6.01E-06
  A   S10              -4.01629308E-02     -1.51E-06
  A   S11               1.04552644E-01      1.88E-07
  A   S12              -1.12396010E-01     -1.41E-06
  A   S13              -5.31731923E-02     -3.95E-07
  THI S1                1.01221986E-03      1.22E-05
  THI S3                5.38467869E-02      1.37E-05
  THI S5                3.16834423E-01      5.02E-05
  THI S7                1.94318102E-01     -2.99E-05
  THI S9                3.79724030E-01     -4.61E-05
  THI S11               2.32984208E-01      4.05E-05
  THI S13               7.91006330E-01      7.46E-05
  THI S15               3.91006330E-01      7.46E-05
  
        EFL          REDU         PIM          OAL         EN PUP       EX PUP
      4.185146     0.000000     0.379196     5.094726     0.000000    -3.270578
  
  Active Constraints -   1:    target        value         diff        cost
  EFL                    =   4.18515E+00   4.18515E+00  -6.217E-14   1.326E-03
  
  Weighted Constraints:        target        value        WTC/PTC     contrib
  @ATELIER_LATCOLOR      =   0.00000E+00   4.01180E-01   1.000E-02   1.609E+01
  @ATELIER_RMSSPOT       =   0.00000E+00   8.96045E+00   1.000E-03   8.029E+01
  
 CYCLE NUMBER 14:
  
  ABERR F. =        0.04748078
  CONST F. =       95.24059535
  ERR. F.  =       95.28807613       (change =       -1.14455693)
  
  OPD     0.03015080     0.05987191     0.03636855
  WAV     0.03830427     0.06906878     0.03837245
  
  
  
  Parameter                 Value            Change
  CUY S2                4.22544074E-01      5.15E-06
  CUY S3               -4.56371907E-02      3.18E-06
  CUY S4                3.65072045E-01     -1.96E-05
  CUY S5                6.01558517E-01     -1.44E-05
  CUY S6                1.34922400E-01     -4.44E-06
  CUY S7                1.81127171E-01      4.90E-06
  CUY S8                1.09198450E-02      2.60E-06
  CUY S9               -4.35470764E-01     -1.13E-05
  CUY S10              -1.09668084E+00     -3.14E-06
  CUY S11              -8.03287453E-01     -3.50E-06
  CUY S12               6.18344221E-01     -1.32E-05
  CUY S13               7.69783339E-01     -2.55E-05
  A   S2                1.62259291E-04      4.03E-07
  A   S3               -1.23553922E-03     -7.74E-07
  A   S4               -2.47543469E-02      5.29E-07
  A   S5               -3.47096786E-02     -5.26E-07
  A   S6               -5.63894354E-02      6.68E-07
  A   S7               -6.56732003E-02     -6.65E-07
  A   S8               -7.61265752E-02      7.20E-07
  A   S9               -3.02928921E-02     -6.85E-07
  A   S10              -4.01623597E-02      5.71E-07
  A   S11               1.04552152E-01     -4.92E-07
  A   S12              -1.12394975E-01      1.03E-06
  A   S13              -5.31732995E-02     -1.07E-07
  THI S1                1.06854582E-03      5.63E-05
  THI S3                5.38541101E-02      7.32E-06
  THI S5                3.16778017E-01     -5.64E-05
  THI S7                1.94305552E-01     -1.25E-05
  THI S9                3.79732409E-01      8.38E-06
  THI S11               2.32996942E-01      1.27E-05
  THI S13               7.91020923E-01      1.46E-05
  THI S15               3.91020923E-01      1.46E-05
  
        EFL          REDU         PIM          OAL         EN PUP       EX PUP
      4.185146     0.000000     0.379221     5.094756     0.000000    -3.270639
  
  Active Constraints -   1:    target        value         diff        cost
  EFL                    =   4.18515E+00   4.18515E+00  -9.140E-09   1.715E-03
  
  Weighted Constraints:        target        value        WTC/PTC     contrib
  @ATELIER_LATCOLOR      =   0.00000E+00   4.01559E-01   1.000E-02   1.612E+01
  @ATELIER_RMSSPOT       =   0.00000E+00   8.89470E+00   1.000E-03   7.912E+01
  
  Constraints added:      Mn CT S1 (>)
  
 CYCLE NUMBER 15:
  
  ABERR F. =        0.04763686
  CONST F. =       95.02350559
  ERR. F.  =       95.07114245       (change =       -0.21693368)
  
  OPD     0.02969785     0.06031320     0.03658536
  WAV     0.03789321     0.06949980     0.03861830
  
  
  
  Parameter                 Value            Change
  CUY S2                4.22541351E-01     -2.72E-06
  CUY S3               -4.56459604E-02     -8.77E-06
  CUY S4                3.65069281E-01     -2.76E-06
  CUY S5                6.01558782E-01      2.65E-07
  CUY S6                1.34921107E-01     -1.29E-06
  CUY S7                1.81160298E-01      3.31E-05
  CUY S8                1.09542983E-02      3.45E-05
  CUY S9               -4.35466074E-01      4.69E-06
  CUY S10              -1.09667940E+00      1.44E-06
  CUY S11              -8.03287739E-01     -2.86E-07
  CUY S12               6.18342099E-01     -2.12E-06
  CUY S13               7.69770065E-01     -1.33E-05
  A   S2                1.60443100E-04     -1.82E-06
  A   S3               -1.23786901E-03     -2.33E-06
  A   S4               -2.47526636E-02      1.68E-06
  A   S5               -3.47084194E-02      1.26E-06
  A   S6               -5.63902179E-02     -7.82E-07
  A   S7               -6.56715123E-02      1.69E-06
  A   S8               -7.61315751E-02     -5.00E-06
  A   S9               -3.02906983E-02      2.19E-06
  A   S10              -4.01629232E-02     -5.63E-07
  A   S11               1.04552242E-01      9.02E-08
  A   S12              -1.12395704E-01     -7.29E-07
  A   S13              -5.31734421E-02     -1.43E-07
  THI S1                1.00000000E-03     -6.85E-05
  THI S3                5.38591287E-02      5.02E-06
  THI S5                3.16835230E-01      5.72E-05
  THI S7                1.94294813E-01     -1.07E-05
  THI S9                3.79715130E-01     -1.73E-05
  THI S11               2.33011639E-01      1.47E-05
  THI S13               7.91047697E-01      2.68E-05
  THI S15               3.91047698E-01      2.68E-05
  
        EFL          REDU         PIM          OAL         EN PUP       EX PUP
      4.185146     0.000000     0.379190     5.094764     0.000000    -3.270700
  
  Active Constraints -   2:    target        value         diff        cost
  EFL                    =   4.18515E+00   4.18515E+00   1.243E-14   1.373E-03
  Mn CT S1                                                           4.372E-05
  
  Weighted Constraints:        target        value        WTC/PTC     contrib
  @ATELIER_LATCOLOR      =   0.00000E+00   4.01010E-01   1.000E-02   1.608E+01
  @ATELIER_RMSSPOT       =   0.00000E+00   8.88496E+00   1.000E-03   7.894E+01
  
  Constraints released:   Mn CT S1 (>)
  Constraints released:   Mn CT S1 (>)
  
 CYCLE NUMBER 16:
  
  ABERR F. =        0.04736839
  CONST F. =       94.69300621
  ERR. F.  =       94.74037460       (change =       -0.33076785)
  
  OPD     0.02913609     0.06009504     0.03648246
  WAV     0.03728494     0.06927972     0.03848949
  
  
  
  Parameter                 Value            Change
  CUY S2                4.22542658E-01      1.31E-06
  CUY S3               -4.56458487E-02      1.12E-07
  CUY S4                3.65063692E-01     -5.59E-06
  CUY S5                6.01555208E-01     -3.57E-06
  CUY S6                1.34919989E-01     -1.12E-06
  CUY S7                1.81164550E-01      4.25E-06
  CUY S8                1.09579721E-02      3.67E-06
  CUY S9               -4.35468910E-01     -2.84E-06
  CUY S10              -1.09668019E+00     -7.88E-07
  CUY S11              -8.03288616E-01     -8.77E-07
  CUY S12               6.18343165E-01      1.07E-06
  CUY S13               7.69772310E-01      2.24E-06
  A   S2                1.60544297E-04      1.01E-07
  A   S3               -1.23830524E-03     -4.36E-07
  A   S4               -2.47523720E-02      2.92E-07
  A   S5               -3.47085518E-02     -1.32E-07
  A   S6               -5.63900499E-02      1.68E-07
  A   S7               -6.56716796E-02     -1.67E-07
  A   S8               -7.61313935E-02      1.82E-07
  A   S9               -3.02908707E-02     -1.72E-07
  A   S10              -4.01627798E-02      1.43E-07
  A   S11               1.04552119E-01     -1.23E-07
  A   S12              -1.12395445E-01      2.60E-07
  A   S13              -5.31734681E-02     -2.60E-08
  THI S1                1.00154692E-03      1.55E-06
  THI S3                5.38609628E-02      1.83E-06
  THI S5                3.16820825E-01     -1.44E-05
  THI S7                1.94291657E-01     -3.16E-06
  THI S9                3.79717240E-01      2.11E-06
  THI S11               2.33014835E-01      3.20E-06
  THI S13               7.91052337E-01      4.64E-06
  THI S15               3.91052337E-01      4.64E-06
  
        EFL          REDU         PIM          OAL         EN PUP       EX PUP
      4.185146     0.000000     0.379194     5.094759     0.000000    -3.270695
  
  Active Constraints -   1:    target        value         diff        cost
  EFL                    =   4.18515E+00   4.18515E+00   2.318E-13   1.415E-03
  
  Weighted Constraints:        target        value        WTC/PTC     contrib
  @ATELIER_LATCOLOR      =   0.00000E+00   4.01101E-01   1.000E-02   1.609E+01
  @ATELIER_RMSSPOT       =   0.00000E+00   8.86594E+00   1.000E-03   7.860E+01
  
  Constraints added:      Mn CT S1 (>)
  
 CYCLE NUMBER 17:
  
  ABERR F. =        0.04741870
  CONST F. =       94.59981643
  ERR. F.  =       94.64723513       (change =       -0.09313947)
  
  OPD     0.02910352     0.06019076     0.03652934
  WAV     0.03726474     0.06937276     0.03854381
  
  
  
  Parameter                 Value            Change
  CUY S2                4.22542031E-01     -6.28E-07
  CUY S3               -4.56477713E-02     -1.92E-06
  CUY S4                3.65062517E-01     -1.18E-06
  CUY S5                6.01554654E-01     -5.53E-07
  CUY S6                1.34919722E-01     -2.68E-07
  CUY S7                1.81171101E-01      6.55E-06
  CUY S8                1.09648339E-02      6.86E-06
  CUY S9               -4.35467801E-01      1.11E-06
  CUY S10              -1.09667984E+00      3.44E-07
  CUY S11              -8.03288688E-01     -7.22E-08
  CUY S12               6.18345733E-01      2.57E-06
  CUY S13               7.69775675E-01      3.36E-06
  A   S2                1.60097030E-04     -4.47E-07
  A   S3               -1.23877148E-03     -4.66E-07
  A   S4               -2.47520332E-02      3.39E-07
  A   S5               -3.47082422E-02      3.10E-07
  A   S6               -5.63902317E-02     -1.82E-07
  A   S7               -6.56712795E-02      4.00E-07
  A   S8               -7.61324720E-02     -1.08E-06
  A   S9               -3.02903213E-02      5.49E-07
  A   S10              -4.01628903E-02     -1.10E-07
  A   S11               1.04552132E-01      1.38E-08
  A   S12              -1.12395551E-01     -1.06E-07
  A   S13              -5.31735001E-02     -3.20E-08
  THI S1                1.00000000E-03     -1.55E-06
  THI S3                5.38620648E-02      1.10E-06
  THI S5                3.16830185E-01      9.36E-06
  THI S7                1.94289328E-01     -2.33E-06
  THI S9                3.79713149E-01     -4.09E-06
  THI S11               2.33018034E-01      3.20E-06
  THI S13               7.91058112E-01      5.78E-06
  THI S15               3.91058112E-01      5.78E-06
  
        EFL          REDU         PIM          OAL         EN PUP       EX PUP
      4.185146     0.000000     0.379187     5.094771     0.000000    -3.270705
  
  Active Constraints -   2:    target        value         diff        cost
  EFL                    =   4.18515E+00   4.18515E+00   5.329E-15   1.369E-03
  Mn CT S1                                                          -1.296E-04
  
  Weighted Constraints:        target        value        WTC/PTC     contrib
  @ATELIER_LATCOLOR      =   0.00000E+00   4.00983E-01   1.000E-02   1.608E+01
  @ATELIER_RMSSPOT       =   0.00000E+00   8.86121E+00   1.000E-03   7.852E+01
  
     Normal AUTO Completion - System improvement less than IMP
AUT> GO
 
 
CODE V> BUF PUT B1 I^row J1 "schema"
      Created new worksheet B1.
CODE V> BUF PUT B1 I^row J2 "atelier-codev-target-v1"
CODE V> BUF PUT B1 I^row J1 "status"
CODE V> BUF PUT B1 I^row J2 "ok"
CODE V> BUF PUT B1 I^row J1 "mode"
CODE V> BUF PUT B1 I^row J2 "target"
CODE V> BUF PUT B1 I^row J1 "stage"
CODE V> BUF PUT B1 I^row J2 "A"
CODE V> BUF PUT B1 I^row J1 "source_zmx"
CODE V> BUF PUT B1 I^row J2 "US20140111876A1.zmx"
CODE V> BUF PUT B1 I^row J1 "num_fields"
CODE V> BUF PUT B1 I^row J2 ^numf_out
CODE V> BUF PUT B1 I^row J1 "vignetting_edge"
CODE V> BUF PUT B1 I^row J2 0.4
CODE V> BUF PUT B1 I^row J1 "target.efl_mm"
CODE V> BUF PUT B1 I^row J2 ^target_efl
CODE V> BUF PUT B1 I^row J1 "seed_baseline.efl_y_mm"
CODE V> BUF PUT B1 I^row J2 ^seed_baseline_efl_y_mm
CODE V> BUF PUT B1 I^row J1 "seed_baseline.max_lateral_color_um"
CODE V> BUF PUT B1 I^row J2 ^seed_baseline_max_lateral_color_um
CODE V> BUF PUT B1 I^row J1 "seed_baseline.max_rms_spot_diameter_um"
CODE V> BUF PUT B1 I^row J2 ^seed_baseline_max_rms_spot_diameter_um
CODE V> BUF PUT B1 I^row J1 "seed_baseline.max_rms_wavefront_error_waves"
CODE V> BUF PUT B1 I^row J2 ^seed_baseline_max_rms_wavefront_error_waves
CODE V> BUF PUT B1 I^row J1 "seed_baseline.max_distortion_pct"
CODE V> BUF PUT B1 I^row J2 ^seed_baseline_max_distortion_pct
CODE V> BUF PUT B1 I^row J1 "seed_baseline.fno"
CODE V> BUF PUT B1 I^row J2 ^seed_baseline_fno
CODE V> BUF PUT B1 I^row J1 "seed_baseline.epd_mm"
CODE V> BUF PUT B1 I^row J2 ^seed_baseline_epd
CODE V> BUF PUT B1 I^row J1 "seed_baseline.maximh_mm"
CODE V> BUF PUT B1 I^row J2 ^seed_baseline_maximh
CODE V> BUF PUT B1 I^row J1 "config_pre_aut.efl_y_mm"
CODE V> BUF PUT B1 I^row J2 ^config_pre_aut_efl_y_mm
CODE V> BUF PUT B1 I^row J1 "config_pre_aut.max_lateral_color_um"
CODE V> BUF PUT B1 I^row J2 ^config_pre_aut_max_lateral_color_um
CODE V> BUF PUT B1 I^row J1 "config_pre_aut.max_rms_spot_diameter_um"
CODE V> BUF PUT B1 I^row J2 ^config_pre_aut_max_rms_spot_diameter_um
CODE V> BUF PUT B1 I^row J1 "config_pre_aut.max_rms_wavefront_error_waves"
CODE V> BUF PUT B1 I^row J2 ^config_pre_aut_max_rms_wavefront_error_waves
CODE V> BUF PUT B1 I^row J1 "config_pre_aut.max_distortion_pct"
CODE V> BUF PUT B1 I^row J2 ^config_pre_aut_max_distortion_pct
CODE V> BUF PUT B1 I^row J1 "config_pre_aut.fno"
CODE V> BUF PUT B1 I^row J2 ^config_pre_aut_fno
CODE V> BUF PUT B1 I^row J1 "config_pre_aut.epd_mm"
CODE V> BUF PUT B1 I^row J2 ^config_pre_aut_epd
CODE V> BUF PUT B1 I^row J1 "config_pre_aut.maximh_mm"
CODE V> BUF PUT B1 I^row J2 ^config_pre_aut_maximh
CODE V> BUF PUT B1 I^row J1 "post_aut.efl_y_mm"
CODE V> BUF PUT B1 I^row J2 ^post_aut_efl_y_mm
CODE V> BUF PUT B1 I^row J1 "post_aut.max_lateral_color_um"
CODE V> BUF PUT B1 I^row J2 ^post_aut_max_lateral_color_um
CODE V> BUF PUT B1 I^row J1 "post_aut.max_rms_spot_diameter_um"
CODE V> BUF PUT B1 I^row J2 ^post_aut_max_rms_spot_diameter_um
CODE V> BUF PUT B1 I^row J1 "post_aut.max_rms_wavefront_error_waves"
CODE V> BUF PUT B1 I^row J2 ^post_aut_max_rms_wavefront_error_waves
CODE V> BUF PUT B1 I^row J1 "post_aut.max_distortion_pct"
CODE V> BUF PUT B1 I^row J2 ^post_aut_max_distortion_pct
CODE V> BUF PUT B1 I^row J1 "post_aut.fno"
CODE V> BUF PUT B1 I^row J2 ^post_aut_fno
CODE V> BUF PUT B1 I^row J1 "post_aut.epd_mm"
CODE V> BUF PUT B1 I^row J2 ^post_aut_epd
CODE V> BUF PUT B1 I^row J1 "post_aut.maximh_mm"
CODE V> BUF PUT B1 I^row J2 ^post_aut_maximh
CODE V> BUF PUT B1 I^row J1 "efl_target_deviation_pct"
CODE V> BUF PUT B1 I^row J2 ^efl_target_dev_pct
CODE V> BUF PUT B1 I^row J1 "aut_converged"
CODE V> BUF PUT B1 I^row J2 ^aut_converged
CODE V> BUF EXP B1 "D:\atelier-wt-c\.planning\loop\p15-stageb-evidence\fno-matrix-2026-07-11\US20140111876A1_loosen\rung0_native\ray_retry\atelier_codev_target_A_vig0400.tsv"
     Buffer B1 exported to file atelier_codev_target_A_vig0400.tsv
CODE V> BUF DEL B1
CODE V> OUT YES
CODE V> EXI YES
     EXI                                                                              11-Jul-26  14H 13M 47S
                                                 CODE V PC  Version: 11.5             CPU clock:  0H  0M 10S
