  
  
                                   Welcome to
  
                                   C O D E   V
  
                                PC  Version 11.5
                                   Build 27302701
  
                                   11-Jul-2026
  
                            A proprietary product of
  
                              SYNOPSYS, INC
                              Pasadena, California
  
CODE V> OUT NO
     Radius input/output mode
  
    Lens data created by Zemax version 200706
  
    Zemax command MODE ignored
    ZEMAX NOTE 0 table5
    Zemax command PFIL ignored
    Zemax command LANG ignored
     WARNING - Glass catalog list not used.
     WARNING - Ray aiming not used.
     WARNING - Pupil shift for ray aiming not used.
    Zemax command SDMA ignored
    Zemax command OMMA ignored
    Zemax command HYPR ignored
     WARNING - Vignetting angles not used.
    Zemax command POLS ignored
    Zemax command GLRS ignored
    Zemax command GSTD ignored
    Zemax command NSCD ignored
    Zemax command COFN ignored
    Zemax command COFN ignored
  
     Surface pointer = OBJ
    Zemax surface type  STANDARD
    CODE V surface type SPH
    Zemax command FIMP ignored.
     WARNING - Hiding of rays not used.
    Zemax command MIRR ignored.
    Zemax command SLAB ignored.
    Zemax command MEMA ignored.
    Zemax command POPS ignored.
  
     Surface pointer = 1
    Zemax surface type  STANDARD
    CODE V surface type SPH
    Zemax command FIMP ignored.
     WARNING - Hiding of rays not used.
    Zemax command MIRR ignored.
    Zemax command SLAB ignored.
    Zemax command MEMA ignored.
    Zemax command POPS ignored.
  
     Surface pointer = 2
    Zemax surface type  EVENASPH
    CODE V surface type ASP
    Zemax command FIMP ignored.
     WARNING - Hiding of rays not used.
    Zemax command MIRR ignored.
    Zemax command SLAB ignored.
     WARNING - Partial dispersion of model glass not used.
    Zemax command MEMA ignored.
    Zemax command POPS ignored.
  
     Surface pointer = 3
    Zemax surface type  EVENASPH
    CODE V surface type ASP
    Zemax command FIMP ignored.
     WARNING - Hiding of rays not used.
    Zemax command MIRR ignored.
    Zemax command SLAB ignored.
    Zemax command MEMA ignored.
    Zemax command POPS ignored.
  
     Surface pointer = 4
    Zemax surface type  EVENASPH
    CODE V surface type ASP
    Zemax command FIMP ignored.
     WARNING - Hiding of rays not used.
    Zemax command MIRR ignored.
    Zemax command SLAB ignored.
     WARNING - Partial dispersion of model glass not used.
    Zemax command MEMA ignored.
    Zemax command POPS ignored.
  
     Surface pointer = 5
    Zemax surface type  EVENASPH
    CODE V surface type ASP
    Zemax command FIMP ignored.
     WARNING - Hiding of rays not used.
    Zemax command MIRR ignored.
    Zemax command SLAB ignored.
    Zemax command MEMA ignored.
    Zemax command POPS ignored.
  
     Surface pointer = 6
    Zemax surface type  EVENASPH
    CODE V surface type ASP
    Zemax command FIMP ignored.
     WARNING - Hiding of rays not used.
    Zemax command MIRR ignored.
    Zemax command SLAB ignored.
     WARNING - Partial dispersion of model glass not used.
    Zemax command MEMA ignored.
    Zemax command POPS ignored.
  
     Surface pointer = 7
    Zemax surface type  EVENASPH
    CODE V surface type ASP
    Zemax command FIMP ignored.
     WARNING - Hiding of rays not used.
    Zemax command MIRR ignored.
    Zemax command SLAB ignored.
    Zemax command MEMA ignored.
    Zemax command POPS ignored.
  
     Surface pointer = 8
    Zemax surface type  EVENASPH
    CODE V surface type ASP
    Zemax command FIMP ignored.
     WARNING - Hiding of rays not used.
    Zemax command MIRR ignored.
    Zemax command SLAB ignored.
     WARNING - Partial dispersion of model glass not used.
    Zemax command MEMA ignored.
    Zemax command POPS ignored.
  
     Surface pointer = 9
    Zemax surface type  EVENASPH
    CODE V surface type ASP
    Zemax command FIMP ignored.
     WARNING - Hiding of rays not used.
    Zemax command MIRR ignored.
    Zemax command SLAB ignored.
    Zemax command MEMA ignored.
    Zemax command POPS ignored.
  
     Surface pointer = 10
    Zemax surface type  EVENASPH
    CODE V surface type ASP
    Zemax command FIMP ignored.
     WARNING - Hiding of rays not used.
    Zemax command MIRR ignored.
    Zemax command SLAB ignored.
     WARNING - Partial dispersion of model glass not used.
    Zemax command MEMA ignored.
    Zemax command POPS ignored.
  
     Surface pointer = 11
    Zemax surface type  EVENASPH
    CODE V surface type ASP
    Zemax command FIMP ignored.
     WARNING - Hiding of rays not used.
    Zemax command MIRR ignored.
    Zemax command SLAB ignored.
    Zemax command MEMA ignored.
    Zemax command POPS ignored.
  
     Surface pointer = 12
    Zemax surface type  EVENASPH
    CODE V surface type ASP
    Zemax command FIMP ignored.
     WARNING - Hiding of rays not used.
    Zemax command MIRR ignored.
    Zemax command SLAB ignored.
     WARNING - Partial dispersion of model glass not used.
    Zemax command MEMA ignored.
    Zemax command POPS ignored.
  
     Surface pointer = 13
    Zemax surface type  EVENASPH
    CODE V surface type ASP
    Zemax command FIMP ignored.
     WARNING - Hiding of rays not used.
    Zemax command MIRR ignored.
    Zemax command SLAB ignored.
    Zemax command MEMA ignored.
    Zemax command POPS ignored.
  
     Surface pointer = 14
    Zemax surface type  STANDARD
    CODE V surface type SPH
    Zemax command FIMP ignored.
     WARNING - Hiding of rays not used.
    Zemax command MIRR ignored.
    Zemax command SLAB ignored.
     WARNING - Partial dispersion of model glass not used.
    Zemax command MEMA ignored.
    Zemax command POPS ignored.
  
     Surface pointer = 15
    Zemax surface type  STANDARD
    CODE V surface type SPH
    Zemax command FIMP ignored.
     WARNING - Hiding of rays not used.
    Zemax command MIRR ignored.
    Zemax command SLAB ignored.
    Zemax command MEMA ignored.
    Zemax command POPS ignored.
  
     Surface pointer = IMG
    Zemax surface type  STANDARD
    CODE V surface type SPH
    Zemax command FIMP ignored.
     WARNING - Hiding of rays not used.
    Zemax command MIRR ignored.
    Zemax command SLAB ignored.
    Zemax command MEMA ignored.
    Zemax command POPS ignored.
  
     WARNING - Please check the converted lens carefully.
               Some information will not be converted.
               Changes in either CODE V or ZEMAX may invalidate
               the converted information.
               Due to differences between CODE V and ZEMAX ray
               aiming and vignetting factors, it is recommended
               that you set vignetting for the converted system.
  
               A concise listing of conversion warnings appears
               in the Tabbed Output Window 'Info' tab and in the
               Command Window.
  
CODE V> DEF VAR SA
     ERROR - Total reflection at surface   9 for zoom position  1
     ERROR - One or more of the reference rays from field  2 is deviated far from
             most of the other rays from this field point.  The reference rays are
             used to determine the numerical aperture and the grid spacing.  Thus, it
             is important that these rays are focused at approximately the same spot
             as the other rays from this field point.  Modifying the vignetting
             may solve this problem and allow the computation to proceed.
CODE V> VUY 0 0.3 0.3
CODE V> VLY 0 0.3 0.3
CODE V> VUX 0 0.3 0.3
CODE V> VLX 0 0.3 0.3
 
 
CODE V> AUT
     AUT                                                                              11-Jul-26  14H 13M 30S
                                                 CODE V PC  Version: 11.5             CPU clock:  0H  0M  0S
     ***Defocussing frozen to eliminate redundant variable
AUT>   SUR N
AUT>   CHG SA
AUT>   WFR Y
AUT>   WTF FA 10
AUT>   EFL = 4.18514570787019
AUT>   @atelier_latcolor == @lcum(1)
AUT>   @atelier_latcolor = 0
AUT>   WTC 0.01
AUT>   @atelier_rmsspot == @rmssum(1)
AUT>   @atelier_rmsspot = 0
AUT>   WTC 0.001
AUT>   MNT 0.025
AUT>   MNE 0.025
AUT>   MXT 10
AUT>   MNA 0.001
AUT>   MXC 25
AUT>   MNC 3
AUT>   IMP 0.001
AUT> GO
 -------------------------------------------------------------------------------
  
       USER CONSTRAINT DEFINITIONS
            @atelier_rmsspot == @rmssum(1)
  
            @atelier_latcolor == @lcum(1)
  
  
  
       POTENTIALLY ACTIVE SPECIFIC CONSTRAINTS
         EFL                                  =       4.185146
         @ATELIER_LATCOLOR                    =       0.000000     (WTC =    0.01000)
         @ATELIER_RMSSPOT                     =       0.000000     (WTC =    0.00100)
  
       GENERAL CONSTRAINTS
         MXT      10.000000
         MNT       0.025000
         MNE       0.025000
         MNA       0.001000
         MAE       0.002500
         GLA               NFK5  NSK16  NLAF2  SF4
  
       ERROR FUNCTION CONSTRUCTION
         WFR        Y
         WTW       1          1          1
         WTA       0.000000
         DEL       0.220000
         WTX F1   10.000000
         WTX F2   10.000000
         WTX F3   10.000000
         WTY F1   10.000000
         WTY F2   10.000000
         WTY F3   10.000000
  
       CONVERGENCE CONTROLS
         MXC        25
         MNC         3
         TAR       0.000000
         IMP       0.001000
  
       OUTPUT CONTROLS
         SUR NO
         CHG S0..16
  
     Recommendations for most stable convergence:
  
       Use object space aperture specifications:
       - NAO for finite conjugate systems
       - EPD for infinite conjugate systems
  
       VARIABLE LIST
  
         NO      PARAMETERS *
          1      CUY S2       CUY S3       CUY S4       CUY S5
          2      CUY S3       CUY S4
          3      CUY S4       CUY S5
          4      CUY S5       CUY S6
          5      CUY S6       CUY S7       CUY S8       CUY S9
          6      CUY S7       CUY S8
          7      CUY S8       CUY S9
          8      CUY S9       CUY S10
          9      CUY S10       CUY S11
         10      CUY S11       CUY S12
         11      CUY S12       CUY S13
         12      CUY S13
         13      A   S2
         14      A   S3
         15      A   S4
         16      A   S5
         17      A   S6
         18      A   S7
         19      A   S8
         20      A   S9
         21      A   S10
         22      A   S11
         23      A   S12
         24      A   S13
         25      THI S1
         26      THI S3
         27      THI S5
         28      THI S7
         29      THI S9
         30      THI S11
         31      THI S13
         32      THI S15
  
     * Multiple entries on a line are composite variables.
     Composite variables are either program-generated bendings
     or user-requested couplings.
  
      32 VARIABLES
  
      32 CONSTRAINTS CAN BE ACTIVE
  
     RELATIVE TIME PER CYCLE IS  267.8 UNITS
     WARNING - The macro function SPOTDATA is not supported on multiple threads.
               CODE V will set the multiple processor setting (MPP) to 1 to prevent errors.
               Please refer to the CODE V Setup and Operation Reference Manual for a complete list
               of pre-defined macro functions that are currently limited to running on a single thread.
  
 CYCLE NUMBER 0:
  
  ABERR F. =        1.84107269
  CONST F. =     8215.11158718
  ERR. F.  =     8216.95265987
  
  OPD     2.73500213     1.05356772     0.77906850
  WAV     2.99050663     1.20494629     0.86317848
  
  
  
  Parameter                 Value            Change
  CUY S2                4.21940928E-01      0.00E+00
  CUY S3               -4.58652479E-02      0.00E+00
  CUY S4                3.64033491E-01      0.00E+00
  CUY S5                5.85480094E-01      0.00E+00
  CUY S6                1.22549020E-01      0.00E+00
  CUY S7                1.72860847E-01      0.00E+00
  CUY S8                3.26813406E-03      0.00E+00
  CUY S9               -4.32900433E-01      0.00E+00
  CUY S10              -1.09409190E+00      0.00E+00
  CUY S11              -7.97448166E-01      0.00E+00
  CUY S12               5.83090379E-01      0.00E+00
  CUY S13               6.98812020E-01      0.00E+00
  A   S2               -4.32610000E-04      0.00E+00
  A   S3               -3.79240000E-04      0.00E+00
  A   S4               -2.80280000E-02      0.00E+00
  A   S5               -3.37740000E-02      0.00E+00
  A   S6               -5.59350000E-02      0.00E+00
  A   S7               -6.64420000E-02      0.00E+00
  A   S8               -7.60050000E-02      0.00E+00
  A   S9               -3.05400000E-02      0.00E+00
  A   S10              -3.96490000E-02      0.00E+00
  A   S11               1.04980000E-01      0.00E+00
  A   S12              -1.11710000E-01      0.00E+00
  A   S13              -5.35770000E-02      0.00E+00
  THI S1               -2.17000000E-01      0.00E+00
  THI S3                5.00000000E-02      0.00E+00
  THI S5                3.38000000E-01      0.00E+00
  THI S7                1.97000000E-01      0.00E+00
  THI S9                3.86000000E-01      0.00E+00
  THI S11               1.92000000E-01      0.00E+00
  THI S13               8.00000000E-01      0.00E+00
  THI S15               4.00000000E-01      0.00E+00
  
        EFL          REDU         PIM          OAL         EN PUP       EX PUP
      4.186649     0.000000     0.386375     4.871000     0.000000    -3.197874
  
  Specific Constraints:        target        value         diff      active (**)
  EFL                    =   4.18515E+00   4.18665E+00   1.503E-03    **
  
  Weighted Constraints:        target        value        WTC/PTC     contrib
  @ATELIER_LATCOLOR      =   0.00000E+00   3.65694E-01   1.000E-02   1.337E+01
  @ATELIER_RMSSPOT       =   0.00000E+00   9.05634E+01   1.000E-03   8.202E+03
  
  Constraints added:      EFL (=)                     Mn CT S1 (>)
  
 CYCLE NUMBER 1:
  
  ABERR F. =        0.35557915
  CONST F. =      312.82768749
  ERR. F.  =      313.18326664       (change =    -7903.76939323)
  
  OPD     0.24950025     0.37855639     0.37135432
  WAV     0.31838206     0.40630797     0.38562490
  
  
  
  Parameter                 Value            Change
  CUY S2                4.27698903E-01      5.76E-03
  CUY S3               -4.10673776E-02      4.80E-03
  CUY S4                3.49484786E-01     -1.45E-02
  CUY S5                5.81101920E-01     -4.38E-03
  CUY S6                1.30777135E-01      8.23E-03
  CUY S7                1.77562585E-01      4.70E-03
  CUY S8                7.36747701E-03      4.10E-03
  CUY S9               -4.35001473E-01     -2.10E-03
  CUY S10              -1.09614994E+00     -2.06E-03
  CUY S11              -8.00393192E-01     -2.95E-03
  CUY S12               5.84638371E-01      1.55E-03
  CUY S13               6.96876589E-01     -1.94E-03
  A   S2               -1.35080796E-04      2.98E-04
  A   S3               -6.65147223E-04     -2.86E-04
  A   S4               -2.76896136E-02      3.38E-04
  A   S5               -3.41237018E-02     -3.50E-04
  A   S6               -5.54792715E-02      4.56E-04
  A   S7               -6.69838480E-02     -5.42E-04
  A   S8               -7.54124333E-02      5.93E-04
  A   S9               -3.08679836E-02     -3.28E-04
  A   S10              -3.92672374E-02      3.82E-04
  A   S11               1.04698707E-01     -2.81E-04
  A   S12              -1.11475499E-01      2.35E-04
  A   S13              -5.41926775E-02     -6.16E-04
  THI S1                1.00000000E-03      2.18E-01
  THI S3                5.67376534E-02      6.74E-03
  THI S5                3.34077850E-01     -3.92E-03
  THI S7                1.93473597E-01     -3.53E-03
  THI S9                3.89905189E-01      3.91E-03
  THI S11               2.05131889E-01      1.31E-02
  THI S13               8.14343249E-01      1.43E-02
  THI S15               4.14343249E-01      1.43E-02
  
        EFL          REDU         PIM          OAL         EN PUP       EX PUP
      4.185143     0.000000     0.375286     5.119669     0.000000    -3.408541
  
  Active Constraints -   2:    target        value         diff        cost
  EFL                    =   4.18515E+00   4.18514E+00  -2.324E-06   1.606E-02
  Mn CT S1                                                          -1.776E-02
  
  Weighted Constraints:        target        value        WTC/PTC     contrib
  @ATELIER_LATCOLOR      =   0.00000E+00   5.58013E-01   1.000E-02   3.114E+01
  @ATELIER_RMSSPOT       =   0.00000E+00   1.67836E+01   1.000E-03   2.817E+02
  
 CYCLE NUMBER 2:
  
  ABERR F. =        0.07215328
  CONST F. =       51.91741157
  ERR. F.  =       51.98956486       (change =     -261.19370179)
  
  OPD     0.03637071     0.10192581     0.03919257
  WAV     0.04304825     0.11875485     0.04508829
  
  
  
  Parameter                 Value            Change
  CUY S2                4.21640824E-01     -6.06E-03
  CUY S3               -4.26576279E-02     -1.59E-03
  CUY S4                3.62195022E-01      1.27E-02
  CUY S5                5.92502459E-01      1.14E-02
  CUY S6                1.30694512E-01     -8.26E-05
  CUY S7                1.77807340E-01      2.45E-04
  CUY S8                9.44516030E-03      2.08E-03
  CUY S9               -4.33270039E-01      1.73E-03
  CUY S10              -1.09187311E+00      4.28E-03
  CUY S11              -7.97833317E-01      2.56E-03
  CUY S12               5.84719849E-01      8.15E-05
  CUY S13               6.92470734E-01     -4.41E-03
  A   S2               -7.17512507E-04     -5.82E-04
  A   S3               -3.01552457E-03     -2.35E-03
  A   S4               -2.55630711E-02      2.13E-03
  A   S5               -3.80220077E-02     -3.90E-03
  A   S6               -5.87630500E-02     -3.28E-03
  A   S7               -6.53552947E-02      1.63E-03
  A   S8               -7.26915288E-02      2.72E-03
  A   S9               -2.97214580E-02      1.15E-03
  A   S10              -3.94703143E-02     -2.03E-04
  A   S11               1.04727765E-01      2.91E-05
  A   S12              -1.11490649E-01     -1.51E-05
  A   S13              -5.39799687E-02      2.13E-04
  THI S1                1.00000000E-03      1.30E-17
  THI S3                5.65590583E-02     -1.79E-04
  THI S5                3.18367531E-01     -1.57E-02
  THI S7                1.96566809E-01      3.09E-03
  THI S9                3.77977150E-01     -1.19E-02
  THI S11               1.94875632E-01     -1.03E-02
  THI S13               8.15554766E-01      1.21E-03
  THI S15               4.15554766E-01      1.21E-03
  
        EFL          REDU         PIM          OAL         EN PUP       EX PUP
      4.184553     0.000000     0.408280     5.085901     0.000000    -3.398998
  
  Active Constraints -   2:    target        value         diff        cost
  EFL                    =   4.18515E+00   4.18455E+00  -5.922E-04   6.475E-07
  Mn CT S1                                                          -2.303E-08
  
  Weighted Constraints:        target        value        WTC/PTC     contrib
  @ATELIER_LATCOLOR      =   0.00000E+00   2.98766E-01   1.000E-02   8.926E+00
  @ATELIER_RMSSPOT       =   0.00000E+00   6.55677E+00   1.000E-03   4.299E+01
  
  Constraints released:   Mn CT S1 (>)
  Constraints released:   Mn CT S1 (>)
  
 CYCLE NUMBER 3:
  
  ABERR F. =        0.06822874
  CONST F. =       51.46547994
  ERR. F.  =       51.53370868       (change =       -0.45585618)
  
  OPD     0.04774131     0.08869186     0.04448173
  WAV     0.05247912     0.10241801     0.05062954
  
  
  
  Parameter                 Value            Change
  CUY S2                4.21599094E-01     -4.17E-05
  CUY S3               -4.26328124E-02      2.48E-05
  CUY S4                3.61488113E-01     -7.07E-04
  CUY S5                5.91691089E-01     -8.11E-04
  CUY S6                1.30674760E-01     -1.98E-05
  CUY S7                1.77723103E-01     -8.42E-05
  CUY S8                9.37894510E-03     -6.62E-05
  CUY S9               -4.33210966E-01      5.91E-05
  CUY S10              -1.09179943E+00      7.37E-05
  CUY S11              -7.97738502E-01      9.48E-05
  CUY S12               5.85129868E-01      4.10E-04
  CUY S13               6.93083854E-01      6.13E-04
  A   S2               -6.87580254E-04      2.99E-05
  A   S3               -3.00643896E-03      9.09E-06
  A   S4               -2.55714165E-02     -8.35E-06
  A   S5               -3.80164163E-02      5.59E-06
  A   S6               -5.87807307E-02     -1.77E-05
  A   S7               -6.52914409E-02      6.39E-05
  A   S8               -7.27056578E-02     -1.41E-05
  A   S9               -2.97028556E-02      1.86E-05
  A   S10              -3.94953817E-02     -2.51E-05
  A   S11               1.04748085E-01      2.03E-05
  A   S12              -1.11509800E-01     -1.92E-05
  A   S13              -5.39652386E-02      1.47E-05
  THI S1                3.57902849E-03      2.58E-03
  THI S3                5.68368063E-02      2.78E-04
  THI S5                3.18507242E-01      1.40E-04
  THI S7                1.96166384E-01     -4.00E-04
  THI S9                3.77803842E-01     -1.73E-04
  THI S11               1.95847362E-01      9.72E-04
  THI S13               8.15146350E-01     -4.08E-04
  THI S15               4.15146350E-01     -4.08E-04
  
        EFL          REDU         PIM          OAL         EN PUP       EX PUP
      4.185144     0.000000     0.408628     5.088887     0.000000    -3.400410
  
  Active Constraints -   1:    target        value         diff        cost
  EFL                    =   4.18515E+00   4.18514E+00  -1.686E-06   7.916E-04
  
  Weighted Constraints:        target        value        WTC/PTC     contrib
  @ATELIER_LATCOLOR      =   0.00000E+00   2.82315E-01   1.000E-02   7.970E+00
  @ATELIER_RMSSPOT       =   0.00000E+00   6.59510E+00   1.000E-03   4.350E+01
  
 CYCLE NUMBER 4:
  
  ABERR F. =        0.06644134
  CONST F. =       50.62514703
  ERR. F.  =       50.69158837       (change =       -0.84212031)
  
  OPD     0.03589420     0.09171907     0.04015388
  WAV     0.04189093     0.10628675     0.04606378
  
  
  
  Parameter                 Value            Change
  CUY S2                4.21683908E-01      8.48E-05
  CUY S3               -4.25548817E-02      7.79E-05
  CUY S4                3.61471668E-01     -1.64E-05
  CUY S5                5.91703670E-01      1.26E-05
  CUY S6                1.30748941E-01      7.42E-05
  CUY S7                1.77991284E-01      2.68E-04
  CUY S8                9.62662655E-03      2.48E-04
  CUY S9               -4.33187886E-01      2.31E-05
  CUY S10              -1.09181462E+00     -1.52E-05
  CUY S11              -7.97751120E-01     -1.26E-05
  CUY S12               5.85092634E-01     -3.72E-05
  CUY S13               6.93062303E-01     -2.16E-05
  A   S2               -6.83819158E-04      3.76E-06
  A   S3               -3.00870674E-03     -2.27E-06
  A   S4               -2.55688316E-02      2.58E-06
  A   S5               -3.80202373E-02     -3.82E-06
  A   S6               -5.87777411E-02      2.99E-06
  A   S7               -6.52949230E-02     -3.48E-06
  A   S8               -7.27010077E-02      4.65E-06
  A   S9               -2.97069157E-02     -4.06E-06
  A   S10              -3.94927576E-02      2.62E-06
  A   S11               1.04746097E-01     -1.99E-06
  A   S12              -1.11505436E-01      4.36E-06
  A   S13              -5.39652623E-02     -2.37E-08
  THI S1                2.98671693E-03     -5.92E-04
  THI S3                5.68667329E-02      2.99E-05
  THI S5                3.18348279E-01     -1.59E-04
  THI S7                1.96096974E-01     -6.94E-05
  THI S9                3.77838429E-01      3.46E-05
  THI S11               1.95909101E-01      6.17E-05
  THI S13               8.15209397E-01      6.30E-05
  THI S15               4.15209397E-01      6.30E-05
  
        EFL          REDU         PIM          OAL         EN PUP       EX PUP
      4.185146     0.000000     0.408537     5.088256     0.000000    -3.399832
  
  Active Constraints -   1:    target        value         diff        cost
  EFL                    =   4.18515E+00   4.18515E+00   6.895E-12   8.530E-04
  
  Weighted Constraints:        target        value        WTC/PTC     contrib
  @ATELIER_LATCOLOR      =   0.00000E+00   2.83468E-01   1.000E-02   8.035E+00
  @ATELIER_RMSSPOT       =   0.00000E+00   6.52608E+00   1.000E-03   4.259E+01
  
  Constraints added:      Mn CT S1 (>)
  Constraints released:   Mn CT S1 (>)
  
 CYCLE NUMBER 5:
  
  ABERR F. =        0.06626990
  CONST F. =       50.38191195
  ERR. F.  =       50.44818185       (change =       -0.24340652)
  
  OPD     0.03594211     0.09137421     0.04022279
  WAV     0.04190319     0.10586472     0.04613051
  
  
  
  Parameter                 Value            Change
  CUY S2                4.21683399E-01     -5.09E-07
  CUY S3               -4.25545230E-02      3.59E-07
  CUY S4                3.61472092E-01      4.24E-07
  CUY S5                5.91702381E-01     -1.29E-06
  CUY S6                1.30752487E-01      3.55E-06
  CUY S7                1.77994239E-01      2.95E-06
  CUY S8                9.62986079E-03      3.23E-06
  CUY S9               -4.33182921E-01      4.97E-06
  CUY S10              -1.09181405E+00      5.66E-07
  CUY S11              -7.97750595E-01      5.25E-07
  CUY S12               5.85115065E-01      2.24E-05
  CUY S13               6.93107281E-01      4.50E-05
  A   S2               -6.84034853E-04     -2.16E-07
  A   S3               -3.00843612E-03      2.71E-07
  A   S4               -2.55690720E-02     -2.40E-07
  A   S5               -3.80200895E-02      1.48E-07
  A   S6               -5.87779497E-02     -2.09E-07
  A   S7               -6.52945093E-02      4.14E-07
  A   S8               -7.27014084E-02     -4.01E-07
  A   S9               -2.97066875E-02      2.28E-07
  A   S10              -3.94931712E-02     -4.14E-07
  A   S11               1.04746352E-01      2.55E-07
  A   S12              -1.11505869E-01     -4.33E-07
  A   S13              -5.39651294E-02      1.33E-07
  THI S1                3.01834641E-03      3.16E-05
  THI S3                5.68704180E-02      3.69E-06
  THI S5                3.18350824E-01      2.55E-06
  THI S7                1.96092857E-01     -4.12E-06
  THI S9                3.77835178E-01     -3.25E-06
  THI S11               1.95920838E-01      1.17E-05
  THI S13               8.15221407E-01      1.20E-05
  THI S15               4.15221407E-01      1.20E-05
  
        EFL          REDU         PIM          OAL         EN PUP       EX PUP
      4.185146     0.000000     0.408496     5.088310     0.000000    -3.399800
  
  Active Constraints -   1:    target        value         diff        cost
  EFL                    =   4.18515E+00   4.18515E+00   9.090E-11  -2.470E-05
  
  Weighted Constraints:        target        value        WTC/PTC     contrib
  @ATELIER_LATCOLOR      =   0.00000E+00   2.83125E-01   1.000E-02   8.016E+00
  @ATELIER_RMSSPOT       =   0.00000E+00   6.50891E+00   1.000E-03   4.237E+01
  
  Constraints added:      Mn CT S1 (>)
  Constraints released:   Mn CT S1 (>)
  
 CYCLE NUMBER 6:
  
  ABERR F. =        0.06626259
  CONST F. =       50.37314562
  ERR. F.  =       50.43940821       (change =       -0.00877364)
  
  OPD     0.03585554     0.09139751     0.04020049
  WAV     0.04183311     0.10589346     0.04610580
  
  
  
  Parameter                 Value            Change
  CUY S2                4.21683445E-01      4.64E-08
  CUY S3               -4.25545225E-02      5.43E-10
  CUY S4                3.61471471E-01     -6.21E-07
  CUY S5                5.91701869E-01     -5.11E-07
  CUY S6                1.30752216E-01     -2.71E-07
  CUY S7                1.77994027E-01     -2.12E-07
  CUY S8                9.62962695E-03     -2.34E-07
  CUY S9               -4.33183298E-01     -3.77E-07
  CUY S10              -1.09181412E+00     -6.78E-08
  CUY S11              -7.97750684E-01     -8.90E-08
  CUY S12               5.85111741E-01     -3.32E-06
  CUY S13               6.93100651E-01     -6.63E-06
  A   S2               -6.84023744E-04      1.11E-08
  A   S3               -3.00844842E-03     -1.23E-08
  A   S4               -2.55690596E-02      1.24E-08
  A   S5               -3.80200997E-02     -1.03E-08
  A   S6               -5.87779354E-02      1.43E-08
  A   S7               -6.52945314E-02     -2.21E-08
  A   S8               -7.27013863E-02      2.21E-08
  A   S9               -2.97067015E-02     -1.40E-08
  A   S10              -3.94931536E-02      1.76E-08
  A   S11               1.04746338E-01     -1.38E-08
  A   S12              -1.11505848E-01      2.08E-08
  A   S13              -5.39651254E-02      3.98E-09
  THI S1                3.01744062E-03     -9.06E-07
  THI S3                5.68709680E-02      5.50E-07
  THI S5                3.18349413E-01     -1.41E-06
  THI S7                1.96092334E-01     -5.23E-07
  THI S9                3.77835339E-01      1.61E-07
  THI S11               1.95922501E-01      1.66E-06
  THI S13               8.15223376E-01      1.97E-06
  THI S15               4.15223376E-01      1.97E-06
  
        EFL          REDU         PIM          OAL         EN PUP       EX PUP
      4.185146     0.000000     0.408496     5.088311     0.000000    -3.399813
  
  Active Constraints -   1:    target        value         diff        cost
  EFL                    =   4.18515E+00   4.18515E+00  -1.539E-08   2.138E-05
  
  Weighted Constraints:        target        value        WTC/PTC     contrib
  @ATELIER_LATCOLOR      =   0.00000E+00   2.83123E-01   1.000E-02   8.016E+00
  @ATELIER_RMSSPOT       =   0.00000E+00   6.50825E+00   1.000E-03   4.236E+01
  
     Normal AUTO Completion - System improvement less than IMP
AUT> GO
 
 
CODE V> BUF PUT B1 I^row J1 "schema"
      Created new worksheet B1.
CODE V> BUF PUT B1 I^row J2 "atelier-codev-target-v1"
CODE V> BUF PUT B1 I^row J1 "status"
CODE V> BUF PUT B1 I^row J2 "ok"
CODE V> BUF PUT B1 I^row J1 "mode"
CODE V> BUF PUT B1 I^row J2 "target"
CODE V> BUF PUT B1 I^row J1 "stage"
CODE V> BUF PUT B1 I^row J2 "A"
CODE V> BUF PUT B1 I^row J1 "source_zmx"
CODE V> BUF PUT B1 I^row J2 "US20140111876A1.zmx"
CODE V> BUF PUT B1 I^row J1 "num_fields"
CODE V> BUF PUT B1 I^row J2 ^numf_out
CODE V> BUF PUT B1 I^row J1 "vignetting_edge"
CODE V> BUF PUT B1 I^row J2 0.3
CODE V> BUF PUT B1 I^row J1 "target.efl_mm"
CODE V> BUF PUT B1 I^row J2 ^target_efl
CODE V> BUF PUT B1 I^row J1 "seed_baseline.efl_y_mm"
CODE V> BUF PUT B1 I^row J2 ^seed_baseline_efl_y_mm
CODE V> BUF PUT B1 I^row J1 "seed_baseline.max_lateral_color_um"
CODE V> BUF PUT B1 I^row J2 ^seed_baseline_max_lateral_color_um
CODE V> BUF PUT B1 I^row J1 "seed_baseline.max_rms_spot_diameter_um"
CODE V> BUF PUT B1 I^row J2 ^seed_baseline_max_rms_spot_diameter_um
CODE V> BUF PUT B1 I^row J1 "seed_baseline.max_rms_wavefront_error_waves"
CODE V> BUF PUT B1 I^row J2 ^seed_baseline_max_rms_wavefront_error_waves
CODE V> BUF PUT B1 I^row J1 "seed_baseline.max_distortion_pct"
CODE V> BUF PUT B1 I^row J2 ^seed_baseline_max_distortion_pct
CODE V> BUF PUT B1 I^row J1 "seed_baseline.fno"
CODE V> BUF PUT B1 I^row J2 ^seed_baseline_fno
CODE V> BUF PUT B1 I^row J1 "seed_baseline.epd_mm"
CODE V> BUF PUT B1 I^row J2 ^seed_baseline_epd
CODE V> BUF PUT B1 I^row J1 "seed_baseline.maximh_mm"
CODE V> BUF PUT B1 I^row J2 ^seed_baseline_maximh
CODE V> BUF PUT B1 I^row J1 "config_pre_aut.efl_y_mm"
CODE V> BUF PUT B1 I^row J2 ^config_pre_aut_efl_y_mm
CODE V> BUF PUT B1 I^row J1 "config_pre_aut.max_lateral_color_um"
CODE V> BUF PUT B1 I^row J2 ^config_pre_aut_max_lateral_color_um
CODE V> BUF PUT B1 I^row J1 "config_pre_aut.max_rms_spot_diameter_um"
CODE V> BUF PUT B1 I^row J2 ^config_pre_aut_max_rms_spot_diameter_um
CODE V> BUF PUT B1 I^row J1 "config_pre_aut.max_rms_wavefront_error_waves"
CODE V> BUF PUT B1 I^row J2 ^config_pre_aut_max_rms_wavefront_error_waves
CODE V> BUF PUT B1 I^row J1 "config_pre_aut.max_distortion_pct"
CODE V> BUF PUT B1 I^row J2 ^config_pre_aut_max_distortion_pct
CODE V> BUF PUT B1 I^row J1 "config_pre_aut.fno"
CODE V> BUF PUT B1 I^row J2 ^config_pre_aut_fno
CODE V> BUF PUT B1 I^row J1 "config_pre_aut.epd_mm"
CODE V> BUF PUT B1 I^row J2 ^config_pre_aut_epd
CODE V> BUF PUT B1 I^row J1 "config_pre_aut.maximh_mm"
CODE V> BUF PUT B1 I^row J2 ^config_pre_aut_maximh
CODE V> BUF PUT B1 I^row J1 "post_aut.efl_y_mm"
CODE V> BUF PUT B1 I^row J2 ^post_aut_efl_y_mm
CODE V> BUF PUT B1 I^row J1 "post_aut.max_lateral_color_um"
CODE V> BUF PUT B1 I^row J2 ^post_aut_max_lateral_color_um
CODE V> BUF PUT B1 I^row J1 "post_aut.max_rms_spot_diameter_um"
CODE V> BUF PUT B1 I^row J2 ^post_aut_max_rms_spot_diameter_um
CODE V> BUF PUT B1 I^row J1 "post_aut.max_rms_wavefront_error_waves"
CODE V> BUF PUT B1 I^row J2 ^post_aut_max_rms_wavefront_error_waves
CODE V> BUF PUT B1 I^row J1 "post_aut.max_distortion_pct"
CODE V> BUF PUT B1 I^row J2 ^post_aut_max_distortion_pct
CODE V> BUF PUT B1 I^row J1 "post_aut.fno"
CODE V> BUF PUT B1 I^row J2 ^post_aut_fno
CODE V> BUF PUT B1 I^row J1 "post_aut.epd_mm"
CODE V> BUF PUT B1 I^row J2 ^post_aut_epd
CODE V> BUF PUT B1 I^row J1 "post_aut.maximh_mm"
CODE V> BUF PUT B1 I^row J2 ^post_aut_maximh
CODE V> BUF PUT B1 I^row J1 "efl_target_deviation_pct"
CODE V> BUF PUT B1 I^row J2 ^efl_target_dev_pct
CODE V> BUF PUT B1 I^row J1 "aut_converged"
CODE V> BUF PUT B1 I^row J2 ^aut_converged
CODE V> BUF EXP B1 "D:\atelier-wt-c\.planning\loop\p15-stageb-evidence\fno-matrix-2026-07-11\US20140111876A1_loosen\rung0_native\ray_retry\atelier_codev_target_A_vig0300.tsv"
     Buffer B1 exported to file atelier_codev_target_A_vig0300.tsv
CODE V> BUF DEL B1
CODE V> OUT YES
CODE V> EXI YES
     EXI                                                                              11-Jul-26  14H 13M 34S
                                                 CODE V PC  Version: 11.5             CPU clock:  0H  0M  4S
