  
  
                                   Welcome to
  
                                   C O D E   V
  
                                PC  Version 11.5
                                   Build 27302701
  
                                   11-Jul-2026
  
                            A proprietary product of
  
                              SYNOPSYS, INC
                              Pasadena, California
  
CODE V> OUT NO
     Radius input/output mode
  
    Lens data created by Zemax version 200706
  
    Zemax command MODE ignored
    ZEMAX NOTE 0 table5
    Zemax command PFIL ignored
    Zemax command LANG ignored
     WARNING - Glass catalog list not used.
     WARNING - Ray aiming not used.
     WARNING - Pupil shift for ray aiming not used.
    Zemax command SDMA ignored
    Zemax command OMMA ignored
    Zemax command HYPR ignored
     WARNING - Vignetting angles not used.
    Zemax command POLS ignored
    Zemax command GLRS ignored
    Zemax command GSTD ignored
    Zemax command NSCD ignored
    Zemax command COFN ignored
    Zemax command COFN ignored
  
     Surface pointer = OBJ
    Zemax surface type  STANDARD
    CODE V surface type SPH
    Zemax command FIMP ignored.
     WARNING - Hiding of rays not used.
    Zemax command MIRR ignored.
    Zemax command SLAB ignored.
    Zemax command MEMA ignored.
    Zemax command POPS ignored.
  
     Surface pointer = 1
    Zemax surface type  STANDARD
    CODE V surface type SPH
    Zemax command FIMP ignored.
     WARNING - Hiding of rays not used.
    Zemax command MIRR ignored.
    Zemax command SLAB ignored.
    Zemax command MEMA ignored.
    Zemax command POPS ignored.
  
     Surface pointer = 2
    Zemax surface type  EVENASPH
    CODE V surface type ASP
    Zemax command FIMP ignored.
     WARNING - Hiding of rays not used.
    Zemax command MIRR ignored.
    Zemax command SLAB ignored.
     WARNING - Partial dispersion of model glass not used.
    Zemax command MEMA ignored.
    Zemax command POPS ignored.
  
     Surface pointer = 3
    Zemax surface type  EVENASPH
    CODE V surface type ASP
    Zemax command FIMP ignored.
     WARNING - Hiding of rays not used.
    Zemax command MIRR ignored.
    Zemax command SLAB ignored.
    Zemax command MEMA ignored.
    Zemax command POPS ignored.
  
     Surface pointer = 4
    Zemax surface type  EVENASPH
    CODE V surface type ASP
    Zemax command FIMP ignored.
     WARNING - Hiding of rays not used.
    Zemax command MIRR ignored.
    Zemax command SLAB ignored.
     WARNING - Partial dispersion of model glass not used.
    Zemax command MEMA ignored.
    Zemax command POPS ignored.
  
     Surface pointer = 5
    Zemax surface type  EVENASPH
    CODE V surface type ASP
    Zemax command FIMP ignored.
     WARNING - Hiding of rays not used.
    Zemax command MIRR ignored.
    Zemax command SLAB ignored.
    Zemax command MEMA ignored.
    Zemax command POPS ignored.
  
     Surface pointer = 6
    Zemax surface type  EVENASPH
    CODE V surface type ASP
    Zemax command FIMP ignored.
     WARNING - Hiding of rays not used.
    Zemax command MIRR ignored.
    Zemax command SLAB ignored.
     WARNING - Partial dispersion of model glass not used.
    Zemax command MEMA ignored.
    Zemax command POPS ignored.
  
     Surface pointer = 7
    Zemax surface type  EVENASPH
    CODE V surface type ASP
    Zemax command FIMP ignored.
     WARNING - Hiding of rays not used.
    Zemax command MIRR ignored.
    Zemax command SLAB ignored.
    Zemax command MEMA ignored.
    Zemax command POPS ignored.
  
     Surface pointer = 8
    Zemax surface type  EVENASPH
    CODE V surface type ASP
    Zemax command FIMP ignored.
     WARNING - Hiding of rays not used.
    Zemax command MIRR ignored.
    Zemax command SLAB ignored.
     WARNING - Partial dispersion of model glass not used.
    Zemax command MEMA ignored.
    Zemax command POPS ignored.
  
     Surface pointer = 9
    Zemax surface type  EVENASPH
    CODE V surface type ASP
    Zemax command FIMP ignored.
     WARNING - Hiding of rays not used.
    Zemax command MIRR ignored.
    Zemax command SLAB ignored.
    Zemax command MEMA ignored.
    Zemax command POPS ignored.
  
     Surface pointer = 10
    Zemax surface type  EVENASPH
    CODE V surface type ASP
    Zemax command FIMP ignored.
     WARNING - Hiding of rays not used.
    Zemax command MIRR ignored.
    Zemax command SLAB ignored.
     WARNING - Partial dispersion of model glass not used.
    Zemax command MEMA ignored.
    Zemax command POPS ignored.
  
     Surface pointer = 11
    Zemax surface type  EVENASPH
    CODE V surface type ASP
    Zemax command FIMP ignored.
     WARNING - Hiding of rays not used.
    Zemax command MIRR ignored.
    Zemax command SLAB ignored.
    Zemax command MEMA ignored.
    Zemax command POPS ignored.
  
     Surface pointer = 12
    Zemax surface type  EVENASPH
    CODE V surface type ASP
    Zemax command FIMP ignored.
     WARNING - Hiding of rays not used.
    Zemax command MIRR ignored.
    Zemax command SLAB ignored.
     WARNING - Partial dispersion of model glass not used.
    Zemax command MEMA ignored.
    Zemax command POPS ignored.
  
     Surface pointer = 13
    Zemax surface type  EVENASPH
    CODE V surface type ASP
    Zemax command FIMP ignored.
     WARNING - Hiding of rays not used.
    Zemax command MIRR ignored.
    Zemax command SLAB ignored.
    Zemax command MEMA ignored.
    Zemax command POPS ignored.
  
     Surface pointer = 14
    Zemax surface type  STANDARD
    CODE V surface type SPH
    Zemax command FIMP ignored.
     WARNING - Hiding of rays not used.
    Zemax command MIRR ignored.
    Zemax command SLAB ignored.
     WARNING - Partial dispersion of model glass not used.
    Zemax command MEMA ignored.
    Zemax command POPS ignored.
  
     Surface pointer = 15
    Zemax surface type  STANDARD
    CODE V surface type SPH
    Zemax command FIMP ignored.
     WARNING - Hiding of rays not used.
    Zemax command MIRR ignored.
    Zemax command SLAB ignored.
    Zemax command MEMA ignored.
    Zemax command POPS ignored.
  
     Surface pointer = IMG
    Zemax surface type  STANDARD
    CODE V surface type SPH
    Zemax command FIMP ignored.
     WARNING - Hiding of rays not used.
    Zemax command MIRR ignored.
    Zemax command SLAB ignored.
    Zemax command MEMA ignored.
    Zemax command POPS ignored.
  
     WARNING - Please check the converted lens carefully.
               Some information will not be converted.
               Changes in either CODE V or ZEMAX may invalidate
               the converted information.
               Due to differences between CODE V and ZEMAX ray
               aiming and vignetting factors, it is recommended
               that you set vignetting for the converted system.
  
               A concise listing of conversion warnings appears
               in the Tabbed Output Window 'Info' tab and in the
               Command Window.
  
CODE V> DEF VAR SA
     ERROR - Total reflection at surface   9 for zoom position  1
     ERROR - One or more of the reference rays from field  2 is deviated far from
             most of the other rays from this field point.  The reference rays are
             used to determine the numerical aperture and the grid spacing.  Thus, it
             is important that these rays are focused at approximately the same spot
             as the other rays from this field point.  Modifying the vignetting
             may solve this problem and allow the computation to proceed.
CODE V> VUY 0 0.5 0.5
CODE V> VLY 0 0.5 0.5
CODE V> VUX 0 0.5 0.5
CODE V> VLX 0 0.5 0.5
 
 
CODE V> AUT
     AUT                                                                              11-Jul-26  14H 13M 49S
                                                 CODE V PC  Version: 11.5             CPU clock:  0H  0M  0S
     ***Defocussing frozen to eliminate redundant variable
AUT>   SUR N
AUT>   CHG SA
AUT>   WFR Y
AUT>   WTF FA 10
AUT>   EFL = 4.18514570787019
AUT>   @atelier_latcolor == @lcum(1)
AUT>   @atelier_latcolor = 0
AUT>   WTC 0.01
AUT>   @atelier_rmsspot == @rmssum(1)
AUT>   @atelier_rmsspot = 0
AUT>   WTC 0.001
AUT>   MNT 0.025
AUT>   MNE 0.025
AUT>   MXT 10
AUT>   MNA 0.001
AUT>   MXC 25
AUT>   MNC 3
AUT>   IMP 0.001
AUT> GO
 -------------------------------------------------------------------------------
  
       USER CONSTRAINT DEFINITIONS
            @atelier_rmsspot == @rmssum(1)
  
            @atelier_latcolor == @lcum(1)
  
  
  
       POTENTIALLY ACTIVE SPECIFIC CONSTRAINTS
         EFL                                  =       4.185146
         @ATELIER_LATCOLOR                    =       0.000000     (WTC =    0.01000)
         @ATELIER_RMSSPOT                     =       0.000000     (WTC =    0.00100)
  
       GENERAL CONSTRAINTS
         MXT      10.000000
         MNT       0.025000
         MNE       0.025000
         MNA       0.001000
         MAE       0.002500
         GLA               NFK5  NSK16  NLAF2  SF4
  
       ERROR FUNCTION CONSTRUCTION
         WFR        Y
         WTW       1          1          1
         WTA       0.000000
         DEL       0.220000
         WTX F1   10.000000
         WTX F2   10.000000
         WTX F3   10.000000
         WTY F1   10.000000
         WTY F2   10.000000
         WTY F3   10.000000
  
       CONVERGENCE CONTROLS
         MXC        25
         MNC         3
         TAR       0.000000
         IMP       0.001000
  
       OUTPUT CONTROLS
         SUR NO
         CHG S0..16
  
     Recommendations for most stable convergence:
  
       Use object space aperture specifications:
       - NAO for finite conjugate systems
       - EPD for infinite conjugate systems
  
       VARIABLE LIST
  
         NO      PARAMETERS *
          1      CUY S2       CUY S3       CUY S4       CUY S5
          2      CUY S3       CUY S4
          3      CUY S4       CUY S5
          4      CUY S5       CUY S6
          5      CUY S6       CUY S7       CUY S8       CUY S9
          6      CUY S7       CUY S8
          7      CUY S8       CUY S9
          8      CUY S9       CUY S10
          9      CUY S10       CUY S11
         10      CUY S11       CUY S12
         11      CUY S12       CUY S13
         12      CUY S13
         13      A   S2
         14      A   S3
         15      A   S4
         16      A   S5
         17      A   S6
         18      A   S7
         19      A   S8
         20      A   S9
         21      A   S10
         22      A   S11
         23      A   S12
         24      A   S13
         25      THI S1
         26      THI S3
         27      THI S5
         28      THI S7
         29      THI S9
         30      THI S11
         31      THI S13
         32      THI S15
  
     * Multiple entries on a line are composite variables.
     Composite variables are either program-generated bendings
     or user-requested couplings.
  
      32 VARIABLES
  
      32 CONSTRAINTS CAN BE ACTIVE
  
     RELATIVE TIME PER CYCLE IS  267.8 UNITS
     WARNING - The macro function SPOTDATA is not supported on multiple threads.
               CODE V will set the multiple processor setting (MPP) to 1 to prevent errors.
               Please refer to the CODE V Setup and Operation Reference Manual for a complete list
               of pre-defined macro functions that are currently limited to running on a single thread.
  
 CYCLE NUMBER 0:
  
  ABERR F. =        1.66921283
  CONST F. =     6300.71254163
  ERR. F.  =     6302.38175446
  
  OPD     2.73500213     0.30034904     0.19200106
  WAV     2.99050663     0.34764219     0.21525139
  
  
  
  Parameter                 Value            Change
  CUY S2                4.21940928E-01      0.00E+00
  CUY S3               -4.58652479E-02      0.00E+00
  CUY S4                3.64033491E-01      0.00E+00
  CUY S5                5.85480094E-01      0.00E+00
  CUY S6                1.22549020E-01      0.00E+00
  CUY S7                1.72860847E-01      0.00E+00
  CUY S8                3.26813406E-03      0.00E+00
  CUY S9               -4.32900433E-01      0.00E+00
  CUY S10              -1.09409190E+00      0.00E+00
  CUY S11              -7.97448166E-01      0.00E+00
  CUY S12               5.83090379E-01      0.00E+00
  CUY S13               6.98812020E-01      0.00E+00
  A   S2               -4.32610000E-04      0.00E+00
  A   S3               -3.79240000E-04      0.00E+00
  A   S4               -2.80280000E-02      0.00E+00
  A   S5               -3.37740000E-02      0.00E+00
  A   S6               -5.59350000E-02      0.00E+00
  A   S7               -6.64420000E-02      0.00E+00
  A   S8               -7.60050000E-02      0.00E+00
  A   S9               -3.05400000E-02      0.00E+00
  A   S10              -3.96490000E-02      0.00E+00
  A   S11               1.04980000E-01      0.00E+00
  A   S12              -1.11710000E-01      0.00E+00
  A   S13              -5.35770000E-02      0.00E+00
  THI S1               -2.17000000E-01      0.00E+00
  THI S3                5.00000000E-02      0.00E+00
  THI S5                3.38000000E-01      0.00E+00
  THI S7                1.97000000E-01      0.00E+00
  THI S9                3.86000000E-01      0.00E+00
  THI S11               1.92000000E-01      0.00E+00
  THI S13               8.00000000E-01      0.00E+00
  THI S15               4.00000000E-01      0.00E+00
  
        EFL          REDU         PIM          OAL         EN PUP       EX PUP
      4.186649     0.000000     0.386375     4.871000     0.000000    -3.197874
  
  Specific Constraints:        target        value         diff      active (**)
  EFL                    =   4.18515E+00   4.18665E+00   1.503E-03    **
  
  Weighted Constraints:        target        value        WTC/PTC     contrib
  @ATELIER_LATCOLOR      =   0.00000E+00   3.65694E-01   1.000E-02   1.337E+01
  @ATELIER_RMSSPOT       =   0.00000E+00   7.92927E+01   1.000E-03   6.287E+03
  
  Constraints added:      EFL (=)                     Mn CT S1 (>)
  
 CYCLE NUMBER 1:
  
  ABERR F. =        0.27914951
  CONST F. =     1149.93895478
  ERR. F.  =     1150.21810430       (change =    -5152.16365016)
  
  OPD     0.07397317     0.40641462     0.18987527
  WAV     0.07810616     0.46268255     0.20167673
  
  
  
  Parameter                 Value            Change
  CUY S2                4.38038009E-01      1.61E-02
  CUY S3               -3.40882751E-02      1.18E-02
  CUY S4                3.76916560E-01      1.29E-02
  CUY S5                6.18831486E-01      3.34E-02
  CUY S6                1.22824339E-01      2.75E-04
  CUY S7                1.62346683E-01     -1.05E-02
  CUY S8               -5.51066651E-04     -3.82E-03
  CUY S9               -4.38570444E-01     -5.67E-03
  CUY S10              -1.09099174E+00      3.10E-03
  CUY S11              -7.98325882E-01     -8.78E-04
  CUY S12               5.75387811E-01     -7.70E-03
  CUY S13               6.87897770E-01     -1.09E-02
  A   S2               -5.33466238E-04     -1.01E-04
  A   S3               -1.72303510E-03     -1.34E-03
  A   S4               -2.63852511E-02      1.64E-03
  A   S5               -3.57356366E-02     -1.96E-03
  A   S6               -5.45952421E-02      1.34E-03
  A   S7               -6.64749918E-02     -3.30E-05
  A   S8               -7.70828677E-02     -1.08E-03
  A   S9               -2.76221578E-02      2.92E-03
  A   S10              -3.98123526E-02     -1.63E-04
  A   S11               1.05025520E-01      4.55E-05
  A   S12              -1.10969088E-01      7.41E-04
  A   S13              -5.35658747E-02      1.11E-05
  THI S1                1.00000000E-03      2.18E-01
  THI S3                6.26464967E-02      1.26E-02
  THI S5                3.03471333E-01     -3.45E-02
  THI S7                1.75073755E-01     -2.19E-02
  THI S9                3.97219527E-01      1.12E-02
  THI S11               2.01778737E-01      9.78E-03
  THI S13               8.02860711E-01      2.86E-03
  THI S15               4.02860711E-01      2.86E-03
  
        EFL          REDU         PIM          OAL         EN PUP       EX PUP
      4.185147     0.000000     0.389954     5.069051     0.000000    -3.359397
  
  Active Constraints -   2:    target        value         diff        cost
  EFL                    =   4.18515E+00   4.18515E+00   1.560E-06   5.519E-08
  Mn CT S1                                                          -1.972E-09
  
  Weighted Constraints:        target        value        WTC/PTC     contrib
  @ATELIER_LATCOLOR      =   0.00000E+00   5.13095E-01   1.000E-02   2.633E+01
  @ATELIER_RMSSPOT       =   0.00000E+00   3.35203E+01   1.000E-03   1.124E+03
  
 CYCLE NUMBER 2:
  
  ABERR F. =        0.04544259
  CONST F. =       69.90561224
  ERR. F.  =       69.95105483       (change =    -1080.26704947)
  
  OPD     0.02791435     0.06712575     0.01520634
  WAV     0.03389945     0.07376381     0.01684007
  
  
  
  Parameter                 Value            Change
  CUY S2                4.32178779E-01     -5.86E-03
  CUY S3               -3.98979607E-02     -5.81E-03
  CUY S4                3.75280110E-01     -1.64E-03
  CUY S5                6.12600792E-01     -6.23E-03
  CUY S6                1.20534216E-01     -2.29E-03
  CUY S7                1.57414830E-01     -4.93E-03
  CUY S8               -4.38181856E-03     -3.83E-03
  CUY S9               -4.35250191E-01      3.32E-03
  CUY S10              -1.09267998E+00     -1.69E-03
  CUY S11              -8.01105255E-01     -2.78E-03
  CUY S12               5.70216218E-01     -5.17E-03
  CUY S13               6.77201646E-01     -1.07E-02
  A   S2                9.94944145E-04      1.53E-03
  A   S3               -2.57520820E-03     -8.52E-04
  A   S4               -2.67387486E-02     -3.53E-04
  A   S5               -3.51609760E-02      5.75E-04
  A   S6               -5.46586805E-02     -6.34E-05
  A   S7               -6.67472097E-02     -2.72E-04
  A   S8               -7.72676942E-02     -1.85E-04
  A   S9               -2.74136093E-02      2.09E-04
  A   S10              -4.00604288E-02     -2.48E-04
  A   S11               1.05188493E-01      1.63E-04
  A   S12              -1.10935674E-01      3.34E-05
  A   S13              -5.39004851E-02     -3.35E-04
  THI S1                1.00000000E-03      5.74E-16
  THI S3                6.05347415E-02     -2.11E-03
  THI S5                3.13610362E-01      1.01E-02
  THI S7                1.82146442E-01      7.07E-03
  THI S9                3.83126625E-01     -1.41E-02
  THI S11               2.03108925E-01      1.33E-03
  THI S13               8.04855609E-01      1.99E-03
  THI S15               4.04855609E-01      1.99E-03
  
        EFL          REDU         PIM          OAL         EN PUP       EX PUP
      4.185154     0.000000     0.398345     5.073383     0.000000    -3.390061
  
  Active Constraints -   2:    target        value         diff        cost
  EFL                    =   4.18515E+00   4.18515E+00   8.180E-06   2.262E-08
  Mn CT S1                                                          -2.611E-09
  
  Weighted Constraints:        target        value        WTC/PTC     contrib
  @ATELIER_LATCOLOR      =   0.00000E+00   7.69385E-02   1.000E-02   5.920E-01
  @ATELIER_RMSSPOT       =   0.00000E+00   8.32548E+00   1.000E-03   6.931E+01
  
  Constraints released:   Mn CT S1 (>)
  Constraints released:   Mn CT S1 (>)
  
 CYCLE NUMBER 3:
  
  ABERR F. =        0.04257436
  CONST F. =       67.94626091
  ERR. F.  =       67.98883527       (change =       -1.96221956)
  
  OPD     0.02142152     0.06342641     0.01755286
  WAV     0.02797052     0.07006078     0.01986701
  
  
  
  Parameter                 Value            Change
  CUY S2                4.32227037E-01      4.83E-05
  CUY S3               -3.98109280E-02      8.70E-05
  CUY S4                3.76033027E-01      7.53E-04
  CUY S5                6.13436221E-01      8.35E-04
  CUY S6                1.20576918E-01      4.27E-05
  CUY S7                1.57521306E-01      1.06E-04
  CUY S8               -4.24132990E-03      1.40E-04
  CUY S9               -4.35362585E-01     -1.12E-04
  CUY S10              -1.09270529E+00     -2.53E-05
  CUY S11              -8.01029225E-01      7.60E-05
  CUY S12               5.69099490E-01     -1.12E-03
  CUY S13               6.75244529E-01     -1.96E-03
  A   S2                9.87355294E-04     -7.59E-06
  A   S3               -2.56725313E-03      7.96E-06
  A   S4               -2.66971360E-02      4.16E-05
  A   S5               -3.51862763E-02     -2.53E-05
  A   S6               -5.46914427E-02     -3.28E-05
  A   S7               -6.67357553E-02      1.15E-05
  A   S8               -7.73109677E-02     -4.33E-05
  A   S9               -2.73907967E-02      2.28E-05
  A   S10              -4.00746802E-02     -1.43E-05
  A   S11               1.05197488E-01      8.99E-06
  A   S12              -1.10959428E-01     -2.38E-05
  A   S13              -5.39024190E-02     -1.93E-06
  THI S1                4.18576468E-03      3.19E-03
  THI S3                6.04961290E-02     -3.86E-05
  THI S5                3.13768277E-01      1.58E-04
  THI S7                1.82237188E-01      9.07E-05
  THI S9                3.83688492E-01      5.62E-04
  THI S11               2.02325205E-01     -7.84E-04
  THI S13               8.04297880E-01     -5.58E-04
  THI S15               4.04297881E-01     -5.58E-04
  
        EFL          REDU         PIM          OAL         EN PUP       EX PUP
      4.185144     0.000000     0.399008     5.075999     0.000000    -3.394731
  
  Active Constraints -   1:    target        value         diff        cost
  EFL                    =   4.18515E+00   4.18514E+00  -1.725E-06   2.380E-04
  
  Weighted Constraints:        target        value        WTC/PTC     contrib
  @ATELIER_LATCOLOR      =   0.00000E+00   6.47074E-02   1.000E-02   4.187E-01
  @ATELIER_RMSSPOT       =   0.00000E+00   8.21752E+00   1.000E-03   6.753E+01
  
 CYCLE NUMBER 4:
  
  ABERR F. =        0.03830532
  CONST F. =       59.48713005
  ERR. F.  =       59.52543537       (change =       -8.46339990)
  
  OPD     0.03201914     0.05085289     0.01483879
  WAV     0.03893824     0.05641206     0.01654829
  
  
  
  Parameter                 Value            Change
  CUY S2                4.32268622E-01      4.16E-05
  CUY S3               -3.97813575E-02      2.96E-05
  CUY S4                3.75931292E-01     -1.02E-04
  CUY S5                6.13374082E-01     -6.21E-05
  CUY S6                1.20541527E-01     -3.54E-05
  CUY S7                1.57691856E-01      1.71E-04
  CUY S8               -4.09022653E-03      1.51E-04
  CUY S9               -4.35455782E-01     -9.32E-05
  CUY S10              -1.09273586E+00     -3.06E-05
  CUY S11              -8.01067494E-01     -3.83E-05
  CUY S12               5.68733161E-01     -3.66E-04
  CUY S13               6.74559721E-01     -6.85E-04
  A   S2                9.90786951E-04      3.43E-06
  A   S3               -2.57097214E-03     -3.72E-06
  A   S4               -2.66932076E-02      3.93E-06
  A   S5               -3.51908419E-02     -4.57E-06
  A   S6               -5.46857058E-02      5.74E-06
  A   S7               -6.67412175E-02     -5.46E-06
  A   S8               -7.73049823E-02      5.99E-06
  A   S9               -2.73963042E-02     -5.51E-06
  A   S10              -4.00698211E-02      4.86E-06
  A   S11               1.05193219E-01     -4.27E-06
  A   S12              -1.10955762E-01      3.67E-06
  A   S13              -5.39079432E-02     -5.52E-06
  THI S1                4.58095988E-03      3.95E-04
  THI S3                6.05517750E-02      5.56E-05
  THI S5                3.13399009E-01     -3.69E-04
  THI S7                1.82156102E-01     -8.11E-05
  THI S9                3.83749436E-01      6.09E-05
  THI S11               2.02412894E-01      8.77E-05
  THI S13               8.04397599E-01      9.97E-05
  THI S15               4.04397600E-01      9.97E-05
  
        EFL          REDU         PIM          OAL         EN PUP       EX PUP
      4.185146     0.000000     0.399388     5.076248     0.000000    -3.396075
  
  Active Constraints -   1:    target        value         diff        cost
  EFL                    =   4.18515E+00   4.18515E+00   2.596E-11  -4.491E-04
  
  Weighted Constraints:        target        value        WTC/PTC     contrib
  @ATELIER_LATCOLOR      =   0.00000E+00   6.92510E-02   1.000E-02   4.796E-01
  @ATELIER_RMSSPOT       =   0.00000E+00   7.68164E+00   1.000E-03   5.901E+01
  
 CYCLE NUMBER 5:
  
  ABERR F. =        0.03797567
  CONST F. =       58.98322175
  ERR. F.  =       59.02119742       (change =       -0.50423795)
  
  OPD     0.03060107     0.05086655     0.01524281
  WAV     0.03756604     0.05650546     0.01710732
  
  
  
  Parameter                 Value            Change
  CUY S2                4.32277160E-01      8.54E-06
  CUY S3               -3.97618267E-02      1.95E-05
  CUY S4                3.76019928E-01      8.86E-05
  CUY S5                6.13474561E-01      1.00E-04
  CUY S6                1.20534208E-01     -7.32E-06
  CUY S7                1.57712329E-01      2.05E-05
  CUY S8               -4.04451818E-03      4.57E-05
  CUY S9               -4.35450928E-01      4.85E-06
  CUY S10              -1.09271924E+00      1.66E-05
  CUY S11              -8.01055089E-01      1.24E-05
  CUY S12               5.68394678E-01     -3.38E-04
  CUY S13               6.73918570E-01     -6.41E-04
  A   S2                9.85296684E-04     -5.49E-06
  A   S3               -2.56572587E-03      5.25E-06
  A   S4               -2.66793310E-02      1.39E-05
  A   S5               -3.51991129E-02     -8.27E-06
  A   S6               -5.46727430E-02      1.30E-05
  A   S7               -6.67315497E-02      9.67E-06
  A   S8               -7.73113228E-02     -6.34E-06
  A   S9               -2.73831746E-02      1.31E-05
  A   S10              -4.00730488E-02     -3.23E-06
  A   S11               1.05195341E-01      2.12E-06
  A   S12              -1.10958019E-01     -2.26E-06
  A   S13              -5.39079919E-02     -4.87E-08
  THI S1                5.01989093E-03      4.39E-04
  THI S3                6.05412276E-02     -1.05E-05
  THI S5                3.13433265E-01      3.43E-05
  THI S7                1.82175447E-01      1.93E-05
  THI S9                3.83882153E-01      1.33E-04
  THI S11               2.02287155E-01     -1.26E-04
  THI S13               8.04299951E-01     -9.76E-05
  THI S15               4.04299951E-01     -9.76E-05
  
        EFL          REDU         PIM          OAL         EN PUP       EX PUP
      4.185146     0.000000     0.399631     5.076639     0.000000    -3.397369
  
  Active Constraints -   1:    target        value         diff        cost
  EFL                    =   4.18515E+00   4.18515E+00  -1.181E-09  -3.757E-05
  
  Weighted Constraints:        target        value        WTC/PTC     contrib
  @ATELIER_LATCOLOR      =   0.00000E+00   6.69368E-02   1.000E-02   4.481E-01
  @ATELIER_RMSSPOT       =   0.00000E+00   7.65083E+00   1.000E-03   5.854E+01
  
 CYCLE NUMBER 6:
  
  ABERR F. =        0.04471852
  CONST F. =       56.78950495
  ERR. F.  =       56.83422346       (change =       -2.18697395)
  
  OPD     0.05261272     0.04818244     0.01458730
  WAV     0.05971385     0.05360714     0.01601778
  
  
  
  Parameter                 Value            Change
  CUY S2                4.32312235E-01      3.51E-05
  CUY S3               -3.97366388E-02      2.52E-05
  CUY S4                3.75930495E-01     -8.94E-05
  CUY S5                6.13422425E-01     -5.21E-05
  CUY S6                1.20715578E-01      1.81E-04
  CUY S7                1.58063124E-01      3.51E-04
  CUY S8               -3.70986206E-03      3.35E-04
  CUY S9               -4.35321897E-01      1.29E-04
  CUY S10              -1.09274511E+00     -2.59E-05
  CUY S11              -8.01087623E-01     -3.25E-05
  CUY S12               5.68176434E-01     -2.18E-04
  CUY S13               6.73630946E-01     -2.88E-04
  A   S2                9.88278732E-04      2.98E-06
  A   S3               -2.56901713E-03     -3.29E-06
  A   S4               -2.66496849E-02      2.96E-05
  A   S5               -3.52080734E-02     -8.96E-06
  A   S6               -5.47315616E-02     -5.88E-05
  A   S7               -6.67360559E-02     -4.51E-06
  A   S8               -7.73064226E-02      4.90E-06
  A   S9               -2.73876924E-02     -4.52E-06
  A   S10              -4.00688175E-02      4.23E-06
  A   S11               1.05191401E-01     -3.94E-06
  A   S12              -1.10950961E-01      7.06E-06
  A   S13              -5.39123920E-02     -4.40E-06
  THI S1                1.12054200E-02      6.19E-03
  THI S3                6.05932689E-02      5.20E-05
  THI S5                3.13118901E-01     -3.14E-04
  THI S7                1.82107996E-01     -6.75E-05
  THI S9                3.84247272E-01      3.65E-04
  THI S11               2.02360002E-01      7.28E-05
  THI S13               8.04382223E-01      8.23E-05
  THI S15               4.04382223E-01      8.23E-05
  
        EFL          REDU         PIM          OAL         EN PUP       EX PUP
      4.185146     0.000000     0.399275     5.083015     0.000000    -3.402678
  
  Active Constraints -   1:    target        value         diff        cost
  EFL                    =   4.18515E+00   4.18515E+00  -6.689E-10  -3.841E-04
  
  Weighted Constraints:        target        value        WTC/PTC     contrib
  @ATELIER_LATCOLOR      =   0.00000E+00   6.44439E-02   1.000E-02   4.153E-01
  @ATELIER_RMSSPOT       =   0.00000E+00   7.50828E+00   1.000E-03   5.637E+01
  
 CYCLE NUMBER 7:
  
  ABERR F. =        0.04319163
  CONST F. =       56.45642703
  ERR. F.  =       56.49961866       (change =       -0.33460481)
  
  OPD     0.04849734     0.04864484     0.01457094
  WAV     0.05545025     0.05411957     0.01608783
  
  
  
  Parameter                 Value            Change
  CUY S2                4.32314658E-01      2.42E-06
  CUY S3               -3.97314744E-02      5.16E-06
  CUY S4                3.75954895E-01      2.44E-05
  CUY S5                6.13450402E-01      2.80E-05
  CUY S6                1.20719505E-01      3.93E-06
  CUY S7                1.58055609E-01     -7.51E-06
  CUY S8               -3.71707964E-03     -7.22E-06
  CUY S9               -4.35318489E-01      3.41E-06
  CUY S10              -1.09273793E+00      7.18E-06
  CUY S11              -8.01084582E-01      3.04E-06
  CUY S12               5.68194259E-01      1.78E-05
  CUY S13               6.73666983E-01      3.60E-05
  A   S2                9.86840907E-04     -1.44E-06
  A   S3               -2.56754045E-03      1.48E-06
  A   S4               -2.66519967E-02     -2.31E-06
  A   S5               -3.52110975E-02     -3.02E-06
  A   S6               -5.47310167E-02      5.45E-07
  A   S7               -6.67337435E-02      2.31E-06
  A   S8               -7.73105584E-02     -4.14E-06
  A   S9               -2.73849061E-02      2.79E-06
  A   S10              -4.00696056E-02     -7.88E-07
  A   S11               1.05191911E-01      5.10E-07
  A   S12              -1.10951073E-01     -1.12E-07
  A   S13              -5.39123838E-02      8.14E-09
  THI S1                1.11836463E-02     -2.18E-05
  THI S3                6.05911712E-02     -2.10E-06
  THI S5                3.13122755E-01      3.85E-06
  THI S7                1.82109062E-01      1.07E-06
  THI S9                3.84242009E-01     -5.26E-06
  THI S11               2.02326962E-01     -3.30E-05
  THI S13               8.04357554E-01     -2.47E-05
  THI S15               4.04357555E-01     -2.47E-05
  
        EFL          REDU         PIM          OAL         EN PUP       EX PUP
      4.185146     0.000000     0.399304     5.082933     0.000000    -3.402552
  
  Active Constraints -   1:    target        value         diff        cost
  EFL                    =   4.18515E+00   4.18515E+00   1.184E-11  -8.600E-04
  
  Weighted Constraints:        target        value        WTC/PTC     contrib
  @ATELIER_LATCOLOR      =   0.00000E+00   6.45814E-02   1.000E-02   4.171E-01
  @ATELIER_RMSSPOT       =   0.00000E+00   7.48594E+00   1.000E-03   5.604E+01
  
 CYCLE NUMBER 8:
  
  ABERR F. =        0.09108410
  CONST F. =       56.19983786
  ERR. F.  =       56.29092196       (change =       -0.20869670)
  
  OPD     0.13939096     0.05466855     0.01863549
  WAV     0.15156484     0.06050680     0.01947140
  
  
  
  Parameter                 Value            Change
  CUY S2                4.32436303E-01      1.22E-04
  CUY S3               -3.96843540E-02      4.71E-05
  CUY S4                3.75847346E-01     -1.08E-04
  CUY S5                6.13544687E-01      9.43E-05
  CUY S6                1.20869788E-01      1.50E-04
  CUY S7                1.58574747E-01      5.19E-04
  CUY S8               -2.91325261E-03      8.04E-04
  CUY S9               -4.35059259E-01      2.59E-04
  CUY S10              -1.09281982E+00     -8.19E-05
  CUY S11              -8.01152162E-01     -6.76E-05
  CUY S12               5.68048781E-01     -1.45E-04
  CUY S13               6.73328749E-01     -3.38E-04
  A   S2                1.00311469E-03      1.63E-05
  A   S3               -2.58544782E-03     -1.79E-05
  A   S4               -2.66365477E-02      1.54E-05
  A   S5               -3.51785454E-02      3.26E-05
  A   S6               -5.46513855E-02      7.96E-05
  A   S7               -6.67597893E-02     -2.60E-05
  A   S8               -7.72863059E-02      2.43E-05
  A   S9               -2.74100943E-02     -2.52E-05
  A   S10              -4.00525257E-02      1.71E-05
  A   S11               1.05184656E-01     -7.26E-06
  A   S12              -1.10955945E-01     -4.87E-06
  A   S13              -5.39159097E-02     -3.53E-06
  THI S1                2.89900174E-02      1.78E-02
  THI S3                6.10455627E-02      4.54E-04
  THI S5                3.13591785E-01      4.69E-04
  THI S7                1.82298778E-01      1.90E-04
  THI S9                3.84106883E-01     -1.35E-04
  THI S11               2.02698452E-01      3.71E-04
  THI S13               8.04884006E-01      5.26E-04
  THI S15               4.04884006E-01      5.26E-04
  
        EFL          REDU         PIM          OAL         EN PUP       EX PUP
      4.185146     0.000000     0.398093     5.102615     0.000000    -3.419792
  
  Active Constraints -   1:    target        value         diff        cost
  EFL                    =   4.18515E+00   4.18515E+00  -1.397E-10   4.415E-04
  
  Weighted Constraints:        target        value        WTC/PTC     contrib
  @ATELIER_LATCOLOR      =   0.00000E+00   1.21782E-01   1.000E-02   1.483E+00
  @ATELIER_RMSSPOT       =   0.00000E+00   7.39708E+00   1.000E-03   5.472E+01
  
 CYCLE NUMBER 9:
  
  ABERR F. =        0.07440308
  CONST F. =       55.17432616
  ERR. F.  =       55.24872923       (change =       -1.04219273)
  
  OPD     0.10401693     0.06362999     0.01550847
  WAV     0.11368088     0.07002844     0.01669644
  
  
  
  Parameter                 Value            Change
  CUY S2                4.32455122E-01      1.88E-05
  CUY S3               -3.96513292E-02      3.30E-05
  CUY S4                3.75943822E-01      9.65E-05
  CUY S5                6.13629641E-01      8.50E-05
  CUY S6                1.20942832E-01      7.30E-05
  CUY S7                1.58698152E-01      1.23E-04
  CUY S8               -2.76453902E-03      1.49E-04
  CUY S9               -4.34941854E-01      1.17E-04
  CUY S10              -1.09279556E+00      2.43E-05
  CUY S11              -8.01147384E-01      4.78E-06
  CUY S12               5.68351970E-01      3.03E-04
  CUY S13               6.73944538E-01      6.16E-04
  A   S2                9.97244421E-04     -5.87E-06
  A   S3               -2.57939942E-03      6.05E-06
  A   S4               -2.66505685E-02     -1.40E-05
  A   S5               -3.51478656E-02      3.07E-05
  A   S6               -5.46628871E-02     -1.15E-05
  A   S7               -6.67519088E-02      7.88E-06
  A   S8               -7.73020119E-02     -1.57E-05
  A   S9               -2.73986403E-02      1.15E-05
  A   S10              -4.00537391E-02     -1.21E-06
  A   S11               1.05185419E-01      7.63E-07
  A   S12              -1.10956547E-01     -6.02E-07
  A   S13              -5.39161676E-02     -2.58E-07
  THI S1                2.91708039E-02      1.81E-04
  THI S3                6.10302901E-02     -1.53E-05
  THI S5                3.13647403E-01      5.56E-05
  THI S7                1.82321354E-01      2.26E-05
  THI S9                3.83990351E-01     -1.17E-04
  THI S11               2.02655384E-01     -4.31E-05
  THI S13               8.04690936E-01     -1.93E-04
  THI S15               4.04690936E-01     -1.93E-04
  
        EFL          REDU         PIM          OAL         EN PUP       EX PUP
      4.185146     0.000000     0.398058     5.102507     0.000000    -3.418640
  
  Active Constraints -   1:    target        value         diff        cost
  EFL                    =   4.18515E+00   4.18515E+00  -8.969E-12  -2.166E-04
  
  Weighted Constraints:        target        value        WTC/PTC     contrib
  @ATELIER_LATCOLOR      =   0.00000E+00   1.25346E-01   1.000E-02   1.571E+00
  @ATELIER_RMSSPOT       =   0.00000E+00   7.32142E+00   1.000E-03   5.360E+01
  
 CYCLE NUMBER 10:
  
  ABERR F. =        0.05364435
  CONST F. =       51.47991701
  ERR. F.  =       51.53356137       (change =       -3.71516787)
  
  OPD     0.07443608     0.04226623     0.01780050
  WAV     0.08323585     0.04842363     0.01868753
  
  
  
  Parameter                 Value            Change
  CUY S2                4.32519625E-01      6.45E-05
  CUY S3               -3.94960515E-02      1.55E-04
  CUY S4                3.75741777E-01     -2.02E-04
  CUY S5                6.13375357E-01     -2.54E-04
  CUY S6                1.20894960E-01     -4.79E-05
  CUY S7                1.58804374E-01      1.06E-04
  CUY S8               -2.77248553E-03     -7.95E-06
  CUY S9               -4.35220166E-01     -2.78E-04
  CUY S10              -1.09287455E+00     -7.90E-05
  CUY S11              -8.01150844E-01     -3.46E-06
  CUY S12               5.68204188E-01     -1.48E-04
  CUY S13               6.73658914E-01     -2.86E-04
  A   S2                8.98562427E-04     -9.87E-05
  A   S3               -2.48476296E-03      9.46E-05
  A   S4               -2.65987107E-02      5.19E-05
  A   S5               -3.51759459E-02     -2.81E-05
  A   S6               -5.45894049E-02      7.35E-05
  A   S7               -6.67300488E-02      2.19E-05
  A   S8               -7.71991046E-02      1.03E-04
  A   S9               -2.74618811E-02     -6.32E-05
  A   S10              -4.00528813E-02      8.58E-07
  A   S11               1.05185180E-01     -2.38E-07
  A   S12              -1.10956542E-01      5.19E-09
  A   S13              -5.39195271E-02     -3.36E-06
  THI S1                2.92566980E-02      8.59E-05
  THI S3                6.09869509E-02     -4.33E-05
  THI S5                3.13359732E-01     -2.88E-04
  THI S7                1.82423852E-01      1.02E-04
  THI S9                3.84361698E-01      3.71E-04
  THI S11               2.02574961E-01     -8.04E-05
  THI S13               8.03637257E-01     -1.05E-03
  THI S15               4.03637258E-01     -1.05E-03
  
        EFL          REDU         PIM          OAL         EN PUP       EX PUP
      4.185145     0.000000     0.399303     5.101601     0.000000    -3.418158
  
  Active Constraints -   1:    target        value         diff        cost
  EFL                    =   4.18515E+00   4.18515E+00  -6.422E-07  -6.206E-04
  
  Weighted Constraints:        target        value        WTC/PTC     contrib
  @ATELIER_LATCOLOR      =   0.00000E+00   1.22705E-01   1.000E-02   1.506E+00
  @ATELIER_RMSSPOT       =   0.00000E+00   7.06925E+00   1.000E-03   4.997E+01
  
 CYCLE NUMBER 11:
  
  ABERR F. =        0.04957022
  CONST F. =       50.52323883
  ERR. F.  =       50.57280906       (change =       -0.96075231)
  
  OPD     0.06562892     0.04380745     0.01639762
  WAV     0.07388938     0.04987140     0.01735843
  
  
  
  Parameter                 Value            Change
  CUY S2                4.32530492E-01      1.09E-05
  CUY S3               -3.94779721E-02      1.81E-05
  CUY S4                3.75784740E-01      4.30E-05
  CUY S5                6.13415507E-01      4.02E-05
  CUY S6                1.20910722E-01      1.58E-05
  CUY S7                1.58804324E-01     -4.96E-08
  CUY S8               -2.76700368E-03      5.48E-06
  CUY S9               -4.35197076E-01      2.31E-05
  CUY S10              -1.09286721E+00      7.34E-06
  CUY S11              -8.01148705E-01      2.14E-06
  CUY S12               5.68235108E-01      3.09E-05
  CUY S13               6.73721493E-01      6.26E-05
  A   S2                9.07791538E-04      9.23E-06
  A   S3               -2.48008698E-03      4.68E-06
  A   S4               -2.66045095E-02     -5.80E-06
  A   S5               -3.51683555E-02      7.59E-06
  A   S6               -5.45948888E-02     -5.48E-06
  A   S7               -6.67258849E-02      4.16E-06
  A   S8               -7.72060099E-02     -6.91E-06
  A   S9               -2.74581754E-02      3.71E-06
  A   S10              -4.00534786E-02     -5.97E-07
  A   S11               1.05185574E-01      3.93E-07
  A   S12              -1.10956877E-01     -3.35E-07
  A   S13              -5.39197298E-02     -2.03E-07
  THI S1                2.92160428E-02     -4.07E-05
  THI S3                6.09802811E-02     -6.67E-06
  THI S5                3.13380625E-01      2.09E-05
  THI S7                1.82434965E-01      1.11E-05
  THI S9                3.84300940E-01     -6.08E-05
  THI S11               2.02560644E-01     -1.43E-05
  THI S13               8.03588295E-01     -4.90E-05
  THI S15               4.03588295E-01     -4.90E-05
  
        EFL          REDU         PIM          OAL         EN PUP       EX PUP
      4.185146     0.000000     0.399349     5.101462     0.000000    -3.417944
  
  Active Constraints -   1:    target        value         diff        cost
  EFL                    =   4.18515E+00   4.18515E+00   5.540E-12   1.169E-03
  
  Weighted Constraints:        target        value        WTC/PTC     contrib
  @ATELIER_LATCOLOR      =   0.00000E+00   1.24203E-01   1.000E-02   1.543E+00
  @ATELIER_RMSSPOT       =   0.00000E+00   6.99861E+00   1.000E-03   4.898E+01
  
 CYCLE NUMBER 12:
  
  ABERR F. =        0.04660796
  CONST F. =       45.68299664
  ERR. F.  =       45.72960459       (change =       -4.84320446)
  
  OPD     0.03630919     0.06367991     0.01775513
  WAV     0.04449239     0.07080126     0.01877996
  
  
  
  Parameter                 Value            Change
  CUY S2                4.32700827E-01      1.70E-04
  CUY S3               -3.90694005E-02      4.09E-04
  CUY S4                3.77061450E-01      1.28E-03
  CUY S5                6.14272351E-01      8.57E-04
  CUY S6                1.20917589E-01      6.87E-06
  CUY S7                1.57812034E-01     -9.92E-04
  CUY S8               -3.38320468E-03     -6.16E-04
  CUY S9               -4.34287308E-01      9.10E-04
  CUY S10              -1.09260962E+00      2.58E-04
  CUY S11              -8.01335447E-01     -1.87E-04
  CUY S12               5.74367517E-01      6.13E-03
  CUY S13               6.87508557E-01      1.38E-02
  A   S2                6.02581214E-04     -3.05E-04
  A   S3               -2.51306585E-03     -3.30E-05
  A   S4               -2.61060950E-02      4.98E-04
  A   S5               -3.56398910E-02     -4.72E-04
  A   S6               -5.49116574E-02     -3.17E-04
  A   S7               -6.65106236E-02      2.15E-04
  A   S8               -7.63303996E-02      8.76E-04
  A   S9               -2.72038681E-02      2.54E-04
  A   S10              -4.00387079E-02      1.48E-05
  A   S11               1.05175123E-01     -1.05E-05
  A   S12              -1.10950436E-01      6.44E-06
  A   S13              -5.39859168E-02     -6.62E-05
  THI S1                1.72421957E-02     -1.20E-02
  THI S3                5.99193604E-02     -1.06E-03
  THI S5                3.14064478E-01      6.84E-04
  THI S7                1.83100877E-01      6.66E-04
  THI S9                3.87674800E-01      3.37E-03
  THI S11               2.01416883E-01     -1.14E-03
  THI S13               7.99216523E-01     -4.37E-03
  THI S15               3.99216523E-01     -4.37E-03
  
        EFL          REDU         PIM          OAL         EN PUP       EX PUP
      4.185145     0.000000     0.394258     5.087635     0.000000    -3.379951
  
  Active Constraints -   1:    target        value         diff        cost
  EFL                    =   4.18515E+00   4.18514E+00  -1.121E-06   1.047E-06
  
  Weighted Constraints:        target        value        WTC/PTC     contrib
  @ATELIER_LATCOLOR      =   0.00000E+00   1.34344E-01   1.000E-02   1.805E+00
  @ATELIER_RMSSPOT       =   0.00000E+00   6.62406E+00   1.000E-03   4.388E+01
  
 CYCLE NUMBER 13:
  
  ABERR F. =        0.04659410
  CONST F. =       42.89989691
  ERR. F.  =       42.94649101       (change =       -2.78311359)
  
  OPD     0.04974797     0.04903816     0.02407944
  WAV     0.06114250     0.05650894     0.02519872
  
  
  
  Parameter                 Value            Change
  CUY S2                4.32763959E-01      6.31E-05
  CUY S3               -3.90204819E-02      4.89E-05
  CUY S4                3.76963792E-01     -9.77E-05
  CUY S5                6.14222481E-01     -4.99E-05
  CUY S6                1.20855398E-01     -6.22E-05
  CUY S7                1.58105328E-01      2.93E-04
  CUY S8               -3.11569775E-03      2.68E-04
  CUY S9               -4.34421967E-01     -1.35E-04
  CUY S10              -1.09264158E+00     -3.20E-05
  CUY S11              -8.01371156E-01     -3.57E-05
  CUY S12               5.73856633E-01     -5.11E-04
  CUY S13               6.86529730E-01     -9.79E-04
  A   S2                6.06544785E-04      3.96E-06
  A   S3               -2.51969460E-03     -6.63E-06
  A   S4               -2.61013892E-02      4.71E-06
  A   S5               -3.56455588E-02     -5.67E-06
  A   S6               -5.49045186E-02      7.14E-06
  A   S7               -6.65173912E-02     -6.77E-06
  A   S8               -7.63230111E-02      7.39E-06
  A   S9               -2.72105867E-02     -6.72E-06
  A   S10              -4.00331100E-02      5.60E-06
  A   S11               1.05170310E-01     -4.81E-06
  A   S12              -1.10941210E-01      9.23E-06
  A   S13              -5.39901727E-02     -4.26E-06
  THI S1                1.85387797E-02      1.30E-03
  THI S3                5.99874311E-02      6.81E-05
  THI S5                3.13599699E-01     -4.65E-04
  THI S7                1.83003798E-01     -9.71E-05
  THI S9                3.87745563E-01      7.08E-05
  THI S11               2.01521419E-01      1.05E-04
  THI S13               7.99333221E-01      1.17E-04
  THI S15               3.99333221E-01      1.17E-04
  
        EFL          REDU         PIM          OAL         EN PUP       EX PUP
      4.185146     0.000000     0.394804     5.088730     0.000000    -3.382488
  
  Active Constraints -   1:    target        value         diff        cost
  EFL                    =   4.18515E+00   4.18515E+00   5.595E-10   2.521E-04
  
  Weighted Constraints:        target        value        WTC/PTC     contrib
  @ATELIER_LATCOLOR      =   0.00000E+00   1.38414E-01   1.000E-02   1.916E+00
  @ATELIER_RMSSPOT       =   0.00000E+00   6.40188E+00   1.000E-03   4.098E+01
  
 CYCLE NUMBER 14:
  
  ABERR F. =        0.04457637
  CONST F. =       42.30475057
  ERR. F.  =       42.34932694       (change =       -0.59716407)
  
  OPD     0.04523762     0.04919698     0.02280850
  WAV     0.05617769     0.05664326     0.02389375
  
  
  
  Parameter                 Value            Change
  CUY S2                4.32765329E-01      1.37E-06
  CUY S3               -3.90158498E-02      4.63E-06
  CUY S4                3.76996652E-01      3.29E-05
  CUY S5                6.14245478E-01      2.30E-05
  CUY S6                1.20844887E-01     -1.05E-05
  CUY S7                1.58110061E-01      4.73E-06
  CUY S8               -3.11167187E-03      4.03E-06
  CUY S9               -4.34423028E-01     -1.06E-06
  CUY S10              -1.09263487E+00      6.71E-06
  CUY S11              -8.01365270E-01      5.89E-06
  CUY S12               5.73841975E-01     -1.47E-05
  CUY S13               6.86503095E-01     -2.66E-05
  A   S2                6.05203972E-04     -1.34E-06
  A   S3               -2.51847362E-03      1.22E-06
  A   S4               -2.61032068E-02     -1.82E-06
  A   S5               -3.56434421E-02      2.12E-06
  A   S6               -5.49072861E-02     -2.77E-06
  A   S7               -6.65146680E-02      2.72E-06
  A   S8               -7.63265335E-02     -3.52E-06
  A   S9               -2.72083313E-02      2.26E-06
  A   S10              -4.00345936E-02     -1.48E-06
  A   S11               1.05171339E-01      1.03E-06
  A   S12              -1.10942687E-01     -1.48E-06
  A   S13              -5.39895354E-02      6.37E-07
  THI S1                1.85710284E-02      3.22E-05
  THI S3                5.99809630E-02     -6.47E-06
  THI S5                3.13580612E-01     -1.91E-05
  THI S7                1.83021218E-01      1.74E-05
  THI S9                3.87718785E-01     -2.68E-05
  THI S11               2.01469077E-01     -5.23E-05
  THI S13               7.99295934E-01     -3.73E-05
  THI S15               3.99295934E-01     -3.73E-05
  
        EFL          REDU         PIM          OAL         EN PUP       EX PUP
      4.185146     0.000000     0.394899     5.088638     0.000000    -3.382457
  
  Active Constraints -   1:    target        value         diff        cost
  EFL                    =   4.18515E+00   4.18515E+00  -4.361E-13   1.856E-03
  
  Weighted Constraints:        target        value        WTC/PTC     contrib
  @ATELIER_LATCOLOR      =   0.00000E+00   1.37695E-01   1.000E-02   1.896E+00
  @ATELIER_RMSSPOT       =   0.00000E+00   6.35679E+00   1.000E-03   4.041E+01
  
 CYCLE NUMBER 15:
  
  ABERR F. =        0.04964900
  CONST F. =       42.09996517
  ERR. F.  =       42.14961417       (change =       -0.19971278)
  
  OPD     0.05687678     0.04862408     0.02516437
  WAV     0.06863937     0.05613976     0.02635503
  
  
  
  Parameter                 Value            Change
  CUY S2                4.32828353E-01      6.30E-05
  CUY S3               -3.89621405E-02      5.37E-05
  CUY S4                3.76927566E-01     -6.91E-05
  CUY S5                6.14204902E-01     -4.06E-05
  CUY S6                1.20893224E-01      4.83E-05
  CUY S7                1.58399060E-01      2.89E-04
  CUY S8               -2.80383277E-03      3.08E-04
  CUY S9               -4.34383431E-01      3.96E-05
  CUY S10              -1.09265133E+00     -1.65E-05
  CUY S11              -8.01380252E-01     -1.50E-05
  CUY S12               5.73863383E-01      2.14E-05
  CUY S13               6.86546960E-01      4.39E-05
  A   S2                6.07360139E-04      2.16E-06
  A   S3               -2.52102566E-03     -2.55E-06
  A   S4               -2.61007769E-02      2.43E-06
  A   S5               -3.56464055E-02     -2.96E-06
  A   S6               -5.49035513E-02      3.73E-06
  A   S7               -6.65182024E-02     -3.53E-06
  A   S8               -7.63229294E-02      3.60E-06
  A   S9               -2.72121722E-02     -3.84E-06
  A   S10              -4.00314717E-02      3.12E-06
  A   S11               1.05168820E-01     -2.52E-06
  A   S12              -1.10937158E-01      5.53E-06
  A   S13              -5.39874695E-02      2.07E-06
  THI S1                1.79466726E-02     -6.24E-04
  THI S3                6.00186250E-02      3.77E-05
  THI S5                3.13776355E-01      1.96E-04
  THI S7                1.82914248E-01     -1.07E-04
  THI S9                3.87757232E-01      3.84E-05
  THI S11               2.01520327E-01      5.12E-05
  THI S13               7.99353912E-01      5.80E-05
  THI S15               3.99353913E-01      5.80E-05
  
        EFL          REDU         PIM          OAL         EN PUP       EX PUP
      4.185146     0.000000     0.394708     5.088287     0.000000    -3.382151
  
  Active Constraints -   1:    target        value         diff        cost
  EFL                    =   4.18515E+00   4.18515E+00   1.282E-12   1.226E-03
  
  Weighted Constraints:        target        value        WTC/PTC     contrib
  @ATELIER_LATCOLOR      =   0.00000E+00   1.38470E-01   1.000E-02   1.917E+00
  @ATELIER_RMSSPOT       =   0.00000E+00   6.33897E+00   1.000E-03   4.018E+01
  
  Constraints added:      Mn CT S1 (>)
  Constraints released:   Mn CT S1 (>)
  
 CYCLE NUMBER 16:
  
  ABERR F. =        0.04961767
  CONST F. =       42.09197750
  ERR. F.  =       42.14159517       (change =       -0.00801900)
  
  OPD     0.05680128     0.04863801     0.02514856
  WAV     0.06855811     0.05615209     0.02633848
  
  
  
  Parameter                 Value            Change
  CUY S2                4.32828368E-01      1.52E-08
  CUY S3               -3.89620822E-02      5.83E-08
  CUY S4                3.76927688E-01      1.23E-07
  CUY S5                6.14204889E-01     -1.26E-08
  CUY S6                1.20893107E-01     -1.18E-07
  CUY S7                1.58397568E-01     -1.49E-06
  CUY S8               -2.80534102E-03     -1.51E-06
  CUY S9               -4.34383430E-01      5.14E-10
  CUY S10              -1.09265124E+00      8.49E-08
  CUY S11              -8.01380172E-01      7.94E-08
  CUY S12               5.73863473E-01      9.01E-08
  CUY S13               6.86547093E-01      1.33E-07
  A   S2                6.07342737E-04     -1.74E-08
  A   S3               -2.52100961E-03      1.61E-08
  A   S4               -2.61007995E-02     -2.26E-08
  A   S5               -3.56463802E-02      2.54E-08
  A   S6               -5.49035847E-02     -3.34E-08
  A   S7               -6.65181684E-02      3.40E-08
  A   S8               -7.63229725E-02     -4.31E-08
  A   S9               -2.72121451E-02      2.71E-08
  A   S10              -4.00314913E-02     -1.95E-08
  A   S11               1.05168833E-01      1.38E-08
  A   S12              -1.10937176E-01     -1.82E-08
  A   S13              -5.39874605E-02      8.97E-09
  THI S1                1.79475316E-02      8.59E-07
  THI S3                6.00185369E-02     -8.81E-08
  THI S5                3.13776197E-01     -1.58E-07
  THI S7                1.82914466E-01      2.17E-07
  THI S9                3.87756916E-01     -3.16E-07
  THI S11               2.01520295E-01     -3.19E-08
  THI S13               7.99353413E-01     -4.99E-07
  THI S15               3.99353413E-01     -4.99E-07
  
        EFL          REDU         PIM          OAL         EN PUP       EX PUP
      4.185146     0.000000     0.394708     5.088287     0.000000    -3.382150
  
  Active Constraints -   1:    target        value         diff        cost
  EFL                    =   4.18515E+00   4.18515E+00   8.882E-16   1.243E-03
  
  Weighted Constraints:        target        value        WTC/PTC     contrib
  @ATELIER_LATCOLOR      =   0.00000E+00   1.38461E-01   1.000E-02   1.917E+00
  @ATELIER_RMSSPOT       =   0.00000E+00   6.33836E+00   1.000E-03   4.017E+01
  
     Normal AUTO Completion - System improvement less than IMP
AUT> GO
 
 
CODE V> BUF PUT B1 I^row J1 "schema"
      Created new worksheet B1.
CODE V> BUF PUT B1 I^row J2 "atelier-codev-target-v1"
CODE V> BUF PUT B1 I^row J1 "status"
CODE V> BUF PUT B1 I^row J2 "ok"
CODE V> BUF PUT B1 I^row J1 "mode"
CODE V> BUF PUT B1 I^row J2 "target"
CODE V> BUF PUT B1 I^row J1 "stage"
CODE V> BUF PUT B1 I^row J2 "A"
CODE V> BUF PUT B1 I^row J1 "source_zmx"
CODE V> BUF PUT B1 I^row J2 "US20140111876A1.zmx"
CODE V> BUF PUT B1 I^row J1 "num_fields"
CODE V> BUF PUT B1 I^row J2 ^numf_out
CODE V> BUF PUT B1 I^row J1 "vignetting_edge"
CODE V> BUF PUT B1 I^row J2 0.5
CODE V> BUF PUT B1 I^row J1 "target.efl_mm"
CODE V> BUF PUT B1 I^row J2 ^target_efl
CODE V> BUF PUT B1 I^row J1 "seed_baseline.efl_y_mm"
CODE V> BUF PUT B1 I^row J2 ^seed_baseline_efl_y_mm
CODE V> BUF PUT B1 I^row J1 "seed_baseline.max_lateral_color_um"
CODE V> BUF PUT B1 I^row J2 ^seed_baseline_max_lateral_color_um
CODE V> BUF PUT B1 I^row J1 "seed_baseline.max_rms_spot_diameter_um"
CODE V> BUF PUT B1 I^row J2 ^seed_baseline_max_rms_spot_diameter_um
CODE V> BUF PUT B1 I^row J1 "seed_baseline.max_rms_wavefront_error_waves"
CODE V> BUF PUT B1 I^row J2 ^seed_baseline_max_rms_wavefront_error_waves
CODE V> BUF PUT B1 I^row J1 "seed_baseline.max_distortion_pct"
CODE V> BUF PUT B1 I^row J2 ^seed_baseline_max_distortion_pct
CODE V> BUF PUT B1 I^row J1 "seed_baseline.fno"
CODE V> BUF PUT B1 I^row J2 ^seed_baseline_fno
CODE V> BUF PUT B1 I^row J1 "seed_baseline.epd_mm"
CODE V> BUF PUT B1 I^row J2 ^seed_baseline_epd
CODE V> BUF PUT B1 I^row J1 "seed_baseline.maximh_mm"
CODE V> BUF PUT B1 I^row J2 ^seed_baseline_maximh
CODE V> BUF PUT B1 I^row J1 "config_pre_aut.efl_y_mm"
CODE V> BUF PUT B1 I^row J2 ^config_pre_aut_efl_y_mm
CODE V> BUF PUT B1 I^row J1 "config_pre_aut.max_lateral_color_um"
CODE V> BUF PUT B1 I^row J2 ^config_pre_aut_max_lateral_color_um
CODE V> BUF PUT B1 I^row J1 "config_pre_aut.max_rms_spot_diameter_um"
CODE V> BUF PUT B1 I^row J2 ^config_pre_aut_max_rms_spot_diameter_um
CODE V> BUF PUT B1 I^row J1 "config_pre_aut.max_rms_wavefront_error_waves"
CODE V> BUF PUT B1 I^row J2 ^config_pre_aut_max_rms_wavefront_error_waves
CODE V> BUF PUT B1 I^row J1 "config_pre_aut.max_distortion_pct"
CODE V> BUF PUT B1 I^row J2 ^config_pre_aut_max_distortion_pct
CODE V> BUF PUT B1 I^row J1 "config_pre_aut.fno"
CODE V> BUF PUT B1 I^row J2 ^config_pre_aut_fno
CODE V> BUF PUT B1 I^row J1 "config_pre_aut.epd_mm"
CODE V> BUF PUT B1 I^row J2 ^config_pre_aut_epd
CODE V> BUF PUT B1 I^row J1 "config_pre_aut.maximh_mm"
CODE V> BUF PUT B1 I^row J2 ^config_pre_aut_maximh
CODE V> BUF PUT B1 I^row J1 "post_aut.efl_y_mm"
CODE V> BUF PUT B1 I^row J2 ^post_aut_efl_y_mm
CODE V> BUF PUT B1 I^row J1 "post_aut.max_lateral_color_um"
CODE V> BUF PUT B1 I^row J2 ^post_aut_max_lateral_color_um
CODE V> BUF PUT B1 I^row J1 "post_aut.max_rms_spot_diameter_um"
CODE V> BUF PUT B1 I^row J2 ^post_aut_max_rms_spot_diameter_um
CODE V> BUF PUT B1 I^row J1 "post_aut.max_rms_wavefront_error_waves"
CODE V> BUF PUT B1 I^row J2 ^post_aut_max_rms_wavefront_error_waves
CODE V> BUF PUT B1 I^row J1 "post_aut.max_distortion_pct"
CODE V> BUF PUT B1 I^row J2 ^post_aut_max_distortion_pct
CODE V> BUF PUT B1 I^row J1 "post_aut.fno"
CODE V> BUF PUT B1 I^row J2 ^post_aut_fno
CODE V> BUF PUT B1 I^row J1 "post_aut.epd_mm"
CODE V> BUF PUT B1 I^row J2 ^post_aut_epd
CODE V> BUF PUT B1 I^row J1 "post_aut.maximh_mm"
CODE V> BUF PUT B1 I^row J2 ^post_aut_maximh
CODE V> BUF PUT B1 I^row J1 "efl_target_deviation_pct"
CODE V> BUF PUT B1 I^row J2 ^efl_target_dev_pct
CODE V> BUF PUT B1 I^row J1 "aut_converged"
CODE V> BUF PUT B1 I^row J2 ^aut_converged
CODE V> BUF EXP B1 "D:\atelier-wt-c\.planning\loop\p15-stageb-evidence\fno-matrix-2026-07-11\US20140111876A1_loosen\rung0_native\ray_retry\atelier_codev_target_A_vig0500.tsv"
     Buffer B1 exported to file atelier_codev_target_A_vig0500.tsv
CODE V> BUF DEL B1
CODE V> OUT YES
CODE V> EXI YES
     EXI                                                                              11-Jul-26  14H 13M 56S
                                                 CODE V PC  Version: 11.5             CPU clock:  0H  0M  7S
