  
  
                                   Welcome to
  
                                   C O D E   V
  
                                PC  Version 11.5
                                   Build 27302701
  
                                   11-Jul-2026
  
                            A proprietary product of
  
                              SYNOPSYS, INC
                              Pasadena, California
  
CODE V> OUT NO
     Radius input/output mode
  
    Lens data created by Zemax version 191028
  
    Zemax command MODE ignored
     WARNING - Vignetting angles not used.
     ERROR - No wavelength  2 in zoom position  1
  
     Surface pointer = OBJ
    Zemax surface type  STANDARD
    CODE V surface type SPH
    Zemax command FIMP ignored.
     WARNING - Hiding of rays not used.
    Zemax command MIRR ignored.
    Zemax command SLAB ignored.
    Zemax command MEMA ignored.
    Zemax command POPS ignored.
  
     Surface pointer = 1
    Zemax surface type  STANDARD
    CODE V surface type SPH
    Zemax command FIMP ignored.
     WARNING - Hiding of rays not used.
    Zemax command MIRR ignored.
    Zemax command SLAB ignored.
    Zemax command MEMA ignored.
    Zemax command POPS ignored.
  
     Surface pointer = 2
    Zemax surface type  EVENASPH
    CODE V surface type ASP
    Zemax command FIMP ignored.
     WARNING - Hiding of rays not used.
    Zemax command MIRR ignored.
    Zemax command SLAB ignored.
     WARNING - Partial dispersion of model glass not used.
    Zemax command MEMA ignored.
    Zemax command POPS ignored.
  
     Surface pointer = 3
    Zemax surface type  EVENASPH
    CODE V surface type ASP
    Zemax command FIMP ignored.
     WARNING - Hiding of rays not used.
    Zemax command MIRR ignored.
    Zemax command SLAB ignored.
    Zemax command MEMA ignored.
    Zemax command POPS ignored.
  
     Surface pointer = 4
    Zemax surface type  EVENASPH
    CODE V surface type ASP
    Zemax command FIMP ignored.
     WARNING - Hiding of rays not used.
    Zemax command MIRR ignored.
    Zemax command SLAB ignored.
     WARNING - Partial dispersion of model glass not used.
    Zemax command MEMA ignored.
    Zemax command POPS ignored.
  
     Surface pointer = 5
    Zemax surface type  EVENASPH
    CODE V surface type ASP
    Zemax command FIMP ignored.
     WARNING - Hiding of rays not used.
    Zemax command MIRR ignored.
    Zemax command SLAB ignored.
    Zemax command MEMA ignored.
    Zemax command POPS ignored.
  
     Surface pointer = 6
    Zemax surface type  EVENASPH
    CODE V surface type ASP
    Zemax command FIMP ignored.
     WARNING - Hiding of rays not used.
    Zemax command MIRR ignored.
    Zemax command SLAB ignored.
     WARNING - Partial dispersion of model glass not used.
    Zemax command MEMA ignored.
    Zemax command POPS ignored.
  
     Surface pointer = 7
    Zemax surface type  EVENASPH
    CODE V surface type ASP
    Zemax command FIMP ignored.
     WARNING - Hiding of rays not used.
    Zemax command MIRR ignored.
    Zemax command SLAB ignored.
    Zemax command MEMA ignored.
    Zemax command POPS ignored.
  
     Surface pointer = 8
    Zemax surface type  EVENASPH
    CODE V surface type ASP
    Zemax command FIMP ignored.
     WARNING - Hiding of rays not used.
    Zemax command MIRR ignored.
    Zemax command SLAB ignored.
     WARNING - Partial dispersion of model glass not used.
    Zemax command MEMA ignored.
    Zemax command POPS ignored.
  
     Surface pointer = 9
    Zemax surface type  EVENASPH
    CODE V surface type ASP
    Zemax command FIMP ignored.
     WARNING - Hiding of rays not used.
    Zemax command MIRR ignored.
    Zemax command SLAB ignored.
    Zemax command MEMA ignored.
    Zemax command POPS ignored.
  
     Surface pointer = 10
    Zemax surface type  EVENASPH
    CODE V surface type ASP
    Zemax command FIMP ignored.
     WARNING - Hiding of rays not used.
    Zemax command MIRR ignored.
    Zemax command SLAB ignored.
     WARNING - Partial dispersion of model glass not used.
    Zemax command MEMA ignored.
    Zemax command POPS ignored.
  
     Surface pointer = 11
    Zemax surface type  EVENASPH
    CODE V surface type ASP
    Zemax command FIMP ignored.
     WARNING - Hiding of rays not used.
    Zemax command MIRR ignored.
    Zemax command SLAB ignored.
    Zemax command MEMA ignored.
    Zemax command POPS ignored.
  
     Surface pointer = 12
    Zemax surface type  STANDARD
    CODE V surface type SPH
    Zemax command FIMP ignored.
     WARNING - Hiding of rays not used.
    Zemax command MIRR ignored.
    Zemax command SLAB ignored.
    Zemax command MEMA ignored.
    Zemax command POPS ignored.
  
     Surface pointer = 13
    Zemax surface type  STANDARD
    CODE V surface type SPH
    Zemax command FIMP ignored.
     WARNING - Hiding of rays not used.
    Zemax command MIRR ignored.
    Zemax command SLAB ignored.
     WARNING - Partial dispersion of model glass not used.
    Zemax command MEMA ignored.
    Zemax command POPS ignored.
  
     Surface pointer = 14
    Zemax surface type  STANDARD
    CODE V surface type SPH
    Zemax command FIMP ignored.
     WARNING - Hiding of rays not used.
    Zemax command MIRR ignored.
    Zemax command SLAB ignored.
    Zemax command MEMA ignored.
    Zemax command POPS ignored.
  
     Surface pointer = 15
    Zemax surface type  STANDARD
    CODE V surface type SPH
    Zemax command FIMP ignored.
     WARNING - Hiding of rays not used.
    Zemax command MIRR ignored.
    Zemax command SLAB ignored.
     WARNING - Partial dispersion of model glass not used.
    Zemax command MEMA ignored.
    Zemax command POPS ignored.
  
     Surface pointer = 16
    Zemax surface type  STANDARD
    CODE V surface type SPH
    Zemax command FIMP ignored.
     WARNING - Hiding of rays not used.
    Zemax command MIRR ignored.
    Zemax command SLAB ignored.
    Zemax command MEMA ignored.
    Zemax command POPS ignored.
  
     Surface pointer = IMG
    Zemax surface type  STANDARD
    CODE V surface type SPH
    Zemax command FIMP ignored.
     WARNING - Hiding of rays not used.
    Zemax command MIRR ignored.
    Zemax command SLAB ignored.
    Zemax command MEMA ignored.
    Zemax command POPS ignored.
    Zemax command ! AT ignored.
    Zemax command ! AT ignored.
    Zemax command ! AT ignored.
    Zemax command ! AT ignored.
  
     WARNING - Please check the converted lens carefully.
               Some information will not be converted.
               Changes in either CODE V or ZEMAX may invalidate
               the converted information.
               Due to differences between CODE V and ZEMAX ray
               aiming and vignetting factors, it is recommended
               that you set vignetting for the converted system.
  
               A concise listing of conversion warnings appears
               in the Tabbed Output Window 'Info' tab and in the
               Command Window.
  
CODE V> DEF VAR SA
     ERROR - Ray missed surface   3 for zoom position  1
     ERROR - Ray missed surface   3 for zoom position  1
     ERROR - Ray missed surface   3 for zoom position  1
     ERROR - Ray missed surface   4 for zoom position  1
     ERROR - Total reflection at surface   9 for zoom position  1
     ERROR - Ray missed surface   3 for zoom position  1
     ERROR - Ray missed surface   4 for zoom position  1
     ERROR - Total reflection at surface   9 for zoom position  1
     ERROR - One or more of the reference rays from field  1 is deviated far from
             most of the other rays from this field point.  The reference rays are
             used to determine the numerical aperture and the grid spacing.  Thus, it
             is important that these rays are focused at approximately the same spot
             as the other rays from this field point.  Modifying the vignetting
             may solve this problem and allow the computation to proceed.
CODE V> FNO 4
CODE V> VUY 0 0.2
CODE V> VLY 0 0.2
CODE V> VUX 0 0.2
CODE V> VLX 0 0.2
 
 
CODE V> AUT
     AUT                                                                              11-Jul-26  14H  6M 54S
                                                 CODE V PC  Version: 11.5             CPU clock:  0H  0M  0S
     WARNING - CODE V places the reference sphere at the exit pupil.  However,
               the aberrations of this lens make the OPD data (and any quantity
               that depends upon OPD data) very sensitive to the exact value of
               the reference sphere radius.  You can use the RSL command to
               reposition the reference sphere if that is appropriate for
               your application.
     ***Defocussing frozen to eliminate redundant variable
AUT>   SUR N
AUT>   CHG SA
AUT>   WFR Y
AUT>   WTF FA 10
AUT>   EFL = 17.3271113483923
AUT>   @atelier_latcolor == @lcum(1)
AUT>   @atelier_latcolor = 0
AUT>   WTC 0.01
AUT>   @atelier_rmsspot == @rmssum(1)
AUT>   @atelier_rmsspot = 0
AUT>   WTC 0.001
AUT>   MNT 0.025
AUT>   MNE 0.025
AUT>   MXT 10
AUT>   MNA 0.001
AUT>   MXC 25
AUT>   MNC 3
AUT>   IMP 0.001
AUT> GO
 -------------------------------------------------------------------------------
  
       USER CONSTRAINT DEFINITIONS
            @atelier_rmsspot == @rmssum(1)
  
            @atelier_latcolor == @lcum(1)
  
  
  
       POTENTIALLY ACTIVE SPECIFIC CONSTRAINTS
         EFL                                  =      17.327111
         @ATELIER_LATCOLOR                    =       0.000000     (WTC =    0.01000)
         @ATELIER_RMSSPOT                     =       0.000000     (WTC =    0.00100)
  
       GENERAL CONSTRAINTS
         MXT      10.000000
         MNT       0.025000
         MNE       0.025000
         MNA       0.001000
         MAE       0.002500
         GLA               NFK5  NSK16  NLAF2  SF4
  
       ERROR FUNCTION CONSTRUCTION
         WFR        Y
         WTW       1
         WTA       0.000000
         DEL       0.220000
         WTX F1   10.000000
         WTX F2   10.000000
         WTY F1   10.000000
         WTY F2   10.000000
  
       CONVERGENCE CONTROLS
         MXC        25
         MNC         3
         TAR       0.000000
         IMP       0.001000
  
       OUTPUT CONTROLS
         SUR NO
         CHG S0..17
  
     Recommendations for most stable convergence:
  
       Use object space aperture specifications:
       - NAO for finite conjugate systems
       - EPD for infinite conjugate systems
  
       VARIABLE LIST
  
         NO      PARAMETERS *
          1      CUY S2       CUY S3       CUY S4       CUY S5       CUY S6       CUY S7
          2      CUY S3       CUY S4
          3      CUY S4       CUY S5       CUY S6       CUY S7
          4      CUY S5       CUY S6
          5      CUY S6       CUY S7
          6      CUY S7       CUY S8
          7      CUY S8       CUY S9
          8      CUY S9       CUY S10
          9      CUY S10       CUY S11
         10      CUY S11
         11      A   S2
         12      A   S3
         13      A   S4
         14      A   S5
         15      A   S6
         16      A   S7
         17      A   S8
         18      A   S9
         19      A   S10
         20      A   S11
         21      THI S1
         22      THI S3
         23      THI S5
         24      THI S7
         25      THI S9
         26      THI S11
         27      THI S14
         28      THI S16
  
     * Multiple entries on a line are composite variables.
     Composite variables are either program-generated bendings
     or user-requested couplings.
  
      28 VARIABLES
  
      28 CONSTRAINTS CAN BE ACTIVE
  
     RELATIVE TIME PER CYCLE IS   99.9 UNITS
     WARNING - The macro function SPOTDATA is not supported on multiple threads.
               CODE V will set the multiple processor setting (MPP) to 1 to prevent errors.
               Please refer to the CODE V Setup and Operation Reference Manual for a complete list
               of pre-defined macro functions that are currently limited to running on a single thread.
  
 CYCLE NUMBER 0:
  
  ABERR F. =       11.24568187
  CONST F. =      0.133929E+07
  ERR. F.  =      0.133930E+07
  
  OPD    11.68797587     8.00921997
  WAV    14.82727804     9.23346545
  
  
  
  Parameter                 Value            Change
  CUY S2                1.19017865E-01      0.00E+00
  CUY S3               -2.86938282E-02      0.00E+00
  CUY S4                1.51761189E-01      0.00E+00
  CUY S5               -1.72528316E-02      0.00E+00
  CUY S6               -5.17298461E-02      0.00E+00
  CUY S7               -3.29363406E-02      0.00E+00
  CUY S8               -2.21815462E-03      0.00E+00
  CUY S9                3.94150802E-01      0.00E+00
  CUY S10               1.84182414E-01      0.00E+00
  CUY S11               3.97968767E-02      0.00E+00
  A   S2                1.99550000E-04      0.00E+00
  A   S3                2.21309000E-04      0.00E+00
  A   S4                9.61698000E-04      0.00E+00
  A   S5                9.74953000E-05      0.00E+00
  A   S6                1.75034000E-03      0.00E+00
  A   S7                3.61354000E-03      0.00E+00
  A   S8               -1.32356000E-02      0.00E+00
  A   S9               -9.60889000E-03      0.00E+00
  A   S10               1.79876000E-02      0.00E+00
  A   S11               1.38781000E-02      0.00E+00
  THI S1               -6.00000000E-01      0.00E+00
  THI S3                6.70000000E-02      0.00E+00
  THI S5                1.78000000E-01      0.00E+00
  THI S7                1.89000000E-01      0.00E+00
  THI S9                2.51000000E-01      0.00E+00
  THI S11               7.48000000E-01      0.00E+00
  THI S14               8.10000000E-01      0.00E+00
  THI S16               4.30000000E-02      0.00E+00
  
        EFL          REDU         PIM          OAL         EN PUP       EX PUP
     17.337628     0.000000     0.072205    19.267000     0.000000   -12.926250
  
  Specific Constraints:        target        value         diff      active (**)
  EFL                    =   1.73271E+01   1.73376E+01   1.052E-02    **
  
  Weighted Constraints:        target        value        WTC/PTC     contrib
  @ATELIER_LATCOLOR      =   0.00000E+00   0.00000E+00   1.000E-02   0.000E+00
  @ATELIER_RMSSPOT       =   0.00000E+00   1.15728E+03   1.000E-03   1.339E+06
     WARNING - Frozen Thickness Violations:
  Mx CT S13
  
  Constraints added:      EFL (=)                     Mn CT S1 (>)
  Constraints released:   Mn CT S1 (>)
  Constraints released:   Mn CT S1 (>)
  
 CYCLE NUMBER 1:
  
  ABERR F. =        4.97722502
  CONST F. =    80893.33241237
  ERR. F.  =    80898.30963739       (change = -1258401.37959429)
  
  OPD     5.62040403     3.85977049
  WAV     5.89290664     4.22823332
  
  
  
  Parameter                 Value            Change
  CUY S2                1.24600004E-01      5.58E-03
  CUY S3               -2.49002717E-02      3.79E-03
  CUY S4                1.62749130E-01      1.10E-02
  CUY S5               -6.86934787E-03      1.04E-02
  CUY S6               -2.89152591E-02      2.28E-02
  CUY S7               -2.78985280E-03      3.01E-02
  CUY S8                6.69891972E-03      8.92E-03
  CUY S9                2.18884990E-01     -1.75E-01
  CUY S10               1.20428218E-02     -1.72E-01
  CUY S11               4.61618073E-02      6.36E-03
  A   S2                2.85770159E-04      8.62E-05
  A   S3                1.22787614E-04     -9.85E-05
  A   S4                1.08812771E-03      1.26E-04
  A   S5               -6.41196115E-05     -1.62E-04
  A   S6                1.93640891E-03      1.86E-04
  A   S7                3.33472031E-03     -2.79E-04
  A   S8               -1.29722153E-02      2.63E-04
  A   S9               -1.01597993E-02     -5.51E-04
  A   S10               1.84947958E-02      5.07E-04
  A   S11               1.32236405E-02     -6.54E-04
  THI S1                2.58339316E+00      3.18E+00
  THI S3                6.03533500E-02     -6.65E-03
  THI S5                1.75608478E-01     -2.39E-03
  THI S7                1.86683708E-01     -2.32E-03
  THI S9                1.93898034E+00      1.69E+00
  THI S11               1.00893522E+00      2.61E-01
  THI S14               1.07093522E+00      2.61E-01
  THI S16               3.03935217E-01      2.61E-01
  
        EFL          REDU         PIM          OAL         EN PUP       EX PUP
     16.488416     0.000000    -3.481868    24.648889     0.000000   -16.454603
  
  Active Constraints -   1:    target        value         diff        cost
  EFL                    =   1.73271E+01   1.64884E+01  -8.387E-01   3.040E-04
  
  Weighted Constraints:        target        value        WTC/PTC     contrib
  @ATELIER_LATCOLOR      =   0.00000E+00   0.00000E+00   1.000E-02   0.000E+00
  @ATELIER_RMSSPOT       =   0.00000E+00   2.84418E+02   1.000E-03   8.089E+04
     WARNING - Frozen Thickness Violations:
  Mx CT S13
  
  Constraints added:      Mn CT S3 (>)
  
 CYCLE NUMBER 2:
  
  ABERR F. =        1.48746512
  CONST F. =    16007.70708394
  ERR. F.  =    16009.19454907       (change =   -64889.11508832)
  
  OPD     1.51522137     1.36673703
  WAV     1.58692403     1.47241848
  
  
  
  Parameter                 Value            Change
  CUY S2                1.11980463E-01     -1.26E-02
  CUY S3               -3.23669914E-02     -7.47E-03
  CUY S4                1.79710172E-01      1.70E-02
  CUY S5                2.12193112E-02      2.81E-02
  CUY S6               -1.27731884E-02      1.61E-02
  CUY S7                3.02478410E-02      3.30E-02
  CUY S8                2.98556751E-02      2.32E-02
  CUY S9                2.13033312E-01     -5.85E-03
  CUY S10              -1.31969832E-02     -2.52E-02
  CUY S11               2.06539052E-02     -2.55E-02
  A   S2               -9.32547142E-06     -2.95E-04
  A   S3                4.74964613E-04      3.52E-04
  A   S4                4.94949217E-04     -5.93E-04
  A   S5                1.13368428E-03      1.20E-03
  A   S6                3.47663522E-03      1.54E-03
  A   S7                3.85211527E-04     -2.95E-03
  A   S8               -1.13934868E-02      1.58E-03
  A   S9               -1.24136579E-02     -2.25E-03
  A   S10               1.68470585E-02     -1.65E-03
  A   S11               1.43101369E-02      1.09E-03
  THI S1                2.59464489E+00      1.13E-02
  THI S3                1.00000000E-03     -5.94E-02
  THI S5                1.48574568E-01     -2.70E-02
  THI S7                1.55451749E-01     -3.12E-02
  THI S9                1.70761954E+00     -2.31E-01
  THI S11               7.54369236E-01     -2.55E-01
  THI S14               8.16369236E-01     -2.55E-01
  THI S16               4.93692365E-02     -2.55E-01
  
        EFL          REDU         PIM          OAL         EN PUP       EX PUP
     17.337644     0.000000    -1.862304    23.802029     0.000000   -15.849259
  
  Active Constraints -   2:    target        value         diff        cost
  EFL                    =   1.73271E+01   1.73376E+01   1.053E-02  -4.905E-05
  Mn CT S3                                                          -4.252E-07
  
  Weighted Constraints:        target        value        WTC/PTC     contrib
  @ATELIER_LATCOLOR      =   0.00000E+00   0.00000E+00   1.000E-02   0.000E+00
  @ATELIER_RMSSPOT       =   0.00000E+00   1.26522E+02   1.000E-03   1.601E+04
     WARNING - Frozen Thickness Violations:
  Mx CT S13
  
  Constraints released:   Mn CT S3 (>)
  Constraints added:      Mn ET S16 (>)
  Constraints added:      Mn ET S11 (>)
  
 CYCLE NUMBER 3:
  
  ABERR F. =        0.64829828
  CONST F. =     3106.01441843
  ERR. F.  =     3106.66271671       (change =   -12902.53183236)
  
  OPD     0.73949984     0.46054929
  WAV     0.80453127     0.52433424
  
  
  
  Parameter                 Value            Change
  CUY S2                1.18754419E-01      6.77E-03
  CUY S3               -3.64980375E-02     -4.13E-03
  CUY S4                1.78416226E-01     -1.29E-03
  CUY S5                3.27595238E-02      1.15E-02
  CUY S6               -4.46393433E-03      8.31E-03
  CUY S7               -1.04604655E-02     -4.07E-02
  CUY S8               -2.18341152E-02     -5.17E-02
  CUY S9                2.09267230E-01     -3.77E-03
  CUY S10              -1.70837755E-02     -3.89E-03
  CUY S11               1.38515319E-02     -6.80E-03
  A   S2                8.10672143E-04      8.20E-04
  A   S3                2.08251520E-04     -2.67E-04
  A   S4                4.47180886E-04     -4.78E-05
  A   S5                1.23957776E-03      1.06E-04
  A   S6                3.39502604E-03     -8.16E-05
  A   S7                4.49132781E-04      6.39E-05
  A   S8               -1.14692201E-02     -7.57E-05
  A   S9               -1.22917699E-02      1.22E-04
  A   S10               1.65557641E-02     -2.91E-04
  A   S11               1.47014548E-02      3.91E-04
  THI S1                2.55969332E+00     -3.50E-02
  THI S3                3.64469374E-01      3.63E-01
  THI S5                1.42961403E-01     -5.61E-03
  THI S7                1.48203555E-01     -7.25E-03
  THI S9                1.27029445E+00     -4.37E-01
  THI S11               1.45659700E-01     -6.09E-01
  THI S14               1.47070768E-01     -6.69E-01
  THI S16               2.50000000E-03     -4.69E-02
  
        EFL          REDU         PIM          OAL         EN PUP       EX PUP
     17.303119     0.000000    -0.589254    22.402353     0.000000   -14.317657
  
  Active Constraints -   3:    target        value         diff        cost
  EFL                    =   1.73271E+01   1.73031E+01  -2.399E-02   1.892E-05
  Mn ET S11                                                         -3.709E-10
  Mn ET S16                                                         -3.811E-09
  
  Weighted Constraints:        target        value        WTC/PTC     contrib
  @ATELIER_LATCOLOR      =   0.00000E+00   0.00000E+00   1.000E-02   0.000E+00
  @ATELIER_RMSSPOT       =   0.00000E+00   5.57316E+01   1.000E-03   3.106E+03
     WARNING - Frozen Thickness Violations:
  Mx CT S13
  
  Constraints released:   Mn ET S11 (>)               Mn ET S16 (>)
  
 CYCLE NUMBER 4:
  
  ABERR F. =        0.45928775
  CONST F. =     1935.82789633
  ERR. F.  =     1936.28718409       (change =    -1170.37553262)
  
  OPD     0.48530819     0.35921440
  WAV     0.56846740     0.39505285
  
  
  
  Parameter                 Value            Change
  CUY S2                1.17204378E-01     -1.55E-03
  CUY S3               -3.79128538E-02     -1.41E-03
  CUY S4                1.77396276E-01     -1.02E-03
  CUY S5                2.80777994E-02     -4.68E-03
  CUY S6               -2.10713400E-04      4.25E-03
  CUY S7               -5.88701683E-02     -4.84E-02
  CUY S8               -6.45968422E-02     -4.28E-02
  CUY S9                2.12476414E-01      3.21E-03
  CUY S10              -1.81340170E-02     -1.05E-03
  CUY S11               2.18230928E-02      7.97E-03
  A   S2                8.00889282E-04     -9.78E-06
  A   S3                2.33218438E-04      2.50E-05
  A   S4                6.80181565E-04      2.33E-04
  A   S5                1.19461121E-03     -4.50E-05
  A   S6                3.36868724E-03     -2.63E-05
  A   S7                5.15644811E-04      6.65E-05
  A   S8               -1.15455945E-02     -7.64E-05
  A   S9               -1.21603415E-02      1.31E-04
  A   S10               1.63745043E-02     -1.81E-04
  A   S11               1.49038974E-02      2.02E-04
  THI S1                2.02834678E+00     -5.31E-01
  THI S3                2.42611570E-01     -1.22E-01
  THI S5                1.69324237E-01      2.64E-02
  THI S7                1.85519918E-01      3.73E-02
  THI S9                9.33133497E-01     -3.37E-01
  THI S11               1.66312374E-01      2.07E-02
  THI S14               1.67723442E-01      2.07E-02
  THI S16               2.31526744E-02      2.07E-02
  
        EFL          REDU         PIM          OAL         EN PUP       EX PUP
     17.199472     0.000000    -0.506844    21.516972     0.000000   -13.589912
  
  Active Constraints -   1:    target        value         diff        cost
  EFL                    =   1.73271E+01   1.71995E+01  -1.276E-01   1.850E-05
  
  Weighted Constraints:        target        value        WTC/PTC     contrib
  @ATELIER_LATCOLOR      =   0.00000E+00   0.00000E+00   1.000E-02   0.000E+00
  @ATELIER_RMSSPOT       =   0.00000E+00   4.39980E+01   1.000E-03   1.936E+03
     WARNING - Frozen Thickness Violations:
  Mx CT S13
  
 CYCLE NUMBER 5:
  
  ABERR F. =        0.36342713
  CONST F. =     1368.26011502
  ERR. F.  =     1368.62354215       (change =     -567.66364193)
  
  OPD     0.33060081     0.32673519
  WAV     0.43243593     0.35392583
  
  
  
  Parameter                 Value            Change
  CUY S2                1.16385144E-01     -8.19E-04
  CUY S3               -4.10803128E-02     -3.17E-03
  CUY S4                1.77332520E-01     -6.38E-05
  CUY S5                2.68307636E-02     -1.25E-03
  CUY S6               -5.46466363E-03     -5.25E-03
  CUY S7               -6.56677317E-02     -6.80E-03
  CUY S8               -8.20965592E-02     -1.75E-02
  CUY S9                2.09997980E-01     -2.48E-03
  CUY S10              -4.28875323E-02     -2.48E-02
  CUY S11              -1.61841643E-02     -3.80E-02
  A   S2                7.73495985E-04     -2.74E-05
  A   S3                2.41956023E-04      8.74E-06
  A   S4                2.93896451E-04     -3.86E-04
  A   S5                1.60440809E-03      4.10E-04
  A   S6                3.52597382E-03      1.57E-04
  A   S7               -1.17492238E-04     -6.33E-04
  A   S8               -1.09895598E-02      5.56E-04
  A   S9               -1.31108466E-02     -9.51E-04
  A   S10               1.67447837E-02      3.70E-04
  A   S11               1.59643853E-02      1.06E-03
  THI S1                1.97382126E+00     -5.45E-02
  THI S3                2.48313549E-01      5.70E-03
  THI S5                1.61656715E-01     -7.67E-03
  THI S7                2.25869323E-01      4.03E-02
  THI S9                4.60537674E-01     -4.73E-01
  THI S11               3.58297189E-01      1.92E-01
  THI S14               3.59708257E-01      1.92E-01
  THI S16               2.15137489E-01      1.92E-01
  
        EFL          REDU         PIM          OAL         EN PUP       EX PUP
     17.148696     0.000000    -0.288402    21.412204     0.000000   -13.714002
  
  Active Constraints -   1:    target        value         diff        cost
  EFL                    =   1.73271E+01   1.71487E+01  -1.784E-01   1.076E-05
  
  Weighted Constraints:        target        value        WTC/PTC     contrib
  @ATELIER_LATCOLOR      =   0.00000E+00   0.00000E+00   1.000E-02   0.000E+00
  @ATELIER_RMSSPOT       =   0.00000E+00   3.69900E+01   1.000E-03   1.368E+03
     WARNING - Frozen Thickness Violations:
  Mx CT S13
 RAY ERROR: MISS  3
  
 CYCLE NUMBER 6:
  
  ABERR F. =        0.23078554
  CONST F. =      866.65798388
  ERR. F.  =      866.88876943       (change =     -501.73477273)
  
  OPD     0.19353253     0.17886883
  WAV     0.31354907     0.21280496
  
  
  
  Parameter                 Value            Change
  CUY S2                1.14132945E-01     -2.25E-03
  CUY S3               -4.56074888E-02     -4.53E-03
  CUY S4                1.72189293E-01     -5.14E-03
  CUY S5                2.77667548E-02      9.36E-04
  CUY S6                4.40861763E-03      9.87E-03
  CUY S7               -6.18505568E-02      3.82E-03
  CUY S8               -8.18646325E-02      2.32E-04
  CUY S9                2.12146294E-01      2.15E-03
  CUY S10              -3.50541968E-02      7.83E-03
  CUY S11              -6.90278201E-03      9.28E-03
  A   S2                2.17333010E-04     -5.56E-04
  A   S3                1.36207647E-04     -1.06E-04
  A   S4                3.60831948E-04      6.69E-05
  A   S5                1.53821311E-03     -6.62E-05
  A   S6                3.39752907E-03     -1.28E-04
  A   S7               -1.40276388E-03     -1.29E-03
  A   S8               -1.14826073E-02     -4.93E-04
  A   S9               -1.49898470E-02     -1.88E-03
  A   S10               1.39223283E-02     -2.82E-03
  A   S11               1.57325018E-02     -2.32E-04
  THI S1                2.00555871E+00      3.17E-02
  THI S3                2.31428207E-01     -1.69E-02
  THI S5                1.77580647E-01      1.59E-02
  THI S7                2.22227173E-01     -3.64E-03
  THI S9                3.37572649E-01     -1.23E-01
  THI S11               3.70205877E-01      1.19E-02
  THI S14               3.71616946E-01      1.19E-02
  THI S16               2.27046178E-01      1.19E-02
  
        EFL          REDU         PIM          OAL         EN PUP       EX PUP
     17.238927     0.000000    -0.151438    21.340190     0.000000   -13.607850
  
  Active Constraints -   1:    target        value         diff        cost
  EFL                    =   1.73271E+01   1.72389E+01  -8.818E-02   8.074E-06
  
  Weighted Constraints:        target        value        WTC/PTC     contrib
  @ATELIER_LATCOLOR      =   0.00000E+00   0.00000E+00   1.000E-02   0.000E+00
  @ATELIER_RMSSPOT       =   0.00000E+00   2.94391E+01   1.000E-03   8.667E+02
     WARNING - Frozen Thickness Violations:
  Mx CT S13
  
 CYCLE NUMBER 7:
  
  ABERR F. =        0.23213437
  CONST F. =      819.71704489
  ERR. F.  =      819.94917925       (change =      -46.93959017)
  
  OPD     0.16893847     0.17632928
  WAV     0.33540486     0.20836703
  
  
  
  Parameter                 Value            Change
  CUY S2                1.14400175E-01      2.67E-04
  CUY S3               -4.51895394E-02      4.18E-04
  CUY S4                1.72951864E-01      7.63E-04
  CUY S5                2.73865143E-02     -3.80E-04
  CUY S6               -5.76499495E-03     -1.02E-02
  CUY S7               -7.38048878E-02     -1.20E-02
  CUY S8               -8.62552666E-02     -4.39E-03
  CUY S9                2.18836069E-01      6.69E-03
  CUY S10              -3.04436935E-02      4.61E-03
  CUY S11              -1.03778923E-02     -3.48E-03
  A   S2                2.27828353E-04      1.05E-05
  A   S3                1.49050661E-04      1.28E-05
  A   S4                3.00038223E-04     -6.08E-05
  A   S5                1.64912166E-03      1.11E-04
  A   S6                3.49182862E-03      9.43E-05
  A   S7               -1.37758567E-03      2.52E-05
  A   S8               -1.14432206E-02      3.94E-05
  A   S9               -1.49557285E-02      3.41E-05
  A   S10               1.39850807E-02      6.28E-05
  A   S11               1.55066766E-02     -2.26E-04
  THI S1                1.87644927E+00     -1.29E-01
  THI S3                2.86368269E-01      5.49E-02
  THI S5                1.83795103E-01      6.21E-03
  THI S7                2.24708672E-01      2.48E-03
  THI S9                3.49667881E-01      1.21E-02
  THI S11               3.79188818E-01      8.98E-03
  THI S14               3.80599886E-01      8.98E-03
  THI S16               2.36029119E-01      8.98E-03
  
        EFL          REDU         PIM          OAL         EN PUP       EX PUP
     17.321092     0.000000    -0.169467    21.304778     0.000000   -13.607006
  
  Active Constraints -   1:    target        value         diff        cost
  EFL                    =   1.73271E+01   1.73211E+01  -6.020E-03   1.035E-05
  
  Weighted Constraints:        target        value        WTC/PTC     contrib
  @ATELIER_LATCOLOR      =   0.00000E+00   0.00000E+00   1.000E-02   0.000E+00
  @ATELIER_RMSSPOT       =   0.00000E+00   2.86307E+01   1.000E-03   8.197E+02
     WARNING - Frozen Thickness Violations:
  Mx CT S13
  
 CYCLE NUMBER 8:
  
  ABERR F. =        0.23403068
  CONST F. =      825.64668760
  ERR. F.  =      825.88071827       (change =        5.93153902)
  
  OPD     0.17546742     0.17598108
  WAV     0.33698230     0.20920373
  
  
  
  Parameter                 Value            Change
  CUY S2                1.14381311E-01     -1.89E-05
  CUY S3               -4.52089859E-02     -1.94E-05
  CUY S4                1.72923761E-01     -2.81E-05
  CUY S5                2.73598466E-02     -2.67E-05
  CUY S6               -5.94440139E-03     -1.79E-04
  CUY S7               -7.40047637E-02     -2.00E-04
  CUY S8               -8.62777392E-02     -2.25E-05
  CUY S9                2.18824272E-01     -1.18E-05
  CUY S10              -3.04563583E-02     -1.27E-05
  CUY S11              -1.03803015E-02     -2.41E-06
  A   S2                2.27825742E-04     -2.61E-09
  A   S3                1.48888655E-04     -1.62E-07
  A   S4                3.00058650E-04      2.04E-08
  A   S5                1.64909131E-03     -3.03E-08
  A   S6                3.49180670E-03     -2.19E-08
  A   S7               -1.37782942E-03     -2.44E-07
  A   S8               -1.14432297E-02     -9.17E-09
  A   S9               -1.49563739E-02     -6.45E-07
  A   S10               1.39860268E-02      9.46E-07
  A   S11               1.55067900E-02      1.13E-07
  THI S1                1.87761814E+00      1.17E-03
  THI S3                2.86327208E-01     -4.11E-05
  THI S5                1.83787858E-01     -7.24E-06
  THI S7                2.24705524E-01     -3.15E-06
  THI S9                3.49655505E-01     -1.24E-05
  THI S11               3.79169437E-01     -1.94E-05
  THI S14               3.80580505E-01     -1.94E-05
  THI S16               2.36009737E-01     -1.94E-05
  
        EFL          REDU         PIM          OAL         EN PUP       EX PUP
     17.327130     0.000000    -0.164761    21.305844     0.000000   -13.607745
  
  Active Constraints -   1:    target        value         diff        cost
  EFL                    =   1.73271E+01   1.73271E+01   1.906E-05   9.260E-01
  
  Weighted Constraints:        target        value        WTC/PTC     contrib
  @ATELIER_LATCOLOR      =   0.00000E+00   0.00000E+00   1.000E-02   0.000E+00
  @ATELIER_RMSSPOT       =   0.00000E+00   2.87341E+01   1.000E-03   8.256E+02
     WARNING - Frozen Thickness Violations:
  Mx CT S13
  
 CYCLE NUMBER 9:
  
  ABERR F. =        0.23413815
  CONST F. =      824.74777849
  ERR. F.  =      824.98191664       (change =       -0.89880163)
  
  OPD     0.17616379     0.17590448
  WAV     0.33683586     0.20939968
  
  
  
  Parameter                 Value            Change
  CUY S2                1.14381566E-01      2.55E-07
  CUY S3               -4.52086554E-02      3.31E-07
  CUY S4                1.72924298E-01      5.37E-07
  CUY S5                2.73592211E-02     -6.26E-07
  CUY S6               -5.94531000E-03     -9.09E-07
  CUY S7               -7.40036947E-02      1.07E-06
  CUY S8               -8.62765661E-02      1.17E-06
  CUY S9                2.18825063E-01      7.91E-07
  CUY S10              -3.04509152E-02      5.44E-06
  CUY S11              -1.03754424E-02      4.86E-06
  A   S2                2.27870539E-04      4.48E-08
  A   S3                1.48903626E-04      1.50E-08
  A   S4                3.00056856E-04     -1.79E-09
  A   S5                1.64909398E-03      2.67E-09
  A   S6                3.49266045E-03      8.54E-07
  A   S7               -1.37780573E-03      2.37E-08
  A   S8               -1.14425903E-02      6.39E-07
  A   S9               -1.49563115E-02      6.24E-08
  A   S10               1.39859338E-02     -9.30E-08
  A   S11               1.55045533E-02     -2.24E-06
  THI S1                1.87684461E+00     -7.74E-04
  THI S3                2.86288871E-01     -3.83E-05
  THI S5                1.83785113E-01     -2.75E-06
  THI S7                2.24704588E-01     -9.35E-07
  THI S9                3.49745167E-01      8.97E-05
  THI S11               3.78589243E-01     -5.80E-04
  THI S14               3.80000311E-01     -5.80E-04
  THI S16               2.35429543E-01     -5.80E-04
  
        EFL          REDU         PIM          OAL         EN PUP       EX PUP
     17.327111     0.000000    -0.163676    21.303958     0.000000   -13.606174
  
  Active Constraints -   1:    target        value         diff        cost
  EFL                    =   1.73271E+01   1.73271E+01   4.921E-11   2.920E-01
  
  Weighted Constraints:        target        value        WTC/PTC     contrib
  @ATELIER_LATCOLOR      =   0.00000E+00   0.00000E+00   1.000E-02   0.000E+00
  @ATELIER_RMSSPOT       =   0.00000E+00   2.87184E+01   1.000E-03   8.247E+02
     WARNING - Frozen Thickness Violations:
  Mx CT S13
  
 CYCLE NUMBER 10:
  
  ABERR F. =        0.24284709
  CONST F. =      799.94611650
  ERR. F.  =      800.18896358       (change =      -24.79295306)
  
  OPD     0.21066326     0.19381474
  WAV     0.31292217     0.23671795
  
  
  
  Parameter                 Value            Change
  CUY S2                1.13562800E-01     -8.19E-04
  CUY S3               -4.67070531E-02     -1.50E-03
  CUY S4                1.71776794E-01     -1.15E-03
  CUY S5                2.70418885E-02     -3.17E-04
  CUY S6               -6.10536166E-03     -1.60E-04
  CUY S7               -7.43363328E-02     -3.33E-04
  CUY S8               -8.63053188E-02     -2.88E-05
  CUY S9                2.29253934E-01      1.04E-02
  CUY S10              -2.03538829E-02      1.01E-02
  CUY S11              -1.07121406E-02     -3.37E-04
  A   S2                2.16421233E-04     -1.14E-05
  A   S3                2.12912129E-04      6.40E-05
  A   S4                6.38549068E-05     -2.36E-04
  A   S5                1.77674541E-03      1.28E-04
  A   S6                3.47000847E-03     -2.27E-05
  A   S7               -1.55749008E-03     -1.80E-04
  A   S8               -1.14591084E-02     -1.65E-05
  A   S9               -1.52754968E-02     -3.19E-04
  A   S10               1.42989604E-02      3.13E-04
  A   S11               1.55734106E-02      6.89E-05
  THI S1                1.80193441E+00     -7.49E-02
  THI S3                2.88942527E-01      2.65E-03
  THI S5                1.84228179E-01      4.43E-04
  THI S7                2.24989236E-01      2.85E-04
  THI S9                3.45403046E-01     -4.34E-03
  THI S11               3.99133351E-01      2.05E-02
  THI S14               4.00544420E-01      2.05E-02
  THI S16               2.55973652E-01      2.05E-02
  
        EFL          REDU         PIM          OAL         EN PUP       EX PUP
     17.327410     0.000000    -0.171360    21.269175     0.000000   -13.620381
  
  Active Constraints -   1:    target        value         diff        cost
  EFL                    =   1.73271E+01   1.73274E+01   2.990E-04   7.202E-05
  
  Weighted Constraints:        target        value        WTC/PTC     contrib
  @ATELIER_LATCOLOR      =   0.00000E+00   0.00000E+00   1.000E-02   0.000E+00
  @ATELIER_RMSSPOT       =   0.00000E+00   2.82833E+01   1.000E-03   7.999E+02
     WARNING - Frozen Thickness Violations:
  Mx CT S13
 RAY ERROR: REFL  7
     Derivative scaled for variable  21
 RAY ERROR: REFL  7
     Derivative scaled for variable  21
  
 CYCLE NUMBER 11:
  
  ABERR F. =        0.23036162
  CONST F. =      697.93220321
  ERR. F.  =      698.16256483       (change =     -102.02639875)
  
  OPD     0.16379869     0.19609222
  WAV     0.31124950     0.22384701
  
  
  
  Parameter                 Value            Change
  CUY S2                1.13621297E-01      5.85E-05
  CUY S3               -4.65752600E-02      1.32E-04
  CUY S4                1.72057574E-01      2.81E-04
  CUY S5                2.91776560E-02      2.14E-03
  CUY S6               -2.75122894E-03      3.35E-03
  CUY S7               -8.19468071E-02     -7.61E-03
  CUY S8               -9.61433676E-02     -9.84E-03
  CUY S9                2.27324294E-01     -1.93E-03
  CUY S10              -2.85420148E-02     -8.19E-03
  CUY S11              -1.82912816E-02     -7.58E-03
  A   S2                2.44158497E-04      2.77E-05
  A   S3                2.03307733E-04     -9.60E-06
  A   S4                7.94010999E-05      1.55E-05
  A   S5                1.75717902E-03     -1.96E-05
  A   S6                3.53661950E-03      6.66E-05
  A   S7               -1.54023290E-03      1.73E-05
  A   S8               -1.15153352E-02     -5.62E-05
  A   S9               -1.52502209E-02      2.53E-05
  A   S10               1.42732906E-02     -2.57E-05
  A   S11               1.53511549E-02     -2.22E-04
  THI S1                1.97599502E+00      1.74E-01
  THI S3                2.61172928E-01     -2.78E-02
  THI S5                1.89650347E-01      5.42E-03
  THI S7                2.31470107E-01      6.48E-03
  THI S9                3.39161635E-01     -6.24E-03
  THI S11               4.16401002E-01      1.73E-02
  THI S14               4.17812070E-01      1.73E-02
  THI S16               2.73241302E-01      1.73E-02
  
        EFL          REDU         PIM          OAL         EN PUP       EX PUP
     17.326730     0.000000    -0.191291    21.455663     0.000000   -13.755755
  
  Active Constraints -   1:    target        value         diff        cost
  EFL                    =   1.73271E+01   1.73267E+01  -3.817E-04   1.525E-05
  
  Weighted Constraints:        target        value        WTC/PTC     contrib
  @ATELIER_LATCOLOR      =   0.00000E+00   0.00000E+00   1.000E-02   0.000E+00
  @ATELIER_RMSSPOT       =   0.00000E+00   2.64184E+01   1.000E-03   6.979E+02
     WARNING - Frozen Thickness Violations:
  Mx CT S13
  
 CYCLE NUMBER 12:
  
  ABERR F. =        0.22833051
  CONST F. =      694.58145953
  ERR. F.  =      694.80979004       (change =       -3.35277479)
  
  OPD     0.16934224     0.19150872
  WAV     0.30795256     0.21989116
  
  
  
  Parameter                 Value            Change
  CUY S2                1.13619219E-01     -2.08E-06
  CUY S3               -4.65795635E-02     -4.30E-06
  CUY S4                1.72037763E-01     -1.98E-05
  CUY S5                2.91472653E-02     -3.04E-05
  CUY S6               -2.83877256E-03     -8.75E-05
  CUY S7               -8.18801420E-02      6.67E-05
  CUY S8               -9.59843897E-02      1.59E-04
  CUY S9                2.28623034E-01      1.30E-03
  CUY S10              -2.72172442E-02      1.32E-03
  CUY S11              -1.82311462E-02      6.01E-05
  A   S2                2.43648618E-04     -5.10E-07
  A   S3                1.98672356E-04     -4.64E-06
  A   S4                7.90519000E-05     -3.49E-07
  A   S5                1.74827147E-03     -8.91E-06
  A   S6                3.53534257E-03     -1.28E-06
  A   S7               -1.54076858E-03     -5.36E-07
  A   S8               -1.15142383E-02      1.10E-06
  A   S9               -1.52510394E-02     -8.19E-07
  A   S10               1.42741135E-02      8.23E-07
  A   S11               1.53556400E-02      4.49E-06
  THI S1                1.96079790E+00     -1.52E-02
  THI S3                2.61457901E-01      2.85E-04
  THI S5                1.89415116E-01     -2.35E-04
  THI S7                2.31424571E-01     -4.55E-05
  THI S9                3.39926905E-01      7.65E-04
  THI S11               4.15117257E-01     -1.28E-03
  THI S14               4.16528325E-01     -1.28E-03
  THI S16               2.71957557E-01     -1.28E-03
  
        EFL          REDU         PIM          OAL         EN PUP       EX PUP
     17.327115     0.000000    -0.185606    21.438668     0.000000   -13.747016
  
  Active Constraints -   1:    target        value         diff        cost
  EFL                    =   1.73271E+01   1.73271E+01   3.964E-06  -1.028E-02
  
  Weighted Constraints:        target        value        WTC/PTC     contrib
  @ATELIER_LATCOLOR      =   0.00000E+00   0.00000E+00   1.000E-02   0.000E+00
  @ATELIER_RMSSPOT       =   0.00000E+00   2.63549E+01   1.000E-03   6.946E+02
     WARNING - Frozen Thickness Violations:
  Mx CT S13
 RAY ERROR: REFL 11
 RAY ERROR: REFL 11
 RAY ERROR: REFL 11
 RAY ERROR: REFL  9
 RAY ERROR: REFL 11
  
 CYCLE NUMBER 13:
  
  ABERR F. =        0.22833107
  CONST F. =      0.145349E+06
  ERR. F.  =      0.145349E+06       (change =      0.144655E+06)
  
  OPD     0.16934654     0.19150843
  WAV     0.30795149     0.21989192
  
  
  
  Parameter                 Value            Change
  CUY S2                1.13619220E-01      7.34E-10
  CUY S3               -4.65795620E-02      1.57E-09
  CUY S4                1.72037772E-01      9.03E-09
  CUY S5                2.91472785E-02      1.32E-08
  CUY S6               -2.83874140E-03      3.12E-08
  CUY S7               -8.18801954E-02     -5.34E-08
  CUY S8               -9.59844767E-02     -8.70E-08
  CUY S9                2.28623005E-01     -2.89E-08
  CUY S10              -2.72172828E-02     -3.86E-08
  CUY S11              -1.82311680E-02     -2.17E-08
  A   S2                2.43648846E-04      2.28E-10
  A   S3                1.98672679E-04      3.23E-10
  A   S4                7.90586373E-05      6.74E-09
  A   S5                1.74827213E-03      6.60E-10
  A   S6                3.53534313E-03      5.53E-10
  A   S7               -1.54076839E-03      1.99E-10
  A   S8               -1.15142387E-02     -4.11E-10
  A   S9               -1.52510391E-02      2.99E-10
  A   S10               1.42741132E-02     -3.01E-10
  A   S11               1.53556381E-02     -1.91E-09
  THI S1                1.96103842E+00      2.41E-04
  THI S3                2.61457783E-01     -1.18E-07
  THI S5                1.89415104E-01     -1.19E-08
  THI S7                2.31424589E-01      1.80E-08
  THI S9                3.39926626E-01     -2.79E-07
  THI S11               4.15117844E-01      5.87E-07
  THI S14               4.16528912E-01      5.87E-07
  THI S16               2.71958144E-01      5.87E-07
  
        EFL          REDU         PIM          OAL         EN PUP       EX PUP
     17.327115     0.000000    -0.185607    21.438909     0.000000   -13.747164
  
  Active Constraints -   1:    target        value         diff        cost
  EFL                    =   1.73271E+01   1.73271E+01   3.805E-06   1.826E-01
  
  Weighted Constraints:        target        value        WTC/PTC     contrib
  @ATELIER_LATCOLOR      =   0.00000E+00   0.00000E+00   1.000E-02   0.000E+00
  @ATELIER_RMSSPOT       =   0.00000E+00   3.81247E+02   1.000E-03   1.453E+05
     WARNING - Frozen Thickness Violations:
  Mx CT S13
  
 CYCLE NUMBER 14:
  
  ABERR F. =        0.26429720
  CONST F. =     1361.89517535
  ERR. F.  =     1362.15947254       (change =  -143987.31271371)
  
  OPD     0.24071608     0.25453047
  WAV     0.28325328     0.27649526
  
  
  
  Parameter                 Value            Change
  CUY S2                1.09467596E-01     -4.15E-03
  CUY S3               -5.19109022E-02     -5.33E-03
  CUY S4                1.62401809E-01     -9.64E-03
  CUY S5                1.89409269E-02     -1.02E-02
  CUY S6                1.60658450E-02      1.89E-02
  CUY S7               -7.06394020E-02      1.12E-02
  CUY S8               -1.14485901E-01     -1.85E-02
  CUY S9                2.22835692E-01     -5.79E-03
  CUY S10              -2.14123305E-02      5.80E-03
  CUY S11              -1.60118214E-02      2.22E-03
  A   S2                2.38253160E-06     -2.41E-04
  A   S3                6.06934849E-04      4.08E-04
  A   S4                3.08230719E-04      2.29E-04
  A   S5                1.64579736E-03     -1.02E-04
  A   S6                3.62689804E-03      9.16E-05
  A   S7               -1.55523370E-03     -1.45E-05
  A   S8               -1.16668382E-02     -1.53E-04
  A   S9               -1.56892366E-02     -4.38E-04
  A   S10               1.43417090E-02      6.76E-05
  A   S11               1.63612742E-02      1.01E-03
  THI S1                7.78395136E-01     -1.18E+00
  THI S3                2.98529793E-01      3.71E-02
  THI S5                2.07139629E-01      1.77E-02
  THI S7                2.27694569E-01     -3.73E-03
  THI S9                3.26171371E-01     -1.38E-02
  THI S11               3.78984110E-01     -3.61E-02
  THI S14               3.80395173E-01     -3.61E-02
  THI S16               2.35824437E-01     -3.61E-02
  
        EFL          REDU         PIM          OAL         EN PUP       EX PUP
     17.326559     0.000000    -0.152796    20.221310     0.000000   -12.994327
  
  Active Constraints -   1:    target        value         diff        cost
  EFL                    =   1.73271E+01   1.73266E+01  -5.523E-04   1.853E-05
  
  Weighted Constraints:        target        value        WTC/PTC     contrib
  @ATELIER_LATCOLOR      =   0.00000E+00   0.00000E+00   1.000E-02   0.000E+00
  @ATELIER_RMSSPOT       =   0.00000E+00   3.69039E+01   1.000E-03   1.362E+03
     WARNING - Frozen Thickness Violations:
  Mx CT S13
  
  Constraints added:      Mn ET S7 (>)
 RAY ERROR: MISS  5
  Constraints released:   Mn ET S7 (>)
 RAY ERROR: MISS  5
 RAY ERROR: MISS  5
 RAY ERROR: MISS  5
 RAY ERROR: MISS  5
  Constraints released:   Mn ET S7 (>)
  
 CYCLE NUMBER 15:
  
  ABERR F. =        0.26487954
  CONST F. =     1318.27063667
  ERR. F.  =     1318.53551621       (change =      -43.62395634)
  
  OPD     0.26035290     0.23351413
  WAV     0.30396854     0.25677875
  
  
  
  Parameter                 Value            Change
  CUY S2                1.09475148E-01      7.55E-06
  CUY S3               -5.19327271E-02     -2.18E-05
  CUY S4                1.62401126E-01     -6.82E-07
  CUY S5                1.95663787E-02      6.25E-04
  CUY S6                1.67852228E-02      7.19E-04
  CUY S7               -6.99547227E-02      6.85E-04
  CUY S8               -1.14289650E-01      1.96E-04
  CUY S9                2.22108223E-01     -7.27E-04
  CUY S10              -2.13718599E-02      4.05E-05
  CUY S11              -1.56339945E-02      3.78E-04
  A   S2                1.04971275E-06     -1.33E-06
  A   S3                6.08370103E-04      1.44E-06
  A   S4                3.05900607E-04     -2.33E-06
  A   S5                1.64982323E-03      4.03E-06
  A   S6                3.62053108E-03     -6.37E-06
  A   S7               -1.57128164E-03     -1.60E-05
  A   S8               -1.16539352E-02      1.29E-05
  A   S9               -1.57219551E-02     -3.27E-05
  A   S10               1.43732202E-02      3.15E-05
  A   S11               1.64045970E-02      4.33E-05
  THI S1                7.76438176E-01     -1.96E-03
  THI S3                2.95428424E-01     -3.10E-03
  THI S5                2.07494240E-01      3.55E-04
  THI S7                2.28122504E-01      4.28E-04
  THI S9                3.32329939E-01      6.16E-03
  THI S11               3.77231180E-01     -1.75E-03
  THI S14               3.78642242E-01     -1.75E-03
  THI S16               2.34071507E-01     -1.75E-03
  
        EFL          REDU         PIM          OAL         EN PUP       EX PUP
     17.326552     0.000000    -0.153796    20.219687     0.000000   -12.994273
  
  Active Constraints -   1:    target        value         diff        cost
  EFL                    =   1.73271E+01   1.73266E+01  -5.594E-04   2.061E-02
  
  Weighted Constraints:        target        value        WTC/PTC     contrib
  @ATELIER_LATCOLOR      =   0.00000E+00   0.00000E+00   1.000E-02   0.000E+00
  @ATELIER_RMSSPOT       =   0.00000E+00   3.63080E+01   1.000E-03   1.318E+03
     WARNING - Frozen Thickness Violations:
  Mx CT S13
  
 CYCLE NUMBER 16:
  
  ABERR F. =        0.23813640
  CONST F. =     1080.06157241
  ERR. F.  =     1080.29970881       (change =     -238.23580739)
  
  OPD     0.17942943     0.25568565
  WAV     0.22864303     0.27746723
  
  
  
  Parameter                 Value            Change
  CUY S2                1.09405081E-01     -7.01E-05
  CUY S3               -5.19419292E-02     -9.20E-06
  CUY S4                1.62577632E-01      1.77E-04
  CUY S5                1.90374913E-02     -5.29E-04
  CUY S6                1.73135412E-02      5.28E-04
  CUY S7               -7.05909850E-02     -6.36E-04
  CUY S8               -1.10925964E-01      3.36E-03
  CUY S9                2.28321900E-01      6.21E-03
  CUY S10              -2.17021368E-02     -3.30E-04
  CUY S11              -1.39005344E-02      1.73E-03
  A   S2               -1.13064383E-05     -1.24E-05
  A   S3                6.21691095E-04      1.33E-05
  A   S4                3.02467925E-04     -3.43E-06
  A   S5                1.66740671E-03      1.76E-05
  A   S6                3.64146684E-03      2.09E-05
  A   S7               -1.55588241E-03      1.54E-05
  A   S8               -1.16735616E-02     -1.96E-05
  A   S9               -1.56937780E-02      2.82E-05
  A   S10               1.43475666E-02     -2.57E-05
  A   S11               1.62846331E-02     -1.20E-04
  THI S1                6.67182681E-01     -1.09E-01
  THI S3                2.80753527E-01     -1.47E-02
  THI S5                2.40605693E-01      3.31E-02
  THI S7                2.25865746E-01     -2.26E-03
  THI S9                3.21071387E-01     -1.13E-02
  THI S11               3.71289728E-01     -5.94E-03
  THI S14               3.72700791E-01     -5.94E-03
  THI S16               2.28130055E-01     -5.94E-03
  
        EFL          REDU         PIM          OAL         EN PUP       EX PUP
     17.320359     0.000000    -0.235655    20.103470     0.000000   -12.891802
  
  Active Constraints -   1:    target        value         diff        cost
  EFL                    =   1.73271E+01   1.73204E+01  -6.753E-03   2.358E-05
  
  Weighted Constraints:        target        value        WTC/PTC     contrib
  @ATELIER_LATCOLOR      =   0.00000E+00   0.00000E+00   1.000E-02   0.000E+00
  @ATELIER_RMSSPOT       =   0.00000E+00   3.28643E+01   1.000E-03   1.080E+03
     WARNING - Frozen Thickness Violations:
  Mx CT S13
  
 CYCLE NUMBER 17:
  
  ABERR F. =        0.22325419
  CONST F. =      872.54198675
  ERR. F.  =      872.76524094       (change =     -207.53446787)
  
  OPD     0.18598746     0.22359550
  WAV     0.23250009     0.24642882
  
  
  
  Parameter                 Value            Change
  CUY S2                1.09322793E-01     -8.23E-05
  CUY S3               -5.20892735E-02     -1.47E-04
  CUY S4                1.62067577E-01     -5.10E-04
  CUY S5                1.72571734E-02     -1.78E-03
  CUY S6                2.73604588E-02      1.00E-02
  CUY S7               -5.63579346E-02      1.42E-02
  CUY S8               -1.09579642E-01      1.35E-03
  CUY S9                2.24782348E-01     -3.54E-03
  CUY S10              -2.20411277E-02     -3.39E-04
  CUY S11              -1.27390731E-02      1.16E-03
  A   S2                1.41011375E-05      2.54E-05
  A   S3                5.96411270E-04     -2.53E-05
  A   S4                3.33106309E-04      3.06E-05
  A   S5                1.62957924E-03     -3.78E-05
  A   S6                3.57874490E-03     -6.27E-05
  A   S7               -1.59223236E-03     -3.63E-05
  A   S8               -1.16390810E-02      3.45E-05
  A   S9               -1.57610602E-02     -6.73E-05
  A   S10               1.44146911E-02      6.71E-05
  A   S11               1.63215997E-02      3.70E-05
  THI S1                6.21732661E-01     -4.55E-02
  THI S3                8.90837152E-02     -1.92E-01
  THI S5                2.35985936E-01     -4.62E-03
  THI S7                2.28095992E-01      2.23E-03
  THI S9                3.39214884E-01      1.81E-02
  THI S11               4.42977333E-01      7.17E-02
  THI S14               4.44388395E-01      7.17E-02
  THI S16               2.99817659E-01      7.17E-02
  
        EFL          REDU         PIM          OAL         EN PUP       EX PUP
     17.318060     0.000000    -0.197118    20.025479     0.000000   -12.934898
  
  Active Constraints -   1:    target        value         diff        cost
  EFL                    =   1.73271E+01   1.73181E+01  -9.051E-03  -5.896E-07
  
  Weighted Constraints:        target        value        WTC/PTC     contrib
  @ATELIER_LATCOLOR      =   0.00000E+00   0.00000E+00   1.000E-02   0.000E+00
  @ATELIER_RMSSPOT       =   0.00000E+00   2.95388E+01   1.000E-03   8.725E+02
     WARNING - Frozen Thickness Violations:
  Mx CT S13
  
 CYCLE NUMBER 18:
  
  ABERR F. =        0.16539850
  CONST F. =      714.15164882
  ERR. F.  =      714.31704731       (change =     -158.44819363)
  
  OPD     0.14182830     0.14153046
  WAV     0.20961100     0.15919718
  
  
  
  Parameter                 Value            Change
  CUY S2                1.09567804E-01      2.45E-04
  CUY S3               -5.18190614E-02      2.70E-04
  CUY S4                1.62965835E-01      8.98E-04
  CUY S5                1.47178250E-02     -2.54E-03
  CUY S6                2.30478326E-02     -4.31E-03
  CUY S7               -6.52491207E-02     -8.89E-03
  CUY S8               -1.20193204E-01     -1.06E-02
  CUY S9                2.39627743E-01      1.48E-02
  CUY S10              -6.23841811E-04      2.14E-02
  CUY S11              -9.29985385E-03      3.44E-03
  A   S2               -6.13298473E-05     -7.54E-05
  A   S3                8.54357151E-04      2.58E-04
  A   S4                6.11179244E-04      2.78E-04
  A   S5                1.45001199E-03     -1.80E-04
  A   S6                4.09674062E-03      5.18E-04
  A   S7               -1.63503010E-03     -4.28E-05
  A   S8               -1.16517316E-02     -1.27E-05
  A   S9               -1.61101986E-02     -3.49E-04
  A   S10               1.46515182E-02      2.37E-04
  A   S11               1.72496978E-02      9.28E-04
  THI S1                3.28881361E-01     -2.93E-01
  THI S3                1.18238170E-01      2.92E-02
  THI S5                2.16343063E-01     -1.96E-02
  THI S7                2.32521168E-01      4.43E-03
  THI S9                2.33388414E-01     -1.06E-01
  THI S11               4.41692371E-01     -1.28E-03
  THI S14               4.43103433E-01     -1.28E-03
  THI S16               2.98532698E-01     -1.28E-03
  
        EFL          REDU         PIM          OAL         EN PUP       EX PUP
     17.294057     0.000000    -0.086480    19.638168     0.000000   -12.688344
  
  Active Constraints -   1:    target        value         diff        cost
  EFL                    =   1.73271E+01   1.72941E+01  -3.305E-02   3.587E-06
  
  Weighted Constraints:        target        value        WTC/PTC     contrib
  @ATELIER_LATCOLOR      =   0.00000E+00   0.00000E+00   1.000E-02   0.000E+00
  @ATELIER_RMSSPOT       =   0.00000E+00   2.67236E+01   1.000E-03   7.142E+02
     WARNING - Frozen Thickness Violations:
  Mx CT S13
  
  Constraints added:      Mn CT S1 (>)
  
 CYCLE NUMBER 19:
  
  ABERR F. =        0.17561932
  CONST F. =      481.19971615
  ERR. F.  =      481.37533547       (change =     -232.94171184)
  
  OPD     0.11544578     0.16069112
  WAV     0.23179624     0.17461305
  
  
  
  Parameter                 Value            Change
  CUY S2                1.09649789E-01      8.20E-05
  CUY S3               -5.16540494E-02      1.65E-04
  CUY S4                1.63353330E-01      3.87E-04
  CUY S5                1.61457644E-02      1.43E-03
  CUY S6                2.60687196E-02      3.02E-03
  CUY S7               -6.16898511E-02      3.56E-03
  CUY S8               -1.17294115E-01      2.90E-03
  CUY S9                2.43780834E-01      4.15E-03
  CUY S10               3.17315591E-04      9.41E-04
  CUY S11              -1.06626977E-02     -1.36E-03
  A   S2                1.07340694E-05      7.21E-05
  A   S3                7.86684645E-04     -6.77E-05
  A   S4                5.95916558E-04     -1.53E-05
  A   S5                1.47158738E-03      2.16E-05
  A   S6                4.06539176E-03     -3.13E-05
  A   S7               -1.60335123E-03      3.17E-05
  A   S8               -1.16777772E-02     -2.60E-05
  A   S9               -1.60621638E-02      4.80E-05
  A   S10               1.46053424E-02     -4.62E-05
  A   S11               1.71058717E-02     -1.44E-04
  THI S1                1.00000000E-03     -3.28E-01
  THI S3                1.06341439E-01     -1.19E-02
  THI S5                2.16036783E-01     -3.06E-04
  THI S7                2.30055688E-01     -2.47E-03
  THI S9                2.13868529E-01     -1.95E-02
  THI S11               4.51454424E-01      9.76E-03
  THI S14               4.52865487E-01      9.76E-03
  THI S16               3.08294751E-01      9.76E-03
  
        EFL          REDU         PIM          OAL         EN PUP       EX PUP
     17.327115     0.000000    -0.045151    19.295622     0.000000   -12.510654
  
  Active Constraints -   2:    target        value         diff        cost
  EFL                    =   1.73271E+01   1.73271E+01   3.844E-06   6.337E-06
  Mn CT S1                                                          -2.609E-09
  
  Weighted Constraints:        target        value        WTC/PTC     contrib
  @ATELIER_LATCOLOR      =   0.00000E+00   0.00000E+00   1.000E-02   0.000E+00
  @ATELIER_RMSSPOT       =   0.00000E+00   2.19363E+01   1.000E-03   4.812E+02
     WARNING - Frozen Thickness Violations:
  Mx CT S13
  
 CYCLE NUMBER 20:
  
  ABERR F. =        0.17446234
  CONST F. =      478.48362841
  ERR. F.  =      478.65809075       (change =       -2.71724472)
  
  OPD     0.11590848     0.15926645
  WAV     0.23016044     0.17313008
  
  
  
  Parameter                 Value            Change
  CUY S2                1.09649608E-01     -1.80E-07
  CUY S3               -5.16543925E-02     -3.43E-07
  CUY S4                1.63352040E-01     -1.29E-06
  CUY S5                1.61427672E-02     -3.00E-06
  CUY S6                2.60152754E-02     -5.34E-05
  CUY S7               -6.17466713E-02     -5.68E-05
  CUY S8               -1.17302121E-01     -8.01E-06
  CUY S9                2.43718378E-01     -6.25E-05
  CUY S10               2.60206294E-04     -5.71E-05
  CUY S11              -1.06848203E-02     -2.21E-05
  A   S2                1.06838892E-05     -5.02E-08
  A   S3                7.86736626E-04      5.20E-08
  A   S4                5.95950443E-04      3.39E-08
  A   S5                1.47154538E-03     -4.20E-08
  A   S6                4.06589009E-03      4.98E-07
  A   S7               -1.60340193E-03     -5.07E-08
  A   S8               -1.16777247E-02      5.25E-08
  A   S9               -1.60622486E-02     -8.48E-08
  A   S10               1.46054242E-02      8.18E-08
  A   S11               1.71060481E-02      1.76E-07
  THI S1                1.00000000E-03      5.54E-16
  THI S3                1.06386135E-01      4.47E-05
  THI S5                2.15883326E-01     -1.53E-04
  THI S7                2.30061890E-01      6.20E-06
  THI S9                2.13905178E-01      3.66E-05
  THI S11               4.51386274E-01     -6.81E-05
  THI S14               4.52797337E-01     -6.81E-05
  THI S16               3.08226601E-01     -6.81E-05
  
        EFL          REDU         PIM          OAL         EN PUP       EX PUP
     17.327111     0.000000    -0.044472    19.295420     0.000000   -12.510600
  
  Active Constraints -   2:    target        value         diff        cost
  EFL                    =   1.73271E+01   1.73271E+01  -1.091E-12  -4.789E-03
  Mn CT S1                                                          -7.652E-05
  
  Weighted Constraints:        target        value        WTC/PTC     contrib
  @ATELIER_LATCOLOR      =   0.00000E+00   0.00000E+00   1.000E-02   0.000E+00
  @ATELIER_RMSSPOT       =   0.00000E+00   2.18743E+01   1.000E-03   4.785E+02
     WARNING - Frozen Thickness Violations:
  Mx CT S13
  
 CYCLE NUMBER 21:
  
  ABERR F. =        0.17393948
  CONST F. =      477.73499322
  ERR. F.  =      477.90893270       (change =       -0.74915805)
  
  OPD     0.11617277     0.15855328
  WAV     0.22949329     0.17238718
  
  
  
  Parameter                 Value            Change
  CUY S2                1.09649354E-01     -2.55E-07
  CUY S3               -5.16548255E-02     -4.33E-07
  CUY S4                1.63351574E-01     -4.66E-07
  CUY S5                1.61408325E-02     -1.93E-06
  CUY S6                2.60121592E-02     -3.12E-06
  CUY S7               -6.17456876E-02      9.84E-07
  CUY S8               -1.17298634E-01      3.49E-06
  CUY S9                2.43721811E-01      3.43E-06
  CUY S10               2.66752043E-04      6.55E-06
  CUY S11              -1.06802684E-02      4.55E-06
  A   S2                1.07460802E-05      6.22E-08
  A   S3                7.86678194E-04     -5.84E-08
  A   S4                5.96077963E-04      1.28E-07
  A   S5                1.47141246E-03     -1.33E-07
  A   S6                4.06587662E-03     -1.35E-08
  A   S7               -1.60350741E-03     -1.05E-07
  A   S8               -1.16776216E-02      1.03E-07
  A   S9               -1.60624882E-02     -2.40E-07
  A   S10               1.46056562E-02      2.32E-07
  A   S11               1.71057416E-02     -3.07E-07
  THI S1                1.00000000E-03     -2.17E-19
  THI S3                1.06384954E-01     -1.18E-06
  THI S5                2.15883799E-01      4.73E-07
  THI S7                2.30061723E-01     -1.67E-07
  THI S9                2.13970549E-01      6.54E-05
  THI S11               4.51315728E-01     -7.05E-05
  THI S14               4.52726791E-01     -7.05E-05
  THI S16               3.08156055E-01     -7.05E-05
  
        EFL          REDU         PIM          OAL         EN PUP       EX PUP
     17.327111     0.000000    -0.044398    19.295344     0.000000   -12.510521
  
  Active Constraints -   2:    target        value         diff        cost
  EFL                    =   1.73271E+01   1.73271E+01   1.865E-12   7.561E-02
  Mn CT S1                                                          -2.007E-04
  
  Weighted Constraints:        target        value        WTC/PTC     contrib
  @ATELIER_LATCOLOR      =   0.00000E+00   0.00000E+00   1.000E-02   0.000E+00
  @ATELIER_RMSSPOT       =   0.00000E+00   2.18571E+01   1.000E-03   4.777E+02
     WARNING - Frozen Thickness Violations:
  Mx CT S13
  
 CYCLE NUMBER 22:
  
  ABERR F. =        0.17377966
  CONST F. =      477.63827652
  ERR. F.  =      477.81205618       (change =       -0.09687652)
  
  OPD     0.11622691     0.15830502
  WAV     0.22935230     0.17212157
  
  
  
  Parameter                 Value            Change
  CUY S2                1.09649374E-01      2.06E-08
  CUY S3               -5.16547882E-02      3.73E-08
  CUY S4                1.63351872E-01      2.97E-07
  CUY S5                1.61413577E-02      5.25E-07
  CUY S6                2.60136123E-02      1.45E-06
  CUY S7               -6.17447981E-02      8.90E-07
  CUY S8               -1.17299084E-01     -4.50E-07
  CUY S9                2.43691951E-01     -2.99E-05
  CUY S10               2.36534756E-04     -3.02E-05
  CUY S11              -1.06807915E-02     -5.23E-07
  A   S2                1.07407106E-05     -5.37E-09
  A   S3                7.86683316E-04      5.12E-09
  A   S4                5.96067494E-04     -1.05E-08
  A   S5                1.47142411E-03      1.17E-08
  A   S6                4.06602095E-03      1.44E-07
  A   S7               -1.60349774E-03      9.67E-09
  A   S8               -1.16776310E-02     -9.45E-09
  A   S9               -1.60624668E-02      2.13E-08
  A   S10               1.46056356E-02     -2.06E-08
  A   S11               1.71057681E-02      2.65E-08
  THI S1                1.00000000E-03      0.00E+00
  THI S3                1.06430828E-01      4.59E-05
  THI S5                2.15882569E-01     -1.23E-06
  THI S7                2.30065926E-01      4.20E-06
  THI S9                2.13964818E-01     -5.73E-06
  THI S11               4.51341334E-01      2.56E-05
  THI S14               4.52752397E-01      2.56E-05
  THI S16               3.08181661E-01      2.56E-05
  
        EFL          REDU         PIM          OAL         EN PUP       EX PUP
     17.327111     0.000000    -0.044562    19.295438     0.000000   -12.510568
  
  Active Constraints -   2:    target        value         diff        cost
  EFL                    =   1.73271E+01   1.73271E+01  -1.257E-10   7.760E-03
  Mn CT S1                                                          -1.340E-04
  
  Weighted Constraints:        target        value        WTC/PTC     contrib
  @ATELIER_LATCOLOR      =   0.00000E+00   0.00000E+00   1.000E-02   0.000E+00
  @ATELIER_RMSSPOT       =   0.00000E+00   2.18549E+01   1.000E-03   4.776E+02
     WARNING - Frozen Thickness Violations:
  Mx CT S13
  
     Normal AUTO Completion - System improvement less than IMP
AUT> GO
 
 
CODE V> BUF PUT B1 I^row J1 "schema"
      Created new worksheet B1.
CODE V> BUF PUT B1 I^row J2 "atelier-codev-target-v1"
CODE V> BUF PUT B1 I^row J1 "status"
CODE V> BUF PUT B1 I^row J2 "ok"
CODE V> BUF PUT B1 I^row J1 "mode"
CODE V> BUF PUT B1 I^row J2 "target"
CODE V> BUF PUT B1 I^row J1 "stage"
CODE V> BUF PUT B1 I^row J2 "A"
CODE V> BUF PUT B1 I^row J1 "source_zmx"
CODE V> BUF PUT B1 I^row J2 "US-12443014-B2-e1.zmx"
CODE V> BUF PUT B1 I^row J1 "num_fields"
CODE V> BUF PUT B1 I^row J2 ^numf_out
CODE V> BUF PUT B1 I^row J1 "vignetting_edge"
CODE V> BUF PUT B1 I^row J2 0.2
CODE V> BUF PUT B1 I^row J1 "target.efl_mm"
CODE V> BUF PUT B1 I^row J2 ^target_efl
CODE V> BUF PUT B1 I^row J1 "target.f_number"
CODE V> BUF PUT B1 I^row J2 4
CODE V> BUF PUT B1 I^row J1 "seed_baseline.efl_y_mm"
CODE V> BUF PUT B1 I^row J2 ^seed_baseline_efl_y_mm
CODE V> BUF PUT B1 I^row J1 "seed_baseline.max_lateral_color_um"
CODE V> BUF PUT B1 I^row J2 ^seed_baseline_max_lateral_color_um
CODE V> BUF PUT B1 I^row J1 "seed_baseline.max_rms_spot_diameter_um"
CODE V> BUF PUT B1 I^row J2 ^seed_baseline_max_rms_spot_diameter_um
CODE V> BUF PUT B1 I^row J1 "seed_baseline.max_rms_wavefront_error_waves"
CODE V> BUF PUT B1 I^row J2 ^seed_baseline_max_rms_wavefront_error_waves
CODE V> BUF PUT B1 I^row J1 "seed_baseline.max_distortion_pct"
CODE V> BUF PUT B1 I^row J2 ^seed_baseline_max_distortion_pct
CODE V> BUF PUT B1 I^row J1 "seed_baseline.fno"
CODE V> BUF PUT B1 I^row J2 ^seed_baseline_fno
CODE V> BUF PUT B1 I^row J1 "seed_baseline.epd_mm"
CODE V> BUF PUT B1 I^row J2 ^seed_baseline_epd
CODE V> BUF PUT B1 I^row J1 "seed_baseline.maximh_mm"
CODE V> BUF PUT B1 I^row J2 ^seed_baseline_maximh
CODE V> BUF PUT B1 I^row J1 "config_pre_aut.efl_y_mm"
CODE V> BUF PUT B1 I^row J2 ^config_pre_aut_efl_y_mm
CODE V> BUF PUT B1 I^row J1 "config_pre_aut.max_lateral_color_um"
CODE V> BUF PUT B1 I^row J2 ^config_pre_aut_max_lateral_color_um
CODE V> BUF PUT B1 I^row J1 "config_pre_aut.max_rms_spot_diameter_um"
CODE V> BUF PUT B1 I^row J2 ^config_pre_aut_max_rms_spot_diameter_um
CODE V> BUF PUT B1 I^row J1 "config_pre_aut.max_rms_wavefront_error_waves"
CODE V> BUF PUT B1 I^row J2 ^config_pre_aut_max_rms_wavefront_error_waves
CODE V> BUF PUT B1 I^row J1 "config_pre_aut.max_distortion_pct"
CODE V> BUF PUT B1 I^row J2 ^config_pre_aut_max_distortion_pct
CODE V> BUF PUT B1 I^row J1 "config_pre_aut.fno"
CODE V> BUF PUT B1 I^row J2 ^config_pre_aut_fno
CODE V> BUF PUT B1 I^row J1 "config_pre_aut.epd_mm"
CODE V> BUF PUT B1 I^row J2 ^config_pre_aut_epd
CODE V> BUF PUT B1 I^row J1 "config_pre_aut.maximh_mm"
CODE V> BUF PUT B1 I^row J2 ^config_pre_aut_maximh
CODE V> BUF PUT B1 I^row J1 "post_aut.efl_y_mm"
CODE V> BUF PUT B1 I^row J2 ^post_aut_efl_y_mm
CODE V> BUF PUT B1 I^row J1 "post_aut.max_lateral_color_um"
CODE V> BUF PUT B1 I^row J2 ^post_aut_max_lateral_color_um
CODE V> BUF PUT B1 I^row J1 "post_aut.max_rms_spot_diameter_um"
CODE V> BUF PUT B1 I^row J2 ^post_aut_max_rms_spot_diameter_um
CODE V> BUF PUT B1 I^row J1 "post_aut.max_rms_wavefront_error_waves"
CODE V> BUF PUT B1 I^row J2 ^post_aut_max_rms_wavefront_error_waves
CODE V> BUF PUT B1 I^row J1 "post_aut.max_distortion_pct"
CODE V> BUF PUT B1 I^row J2 ^post_aut_max_distortion_pct
CODE V> BUF PUT B1 I^row J1 "post_aut.fno"
CODE V> BUF PUT B1 I^row J2 ^post_aut_fno
CODE V> BUF PUT B1 I^row J1 "post_aut.epd_mm"
CODE V> BUF PUT B1 I^row J2 ^post_aut_epd
CODE V> BUF PUT B1 I^row J1 "post_aut.maximh_mm"
CODE V> BUF PUT B1 I^row J2 ^post_aut_maximh
CODE V> BUF PUT B1 I^row J1 "efl_target_deviation_pct"
CODE V> BUF PUT B1 I^row J2 ^efl_target_dev_pct
CODE V> BUF PUT B1 I^row J1 "aut_converged"
CODE V> BUF PUT B1 I^row J2 ^aut_converged
CODE V> BUF EXP B1 "D:\atelier-wt-c\.planning\loop\p15-stageb-evidence\fno-matrix-2026-07-11\US-12443014-B2-e1_loosen\rung3_fno0400\ray_retry\atelier_codev_target_A_vig0200.tsv"
     Buffer B1 exported to file atelier_codev_target_A_vig0200.tsv
CODE V> BUF DEL B1
CODE V> OUT YES
CODE V> EXI YES
     EXI                                                                              11-Jul-26  14H  7M  0S
                                                 CODE V PC  Version: 11.5             CPU clock:  0H  0M  6S
