  
  
                                   Welcome to
  
                                   C O D E   V
  
                                PC  Version 11.5
                                   Build 27302701
  
                                   11-Jul-2026
  
                            A proprietary product of
  
                              SYNOPSYS, INC
                              Pasadena, California
  
CODE V> OUT NO
     Radius input/output mode
  
    Lens data created by Zemax version 191028
  
    Zemax command MODE ignored
     WARNING - Vignetting angles not used.
     ERROR - No wavelength  2 in zoom position  1
  
     Surface pointer = OBJ
    Zemax surface type  STANDARD
    CODE V surface type SPH
    Zemax command FIMP ignored.
     WARNING - Hiding of rays not used.
    Zemax command MIRR ignored.
    Zemax command SLAB ignored.
    Zemax command MEMA ignored.
    Zemax command POPS ignored.
  
     Surface pointer = 1
    Zemax surface type  STANDARD
    CODE V surface type SPH
    Zemax command FIMP ignored.
     WARNING - Hiding of rays not used.
    Zemax command MIRR ignored.
    Zemax command SLAB ignored.
    Zemax command MEMA ignored.
    Zemax command POPS ignored.
  
     Surface pointer = 2
    Zemax surface type  EVENASPH
    CODE V surface type ASP
    Zemax command FIMP ignored.
     WARNING - Hiding of rays not used.
    Zemax command MIRR ignored.
    Zemax command SLAB ignored.
     WARNING - Partial dispersion of model glass not used.
    Zemax command MEMA ignored.
    Zemax command POPS ignored.
  
     Surface pointer = 3
    Zemax surface type  EVENASPH
    CODE V surface type ASP
    Zemax command FIMP ignored.
     WARNING - Hiding of rays not used.
    Zemax command MIRR ignored.
    Zemax command SLAB ignored.
    Zemax command MEMA ignored.
    Zemax command POPS ignored.
  
     Surface pointer = 4
    Zemax surface type  EVENASPH
    CODE V surface type ASP
    Zemax command FIMP ignored.
     WARNING - Hiding of rays not used.
    Zemax command MIRR ignored.
    Zemax command SLAB ignored.
     WARNING - Partial dispersion of model glass not used.
    Zemax command MEMA ignored.
    Zemax command POPS ignored.
  
     Surface pointer = 5
    Zemax surface type  EVENASPH
    CODE V surface type ASP
    Zemax command FIMP ignored.
     WARNING - Hiding of rays not used.
    Zemax command MIRR ignored.
    Zemax command SLAB ignored.
    Zemax command MEMA ignored.
    Zemax command POPS ignored.
  
     Surface pointer = 6
    Zemax surface type  EVENASPH
    CODE V surface type ASP
    Zemax command FIMP ignored.
     WARNING - Hiding of rays not used.
    Zemax command MIRR ignored.
    Zemax command SLAB ignored.
     WARNING - Partial dispersion of model glass not used.
    Zemax command MEMA ignored.
    Zemax command POPS ignored.
  
     Surface pointer = 7
    Zemax surface type  EVENASPH
    CODE V surface type ASP
    Zemax command FIMP ignored.
     WARNING - Hiding of rays not used.
    Zemax command MIRR ignored.
    Zemax command SLAB ignored.
    Zemax command MEMA ignored.
    Zemax command POPS ignored.
  
     Surface pointer = 8
    Zemax surface type  EVENASPH
    CODE V surface type ASP
    Zemax command FIMP ignored.
     WARNING - Hiding of rays not used.
    Zemax command MIRR ignored.
    Zemax command SLAB ignored.
     WARNING - Partial dispersion of model glass not used.
    Zemax command MEMA ignored.
    Zemax command POPS ignored.
  
     Surface pointer = 9
    Zemax surface type  EVENASPH
    CODE V surface type ASP
    Zemax command FIMP ignored.
     WARNING - Hiding of rays not used.
    Zemax command MIRR ignored.
    Zemax command SLAB ignored.
    Zemax command MEMA ignored.
    Zemax command POPS ignored.
  
     Surface pointer = 10
    Zemax surface type  EVENASPH
    CODE V surface type ASP
    Zemax command FIMP ignored.
     WARNING - Hiding of rays not used.
    Zemax command MIRR ignored.
    Zemax command SLAB ignored.
     WARNING - Partial dispersion of model glass not used.
    Zemax command MEMA ignored.
    Zemax command POPS ignored.
  
     Surface pointer = 11
    Zemax surface type  EVENASPH
    CODE V surface type ASP
    Zemax command FIMP ignored.
     WARNING - Hiding of rays not used.
    Zemax command MIRR ignored.
    Zemax command SLAB ignored.
    Zemax command MEMA ignored.
    Zemax command POPS ignored.
  
     Surface pointer = 12
    Zemax surface type  STANDARD
    CODE V surface type SPH
    Zemax command FIMP ignored.
     WARNING - Hiding of rays not used.
    Zemax command MIRR ignored.
    Zemax command SLAB ignored.
    Zemax command MEMA ignored.
    Zemax command POPS ignored.
  
     Surface pointer = 13
    Zemax surface type  STANDARD
    CODE V surface type SPH
    Zemax command FIMP ignored.
     WARNING - Hiding of rays not used.
    Zemax command MIRR ignored.
    Zemax command SLAB ignored.
     WARNING - Partial dispersion of model glass not used.
    Zemax command MEMA ignored.
    Zemax command POPS ignored.
  
     Surface pointer = 14
    Zemax surface type  STANDARD
    CODE V surface type SPH
    Zemax command FIMP ignored.
     WARNING - Hiding of rays not used.
    Zemax command MIRR ignored.
    Zemax command SLAB ignored.
    Zemax command MEMA ignored.
    Zemax command POPS ignored.
  
     Surface pointer = 15
    Zemax surface type  STANDARD
    CODE V surface type SPH
    Zemax command FIMP ignored.
     WARNING - Hiding of rays not used.
    Zemax command MIRR ignored.
    Zemax command SLAB ignored.
     WARNING - Partial dispersion of model glass not used.
    Zemax command MEMA ignored.
    Zemax command POPS ignored.
  
     Surface pointer = 16
    Zemax surface type  STANDARD
    CODE V surface type SPH
    Zemax command FIMP ignored.
     WARNING - Hiding of rays not used.
    Zemax command MIRR ignored.
    Zemax command SLAB ignored.
    Zemax command MEMA ignored.
    Zemax command POPS ignored.
  
     Surface pointer = IMG
    Zemax surface type  STANDARD
    CODE V surface type SPH
    Zemax command FIMP ignored.
     WARNING - Hiding of rays not used.
    Zemax command MIRR ignored.
    Zemax command SLAB ignored.
    Zemax command MEMA ignored.
    Zemax command POPS ignored.
    Zemax command ! AT ignored.
    Zemax command ! AT ignored.
    Zemax command ! AT ignored.
    Zemax command ! AT ignored.
  
     WARNING - Please check the converted lens carefully.
               Some information will not be converted.
               Changes in either CODE V or ZEMAX may invalidate
               the converted information.
               Due to differences between CODE V and ZEMAX ray
               aiming and vignetting factors, it is recommended
               that you set vignetting for the converted system.
  
               A concise listing of conversion warnings appears
               in the Tabbed Output Window 'Info' tab and in the
               Command Window.
  
CODE V> DEF VAR SA
     ERROR - Ray missed surface   3 for zoom position  1
     ERROR - Ray missed surface   3 for zoom position  1
     ERROR - Ray missed surface   3 for zoom position  1
     ERROR - Ray missed surface   4 for zoom position  1
     ERROR - Total reflection at surface   9 for zoom position  1
     ERROR - Ray missed surface   3 for zoom position  1
     ERROR - Ray missed surface   4 for zoom position  1
     ERROR - Total reflection at surface   9 for zoom position  1
     ERROR - One or more of the reference rays from field  1 is deviated far from
             most of the other rays from this field point.  The reference rays are
             used to determine the numerical aperture and the grid spacing.  Thus, it
             is important that these rays are focused at approximately the same spot
             as the other rays from this field point.  Modifying the vignetting
             may solve this problem and allow the computation to proceed.
CODE V> FNO 4
CODE V> VUY 0 0.3
CODE V> VLY 0 0.3
CODE V> VUX 0 0.3
CODE V> VLX 0 0.3
 
 
CODE V> AUT
     AUT                                                                              11-Jul-26  14H  7M  2S
                                                 CODE V PC  Version: 11.5             CPU clock:  0H  0M  0S
     WARNING - CODE V places the reference sphere at the exit pupil.  However,
               the aberrations of this lens make the OPD data (and any quantity
               that depends upon OPD data) very sensitive to the exact value of
               the reference sphere radius.  You can use the RSL command to
               reposition the reference sphere if that is appropriate for
               your application.
     ***Defocussing frozen to eliminate redundant variable
AUT>   SUR N
AUT>   CHG SA
AUT>   WFR Y
AUT>   WTF FA 10
AUT>   EFL = 17.3271113483923
AUT>   @atelier_latcolor == @lcum(1)
AUT>   @atelier_latcolor = 0
AUT>   WTC 0.01
AUT>   @atelier_rmsspot == @rmssum(1)
AUT>   @atelier_rmsspot = 0
AUT>   WTC 0.001
AUT>   MNT 0.025
AUT>   MNE 0.025
AUT>   MXT 10
AUT>   MNA 0.001
AUT>   MXC 25
AUT>   MNC 3
AUT>   IMP 0.001
AUT> GO
 -------------------------------------------------------------------------------
  
       USER CONSTRAINT DEFINITIONS
            @atelier_rmsspot == @rmssum(1)
  
            @atelier_latcolor == @lcum(1)
  
  
  
       POTENTIALLY ACTIVE SPECIFIC CONSTRAINTS
         EFL                                  =      17.327111
         @ATELIER_LATCOLOR                    =       0.000000     (WTC =    0.01000)
         @ATELIER_RMSSPOT                     =       0.000000     (WTC =    0.00100)
  
       GENERAL CONSTRAINTS
         MXT      10.000000
         MNT       0.025000
         MNE       0.025000
         MNA       0.001000
         MAE       0.002500
         GLA               NFK5  NSK16  NLAF2  SF4
  
       ERROR FUNCTION CONSTRUCTION
         WFR        Y
         WTW       1
         WTA       0.000000
         DEL       0.220000
         WTX F1   10.000000
         WTX F2   10.000000
         WTY F1   10.000000
         WTY F2   10.000000
  
       CONVERGENCE CONTROLS
         MXC        25
         MNC         3
         TAR       0.000000
         IMP       0.001000
  
       OUTPUT CONTROLS
         SUR NO
         CHG S0..17
  
     Recommendations for most stable convergence:
  
       Use object space aperture specifications:
       - NAO for finite conjugate systems
       - EPD for infinite conjugate systems
  
       VARIABLE LIST
  
         NO      PARAMETERS *
          1      CUY S2       CUY S3       CUY S4       CUY S5       CUY S6       CUY S7
          2      CUY S3       CUY S4
          3      CUY S4       CUY S5       CUY S6       CUY S7
          4      CUY S5       CUY S6
          5      CUY S6       CUY S7
          6      CUY S7       CUY S8
          7      CUY S8       CUY S9
          8      CUY S9       CUY S10
          9      CUY S10       CUY S11
         10      CUY S11
         11      A   S2
         12      A   S3
         13      A   S4
         14      A   S5
         15      A   S6
         16      A   S7
         17      A   S8
         18      A   S9
         19      A   S10
         20      A   S11
         21      THI S1
         22      THI S3
         23      THI S5
         24      THI S7
         25      THI S9
         26      THI S11
         27      THI S14
         28      THI S16
  
     * Multiple entries on a line are composite variables.
     Composite variables are either program-generated bendings
     or user-requested couplings.
  
      28 VARIABLES
  
      28 CONSTRAINTS CAN BE ACTIVE
  
     RELATIVE TIME PER CYCLE IS   99.9 UNITS
     WARNING - The macro function SPOTDATA is not supported on multiple threads.
               CODE V will set the multiple processor setting (MPP) to 1 to prevent errors.
               Please refer to the CODE V Setup and Operation Reference Manual for a complete list
               of pre-defined macro functions that are currently limited to running on a single thread.
  
 CYCLE NUMBER 0:
  
  ABERR F. =       10.31639326
  CONST F. =      0.133929E+07
  ERR. F.  =      0.133930E+07
  
  OPD    11.68797587     5.59170197
  WAV    14.82727804     6.16342393
  
  
  
  Parameter                 Value            Change
  CUY S2                1.19017865E-01      0.00E+00
  CUY S3               -2.86938282E-02      0.00E+00
  CUY S4                1.51761189E-01      0.00E+00
  CUY S5               -1.72528316E-02      0.00E+00
  CUY S6               -5.17298461E-02      0.00E+00
  CUY S7               -3.29363406E-02      0.00E+00
  CUY S8               -2.21815462E-03      0.00E+00
  CUY S9                3.94150802E-01      0.00E+00
  CUY S10               1.84182414E-01      0.00E+00
  CUY S11               3.97968767E-02      0.00E+00
  A   S2                1.99550000E-04      0.00E+00
  A   S3                2.21309000E-04      0.00E+00
  A   S4                9.61698000E-04      0.00E+00
  A   S5                9.74953000E-05      0.00E+00
  A   S6                1.75034000E-03      0.00E+00
  A   S7                3.61354000E-03      0.00E+00
  A   S8               -1.32356000E-02      0.00E+00
  A   S9               -9.60889000E-03      0.00E+00
  A   S10               1.79876000E-02      0.00E+00
  A   S11               1.38781000E-02      0.00E+00
  THI S1               -6.00000000E-01      0.00E+00
  THI S3                6.70000000E-02      0.00E+00
  THI S5                1.78000000E-01      0.00E+00
  THI S7                1.89000000E-01      0.00E+00
  THI S9                2.51000000E-01      0.00E+00
  THI S11               7.48000000E-01      0.00E+00
  THI S14               8.10000000E-01      0.00E+00
  THI S16               4.30000000E-02      0.00E+00
  
        EFL          REDU         PIM          OAL         EN PUP       EX PUP
     17.337628     0.000000     0.072205    19.267000     0.000000   -12.926250
  
  Specific Constraints:        target        value         diff      active (**)
  EFL                    =   1.73271E+01   1.73376E+01   1.052E-02    **
  
  Weighted Constraints:        target        value        WTC/PTC     contrib
  @ATELIER_LATCOLOR      =   0.00000E+00   0.00000E+00   1.000E-02   0.000E+00
  @ATELIER_RMSSPOT       =   0.00000E+00   1.15728E+03   1.000E-03   1.339E+06
     WARNING - Frozen Thickness Violations:
  Mx CT S13
  
  Constraints added:      EFL (=)                     Mn CT S1 (>)
  Constraints released:   Mn CT S1 (>)
  
 CYCLE NUMBER 1:
  
  ABERR F. =        3.88242621
  CONST F. =    48756.20487123
  ERR. F.  =    48760.08729744       (change = -1290538.67264563)
  
  OPD     4.45046238     2.92134675
  WAV     4.69233497     3.15183177
  
  
  
  Parameter                 Value            Change
  CUY S2                1.24198333E-01      5.18E-03
  CUY S3               -2.53499615E-02      3.34E-03
  CUY S4                1.61888255E-01      1.01E-02
  CUY S5               -7.71609828E-03      9.54E-03
  CUY S6               -2.97169370E-02      2.20E-02
  CUY S7               -3.45551261E-03      2.95E-02
  CUY S8                6.87287337E-03      9.09E-03
  CUY S9                2.40205383E-01     -1.54E-01
  CUY S10               3.31868952E-02     -1.51E-01
  CUY S11               4.60397890E-02      6.24E-03
  A   S2                2.87823780E-04      8.83E-05
  A   S3                1.20840396E-04     -1.00E-04
  A   S4                1.09135471E-03      1.30E-04
  A   S5               -6.64296886E-05     -1.64E-04
  A   S6                1.93855022E-03      1.88E-04
  A   S7                3.33295417E-03     -2.81E-04
  A   S8               -1.29719338E-02      2.64E-04
  A   S9               -1.01617072E-02     -5.53E-04
  A   S10               1.84919652E-02      5.04E-04
  A   S11               1.32344053E-02     -6.44E-04
  THI S1                1.93267205E+00      2.53E+00
  THI S3                6.03477531E-02     -6.65E-03
  THI S5                1.75612148E-01     -2.39E-03
  THI S7                1.86686755E-01     -2.31E-03
  THI S9                1.98632161E+00      1.74E+00
  THI S11               1.05058966E+00      3.03E-01
  THI S14               1.11258966E+00      3.03E-01
  THI S16               3.45589662E-01      3.03E-01
  
        EFL          REDU         PIM          OAL         EN PUP       EX PUP
     16.976753     0.000000    -3.081829    24.128820     0.000000   -16.395200
  
  Active Constraints -   1:    target        value         diff        cost
  EFL                    =   1.73271E+01   1.69768E+01  -3.504E-01   1.583E-04
  
  Weighted Constraints:        target        value        WTC/PTC     contrib
  @ATELIER_LATCOLOR      =   0.00000E+00   0.00000E+00   1.000E-02   0.000E+00
  @ATELIER_RMSSPOT       =   0.00000E+00   2.20808E+02   1.000E-03   4.876E+04
     WARNING - Frozen Thickness Violations:
  Mx CT S13
 RAY ERROR: MISS  5
  
 CYCLE NUMBER 2:
  
  ABERR F. =        3.22248485
  CONST F. =    36364.72309057
  ERR. F.  =    36367.94557542       (change =   -12392.14172202)
  
  OPD     3.87165568     2.17045352
  WAV     4.06298947     2.30849839
  
  
  
  Parameter                 Value            Change
  CUY S2                1.20158181E-01     -4.04E-03
  CUY S3                1.09438055E-02      3.63E-02
  CUY S4                1.93435838E-01      3.15E-02
  CUY S5                4.28382031E-02      5.06E-02
  CUY S6                1.01203296E-02      3.98E-02
  CUY S7                9.49308125E-02      9.84E-02
  CUY S8                1.11811811E-01      1.05E-01
  CUY S9                1.86181219E-01     -5.40E-02
  CUY S10              -4.93258354E-02     -8.25E-02
  CUY S11               1.03995446E-02     -3.56E-02
  A   S2                4.51232066E-04      1.63E-04
  A   S3               -2.93790601E-04     -4.15E-04
  A   S4                1.60657516E-03      5.15E-04
  A   S5               -4.64392392E-04     -3.98E-04
  A   S6                2.35564181E-03      4.17E-04
  A   S7                2.81213275E-03     -5.21E-04
  A   S8               -1.25687348E-02      4.03E-04
  A   S9               -1.07807810E-02     -6.19E-04
  A   S10               2.01485297E-02      1.66E-03
  A   S11               1.97574373E-02      6.52E-03
  THI S1                1.56268459E+00     -3.70E-01
  THI S3                6.03673905E-02      1.96E-05
  THI S5                1.75619179E-01      7.03E-06
  THI S7                1.86693574E-01      6.82E-06
  THI S9                1.97979109E+00     -6.53E-03
  THI S11               1.04810585E+00     -2.48E-03
  THI S14               1.11010585E+00     -2.48E-03
  THI S16               3.43105852E-01     -2.48E-03
  
        EFL          REDU         PIM          OAL         EN PUP       EX PUP
     16.477989     0.000000    -3.422884    23.747368     0.000000   -15.970166
  
  Active Constraints -   1:    target        value         diff        cost
  EFL                    =   1.73271E+01   1.64780E+01  -8.491E-01  -1.070E-03
  
  Weighted Constraints:        target        value        WTC/PTC     contrib
  @ATELIER_LATCOLOR      =   0.00000E+00   0.00000E+00   1.000E-02   0.000E+00
  @ATELIER_RMSSPOT       =   0.00000E+00   1.90695E+02   1.000E-03   3.636E+04
     WARNING - Frozen Thickness Violations:
  Mx CT S13
  
  Constraints added:      Mn CT S3 (>)
  
 CYCLE NUMBER 3:
  
  ABERR F. =        2.50119531
  CONST F. =    36153.16653205
  ERR. F.  =    36155.66772736       (change =     -212.27784806)
  
  OPD     2.73623780     2.06700781
  WAV     2.90196429     2.20068097
  
  
  
  Parameter                 Value            Change
  CUY S2                1.15801702E-01     -4.36E-03
  CUY S3                6.67568997E-03     -4.27E-03
  CUY S4                1.88703802E-01     -4.73E-03
  CUY S5                3.80179348E-02     -4.82E-03
  CUY S6                1.86238841E-03     -8.26E-03
  CUY S7                8.37233698E-02     -1.12E-02
  CUY S8                1.07122044E-01     -4.69E-03
  CUY S9                1.85713598E-01     -4.68E-04
  CUY S10              -5.24873110E-02     -3.16E-03
  CUY S11               7.01016102E-03     -3.39E-03
  A   S2                4.49316214E-04     -1.92E-06
  A   S3               -2.91665042E-04      2.13E-06
  A   S4                1.60413311E-03     -2.44E-06
  A   S5               -4.60287460E-04      4.10E-06
  A   S6                2.35101789E-03     -4.62E-06
  A   S7                2.81895904E-03      6.83E-06
  A   S8               -1.25748920E-02     -6.16E-06
  A   S9               -1.07717619E-02      9.02E-06
  A   S10               2.01288272E-02     -1.97E-05
  A   S11               2.00198245E-02      2.62E-04
  THI S1                1.55664049E+00     -6.04E-03
  THI S3                1.00000000E-03     -5.94E-02
  THI S5                1.61293390E-01     -1.43E-02
  THI S7                1.67448461E-01     -1.92E-02
  THI S9                1.95761656E+00     -2.22E-02
  THI S11               1.04443379E+00     -3.67E-03
  THI S14               1.10643379E+00     -3.67E-03
  THI S16               3.39433789E-01     -3.67E-03
  
        EFL          REDU         PIM          OAL         EN PUP       EX PUP
     17.327106     0.000000    -2.661224    23.618866     0.000000   -15.919095
  
  Active Constraints -   2:    target        value         diff        cost
  EFL                    =   1.73271E+01   1.73271E+01  -5.024E-06   7.371E+01
  Mn CT S3                                                           4.602E-01
  
  Weighted Constraints:        target        value        WTC/PTC     contrib
  @ATELIER_LATCOLOR      =   0.00000E+00   0.00000E+00   1.000E-02   0.000E+00
  @ATELIER_RMSSPOT       =   0.00000E+00   1.90140E+02   1.000E-03   3.615E+04
     WARNING - Frozen Thickness Violations:
  Mx CT S13
 RAY ERROR: REFL 11
     Derivative scaled for variable  21
 RAY ERROR: REFL 11
     Derivative scaled for variable  21
  
  Constraints released:   Mn CT S3 (>)
  
 CYCLE NUMBER 4:
  
  ABERR F. =        2.82673412
  CONST F. =    27691.57716728
  ERR. F.  =    27694.40390140       (change =    -8461.26382596)
  
  OPD     3.34949250     1.98359659
  WAV     3.52430088     2.09457655
  
  
  
  Parameter                 Value            Change
  CUY S2                1.15745097E-01     -5.66E-05
  CUY S3                6.54533329E-03     -1.30E-04
  CUY S4                1.88537818E-01     -1.66E-04
  CUY S5                3.78745722E-02     -1.43E-04
  CUY S6                2.50934537E-03      6.47E-04
  CUY S7                8.53276077E-02      1.60E-03
  CUY S8                1.07389827E-01      2.68E-04
  CUY S9                1.84811779E-01     -9.02E-04
  CUY S10              -5.23373614E-02      1.50E-04
  CUY S11               9.06135747E-03      2.05E-03
  A   S2                4.52045952E-04      2.73E-06
  A   S3               -2.94731568E-04     -3.07E-06
  A   S4                1.60759160E-03      3.46E-06
  A   S5               -4.64706597E-04     -4.42E-06
  A   S6                2.35578177E-03      4.76E-06
  A   S7                2.81247274E-03     -6.49E-06
  A   S8               -1.25693124E-02      5.58E-06
  A   S9               -1.07790242E-02     -7.26E-06
  A   S10               2.01389606E-02      1.01E-05
  A   S11               2.00083870E-02     -1.14E-05
  THI S1                1.61013923E+00      5.35E-02
  THI S3                1.10193693E-02      1.00E-02
  THI S5                1.67937561E-01      6.64E-03
  THI S7                1.94400273E-01      2.70E-02
  THI S9                1.97555180E+00      1.79E-02
  THI S11               1.05841801E+00      1.40E-02
  THI S14               1.12041801E+00      1.40E-02
  THI S16               3.53418007E-01      1.40E-02
  
        EFL          REDU         PIM          OAL         EN PUP       EX PUP
     17.325323     0.000000    -2.803789    23.761884     0.000000   -15.981049
  
  Active Constraints -   1:    target        value         diff        cost
  EFL                    =   1.73271E+01   1.73253E+01  -1.789E-03   4.445E-02
  
  Weighted Constraints:        target        value        WTC/PTC     contrib
  @ATELIER_LATCOLOR      =   0.00000E+00   0.00000E+00   1.000E-02   0.000E+00
  @ATELIER_RMSSPOT       =   0.00000E+00   1.66408E+02   1.000E-03   2.769E+04
     WARNING - Frozen Thickness Violations:
  Mx CT S13
  
  Constraints added:      Mn CT S3 (>)
  
 CYCLE NUMBER 5:
  
  ABERR F. =        1.68300764
  CONST F. =    14471.29291750
  ERR. F.  =    14472.97592514       (change =   -13221.42797626)
  
  OPD     2.05072857     1.08264657
  WAV     2.15822709     1.13776247
  
  
  
  Parameter                 Value            Change
  CUY S2                1.13889544E-01     -1.86E-03
  CUY S3               -1.20547301E-03     -7.75E-03
  CUY S4                1.79876631E-01     -8.66E-03
  CUY S5                3.26073243E-02     -5.27E-03
  CUY S6               -6.28250833E-03     -8.79E-03
  CUY S7                7.53202394E-02     -1.00E-02
  CUY S8                1.10380499E-01      2.99E-03
  CUY S9                1.94347515E-01      9.54E-03
  CUY S10              -7.11691012E-03      4.52E-02
  CUY S11               4.97936924E-02      4.07E-02
  A   S2                1.01078346E-05     -4.42E-04
  A   S3               -5.92031098E-05      2.36E-04
  A   S4                1.33514363E-03     -2.72E-04
  A   S5               -4.17513996E-04      4.72E-05
  A   S6                2.17901699E-03     -1.77E-04
  A   S7                2.57465104E-03     -2.38E-04
  A   S8               -1.26024596E-02     -3.31E-05
  A   S9               -1.14432717E-02     -6.64E-04
  A   S10               2.22250239E-02      2.09E-03
  A   S11               2.16726858E-02      1.66E-03
  THI S1                3.09828483E+00      1.49E+00
  THI S3                1.00000000E-03     -1.00E-02
  THI S5                1.52980866E-01     -1.50E-02
  THI S7                1.72025045E-01     -2.24E-02
  THI S9                1.93807925E+00     -3.75E-02
  THI S11               8.90308539E-01     -1.68E-01
  THI S14               9.52308539E-01     -1.68E-01
  THI S16               1.85308539E-01     -1.68E-01
  
        EFL          REDU         PIM          OAL         EN PUP       EX PUP
     17.265640     0.000000    -2.386857    24.828987     0.000000   -16.458979
  
  Active Constraints -   2:    target        value         diff        cost
  EFL                    =   1.73271E+01   1.72656E+01  -6.147E-02  -3.668E-04
  Mn CT S3                                                          -5.764E-05
  
  Weighted Constraints:        target        value        WTC/PTC     contrib
  @ATELIER_LATCOLOR      =   0.00000E+00   0.00000E+00   1.000E-02   0.000E+00
  @ATELIER_RMSSPOT       =   0.00000E+00   1.20297E+02   1.000E-03   1.447E+04
     WARNING - Frozen Thickness Violations:
  Mx CT S13
  
  Constraints released:   Mn CT S3 (>)
  
 CYCLE NUMBER 6:
  
  ABERR F. =        1.87270318
  CONST F. =    14078.42901096
  ERR. F.  =    14080.30171414       (change =     -392.67421100)
  
  OPD     2.34313049     1.08585988
  WAV     2.45661375     1.15055011
  
  
  
  Parameter                 Value            Change
  CUY S2                1.13074851E-01     -8.15E-04
  CUY S3               -2.52256580E-03     -1.32E-03
  CUY S4                1.78440505E-01     -1.44E-03
  CUY S5                3.16241606E-02     -9.83E-04
  CUY S6               -7.20267305E-03     -9.20E-04
  CUY S7                7.45094441E-02     -8.11E-04
  CUY S8                1.10343053E-01     -3.74E-05
  CUY S9                1.94213240E-01     -1.34E-04
  CUY S10              -7.40348739E-03     -2.87E-04
  CUY S11               4.95281872E-02     -2.66E-04
  A   S2                1.08150761E-05      7.07E-07
  A   S3               -6.00297327E-05     -8.27E-07
  A   S4                1.33605627E-03      9.13E-07
  A   S5               -4.18705575E-04     -1.19E-06
  A   S6                2.18024319E-03      1.23E-06
  A   S7                2.57657719E-03      1.93E-06
  A   S8               -1.26010801E-02      1.38E-06
  A   S9               -1.14405508E-02      2.72E-06
  A   S10               2.22183187E-02     -6.71E-06
  A   S11               2.16665863E-02     -6.10E-06
  THI S1                3.10713478E+00      8.85E-03
  THI S3                1.94012632E-03      9.40E-04
  THI S5                1.53163687E-01      1.83E-04
  THI S7                1.72357967E-01      3.33E-04
  THI S9                1.93892172E+00      8.42E-04
  THI S11               8.93373477E-01      3.06E-03
  THI S14               9.55373477E-01      3.06E-03
  THI S16               1.88373477E-01      3.06E-03
  
        EFL          REDU         PIM          OAL         EN PUP       EX PUP
     17.327110     0.000000    -2.343258    24.846265     0.000000   -16.475439
  
  Active Constraints -   1:    target        value         diff        cost
  EFL                    =   1.73271E+01   1.73271E+01  -1.489E-06   8.213E-01
  
  Weighted Constraints:        target        value        WTC/PTC     contrib
  @ATELIER_LATCOLOR      =   0.00000E+00   0.00000E+00   1.000E-02   0.000E+00
  @ATELIER_RMSSPOT       =   0.00000E+00   1.18653E+02   1.000E-03   1.408E+04
     WARNING - Frozen Thickness Violations:
  Mx CT S13
 RAY ERROR: MISS  5
  
 CYCLE NUMBER 7:
  
  ABERR F. =        1.94656066
  CONST F. =    13975.70064110
  ERR. F.  =    13977.64720176       (change =     -102.65451238)
  
  OPD     2.44672613     1.10584427
  WAV     2.56307839     1.17373870
  
  
  
  Parameter                 Value            Change
  CUY S2                1.13082679E-01      7.83E-06
  CUY S3               -2.51037299E-03      1.22E-05
  CUY S4                1.78463470E-01      2.30E-05
  CUY S5                3.18760145E-02      2.52E-04
  CUY S6               -6.91679532E-03      2.86E-04
  CUY S7                7.46027818E-02      9.33E-05
  CUY S8                1.10357217E-01      1.42E-05
  CUY S9                1.94151215E-01     -6.20E-05
  CUY S10              -7.51127035E-03     -1.08E-04
  CUY S11               4.94463261E-02     -8.19E-05
  A   S2                1.18796456E-05      1.06E-06
  A   S3               -6.14993094E-05     -1.47E-06
  A   S4                1.33828261E-03      2.23E-06
  A   S5               -4.23947705E-04     -5.24E-06
  A   S6                2.18729143E-03      7.05E-06
  A   S7                2.56853041E-03     -8.05E-06
  A   S8               -1.26104740E-02     -9.39E-06
  A   S9               -1.14522192E-02     -1.17E-05
  A   S10               2.22258312E-02      7.51E-06
  A   S11               2.16522436E-02     -1.43E-05
  THI S1                3.11007291E+00      2.94E-03
  THI S3                2.68842241E-03      7.48E-04
  THI S5                1.53298614E-01      1.35E-04
  THI S7                1.72634175E-01      2.76E-04
  THI S9                1.93572241E+00     -3.20E-03
  THI S11               8.99613161E-01      6.24E-03
  THI S14               9.61613161E-01      6.24E-03
  THI S16               1.94613161E-01      6.24E-03
  
        EFL          REDU         PIM          OAL         EN PUP       EX PUP
     17.327118     0.000000    -2.353222    24.859643     0.000000   -16.488455
  
  Active Constraints -   1:    target        value         diff        cost
  EFL                    =   1.73271E+01   1.73271E+01   6.480E-06   3.332E-01
  
  Weighted Constraints:        target        value        WTC/PTC     contrib
  @ATELIER_LATCOLOR      =   0.00000E+00   0.00000E+00   1.000E-02   0.000E+00
  @ATELIER_RMSSPOT       =   0.00000E+00   1.18219E+02   1.000E-03   1.398E+04
     WARNING - Frozen Thickness Violations:
  Mx CT S13
  
  Constraints added:      Mn CT S3 (>)
  
 CYCLE NUMBER 8:
  
  ABERR F. =        1.81255405
  CONST F. =    13734.82607552
  ERR. F.  =    13736.63862957       (change =     -241.00857219)
  
  OPD     2.24880390     1.08852175
  WAV     2.36191417     1.14924828
  
  
  
  Parameter                 Value            Change
  CUY S2                1.13382953E-01      3.00E-04
  CUY S3               -2.90199436E-03     -3.92E-04
  CUY S4                1.78443407E-01     -2.01E-05
  CUY S5                3.24632536E-02      5.87E-04
  CUY S6               -6.65975667E-03      2.57E-04
  CUY S7                7.46438145E-02      4.10E-05
  CUY S8                1.09713517E-01     -6.44E-04
  CUY S9                1.93966006E-01     -1.85E-04
  CUY S10              -7.85843716E-03     -3.47E-04
  CUY S11               4.90547581E-02     -3.92E-04
  A   S2                8.78017658E-06     -3.10E-06
  A   S3               -5.80801357E-05      3.42E-06
  A   S4                1.33442458E-03     -3.86E-06
  A   S5               -4.19338915E-04      4.61E-06
  A   S6                2.18244296E-03     -4.85E-06
  A   S7                2.57556191E-03      7.03E-06
  A   S8               -1.25903292E-02      2.01E-05
  A   S9               -1.14440267E-02      8.19E-06
  A   S10               2.22057296E-02     -2.01E-05
  A   S11               2.16818738E-02      2.96E-05
  THI S1                3.28086638E+00      1.71E-01
  THI S3                1.00000000E-03     -1.69E-03
  THI S5                1.51596462E-01     -1.70E-03
  THI S7                1.69652814E-01     -2.98E-03
  THI S9                1.95718679E+00      2.15E-02
  THI S11               8.92830751E-01     -6.78E-03
  THI S14               9.54830751E-01     -6.78E-03
  THI S16               1.87830751E-01     -6.78E-03
  
        EFL          REDU         PIM          OAL         EN PUP       EX PUP
     17.327149     0.000000    -2.361072    25.031964     0.000000   -16.599453
  
  Active Constraints -   2:    target        value         diff        cost
  EFL                    =   1.73271E+01   1.73271E+01   3.785E-05   2.825E-01
  Mn CT S3                                                          -1.065E-02
  
  Weighted Constraints:        target        value        WTC/PTC     contrib
  @ATELIER_LATCOLOR      =   0.00000E+00   0.00000E+00   1.000E-02   0.000E+00
  @ATELIER_RMSSPOT       =   0.00000E+00   1.17196E+02   1.000E-03   1.373E+04
     WARNING - Frozen Thickness Violations:
  Mx CT S13
  
 CYCLE NUMBER 9:
  
  ABERR F. =        1.88884121
  CONST F. =    13461.34598103
  ERR. F.  =    13463.23482223       (change =     -273.40380734)
  
  OPD     2.35994875     1.10242653
  WAV     2.47492344     1.16659163
  
  
  
  Parameter                 Value            Change
  CUY S2                1.13420027E-01      3.71E-05
  CUY S3               -3.02692309E-03     -1.25E-04
  CUY S4                1.78313043E-01     -1.30E-04
  CUY S5                3.24590287E-02     -4.22E-06
  CUY S6               -6.68235140E-03     -2.26E-05
  CUY S7                7.46418642E-02     -1.95E-06
  CUY S8                1.09684246E-01     -2.93E-05
  CUY S9                1.93960768E-01     -5.24E-06
  CUY S10              -7.88102212E-03     -2.26E-05
  CUY S11               4.90267967E-02     -2.80E-05
  A   S2                9.45503847E-06      6.75E-07
  A   S3               -5.89002351E-05     -8.20E-07
  A   S4                1.33543570E-03      1.01E-06
  A   S5               -4.20817751E-04     -1.48E-06
  A   S6                2.18409642E-03      1.65E-06
  A   S7                2.57298909E-03     -2.57E-06
  A   S8               -1.25865958E-02      3.73E-06
  A   S9               -1.14475234E-02     -3.50E-06
  A   S10               2.22095135E-02      3.78E-06
  A   S11               2.16776131E-02     -4.26E-06
  THI S1                3.28488959E+00      4.02E-03
  THI S3                1.00000000E-03      4.34E-19
  THI S5                1.51536880E-01     -5.96E-05
  THI S7                1.69521307E-01     -1.32E-04
  THI S9                1.95719797E+00      1.12E-05
  THI S11               8.96036793E-01      3.21E-03
  THI S14               9.58036793E-01      3.21E-03
  THI S16               1.91036793E-01      3.21E-03
  
        EFL          REDU         PIM          OAL         EN PUP       EX PUP
     17.327111     0.000000    -2.367551    25.042219     0.000000   -16.608529
  
  Active Constraints -   2:    target        value         diff        cost
  EFL                    =   1.73271E+01   1.73271E+01   3.820E-09  -1.265E+00
  Mn CT S3                                                          -8.632E-03
  
  Weighted Constraints:        target        value        WTC/PTC     contrib
  @ATELIER_LATCOLOR      =   0.00000E+00   0.00000E+00   1.000E-02   0.000E+00
  @ATELIER_RMSSPOT       =   0.00000E+00   1.16023E+02   1.000E-03   1.346E+04
     WARNING - Frozen Thickness Violations:
  Mx CT S13
  
 CYCLE NUMBER 10:
  
  ABERR F. =        1.88867083
  CONST F. =    13461.56617326
  ERR. F.  =    13463.45484409       (change =        0.22002186)
  
  OPD     2.35970059     1.10239645
  WAV     2.47467044     1.16655535
  
  
  
  Parameter                 Value            Change
  CUY S2                1.13420145E-01      1.18E-07
  CUY S3               -3.02678261E-03      1.40E-07
  CUY S4                1.78313420E-01      3.77E-07
  CUY S5                3.24594389E-02      4.10E-07
  CUY S6               -6.68207286E-03      2.79E-07
  CUY S7                7.46419973E-02      1.33E-07
  CUY S8                1.09684039E-01     -2.07E-07
  CUY S9                1.93960692E-01     -7.63E-08
  CUY S10              -7.88113618E-03     -1.14E-07
  CUY S11               4.90266763E-02     -1.20E-07
  A   S2                9.44822384E-06     -6.81E-09
  A   S3               -5.88955451E-05      4.69E-09
  A   S4                1.33543162E-03     -4.08E-09
  A   S5               -4.20814012E-04      3.74E-09
  A   S6                2.18409268E-03     -3.74E-09
  A   S7                2.57299366E-03      4.57E-09
  A   S8               -1.25865983E-02     -2.52E-09
  A   S9               -1.14475183E-02      5.17E-09
  A   S10               2.22095585E-02      4.50E-08
  A   S11               2.16775649E-02     -4.82E-08
  THI S1                3.28490678E+00      1.72E-05
  THI S3                1.00000000E-03      0.00E+00
  THI S5                1.51536301E-01     -5.78E-07
  THI S7                1.69520241E-01     -1.07E-06
  THI S9                1.95719672E+00     -1.25E-06
  THI S11               8.96033977E-01     -2.82E-06
  THI S14               9.58033977E-01     -2.82E-06
  THI S16               1.91033977E-01     -2.82E-06
  
        EFL          REDU         PIM          OAL         EN PUP       EX PUP
     17.327111     0.000000    -2.367544    25.042228     0.000000   -16.608533
  
  Active Constraints -   2:    target        value         diff        cost
  EFL                    =   1.73271E+01   1.73271E+01   1.008E-11  -5.357E-01
  Mn CT S3                                                          -3.879E-03
  
  Weighted Constraints:        target        value        WTC/PTC     contrib
  @ATELIER_LATCOLOR      =   0.00000E+00   0.00000E+00   1.000E-02   0.000E+00
  @ATELIER_RMSSPOT       =   0.00000E+00   1.16024E+02   1.000E-03   1.346E+04
     WARNING - Frozen Thickness Violations:
  Mx CT S13
  
  Constraints released:   Mn CT S3 (>)
  Constraints added:      Mn ET S16 (>)
  
 CYCLE NUMBER 11:
  
  ABERR F. =        0.59361735
  CONST F. =     8676.16783280
  ERR. F.  =     8676.76145015       (change =    -4786.69339394)
  
  OPD     0.24756729     0.65605431
  WAV     0.64439760     0.70892958
  
  
  
  Parameter                 Value            Change
  CUY S2                1.11535242E-01     -1.88E-03
  CUY S3               -7.79437887E-03     -4.77E-03
  CUY S4                1.78931636E-01      6.18E-04
  CUY S5                3.20743482E-02     -3.85E-04
  CUY S6               -2.44939497E-03      4.23E-03
  CUY S7                8.77204133E-02      1.31E-02
  CUY S8                1.18917713E-01      9.23E-03
  CUY S9                1.94554769E-01      5.94E-04
  CUY S10              -4.43350819E-04      7.44E-03
  CUY S11               6.06120144E-02      1.16E-02
  A   S2                1.17559759E-04      1.08E-04
  A   S3               -1.93589256E-04     -1.35E-04
  A   S4                1.50520075E-03      1.70E-04
  A   S5               -6.73545629E-04     -2.53E-04
  A   S6                2.46350535E-03      2.79E-04
  A   S7                2.23196333E-03     -3.41E-04
  A   S8               -1.24903589E-02      9.62E-05
  A   S9               -9.73200082E-03      1.72E-03
  A   S10               2.17969661E-02     -4.13E-04
  A   S11               2.02653725E-02     -1.41E-03
  THI S1                3.92969118E+00      6.45E-01
  THI S3                8.22336594E-02      8.12E-02
  THI S5                1.43950424E-01     -7.59E-03
  THI S7                2.06545539E-01      3.70E-02
  THI S9                1.02036482E+00     -9.37E-01
  THI S11               6.72046474E-01     -2.24E-01
  THI S14               7.34046474E-01     -2.24E-01
  THI S16               2.50000000E-03     -1.89E-01
  
        EFL          REDU         PIM          OAL         EN PUP       EX PUP
     17.412565     0.000000    -0.918253    24.412879     0.000000   -16.037853
  
  Active Constraints -   2:    target        value         diff        cost
  EFL                    =   1.73271E+01   1.74126E+01   8.545E-02   1.464E-04
  Mn ET S16                                                         -1.560E-08
  
  Weighted Constraints:        target        value        WTC/PTC     contrib
  @ATELIER_LATCOLOR      =   0.00000E+00   0.00000E+00   1.000E-02   0.000E+00
  @ATELIER_RMSSPOT       =   0.00000E+00   9.31459E+01   1.000E-03   8.676E+03
     WARNING - Frozen Thickness Violations:
  Mx CT S13
  
  Constraints released:   Mn ET S16 (>)
  Constraints released:   Mn ET S16 (>)
  
 CYCLE NUMBER 12:
  
  ABERR F. =        0.85493543
  CONST F. =     5491.48743527
  ERR. F.  =     5492.34237070       (change =    -3184.41907945)
  
  OPD     1.07288648     0.42266423
  WAV     1.16809963     0.47903150
  
  
  
  Parameter                 Value            Change
  CUY S2                1.11949142E-01      4.14E-04
  CUY S3               -7.64396381E-03      1.50E-04
  CUY S4                1.78951560E-01      1.99E-05
  CUY S5                3.20086224E-02     -6.57E-05
  CUY S6               -1.36002089E-03      1.09E-03
  CUY S7                9.05182039E-02      2.80E-03
  CUY S8                1.21815504E-01      2.90E-03
  CUY S9                1.95093771E-01      5.39E-04
  CUY S10              -1.80776657E-04      2.63E-04
  CUY S11               6.14591666E-02      8.47E-04
  A   S2                1.27135827E-04      9.58E-06
  A   S3               -2.04331375E-04     -1.07E-05
  A   S4                1.51811945E-03      1.29E-05
  A   S5               -6.90491102E-04     -1.69E-05
  A   S6                2.48204666E-03      1.85E-05
  A   S7                2.20668101E-03     -2.53E-05
  A   S8               -1.24665766E-02      2.38E-05
  A   S9               -9.76629777E-03     -3.43E-05
  A   S10               2.18456154E-02      4.86E-05
  A   S11               2.01892516E-02     -7.61E-05
  THI S1                3.62986215E+00     -3.00E-01
  THI S3                4.72214557E-02     -3.50E-02
  THI S5                1.49094890E-01      5.14E-03
  THI S7                1.58280209E-01     -4.83E-02
  THI S9                1.03272166E+00      1.24E-02
  THI S11               6.84069319E-01      1.20E-02
  THI S14               7.46069319E-01      1.20E-02
  THI S16               1.45228453E-02      1.20E-02
  
        EFL          REDU         PIM          OAL         EN PUP       EX PUP
     17.327126     0.000000    -0.933519    24.071319     0.000000   -15.816548
  
  Active Constraints -   1:    target        value         diff        cost
  EFL                    =   1.73271E+01   1.73271E+01   1.442E-05  -1.886E-04
  
  Weighted Constraints:        target        value        WTC/PTC     contrib
  @ATELIER_LATCOLOR      =   0.00000E+00   0.00000E+00   1.000E-02   0.000E+00
  @ATELIER_RMSSPOT       =   0.00000E+00   7.41046E+01   1.000E-03   5.491E+03
     WARNING - Frozen Thickness Violations:
  Mx CT S13
  
  Constraints added:      Mn ET S16 (>)
  Constraints released:   Mn ET S16 (>)
  
 CYCLE NUMBER 13:
  
  ABERR F. =        0.87281709
  CONST F. =     5479.16625977
  ERR. F.  =     5480.03907685       (change =      -12.30329385)
  
  OPD     1.09947572     0.42456376
  WAV     1.19408195     0.48198104
  
  
  
  Parameter                 Value            Change
  CUY S2                1.11948739E-01     -4.03E-07
  CUY S3               -7.65100965E-03     -7.05E-06
  CUY S4                1.78943620E-01     -7.94E-06
  CUY S5                3.20051261E-02     -3.50E-06
  CUY S6               -1.36401056E-03     -3.99E-06
  CUY S7                9.05159031E-02     -2.30E-06
  CUY S8                1.21814437E-01     -1.07E-06
  CUY S9                1.95091522E-01     -2.25E-06
  CUY S10              -1.78060087E-04      2.72E-06
  CUY S11               6.14637175E-02      4.55E-06
  A   S2                1.27462886E-04      3.27E-07
  A   S3               -2.04812754E-04     -4.81E-07
  A   S4                1.51879179E-03      6.72E-07
  A   S5               -6.92056371E-04     -1.57E-06
  A   S6                2.48387163E-03      1.82E-06
  A   S7                2.20622506E-03     -4.56E-07
  A   S8               -1.24681993E-02     -1.62E-06
  A   S9               -9.76368229E-03      2.62E-06
  A   S10               2.18489980E-02      3.38E-06
  A   S11               2.01864196E-02     -2.83E-06
  THI S1                3.62994565E+00      8.35E-05
  THI S3                4.73119959E-02      9.05E-05
  THI S5                1.49092982E-01     -1.91E-06
  THI S7                1.58287948E-01      7.74E-06
  THI S9                1.03270567E+00     -1.60E-05
  THI S11               6.84499053E-01      4.30E-04
  THI S14               7.46499053E-01      4.30E-04
  THI S16               1.49525788E-02      4.30E-04
  
        EFL          REDU         PIM          OAL         EN PUP       EX PUP
     17.327111     0.000000    -0.934464    24.072342     0.000000   -15.817477
  
  Active Constraints -   1:    target        value         diff        cost
  EFL                    =   1.73271E+01   1.73271E+01   3.165E-12   8.296E-01
  
  Weighted Constraints:        target        value        WTC/PTC     contrib
  @ATELIER_LATCOLOR      =   0.00000E+00   0.00000E+00   1.000E-02   0.000E+00
  @ATELIER_RMSSPOT       =   0.00000E+00   7.40214E+01   1.000E-03   5.479E+03
     WARNING - Frozen Thickness Violations:
  Mx CT S13
  
 CYCLE NUMBER 14:
  
  ABERR F. =        0.87280034
  CONST F. =     5479.16727130
  ERR. F.  =     5480.04007163       (change =        0.00099478)
  
  OPD     1.09945109     0.42456145
  WAV     1.19405773     0.48197792
  
  
  
  Parameter                 Value            Change
  CUY S2                1.11948752E-01      1.29E-08
  CUY S3               -7.65096942E-03      4.02E-08
  CUY S4                1.78943545E-01     -7.50E-08
  CUY S5                3.20050642E-02     -6.19E-08
  CUY S6               -1.36400776E-03      2.80E-09
  CUY S7                9.05159057E-02      2.60E-09
  CUY S8                1.21814519E-01      8.20E-08
  CUY S9                1.95091599E-01      7.76E-08
  CUY S10              -1.78067517E-04     -7.43E-09
  CUY S11               6.14636644E-02     -5.31E-08
  A   S2                1.27462179E-04     -7.08E-10
  A   S3               -2.04810893E-04      1.86E-09
  A   S4                1.51878991E-03     -1.88E-09
  A   S5               -6.92055253E-04      1.12E-09
  A   S6                2.48387051E-03     -1.12E-09
  A   S7                2.20622656E-03      1.51E-09
  A   S8               -1.24681971E-02      2.23E-09
  A   S9               -9.76368693E-03     -4.64E-09
  A   S10               2.18489949E-02     -3.12E-09
  A   S11               2.01864295E-02      9.86E-09
  THI S1                3.62991183E+00     -3.38E-05
  THI S3                4.73116998E-02     -2.96E-07
  THI S5                1.49093193E-01      2.11E-07
  THI S7                1.58288424E-01      4.75E-07
  THI S9                1.03270613E+00      4.62E-07
  THI S11               6.84497359E-01     -1.69E-06
  THI S14               7.46497359E-01     -1.69E-06
  THI S16               1.49508853E-02     -1.69E-06
  
        EFL          REDU         PIM          OAL         EN PUP       EX PUP
     17.327111     0.000000    -0.934461    24.072306     0.000000   -15.817450
  
  Active Constraints -   1:    target        value         diff        cost
  EFL                    =   1.73271E+01   1.73271E+01  -1.112E-09   6.071E-01
  
  Weighted Constraints:        target        value        WTC/PTC     contrib
  @ATELIER_LATCOLOR      =   0.00000E+00   0.00000E+00   1.000E-02   0.000E+00
  @ATELIER_RMSSPOT       =   0.00000E+00   7.40214E+01   1.000E-03   5.479E+03
     WARNING - Frozen Thickness Violations:
  Mx CT S13
  
     Normal AUTO Completion - System improvement less than IMP
AUT> GO
 
 
CODE V> BUF PUT B1 I^row J1 "schema"
      Created new worksheet B1.
CODE V> BUF PUT B1 I^row J2 "atelier-codev-target-v1"
CODE V> BUF PUT B1 I^row J1 "status"
CODE V> BUF PUT B1 I^row J2 "ok"
CODE V> BUF PUT B1 I^row J1 "mode"
CODE V> BUF PUT B1 I^row J2 "target"
CODE V> BUF PUT B1 I^row J1 "stage"
CODE V> BUF PUT B1 I^row J2 "A"
CODE V> BUF PUT B1 I^row J1 "source_zmx"
CODE V> BUF PUT B1 I^row J2 "US-12443014-B2-e1.zmx"
CODE V> BUF PUT B1 I^row J1 "num_fields"
CODE V> BUF PUT B1 I^row J2 ^numf_out
CODE V> BUF PUT B1 I^row J1 "vignetting_edge"
CODE V> BUF PUT B1 I^row J2 0.3
CODE V> BUF PUT B1 I^row J1 "target.efl_mm"
CODE V> BUF PUT B1 I^row J2 ^target_efl
CODE V> BUF PUT B1 I^row J1 "target.f_number"
CODE V> BUF PUT B1 I^row J2 4
CODE V> BUF PUT B1 I^row J1 "seed_baseline.efl_y_mm"
CODE V> BUF PUT B1 I^row J2 ^seed_baseline_efl_y_mm
CODE V> BUF PUT B1 I^row J1 "seed_baseline.max_lateral_color_um"
CODE V> BUF PUT B1 I^row J2 ^seed_baseline_max_lateral_color_um
CODE V> BUF PUT B1 I^row J1 "seed_baseline.max_rms_spot_diameter_um"
CODE V> BUF PUT B1 I^row J2 ^seed_baseline_max_rms_spot_diameter_um
CODE V> BUF PUT B1 I^row J1 "seed_baseline.max_rms_wavefront_error_waves"
CODE V> BUF PUT B1 I^row J2 ^seed_baseline_max_rms_wavefront_error_waves
CODE V> BUF PUT B1 I^row J1 "seed_baseline.max_distortion_pct"
CODE V> BUF PUT B1 I^row J2 ^seed_baseline_max_distortion_pct
CODE V> BUF PUT B1 I^row J1 "seed_baseline.fno"
CODE V> BUF PUT B1 I^row J2 ^seed_baseline_fno
CODE V> BUF PUT B1 I^row J1 "seed_baseline.epd_mm"
CODE V> BUF PUT B1 I^row J2 ^seed_baseline_epd
CODE V> BUF PUT B1 I^row J1 "seed_baseline.maximh_mm"
CODE V> BUF PUT B1 I^row J2 ^seed_baseline_maximh
CODE V> BUF PUT B1 I^row J1 "config_pre_aut.efl_y_mm"
CODE V> BUF PUT B1 I^row J2 ^config_pre_aut_efl_y_mm
CODE V> BUF PUT B1 I^row J1 "config_pre_aut.max_lateral_color_um"
CODE V> BUF PUT B1 I^row J2 ^config_pre_aut_max_lateral_color_um
CODE V> BUF PUT B1 I^row J1 "config_pre_aut.max_rms_spot_diameter_um"
CODE V> BUF PUT B1 I^row J2 ^config_pre_aut_max_rms_spot_diameter_um
CODE V> BUF PUT B1 I^row J1 "config_pre_aut.max_rms_wavefront_error_waves"
CODE V> BUF PUT B1 I^row J2 ^config_pre_aut_max_rms_wavefront_error_waves
CODE V> BUF PUT B1 I^row J1 "config_pre_aut.max_distortion_pct"
CODE V> BUF PUT B1 I^row J2 ^config_pre_aut_max_distortion_pct
CODE V> BUF PUT B1 I^row J1 "config_pre_aut.fno"
CODE V> BUF PUT B1 I^row J2 ^config_pre_aut_fno
CODE V> BUF PUT B1 I^row J1 "config_pre_aut.epd_mm"
CODE V> BUF PUT B1 I^row J2 ^config_pre_aut_epd
CODE V> BUF PUT B1 I^row J1 "config_pre_aut.maximh_mm"
CODE V> BUF PUT B1 I^row J2 ^config_pre_aut_maximh
CODE V> BUF PUT B1 I^row J1 "post_aut.efl_y_mm"
CODE V> BUF PUT B1 I^row J2 ^post_aut_efl_y_mm
CODE V> BUF PUT B1 I^row J1 "post_aut.max_lateral_color_um"
CODE V> BUF PUT B1 I^row J2 ^post_aut_max_lateral_color_um
CODE V> BUF PUT B1 I^row J1 "post_aut.max_rms_spot_diameter_um"
CODE V> BUF PUT B1 I^row J2 ^post_aut_max_rms_spot_diameter_um
CODE V> BUF PUT B1 I^row J1 "post_aut.max_rms_wavefront_error_waves"
CODE V> BUF PUT B1 I^row J2 ^post_aut_max_rms_wavefront_error_waves
CODE V> BUF PUT B1 I^row J1 "post_aut.max_distortion_pct"
CODE V> BUF PUT B1 I^row J2 ^post_aut_max_distortion_pct
CODE V> BUF PUT B1 I^row J1 "post_aut.fno"
CODE V> BUF PUT B1 I^row J2 ^post_aut_fno
CODE V> BUF PUT B1 I^row J1 "post_aut.epd_mm"
CODE V> BUF PUT B1 I^row J2 ^post_aut_epd
CODE V> BUF PUT B1 I^row J1 "post_aut.maximh_mm"
CODE V> BUF PUT B1 I^row J2 ^post_aut_maximh
CODE V> BUF PUT B1 I^row J1 "efl_target_deviation_pct"
CODE V> BUF PUT B1 I^row J2 ^efl_target_dev_pct
CODE V> BUF PUT B1 I^row J1 "aut_converged"
CODE V> BUF PUT B1 I^row J2 ^aut_converged
CODE V> BUF EXP B1 "D:\atelier-wt-c\.planning\loop\p15-stageb-evidence\fno-matrix-2026-07-11\US-12443014-B2-e1_loosen\rung3_fno0400\ray_retry\atelier_codev_target_A_vig0300.tsv"
     Buffer B1 exported to file atelier_codev_target_A_vig0300.tsv
CODE V> BUF DEL B1
CODE V> OUT YES
CODE V> EXI YES
     EXI                                                                              11-Jul-26  14H  7M  5S
                                                 CODE V PC  Version: 11.5             CPU clock:  0H  0M  3S
