  
  
                                   Welcome to
  
                                   C O D E   V
  
                                PC  Version 11.5
                                   Build 27302701
  
                                   11-Jul-2026
  
                            A proprietary product of
  
                              SYNOPSYS, INC
                              Pasadena, California
  
CODE V> OUT NO
     Radius input/output mode
  
    Lens data created by Zemax version 210628
  
    Zemax command MODE ignored
    Zemax command AUTH ignored
    ZEMAX NOTE 0 table5
    Zemax command PFIL ignored
    Zemax command LANG ignored
     WARNING - Glass catalog list not used.
     WARNING - Ray aiming not used.
     WARNING - Pupil shift for ray aiming not used.
    Zemax command SDMA ignored
    Zemax command OMMA ignored
    Zemax command HYPR ignored
     WARNING - Vignetting angles not used.
    Zemax command XAIM ignored
    Zemax command YAIM ignored
    Zemax command ZAIM ignored
    Zemax command FCOM ignored
    Zemax command FCOM ignored
    Zemax command POLS ignored
    Zemax command GLRS ignored
    Zemax command GSTD ignored
    Zemax command NSCD ignored
    Zemax command COFN ignored
    Zemax command COFN ignored
    Zemax command LUID ignored
  
     Surface pointer = OBJ
    Zemax command SSID ignored.
    Zemax surface type  STANDARD
    CODE V surface type SPH
    Zemax command FIMP ignored.
     WARNING - Hiding of rays not used.
    Zemax command MIRR ignored.
    Zemax command SLAB ignored.
    Zemax command MEMA ignored.
    Zemax command POPS ignored.
  
     Surface pointer = 1
    Zemax command SSID ignored.
    Zemax surface type  STANDARD
    CODE V surface type SPH
    Zemax command FIMP ignored.
     WARNING - Hiding of rays not used.
    Zemax command MIRR ignored.
    Zemax command SLAB ignored.
    Zemax command MEMA ignored.
    Zemax command POPS ignored.
  
     Surface pointer = 2
    Zemax command SSID ignored.
    Zemax surface type  EVENASPH
    CODE V surface type ASP
    Zemax command FIMP ignored.
     WARNING - Hiding of rays not used.
    Zemax command MIRR ignored.
    Zemax command SLAB ignored.
     WARNING - Partial dispersion of model glass not used.
    Zemax command MEMA ignored.
    Zemax command POPS ignored.
  
     Surface pointer = 3
    Zemax command SSID ignored.
    Zemax surface type  EVENASPH
    CODE V surface type ASP
    Zemax command FIMP ignored.
     WARNING - Hiding of rays not used.
    Zemax command MIRR ignored.
    Zemax command SLAB ignored.
    Zemax command MEMA ignored.
    Zemax command POPS ignored.
  
     Surface pointer = 4
    Zemax command SSID ignored.
    Zemax surface type  EVENASPH
    CODE V surface type ASP
    Zemax command FIMP ignored.
     WARNING - Hiding of rays not used.
    Zemax command MIRR ignored.
    Zemax command SLAB ignored.
     WARNING - Partial dispersion of model glass not used.
    Zemax command MEMA ignored.
    Zemax command POPS ignored.
  
     Surface pointer = 5
    Zemax command SSID ignored.
    Zemax surface type  EVENASPH
    CODE V surface type ASP
    Zemax command FIMP ignored.
     WARNING - Hiding of rays not used.
    Zemax command MIRR ignored.
    Zemax command SLAB ignored.
    Zemax command MEMA ignored.
    Zemax command POPS ignored.
  
     Surface pointer = 6
    Zemax command SSID ignored.
    Zemax surface type  EVENASPH
    CODE V surface type ASP
    Zemax command FIMP ignored.
     WARNING - Hiding of rays not used.
    Zemax command MIRR ignored.
    Zemax command SLAB ignored.
     WARNING - Partial dispersion of model glass not used.
    Zemax command MEMA ignored.
    Zemax command POPS ignored.
  
     Surface pointer = 7
    Zemax command SSID ignored.
    Zemax surface type  EVENASPH
    CODE V surface type ASP
    Zemax command FIMP ignored.
     WARNING - Hiding of rays not used.
    Zemax command MIRR ignored.
    Zemax command SLAB ignored.
    Zemax command MEMA ignored.
    Zemax command POPS ignored.
  
     Surface pointer = 8
    Zemax command SSID ignored.
    Zemax surface type  EVENASPH
    CODE V surface type ASP
    Zemax command FIMP ignored.
     WARNING - Hiding of rays not used.
    Zemax command MIRR ignored.
    Zemax command SLAB ignored.
     WARNING - Partial dispersion of model glass not used.
    Zemax command MEMA ignored.
    Zemax command POPS ignored.
  
     Surface pointer = 9
    Zemax command SSID ignored.
    Zemax surface type  EVENASPH
    CODE V surface type ASP
    Zemax command FIMP ignored.
     WARNING - Hiding of rays not used.
    Zemax command MIRR ignored.
    Zemax command SLAB ignored.
    Zemax command MEMA ignored.
    Zemax command POPS ignored.
  
     Surface pointer = 10
    Zemax command SSID ignored.
    Zemax surface type  EVENASPH
    CODE V surface type ASP
    Zemax command FIMP ignored.
     WARNING - Hiding of rays not used.
    Zemax command MIRR ignored.
    Zemax command SLAB ignored.
     WARNING - Partial dispersion of model glass not used.
    Zemax command MEMA ignored.
    Zemax command POPS ignored.
  
     Surface pointer = 11
    Zemax command SSID ignored.
    Zemax surface type  EVENASPH
    CODE V surface type ASP
    Zemax command FIMP ignored.
     WARNING - Hiding of rays not used.
    Zemax command MIRR ignored.
    Zemax command SLAB ignored.
    Zemax command MEMA ignored.
    Zemax command POPS ignored.
  
     Surface pointer = 12
    Zemax command SSID ignored.
    Zemax surface type  EVENASPH
    CODE V surface type ASP
    Zemax command FIMP ignored.
     WARNING - Hiding of rays not used.
    Zemax command MIRR ignored.
    Zemax command SLAB ignored.
     WARNING - Partial dispersion of model glass not used.
    Zemax command MEMA ignored.
    Zemax command POPS ignored.
  
     Surface pointer = 13
    Zemax command SSID ignored.
    Zemax surface type  EVENASPH
    CODE V surface type ASP
    Zemax command FIMP ignored.
     WARNING - Hiding of rays not used.
    Zemax command MIRR ignored.
    Zemax command SLAB ignored.
    Zemax command MEMA ignored.
    Zemax command POPS ignored.
  
     Surface pointer = 14
    Zemax command SSID ignored.
    Zemax surface type  STANDARD
    CODE V surface type SPH
    Zemax command FIMP ignored.
     WARNING - Hiding of rays not used.
    Zemax command MIRR ignored.
    Zemax command SLAB ignored.
     WARNING - Partial dispersion of model glass not used.
    Zemax command MEMA ignored.
    Zemax command POPS ignored.
  
     Surface pointer = 15
    Zemax command SSID ignored.
    Zemax surface type  STANDARD
    CODE V surface type SPH
    Zemax command FIMP ignored.
     WARNING - Hiding of rays not used.
    Zemax command MIRR ignored.
    Zemax command SLAB ignored.
    Zemax command MEMA ignored.
    Zemax command POPS ignored.
  
     Surface pointer = IMG
    Zemax command SSID ignored.
    Zemax surface type  STANDARD
    CODE V surface type SPH
    Zemax command FIMP ignored.
     WARNING - Hiding of rays not used.
    Zemax command MIRR ignored.
    Zemax command SLAB ignored.
    Zemax command MEMA ignored.
    Zemax command POPS ignored.
  
     WARNING - Please check the converted lens carefully.
               Some information will not be converted.
               Changes in either CODE V or ZEMAX may invalidate
               the converted information.
               Due to differences between CODE V and ZEMAX ray
               aiming and vignetting factors, it is recommended
               that you set vignetting for the converted system.
  
               A concise listing of conversion warnings appears
               in the Tabbed Output Window 'Info' tab and in the
               Command Window.
  
CODE V> DEF VAR SA
 
 
CODE V> FNO 2.25848456357149
 
 
CODE V> AUT
     AUT                                                                              11-Jul-26  14H  2M 17S
                                                 CODE V PC  Version: 11.5             CPU clock:  0H  0M  1S
     ***Defocussing frozen to eliminate redundant variable
AUT>   SUR N
AUT>   CHG SA
AUT>   WFR Y
AUT>   WTF FA 10
AUT>   EFL = 3.95031061876715
AUT>   @atelier_latcolor == @lcum(1)
AUT>   @atelier_latcolor = 0
AUT>   WTC 0.01
AUT>   @atelier_rmsspot == @rmssum(1)
AUT>   @atelier_rmsspot = 0
AUT>   WTC 0.001
AUT>   MNT 0.025
AUT>   MNE 0.025
AUT>   MXT 10
AUT>   MNA 0.001
AUT>   MXC 25
AUT>   MNC 3
AUT>   IMP 0.001
AUT> GO
 -------------------------------------------------------------------------------
  
       USER CONSTRAINT DEFINITIONS
            @atelier_rmsspot == @rmssum(1)
  
            @atelier_latcolor == @lcum(1)
  
  
  
       POTENTIALLY ACTIVE SPECIFIC CONSTRAINTS
         EFL                                  =       3.950311
         @ATELIER_LATCOLOR                    =       0.000000     (WTC =    0.01000)
         @ATELIER_RMSSPOT                     =       0.000000     (WTC =    0.00100)
  
       GENERAL CONSTRAINTS
         MXT      10.000000
         MNT       0.025000
         MNE       0.025000
         MNA       0.001000
         MAE       0.002500
         GLA               NFK5  NSK16  NLAF2  SF4
  
       ERROR FUNCTION CONSTRUCTION
         WFR        Y
         WTW       1          1          1
         WTA       0.000000
         DEL       0.220000
         WTX F1   10.000000
         WTX F2   10.000000
         WTX F3   10.000000
         WTY F1   10.000000
         WTY F2   10.000000
         WTY F3   10.000000
  
       CONVERGENCE CONTROLS
         MXC        25
         MNC         3
         TAR       0.000000
         IMP       0.001000
  
       OUTPUT CONTROLS
         SUR NO
         CHG S0..16
  
     Recommendations for most stable convergence:
  
       Use object space aperture specifications:
       - NAO for finite conjugate systems
       - EPD for infinite conjugate systems
  
       VARIABLE LIST
  
         NO      PARAMETERS *
          1      CUY S2       CUY S3       CUY S4       CUY S5       CUY S6       CUY S7
          2      CUY S3       CUY S4
          3      CUY S4       CUY S5       CUY S6       CUY S7
          4      CUY S5       CUY S6
          5      CUY S6       CUY S7
          6      CUY S7       CUY S8
          7      CUY S8       CUY S9
          8      CUY S9       CUY S10
          9      CUY S10       CUY S11
         10      CUY S11       CUY S12
         11      CUY S12       CUY S13
         12      CUY S13
         13      A   S2
         14      A   S3
         15      A   S4
         16      A   S5
         17      A   S6
         18      A   S7
         19      A   S8
         20      A   S9
         21      A   S10
         22      A   S11
         23      A   S12
         24      A   S13
         25      THI S1
         26      THI S3
         27      THI S5
         28      THI S7
         29      THI S9
         30      THI S11
         31      THI S13
         32      THI S15
  
     * Multiple entries on a line are composite variables.
     Composite variables are either program-generated bendings
     or user-requested couplings.
  
      32 VARIABLES
  
      32 CONSTRAINTS CAN BE ACTIVE
  
     RELATIVE TIME PER CYCLE IS  267.8 UNITS
     WARNING - The macro function SPOTDATA is not supported on multiple threads.
               CODE V will set the multiple processor setting (MPP) to 1 to prevent errors.
               Please refer to the CODE V Setup and Operation Reference Manual for a complete list
               of pre-defined macro functions that are currently limited to running on a single thread.
  
 CYCLE NUMBER 0:
  
  ABERR F. =        0.53550404
  CONST F. =     1632.26422083
  ERR. F.  =     1632.79972487
  
  OPD     0.51099844     0.47414169     0.50282884
  WAV     0.52644202     0.65348479     0.52691301
  
  
  
  Parameter                 Value            Change
  CUY S2                2.86779467E-01      0.00E+00
  CUY S3                3.39097999E-01      0.00E+00
  CUY S4                5.35045479E-01      0.00E+00
  CUY S5                4.17188152E-01      0.00E+00
  CUY S6                2.69832704E-01      0.00E+00
  CUY S7               -2.26398008E-01      0.00E+00
  CUY S8               -1.07758621E+00      0.00E+00
  CUY S9               -4.46827525E-01      0.00E+00
  CUY S10               4.91159136E-01      0.00E+00
  CUY S11              -2.29779412E-01      0.00E+00
  CUY S12               7.27272727E-01      0.00E+00
  CUY S13               1.05263158E+00      0.00E+00
  A   S2               -3.19920000E-02      0.00E+00
  A   S3               -1.02200000E-01      0.00E+00
  A   S4               -5.50540000E-02      0.00E+00
  A   S5               -2.35400000E-02      0.00E+00
  A   S6               -3.39600000E-02      0.00E+00
  A   S7                3.57620000E-03      0.00E+00
  A   S8                2.39310000E-01      0.00E+00
  A   S9                5.80790000E-02      0.00E+00
  A   S10              -8.97320000E-03      0.00E+00
  A   S11               4.48830000E-02      0.00E+00
  A   S12              -4.97410000E-02      0.00E+00
  A   S13              -6.33600000E-02      0.00E+00
  THI S1               -7.00000000E-02      0.00E+00
  THI S3                1.47000000E-01      0.00E+00
  THI S5                1.76000000E-01      0.00E+00
  THI S7                4.86000000E-01      0.00E+00
  THI S9                5.00000000E-02      0.00E+00
  THI S11               9.90000000E-02      0.00E+00
  THI S13               8.00000000E-01      0.00E+00
  THI S15               4.35000000E-01      0.00E+00
  
        EFL          REDU         PIM          OAL         EN PUP       EX PUP
      3.952029     0.000000     0.463432     5.847000     0.000000    -4.568638
  
  Specific Constraints:        target        value         diff      active (**)
  EFL                    =   3.95031E+00   3.95203E+00   1.718E-03    **
  
  Weighted Constraints:        target        value        WTC/PTC     contrib
  @ATELIER_LATCOLOR      =   0.00000E+00   2.02488E+00   1.000E-02   4.100E+02
  @ATELIER_RMSSPOT       =   0.00000E+00   3.49607E+01   1.000E-03   1.222E+03
  
  Constraints added:      EFL (=)                     Mn CT S1 (>)
  
 CYCLE NUMBER 1:
  
  ABERR F. =        0.51819948
  CONST F. =     2322.61846759
  ERR. F.  =     2323.13666706       (change =      690.33694219)
  
  OPD     0.46814116     0.43920966     0.46527956
  WAV     0.48263106     0.71172114     0.49311065
  
  
  
  Parameter                 Value            Change
  CUY S2                2.86800388E-01      2.09E-05
  CUY S3                3.38261717E-01     -8.36E-04
  CUY S4                5.34217547E-01     -8.28E-04
  CUY S5                4.17260067E-01      7.19E-05
  CUY S6                2.69909545E-01      7.68E-05
  CUY S7               -2.26450366E-01     -5.24E-05
  CUY S8               -1.07805947E+00     -4.73E-04
  CUY S9               -4.47288907E-01     -4.61E-04
  CUY S10               4.91088315E-01     -7.08E-05
  CUY S11              -2.29776132E-01      3.28E-06
  CUY S12               7.27274865E-01      2.14E-06
  CUY S13               1.05262853E+00     -3.05E-06
  A   S2               -3.19920150E-02     -1.50E-08
  A   S3               -1.02200035E-01     -3.49E-08
  A   S4               -5.50540107E-02     -1.07E-08
  A   S5               -2.35400104E-02     -1.04E-08
  A   S6               -3.39600065E-02     -6.51E-09
  A   S7                3.57619410E-03     -5.90E-09
  A   S8                2.39309996E-01     -3.57E-09
  A   S9                5.80789974E-02     -2.61E-09
  A   S10              -8.97319349E-03      6.51E-09
  A   S11               4.48829996E-02     -4.36E-10
  A   S12              -4.97409974E-02      2.63E-09
  A   S13              -6.33600002E-02     -1.70E-10
  THI S1                1.00000000E-03      7.10E-02
  THI S3                1.47001918E-01      1.92E-06
  THI S5                1.75975838E-01     -2.42E-05
  THI S7                4.86000183E-01      1.83E-07
  THI S9                4.99985122E-02     -1.49E-06
  THI S11               9.90092682E-02      9.27E-06
  THI S13               7.99999912E-01     -8.84E-08
  THI S15               4.35000922E-01      9.22E-07
  
        EFL          REDU         PIM          OAL         EN PUP       EX PUP
      3.950311     0.000000     0.461494     5.917986     0.000000    -4.687121
  
  Active Constraints -   2:    target        value         diff        cost
  EFL                    =   3.95031E+00   3.95031E+00   1.226E-10  -8.710E+02
  Mn CT S1                                                          -2.023E+05
  
  Weighted Constraints:        target        value        WTC/PTC     contrib
  @ATELIER_LATCOLOR      =   0.00000E+00   2.54790E+00   1.000E-02   6.492E+02
  @ATELIER_RMSSPOT       =   0.00000E+00   4.09077E+01   1.000E-03   1.673E+03
  
  Singular variable no. 31 will move only to satisfy constraints.
  
 CYCLE NUMBER 2:
  
  ABERR F. =        0.20239113
  CONST F. =      562.58866480
  ERR. F.  =      562.79105593       (change =    -1760.34561114)
  
  OPD     0.10908670     0.15537633     0.23391293
  WAV     0.12237973     0.28034131     0.24788705
  
  
  
  Parameter                 Value            Change
  CUY S2                2.87003048E-01      2.03E-04
  CUY S3                3.41689090E-01      3.43E-03
  CUY S4                5.38367931E-01      4.15E-03
  CUY S5                4.17505233E-01      2.45E-04
  CUY S6                2.70830001E-01      9.20E-04
  CUY S7               -2.25931918E-01      5.18E-04
  CUY S8               -1.07843022E+00     -3.71E-04
  CUY S9               -4.45747075E-01      1.54E-03
  CUY S10               4.94431321E-01      3.34E-03
  CUY S11              -1.99453689E-01      3.03E-02
  CUY S12               9.01639804E-01      1.74E-01
  CUY S13               1.28699025E+00      2.34E-01
  A   S2               -3.22606746E-02     -2.69E-04
  A   S3               -1.01490151E-01      7.10E-04
  A   S4               -5.24043087E-02      2.65E-03
  A   S5               -2.06469588E-02      2.89E-03
  A   S6               -3.38671079E-02      9.29E-05
  A   S7                4.08263952E-03      5.06E-04
  A   S8                2.38529004E-01     -7.81E-04
  A   S9                5.73136123E-02     -7.65E-04
  A   S10              -9.28776822E-03     -3.15E-04
  A   S11               4.37512217E-02     -1.13E-03
  A   S12              -4.87180334E-02      1.02E-03
  A   S13              -6.23996922E-02      9.60E-04
  THI S1                1.00000000E-03     -4.23E-17
  THI S3                1.41454804E-01     -5.55E-03
  THI S5                1.68511790E-01     -7.46E-03
  THI S7                4.93560861E-01      7.56E-03
  THI S9                3.50297824E-02     -1.50E-02
  THI S11               2.00555345E-01      1.02E-01
  THI S13               7.99999698E-01     -2.14E-07
  THI S15               3.88014426E-01     -4.70E-02
  
        EFL          REDU         PIM          OAL         EN PUP       EX PUP
      3.950034     0.000000     0.322168     5.999112     0.000000    -4.252234
  
  Active Constraints -   2:    target        value         diff        cost
  EFL                    =   3.95031E+00   3.95003E+00  -2.766E-04   4.618E-07
  Mn CT S1                                                          -2.994E-07
  
  Weighted Constraints:        target        value        WTC/PTC     contrib
  @ATELIER_LATCOLOR      =   0.00000E+00   1.73922E+00   1.000E-02   3.025E+02
  @ATELIER_RMSSPOT       =   0.00000E+00   1.61276E+01   1.000E-03   2.601E+02
 RAY ERROR: REFL 13
  
 CYCLE NUMBER 3:
  
  ABERR F. =        0.20733212
  CONST F. =      498.96261232
  ERR. F.  =      499.16994444       (change =      -63.62111148)
  
  OPD     0.10667661     0.21804694     0.21244175
  WAV     0.11675904     0.29827960     0.22640757
  
  
  
  Parameter                 Value            Change
  CUY S2                2.87401387E-01      3.98E-04
  CUY S3                3.42611806E-01      9.23E-04
  CUY S4                5.39518136E-01      1.15E-03
  CUY S5                4.18040562E-01      5.35E-04
  CUY S6                2.71512079E-01      6.82E-04
  CUY S7               -2.25107860E-01      8.24E-04
  CUY S8               -1.07783460E+00      5.96E-04
  CUY S9               -4.45047047E-01      7.00E-04
  CUY S10               4.95110066E-01      6.79E-04
  CUY S11              -1.98655451E-01      7.98E-04
  CUY S12               9.04472143E-01      2.83E-03
  CUY S13               1.29121252E+00      4.22E-03
  A   S2               -3.22438297E-02      1.68E-05
  A   S3               -1.01587551E-01     -9.74E-05
  A   S4               -5.23228855E-02      8.14E-05
  A   S5               -2.06581058E-02     -1.11E-05
  A   S6               -3.38848984E-02     -1.78E-05
  A   S7                4.11399011E-03      3.14E-05
  A   S8                2.38472495E-01     -5.65E-05
  A   S9                5.73466839E-02      3.31E-05
  A   S10              -9.28190744E-03      5.86E-06
  A   S11               4.37651031E-02      1.39E-05
  A   S12              -4.87252140E-02     -7.18E-06
  A   S13              -6.23080042E-02      9.17E-05
  THI S1                1.00000000E-03      2.06E-17
  THI S3                1.41737396E-01      2.83E-04
  THI S5                1.68708853E-01      1.97E-04
  THI S7                4.94827700E-01      1.27E-03
  THI S9                3.70113942E-02      1.98E-03
  THI S11               2.02253630E-01      1.70E-03
  THI S13               8.02105721E-01      2.11E-03
  THI S15               3.90120326E-01      2.11E-03
  
        EFL          REDU         PIM          OAL         EN PUP       EX PUP
      3.950164     0.000000     0.314805     6.006645     0.000000    -4.251656
  
  Active Constraints -   2:    target        value         diff        cost
  EFL                    =   3.95031E+00   3.95016E+00  -1.463E-04  -1.742E-03
  Mn CT S1                                                          -1.408E-03
  
  Weighted Constraints:        target        value        WTC/PTC     contrib
  @ATELIER_LATCOLOR      =   0.00000E+00   1.66203E+00   1.000E-02   2.762E+02
  @ATELIER_RMSSPOT       =   0.00000E+00   1.49241E+01   1.000E-03   2.227E+02
  
 CYCLE NUMBER 4:
  
  ABERR F. =        0.30537149
  CONST F. =      438.43892561
  ERR. F.  =      438.74429710       (change =      -60.42564735)
  
  OPD     0.24165940     0.28297229     0.31422686
  WAV     0.25503431     0.38068116     0.33516970
  
  
  
  Parameter                 Value            Change
  CUY S2                2.87120084E-01     -2.81E-04
  CUY S3                3.42035004E-01     -5.77E-04
  CUY S4                5.38730419E-01     -7.88E-04
  CUY S5                4.17678942E-01     -3.62E-04
  CUY S6                2.70973581E-01     -5.38E-04
  CUY S7               -2.25880702E-01     -7.73E-04
  CUY S8               -1.07343310E+00      4.40E-03
  CUY S9               -4.37634980E-01      7.41E-03
  CUY S10               5.03182004E-01      8.07E-03
  CUY S11              -1.86930070E-01      1.17E-02
  CUY S12               9.13209704E-01      8.74E-03
  CUY S13               1.29158710E+00      3.75E-04
  A   S2               -3.23412668E-02     -9.74E-05
  A   S3               -1.01450974E-01      1.37E-04
  A   S4               -5.28143149E-02     -4.91E-04
  A   S5               -2.08418603E-02     -1.84E-04
  A   S6               -3.38581432E-02      2.68E-05
  A   S7                4.06936879E-03     -4.46E-05
  A   S8                2.38504061E-01      3.16E-05
  A   S9                5.73241205E-02     -2.26E-05
  A   S10              -9.51269280E-03     -2.31E-04
  A   S11               4.38338505E-02      6.87E-05
  A   S12              -4.87728726E-02     -4.77E-05
  A   S13              -6.23219949E-02     -1.40E-05
  THI S1                1.00000000E-03      2.06E-17
  THI S3                1.41319968E-01     -4.17E-04
  THI S5                1.68340373E-01     -3.68E-04
  THI S7                4.93941315E-01     -8.86E-04
  THI S9                3.91839821E-02      2.17E-03
  THI S11               1.96114008E-01     -6.14E-03
  THI S13               8.25026578E-01      2.29E-02
  THI S15               4.13041037E-01      2.29E-02
  
        EFL          REDU         PIM          OAL         EN PUP       EX PUP
      3.950070     0.000000     0.294261     6.023926     0.000000    -4.268166
  
  Active Constraints -   2:    target        value         diff        cost
  EFL                    =   3.95031E+00   3.95007E+00  -2.407E-04   2.415E-04
  Mn CT S1                                                          -1.279E-03
  
  Weighted Constraints:        target        value        WTC/PTC     contrib
  @ATELIER_LATCOLOR      =   0.00000E+00   1.04612E+00   1.000E-02   1.094E+02
  @ATELIER_RMSSPOT       =   0.00000E+00   1.81384E+01   1.000E-03   3.290E+02
  
 CYCLE NUMBER 5:
  
  ABERR F. =        0.30584459
  CONST F. =      373.31558530
  ERR. F.  =      373.62142989       (change =      -65.12286721)
  
  OPD     0.28169941     0.30387839     0.27713777
  WAV     0.29437956     0.37109245     0.29727860
  
  
  
  Parameter                 Value            Change
  CUY S2                2.87530468E-01      4.10E-04
  CUY S3                3.43530393E-01      1.50E-03
  CUY S4                5.40435407E-01      1.70E-03
  CUY S5                4.18181920E-01      5.03E-04
  CUY S6                2.71619120E-01      6.46E-04
  CUY S7               -2.25021616E-01      8.59E-04
  CUY S8               -1.07323028E+00      2.03E-04
  CUY S9               -4.37599737E-01      3.52E-05
  CUY S10               5.02982727E-01     -1.99E-04
  CUY S11              -1.87090374E-01     -1.60E-04
  CUY S12               9.13284026E-01      7.43E-05
  CUY S13               1.29164046E+00      5.34E-05
  A   S2               -3.22840290E-02      5.72E-05
  A   S3               -1.01496902E-01     -4.59E-05
  A   S4               -5.27956735E-02      1.86E-05
  A   S5               -2.08721099E-02     -3.02E-05
  A   S6               -3.39031826E-02     -4.50E-05
  A   S7                4.13277978E-03      6.34E-05
  A   S8                2.38564535E-01      6.05E-05
  A   S9                5.73314104E-02      7.29E-06
  A   S10              -9.48241618E-03      3.03E-05
  A   S11               4.38054423E-02     -2.84E-05
  A   S12              -4.87520454E-02      2.08E-05
  A   S13              -6.23365850E-02     -1.46E-05
  THI S1                1.00000000E-03     -6.51E-19
  THI S3                1.41797429E-01      4.77E-04
  THI S5                1.68667736E-01      3.27E-04
  THI S7                4.94482522E-01      5.41E-04
  THI S9                4.00695927E-02      8.86E-04
  THI S11               1.97055171E-01      9.41E-04
  THI S13               8.26663760E-01      1.64E-03
  THI S15               4.14678219E-01      1.64E-03
  
        EFL          REDU         PIM          OAL         EN PUP       EX PUP
      3.950311     0.000000     0.291065     6.028736     0.000000    -4.273821
  
  Active Constraints -   2:    target        value         diff        cost
  EFL                    =   3.95031E+00   3.95031E+00  -7.769E-09   4.444E-03
  Mn CT S1                                                          -1.095E-03
  
  Weighted Constraints:        target        value        WTC/PTC     contrib
  @ATELIER_LATCOLOR      =   0.00000E+00   1.03732E+00   1.000E-02   1.076E+02
  @ATELIER_RMSSPOT       =   0.00000E+00   1.63007E+01   1.000E-03   2.657E+02
  
 CYCLE NUMBER 6:
  
  ABERR F. =        0.30721325
  CONST F. =      370.27823498
  ERR. F.  =      370.58544823       (change =       -3.03598166)
  
  OPD     0.38602130     0.25250742     0.20078411
  WAV     0.39989054     0.32454624     0.21897599
  
  
  
  Parameter                 Value            Change
  CUY S2                2.87340623E-01     -1.90E-04
  CUY S3                3.43190622E-01     -3.40E-04
  CUY S4                5.39992485E-01     -4.43E-04
  CUY S5                4.17953945E-01     -2.28E-04
  CUY S6                2.71312637E-01     -3.06E-04
  CUY S7               -2.25451698E-01     -4.30E-04
  CUY S8               -1.07111776E+00      2.11E-03
  CUY S9               -4.35494731E-01      2.11E-03
  CUY S10               5.02551897E-01     -4.31E-04
  CUY S11              -1.87384324E-01     -2.94E-04
  CUY S12               9.14522219E-01      1.24E-03
  CUY S13               1.29226957E+00      6.29E-04
  A   S2               -3.23821168E-02     -9.81E-05
  A   S3               -1.01432194E-01      6.47E-05
  A   S4               -5.27401435E-02      5.55E-05
  A   S5               -2.09197940E-02     -4.77E-05
  A   S6               -3.38848442E-02      1.83E-05
  A   S7                4.10888575E-03     -2.39E-05
  A   S8                2.38336239E-01     -2.28E-04
  A   S9                5.73181027E-02     -1.33E-05
  A   S10              -9.40775764E-03      7.47E-05
  A   S11               4.37405594E-02     -6.49E-05
  A   S12              -4.87021158E-02      4.99E-05
  A   S13              -6.23636088E-02     -2.70E-05
  THI S1                1.00000000E-03     -3.04E-18
  THI S3                1.41593787E-01     -2.04E-04
  THI S5                1.68487977E-01     -1.80E-04
  THI S7                4.95443485E-01      9.61E-04
  THI S9                3.89737662E-02     -1.10E-03
  THI S11               1.99366041E-01      2.31E-03
  THI S13               8.30419649E-01      3.76E-03
  THI S15               4.18434108E-01      3.76E-03
  
        EFL          REDU         PIM          OAL         EN PUP       EX PUP
      3.950311     0.000000     0.285121     6.034285     0.000000    -4.277518
  
  Active Constraints -   2:    target        value         diff        cost
  EFL                    =   3.95031E+00   3.95031E+00   6.066E-09   1.854E-03
  Mn CT S1                                                          -5.896E-04
  
  Weighted Constraints:        target        value        WTC/PTC     contrib
  @ATELIER_LATCOLOR      =   0.00000E+00   9.92506E-01   1.000E-02   9.851E+01
  @ATELIER_RMSSPOT       =   0.00000E+00   1.64855E+01   1.000E-03   2.718E+02
  
 CYCLE NUMBER 7:
  
  ABERR F. =        0.30815338
  CONST F. =      349.34888089
  ERR. F.  =      349.65703427       (change =      -20.92841396)
  
  OPD     0.36706109     0.16848112     0.28784074
  WAV     0.38400344     0.29000375     0.30367451
  
  
  
  Parameter                 Value            Change
  CUY S2                2.86495427E-01     -8.45E-04
  CUY S3                3.42409498E-01     -7.81E-04
  CUY S4                5.34019229E-01     -5.97E-03
  CUY S5                4.07075351E-01     -1.09E-02
  CUY S6                2.70107805E-01     -1.20E-03
  CUY S7               -2.27761054E-01     -2.31E-03
  CUY S8               -1.05684000E+00      1.43E-02
  CUY S9               -4.12051960E-01      2.34E-02
  CUY S10               5.11473739E-01      8.92E-03
  CUY S11              -1.70478016E-01      1.69E-02
  CUY S12               9.27795575E-01      1.33E-02
  CUY S13               1.28128022E+00     -1.10E-02
  A   S2               -3.22230365E-02      1.59E-04
  A   S3               -1.01590635E-01     -1.58E-04
  A   S4               -5.26255811E-02      1.15E-04
  A   S5               -2.09967266E-02     -7.69E-05
  A   S6               -3.38220163E-02      6.28E-05
  A   S7                4.02513047E-03     -8.38E-05
  A   S8                2.38412853E-01      7.66E-05
  A   S9                5.73023795E-02     -1.57E-05
  A   S10              -9.45316272E-03     -4.54E-05
  A   S11               4.30012645E-02     -7.39E-04
  A   S12              -4.81523576E-02      5.50E-04
  A   S13              -6.20489391E-02      3.15E-04
  THI S1                1.00000000E-03     -5.29E-17
  THI S3                1.40868830E-01     -7.25E-04
  THI S5                1.68212835E-01     -2.75E-04
  THI S7                4.96164196E-01      7.21E-04
  THI S9                4.66557169E-02      7.68E-03
  THI S11               1.88981795E-01     -1.04E-02
  THI S13               8.40172539E-01      9.75E-03
  THI S15               4.28186998E-01      9.75E-03
  
        EFL          REDU         PIM          OAL         EN PUP       EX PUP
      3.950313     0.000000     0.274420     6.041056     0.000000    -4.319126
  
  Active Constraints -   2:    target        value         diff        cost
  EFL                    =   3.95031E+00   3.95031E+00   2.333E-06  -1.013E-05
  Mn CT S1                                                          -8.796E-07
  
  Weighted Constraints:        target        value        WTC/PTC     contrib
  @ATELIER_LATCOLOR      =   0.00000E+00   1.03951E+00   1.000E-02   1.081E+02
  @ATELIER_RMSSPOT       =   0.00000E+00   1.55335E+01   1.000E-03   2.413E+02
  
 CYCLE NUMBER 8:
  
  ABERR F. =        0.34083062
  CONST F. =      310.03775873
  ERR. F.  =      310.37858935       (change =      -39.27844492)
  
  OPD     0.33262289     0.27808742     0.35721627
  WAV     0.35413515     0.33829430     0.37625028
  
  
  
  Parameter                 Value            Change
  CUY S2                2.86325971E-01     -1.69E-04
  CUY S3                3.42362777E-01     -4.67E-05
  CUY S4                5.34123758E-01      1.05E-04
  CUY S5                4.06597188E-01     -4.78E-04
  CUY S6                2.69809934E-01     -2.98E-04
  CUY S7               -2.27413085E-01      3.48E-04
  CUY S8               -1.05684691E+00     -6.92E-06
  CUY S9               -4.12620493E-01     -5.69E-04
  CUY S10               5.12260595E-01      7.87E-04
  CUY S11              -1.67546651E-01      2.93E-03
  CUY S12               9.33189122E-01      5.39E-03
  CUY S13               1.28772208E+00      6.44E-03
  A   S2               -3.22558115E-02     -3.28E-05
  A   S3               -1.01557235E-01      3.34E-05
  A   S4               -5.26656971E-02     -4.01E-05
  A   S5               -2.09718685E-02      2.49E-05
  A   S6               -3.38477290E-02     -2.57E-05
  A   S7                4.06143414E-03      3.63E-05
  A   S8                2.38397441E-01     -1.54E-05
  A   S9                5.73157656E-02      1.34E-05
  A   S10              -9.45754160E-03     -4.38E-06
  A   S11               4.31028447E-02      1.02E-04
  A   S12              -4.81290513E-02      2.33E-05
  A   S13              -6.20690786E-02     -2.01E-05
  THI S1                1.00000000E-03      5.72E-17
  THI S3                1.41017106E-01      1.48E-04
  THI S5                1.68441255E-01      2.28E-04
  THI S7                4.95835450E-01     -3.29E-04
  THI S9                4.64805047E-02     -1.75E-04
  THI S11               1.89936359E-01      9.55E-04
  THI S13               8.40445062E-01      2.73E-04
  THI S15               4.28459521E-01      2.73E-04
  
        EFL          REDU         PIM          OAL         EN PUP       EX PUP
      3.950311     0.000000     0.271443     6.042156     0.000000    -4.305621
  
  Active Constraints -   2:    target        value         diff        cost
  EFL                    =   3.95031E+00   3.95031E+00  -3.860E-10   2.430E-03
  Mn CT S1                                                          -1.345E-03
  
  Weighted Constraints:        target        value        WTC/PTC     contrib
  @ATELIER_LATCOLOR      =   0.00000E+00   9.63947E-01   1.000E-02   9.292E+01
  @ATELIER_RMSSPOT       =   0.00000E+00   1.47349E+01   1.000E-03   2.171E+02
  
 CYCLE NUMBER 9:
  
  ABERR F. =        0.28356943
  CONST F. =      241.54116176
  ERR. F.  =      241.82473119       (change =      -68.55385816)
  
  OPD     0.29718602     0.22523646     0.24185534
  WAV     0.30892231     0.33859595     0.27357727
  
  
  
  Parameter                 Value            Change
  CUY S2                2.80359782E-01     -5.97E-03
  CUY S3                3.45269198E-01      2.91E-03
  CUY S4                5.35717990E-01      1.59E-03
  CUY S5                3.99440160E-01     -7.16E-03
  CUY S6                2.61718090E-01     -8.09E-03
  CUY S7               -2.35584676E-01     -8.17E-03
  CUY S8               -1.06664671E+00     -9.80E-03
  CUY S9               -4.24674125E-01     -1.21E-02
  CUY S10               5.00719532E-01     -1.15E-02
  CUY S11              -1.88099822E-01     -2.06E-02
  CUY S12               9.80802662E-01      4.76E-02
  CUY S13               1.37579932E+00      8.81E-02
  A   S2               -3.22294509E-02      2.64E-05
  A   S3               -1.01583129E-01     -2.59E-05
  A   S4               -5.26790969E-02     -1.34E-05
  A   S5               -2.09540086E-02      1.79E-05
  A   S6               -3.38718649E-02     -2.41E-05
  A   S7                4.07710677E-03      1.57E-05
  A   S8                2.38499922E-01      1.02E-04
  A   S9                5.72753076E-02     -4.05E-05
  A   S10              -9.96896075E-03     -5.11E-04
  A   S11               4.30162505E-02     -8.66E-05
  A   S12              -4.78122882E-02      3.17E-04
  A   S13              -6.18075398E-02      2.62E-04
  THI S1                1.00000000E-03      6.94E-18
  THI S3                1.39994529E-01     -1.02E-03
  THI S5                1.67500764E-01     -9.40E-04
  THI S7                4.96722643E-01      8.87E-04
  THI S9                5.19943466E-02      5.51E-03
  THI S11               1.96215605E-01      6.28E-03
  THI S13               8.37729810E-01     -2.72E-03
  THI S15               4.25744269E-01     -2.72E-03
  
        EFL          REDU         PIM          OAL         EN PUP       EX PUP
      3.947212     0.000000     0.291988     6.050158     0.000000    -4.264158
  
  Active Constraints -   2:    target        value         diff        cost
  EFL                    =   3.95031E+00   3.94721E+00  -3.099E-03  -9.357E-06
  Mn CT S1                                                          -1.265E-06
  
  Weighted Constraints:        target        value        WTC/PTC     contrib
  @ATELIER_LATCOLOR      =   0.00000E+00   6.17115E-01   1.000E-02   3.808E+01
  @ATELIER_RMSSPOT       =   0.00000E+00   1.42639E+01   1.000E-03   2.035E+02
  
 CYCLE NUMBER 10:
  
  ABERR F. =        0.22426594
  CONST F. =      144.45986126
  ERR. F.  =      144.68412720       (change =      -97.14060399)
  
  OPD     0.21804352     0.17713487     0.22191961
  WAV     0.23230795     0.24600713     0.24313931
  
  
  
  Parameter                 Value            Change
  CUY S2                2.80318246E-01     -4.15E-05
  CUY S3                3.44619210E-01     -6.50E-04
  CUY S4                5.37071460E-01      1.35E-03
  CUY S5                4.00742929E-01      1.30E-03
  CUY S6                2.64551295E-01      2.83E-03
  CUY S7               -2.33910444E-01      1.67E-03
  CUY S8               -1.05341845E+00      1.32E-02
  CUY S9               -4.02461800E-01      2.22E-02
  CUY S10               5.04350199E-01      3.63E-03
  CUY S11              -2.00726117E-01     -1.26E-02
  CUY S12               9.19337908E-01     -6.15E-02
  CUY S13               1.26852279E+00     -1.07E-01
  A   S2               -3.23119000E-02     -8.24E-05
  A   S3               -1.01543425E-01      3.97E-05
  A   S4               -5.18619333E-02      8.17E-04
  A   S5               -2.10437821E-02     -8.98E-05
  A   S6               -3.39323987E-02     -6.05E-05
  A   S7                4.11731439E-03      4.02E-05
  A   S8                2.38352020E-01     -1.48E-04
  A   S9                5.73464380E-02      7.11E-05
  A   S10              -9.65870910E-03      3.10E-04
  A   S11               4.39416166E-02      9.25E-04
  A   S12              -4.65158065E-02      1.30E-03
  A   S13              -6.15452730E-02      2.62E-04
  THI S1                1.00000000E-03      0.00E+00
  THI S3                1.40790406E-01      7.96E-04
  THI S5                1.67310810E-01     -1.90E-04
  THI S7                4.94331480E-01     -2.39E-03
  THI S9                4.58730032E-02     -6.12E-03
  THI S11               1.14577764E-01     -8.16E-02
  THI S13               8.79001563E-01      4.13E-02
  THI S15               4.67016021E-01      4.13E-02
  
        EFL          REDU         PIM          OAL         EN PUP       EX PUP
      3.942471     0.000000     0.338622     6.001885     0.000000    -4.495632
  
  Active Constraints -   2:    target        value         diff        cost
  EFL                    =   3.95031E+00   3.94247E+00  -7.839E-03  -3.468E-06
  Mn CT S1                                                          -2.531E-07
  
  Weighted Constraints:        target        value        WTC/PTC     contrib
  @ATELIER_LATCOLOR      =   0.00000E+00   1.95809E-01   1.000E-02   3.834E+00
  @ATELIER_RMSSPOT       =   0.00000E+00   1.18586E+01   1.000E-03   1.406E+02
  
 CYCLE NUMBER 11:
  
  ABERR F. =        0.21470693
  CONST F. =      145.34698916
  ERR. F.  =      145.56169609       (change =        0.87756889)
  
  OPD     0.20028871     0.16713079     0.21266528
  WAV     0.21382609     0.24783454     0.23701485
  
  
  
  Parameter                 Value            Change
  CUY S2                2.80103840E-01     -2.14E-04
  CUY S3                3.44422537E-01     -1.97E-04
  CUY S4                5.36814364E-01     -2.57E-04
  CUY S5                4.00490699E-01     -2.52E-04
  CUY S6                2.64252197E-01     -2.99E-04
  CUY S7               -2.34243608E-01     -3.33E-04
  CUY S8               -1.05344111E+00     -2.27E-05
  CUY S9               -4.02500742E-01     -3.89E-05
  CUY S10               5.03227517E-01     -1.12E-03
  CUY S11              -2.01961023E-01     -1.23E-03
  CUY S12               9.18384350E-01     -9.54E-04
  CUY S13               1.26908444E+00      5.62E-04
  A   S2               -3.23060067E-02      5.89E-06
  A   S3               -1.01550387E-01     -6.96E-06
  A   S4               -5.18763471E-02     -1.44E-05
  A   S5               -2.10396007E-02      4.18E-06
  A   S6               -3.39288699E-02      3.53E-06
  A   S7                4.11372346E-03     -3.59E-06
  A   S8                2.38357871E-01      5.85E-06
  A   S9                5.73449363E-02     -1.50E-06
  A   S10              -9.66111530E-03     -2.41E-06
  A   S11               4.39416511E-02      3.45E-08
  A   S12              -4.65162003E-02     -3.94E-07
  A   S13              -6.15399755E-02      5.30E-06
  THI S1                1.00000000E-03     -7.37E-18
  THI S3                1.40736729E-01     -5.37E-05
  THI S5                1.67275909E-01     -3.49E-05
  THI S7                4.94357689E-01      2.62E-05
  THI S9                4.58975225E-02      2.45E-05
  THI S11               1.14603225E-01      2.55E-05
  THI S13               8.79147309E-01      1.46E-04
  THI S15               4.67161767E-01      1.46E-04
  
        EFL          REDU         PIM          OAL         EN PUP       EX PUP
      3.950311     0.000000     0.343834     6.002018     0.000000    -4.490112
  
  Active Constraints -   2:    target        value         diff        cost
  EFL                    =   3.95031E+00   3.95031E+00  -1.362E-08   9.803E-03
  Mn CT S1                                                          -7.397E-04
  
  Weighted Constraints:        target        value        WTC/PTC     contrib
  @ATELIER_LATCOLOR      =   0.00000E+00   1.98379E-01   1.000E-02   3.935E+00
  @ATELIER_RMSSPOT       =   0.00000E+00   1.18917E+01   1.000E-03   1.414E+02
  
 CYCLE NUMBER 12:
  
  ABERR F. =        0.21518139
  CONST F. =      144.78792412
  ERR. F.  =      145.00310551       (change =       -0.55859058)
  
  OPD     0.20050358     0.17340123     0.21226413
  WAV     0.21435528     0.24687120     0.23579415
  
  
  
  Parameter                 Value            Change
  CUY S2                2.80133650E-01      2.98E-05
  CUY S3                3.44426435E-01      3.90E-06
  CUY S4                5.36845311E-01      3.09E-05
  CUY S5                4.00485675E-01     -5.02E-06
  CUY S6                2.64271433E-01      1.92E-05
  CUY S7               -2.34139182E-01      1.04E-04
  CUY S8               -1.05347196E+00     -3.08E-05
  CUY S9               -4.02526804E-01     -2.61E-05
  CUY S10               5.03296675E-01      6.92E-05
  CUY S11              -2.02045782E-01     -8.48E-05
  CUY S12               9.18169124E-01     -2.15E-04
  CUY S13               1.26903557E+00     -4.89E-05
  A   S2               -3.23310518E-02     -2.50E-05
  A   S3               -1.01547373E-01      3.01E-06
  A   S4               -5.18560641E-02      2.03E-05
  A   S5               -2.10480689E-02     -8.47E-06
  A   S6               -3.39307903E-02     -1.92E-06
  A   S7                4.12098185E-03      7.26E-06
  A   S8                2.38355667E-01     -2.20E-06
  A   S9                5.73470577E-02      2.12E-06
  A   S10              -9.66363277E-03     -2.52E-06
  A   S11               4.39446291E-02      2.98E-06
  A   S12              -4.65162415E-02     -4.12E-08
  A   S13              -6.15320003E-02      7.98E-06
  THI S1                1.00000000E-03      0.00E+00
  THI S3                1.40823781E-01      8.71E-05
  THI S5                1.67297378E-01      2.15E-05
  THI S7                4.94346620E-01     -1.11E-05
  THI S9                4.59101333E-02      1.26E-05
  THI S11               1.14644144E-01      4.09E-05
  THI S13               8.79223635E-01      7.63E-05
  THI S15               4.67238094E-01      7.63E-05
  
        EFL          REDU         PIM          OAL         EN PUP       EX PUP
      3.950311     0.000000     0.343508     6.002246     0.000000    -4.489934
  
  Active Constraints -   2:    target        value         diff        cost
  EFL                    =   3.95031E+00   3.95031E+00   1.559E-09  -3.337E-03
  Mn CT S1                                                          -8.242E-04
  
  Weighted Constraints:        target        value        WTC/PTC     contrib
  @ATELIER_LATCOLOR      =   0.00000E+00   1.93428E-01   1.000E-02   3.741E+00
  @ATELIER_RMSSPOT       =   0.00000E+00   1.18763E+01   1.000E-03   1.410E+02
  
 CYCLE NUMBER 13:
  
  ABERR F. =        0.21459290
  CONST F. =      143.74587700
  ERR. F.  =      143.96046990       (change =       -1.04263561)
  
  OPD     0.21092461     0.16521322     0.20344445
  WAV     0.22375151     0.24635034     0.22885195
  
  
  
  Parameter                 Value            Change
  CUY S2                2.80301231E-01      1.68E-04
  CUY S3                3.44578650E-01      1.52E-04
  CUY S4                5.36929837E-01      8.45E-05
  CUY S5                4.00623344E-01      1.38E-04
  CUY S6                2.64379739E-01      1.08E-04
  CUY S7               -2.34085492E-01      5.37E-05
  CUY S8               -1.05353059E+00     -5.86E-05
  CUY S9               -4.02624122E-01     -9.73E-05
  CUY S10               5.03054959E-01     -2.42E-04
  CUY S11              -2.02489733E-01     -4.44E-04
  CUY S12               9.18244800E-01      7.57E-05
  CUY S13               1.26953585E+00      5.00E-04
  A   S2               -3.23220157E-02      9.04E-06
  A   S3               -1.01568952E-01     -2.16E-05
  A   S4               -5.18712340E-02     -1.52E-05
  A   S5               -2.10366747E-02      1.14E-05
  A   S6               -3.39272996E-02      3.49E-06
  A   S7                4.11631018E-03     -4.67E-06
  A   S8                2.38357048E-01      1.38E-06
  A   S9                5.73451098E-02     -1.95E-06
  A   S10              -9.66636558E-03     -2.73E-06
  A   S11               4.39468494E-02      2.22E-06
  A   S12              -4.65163347E-02     -9.33E-08
  A   S13              -6.15253937E-02      6.61E-06
  THI S1                1.00000000E-03      0.00E+00
  THI S3                1.40680543E-01     -1.43E-04
  THI S5                1.67237507E-01     -5.99E-05
  THI S7                4.94360319E-01      1.37E-05
  THI S9                4.59272112E-02      1.71E-05
  THI S11               1.14681022E-01      3.69E-05
  THI S13               8.79388452E-01      1.65E-04
  THI S15               4.67402911E-01      1.65E-04
  
        EFL          REDU         PIM          OAL         EN PUP       EX PUP
      3.950311     0.000000     0.343149     6.002275     0.000000    -4.489731
  
  Active Constraints -   2:    target        value         diff        cost
  EFL                    =   3.95031E+00   3.95031E+00  -2.339E-09   5.493E-04
  Mn CT S1                                                          -7.820E-04
  
  Weighted Constraints:        target        value        WTC/PTC     contrib
  @ATELIER_LATCOLOR      =   0.00000E+00   1.92119E-01   1.000E-02   3.691E+00
  @ATELIER_RMSSPOT       =   0.00000E+00   1.18345E+01   1.000E-03   1.401E+02
  
 CYCLE NUMBER 14:
  
  ABERR F. =        0.21421479
  CONST F. =      141.92501919
  ERR. F.  =      142.13923398       (change =       -1.82123592)
  
  OPD     0.19821196     0.17591981     0.21126673
  WAV     0.21268038     0.24631023     0.23357395
  
  
  
  Parameter                 Value            Change
  CUY S2                2.80323746E-01      2.25E-05
  CUY S3                3.44619665E-01      4.10E-05
  CUY S4                5.37002084E-01      7.22E-05
  CUY S5                4.00664602E-01      4.13E-05
  CUY S6                2.64445184E-01      6.54E-05
  CUY S7               -2.33999582E-01      8.59E-05
  CUY S8               -1.05354345E+00     -1.29E-05
  CUY S9               -4.02488477E-01      1.36E-04
  CUY S10               5.02753657E-01     -3.01E-04
  CUY S11              -2.02753409E-01     -2.64E-04
  CUY S12               9.18676477E-01      4.32E-04
  CUY S13               1.26955685E+00      2.10E-05
  A   S2               -3.23529721E-02     -3.10E-05
  A   S3               -1.01563298E-01      5.65E-06
  A   S4               -5.19005228E-02     -2.93E-05
  A   S5               -2.10172435E-02      1.94E-05
  A   S6               -3.39301144E-02     -2.81E-06
  A   S7                4.11894942E-03      2.64E-06
  A   S8                2.38352962E-01     -4.09E-06
  A   S9                5.73508105E-02      5.70E-06
  A   S10              -9.66930606E-03     -2.94E-06
  A   S11               4.39518429E-02      4.99E-06
  A   S12              -4.65163799E-02     -4.52E-08
  A   S13              -6.15069278E-02      1.85E-05
  THI S1                1.00000000E-03      0.00E+00
  THI S3                1.40786418E-01      1.06E-04
  THI S5                1.67261153E-01      2.36E-05
  THI S7                4.94308164E-01     -5.22E-05
  THI S9                4.59230634E-02     -4.15E-06
  THI S11               1.14698471E-01      1.74E-05
  THI S13               8.79348511E-01     -3.99E-05
  THI S15               4.67362969E-01     -3.99E-05
  
        EFL          REDU         PIM          OAL         EN PUP       EX PUP
      3.950311     0.000000     0.343809     6.002326     0.000000    -4.492779
  
  Active Constraints -   2:    target        value         diff        cost
  EFL                    =   3.95031E+00   3.95031E+00  -4.711E-11   1.992E-03
  Mn CT S1                                                          -7.846E-04
  
  Weighted Constraints:        target        value        WTC/PTC     contrib
  @ATELIER_LATCOLOR      =   0.00000E+00   1.85674E-01   1.000E-02   3.447E+00
  @ATELIER_RMSSPOT       =   0.00000E+00   1.17676E+01   1.000E-03   1.385E+02
  
 CYCLE NUMBER 15:
  
  ABERR F. =        0.21287719
  CONST F. =      140.93582640
  ERR. F.  =      141.14870359       (change =       -0.99053039)
  
  OPD     0.20415319     0.16679415     0.20531582
  WAV     0.21745557     0.24544486     0.22960114
  
  
  
  Parameter                 Value            Change
  CUY S2                2.80262652E-01     -6.11E-05
  CUY S3                3.44538202E-01     -8.15E-05
  CUY S4                5.36862335E-01     -1.40E-04
  CUY S5                4.00567101E-01     -9.75E-05
  CUY S6                2.64312478E-01     -1.33E-04
  CUY S7               -2.34162407E-01     -1.63E-04
  CUY S8               -1.05357094E+00     -2.75E-05
  CUY S9               -4.02532716E-01     -4.42E-05
  CUY S10               5.02545948E-01     -2.08E-04
  CUY S11              -2.03068652E-01     -3.15E-04
  CUY S12               9.18613433E-01     -6.30E-05
  CUY S13               1.26956348E+00      6.62E-06
  A   S2               -3.23485783E-02      4.39E-06
  A   S3               -1.01569325E-01     -6.03E-06
  A   S4               -5.18919415E-02      8.58E-06
  A   S5               -2.10214051E-02     -4.16E-06
  A   S6               -3.39275010E-02      2.61E-06
  A   S7                4.11650290E-03     -2.45E-06
  A   S8                2.38357797E-01      4.84E-06
  A   S9                5.73497681E-02     -1.04E-06
  A   S10              -9.67050268E-03     -1.20E-06
  A   S11               4.39520390E-02      1.96E-07
  A   S12              -4.65163911E-02     -1.12E-08
  A   S13              -6.15031904E-02      3.74E-06
  THI S1                1.00000000E-03      0.00E+00
  THI S3                1.40736877E-01     -4.95E-05
  THI S5                1.67233911E-01     -2.72E-05
  THI S7                4.94321432E-01      1.33E-05
  THI S9                4.59344381E-02      1.14E-05
  THI S11               1.14721799E-01      2.33E-05
  THI S13               8.79464939E-01      1.16E-04
  THI S15               4.67479397E-01      1.16E-04
  
        EFL          REDU         PIM          OAL         EN PUP       EX PUP
      3.950311     0.000000     0.344163     6.002413     0.000000    -4.493989
  
  Active Constraints -   2:    target        value         diff        cost
  EFL                    =   3.95031E+00   3.95031E+00   1.399E-11   1.680E-03
  Mn CT S1                                                          -7.719E-04
  
  Weighted Constraints:        target        value        WTC/PTC     contrib
  @ATELIER_LATCOLOR      =   0.00000E+00   1.86724E-01   1.000E-02   3.487E+00
  @ATELIER_RMSSPOT       =   0.00000E+00   1.17239E+01   1.000E-03   1.374E+02
  
 CYCLE NUMBER 16:
  
  ABERR F. =        0.21310894
  CONST F. =      140.47655362
  ERR. F.  =      140.68966256       (change =       -0.45904103)
  
  OPD     0.20197278     0.17307670     0.20604330
  WAV     0.21591269     0.24529341     0.22913528
  
  
  
  Parameter                 Value            Change
  CUY S2                2.80298895E-01      3.62E-05
  CUY S3                3.44583578E-01      4.54E-05
  CUY S4                5.36929721E-01      6.74E-05
  CUY S5                4.00594838E-01      2.77E-05
  CUY S6                2.64359553E-01      4.71E-05
  CUY S7               -2.34074467E-01      8.79E-05
  CUY S8               -1.05357039E+00      5.58E-07
  CUY S9               -4.02549791E-01     -1.71E-05
  CUY S10               5.02554288E-01      8.34E-06
  CUY S11              -2.03142187E-01     -7.35E-05
  CUY S12               9.18519658E-01     -9.38E-05
  CUY S13               1.26959892E+00      3.54E-05
  A   S2               -3.23564781E-02     -7.90E-06
  A   S3               -1.01555150E-01      1.42E-05
  A   S4               -5.19010149E-02     -9.07E-06
  A   S5               -2.10160009E-02      5.40E-06
  A   S6               -3.39310679E-02     -3.57E-06
  A   S7                4.11957430E-03      3.07E-06
  A   S8                2.38357253E-01     -5.44E-07
  A   S9                5.73504387E-02      6.71E-07
  A   S10              -9.67126964E-03     -7.67E-07
  A   S11               4.39527084E-02      6.69E-07
  A   S12              -4.65163777E-02      1.34E-08
  A   S13              -6.14982910E-02      4.90E-06
  THI S1                1.00000000E-03      0.00E+00
  THI S3                1.40792720E-01      5.58E-05
  THI S5                1.67234913E-01      1.00E-06
  THI S7                4.94315890E-01     -5.54E-06
  THI S9                4.59374854E-02      3.05E-06
  THI S11               1.14733634E-01      1.18E-05
  THI S13               8.79520656E-01      5.57E-05
  THI S15               4.67535115E-01      5.57E-05
  
        EFL          REDU         PIM          OAL         EN PUP       EX PUP
      3.950311     0.000000     0.343925     6.002535     0.000000    -4.493786
  
  Active Constraints -   2:    target        value         diff        cost
  EFL                    =   3.95031E+00   3.95031E+00   4.914E-11   3.003E-03
  Mn CT S1                                                          -8.189E-04
  
  Weighted Constraints:        target        value        WTC/PTC     contrib
  @ATELIER_LATCOLOR      =   0.00000E+00   1.83577E-01   1.000E-02   3.370E+00
  @ATELIER_RMSSPOT       =   0.00000E+00   1.17092E+01   1.000E-03   1.371E+02
  
 CYCLE NUMBER 17:
  
  ABERR F. =        0.21285497
  CONST F. =      140.18280216
  ERR. F.  =      140.39565713       (change =       -0.29400543)
  
  OPD     0.20951348     0.16665882     0.20005703
  WAV     0.22244294     0.24502530     0.22501400
  
  
  
  Parameter                 Value            Change
  CUY S2                2.80353958E-01      5.51E-05
  CUY S3                3.44618553E-01      3.50E-05
  CUY S4                5.36910584E-01     -1.91E-05
  CUY S5                4.00618316E-01      2.35E-05
  CUY S6                2.64369928E-01      1.04E-05
  CUY S7               -2.34093806E-01     -1.93E-05
  CUY S8               -1.05359415E+00     -2.38E-05
  CUY S9               -4.02589431E-01     -3.96E-05
  CUY S10               5.02304444E-01     -2.50E-04
  CUY S11              -2.03528679E-01     -3.86E-04
  CUY S12               9.18441931E-01     -7.77E-05
  CUY S13               1.26962890E+00      3.00E-05
  A   S2               -3.23516168E-02      4.86E-06
  A   S3               -1.01561536E-01     -6.39E-06
  A   S4               -5.18910536E-02      9.96E-06
  A   S5               -2.10195230E-02     -3.52E-06
  A   S6               -3.39288968E-02      2.17E-06
  A   S7                4.11760143E-03     -1.97E-06
  A   S8                2.38361801E-01      4.55E-06
  A   S9                5.73495485E-02     -8.90E-07
  A   S10              -9.67228171E-03     -1.01E-06
  A   S11               4.39529696E-02      2.61E-07
  A   S12              -4.65163818E-02     -4.06E-09
  A   S13              -6.14942785E-02      4.01E-06
  THI S1                1.00000000E-03      0.00E+00
  THI S3                1.40718932E-01     -7.38E-05
  THI S5                1.67206412E-01     -2.85E-05
  THI S7                4.94322970E-01      7.08E-06
  THI S9                4.59449659E-02      7.48E-06
  THI S11               1.14753404E-01      1.98E-05
  THI S13               8.79622789E-01      1.02E-04
  THI S15               4.67637248E-01      1.02E-04
  
        EFL          REDU         PIM          OAL         EN PUP       EX PUP
      3.950311     0.000000     0.344035     6.002569     0.000000    -4.494866
  
  Active Constraints -   2:    target        value         diff        cost
  EFL                    =   3.95031E+00   3.95031E+00  -4.127E-10   2.101E-03
  Mn CT S1                                                          -7.826E-04
  
  Weighted Constraints:        target        value        WTC/PTC     contrib
  @ATELIER_LATCOLOR      =   0.00000E+00   1.85090E-01   1.000E-02   3.426E+00
  @ATELIER_RMSSPOT       =   0.00000E+00   1.16943E+01   1.000E-03   1.368E+02
  
 CYCLE NUMBER 18:
  
  ABERR F. =        0.21338393
  CONST F. =      139.33930761
  ERR. F.  =      139.55269154       (change =       -0.84296559)
  
  OPD     0.20816871     0.17360353     0.20084272
  WAV     0.22170543     0.24473773     0.22435724
  
  
  
  Parameter                 Value            Change
  CUY S2                2.80493302E-01      1.39E-04
  CUY S3                3.44761089E-01      1.43E-04
  CUY S4                5.37098420E-01      1.88E-04
  CUY S5                4.00747862E-01      1.30E-04
  CUY S6                2.64505966E-01      1.36E-04
  CUY S7               -2.33900858E-01      1.93E-04
  CUY S8               -1.05360655E+00     -1.24E-05
  CUY S9               -4.02597957E-01     -8.53E-06
  CUY S10               5.02337077E-01      3.26E-05
  CUY S11              -2.03409565E-01      1.19E-04
  CUY S12               9.18547828E-01      1.06E-04
  CUY S13               1.26970860E+00      7.97E-05
  A   S2               -3.23521723E-02     -5.55E-07
  A   S3               -1.01560803E-01      7.32E-07
  A   S4               -5.19047478E-02     -1.37E-05
  A   S5               -2.10104072E-02      9.12E-06
  A   S6               -3.39294585E-02     -5.62E-07
  A   S7                4.11816903E-03      5.68E-07
  A   S8                2.38360783E-01     -1.02E-06
  A   S9                5.73516686E-02      2.12E-06
  A   S10              -9.67326905E-03     -9.87E-07
  A   S11               4.39540582E-02      1.09E-06
  A   S12              -4.65163436E-02      3.81E-08
  A   S13              -6.14947935E-02     -5.15E-07
  THI S1                1.00000000E-03      0.00E+00
  THI S3                1.40803995E-01      8.51E-05
  THI S5                1.67210923E-01      4.51E-06
  THI S7                4.94303554E-01     -1.94E-05
  THI S9                4.59437862E-02     -1.18E-06
  THI S11               1.14769058E-01      1.57E-05
  THI S13               8.79680783E-01      5.80E-05
  THI S15               4.67695241E-01      5.80E-05
  
        EFL          REDU         PIM          OAL         EN PUP       EX PUP
      3.950311     0.000000     0.343504     6.002712     0.000000    -4.494443
  
  Active Constraints -   2:    target        value         diff        cost
  EFL                    =   3.95031E+00   3.95031E+00  -3.263E-11   2.752E-03
  Mn CT S1                                                          -7.919E-04
  
  Weighted Constraints:        target        value        WTC/PTC     contrib
  @ATELIER_LATCOLOR      =   0.00000E+00   1.80949E-01   1.000E-02   3.274E+00
  @ATELIER_RMSSPOT       =   0.00000E+00   1.16647E+01   1.000E-03   1.361E+02
  
 CYCLE NUMBER 19:
  
  ABERR F. =        0.21316461
  CONST F. =      139.16981564
  ERR. F.  =      139.38298025       (change =       -0.16971129)
  
  OPD     0.21306080     0.16608917     0.19770292
  WAV     0.22576762     0.24474199     0.22293110
  
  
  
  Parameter                 Value            Change
  CUY S2                2.80400252E-01     -9.31E-05
  CUY S3                3.44650734E-01     -1.10E-04
  CUY S4                5.36926811E-01     -1.72E-04
  CUY S5                4.00615914E-01     -1.32E-04
  CUY S6                2.64356157E-01     -1.50E-04
  CUY S7               -2.34079222E-01     -1.78E-04
  CUY S8               -1.05362814E+00     -2.16E-05
  CUY S9               -4.02634374E-01     -3.64E-05
  CUY S10               5.02158153E-01     -1.79E-04
  CUY S11              -2.03721000E-01     -3.11E-04
  CUY S12               9.18451615E-01     -9.62E-05
  CUY S13               1.26969897E+00     -9.63E-06
  A   S2               -3.23434833E-02      8.69E-06
  A   S3               -1.01571358E-01     -1.06E-05
  A   S4               -5.19098684E-02     -5.12E-06
  A   S5               -2.10098348E-02      5.72E-07
  A   S6               -3.39283262E-02      1.13E-06
  A   S7                4.11692579E-03     -1.24E-06
  A   S8                2.38359320E-01     -1.46E-06
  A   S9                5.73510316E-02     -6.37E-07
  A   S10              -9.67403576E-03     -7.67E-07
  A   S11               4.39541571E-02      9.89E-08
  A   S12              -4.65163559E-02     -1.23E-08
  A   S13              -6.14904930E-02      4.30E-06
  THI S1                1.00000000E-03      0.00E+00
  THI S3                1.40701771E-01     -1.02E-04
  THI S5                1.67183500E-01     -2.74E-05
  THI S7                4.94303588E-01      3.43E-08
  THI S9                4.59474672E-02      3.68E-06
  THI S11               1.14784456E-01      1.54E-05
  THI S13               8.79767208E-01      8.64E-05
  THI S15               4.67781666E-01      8.64E-05
  
        EFL          REDU         PIM          OAL         EN PUP       EX PUP
      3.950311     0.000000     0.343946     6.002688     0.000000    -4.495446
  
  Active Constraints -   2:    target        value         diff        cost
  EFL                    =   3.95031E+00   3.95031E+00  -6.338E-11   1.820E-03
  Mn CT S1                                                          -7.726E-04
  
  Weighted Constraints:        target        value        WTC/PTC     contrib
  @ATELIER_LATCOLOR      =   0.00000E+00   1.81171E-01   1.000E-02   3.282E+00
  @ATELIER_RMSSPOT       =   0.00000E+00   1.16571E+01   1.000E-03   1.359E+02
  
 CYCLE NUMBER 20:
  
  ABERR F. =        0.21353017
  CONST F. =      137.67889848
  ERR. F.  =      137.89242865       (change =       -1.49055160)
  
  OPD     0.21022143     0.17455604     0.19894484
  WAV     0.22368976     0.24467411     0.22232040
  
  
  
  Parameter                 Value            Change
  CUY S2                2.80479750E-01      7.95E-05
  CUY S3                3.44732780E-01      8.20E-05
  CUY S4                5.37062338E-01      1.36E-04
  CUY S5                4.00689978E-01      7.41E-05
  CUY S6                2.64471118E-01      1.15E-04
  CUY S7               -2.33884036E-01      1.95E-04
  CUY S8               -1.05361815E+00      1.00E-05
  CUY S9               -4.02641855E-01     -7.48E-06
  CUY S10               5.02271285E-01      1.13E-04
  CUY S11              -2.03596463E-01      1.25E-04
  CUY S12               9.18453954E-01      2.34E-06
  CUY S13               1.26978223E+00      8.33E-05
  A   S2               -3.23442127E-02     -7.29E-07
  A   S3               -1.01570449E-01      9.10E-07
  A   S4               -5.19305710E-02     -2.07E-05
  A   S5               -2.09992691E-02      1.06E-05
  A   S6               -3.39287721E-02     -4.46E-07
  A   S7                4.11735917E-03      4.33E-07
  A   S8                2.38349325E-01     -1.00E-05
  A   S9                5.73512036E-02      1.72E-07
  A   S10              -9.67485556E-03     -8.20E-07
  A   S11               4.39551050E-02      9.48E-07
  A   S12              -4.65163109E-02      4.50E-08
  A   S13              -6.14787899E-02      1.17E-05
  THI S1                1.00000000E-03      0.00E+00
  THI S3                1.40710900E-01      9.13E-06
  THI S5                1.67187569E-01      4.07E-06
  THI S7                4.94283906E-01     -1.97E-05
  THI S9                4.59449499E-02     -2.52E-06
  THI S11               1.14797988E-01      1.35E-05
  THI S13               8.79815890E-01      4.87E-05
  THI S15               4.67830348E-01      4.87E-05
  
        EFL          REDU         PIM          OAL         EN PUP       EX PUP
      3.950311     0.000000     0.343409     6.002741     0.000000    -4.494444
  
  Active Constraints -   2:    target        value         diff        cost
  EFL                    =   3.95031E+00   3.95031E+00  -3.187E-11   2.937E-03
  Mn CT S1                                                          -7.915E-04
  
  Weighted Constraints:        target        value        WTC/PTC     contrib
  @ATELIER_LATCOLOR      =   0.00000E+00   1.76812E-01   1.000E-02   3.126E+00
  @ATELIER_RMSSPOT       =   0.00000E+00   1.15997E+01   1.000E-03   1.346E+02
  
  Constraints added:      Mn ET S13 (>)
  Constraints released:   Mn ET S13 (>)
  
 CYCLE NUMBER 21:
  
  ABERR F. =        0.21316484
  CONST F. =      137.24403568
  ERR. F.  =      137.45720052       (change =       -0.43522812)
  
  OPD     0.21303339     0.16981921     0.19702936
  WAV     0.22602815     0.24392938     0.22136595
  
  
  
  Parameter                 Value            Change
  CUY S2                2.80437651E-01     -4.21E-05
  CUY S3                3.44682342E-01     -5.04E-05
  CUY S4                5.36983643E-01     -7.87E-05
  CUY S5                4.00630253E-01     -5.97E-05
  CUY S6                2.64398019E-01     -7.31E-05
  CUY S7               -2.33971043E-01     -8.70E-05
  CUY S8               -1.05362850E+00     -1.03E-05
  CUY S9               -4.02658907E-01     -1.71E-05
  CUY S10               5.02167371E-01     -1.04E-04
  CUY S11              -2.03766249E-01     -1.70E-04
  CUY S12               9.18426975E-01     -2.70E-05
  CUY S13               1.26979932E+00      1.71E-05
  A   S2               -3.23402810E-02      3.93E-06
  A   S3               -1.01575058E-01     -4.61E-06
  A   S4               -5.19288910E-02      1.68E-06
  A   S5               -2.09997202E-02     -4.51E-07
  A   S6               -3.39281583E-02      6.14E-07
  A   S7                4.11669023E-03     -6.69E-07
  A   S8                2.38350487E-01      1.16E-06
  A   S9                5.73509240E-02     -2.80E-07
  A   S10              -9.67509732E-03     -2.42E-07
  A   S11               4.39549502E-02     -1.55E-07
  A   S12              -4.65163053E-02      5.60E-09
  A   S13              -6.14760138E-02      2.78E-06
  THI S1                1.00000000E-03      0.00E+00
  THI S3                1.40661827E-01     -4.91E-05
  THI S5                1.67175474E-01     -1.21E-05
  THI S7                4.94283907E-01      1.30E-09
  THI S9                4.59460839E-02      1.13E-06
  THI S11               1.14805553E-01      7.57E-06
  THI S13               8.79858606E-01      4.27E-05
  THI S15               4.67873065E-01      4.27E-05
  
        EFL          REDU         PIM          OAL         EN PUP       EX PUP
      3.950311     0.000000     0.343638     6.002731     0.000000    -4.495004
  
  Active Constraints -   2:    target        value         diff        cost
  EFL                    =   3.95031E+00   3.95031E+00  -4.139E-11   1.893E-03
  Mn CT S1                                                          -7.670E-04
  
  Weighted Constraints:        target        value        WTC/PTC     contrib
  @ATELIER_LATCOLOR      =   0.00000E+00   1.77307E-01   1.000E-02   3.144E+00
  @ATELIER_RMSSPOT       =   0.00000E+00   1.15802E+01   1.000E-03   1.341E+02
  
  Constraints added:      Mn ET S13 (>)
  Constraints released:   Mn ET S13 (>)
  
 CYCLE NUMBER 22:
  
  ABERR F. =        0.21460785
  CONST F. =      136.62979994
  ERR. F.  =      136.84440779       (change =       -0.61279274)
  
  OPD     0.21610264     0.17896307     0.19360643
  WAV     0.22923645     0.24578713     0.21717950
  
  
  
  Parameter                 Value            Change
  CUY S2                2.80539078E-01      1.01E-04
  CUY S3                3.44786805E-01      1.04E-04
  CUY S4                5.37159011E-01      1.75E-04
  CUY S5                4.00816237E-01      1.86E-04
  CUY S6                2.64629148E-01      2.31E-04
  CUY S7               -2.33746696E-01      2.24E-04
  CUY S8               -1.05363711E+00     -8.61E-06
  CUY S9               -4.02695009E-01     -3.61E-05
  CUY S10               5.02141315E-01     -2.61E-05
  CUY S11              -2.03996033E-01     -2.30E-04
  CUY S12               9.18170484E-01     -2.56E-04
  CUY S13               1.26984206E+00      4.27E-05
  A   S2               -3.23266557E-02      1.36E-05
  A   S3               -1.01567867E-01      7.19E-06
  A   S4               -5.19458025E-02     -1.69E-05
  A   S5               -2.09904499E-02      9.27E-06
  A   S6               -3.39329571E-02     -4.80E-06
  A   S7                4.11970430E-03      3.01E-06
  A   S8                2.38341657E-01     -8.83E-06
  A   S9                5.73516110E-02      6.87E-07
  A   S10              -9.67556272E-03     -4.65E-07
  A   S11               4.39548190E-02     -1.31E-07
  A   S12              -4.65162572E-02      4.81E-08
  A   S13              -6.14652157E-02      1.08E-05
  THI S1                1.00000000E-03      0.00E+00
  THI S3                1.40769504E-01      1.08E-04
  THI S5                1.67185009E-01      9.54E-06
  THI S7                4.94272249E-01     -1.17E-05
  THI S9                4.59446557E-02     -1.43E-06
  THI S11               1.14822284E-01      1.67E-05
  THI S13               8.79954132E-01      9.55E-05
  THI S15               4.67968590E-01      9.55E-05
  
        EFL          REDU         PIM          OAL         EN PUP       EX PUP
      3.950311     0.000000     0.343084     6.002948     0.000000    -4.494606
  
  Active Constraints -   2:    target        value         diff        cost
  EFL                    =   3.95031E+00   3.95031E+00  -9.677E-12   2.940E-03
  Mn CT S1                                                          -7.772E-04
  
  Weighted Constraints:        target        value        WTC/PTC     contrib
  @ATELIER_LATCOLOR      =   0.00000E+00   1.74714E-01   1.000E-02   3.053E+00
  @ATELIER_RMSSPOT       =   0.00000E+00   1.15576E+01   1.000E-03   1.336E+02
  
  Constraints added:      Mn ET S13 (>)
  Constraints released:   Mn ET S13 (>)
  
 CYCLE NUMBER 23:
  
  ABERR F. =        0.21463945
  CONST F. =      135.68883212
  ERR. F.  =      135.90347157       (change =       -0.94093622)
  
  OPD     0.22173313     0.17137110     0.19122697
  WAV     0.23416444     0.24420798     0.21644546
  
  
  
  Parameter                 Value            Change
  CUY S2                2.80485183E-01     -5.39E-05
  CUY S3                3.44717474E-01     -6.93E-05
  CUY S4                5.37061017E-01     -9.80E-05
  CUY S5                4.00750572E-01     -6.57E-05
  CUY S6                2.64536406E-01     -9.27E-05
  CUY S7               -2.33862691E-01     -1.16E-04
  CUY S8               -1.05365492E+00     -1.78E-05
  CUY S9               -4.02722618E-01     -2.76E-05
  CUY S10               5.01985251E-01     -1.56E-04
  CUY S11              -2.04251438E-01     -2.55E-04
  CUY S12               9.18118418E-01     -5.21E-05
  CUY S13               1.26986188E+00      1.98E-05
  A   S2               -3.23205322E-02      6.12E-06
  A   S3               -1.01572589E-01     -4.72E-06
  A   S4               -5.19380597E-02      7.74E-06
  A   S5               -2.09933646E-02     -2.91E-06
  A   S6               -3.39310772E-02      1.88E-06
  A   S7                4.11796996E-03     -1.73E-06
  A   S8                2.38345521E-01      3.86E-06
  A   S9                5.73509601E-02     -6.51E-07
  A   S10              -9.67589489E-03     -3.32E-07
  A   S11               4.39543443E-02     -4.75E-07
  A   S12              -4.65162498E-02      7.44E-09
  A   S13              -6.14602197E-02      5.00E-06
  THI S1                1.00000000E-03      0.00E+00
  THI S3                1.40721028E-01     -4.85E-05
  THI S5                1.67163837E-01     -2.12E-05
  THI S7                4.94273704E-01      1.45E-06
  THI S9                4.59462313E-02      1.58E-06
  THI S11               1.14835002E-01      1.27E-05
  THI S13               8.80030854E-01      7.67E-05
  THI S15               4.68045312E-01      7.67E-05
  
        EFL          REDU         PIM          OAL         EN PUP       EX PUP
      3.950311     0.000000     0.343366     6.002971     0.000000    -4.495440
  
  Active Constraints -   2:    target        value         diff        cost
  EFL                    =   3.95031E+00   3.95031E+00   7.331E-12   2.039E-03
  Mn CT S1                                                          -7.520E-04
  
  Weighted Constraints:        target        value        WTC/PTC     contrib
  @ATELIER_LATCOLOR      =   0.00000E+00   1.76566E-01   1.000E-02   3.118E+00
  @ATELIER_RMSSPOT       =   0.00000E+00   1.15140E+01   1.000E-03   1.326E+02
  
  Constraints added:      Mn ET S13 (>)
  Constraints released:   Mn ET S13 (>)
  
 CYCLE NUMBER 24:
  
  ABERR F. =        0.21465127
  CONST F. =      135.42106755
  ERR. F.  =      135.63571882       (change =       -0.26775274)
  
  OPD     0.22067110     0.17606295     0.19035595
  WAV     0.23335273     0.24478173     0.21482581
  
  
  
  Parameter                 Value            Change
  CUY S2                2.80487602E-01      2.42E-06
  CUY S3                3.44723142E-01      5.67E-06
  CUY S4                5.37093467E-01      3.25E-05
  CUY S5                4.00788016E-01      3.74E-05
  CUY S6                2.64597037E-01      6.06E-05
  CUY S7               -2.33806266E-01      5.64E-05
  CUY S8               -1.05365720E+00     -2.28E-06
  CUY S9               -4.02736756E-01     -1.41E-05
  CUY S10               5.02016377E-01      3.11E-05
  CUY S11              -2.04312423E-01     -6.10E-05
  CUY S12               9.17999076E-01     -1.19E-04
  CUY S13               1.26988594E+00      2.41E-05
  A   S2               -3.23222519E-02     -1.72E-06
  A   S3               -1.01565503E-01      7.09E-06
  A   S4               -5.19473554E-02     -9.30E-06
  A   S5               -2.09883292E-02      5.04E-06
  A   S6               -3.39338573E-02     -2.78E-06
  A   S7                4.11986975E-03      1.90E-06
  A   S8                2.38340772E-01     -4.75E-06
  A   S9                5.73515046E-02      5.44E-07
  A   S10              -9.67590162E-03     -6.73E-09
  A   S11               4.39540215E-02     -3.23E-07
  A   S12              -4.65162165E-02      3.33E-08
  A   S13              -6.14574135E-02      2.81E-06
  THI S1                1.00000000E-03      0.00E+00
  THI S3                1.40787213E-01      6.62E-05
  THI S5                1.67181938E-01      1.81E-05
  THI S7                4.94265309E-01     -8.39E-06
  THI S9                4.59429843E-02     -3.25E-06
  THI S11               1.14841371E-01      6.37E-06
  THI S13               8.80068522E-01      3.77E-05
  THI S15               4.68082981E-01      3.77E-05
  
        EFL          REDU         PIM          OAL         EN PUP       EX PUP
      3.950311     0.000000     0.343188     6.003087     0.000000    -4.495148
  
  Active Constraints -   2:    target        value         diff        cost
  EFL                    =   3.95031E+00   3.95031E+00   3.228E-12   2.906E-03
  Mn CT S1                                                          -7.781E-04
  
  Weighted Constraints:        target        value        WTC/PTC     contrib
  @ATELIER_LATCOLOR      =   0.00000E+00   1.74848E-01   1.000E-02   3.057E+00
  @ATELIER_RMSSPOT       =   0.00000E+00   1.15050E+01   1.000E-03   1.324E+02
  
 CYCLE NUMBER 25:
  
  ABERR F. =        0.21487798
  CONST F. =      134.94062353
  ERR. F.  =      135.15550151       (change =       -0.48021731)
  
  OPD     0.22391470     0.17167745     0.18934157
  WAV     0.23620384     0.24419457     0.21482755
  
  
  
  Parameter                 Value            Change
  CUY S2                2.80447197E-01     -4.04E-05
  CUY S3                3.44673897E-01     -4.92E-05
  CUY S4                5.37019365E-01     -7.41E-05
  CUY S5                4.00734361E-01     -5.37E-05
  CUY S6                2.64525879E-01     -7.12E-05
  CUY S7               -2.33892158E-01     -8.59E-05
  CUY S8               -1.05366649E+00     -9.29E-06
  CUY S9               -4.02752069E-01     -1.53E-05
  CUY S10               5.01907148E-01     -1.09E-04
  CUY S11              -2.04491220E-01     -1.79E-04
  CUY S12               9.17975270E-01     -2.38E-05
  CUY S13               1.26990898E+00      2.30E-05
  A   S2               -3.23184675E-02      3.78E-06
  A   S3               -1.01569714E-01     -4.21E-06
  A   S4               -5.19448887E-02      2.47E-06
  A   S5               -2.09891395E-02     -8.10E-07
  A   S6               -3.39332200E-02      6.37E-07
  A   S7                4.11920701E-03     -6.63E-07
  A   S8                2.38341845E-01      1.07E-06
  A   S9                5.73512281E-02     -2.77E-07
  A   S10              -9.67603950E-03     -1.38E-07
  A   S11               4.39537426E-02     -2.79E-07
  A   S12              -4.65162055E-02      1.09E-08
  A   S13              -6.14539620E-02      3.45E-06
  THI S1                1.00000000E-03      0.00E+00
  THI S3                1.40742526E-01     -4.47E-05
  THI S5                1.67171307E-01     -1.06E-05
  THI S7                4.94264585E-01     -7.24E-07
  THI S9                4.59431209E-02      1.37E-07
  THI S11               1.14848235E-01      6.86E-06
  THI S13               8.80111082E-01      4.26E-05
  THI S15               4.68125541E-01      4.26E-05
  
        EFL          REDU         PIM          OAL         EN PUP       EX PUP
      3.950311     0.000000     0.343419     6.003081     0.000000    -4.495735
  
  Active Constraints -   2:    target        value         diff        cost
  EFL                    =   3.95031E+00   3.95031E+00  -4.135E-11   2.171E-03
  Mn CT S1                                                          -7.634E-04
  
  Weighted Constraints:        target        value        WTC/PTC     contrib
  @ATELIER_LATCOLOR      =   0.00000E+00   1.75499E-01   1.000E-02   3.080E+00
  @ATELIER_RMSSPOT       =   0.00000E+00   1.14831E+01   1.000E-03   1.319E+02
  
     Normal AUTO Completion - Maximum cycle limit reached
AUT> GO
 
 
CODE V> BUF PUT B1 I^row J1 "schema"
      Created new worksheet B1.
CODE V> BUF PUT B1 I^row J2 "atelier-codev-target-v1"
CODE V> BUF PUT B1 I^row J1 "status"
CODE V> BUF PUT B1 I^row J2 "ok"
CODE V> BUF PUT B1 I^row J1 "mode"
CODE V> BUF PUT B1 I^row J2 "target"
CODE V> BUF PUT B1 I^row J1 "stage"
CODE V> BUF PUT B1 I^row J2 "A"
CODE V> BUF PUT B1 I^row J1 "source_zmx"
CODE V> BUF PUT B1 I^row J2 "US8908290B1.zmx"
CODE V> BUF PUT B1 I^row J1 "num_fields"
CODE V> BUF PUT B1 I^row J2 ^numf_out
CODE V> BUF PUT B1 I^row J1 "vignetting_edge"
CODE V> BUF PUT B1 I^row J2 0
CODE V> BUF PUT B1 I^row J1 "target.efl_mm"
CODE V> BUF PUT B1 I^row J2 ^target_efl
CODE V> BUF PUT B1 I^row J1 "target.f_number"
CODE V> BUF PUT B1 I^row J2 2.25848456357149
CODE V> BUF PUT B1 I^row J1 "seed_baseline.efl_y_mm"
CODE V> BUF PUT B1 I^row J2 ^seed_baseline_efl_y_mm
CODE V> BUF PUT B1 I^row J1 "seed_baseline.max_lateral_color_um"
CODE V> BUF PUT B1 I^row J2 ^seed_baseline_max_lateral_color_um
CODE V> BUF PUT B1 I^row J1 "seed_baseline.max_rms_spot_diameter_um"
CODE V> BUF PUT B1 I^row J2 ^seed_baseline_max_rms_spot_diameter_um
CODE V> BUF PUT B1 I^row J1 "seed_baseline.max_rms_wavefront_error_waves"
CODE V> BUF PUT B1 I^row J2 ^seed_baseline_max_rms_wavefront_error_waves
CODE V> BUF PUT B1 I^row J1 "seed_baseline.max_distortion_pct"
CODE V> BUF PUT B1 I^row J2 ^seed_baseline_max_distortion_pct
CODE V> BUF PUT B1 I^row J1 "seed_baseline.fno"
CODE V> BUF PUT B1 I^row J2 ^seed_baseline_fno
CODE V> BUF PUT B1 I^row J1 "seed_baseline.epd_mm"
CODE V> BUF PUT B1 I^row J2 ^seed_baseline_epd
CODE V> BUF PUT B1 I^row J1 "seed_baseline.maximh_mm"
CODE V> BUF PUT B1 I^row J2 ^seed_baseline_maximh
CODE V> BUF PUT B1 I^row J1 "config_pre_aut.efl_y_mm"
CODE V> BUF PUT B1 I^row J2 ^config_pre_aut_efl_y_mm
CODE V> BUF PUT B1 I^row J1 "config_pre_aut.max_lateral_color_um"
CODE V> BUF PUT B1 I^row J2 ^config_pre_aut_max_lateral_color_um
CODE V> BUF PUT B1 I^row J1 "config_pre_aut.max_rms_spot_diameter_um"
CODE V> BUF PUT B1 I^row J2 ^config_pre_aut_max_rms_spot_diameter_um
CODE V> BUF PUT B1 I^row J1 "config_pre_aut.max_rms_wavefront_error_waves"
CODE V> BUF PUT B1 I^row J2 ^config_pre_aut_max_rms_wavefront_error_waves
CODE V> BUF PUT B1 I^row J1 "config_pre_aut.max_distortion_pct"
CODE V> BUF PUT B1 I^row J2 ^config_pre_aut_max_distortion_pct
CODE V> BUF PUT B1 I^row J1 "config_pre_aut.fno"
CODE V> BUF PUT B1 I^row J2 ^config_pre_aut_fno
CODE V> BUF PUT B1 I^row J1 "config_pre_aut.epd_mm"
CODE V> BUF PUT B1 I^row J2 ^config_pre_aut_epd
CODE V> BUF PUT B1 I^row J1 "config_pre_aut.maximh_mm"
CODE V> BUF PUT B1 I^row J2 ^config_pre_aut_maximh
CODE V> BUF PUT B1 I^row J1 "post_aut.efl_y_mm"
CODE V> BUF PUT B1 I^row J2 ^post_aut_efl_y_mm
CODE V> BUF PUT B1 I^row J1 "post_aut.max_lateral_color_um"
CODE V> BUF PUT B1 I^row J2 ^post_aut_max_lateral_color_um
CODE V> BUF PUT B1 I^row J1 "post_aut.max_rms_spot_diameter_um"
CODE V> BUF PUT B1 I^row J2 ^post_aut_max_rms_spot_diameter_um
CODE V> BUF PUT B1 I^row J1 "post_aut.max_rms_wavefront_error_waves"
CODE V> BUF PUT B1 I^row J2 ^post_aut_max_rms_wavefront_error_waves
CODE V> BUF PUT B1 I^row J1 "post_aut.max_distortion_pct"
CODE V> BUF PUT B1 I^row J2 ^post_aut_max_distortion_pct
CODE V> BUF PUT B1 I^row J1 "post_aut.fno"
CODE V> BUF PUT B1 I^row J2 ^post_aut_fno
CODE V> BUF PUT B1 I^row J1 "post_aut.epd_mm"
CODE V> BUF PUT B1 I^row J2 ^post_aut_epd
CODE V> BUF PUT B1 I^row J1 "post_aut.maximh_mm"
CODE V> BUF PUT B1 I^row J2 ^post_aut_maximh
CODE V> BUF PUT B1 I^row J1 "efl_target_deviation_pct"
CODE V> BUF PUT B1 I^row J2 ^efl_target_dev_pct
CODE V> BUF PUT B1 I^row J1 "aut_converged"
CODE V> BUF PUT B1 I^row J2 ^aut_converged
CODE V> BUF EXP B1 "D:\atelier-wt-c\.planning\loop\p15-stageb-evidence\fno-matrix-2026-07-11\US8908290B1_loosen\rung2_fno0226\atelier_codev_target_A_vig0000.tsv"
     Buffer B1 exported to file atelier_codev_target_A_vig0000.tsv
CODE V> BUF DEL B1
CODE V> OUT YES
CODE V> EXI YES
     EXI                                                                              11-Jul-26  14H  2M 29S
                                                 CODE V PC  Version: 11.5             CPU clock:  0H  0M 13S
