  
  
                                   Welcome to
  
                                   C O D E   V
  
                                PC  Version 11.5
                                   Build 27302701
  
                                   11-Jul-2026
  
                            A proprietary product of
  
                              SYNOPSYS, INC
                              Pasadena, California
  
CODE V> OUT NO
     Radius input/output mode
  
    Lens data created by Zemax version 210628
  
    Zemax command MODE ignored
    Zemax command AUTH ignored
    ZEMAX NOTE 0 table5
    Zemax command PFIL ignored
    Zemax command LANG ignored
     WARNING - Glass catalog list not used.
     WARNING - Ray aiming not used.
     WARNING - Pupil shift for ray aiming not used.
    Zemax command SDMA ignored
    Zemax command OMMA ignored
    Zemax command HYPR ignored
     WARNING - Vignetting angles not used.
    Zemax command XAIM ignored
    Zemax command YAIM ignored
    Zemax command ZAIM ignored
    Zemax command FCOM ignored
    Zemax command FCOM ignored
    Zemax command POLS ignored
    Zemax command GLRS ignored
    Zemax command GSTD ignored
    Zemax command NSCD ignored
    Zemax command COFN ignored
    Zemax command COFN ignored
    Zemax command LUID ignored
  
     Surface pointer = OBJ
    Zemax command SSID ignored.
    Zemax surface type  STANDARD
    CODE V surface type SPH
    Zemax command FIMP ignored.
     WARNING - Hiding of rays not used.
    Zemax command MIRR ignored.
    Zemax command SLAB ignored.
    Zemax command MEMA ignored.
    Zemax command POPS ignored.
  
     Surface pointer = 1
    Zemax command SSID ignored.
    Zemax surface type  STANDARD
    CODE V surface type SPH
    Zemax command FIMP ignored.
     WARNING - Hiding of rays not used.
    Zemax command MIRR ignored.
    Zemax command SLAB ignored.
    Zemax command MEMA ignored.
    Zemax command POPS ignored.
  
     Surface pointer = 2
    Zemax command SSID ignored.
    Zemax surface type  EVENASPH
    CODE V surface type ASP
    Zemax command FIMP ignored.
     WARNING - Hiding of rays not used.
    Zemax command MIRR ignored.
    Zemax command SLAB ignored.
     WARNING - Partial dispersion of model glass not used.
    Zemax command MEMA ignored.
    Zemax command POPS ignored.
  
     Surface pointer = 3
    Zemax command SSID ignored.
    Zemax surface type  EVENASPH
    CODE V surface type ASP
    Zemax command FIMP ignored.
     WARNING - Hiding of rays not used.
    Zemax command MIRR ignored.
    Zemax command SLAB ignored.
    Zemax command MEMA ignored.
    Zemax command POPS ignored.
  
     Surface pointer = 4
    Zemax command SSID ignored.
    Zemax surface type  EVENASPH
    CODE V surface type ASP
    Zemax command FIMP ignored.
     WARNING - Hiding of rays not used.
    Zemax command MIRR ignored.
    Zemax command SLAB ignored.
     WARNING - Partial dispersion of model glass not used.
    Zemax command MEMA ignored.
    Zemax command POPS ignored.
  
     Surface pointer = 5
    Zemax command SSID ignored.
    Zemax surface type  EVENASPH
    CODE V surface type ASP
    Zemax command FIMP ignored.
     WARNING - Hiding of rays not used.
    Zemax command MIRR ignored.
    Zemax command SLAB ignored.
    Zemax command MEMA ignored.
    Zemax command POPS ignored.
  
     Surface pointer = 6
    Zemax command SSID ignored.
    Zemax surface type  EVENASPH
    CODE V surface type ASP
    Zemax command FIMP ignored.
     WARNING - Hiding of rays not used.
    Zemax command MIRR ignored.
    Zemax command SLAB ignored.
     WARNING - Partial dispersion of model glass not used.
    Zemax command MEMA ignored.
    Zemax command POPS ignored.
  
     Surface pointer = 7
    Zemax command SSID ignored.
    Zemax surface type  EVENASPH
    CODE V surface type ASP
    Zemax command FIMP ignored.
     WARNING - Hiding of rays not used.
    Zemax command MIRR ignored.
    Zemax command SLAB ignored.
    Zemax command MEMA ignored.
    Zemax command POPS ignored.
  
     Surface pointer = 8
    Zemax command SSID ignored.
    Zemax surface type  EVENASPH
    CODE V surface type ASP
    Zemax command FIMP ignored.
     WARNING - Hiding of rays not used.
    Zemax command MIRR ignored.
    Zemax command SLAB ignored.
     WARNING - Partial dispersion of model glass not used.
    Zemax command MEMA ignored.
    Zemax command POPS ignored.
  
     Surface pointer = 9
    Zemax command SSID ignored.
    Zemax surface type  EVENASPH
    CODE V surface type ASP
    Zemax command FIMP ignored.
     WARNING - Hiding of rays not used.
    Zemax command MIRR ignored.
    Zemax command SLAB ignored.
    Zemax command MEMA ignored.
    Zemax command POPS ignored.
  
     Surface pointer = 10
    Zemax command SSID ignored.
    Zemax surface type  EVENASPH
    CODE V surface type ASP
    Zemax command FIMP ignored.
     WARNING - Hiding of rays not used.
    Zemax command MIRR ignored.
    Zemax command SLAB ignored.
     WARNING - Partial dispersion of model glass not used.
    Zemax command MEMA ignored.
    Zemax command POPS ignored.
  
     Surface pointer = 11
    Zemax command SSID ignored.
    Zemax surface type  EVENASPH
    CODE V surface type ASP
    Zemax command FIMP ignored.
     WARNING - Hiding of rays not used.
    Zemax command MIRR ignored.
    Zemax command SLAB ignored.
    Zemax command MEMA ignored.
    Zemax command POPS ignored.
  
     Surface pointer = 12
    Zemax command SSID ignored.
    Zemax surface type  EVENASPH
    CODE V surface type ASP
    Zemax command FIMP ignored.
     WARNING - Hiding of rays not used.
    Zemax command MIRR ignored.
    Zemax command SLAB ignored.
     WARNING - Partial dispersion of model glass not used.
    Zemax command MEMA ignored.
    Zemax command POPS ignored.
  
     Surface pointer = 13
    Zemax command SSID ignored.
    Zemax surface type  EVENASPH
    CODE V surface type ASP
    Zemax command FIMP ignored.
     WARNING - Hiding of rays not used.
    Zemax command MIRR ignored.
    Zemax command SLAB ignored.
    Zemax command MEMA ignored.
    Zemax command POPS ignored.
  
     Surface pointer = 14
    Zemax command SSID ignored.
    Zemax surface type  STANDARD
    CODE V surface type SPH
    Zemax command FIMP ignored.
     WARNING - Hiding of rays not used.
    Zemax command MIRR ignored.
    Zemax command SLAB ignored.
     WARNING - Partial dispersion of model glass not used.
    Zemax command MEMA ignored.
    Zemax command POPS ignored.
  
     Surface pointer = 15
    Zemax command SSID ignored.
    Zemax surface type  STANDARD
    CODE V surface type SPH
    Zemax command FIMP ignored.
     WARNING - Hiding of rays not used.
    Zemax command MIRR ignored.
    Zemax command SLAB ignored.
    Zemax command MEMA ignored.
    Zemax command POPS ignored.
  
     Surface pointer = IMG
    Zemax command SSID ignored.
    Zemax surface type  STANDARD
    CODE V surface type SPH
    Zemax command FIMP ignored.
     WARNING - Hiding of rays not used.
    Zemax command MIRR ignored.
    Zemax command SLAB ignored.
    Zemax command MEMA ignored.
    Zemax command POPS ignored.
  
     WARNING - Please check the converted lens carefully.
               Some information will not be converted.
               Changes in either CODE V or ZEMAX may invalidate
               the converted information.
               Due to differences between CODE V and ZEMAX ray
               aiming and vignetting factors, it is recommended
               that you set vignetting for the converted system.
  
               A concise listing of conversion warnings appears
               in the Tabbed Output Window 'Info' tab and in the
               Command Window.
  
CODE V> DEF VAR SA
 
 
CODE V> FNO 2.4
 
 
CODE V> AUT
     AUT                                                                              11-Jul-26  14H  2M 36S
                                                 CODE V PC  Version: 11.5             CPU clock:  0H  0M  0S
     ***Defocussing frozen to eliminate redundant variable
AUT>   SUR N
AUT>   CHG SA
AUT>   WFR Y
AUT>   WTF FA 10
AUT>   EFL = 3.95031061876715
AUT>   @atelier_latcolor == @lcum(1)
AUT>   @atelier_latcolor = 0
AUT>   WTC 0.01
AUT>   @atelier_rmsspot == @rmssum(1)
AUT>   @atelier_rmsspot = 0
AUT>   WTC 0.001
AUT>   MNT 0.025
AUT>   MNE 0.025
AUT>   MXT 10
AUT>   MNA 0.001
AUT>   MXC 25
AUT>   MNC 3
AUT>   IMP 0.001
AUT> GO
 -------------------------------------------------------------------------------
  
       USER CONSTRAINT DEFINITIONS
            @atelier_rmsspot == @rmssum(1)
  
            @atelier_latcolor == @lcum(1)
  
  
  
       POTENTIALLY ACTIVE SPECIFIC CONSTRAINTS
         EFL                                  =       3.950311
         @ATELIER_LATCOLOR                    =       0.000000     (WTC =    0.01000)
         @ATELIER_RMSSPOT                     =       0.000000     (WTC =    0.00100)
  
       GENERAL CONSTRAINTS
         MXT      10.000000
         MNT       0.025000
         MNE       0.025000
         MNA       0.001000
         MAE       0.002500
         GLA               NFK5  NSK16  NLAF2  SF4
  
       ERROR FUNCTION CONSTRUCTION
         WFR        Y
         WTW       1          1          1
         WTA       0.000000
         DEL       0.220000
         WTX F1   10.000000
         WTX F2   10.000000
         WTX F3   10.000000
         WTY F1   10.000000
         WTY F2   10.000000
         WTY F3   10.000000
  
       CONVERGENCE CONTROLS
         MXC        25
         MNC         3
         TAR       0.000000
         IMP       0.001000
  
       OUTPUT CONTROLS
         SUR NO
         CHG S0..16
  
     Recommendations for most stable convergence:
  
       Use object space aperture specifications:
       - NAO for finite conjugate systems
       - EPD for infinite conjugate systems
  
       VARIABLE LIST
  
         NO      PARAMETERS *
          1      CUY S2       CUY S3       CUY S4       CUY S5       CUY S6       CUY S7
          2      CUY S3       CUY S4
          3      CUY S4       CUY S5       CUY S6       CUY S7
          4      CUY S5       CUY S6
          5      CUY S6       CUY S7
          6      CUY S7       CUY S8
          7      CUY S8       CUY S9
          8      CUY S9       CUY S10
          9      CUY S10       CUY S11
         10      CUY S11       CUY S12
         11      CUY S12       CUY S13
         12      CUY S13
         13      A   S2
         14      A   S3
         15      A   S4
         16      A   S5
         17      A   S6
         18      A   S7
         19      A   S8
         20      A   S9
         21      A   S10
         22      A   S11
         23      A   S12
         24      A   S13
         25      THI S1
         26      THI S3
         27      THI S5
         28      THI S7
         29      THI S9
         30      THI S11
         31      THI S13
         32      THI S15
  
     * Multiple entries on a line are composite variables.
     Composite variables are either program-generated bendings
     or user-requested couplings.
  
      32 VARIABLES
  
      32 CONSTRAINTS CAN BE ACTIVE
  
     RELATIVE TIME PER CYCLE IS  267.8 UNITS
     WARNING - The macro function SPOTDATA is not supported on multiple threads.
               CODE V will set the multiple processor setting (MPP) to 1 to prevent errors.
               Please refer to the CODE V Setup and Operation Reference Manual for a complete list
               of pre-defined macro functions that are currently limited to running on a single thread.
  
 CYCLE NUMBER 0:
  
  ABERR F. =        0.50661283
  CONST F. =     1335.76104073
  ERR. F.  =     1336.26765357
  
  OPD     0.49721386     0.44792127     0.48164611
  WAV     0.51236188     0.58723992     0.50272846
  
  
  
  Parameter                 Value            Change
  CUY S2                2.86779467E-01      0.00E+00
  CUY S3                3.39097999E-01      0.00E+00
  CUY S4                5.35045479E-01      0.00E+00
  CUY S5                4.17188152E-01      0.00E+00
  CUY S6                2.69832704E-01      0.00E+00
  CUY S7               -2.26398008E-01      0.00E+00
  CUY S8               -1.07758621E+00      0.00E+00
  CUY S9               -4.46827525E-01      0.00E+00
  CUY S10               4.91159136E-01      0.00E+00
  CUY S11              -2.29779412E-01      0.00E+00
  CUY S12               7.27272727E-01      0.00E+00
  CUY S13               1.05263158E+00      0.00E+00
  A   S2               -3.19920000E-02      0.00E+00
  A   S3               -1.02200000E-01      0.00E+00
  A   S4               -5.50540000E-02      0.00E+00
  A   S5               -2.35400000E-02      0.00E+00
  A   S6               -3.39600000E-02      0.00E+00
  A   S7                3.57620000E-03      0.00E+00
  A   S8                2.39310000E-01      0.00E+00
  A   S9                5.80790000E-02      0.00E+00
  A   S10              -8.97320000E-03      0.00E+00
  A   S11               4.48830000E-02      0.00E+00
  A   S12              -4.97410000E-02      0.00E+00
  A   S13              -6.33600000E-02      0.00E+00
  THI S1               -7.00000000E-02      0.00E+00
  THI S3                1.47000000E-01      0.00E+00
  THI S5                1.76000000E-01      0.00E+00
  THI S7                4.86000000E-01      0.00E+00
  THI S9                5.00000000E-02      0.00E+00
  THI S11               9.90000000E-02      0.00E+00
  THI S13               8.00000000E-01      0.00E+00
  THI S15               4.35000000E-01      0.00E+00
  
        EFL          REDU         PIM          OAL         EN PUP       EX PUP
      3.952029     0.000000     0.463432     5.847000     0.000000    -4.568638
  
  Specific Constraints:        target        value         diff      active (**)
  EFL                    =   3.95031E+00   3.95203E+00   1.718E-03    **
  
  Weighted Constraints:        target        value        WTC/PTC     contrib
  @ATELIER_LATCOLOR      =   0.00000E+00   2.02488E+00   1.000E-02   4.100E+02
  @ATELIER_RMSSPOT       =   0.00000E+00   3.04261E+01   1.000E-03   9.257E+02
  
  Constraints added:      EFL (=)                     Mn CT S1 (>)
  
 CYCLE NUMBER 1:
  
  ABERR F. =        0.63449056
  CONST F. =     1312.86305281
  ERR. F.  =     1313.49754337       (change =      -22.77011020)
  
  OPD     0.71085020     0.39144238     0.67649509
  WAV     0.73825413     0.50343976     0.70768501
  
  
  
  Parameter                 Value            Change
  CUY S2                2.87641197E-01      8.62E-04
  CUY S3                3.44679378E-01      5.58E-03
  CUY S4                5.41206734E-01      6.16E-03
  CUY S5                4.11792693E-01     -5.40E-03
  CUY S6                2.65053992E-01     -4.78E-03
  CUY S7               -2.27498861E-01     -1.10E-03
  CUY S8               -1.08243578E+00     -4.85E-03
  CUY S9               -4.49460319E-01     -2.63E-03
  CUY S10               4.94113159E-01      2.95E-03
  CUY S11              -2.21386931E-01      8.39E-03
  CUY S12               7.53248624E-01      2.60E-02
  CUY S13               1.08500213E+00      3.24E-02
  A   S2               -3.17167328E-02      2.75E-04
  A   S3               -1.02371177E-01     -1.71E-04
  A   S4               -5.52179083E-02     -1.64E-04
  A   S5               -2.36296453E-02     -8.96E-05
  A   S6               -3.40570996E-02     -9.71E-05
  A   S7                3.52628338E-03     -4.99E-05
  A   S8                2.39269895E-01     -4.01E-05
  A   S9                5.80604624E-02     -1.85E-05
  A   S10              -9.09974284E-03     -1.27E-04
  A   S11               4.48783922E-02     -4.61E-06
  A   S12              -4.98384671E-02     -9.75E-05
  A   S13              -6.33617758E-02     -1.78E-06
  THI S1                1.00000000E-03      7.10E-02
  THI S3                1.45832744E-01     -1.17E-03
  THI S5                1.75476672E-01     -5.23E-04
  THI S7                4.83091394E-01     -2.91E-03
  THI S9                4.84784231E-02     -1.52E-03
  THI S11               9.79384565E-02     -1.06E-03
  THI S13               7.98788946E-01     -1.21E-03
  THI S15               4.34053407E-01     -9.47E-04
  
        EFL          REDU         PIM          OAL         EN PUP       EX PUP
      3.950310     0.000000     0.454761     5.909607     0.000000    -4.604576
  
  Active Constraints -   2:    target        value         diff        cost
  EFL                    =   3.95031E+00   3.95031E+00  -2.176E-07   1.395E-02
  Mn CT S1                                                          -1.173E+01
  
  Weighted Constraints:        target        value        WTC/PTC     contrib
  @ATELIER_LATCOLOR      =   0.00000E+00   2.18417E+00   1.000E-02   4.771E+02
  @ATELIER_RMSSPOT       =   0.00000E+00   2.89103E+01   1.000E-03   8.358E+02
  
 CYCLE NUMBER 2:
  
  ABERR F. =        0.54654602
  CONST F. =      953.69308313
  ERR. F.  =      954.23962915       (change =     -359.25791422)
  
  OPD     0.56441518     0.27300055     0.65032247
  WAV     0.58575593     0.41390946     0.67958158
  
  
  
  Parameter                 Value            Change
  CUY S2                2.87785895E-01      1.45E-04
  CUY S3                3.44682053E-01      2.68E-06
  CUY S4                5.39964800E-01     -1.24E-03
  CUY S5                4.11329691E-01     -4.63E-04
  CUY S6                2.63935245E-01     -1.12E-03
  CUY S7               -2.29418586E-01     -1.92E-03
  CUY S8               -1.08323669E+00     -8.01E-04
  CUY S9               -4.50358868E-01     -8.99E-04
  CUY S10               4.97500376E-01      3.39E-03
  CUY S11              -2.16512389E-01      4.87E-03
  CUY S12               7.62612068E-01      9.36E-03
  CUY S13               1.09978366E+00      1.48E-02
  A   S2               -3.16855659E-02      3.12E-05
  A   S3               -1.02403567E-01     -3.24E-05
  A   S4               -5.51922688E-02      2.56E-05
  A   S5               -2.36481300E-02     -1.85E-05
  A   S6               -3.40356000E-02      2.15E-05
  A   S7                3.49534437E-03     -3.09E-05
  A   S8                2.39286478E-01      1.66E-05
  A   S9                5.80488759E-02     -1.16E-05
  A   S10              -9.17694342E-03     -7.72E-05
  A   S11               4.50231102E-02      1.45E-04
  A   S12              -4.97970392E-02      4.14E-05
  A   S13              -6.33642000E-02     -2.42E-06
  THI S1                1.00000000E-03     -2.88E-17
  THI S3                1.45680464E-01     -1.52E-04
  THI S5                1.75300051E-01     -1.77E-04
  THI S7                4.83294805E-01      2.03E-04
  THI S9                4.89723001E-02      4.94E-04
  THI S11               1.00509465E-01      2.57E-03
  THI S13               8.02302144E-01      3.51E-03
  THI S15               4.37566656E-01      3.51E-03
  
        EFL          REDU         PIM          OAL         EN PUP       EX PUP
      3.950139     0.000000     0.443732     5.916059     0.000000    -4.564747
  
  Active Constraints -   2:    target        value         diff        cost
  EFL                    =   3.95031E+00   3.95014E+00  -1.719E-04   1.085E-03
  Mn CT S1                                                          -3.235E-03
  
  Weighted Constraints:        target        value        WTC/PTC     contrib
  @ATELIER_LATCOLOR      =   0.00000E+00   1.84235E+00   1.000E-02   3.394E+02
  @ATELIER_RMSSPOT       =   0.00000E+00   2.47844E+01   1.000E-03   6.143E+02
  
 CYCLE NUMBER 3:
  
  ABERR F. =        0.20441325
  CONST F. =      509.89976853
  ERR. F.  =      510.10418178       (change =     -444.13544737)
  
  OPD     0.09981863     0.23365100     0.16556437
  WAV     0.11475732     0.33608391     0.18060708
  
  
  
  Parameter                 Value            Change
  CUY S2                2.87039839E-01     -7.46E-04
  CUY S3                3.34725514E-01     -9.96E-03
  CUY S4                5.31276925E-01     -8.69E-03
  CUY S5                4.11066484E-01     -2.63E-04
  CUY S6                2.64899727E-01      9.64E-04
  CUY S7               -2.30644629E-01     -1.23E-03
  CUY S8               -1.08116287E+00      2.07E-03
  CUY S9               -4.43315359E-01      7.04E-03
  CUY S10               4.84382105E-01     -1.31E-02
  CUY S11              -2.05009108E-01      1.15E-02
  CUY S12               8.81313534E-01      1.19E-01
  CUY S13               1.23019245E+00      1.30E-01
  A   S2               -3.39915894E-02     -2.31E-03
  A   S3               -1.02120152E-01      2.83E-04
  A   S4               -5.45934385E-02      5.99E-04
  A   S5               -2.35390611E-02      1.09E-04
  A   S6               -3.40944302E-02     -5.88E-05
  A   S7                3.10780162E-03     -3.88E-04
  A   S8                2.39574733E-01      2.88E-04
  A   S9                5.78073542E-02     -2.42E-04
  A   S10              -9.76424411E-03     -5.87E-04
  A   S11               4.47482243E-02     -2.75E-04
  A   S12              -4.86098198E-02      1.19E-03
  A   S13              -6.19077072E-02      1.46E-03
  THI S1                1.00000000E-03     -2.34E-17
  THI S3                1.56389114E-01      1.07E-02
  THI S5                1.71823761E-01     -3.48E-03
  THI S7                4.77436603E-01     -5.86E-03
  THI S9                2.71957154E-02     -2.18E-02
  THI S11               1.37172598E-01      3.67E-02
  THI S13               8.18924721E-01      1.66E-02
  THI S15               4.54189227E-01      1.66E-02
  
        EFL          REDU         PIM          OAL         EN PUP       EX PUP
      3.946326     0.000000     0.387566     5.948943     0.000000    -4.425811
  
  Active Constraints -   2:    target        value         diff        cost
  EFL                    =   3.95031E+00   3.94633E+00  -3.985E-03   1.235E-07
  Mn CT S1                                                          -2.355E-07
  
  Weighted Constraints:        target        value        WTC/PTC     contrib
  @ATELIER_LATCOLOR      =   0.00000E+00   1.37703E+00   1.000E-02   1.896E+02
  @ATELIER_RMSSPOT       =   0.00000E+00   1.78963E+01   1.000E-03   3.203E+02
  
 CYCLE NUMBER 4:
  
  ABERR F. =        0.25698107
  CONST F. =      448.92062351
  ERR. F.  =      449.17760458       (change =      -60.92657720)
  
  OPD     0.22178104     0.27811947     0.21167447
  WAV     0.24870250     0.33224632     0.22945961
  
  
  
  Parameter                 Value            Change
  CUY S2                2.90310304E-01      3.27E-03
  CUY S3                3.38121595E-01      3.40E-03
  CUY S4                5.34984897E-01      3.71E-03
  CUY S5                4.14413384E-01      3.35E-03
  CUY S6                2.68458834E-01      3.56E-03
  CUY S7               -2.26762556E-01      3.88E-03
  CUY S8               -1.07986232E+00      1.30E-03
  CUY S9               -4.41606984E-01      1.71E-03
  CUY S10               4.85455572E-01      1.07E-03
  CUY S11              -2.03718276E-01      1.29E-03
  CUY S12               8.82890766E-01      1.58E-03
  CUY S13               1.23262673E+00      2.43E-03
  A   S2               -3.40609789E-02     -6.94E-05
  A   S3               -1.02067537E-01      5.26E-05
  A   S4               -5.46241857E-02     -3.07E-05
  A   S5               -2.35177106E-02      2.14E-05
  A   S6               -3.41143279E-02     -1.99E-05
  A   S7                3.13128640E-03      2.35E-05
  A   S8                2.39561738E-01     -1.30E-05
  A   S9                5.78174204E-02      1.01E-05
  A   S10              -9.73067635E-03      3.36E-05
  A   S11               4.47035425E-02     -4.47E-05
  A   S12              -4.85645232E-02      4.53E-05
  A   S13              -6.19286765E-02     -2.10E-05
  THI S1                1.00000000E-03      2.30E-17
  THI S3                1.56587386E-01      1.98E-04
  THI S5                1.71976069E-01      1.52E-04
  THI S7                4.76986051E-01     -4.51E-04
  THI S9                2.62517752E-02     -9.44E-04
  THI S11               1.33818247E-01     -3.35E-03
  THI S13               8.17521001E-01     -1.40E-03
  THI S15               4.52785507E-01     -1.40E-03
  
        EFL          REDU         PIM          OAL         EN PUP       EX PUP
      3.950310     0.000000     0.384412     5.943141     0.000000    -4.405153
  
  Active Constraints -   2:    target        value         diff        cost
  EFL                    =   3.95031E+00   3.95031E+00  -3.223E-07   2.259E-03
  Mn CT S1                                                          -1.047E-03
  
  Weighted Constraints:        target        value        WTC/PTC     contrib
  @ATELIER_LATCOLOR      =   0.00000E+00   1.30620E+00   1.000E-02   1.706E+02
  @ATELIER_RMSSPOT       =   0.00000E+00   1.66824E+01   1.000E-03   2.783E+02
  
 CYCLE NUMBER 5:
  
  ABERR F. =        0.39564896
  CONST F. =      309.54565017
  ERR. F.  =      309.94129914       (change =     -139.23630544)
  
  OPD     0.55041156     0.29467710     0.21864970
  WAV     0.57010433     0.34282101     0.24308078
  
  
  
  Parameter                 Value            Change
  CUY S2                2.89829686E-01     -4.81E-04
  CUY S3                3.43048309E-01      4.93E-03
  CUY S4                5.39487089E-01      4.50E-03
  CUY S5                4.14127034E-01     -2.86E-04
  CUY S6                2.67659901E-01     -7.99E-04
  CUY S7               -2.29116559E-01     -2.35E-03
  CUY S8               -1.07646804E+00      3.39E-03
  CUY S9               -4.34344190E-01      7.26E-03
  CUY S10               4.92494048E-01      7.04E-03
  CUY S11              -1.91958378E-01      1.18E-02
  CUY S12               9.24979847E-01      4.21E-02
  CUY S13               1.28110166E+00      4.85E-02
  A   S2               -3.39090186E-02      1.52E-04
  A   S3               -1.02212620E-01     -1.45E-04
  A   S4               -5.43354327E-02      2.89E-04
  A   S5               -2.37416928E-02     -2.24E-04
  A   S6               -3.38273520E-02      2.87E-04
  A   S7                2.76270712E-03     -3.69E-04
  A   S8                2.39680411E-01      1.19E-04
  A   S9                5.89094509E-02      1.09E-03
  A   S10              -9.69557889E-03      3.51E-05
  A   S11               4.46728239E-02     -3.07E-05
  A   S12              -4.86335944E-02     -6.91E-05
  A   S13              -6.18068497E-02      1.22E-04
  THI S1                1.00000000E-03      0.00E+00
  THI S3                1.55184036E-01     -1.40E-03
  THI S5                1.73771840E-01      1.80E-03
  THI S7                4.84385603E-01      7.40E-03
  THI S9                6.70656342E-02      4.08E-02
  THI S11               1.44094329E-01      1.03E-02
  THI S13               8.45734424E-01      2.82E-02
  THI S15               4.80998930E-01      2.82E-02
  
        EFL          REDU         PIM          OAL         EN PUP       EX PUP
      3.949450     0.000000     0.332651     6.030236     0.000000    -4.481438
  
  Active Constraints -   2:    target        value         diff        cost
  EFL                    =   3.95031E+00   3.94945E+00  -8.606E-04  -2.156E-04
  Mn CT S1                                                          -9.296E-05
  
  Weighted Constraints:        target        value        WTC/PTC     contrib
  @ATELIER_LATCOLOR      =   0.00000E+00   1.05241E+00   1.000E-02   1.108E+02
  @ATELIER_RMSSPOT       =   0.00000E+00   1.40993E+01   1.000E-03   1.988E+02
  
 CYCLE NUMBER 6:
  
  ABERR F. =        0.42452485
  CONST F. =      288.64897000
  ERR. F.  =      289.07349485       (change =      -20.86780429)
  
  OPD     0.62685897     0.24152629     0.22998408
  WAV     0.65106190     0.29385753     0.25867831
  
  
  
  Parameter                 Value            Change
  CUY S2                2.89317993E-01     -5.12E-04
  CUY S3                3.42411924E-01     -6.36E-04
  CUY S4                5.38427006E-01     -1.06E-03
  CUY S5                4.13319377E-01     -8.08E-04
  CUY S6                2.66269877E-01     -1.39E-03
  CUY S7               -2.30565685E-01     -1.45E-03
  CUY S8               -1.07646074E+00      7.31E-06
  CUY S9               -4.34655171E-01     -3.11E-04
  CUY S10               4.91412635E-01     -1.08E-03
  CUY S11              -1.93719720E-01     -1.76E-03
  CUY S12               9.27273774E-01      2.29E-03
  CUY S13               1.28577098E+00      4.67E-03
  A   S2               -3.38436919E-02      6.53E-05
  A   S3               -1.02266814E-01     -5.42E-05
  A   S4               -5.42742167E-02      6.12E-05
  A   S5               -2.36856082E-02      5.61E-05
  A   S6               -3.38889925E-02     -6.16E-05
  A   S7                2.84172151E-03      7.90E-05
  A   S8                2.39636420E-01     -4.40E-05
  A   S9                5.89008329E-02     -8.62E-06
  A   S10              -9.68798454E-03      7.59E-06
  A   S11               4.46557966E-02     -1.70E-05
  A   S12              -4.86157327E-02      1.79E-05
  A   S13              -6.18131069E-02     -6.26E-06
  THI S1                1.00000000E-03      6.51E-19
  THI S3                1.56341256E-01      1.16E-03
  THI S5                1.74376799E-01      6.05E-04
  THI S7                4.84811154E-01      4.26E-04
  THI S9                6.73297632E-02      2.64E-04
  THI S11               1.43959783E-01     -1.35E-04
  THI S13               8.47917924E-01      2.18E-03
  THI S15               4.83182430E-01      2.18E-03
  
        EFL          REDU         PIM          OAL         EN PUP       EX PUP
      3.950311     0.000000     0.333379     6.034737     0.000000    -4.486329
  
  Active Constraints -   2:    target        value         diff        cost
  EFL                    =   3.95031E+00   3.95031E+00  -2.655E-11  -6.395E-05
  Mn CT S1                                                          -9.692E-04
  
  Weighted Constraints:        target        value        WTC/PTC     contrib
  @ATELIER_LATCOLOR      =   0.00000E+00   9.56827E-01   1.000E-02   9.155E+01
  @ATELIER_RMSSPOT       =   0.00000E+00   1.40391E+01   1.000E-03   1.971E+02
  
 CYCLE NUMBER 7:
  
  ABERR F. =        0.23675482
  CONST F. =      287.83079489
  ERR. F.  =      288.06754972       (change =       -1.00594513)
  
  OPD     0.14993619     0.18316376     0.28953176
  WAV     0.15988379     0.26760394     0.31509353
  
  
  
  Parameter                 Value            Change
  CUY S2                2.83135666E-01     -6.18E-03
  CUY S3                3.36335338E-01     -6.08E-03
  CUY S4                5.31789615E-01     -6.64E-03
  CUY S5                4.03763407E-01     -9.56E-03
  CUY S6                2.53955977E-01     -1.23E-02
  CUY S7               -2.38528819E-01     -7.96E-03
  CUY S8               -1.07888834E+00     -2.43E-03
  CUY S9               -4.38684179E-01     -4.03E-03
  CUY S10               4.75460111E-01     -1.60E-02
  CUY S11              -2.09721170E-01     -1.60E-02
  CUY S12               9.40893972E-01      1.36E-02
  CUY S13               1.29617486E+00      1.04E-02
  A   S2               -3.41007825E-02     -2.57E-04
  A   S3               -1.01976316E-01      2.90E-04
  A   S4               -5.47268477E-02     -4.53E-04
  A   S5               -2.27866157E-02      8.99E-04
  A   S6               -3.45469317E-02     -6.58E-04
  A   S7                3.38964075E-03      5.48E-04
  A   S8                2.40529698E-01      8.93E-04
  A   S9                5.90523664E-02      1.52E-04
  A   S10              -1.01713780E-02     -4.83E-04
  A   S11               4.39439389E-02     -7.12E-04
  A   S12              -4.76629932E-02      9.53E-04
  A   S13              -6.18115147E-02      1.59E-06
  THI S1                1.00000000E-03     -3.23E-17
  THI S3                1.51707605E-01     -4.63E-03
  THI S5                1.66936311E-01     -7.44E-03
  THI S7                4.84337969E-01     -4.73E-04
  THI S9                7.17088024E-02      4.38E-03
  THI S11               1.43429986E-01     -5.30E-04
  THI S13               8.42712256E-01     -5.21E-03
  THI S15               4.77976762E-01     -5.21E-03
  
        EFL          REDU         PIM          OAL         EN PUP       EX PUP
      3.948311     0.000000     0.380193     6.020833     0.000000    -4.577624
  
  Active Constraints -   2:    target        value         diff        cost
  EFL                    =   3.95031E+00   3.94831E+00  -2.000E-03  -2.300E-05
  Mn CT S1                                                          -7.542E-07
  
  Weighted Constraints:        target        value        WTC/PTC     contrib
  @ATELIER_LATCOLOR      =   0.00000E+00   8.80630E-01   1.000E-02   7.755E+01
  @ATELIER_RMSSPOT       =   0.00000E+00   1.45010E+01   1.000E-03   2.103E+02
  
 CYCLE NUMBER 8:
  
  ABERR F. =        0.27705228
  CONST F. =      171.64850133
  ERR. F.  =      171.92555361       (change =     -116.14199611)
  
  OPD     0.27577099     0.20836696     0.30619945
  WAV     0.28620289     0.25316747     0.31830396
  
  
  
  Parameter                 Value            Change
  CUY S2                2.84862653E-01      1.73E-03
  CUY S3                3.39113366E-01      2.78E-03
  CUY S4                5.35519731E-01      3.73E-03
  CUY S5                4.04989171E-01      1.23E-03
  CUY S6                2.56228164E-01      2.27E-03
  CUY S7               -2.34575602E-01      3.95E-03
  CUY S8               -1.06405751E+00      1.48E-02
  CUY S9               -4.19669362E-01      1.90E-02
  CUY S10               4.91545970E-01      1.61E-02
  CUY S11              -1.87728128E-01      2.20E-02
  CUY S12               9.55743720E-01      1.48E-02
  CUY S13               1.29853883E+00      2.36E-03
  A   S2               -3.34872546E-02      6.14E-04
  A   S3               -1.04097662E-01     -2.12E-03
  A   S4               -5.42972154E-02      4.30E-04
  A   S5               -2.32093853E-02     -4.23E-04
  A   S6               -3.47122748E-02     -1.65E-04
  A   S7                3.55446897E-03      1.65E-04
  A   S8                2.38130924E-01     -2.40E-03
  A   S9                5.89090395E-02     -1.43E-04
  A   S10              -9.16978014E-03      1.00E-03
  A   S11               4.37613881E-02     -1.83E-04
  A   S12              -4.64428552E-02      1.22E-03
  A   S13              -6.16335893E-02      1.78E-04
  THI S1                1.00000000E-03      0.00E+00
  THI S3                1.49349123E-01     -2.36E-03
  THI S5                1.49063309E-01     -1.79E-02
  THI S7                4.86590585E-01      2.25E-03
  THI S9                6.05524337E-02     -1.12E-02
  THI S11               1.24663132E-01     -1.88E-02
  THI S13               8.57034816E-01      1.43E-02
  THI S15               4.92299322E-01      1.43E-02
  
        EFL          REDU         PIM          OAL         EN PUP       EX PUP
      3.950317     0.000000     0.363048     5.987253     0.000000    -4.476115
  
  Active Constraints -   2:    target        value         diff        cost
  EFL                    =   3.95031E+00   3.95032E+00   5.960E-06  -7.983E-06
  Mn CT S1                                                          -2.762E-07
  
  Weighted Constraints:        target        value        WTC/PTC     contrib
  @ATELIER_LATCOLOR      =   0.00000E+00   5.82173E-01   1.000E-02   3.389E+01
  @ATELIER_RMSSPOT       =   0.00000E+00   1.17369E+01   1.000E-03   1.378E+02
  
 CYCLE NUMBER 9:
  
  ABERR F. =        0.27148151
  CONST F. =      146.18909512
  ERR. F.  =      146.46057663       (change =      -25.46497697)
  
  OPD     0.29561410     0.16810284     0.29569275
  WAV     0.30623035     0.22346528     0.30889975
  
  
  
  Parameter                 Value            Change
  CUY S2                2.84595622E-01     -2.67E-04
  CUY S3                3.38799151E-01     -3.14E-04
  CUY S4                5.35126689E-01     -3.93E-04
  CUY S5                4.04763744E-01     -2.25E-04
  CUY S6                2.55928946E-01     -2.99E-04
  CUY S7               -2.35065745E-01     -4.90E-04
  CUY S8               -1.06462095E+00     -5.63E-04
  CUY S9               -4.20394212E-01     -7.25E-04
  CUY S10               4.90767904E-01     -7.78E-04
  CUY S11              -1.88724862E-01     -9.97E-04
  CUY S12               9.51556302E-01     -4.19E-03
  CUY S13               1.29276659E+00     -5.77E-03
  A   S2               -3.34516437E-02      3.56E-05
  A   S3               -1.04060303E-01      3.74E-05
  A   S4               -5.42830217E-02      1.42E-05
  A   S5               -2.32198672E-02     -1.05E-05
  A   S6               -3.47003961E-02      1.19E-05
  A   S7                3.53829356E-03     -1.62E-05
  A   S8                2.38136557E-01      5.63E-06
  A   S9                5.89032979E-02     -5.74E-06
  A   S10              -9.17400493E-03     -4.22E-06
  A   S11               4.37200794E-02     -4.13E-05
  A   S12              -4.64497202E-02     -6.87E-06
  A   S13              -6.16213991E-02      1.22E-05
  THI S1                1.00000000E-03      3.23E-17
  THI S3                1.49255078E-01     -9.40E-05
  THI S5                1.48819799E-01     -2.44E-04
  THI S7                4.86713028E-01      1.22E-04
  THI S9                6.04211708E-02     -1.31E-04
  THI S11               1.24170048E-01     -4.93E-04
  THI S13               8.57253836E-01      2.19E-04
  THI S15               4.92518342E-01      2.19E-04
  
        EFL          REDU         PIM          OAL         EN PUP       EX PUP
      3.950311     0.000000     0.365504     5.986633     0.000000    -4.486296
  
  Active Constraints -   2:    target        value         diff        cost
  EFL                    =   3.95031E+00   3.95031E+00  -3.951E-08   3.765E-04
  Mn CT S1                                                          -3.052E-05
  
  Weighted Constraints:        target        value        WTC/PTC     contrib
  @ATELIER_LATCOLOR      =   0.00000E+00   5.43669E-01   1.000E-02   2.956E+01
  @ATELIER_RMSSPOT       =   0.00000E+00   1.07996E+01   1.000E-03   1.166E+02
  
 CYCLE NUMBER 10:
  
  ABERR F. =        0.27213876
  CONST F. =      139.19371283
  ERR. F.  =      139.46585159       (change =       -6.99472505)
  
  OPD     0.25604047     0.19499463     0.31988148
  WAV     0.26609063     0.23954049     0.33206830
  
  
  
  Parameter                 Value            Change
  CUY S2                2.85070431E-01      4.75E-04
  CUY S3                3.39390537E-01      5.91E-04
  CUY S4                5.36180409E-01      1.05E-03
  CUY S5                4.05549594E-01      7.86E-04
  CUY S6                2.57074857E-01      1.15E-03
  CUY S7               -2.33717391E-01      1.35E-03
  CUY S8               -1.06466954E+00     -4.86E-05
  CUY S9               -4.20105968E-01      2.88E-04
  CUY S10               4.90715853E-01     -5.21E-05
  CUY S11              -1.87783810E-01      9.41E-04
  CUY S12               9.49853999E-01     -1.70E-03
  CUY S13               1.28763987E+00     -5.13E-03
  A   S2               -3.34987421E-02     -4.71E-05
  A   S3               -1.04076404E-01     -1.61E-05
  A   S4               -5.42010692E-02      8.20E-05
  A   S5               -2.32751021E-02     -5.52E-05
  A   S6               -3.47144311E-02     -1.40E-05
  A   S7                3.55328580E-03      1.50E-05
  A   S8                2.38121756E-01     -1.48E-05
  A   S9                5.88928964E-02     -1.04E-05
  A   S10              -9.17062327E-03      3.38E-06
  A   S11               4.37253390E-02      5.26E-06
  A   S12              -4.64555731E-02     -5.85E-06
  A   S13              -6.16035245E-02      1.79E-05
  THI S1                1.00000000E-03      0.00E+00
  THI S3                1.48799277E-01     -4.56E-04
  THI S5                1.49067936E-01      2.48E-04
  THI S7                4.86469750E-01     -2.43E-04
  THI S9                6.01581247E-02     -2.63E-04
  THI S11               1.23741525E-01     -4.29E-04
  THI S13               8.56301673E-01     -9.52E-04
  THI S15               4.91566179E-01     -9.52E-04
  
        EFL          REDU         PIM          OAL         EN PUP       EX PUP
      3.950311     0.000000     0.366422     5.984538     0.000000    -4.493503
  
  Active Constraints -   2:    target        value         diff        cost
  EFL                    =   3.95031E+00   3.95031E+00   1.056E-11   3.617E-04
  Mn CT S1                                                          -1.199E-04
  
  Weighted Constraints:        target        value        WTC/PTC     contrib
  @ATELIER_LATCOLOR      =   0.00000E+00   4.81651E-01   1.000E-02   2.320E+01
  @ATELIER_RMSSPOT       =   0.00000E+00   1.07701E+01   1.000E-03   1.160E+02
  
 CYCLE NUMBER 11:
  
  ABERR F. =        0.27325297
  CONST F. =      132.70377934
  ERR. F.  =      132.97703231       (change =       -6.48881928)
  
  OPD     0.27295934     0.18460249     0.31331842
  WAV     0.28300514     0.23394190     0.32623469
  
  
  
  Parameter                 Value            Change
  CUY S2                2.85004499E-01     -6.59E-05
  CUY S3                3.39320667E-01     -6.99E-05
  CUY S4                5.36081579E-01     -9.88E-05
  CUY S5                4.05516428E-01     -3.32E-05
  CUY S6                2.57009461E-01     -6.54E-05
  CUY S7               -2.33819346E-01     -1.02E-04
  CUY S8               -1.06487338E+00     -2.04E-04
  CUY S9               -4.20574086E-01     -4.68E-04
  CUY S10               4.90159279E-01     -5.57E-04
  CUY S11              -1.88348971E-01     -5.65E-04
  CUY S12               9.48565772E-01     -1.29E-03
  CUY S13               1.28603330E+00     -1.61E-03
  A   S2               -3.34890900E-02      9.65E-06
  A   S3               -1.04091380E-01     -1.50E-05
  A   S4               -5.41457326E-02      5.53E-05
  A   S5               -2.33018563E-02     -2.68E-05
  A   S6               -3.47058929E-02      8.54E-06
  A   S7                3.56167195E-03      8.39E-06
  A   S8                2.38124134E-01      2.38E-06
  A   S9                5.88827587E-02     -1.01E-05
  A   S10              -9.16895481E-03      1.67E-06
  A   S11               4.37058257E-02     -1.95E-05
  A   S12              -4.64585998E-02     -3.03E-06
  A   S13              -6.15919443E-02      1.16E-05
  THI S1                1.00000000E-03      0.00E+00
  THI S3                1.48656662E-01     -1.43E-04
  THI S5                1.49175380E-01      1.07E-04
  THI S7                4.86481355E-01      1.16E-05
  THI S9                6.00178993E-02     -1.40E-04
  THI S11               1.23488701E-01     -2.53E-04
  THI S13               8.56220973E-01     -8.07E-05
  THI S15               4.91485478E-01     -8.07E-05
  
        EFL          REDU         PIM          OAL         EN PUP       EX PUP
      3.950311     0.000000     0.367577     5.984041     0.000000    -4.496801
  
  Active Constraints -   2:    target        value         diff        cost
  EFL                    =   3.95031E+00   3.95031E+00  -3.670E-09   9.644E-04
  Mn CT S1                                                          -2.247E-04
  
  Weighted Constraints:        target        value        WTC/PTC     contrib
  @ATELIER_LATCOLOR      =   0.00000E+00   4.58164E-01   1.000E-02   2.099E+01
  @ATELIER_RMSSPOT       =   0.00000E+00   1.05694E+01   1.000E-03   1.117E+02
  
 CYCLE NUMBER 12:
  
  ABERR F. =        0.27286401
  CONST F. =      129.01104350
  ERR. F.  =      129.28390751       (change =       -3.69312480)
  
  OPD     0.21279097     0.20269422     0.34754286
  WAV     0.22304179     0.24482823     0.36040132
  
  
  
  Parameter                 Value            Change
  CUY S2                2.84893951E-01     -1.11E-04
  CUY S3                3.39385971E-01      6.53E-05
  CUY S4                5.35928183E-01     -1.53E-04
  CUY S5                4.05048913E-01     -4.68E-04
  CUY S6                2.56485425E-01     -5.24E-04
  CUY S7               -2.34177554E-01     -3.58E-04
  CUY S8               -1.06463322E+00      2.40E-04
  CUY S9               -4.20197612E-01      3.76E-04
  CUY S10               4.91094618E-01      9.35E-04
  CUY S11              -1.86773349E-01      1.58E-03
  CUY S12               9.48591438E-01      2.57E-05
  CUY S13               1.28483504E+00     -1.20E-03
  A   S2               -3.35243458E-02     -3.53E-05
  A   S3               -1.04054803E-01      3.66E-05
  A   S4               -5.41618259E-02     -1.61E-05
  A   S5               -2.32886682E-02      1.32E-05
  A   S6               -3.47208827E-02     -1.50E-05
  A   S7                3.57682521E-03      1.52E-05
  A   S8                2.38105844E-01     -1.83E-05
  A   S9                5.88895490E-02      6.79E-06
  A   S10              -9.15878577E-03      1.02E-05
  A   S11               4.37086383E-02      2.81E-06
  A   S12              -4.64637170E-02     -5.12E-06
  A   S13              -6.15631187E-02      2.88E-05
  THI S1                1.00000000E-03      0.00E+00
  THI S3                1.48892804E-01      2.36E-04
  THI S5                1.49369290E-01      1.94E-04
  THI S7                4.86254011E-01     -2.27E-04
  THI S9                5.96855937E-02     -3.32E-04
  THI S11               1.23091981E-01     -3.97E-04
  THI S13               8.55281629E-01     -9.39E-04
  THI S15               4.90546135E-01     -9.39E-04
  
        EFL          REDU         PIM          OAL         EN PUP       EX PUP
      3.950311     0.000000     0.369390     5.982575     0.000000    -4.494726
  
  Active Constraints -   2:    target        value         diff        cost
  EFL                    =   3.95031E+00   3.95031E+00   8.653E-09   1.117E-03
  Mn CT S1                                                          -1.567E-04
  
  Weighted Constraints:        target        value        WTC/PTC     contrib
  @ATELIER_LATCOLOR      =   0.00000E+00   4.26180E-01   1.000E-02   1.816E+01
  @ATELIER_RMSSPOT       =   0.00000E+00   1.05284E+01   1.000E-03   1.108E+02
  
  Constraints released:   Mn CT S1 (>)
  Constraints released:   Mn CT S1 (>)
  
 CYCLE NUMBER 13:
  
  ABERR F. =        0.21796517
  CONST F. =       90.31694233
  ERR. F.  =       90.53490749       (change =      -38.74900001)
  
  OPD     0.14847222     0.13100888     0.29712036
  WAV     0.15771103     0.19069662     0.31036603
  
  
  
  Parameter                 Value            Change
  CUY S2                2.85263731E-01      3.70E-04
  CUY S3                3.40499452E-01      1.11E-03
  CUY S4                5.36376915E-01      4.49E-04
  CUY S5                4.05347524E-01      2.99E-04
  CUY S6                2.56973896E-01      4.88E-04
  CUY S7               -2.34443842E-01     -2.66E-04
  CUY S8               -1.06615931E+00     -1.53E-03
  CUY S9               -4.21923021E-01     -1.73E-03
  CUY S10               4.88226704E-01     -2.87E-03
  CUY S11              -1.92561413E-01     -5.79E-03
  CUY S12               9.46837695E-01     -1.75E-03
  CUY S13               1.28704259E+00      2.21E-03
  A   S2               -3.34847216E-02      3.96E-05
  A   S3               -1.04094771E-01     -4.00E-05
  A   S4               -5.40943725E-02      6.75E-05
  A   S5               -2.33444904E-02     -5.58E-05
  A   S6               -3.46924914E-02      2.84E-05
  A   S7                3.53895440E-03     -3.79E-05
  A   S8                2.38124535E-01      1.87E-05
  A   S9                5.88773788E-02     -1.22E-05
  A   S10              -9.22683462E-03     -6.80E-05
  A   S11               4.36593195E-02     -4.93E-05
  A   S12              -4.65825771E-02     -1.19E-04
  A   S13              -6.15954104E-02     -3.23E-05
  THI S1                3.39227219E-03      2.39E-03
  THI S3                1.48678285E-01     -2.15E-04
  THI S5                1.49050269E-01     -3.19E-04
  THI S7                4.85639608E-01     -6.14E-04
  THI S9                4.85459161E-02     -1.11E-02
  THI S11               1.23774878E-01      6.83E-04
  THI S13               8.48981745E-01     -6.30E-03
  THI S15               4.84246251E-01     -6.30E-03
  
        EFL          REDU         PIM          OAL         EN PUP       EX PUP
      3.950311     0.000000     0.379847     5.967063     0.000000    -4.468746
  
  Active Constraints -   1:    target        value         diff        cost
  EFL                    =   3.95031E+00   3.95031E+00   2.881E-07  -2.168E-06
  
  Weighted Constraints:        target        value        WTC/PTC     contrib
  @ATELIER_LATCOLOR      =   0.00000E+00   2.61453E-01   1.000E-02   6.836E+00
  @ATELIER_RMSSPOT       =   0.00000E+00   9.13680E+00   1.000E-03   8.348E+01
  
  Constraints added:      Mn CT S1 (>)
  Constraints released:   Mn CT S1 (>)
  
 CYCLE NUMBER 14:
  
  ABERR F. =        0.21778029
  CONST F. =       89.48417111
  ERR. F.  =       89.70195139       (change =       -0.83295610)
  
  OPD     0.14977320     0.12954231     0.29666109
  WAV     0.15893948     0.18980330     0.30993781
  
  
  
  Parameter                 Value            Change
  CUY S2                2.85272248E-01      8.52E-06
  CUY S3                3.40503101E-01      3.65E-06
  CUY S4                5.36381661E-01      4.75E-06
  CUY S5                4.05336998E-01     -1.05E-05
  CUY S6                2.56962287E-01     -1.16E-05
  CUY S7               -2.34441087E-01      2.75E-06
  CUY S8               -1.06616445E+00     -5.14E-06
  CUY S9               -4.21922003E-01      1.02E-06
  CUY S10               4.88227819E-01      1.12E-06
  CUY S11              -1.92560536E-01      8.78E-07
  CUY S12               9.46817115E-01     -2.06E-05
  CUY S13               1.28701927E+00     -2.33E-05
  A   S2               -3.34837936E-02      9.28E-07
  A   S3               -1.04095753E-01     -9.82E-07
  A   S4               -5.40935863E-02      7.86E-07
  A   S5               -2.33451523E-02     -6.62E-07
  A   S6               -3.46914593E-02      1.03E-06
  A   S7                3.53750871E-03     -1.45E-06
  A   S8                2.38125085E-01      5.49E-07
  A   S9                5.88770351E-02     -3.44E-07
  A   S10              -9.22786923E-03     -1.03E-06
  A   S11               4.36607161E-02      1.40E-06
  A   S12              -4.65836917E-02     -1.11E-06
  A   S13              -6.15950838E-02      3.27E-07
  THI S1                3.32301486E-03     -6.93E-05
  THI S3                1.48672423E-01     -5.86E-06
  THI S5                1.49043226E-01     -7.04E-06
  THI S7                4.85640111E-01      5.03E-07
  THI S9                4.85628074E-02      1.69E-05
  THI S11               1.23819595E-01      4.47E-05
  THI S13               8.49017190E-01      3.54E-05
  THI S15               4.84281696E-01      3.54E-05
  
        EFL          REDU         PIM          OAL         EN PUP       EX PUP
      3.950311     0.000000     0.379737     5.967078     0.000000    -4.468683
  
  Active Constraints -   1:    target        value         diff        cost
  EFL                    =   3.95031E+00   3.95031E+00  -1.932E-12   1.345E-03
  
  Weighted Constraints:        target        value        WTC/PTC     contrib
  @ATELIER_LATCOLOR      =   0.00000E+00   2.60348E-01   1.000E-02   6.778E+00
  @ATELIER_RMSSPOT       =   0.00000E+00   9.09429E+00   1.000E-03   8.271E+01
  
  Constraints added:      Mn CT S1 (>)
  Constraints released:   Mn CT S1 (>)
  
 CYCLE NUMBER 15:
  
  ABERR F. =        0.21765867
  CONST F. =       88.34773286
  ERR. F.  =       88.56539154       (change =       -1.13655985)
  
  OPD     0.15058749     0.13057517     0.29610685
  WAV     0.15983705     0.18886891     0.30923569
  
  
  
  Parameter                 Value            Change
  CUY S2                2.85308788E-01      3.65E-05
  CUY S3                3.40540647E-01      3.75E-05
  CUY S4                5.36484204E-01      1.03E-04
  CUY S5                4.05444463E-01      1.07E-04
  CUY S6                2.57121122E-01      1.59E-04
  CUY S7               -2.34286473E-01      1.55E-04
  CUY S8               -1.06616478E+00     -3.28E-07
  CUY S9               -4.21925048E-01     -3.05E-06
  CUY S10               4.88234816E-01      7.00E-06
  CUY S11              -1.92551731E-01      8.81E-06
  CUY S12               9.46844626E-01      2.75E-05
  CUY S13               1.28709601E+00      7.67E-05
  A   S2               -3.34839756E-02     -1.82E-07
  A   S3               -1.04095560E-01      1.93E-07
  A   S4               -5.40937436E-02     -1.57E-07
  A   S5               -2.33450211E-02      1.31E-07
  A   S6               -3.46916588E-02     -1.99E-07
  A   S7                3.53778639E-03      2.78E-07
  A   S8                2.38124974E-01     -1.11E-07
  A   S9                5.88771080E-02      7.29E-08
  A   S10              -9.23191621E-03     -4.05E-06
  A   S11               4.36663392E-02      5.62E-06
  A   S12              -4.65881188E-02     -4.43E-06
  A   S13              -6.15936904E-02      1.39E-06
  THI S1                3.05355048E-03     -2.69E-04
  THI S3                1.48673537E-01      1.11E-06
  THI S5                1.49044609E-01      1.38E-06
  THI S7                4.85672997E-01      3.29E-05
  THI S9                4.85595942E-02     -3.21E-06
  THI S11               1.23809081E-01     -1.05E-05
  THI S13               8.49009292E-01     -7.90E-06
  THI S15               4.84273798E-01     -7.90E-06
  
        EFL          REDU         PIM          OAL         EN PUP       EX PUP
      3.950311     0.000000     0.379417     5.966823     0.000000    -4.467870
  
  Active Constraints -   1:    target        value         diff        cost
  EFL                    =   3.95031E+00   3.95031E+00  -2.358E-11   1.082E-03
  
  Weighted Constraints:        target        value        WTC/PTC     contrib
  @ATELIER_LATCOLOR      =   0.00000E+00   2.57552E-01   1.000E-02   6.633E+00
  @ATELIER_RMSSPOT       =   0.00000E+00   9.03960E+00   1.000E-03   8.171E+01
  
  Constraints added:      Mn CT S1 (>)
  Constraints released:   Mn CT S1 (>)
  
 CYCLE NUMBER 16:
  
  ABERR F. =        0.21746448
  CONST F. =      112.25005586
  ERR. F.  =      112.46752034       (change =       23.90212880)
  
  OPD     0.15349072     0.12756098     0.29522561
  WAV     0.16254724     0.18756530     0.30846895
  
  
  
  Parameter                 Value            Change
  CUY S2                2.85307863E-01     -9.25E-07
  CUY S3                3.40531974E-01     -8.67E-06
  CUY S4                5.36473678E-01     -1.05E-05
  CUY S5                4.05444826E-01      3.63E-07
  CUY S6                2.57120105E-01     -1.02E-06
  CUY S7               -2.34304325E-01     -1.79E-05
  CUY S8               -1.06617684E+00     -1.21E-05
  CUY S9               -4.21922700E-01      2.35E-06
  CUY S10               4.88237877E-01      3.06E-06
  CUY S11              -1.92549556E-01      2.17E-06
  CUY S12               9.46805710E-01     -3.89E-05
  CUY S13               1.28705100E+00     -4.50E-05
  A   S2               -3.34822661E-02      1.71E-06
  A   S3               -1.04097349E-01     -1.79E-06
  A   S4               -5.40922760E-02      1.47E-06
  A   S5               -2.33462327E-02     -1.21E-06
  A   S6               -3.46897414E-02      1.92E-06
  A   S7                3.53515622E-03     -2.63E-06
  A   S8                2.38126011E-01      1.04E-06
  A   S9                5.88764349E-02     -6.73E-07
  A   S10              -9.23181919E-03      9.70E-08
  A   S11               4.36661881E-02     -1.51E-07
  A   S12              -4.65904385E-02     -2.32E-06
  A   S13              -6.15937237E-02     -3.33E-08
  THI S1                2.91566334E-03     -1.38E-04
  THI S3                1.48662811E-01     -1.07E-05
  THI S5                1.49030015E-01     -1.46E-05
  THI S7                4.85672204E-01     -7.94E-07
  THI S9                4.85965120E-02      3.69E-05
  THI S11               1.23899560E-01      9.05E-05
  THI S13               8.49079572E-01      7.03E-05
  THI S15               4.84344078E-01      7.03E-05
  
        EFL          REDU         PIM          OAL         EN PUP       EX PUP
      3.950311     0.000000     0.379258     5.966856     0.000000    -4.467782
  
  Active Constraints -   1:    target        value         diff        cost
  EFL                    =   3.95031E+00   3.95031E+00  -1.147E-12   1.267E-03
  
  Weighted Constraints:        target        value        WTC/PTC     contrib
  @ATELIER_LATCOLOR      =   0.00000E+00   2.56109E-01   1.000E-02   6.559E+00
  @ATELIER_RMSSPOT       =   0.00000E+00   1.02806E+01   1.000E-03   1.057E+02
  
  Constraints added:      Mn CT S1 (>)
  
 CYCLE NUMBER 17:
  
  ABERR F. =        0.21718628
  CONST F. =      110.96959495
  ERR. F.  =      111.18678123       (change =       -1.28073911)
  
  OPD     0.16873808     0.12049873     0.28902000
  WAV     0.17726516     0.18339708     0.30238521
  
  
  
  Parameter                 Value            Change
  CUY S2                2.85370913E-01      6.31E-05
  CUY S3                3.40510626E-01     -2.13E-05
  CUY S4                5.36503843E-01      3.02E-05
  CUY S5                4.05525808E-01      8.10E-05
  CUY S6                2.57244287E-01      1.24E-04
  CUY S7               -2.34122163E-01      1.82E-04
  CUY S8               -1.06612279E+00      5.40E-05
  CUY S9               -4.21876701E-01      4.60E-05
  CUY S10               4.88284939E-01      4.71E-05
  CUY S11              -1.92507050E-01      4.25E-05
  CUY S12               9.45985518E-01     -8.20E-04
  CUY S13               1.28591406E+00     -1.14E-03
  A   S2               -3.34650255E-02      1.72E-05
  A   S3               -1.04119429E-01     -2.21E-05
  A   S4               -5.40789457E-02      1.33E-05
  A   S5               -2.33627128E-02     -1.65E-05
  A   S6               -3.47074386E-02     -1.77E-05
  A   S7                3.55380994E-03      1.87E-05
  A   S8                2.38120852E-01     -5.16E-06
  A   S9                5.88734641E-02     -2.97E-06
  A   S10              -9.24332391E-03     -1.15E-05
  A   S11               4.36782489E-02      1.21E-05
  A   S12              -4.66002454E-02     -9.81E-06
  A   S13              -6.15898238E-02      3.90E-06
  THI S1                1.00000000E-03     -1.92E-03
  THI S3                1.48515015E-01     -1.48E-04
  THI S5                1.48807289E-01     -2.23E-04
  THI S7                4.85812603E-01      1.40E-04
  THI S9                4.88073364E-02      2.11E-04
  THI S11               1.24504975E-01      6.05E-04
  THI S13               8.49280593E-01      2.01E-04
  THI S15               4.84545099E-01      2.01E-04
  
        EFL          REDU         PIM          OAL         EN PUP       EX PUP
      3.950311     0.000000     0.378119     5.965728     0.000000    -4.465968
  
  Active Constraints -   2:    target        value         diff        cost
  EFL                    =   3.95031E+00   3.95031E+00  -5.973E-11   1.637E-04
  Mn CT S1                                                           1.167E-03
  
  Weighted Constraints:        target        value        WTC/PTC     contrib
  @ATELIER_LATCOLOR      =   0.00000E+00   2.43591E-01   1.000E-02   5.934E+00
  @ATELIER_RMSSPOT       =   0.00000E+00   1.02487E+01   1.000E-03   1.050E+02
  
 CYCLE NUMBER 18:
  
  ABERR F. =        0.22413537
  CONST F. =      109.49121844
  ERR. F.  =      109.71535381       (change =       -1.47142742)
  
  OPD     0.13184956     0.14536413     0.31366116
  WAV     0.14326854     0.19353077     0.32640711
  
  
  
  Parameter                 Value            Change
  CUY S2                2.85441084E-01      7.02E-05
  CUY S3                3.40676615E-01      1.66E-04
  CUY S4                5.36718723E-01      2.15E-04
  CUY S5                4.05611060E-01      8.53E-05
  CUY S6                2.57368563E-01      1.24E-04
  CUY S7               -2.33939337E-01      1.83E-04
  CUY S8               -1.06598956E+00      1.33E-04
  CUY S9               -4.21678224E-01      1.98E-04
  CUY S10               4.88576707E-01      2.92E-04
  CUY S11              -1.92181424E-01      3.26E-04
  CUY S12               9.43047447E-01     -2.94E-03
  CUY S13               1.28094654E+00     -4.97E-03
  A   S2               -3.34836280E-02     -1.86E-05
  A   S3               -1.04099331E-01      2.01E-05
  A   S4               -5.40535089E-02      2.54E-05
  A   S5               -2.33539294E-02      8.78E-06
  A   S6               -3.47214024E-02     -1.40E-05
  A   S7                3.56912677E-03      1.53E-05
  A   S8                2.38089128E-01     -3.17E-05
  A   S9                5.88826778E-02      9.21E-06
  A   S10              -9.28224419E-03     -3.89E-05
  A   S11               4.37226903E-02      4.44E-05
  A   S12              -4.66379383E-02     -3.77E-05
  A   S13              -6.15627904E-02      2.70E-05
  THI S1                1.00000000E-03      6.51E-19
  THI S3                1.48624726E-01      1.10E-04
  THI S5                1.48942550E-01      1.35E-04
  THI S7                4.85379409E-01     -4.33E-04
  THI S9                4.86434772E-02     -1.64E-04
  THI S11               1.22375085E-01     -2.13E-03
  THI S13               8.48877764E-01     -4.03E-04
  THI S15               4.84142270E-01     -4.03E-04
  
        EFL          REDU         PIM          OAL         EN PUP       EX PUP
      3.950311     0.000000     0.381280     5.962843     0.000000    -4.471566
  
  Active Constraints -   2:    target        value         diff        cost
  EFL                    =   3.95031E+00   3.95031E+00  -5.769E-09  -3.578E-04
  Mn CT S1                                                          -3.890E-04
  
  Weighted Constraints:        target        value        WTC/PTC     contrib
  @ATELIER_LATCOLOR      =   0.00000E+00   2.22227E-01   1.000E-02   4.938E+00
  @ATELIER_RMSSPOT       =   0.00000E+00   1.02251E+01   1.000E-03   1.046E+02
  
 CYCLE NUMBER 19:
  
  ABERR F. =        0.21430438
  CONST F. =      108.88020215
  ERR. F.  =      109.09450653       (change =       -0.62084728)
  
  OPD     0.14826982     0.10775894     0.29903971
  WAV     0.15759213     0.17483531     0.31166468
  
  
  
  Parameter                 Value            Change
  CUY S2                2.85662404E-01      2.21E-04
  CUY S3                3.40853313E-01      1.77E-04
  CUY S4                5.36718240E-01     -4.83E-07
  CUY S5                4.05824305E-01      2.13E-04
  CUY S6                2.57335663E-01     -3.29E-05
  CUY S7               -2.34206055E-01     -2.67E-04
  CUY S8               -1.06596885E+00      2.07E-05
  CUY S9               -4.21586353E-01      9.19E-05
  CUY S10               4.88532975E-01     -4.37E-05
  CUY S11              -1.92276024E-01     -9.46E-05
  CUY S12               9.42085170E-01     -9.62E-04
  CUY S13               1.27955669E+00     -1.39E-03
  A   S2               -3.34744677E-02      9.16E-06
  A   S3               -1.04108542E-01     -9.21E-06
  A   S4               -5.40449416E-02      8.57E-06
  A   S5               -2.33587797E-02     -4.85E-06
  A   S6               -3.47118472E-02      9.56E-06
  A   S7                3.55746671E-03     -1.17E-05
  A   S8                2.38094417E-01      5.29E-06
  A   S9                5.88788286E-02     -3.85E-06
  A   S10              -9.30905365E-03     -2.68E-05
  A   S11               4.37121403E-02     -1.06E-05
  A   S12              -4.66287645E-02      9.17E-06
  A   S13              -6.15526081E-02      1.02E-05
  THI S1                1.00000000E-03      4.34E-19
  THI S3                1.48559843E-01     -6.49E-05
  THI S5                1.48840870E-01     -1.02E-04
  THI S7                4.85480841E-01      1.01E-04
  THI S9                4.89409102E-02      2.97E-04
  THI S11               1.22944691E-01      5.70E-04
  THI S13               8.49311547E-01      4.34E-04
  THI S15               4.84576053E-01      4.34E-04
  
        EFL          REDU         PIM          OAL         EN PUP       EX PUP
      3.950311     0.000000     0.380514     5.964079     0.000000    -4.474655
  
  Active Constraints -   2:    target        value         diff        cost
  EFL                    =   3.95031E+00   3.95031E+00   1.631E-10   4.144E-04
  Mn CT S1                                                          -3.351E-04
  
  Weighted Constraints:        target        value        WTC/PTC     contrib
  @ATELIER_LATCOLOR      =   0.00000E+00   2.14932E-01   1.000E-02   4.620E+00
  @ATELIER_RMSSPOT       =   0.00000E+00   1.02108E+01   1.000E-03   1.043E+02
  
 CYCLE NUMBER 20:
  
  ABERR F. =        0.21788318
  CONST F. =      104.54671884
  ERR. F.  =      104.76460202       (change =       -4.32990451)
  
  OPD     0.14841179     0.12861603     0.30020125
  WAV     0.15830795     0.18254610     0.31267404
  
  
  
  Parameter                 Value            Change
  CUY S2                2.85781974E-01      1.20E-04
  CUY S3                3.41049150E-01      1.96E-04
  CUY S4                5.36951539E-01      2.33E-04
  CUY S5                4.05937114E-01      1.13E-04
  CUY S6                2.57476898E-01      1.41E-04
  CUY S7               -2.33993613E-01      2.12E-04
  CUY S8               -1.06593146E+00      3.74E-05
  CUY S9               -4.21576672E-01      9.68E-06
  CUY S10               4.88561297E-01      2.83E-05
  CUY S11              -1.92222937E-01      5.31E-05
  CUY S12               9.42246142E-01      1.61E-04
  CUY S13               1.27985439E+00      2.98E-04
  A   S2               -3.34911745E-02     -1.67E-05
  A   S3               -1.04089650E-01      1.89E-05
  A   S4               -5.40227303E-02      2.22E-05
  A   S5               -2.33415850E-02      1.72E-05
  A   S6               -3.47203499E-02     -8.50E-06
  A   S7                3.56967660E-03      1.22E-05
  A   S8                2.38087082E-01     -7.33E-06
  A   S9                5.88849216E-02      6.09E-06
  A   S10              -9.30111667E-03      7.94E-06
  A   S11               4.37156337E-02      3.49E-06
  A   S12              -4.66257320E-02      3.03E-06
  A   S13              -6.15486369E-02      3.97E-06
  THI S1                1.00000000E-03     -4.34E-19
  THI S3                1.48624738E-01      6.49E-05
  THI S5                1.48928459E-01      8.76E-05
  THI S7                4.85257364E-01     -2.23E-04
  THI S9                4.89276823E-02     -1.32E-05
  THI S11               1.23527124E-01      5.82E-04
  THI S13               8.49487716E-01      1.76E-04
  THI S15               4.84752221E-01      1.76E-04
  
        EFL          REDU         PIM          OAL         EN PUP       EX PUP
      3.950311     0.000000     0.379691     5.964753     0.000000    -4.473934
  
  Active Constraints -   2:    target        value         diff        cost
  EFL                    =   3.95031E+00   3.95031E+00  -2.852E-11   1.550E-03
  Mn CT S1                                                          -4.235E-04
  
  Weighted Constraints:        target        value        WTC/PTC     contrib
  @ATELIER_LATCOLOR      =   0.00000E+00   2.11275E-01   1.000E-02   4.464E+00
  @ATELIER_RMSSPOT       =   0.00000E+00   1.00042E+01   1.000E-03   1.001E+02
  
 CYCLE NUMBER 21:
  
  ABERR F. =        0.21590987
  CONST F. =      104.52635782
  ERR. F.  =      104.74226770       (change =       -0.02233433)
  
  OPD     0.16308317     0.11997426     0.29120049
  WAV     0.17213121     0.17914317     0.30363356
  
  
  
  Parameter                 Value            Change
  CUY S2                2.85889426E-01      1.07E-04
  CUY S3                3.41105027E-01      5.59E-05
  CUY S4                5.36950622E-01     -9.16E-07
  CUY S5                4.05977956E-01      4.08E-05
  CUY S6                2.57659959E-01      1.83E-04
  CUY S7               -2.33855796E-01      1.38E-04
  CUY S8               -1.06596100E+00     -2.95E-05
  CUY S9               -4.21564367E-01      1.23E-05
  CUY S10               4.88530920E-01     -3.04E-05
  CUY S11              -1.92252842E-01     -2.99E-05
  CUY S12               9.42451704E-01      2.06E-04
  CUY S13               1.28026750E+00      4.13E-04
  A   S2               -3.34839197E-02      7.25E-06
  A   S3               -1.04096760E-01     -7.11E-06
  A   S4               -5.40107816E-02      1.19E-05
  A   S5               -2.33464022E-02     -4.82E-06
  A   S6               -3.47102868E-02      1.01E-05
  A   S7                3.55853066E-03     -1.11E-05
  A   S8                2.38092184E-01      5.10E-06
  A   S9                5.88817013E-02     -3.22E-06
  A   S10              -9.31414843E-03     -1.30E-05
  A   S11               4.37108255E-02     -4.81E-06
  A   S12              -4.66252479E-02      4.84E-07
  A   S13              -6.15412748E-02      7.36E-06
  THI S1                1.00000000E-03     -4.34E-19
  THI S3                1.48562704E-01     -6.20E-05
  THI S5                1.48816176E-01     -1.12E-04
  THI S7                4.85332141E-01      7.48E-05
  THI S9                4.91264646E-02      1.99E-04
  THI S11               1.23881857E-01      3.55E-04
  THI S13               8.49759510E-01      2.72E-04
  THI S15               4.85024016E-01      2.72E-04
  
        EFL          REDU         PIM          OAL         EN PUP       EX PUP
      3.950311     0.000000     0.378531     5.965479     0.000000    -4.473457
  
  Active Constraints -   2:    target        value         diff        cost
  EFL                    =   3.95031E+00   3.95031E+00   6.669E-12   1.010E-03
  Mn CT S1                                                          -3.475E-04
  
  Weighted Constraints:        target        value        WTC/PTC     contrib
  @ATELIER_LATCOLOR      =   0.00000E+00   2.04773E-01   1.000E-02   4.193E+00
  @ATELIER_RMSSPOT       =   0.00000E+00   1.00166E+01   1.000E-03   1.003E+02
  
     Normal AUTO Completion - System improvement less than IMP
AUT> GO
 
 
CODE V> BUF PUT B1 I^row J1 "schema"
      Created new worksheet B1.
CODE V> BUF PUT B1 I^row J2 "atelier-codev-target-v1"
CODE V> BUF PUT B1 I^row J1 "status"
CODE V> BUF PUT B1 I^row J2 "ok"
CODE V> BUF PUT B1 I^row J1 "mode"
CODE V> BUF PUT B1 I^row J2 "target"
CODE V> BUF PUT B1 I^row J1 "stage"
CODE V> BUF PUT B1 I^row J2 "A"
CODE V> BUF PUT B1 I^row J1 "source_zmx"
CODE V> BUF PUT B1 I^row J2 "US8908290B1.zmx"
CODE V> BUF PUT B1 I^row J1 "num_fields"
CODE V> BUF PUT B1 I^row J2 ^numf_out
CODE V> BUF PUT B1 I^row J1 "vignetting_edge"
CODE V> BUF PUT B1 I^row J2 0
CODE V> BUF PUT B1 I^row J1 "target.efl_mm"
CODE V> BUF PUT B1 I^row J2 ^target_efl
CODE V> BUF PUT B1 I^row J1 "target.f_number"
CODE V> BUF PUT B1 I^row J2 2.4
CODE V> BUF PUT B1 I^row J1 "seed_baseline.efl_y_mm"
CODE V> BUF PUT B1 I^row J2 ^seed_baseline_efl_y_mm
CODE V> BUF PUT B1 I^row J1 "seed_baseline.max_lateral_color_um"
CODE V> BUF PUT B1 I^row J2 ^seed_baseline_max_lateral_color_um
CODE V> BUF PUT B1 I^row J1 "seed_baseline.max_rms_spot_diameter_um"
CODE V> BUF PUT B1 I^row J2 ^seed_baseline_max_rms_spot_diameter_um
CODE V> BUF PUT B1 I^row J1 "seed_baseline.max_rms_wavefront_error_waves"
CODE V> BUF PUT B1 I^row J2 ^seed_baseline_max_rms_wavefront_error_waves
CODE V> BUF PUT B1 I^row J1 "seed_baseline.max_distortion_pct"
CODE V> BUF PUT B1 I^row J2 ^seed_baseline_max_distortion_pct
CODE V> BUF PUT B1 I^row J1 "seed_baseline.fno"
CODE V> BUF PUT B1 I^row J2 ^seed_baseline_fno
CODE V> BUF PUT B1 I^row J1 "seed_baseline.epd_mm"
CODE V> BUF PUT B1 I^row J2 ^seed_baseline_epd
CODE V> BUF PUT B1 I^row J1 "seed_baseline.maximh_mm"
CODE V> BUF PUT B1 I^row J2 ^seed_baseline_maximh
CODE V> BUF PUT B1 I^row J1 "config_pre_aut.efl_y_mm"
CODE V> BUF PUT B1 I^row J2 ^config_pre_aut_efl_y_mm
CODE V> BUF PUT B1 I^row J1 "config_pre_aut.max_lateral_color_um"
CODE V> BUF PUT B1 I^row J2 ^config_pre_aut_max_lateral_color_um
CODE V> BUF PUT B1 I^row J1 "config_pre_aut.max_rms_spot_diameter_um"
CODE V> BUF PUT B1 I^row J2 ^config_pre_aut_max_rms_spot_diameter_um
CODE V> BUF PUT B1 I^row J1 "config_pre_aut.max_rms_wavefront_error_waves"
CODE V> BUF PUT B1 I^row J2 ^config_pre_aut_max_rms_wavefront_error_waves
CODE V> BUF PUT B1 I^row J1 "config_pre_aut.max_distortion_pct"
CODE V> BUF PUT B1 I^row J2 ^config_pre_aut_max_distortion_pct
CODE V> BUF PUT B1 I^row J1 "config_pre_aut.fno"
CODE V> BUF PUT B1 I^row J2 ^config_pre_aut_fno
CODE V> BUF PUT B1 I^row J1 "config_pre_aut.epd_mm"
CODE V> BUF PUT B1 I^row J2 ^config_pre_aut_epd
CODE V> BUF PUT B1 I^row J1 "config_pre_aut.maximh_mm"
CODE V> BUF PUT B1 I^row J2 ^config_pre_aut_maximh
CODE V> BUF PUT B1 I^row J1 "post_aut.efl_y_mm"
CODE V> BUF PUT B1 I^row J2 ^post_aut_efl_y_mm
CODE V> BUF PUT B1 I^row J1 "post_aut.max_lateral_color_um"
CODE V> BUF PUT B1 I^row J2 ^post_aut_max_lateral_color_um
CODE V> BUF PUT B1 I^row J1 "post_aut.max_rms_spot_diameter_um"
CODE V> BUF PUT B1 I^row J2 ^post_aut_max_rms_spot_diameter_um
CODE V> BUF PUT B1 I^row J1 "post_aut.max_rms_wavefront_error_waves"
CODE V> BUF PUT B1 I^row J2 ^post_aut_max_rms_wavefront_error_waves
CODE V> BUF PUT B1 I^row J1 "post_aut.max_distortion_pct"
CODE V> BUF PUT B1 I^row J2 ^post_aut_max_distortion_pct
CODE V> BUF PUT B1 I^row J1 "post_aut.fno"
CODE V> BUF PUT B1 I^row J2 ^post_aut_fno
CODE V> BUF PUT B1 I^row J1 "post_aut.epd_mm"
CODE V> BUF PUT B1 I^row J2 ^post_aut_epd
CODE V> BUF PUT B1 I^row J1 "post_aut.maximh_mm"
CODE V> BUF PUT B1 I^row J2 ^post_aut_maximh
CODE V> BUF PUT B1 I^row J1 "efl_target_deviation_pct"
CODE V> BUF PUT B1 I^row J2 ^efl_target_dev_pct
CODE V> BUF PUT B1 I^row J1 "aut_converged"
CODE V> BUF PUT B1 I^row J2 ^aut_converged
CODE V> BUF EXP B1 "D:\atelier-wt-c\.planning\loop\p15-stageb-evidence\fno-matrix-2026-07-11\US8908290B1_loosen\rung3_fno0240\atelier_codev_target_A_vig0000.tsv"
     Buffer B1 exported to file atelier_codev_target_A_vig0000.tsv
CODE V> BUF DEL B1
CODE V> OUT YES
CODE V> EXI YES
     EXI                                                                              11-Jul-26  14H  2M 45S
                                                 CODE V PC  Version: 11.5             CPU clock:  0H  0M  9S
