  
  
                                   Welcome to
  
                                   C O D E   V
  
                                PC  Version 11.5
                                   Build 27302701
  
                                   11-Jul-2026
  
                            A proprietary product of
  
                              SYNOPSYS, INC
                              Pasadena, California
  
CODE V> OUT NO
     Radius input/output mode
  
    Lens data created by Zemax version 200706
  
    Zemax command MODE ignored
    ZEMAX NOTE 0 table5
    Zemax command PFIL ignored
    Zemax command LANG ignored
     WARNING - Glass catalog list not used.
     WARNING - Ray aiming not used.
     WARNING - Pupil shift for ray aiming not used.
    Zemax command SDMA ignored
    Zemax command OMMA ignored
    Zemax command HYPR ignored
     WARNING - Vignetting angles not used.
    Zemax command POLS ignored
    Zemax command GLRS ignored
    Zemax command GSTD ignored
    Zemax command NSCD ignored
    Zemax command COFN ignored
    Zemax command COFN ignored
  
     Surface pointer = OBJ
    Zemax surface type  STANDARD
    CODE V surface type SPH
    Zemax command FIMP ignored.
     WARNING - Hiding of rays not used.
    Zemax command MIRR ignored.
    Zemax command SLAB ignored.
    Zemax command MEMA ignored.
    Zemax command POPS ignored.
  
     Surface pointer = 1
    Zemax surface type  STANDARD
    CODE V surface type SPH
    Zemax command FIMP ignored.
     WARNING - Hiding of rays not used.
    Zemax command MIRR ignored.
    Zemax command SLAB ignored.
    Zemax command MEMA ignored.
    Zemax command POPS ignored.
  
     Surface pointer = 2
    Zemax surface type  EVENASPH
    CODE V surface type ASP
    Zemax command FIMP ignored.
     WARNING - Hiding of rays not used.
    Zemax command MIRR ignored.
    Zemax command SLAB ignored.
     WARNING - Partial dispersion of model glass not used.
    Zemax command MEMA ignored.
    Zemax command POPS ignored.
  
     Surface pointer = 3
    Zemax surface type  EVENASPH
    CODE V surface type ASP
    Zemax command FIMP ignored.
     WARNING - Hiding of rays not used.
    Zemax command MIRR ignored.
    Zemax command SLAB ignored.
    Zemax command MEMA ignored.
    Zemax command POPS ignored.
  
     Surface pointer = 4
    Zemax surface type  EVENASPH
    CODE V surface type ASP
    Zemax command FIMP ignored.
     WARNING - Hiding of rays not used.
    Zemax command MIRR ignored.
    Zemax command SLAB ignored.
     WARNING - Partial dispersion of model glass not used.
    Zemax command MEMA ignored.
    Zemax command POPS ignored.
  
     Surface pointer = 5
    Zemax surface type  EVENASPH
    CODE V surface type ASP
    Zemax command FIMP ignored.
     WARNING - Hiding of rays not used.
    Zemax command MIRR ignored.
    Zemax command SLAB ignored.
    Zemax command MEMA ignored.
    Zemax command POPS ignored.
  
     Surface pointer = 6
    Zemax surface type  EVENASPH
    CODE V surface type ASP
    Zemax command FIMP ignored.
     WARNING - Hiding of rays not used.
    Zemax command MIRR ignored.
    Zemax command SLAB ignored.
     WARNING - Partial dispersion of model glass not used.
    Zemax command MEMA ignored.
    Zemax command POPS ignored.
  
     Surface pointer = 7
    Zemax surface type  EVENASPH
    CODE V surface type ASP
    Zemax command FIMP ignored.
     WARNING - Hiding of rays not used.
    Zemax command MIRR ignored.
    Zemax command SLAB ignored.
    Zemax command MEMA ignored.
    Zemax command POPS ignored.
  
     Surface pointer = 8
    Zemax surface type  EVENASPH
    CODE V surface type ASP
    Zemax command FIMP ignored.
     WARNING - Hiding of rays not used.
    Zemax command MIRR ignored.
    Zemax command SLAB ignored.
     WARNING - Partial dispersion of model glass not used.
    Zemax command MEMA ignored.
    Zemax command POPS ignored.
  
     Surface pointer = 9
    Zemax surface type  EVENASPH
    CODE V surface type ASP
    Zemax command FIMP ignored.
     WARNING - Hiding of rays not used.
    Zemax command MIRR ignored.
    Zemax command SLAB ignored.
    Zemax command MEMA ignored.
    Zemax command POPS ignored.
  
     Surface pointer = 10
    Zemax surface type  EVENASPH
    CODE V surface type ASP
    Zemax command FIMP ignored.
     WARNING - Hiding of rays not used.
    Zemax command MIRR ignored.
    Zemax command SLAB ignored.
     WARNING - Partial dispersion of model glass not used.
    Zemax command MEMA ignored.
    Zemax command POPS ignored.
  
     Surface pointer = 11
    Zemax surface type  EVENASPH
    CODE V surface type ASP
    Zemax command FIMP ignored.
     WARNING - Hiding of rays not used.
    Zemax command MIRR ignored.
    Zemax command SLAB ignored.
    Zemax command MEMA ignored.
    Zemax command POPS ignored.
  
     Surface pointer = 12
    Zemax surface type  EVENASPH
    CODE V surface type ASP
    Zemax command FIMP ignored.
     WARNING - Hiding of rays not used.
    Zemax command MIRR ignored.
    Zemax command SLAB ignored.
     WARNING - Partial dispersion of model glass not used.
    Zemax command MEMA ignored.
    Zemax command POPS ignored.
  
     Surface pointer = 13
    Zemax surface type  EVENASPH
    CODE V surface type ASP
    Zemax command FIMP ignored.
     WARNING - Hiding of rays not used.
    Zemax command MIRR ignored.
    Zemax command SLAB ignored.
    Zemax command MEMA ignored.
    Zemax command POPS ignored.
  
     Surface pointer = 14
    Zemax surface type  STANDARD
    CODE V surface type SPH
    Zemax command FIMP ignored.
     WARNING - Hiding of rays not used.
    Zemax command MIRR ignored.
    Zemax command SLAB ignored.
     WARNING - Partial dispersion of model glass not used.
    Zemax command MEMA ignored.
    Zemax command POPS ignored.
  
     Surface pointer = 15
    Zemax surface type  STANDARD
    CODE V surface type SPH
    Zemax command FIMP ignored.
     WARNING - Hiding of rays not used.
    Zemax command MIRR ignored.
    Zemax command SLAB ignored.
    Zemax command MEMA ignored.
    Zemax command POPS ignored.
  
     Surface pointer = IMG
    Zemax surface type  STANDARD
    CODE V surface type SPH
    Zemax command FIMP ignored.
     WARNING - Hiding of rays not used.
    Zemax command MIRR ignored.
    Zemax command SLAB ignored.
    Zemax command MEMA ignored.
    Zemax command POPS ignored.
  
     WARNING - Please check the converted lens carefully.
               Some information will not be converted.
               Changes in either CODE V or ZEMAX may invalidate
               the converted information.
               Due to differences between CODE V and ZEMAX ray
               aiming and vignetting factors, it is recommended
               that you set vignetting for the converted system.
  
               A concise listing of conversion warnings appears
               in the Tabbed Output Window 'Info' tab and in the
               Command Window.
  
CODE V> DEF VAR SA
     ERROR - Total reflection at surface   9 for zoom position  1
     ERROR - One or more of the reference rays from field  2 is deviated far from
             most of the other rays from this field point.  The reference rays are
             used to determine the numerical aperture and the grid spacing.  Thus, it
             is important that these rays are focused at approximately the same spot
             as the other rays from this field point.  Modifying the vignetting
             may solve this problem and allow the computation to proceed.
CODE V> FNO 2.34254284849329
 
 
CODE V> AUT
     AUT                                                                              11-Jul-26  14H 13M 59S
                                                 CODE V PC  Version: 11.5             CPU clock:  0H  0M  1S
     ***Defocussing frozen to eliminate redundant variable
AUT>   SUR N
AUT>   CHG SA
AUT>   WFR Y
AUT>   WTF FA 10
AUT>   EFL = 4.18514570787019
AUT>   @atelier_latcolor == @lcum(1)
AUT>   @atelier_latcolor = 0
AUT>   WTC 0.01
AUT>   @atelier_rmsspot == @rmssum(1)
AUT>   @atelier_rmsspot = 0
AUT>   WTC 0.001
AUT>   MNT 0.025
AUT>   MNE 0.025
AUT>   MXT 10
AUT>   MNA 0.001
AUT>   MXC 25
AUT>   MNC 3
AUT>   IMP 0.001
AUT> GO
 -------------------------------------------------------------------------------
  
       USER CONSTRAINT DEFINITIONS
            @atelier_rmsspot == @rmssum(1)
  
            @atelier_latcolor == @lcum(1)
  
  
  
       POTENTIALLY ACTIVE SPECIFIC CONSTRAINTS
         EFL                                  =       4.185146
         @ATELIER_LATCOLOR                    =       0.000000     (WTC =    0.01000)
         @ATELIER_RMSSPOT                     =       0.000000     (WTC =    0.00100)
  
       GENERAL CONSTRAINTS
         MXT      10.000000
         MNT       0.025000
         MNE       0.025000
         MNA       0.001000
         MAE       0.002500
         GLA               NFK5  NSK16  NLAF2  SF4
  
       ERROR FUNCTION CONSTRUCTION
         WFR        Y
         WTW       1          1          1
         WTA       0.000000
         DEL       0.220000
         WTX F1   10.000000
         WTX F2   10.000000
         WTX F3   10.000000
         WTY F1   10.000000
         WTY F2   10.000000
         WTY F3   10.000000
  
       CONVERGENCE CONTROLS
         MXC        25
         MNC         3
         TAR       0.000000
         IMP       0.001000
  
       OUTPUT CONTROLS
         SUR NO
         CHG S0..16
  
     Recommendations for most stable convergence:
  
       Use object space aperture specifications:
       - NAO for finite conjugate systems
       - EPD for infinite conjugate systems
  
       VARIABLE LIST
  
         NO      PARAMETERS *
          1      CUY S2       CUY S3
          2      CUY S3       CUY S4
          3      CUY S4       CUY S5
          4      CUY S5       CUY S6
          5      CUY S6       CUY S7       CUY S8       CUY S9
          6      CUY S7       CUY S8
          7      CUY S8       CUY S9
          8      CUY S9       CUY S10
          9      CUY S10       CUY S11
         10      CUY S11       CUY S12
         11      CUY S12       CUY S13
         12      CUY S13
         13      A   S2
         14      A   S3
         15      A   S4
         16      A   S5
         17      A   S6
         18      A   S7
         19      A   S8
         20      A   S9
         21      A   S10
         22      A   S11
         23      A   S12
         24      A   S13
         25      THI S1
         26      THI S3
         27      THI S5
         28      THI S7
         29      THI S9
         30      THI S11
         31      THI S13
         32      THI S15
  
     * Multiple entries on a line are composite variables.
     Composite variables are either program-generated bendings
     or user-requested couplings.
  
      32 VARIABLES
  
      32 CONSTRAINTS CAN BE ACTIVE
  
     RELATIVE TIME PER CYCLE IS  267.8 UNITS
     WARNING - The macro function SPOTDATA is not supported on multiple threads.
               CODE V will set the multiple processor setting (MPP) to 1 to prevent errors.
               Please refer to the CODE V Setup and Operation Reference Manual for a complete list
               of pre-defined macro functions that are currently limited to running on a single thread.
  
 CYCLE NUMBER 0:
  
  ABERR F. =        2.18960654
  CONST F. =     5958.89582883
  ERR. F.  =     5961.08543537
  
  OPD     1.64523924     2.50229949     2.01545127
  WAV     1.78157646     2.76545372     2.21678893
  
  
  
  Parameter                 Value            Change
  CUY S2                4.21940928E-01      0.00E+00
  CUY S3               -4.58652479E-02      0.00E+00
  CUY S4                3.64033491E-01      0.00E+00
  CUY S5                5.85480094E-01      0.00E+00
  CUY S6                1.22549020E-01      0.00E+00
  CUY S7                1.72860847E-01      0.00E+00
  CUY S8                3.26813406E-03      0.00E+00
  CUY S9               -4.32900433E-01      0.00E+00
  CUY S10              -1.09409190E+00      0.00E+00
  CUY S11              -7.97448166E-01      0.00E+00
  CUY S12               5.83090379E-01      0.00E+00
  CUY S13               6.98812020E-01      0.00E+00
  A   S2               -4.32610000E-04      0.00E+00
  A   S3               -3.79240000E-04      0.00E+00
  A   S4               -2.80280000E-02      0.00E+00
  A   S5               -3.37740000E-02      0.00E+00
  A   S6               -5.59350000E-02      0.00E+00
  A   S7               -6.64420000E-02      0.00E+00
  A   S8               -7.60050000E-02      0.00E+00
  A   S9               -3.05400000E-02      0.00E+00
  A   S10              -3.96490000E-02      0.00E+00
  A   S11               1.04980000E-01      0.00E+00
  A   S12              -1.11710000E-01      0.00E+00
  A   S13              -5.35770000E-02      0.00E+00
  THI S1               -2.17000000E-01      0.00E+00
  THI S3                5.00000000E-02      0.00E+00
  THI S5                3.38000000E-01      0.00E+00
  THI S7                1.97000000E-01      0.00E+00
  THI S9                3.86000000E-01      0.00E+00
  THI S11               1.92000000E-01      0.00E+00
  THI S13               8.00000000E-01      0.00E+00
  THI S15               4.00000000E-01      0.00E+00
  
        EFL          REDU         PIM          OAL         EN PUP       EX PUP
      4.186649     0.000000     0.386375     4.871000     0.000000    -3.197874
  
  Specific Constraints:        target        value         diff      active (**)
  EFL                    =   4.18515E+00   4.18665E+00   1.503E-03    **
  
  Weighted Constraints:        target        value        WTC/PTC     contrib
  @ATELIER_LATCOLOR      =   0.00000E+00   3.65694E-01   1.000E-02   1.337E+01
  @ATELIER_RMSSPOT       =   0.00000E+00   7.71072E+01   1.000E-03   5.946E+03
  
  Constraints added:      EFL (=)                     Mn CT S1 (>)
 RAY ERROR: REFL  7
  
 CYCLE NUMBER 1:
  
  ABERR F. =        0.48955779
  CONST F. =      700.15909436
  ERR. F.  =      700.64865215       (change =    -5260.43678322)
  
  OPD     0.40827752     0.42038647     0.51634765
  WAV     0.42106467     0.59754774     0.54185979
  
  
  
  Parameter                 Value            Change
  CUY S2                4.25448239E-01      3.51E-03
  CUY S3               -4.41616502E-02      1.70E-03
  CUY S4                3.53114911E-01     -1.09E-02
  CUY S5                5.82413729E-01     -3.07E-03
  CUY S6                1.29425747E-01      6.88E-03
  CUY S7                1.88596490E-01      1.57E-02
  CUY S8                1.79654241E-02      1.47E-02
  CUY S9               -4.33933156E-01     -1.03E-03
  CUY S10              -1.09535010E+00     -1.26E-03
  CUY S11              -7.97978860E-01     -5.31E-04
  CUY S12               5.89016843E-01      5.93E-03
  CUY S13               7.05035060E-01      6.22E-03
  A   S2                8.81324489E-06      4.41E-04
  A   S3               -9.17015147E-04     -5.38E-04
  A   S4               -2.74828178E-02      5.45E-04
  A   S5               -3.43276205E-02     -5.54E-04
  A   S6               -5.53026544E-02      6.32E-04
  A   S7               -6.71163431E-02     -6.74E-04
  A   S8               -7.52602432E-02      7.45E-04
  A   S9               -3.10748908E-02     -5.35E-04
  A   S10              -3.92969075E-02      3.52E-04
  A   S11               1.04731204E-01     -2.49E-04
  A   S12              -1.11436424E-01      2.74E-04
  A   S13              -5.28508290E-02      7.26E-04
  THI S1               -1.08000000E-01      1.09E-01
  THI S3                6.82701062E-02      1.83E-02
  THI S5                3.41952612E-01      3.95E-03
  THI S7                1.89694176E-01     -7.31E-03
  THI S9                3.88286838E-01      2.29E-03
  THI S11               2.02179438E-01      1.02E-02
  THI S13               8.14265371E-01      1.43E-02
  THI S15               4.14265371E-01      1.43E-02
  
        EFL          REDU         PIM          OAL         EN PUP       EX PUP
      4.185320     0.000000     0.358368     5.021649     0.000000    -3.315443
  
  Active Constraints -   2:    target        value         diff        cost
  EFL                    =   4.18515E+00   4.18532E+00   1.742E-04   3.112E-06
  Mn CT S1                                                          -4.315E-06
  
  Weighted Constraints:        target        value        WTC/PTC     contrib
  @ATELIER_LATCOLOR      =   0.00000E+00   4.93487E-01   1.000E-02   2.435E+01
  @ATELIER_RMSSPOT       =   0.00000E+00   2.59963E+01   1.000E-03   6.758E+02
 RAY ERROR: MISS  6
  
 CYCLE NUMBER 2:
  
  ABERR F. =        0.63148755
  CONST F. =     1445.09766662
  ERR. F.  =     1445.72915418       (change =      745.08050202)
  
  OPD     0.21467525     0.86579080     0.45369712
  WAV     0.25174226     1.01435293     0.54667439
  
  
  
  Parameter                 Value            Change
  CUY S2                4.24302928E-01     -1.15E-03
  CUY S3               -4.43298520E-02     -1.68E-04
  CUY S4                3.58527139E-01      5.41E-03
  CUY S5                5.85524588E-01      3.11E-03
  CUY S6                1.28955300E-01     -4.70E-04
  CUY S7                1.88482482E-01     -1.14E-04
  CUY S8                1.84437368E-02      4.78E-04
  CUY S9               -4.32007647E-01      1.93E-03
  CUY S10              -1.09527282E+00      7.73E-05
  CUY S11              -7.98775999E-01     -7.97E-04
  CUY S12               5.88236502E-01     -7.80E-04
  CUY S13               7.08569737E-01      3.53E-03
  A   S2               -2.49753345E-04     -2.59E-04
  A   S3               -6.55246820E-04      2.62E-04
  A   S4               -2.75537817E-02     -7.10E-05
  A   S5               -3.41028121E-02      2.25E-04
  A   S6               -5.55803716E-02     -2.78E-04
  A   S7               -6.67168786E-02      3.99E-04
  A   S8               -7.57153790E-02     -4.55E-04
  A   S9               -3.07498008E-02      3.25E-04
  A   S10              -3.95452019E-02     -2.48E-04
  A   S11               1.04856685E-01      1.25E-04
  A   S12              -1.11541991E-01     -1.06E-04
  A   S13              -5.32184687E-02     -3.68E-04
  THI S1               -5.35000000E-02      5.45E-02
  THI S3                6.65287354E-02     -1.74E-03
  THI S5                3.16056343E-01     -2.59E-02
  THI S7                1.88533336E-01     -1.16E-03
  THI S9                3.84258830E-01     -4.03E-03
  THI S11               2.23488490E-01      2.13E-02
  THI S13               8.08543799E-01     -5.72E-03
  THI S15               4.08543799E-01     -5.72E-03
  
        EFL          REDU         PIM          OAL         EN PUP       EX PUP
      4.185155     0.000000     0.362191     5.058910     0.000000    -3.325368
  
  Active Constraints -   2:    target        value         diff        cost
  EFL                    =   4.18515E+00   4.18515E+00   9.133E-06   3.230E-05
  Mn CT S1                                                          -1.717E-05
  
  Weighted Constraints:        target        value        WTC/PTC     contrib
  @ATELIER_LATCOLOR      =   0.00000E+00   1.00557E-01   1.000E-02   1.011E+00
  @ATELIER_RMSSPOT       =   0.00000E+00   3.80011E+01   1.000E-03   1.444E+03
 RAY ERROR: MISS  6
  
 CYCLE NUMBER 3:
  
  ABERR F. =        0.69681394
  CONST F. =     1147.40896694
  ERR. F.  =     1148.10578088       (change =     -297.62337329)
  
  OPD     0.31159798     0.79015881     0.42290318
  WAV     0.33076750     1.29218181     0.48359661
  
  
  
  Parameter                 Value            Change
  CUY S2                4.25180147E-01      8.77E-04
  CUY S3               -4.48304752E-02     -5.01E-04
  CUY S4                4.51939996E-01      9.34E-02
  CUY S5                6.81199740E-01      9.57E-02
  CUY S6                1.29237685E-01      2.82E-04
  CUY S7                1.90900795E-01      2.42E-03
  CUY S8                2.05979407E-02      2.15E-03
  CUY S9               -4.33112458E-01     -1.10E-03
  CUY S10              -1.09428071E+00      9.92E-04
  CUY S11              -7.97119298E-01      1.66E-03
  CUY S12               5.60734850E-01     -2.75E-02
  CUY S13               6.86730232E-01     -2.18E-02
  A   S2                5.01835982E-05      3.00E-04
  A   S3               -1.05959045E-03     -4.04E-04
  A   S4               -2.72121418E-02      3.42E-04
  A   S5               -3.42545640E-02     -1.52E-04
  A   S6               -5.55899075E-02     -9.54E-06
  A   S7               -6.66980423E-02      1.88E-05
  A   S8               -7.54887139E-02      2.27E-04
  A   S9               -3.09112125E-02     -1.61E-04
  A   S10              -3.94849501E-02      6.03E-05
  A   S11               1.04964602E-01      1.08E-04
  A   S12              -1.11459910E-01      8.21E-05
  A   S13              -5.40733611E-02     -8.55E-04
  THI S1               -2.62500000E-02      2.72E-02
  THI S3                5.09902564E-02     -1.55E-02
  THI S5                3.19485215E-01      3.43E-03
  THI S7                2.03113813E-01      1.46E-02
  THI S9                3.85876197E-01      1.62E-03
  THI S11               2.77094628E-01      5.36E-02
  THI S13               8.13041698E-01      4.50E-03
  THI S15               4.13041698E-01      4.50E-03
  
        EFL          REDU         PIM          OAL         EN PUP       EX PUP
      4.170858     0.000000     0.253331     5.148352     0.000000    -3.375841
  
  Active Constraints -   2:    target        value         diff        cost
  EFL                    =   4.18515E+00   4.17086E+00  -1.429E-02   4.169E-05
  Mn CT S1                                                          -8.689E-06
  
  Weighted Constraints:        target        value        WTC/PTC     contrib
  @ATELIER_LATCOLOR      =   0.00000E+00   2.00026E-01   1.000E-02   4.001E+00
  @ATELIER_RMSSPOT       =   0.00000E+00   3.38143E+01   1.000E-03   1.143E+03
 RAY ERROR: MISS  6
  
 CYCLE NUMBER 4:
  
  ABERR F. =        2.24740110
  CONST F. =     3358.51318949
  ERR. F.  =     3360.76059058       (change =     2212.65480970)
  
  OPD     0.22705410     3.48468551     0.68463597
  WAV     0.24740906     4.11885018     0.78448644
  
  
  
  Parameter                 Value            Change
  CUY S2                4.01225065E-01     -2.40E-02
  CUY S3               -8.33881913E-02     -3.86E-02
  CUY S4                4.34590654E-01     -1.73E-02
  CUY S5                6.78285844E-01     -2.91E-03
  CUY S6                1.29095680E-01     -1.42E-04
  CUY S7                1.90715720E-01     -1.85E-04
  CUY S8                2.04349781E-02     -1.63E-04
  CUY S9               -4.33045273E-01      6.72E-05
  CUY S10              -1.09493272E+00     -6.52E-04
  CUY S11              -7.98264901E-01     -1.15E-03
  CUY S12               5.64977567E-01      4.24E-03
  CUY S13               6.82328828E-01     -4.40E-03
  A   S2                3.81629161E-05     -1.20E-05
  A   S3               -1.04569261E-03      1.39E-05
  A   S4               -2.72254650E-02     -1.33E-05
  A   S5               -3.42367908E-02      1.78E-05
  A   S6               -5.55816540E-02      8.25E-06
  A   S7               -6.67208508E-02     -2.28E-05
  A   S8               -7.55303916E-02     -4.17E-05
  A   S9               -3.08971642E-02      1.40E-05
  A   S10              -3.94991432E-02     -1.42E-05
  A   S11               1.04910864E-01     -5.37E-05
  A   S12              -1.11463986E-01     -4.08E-06
  A   S13              -5.40920877E-02     -1.87E-05
  THI S1               -1.26250000E-02      1.36E-02
  THI S3                5.06710796E-02     -3.19E-04
  THI S5                3.17955841E-01     -1.53E-03
  THI S7                1.99501906E-01     -3.61E-03
  THI S9                3.85566050E-01     -3.10E-04
  THI S11               2.79930174E-01      2.84E-03
  THI S13               8.11379908E-01     -1.66E-03
  THI S15               4.11379908E-01     -1.66E-03
  
        EFL          REDU         PIM          OAL         EN PUP       EX PUP
      4.176074     0.000000     0.293123     5.157380     0.000000    -3.409376
  
  Active Constraints -   2:    target        value         diff        cost
  EFL                    =   4.18515E+00   4.17607E+00  -9.072E-03   1.465E-03
  Mn CT S1                                                          -1.224E-03
  
  Weighted Constraints:        target        value        WTC/PTC     contrib
  @ATELIER_LATCOLOR      =   0.00000E+00   6.88650E-02   1.000E-02   4.742E-01
  @ATELIER_RMSSPOT       =   0.00000E+00   5.79486E+01   1.000E-03   3.358E+03
  
 CYCLE NUMBER 5:
  
  ABERR F. =        0.90497524
  CONST F. =      164.30842390
  ERR. F.  =      165.21339914       (change =    -3195.54719145)
  
  OPD     0.22944900     1.40782110     0.23278072
  WAV     0.29169752     1.63424716     0.26312713
  
  
  
  Parameter                 Value            Change
  CUY S2                4.10348294E-01      9.12E-03
  CUY S3               -7.73602718E-02      6.03E-03
  CUY S4                4.31646405E-01     -2.94E-03
  CUY S5                6.76806729E-01     -1.48E-03
  CUY S6                1.18304900E-01     -1.08E-02
  CUY S7                1.79096549E-01     -1.16E-02
  CUY S8                1.66315446E-02     -3.80E-03
  CUY S9               -4.32302542E-01      7.43E-04
  CUY S10              -1.09080222E+00      4.13E-03
  CUY S11              -7.95432408E-01      2.83E-03
  CUY S12               5.65595176E-01      6.18E-04
  CUY S13               6.83411915E-01      1.08E-03
  A   S2                1.63505906E-03      1.60E-03
  A   S3               -2.39575166E-03     -1.35E-03
  A   S4               -2.56721097E-02      1.55E-03
  A   S5               -3.73547301E-02     -3.12E-03
  A   S6               -5.71445434E-02     -1.56E-03
  A   S7               -6.49516530E-02      1.77E-03
  A   S8               -7.68016222E-02     -1.27E-03
  A   S9               -2.85115088E-02      2.39E-03
  A   S10              -3.71107188E-02      2.39E-03
  A   S11               1.04702671E-01     -2.08E-04
  A   S12              -1.11537540E-01     -7.36E-05
  A   S13              -5.29828569E-02      1.11E-03
  THI S1                1.00000000E-03      1.36E-02
  THI S3                4.03675746E-02     -1.03E-02
  THI S5                3.15207517E-01     -2.75E-03
  THI S7                2.05943173E-01      6.44E-03
  THI S9                3.91407511E-01      5.84E-03
  THI S11               3.39097442E-01      5.92E-02
  THI S13               7.40507996E-01     -7.09E-02
  THI S15               3.40507997E-01     -7.09E-02
  
        EFL          REDU         PIM          OAL         EN PUP       EX PUP
      4.185148     0.000000     0.328601     5.158531     0.000000    -3.386269
  
  Active Constraints -   2:    target        value         diff        cost
  EFL                    =   4.18515E+00   4.18515E+00   2.716E-06   4.204E-05
  Mn CT S1                                                          -3.481E-05
  
  Weighted Constraints:        target        value        WTC/PTC     contrib
  @ATELIER_LATCOLOR      =   0.00000E+00   3.17265E-01   1.000E-02   1.007E+01
  @ATELIER_RMSSPOT       =   0.00000E+00   1.24194E+01   1.000E-03   1.542E+02
 RAY ERROR: MISS 10
 RAY ERROR: REFL  9
  
 CYCLE NUMBER 6:
  
  ABERR F. =        0.90635189
  CONST F. =      131.40292490
  ERR. F.  =      132.30927679       (change =      -32.90412234)
  
  OPD     0.22244628     1.41379705     0.27156136
  WAV     0.27465087     1.62415053     0.30576851
  
  
  
  Parameter                 Value            Change
  CUY S2                4.10342875E-01     -5.42E-06
  CUY S3               -7.73423672E-02      1.79E-05
  CUY S4                4.31660452E-01      1.40E-05
  CUY S5                6.76798767E-01     -7.96E-06
  CUY S6                1.18458793E-01      1.54E-04
  CUY S7                1.79296022E-01      1.99E-04
  CUY S8                1.68254234E-02      1.94E-04
  CUY S9               -4.32036483E-01      2.66E-04
  CUY S10              -1.09054191E+00      2.60E-04
  CUY S11              -7.95176422E-01      2.56E-04
  CUY S12               5.65769572E-01      1.74E-04
  CUY S13               6.83486373E-01      7.45E-05
  A   S2                1.60963870E-03     -2.54E-05
  A   S3               -2.36921687E-03      2.65E-05
  A   S4               -2.57012895E-02     -2.92E-05
  A   S5               -3.73135563E-02      4.12E-05
  A   S6               -5.71910690E-02     -4.65E-05
  A   S7               -6.49913745E-02     -3.97E-05
  A   S8               -7.66838887E-02      1.18E-04
  A   S9               -2.85238564E-02     -1.23E-05
  A   S10              -3.71165276E-02     -5.81E-06
  A   S11               1.04746803E-01      4.41E-05
  A   S12              -1.11636436E-01     -9.89E-05
  A   S13              -5.29615818E-02      2.13E-05
  THI S1                1.00000000E-03     -2.17E-19
  THI S3                4.00811744E-02     -2.86E-04
  THI S5                3.14988031E-01     -2.19E-04
  THI S7                2.05370162E-01     -5.73E-04
  THI S9                3.91402554E-01     -4.96E-06
  THI S11               3.38597589E-01     -5.00E-04
  THI S13               7.39161928E-01     -1.35E-03
  THI S15               3.39161930E-01     -1.35E-03
  
        EFL          REDU         PIM          OAL         EN PUP       EX PUP
      4.185147     0.000000     0.330868     5.155601     0.000000    -3.383401
  
  Active Constraints -   2:    target        value         diff        cost
  EFL                    =   4.18515E+00   4.18515E+00   1.373E-06   1.201E-04
  Mn CT S1                                                          -4.992E-04
  
  Weighted Constraints:        target        value        WTC/PTC     contrib
  @ATELIER_LATCOLOR      =   0.00000E+00   2.96596E-01   1.000E-02   8.797E+00
  @ATELIER_RMSSPOT       =   0.00000E+00   1.10728E+01   1.000E-03   1.226E+02
 RAY ERROR: MISS 10
     Derivative scaled for variable  27
 RAY ERROR: REFL  9
  
 CYCLE NUMBER 7:
  
  ABERR F. =        0.89260005
  CONST F. =      120.01207635
  ERR. F.  =      120.90467640       (change =      -11.40460040)
  
  OPD     0.21740378     1.39466395     0.30265039
  WAV     0.26655284     1.58377059     0.34216983
  
  
  
  Parameter                 Value            Change
  CUY S2                4.10124687E-01     -2.18E-04
  CUY S3               -7.75611143E-02     -2.19E-04
  CUY S4                4.32006006E-01      3.46E-04
  CUY S5                6.77042312E-01      2.44E-04
  CUY S6                1.18343797E-01     -1.15E-04
  CUY S7                1.78694883E-01     -6.01E-04
  CUY S8                1.64323521E-02     -3.93E-04
  CUY S9               -4.31996861E-01      3.96E-05
  CUY S10              -1.09058234E+00     -4.04E-05
  CUY S11              -7.94938522E-01      2.38E-04
  CUY S12               5.65867403E-01      9.78E-05
  CUY S13               6.83449123E-01     -3.72E-05
  A   S2                1.61311987E-03      3.48E-06
  A   S3               -2.37221850E-03     -3.00E-06
  A   S4               -2.56983976E-02      2.89E-06
  A   S5               -3.73179157E-02     -4.36E-06
  A   S6               -5.71537648E-02      3.73E-05
  A   S7               -6.49371086E-02      5.43E-05
  A   S8               -7.67453670E-02     -6.15E-05
  A   S9               -2.84616251E-02      6.22E-05
  A   S10              -3.71679126E-02     -5.14E-05
  A   S11               1.04740367E-01     -6.44E-06
  A   S12              -1.11626568E-01      9.87E-06
  A   S13              -5.29898568E-02     -2.83E-05
  THI S1                1.00000000E-03     -6.51E-19
  THI S3                3.98551514E-02     -2.26E-04
  THI S5                3.14959042E-01     -2.90E-05
  THI S7                2.05452927E-01      8.28E-05
  THI S9                3.91070028E-01     -3.33E-04
  THI S11               3.37962320E-01     -6.35E-04
  THI S13               7.40496144E-01      1.33E-03
  THI S15               3.40496145E-01      1.33E-03
  
        EFL          REDU         PIM          OAL         EN PUP       EX PUP
      4.185146     0.000000     0.330029     5.155796     0.000000    -3.383640
  
  Active Constraints -   2:    target        value         diff        cost
  EFL                    =   4.18515E+00   4.18515E+00   7.858E-10  -3.549E-03
  Mn CT S1                                                          -3.183E-04
  
  Weighted Constraints:        target        value        WTC/PTC     contrib
  @ATELIER_LATCOLOR      =   0.00000E+00   2.77359E-01   1.000E-02   7.693E+00
  @ATELIER_RMSSPOT       =   0.00000E+00   1.05981E+01   1.000E-03   1.123E+02
  
 CYCLE NUMBER 8:
  
  ABERR F. =        0.89595527
  CONST F. =      119.88211138
  ERR. F.  =      120.77806665       (change =       -0.12660975)
  
  OPD     0.21757262     1.39952537     0.30260090
  WAV     0.26665573     1.59082231     0.34207852
  
  
  
  Parameter                 Value            Change
  CUY S2                4.10128031E-01      3.34E-06
  CUY S3               -7.75762737E-02     -1.52E-05
  CUY S4                4.31984480E-01     -2.15E-05
  CUY S5                6.77040669E-01     -1.64E-06
  CUY S6                1.18343506E-01     -2.91E-07
  CUY S7                1.78695024E-01      1.41E-07
  CUY S8                1.64310703E-02     -1.28E-06
  CUY S9               -4.31999164E-01     -2.30E-06
  CUY S10              -1.09058423E+00     -1.88E-06
  CUY S11              -7.94943683E-01     -5.16E-06
  CUY S12               5.65860666E-01     -6.74E-06
  CUY S13               6.83444988E-01     -4.14E-06
  A   S2                1.61304328E-03     -7.66E-08
  A   S3               -2.36804149E-03      4.18E-06
  A   S4               -2.57031156E-02     -4.72E-06
  A   S5               -3.73178191E-02      9.67E-08
  A   S6               -5.71542332E-02     -4.68E-07
  A   S7               -6.49397936E-02     -2.69E-06
  A   S8               -7.67423153E-02      3.05E-06
  A   S9               -2.84647479E-02     -3.12E-06
  A   S10              -3.71646925E-02      3.22E-06
  A   S11               1.04740962E-01      5.94E-07
  A   S12              -1.11635530E-01     -8.96E-06
  A   S13              -5.29875324E-02      2.32E-06
  THI S1                1.00000000E-03      0.00E+00
  THI S3                3.98613051E-02      6.15E-06
  THI S5                3.14969726E-01      1.07E-05
  THI S7                2.05451488E-01     -1.44E-06
  THI S9                3.91129783E-01      5.98E-05
  THI S11               3.37973724E-01      1.14E-05
  THI S13               7.40401333E-01     -9.48E-05
  THI S15               3.40401335E-01     -9.48E-05
  
        EFL          REDU         PIM          OAL         EN PUP       EX PUP
      4.185146     0.000000     0.330052     5.155787     0.000000    -3.383597
  
  Active Constraints -   2:    target        value         diff        cost
  EFL                    =   4.18515E+00   4.18515E+00   2.343E-12   5.196E-03
  Mn CT S1                                                          -3.402E-04
  
  Weighted Constraints:        target        value        WTC/PTC     contrib
  @ATELIER_LATCOLOR      =   0.00000E+00   2.77034E-01   1.000E-02   7.675E+00
  @ATELIER_RMSSPOT       =   0.00000E+00   1.05928E+01   1.000E-03   1.122E+02
 RAY ERROR: REFL  9
  
 CYCLE NUMBER 9:
  
  ABERR F. =        0.89595394
  CONST F. =      119.88772652
  ERR. F.  =      120.78368046       (change =        0.00561381)
  
  OPD     0.21757174     1.39952397     0.30260667
  WAV     0.26665437     1.59081685     0.34208532
  
  
  
  Parameter                 Value            Change
  CUY S2                4.10128030E-01     -5.63E-10
  CUY S3               -7.75762591E-02      1.46E-08
  CUY S4                4.31984499E-01      1.97E-08
  CUY S5                6.77040656E-01     -1.24E-08
  CUY S6                1.18343499E-01     -7.28E-09
  CUY S7                1.78694844E-01     -1.80E-07
  CUY S8                1.64309343E-02     -1.36E-07
  CUY S9               -4.31999110E-01      5.39E-08
  CUY S10              -1.09058420E+00      2.40E-08
  CUY S11              -7.94943659E-01      2.42E-08
  CUY S12               5.65860670E-01      3.76E-09
  CUY S13               6.83445016E-01      2.85E-08
  A   S2                1.61304603E-03      2.76E-09
  A   S3               -2.36804460E-03     -3.11E-09
  A   S4               -2.57031127E-02      2.97E-09
  A   S5               -3.73178191E-02     -1.31E-11
  A   S6               -5.71542332E-02      5.98E-11
  A   S7               -6.49397822E-02      1.13E-08
  A   S8               -7.67423286E-02     -1.32E-08
  A   S9               -2.84647474E-02      4.97E-10
  A   S10              -3.71646929E-02     -3.71E-10
  A   S11               1.04740958E-01     -3.52E-09
  A   S12              -1.11635529E-01      1.48E-09
  A   S13              -5.29875428E-02     -1.05E-08
  THI S1                1.00000000E-03      0.00E+00
  THI S3                3.98613043E-02     -7.66E-10
  THI S5                3.14969721E-01     -4.86E-09
  THI S7                2.05451550E-01      6.16E-08
  THI S9                3.91129781E-01     -2.10E-09
  THI S11               3.37973609E-01     -1.14E-07
  THI S13               7.40401470E-01      1.37E-07
  THI S15               3.40401472E-01      1.37E-07
  
        EFL          REDU         PIM          OAL         EN PUP       EX PUP
      4.185146     0.000000     0.330052     5.155787     0.000000    -3.383596
  
  Active Constraints -   2:    target        value         diff        cost
  EFL                    =   4.18515E+00   4.18515E+00   4.441E-15   1.173E-02
  Mn CT S1                                                          -3.413E-04
  
  Weighted Constraints:        target        value        WTC/PTC     contrib
  @ATELIER_LATCOLOR      =   0.00000E+00   2.77034E-01   1.000E-02   7.675E+00
  @ATELIER_RMSSPOT       =   0.00000E+00   1.05931E+01   1.000E-03   1.122E+02
  
  Constraints released:   Mn CT S1 (>)
  Constraints released:   Mn CT S1 (>)
  
 CYCLE NUMBER 10:
  
  ABERR F. =        0.89635234
  CONST F. =      119.83898319
  ERR. F.  =      120.73533552       (change =       -0.04834493)
  
  OPD     0.21759667     1.40008889     0.30232369
  WAV     0.26670362     1.59177709     0.34176469
  
  
  
  Parameter                 Value            Change
  CUY S2                4.10129574E-01      1.54E-06
  CUY S3               -7.75747273E-02      1.53E-06
  CUY S4                4.31984363E-01     -1.36E-07
  CUY S5                6.77040543E-01     -1.13E-07
  CUY S6                1.18340356E-01     -3.14E-06
  CUY S7                1.78692143E-01     -2.70E-06
  CUY S8                1.64281050E-02     -2.83E-06
  CUY S9               -4.32003310E-01     -4.20E-06
  CUY S10              -1.09058670E+00     -2.50E-06
  CUY S11              -7.94946493E-01     -2.83E-06
  CUY S12               5.65855450E-01     -5.22E-06
  CUY S13               6.83440889E-01     -4.13E-06
  A   S2                1.61303751E-03     -8.52E-09
  A   S3               -2.36739086E-03      6.54E-07
  A   S4               -2.57038504E-02     -7.38E-07
  A   S5               -3.73181534E-02     -3.34E-07
  A   S6               -5.71538326E-02      4.01E-07
  A   S7               -6.49398094E-02     -2.72E-08
  A   S8               -7.67422971E-02      3.15E-08
  A   S9               -2.84652966E-02     -5.49E-07
  A   S10              -3.71641797E-02      5.13E-07
  A   S11               1.04741693E-01      7.35E-07
  A   S12              -1.11634823E-01      7.05E-07
  A   S13              -5.29872361E-02      3.07E-07
  THI S1                1.00019968E-03      2.00E-07
  THI S3                3.98701290E-02      8.82E-06
  THI S5                3.14971878E-01      2.16E-06
  THI S7                2.05451037E-01     -5.13E-07
  THI S9                3.91138426E-01      8.65E-06
  THI S11               3.37989531E-01      1.59E-05
  THI S13               7.40383310E-01     -1.82E-05
  THI S15               3.40383311E-01     -1.82E-05
  
        EFL          REDU         PIM          OAL         EN PUP       EX PUP
      4.185146     0.000000     0.330042     5.155805     0.000000    -3.383605
  
  Active Constraints -   1:    target        value         diff        cost
  EFL                    =   4.18515E+00   4.18515E+00  -1.714E-09   1.258E-02
  
  Weighted Constraints:        target        value        WTC/PTC     contrib
  @ATELIER_LATCOLOR      =   0.00000E+00   2.77126E-01   1.000E-02   7.680E+00
  @ATELIER_RMSSPOT       =   0.00000E+00   1.05905E+01   1.000E-03   1.122E+02
  
     Normal AUTO Completion - System improvement less than IMP
AUT> GO
 
 
CODE V> BUF PUT B1 I^row J1 "schema"
      Created new worksheet B1.
CODE V> BUF PUT B1 I^row J2 "atelier-codev-target-v1"
CODE V> BUF PUT B1 I^row J1 "status"
CODE V> BUF PUT B1 I^row J2 "ok"
CODE V> BUF PUT B1 I^row J1 "mode"
CODE V> BUF PUT B1 I^row J2 "target"
CODE V> BUF PUT B1 I^row J1 "stage"
CODE V> BUF PUT B1 I^row J2 "A"
CODE V> BUF PUT B1 I^row J1 "source_zmx"
CODE V> BUF PUT B1 I^row J2 "US20140111876A1.zmx"
CODE V> BUF PUT B1 I^row J1 "num_fields"
CODE V> BUF PUT B1 I^row J2 ^numf_out
CODE V> BUF PUT B1 I^row J1 "vignetting_edge"
CODE V> BUF PUT B1 I^row J2 0
CODE V> BUF PUT B1 I^row J1 "target.efl_mm"
CODE V> BUF PUT B1 I^row J2 ^target_efl
CODE V> BUF PUT B1 I^row J1 "target.f_number"
CODE V> BUF PUT B1 I^row J2 2.34254284849329
CODE V> BUF PUT B1 I^row J1 "seed_baseline.efl_y_mm"
CODE V> BUF PUT B1 I^row J2 ^seed_baseline_efl_y_mm
CODE V> BUF PUT B1 I^row J1 "seed_baseline.max_lateral_color_um"
CODE V> BUF PUT B1 I^row J2 ^seed_baseline_max_lateral_color_um
CODE V> BUF PUT B1 I^row J1 "seed_baseline.max_rms_spot_diameter_um"
CODE V> BUF PUT B1 I^row J2 ^seed_baseline_max_rms_spot_diameter_um
CODE V> BUF PUT B1 I^row J1 "seed_baseline.max_rms_wavefront_error_waves"
CODE V> BUF PUT B1 I^row J2 ^seed_baseline_max_rms_wavefront_error_waves
CODE V> BUF PUT B1 I^row J1 "seed_baseline.max_distortion_pct"
CODE V> BUF PUT B1 I^row J2 ^seed_baseline_max_distortion_pct
CODE V> BUF PUT B1 I^row J1 "seed_baseline.fno"
CODE V> BUF PUT B1 I^row J2 ^seed_baseline_fno
CODE V> BUF PUT B1 I^row J1 "seed_baseline.epd_mm"
CODE V> BUF PUT B1 I^row J2 ^seed_baseline_epd
CODE V> BUF PUT B1 I^row J1 "seed_baseline.maximh_mm"
CODE V> BUF PUT B1 I^row J2 ^seed_baseline_maximh
CODE V> BUF PUT B1 I^row J1 "config_pre_aut.efl_y_mm"
CODE V> BUF PUT B1 I^row J2 ^config_pre_aut_efl_y_mm
CODE V> BUF PUT B1 I^row J1 "config_pre_aut.max_lateral_color_um"
CODE V> BUF PUT B1 I^row J2 ^config_pre_aut_max_lateral_color_um
CODE V> BUF PUT B1 I^row J1 "config_pre_aut.max_rms_spot_diameter_um"
CODE V> BUF PUT B1 I^row J2 ^config_pre_aut_max_rms_spot_diameter_um
CODE V> BUF PUT B1 I^row J1 "config_pre_aut.max_rms_wavefront_error_waves"
CODE V> BUF PUT B1 I^row J2 ^config_pre_aut_max_rms_wavefront_error_waves
CODE V> BUF PUT B1 I^row J1 "config_pre_aut.max_distortion_pct"
CODE V> BUF PUT B1 I^row J2 ^config_pre_aut_max_distortion_pct
CODE V> BUF PUT B1 I^row J1 "config_pre_aut.fno"
CODE V> BUF PUT B1 I^row J2 ^config_pre_aut_fno
CODE V> BUF PUT B1 I^row J1 "config_pre_aut.epd_mm"
CODE V> BUF PUT B1 I^row J2 ^config_pre_aut_epd
CODE V> BUF PUT B1 I^row J1 "config_pre_aut.maximh_mm"
CODE V> BUF PUT B1 I^row J2 ^config_pre_aut_maximh
CODE V> BUF PUT B1 I^row J1 "post_aut.efl_y_mm"
CODE V> BUF PUT B1 I^row J2 ^post_aut_efl_y_mm
CODE V> BUF PUT B1 I^row J1 "post_aut.max_lateral_color_um"
CODE V> BUF PUT B1 I^row J2 ^post_aut_max_lateral_color_um
CODE V> BUF PUT B1 I^row J1 "post_aut.max_rms_spot_diameter_um"
CODE V> BUF PUT B1 I^row J2 ^post_aut_max_rms_spot_diameter_um
CODE V> BUF PUT B1 I^row J1 "post_aut.max_rms_wavefront_error_waves"
CODE V> BUF PUT B1 I^row J2 ^post_aut_max_rms_wavefront_error_waves
CODE V> BUF PUT B1 I^row J1 "post_aut.max_distortion_pct"
CODE V> BUF PUT B1 I^row J2 ^post_aut_max_distortion_pct
CODE V> BUF PUT B1 I^row J1 "post_aut.fno"
CODE V> BUF PUT B1 I^row J2 ^post_aut_fno
CODE V> BUF PUT B1 I^row J1 "post_aut.epd_mm"
CODE V> BUF PUT B1 I^row J2 ^post_aut_epd
CODE V> BUF PUT B1 I^row J1 "post_aut.maximh_mm"
CODE V> BUF PUT B1 I^row J2 ^post_aut_maximh
CODE V> BUF PUT B1 I^row J1 "efl_target_deviation_pct"
CODE V> BUF PUT B1 I^row J2 ^efl_target_dev_pct
CODE V> BUF PUT B1 I^row J1 "aut_converged"
CODE V> BUF PUT B1 I^row J2 ^aut_converged
CODE V> BUF EXP B1 "D:\atelier-wt-c\.planning\loop\p15-stageb-evidence\fno-matrix-2026-07-11\US20140111876A1_loosen\rung1_fno0234\atelier_codev_target_A_vig0000.tsv"
     Buffer B1 exported to file atelier_codev_target_A_vig0000.tsv
CODE V> BUF DEL B1
CODE V> OUT YES
CODE V> EXI YES
     EXI                                                                              11-Jul-26  14H 14M  8S
                                                 CODE V PC  Version: 11.5             CPU clock:  0H  0M 10S
