  
  
                                   Welcome to
  
                                   C O D E   V
  
                                PC  Version 11.5
                                   Build 27302701
  
                                   11-Jul-2026
  
                            A proprietary product of
  
                              SYNOPSYS, INC
                              Pasadena, California
  
CODE V> OUT NO
     Radius input/output mode
  
    Lens data created by Zemax version 200706
  
    Zemax command MODE ignored
    ZEMAX NOTE 0 table5
    Zemax command PFIL ignored
    Zemax command LANG ignored
     WARNING - Glass catalog list not used.
     WARNING - Ray aiming not used.
     WARNING - Pupil shift for ray aiming not used.
    Zemax command SDMA ignored
    Zemax command OMMA ignored
    Zemax command HYPR ignored
     WARNING - Vignetting angles not used.
    Zemax command POLS ignored
    Zemax command GLRS ignored
    Zemax command GSTD ignored
    Zemax command NSCD ignored
    Zemax command COFN ignored
    Zemax command COFN ignored
  
     Surface pointer = OBJ
    Zemax surface type  STANDARD
    CODE V surface type SPH
    Zemax command FIMP ignored.
     WARNING - Hiding of rays not used.
    Zemax command MIRR ignored.
    Zemax command SLAB ignored.
    Zemax command MEMA ignored.
    Zemax command POPS ignored.
  
     Surface pointer = 1
    Zemax surface type  EVENASPH
    CODE V surface type ASP
    Zemax command FIMP ignored.
     WARNING - Hiding of rays not used.
    Zemax command MIRR ignored.
    Zemax command SLAB ignored.
     WARNING - Partial dispersion of model glass not used.
    Zemax command MEMA ignored.
    Zemax command POPS ignored.
  
     Surface pointer = 2
    Zemax surface type  EVENASPH
    CODE V surface type ASP
    Zemax command FIMP ignored.
     WARNING - Hiding of rays not used.
    Zemax command MIRR ignored.
    Zemax command SLAB ignored.
    Zemax command MEMA ignored.
    Zemax command POPS ignored.
  
     Surface pointer = 3
    Zemax surface type  STANDARD
    CODE V surface type SPH
    Zemax command FIMP ignored.
     WARNING - Hiding of rays not used.
    Zemax command MIRR ignored.
    Zemax command SLAB ignored.
    Zemax command MEMA ignored.
    Zemax command POPS ignored.
  
     Surface pointer = 4
    Zemax surface type  EVENASPH
    CODE V surface type ASP
    Zemax command FIMP ignored.
     WARNING - Hiding of rays not used.
    Zemax command MIRR ignored.
    Zemax command SLAB ignored.
     WARNING - Partial dispersion of model glass not used.
    Zemax command MEMA ignored.
    Zemax command POPS ignored.
  
     Surface pointer = 5
    Zemax surface type  EVENASPH
    CODE V surface type ASP
    Zemax command FIMP ignored.
     WARNING - Hiding of rays not used.
    Zemax command MIRR ignored.
    Zemax command SLAB ignored.
    Zemax command MEMA ignored.
    Zemax command POPS ignored.
  
     Surface pointer = 6
    Zemax surface type  EVENASPH
    CODE V surface type ASP
    Zemax command FIMP ignored.
     WARNING - Hiding of rays not used.
    Zemax command MIRR ignored.
    Zemax command SLAB ignored.
     WARNING - Partial dispersion of model glass not used.
    Zemax command MEMA ignored.
    Zemax command POPS ignored.
  
     Surface pointer = 7
    Zemax surface type  EVENASPH
    CODE V surface type ASP
    Zemax command FIMP ignored.
     WARNING - Hiding of rays not used.
    Zemax command MIRR ignored.
    Zemax command SLAB ignored.
    Zemax command MEMA ignored.
    Zemax command POPS ignored.
  
     Surface pointer = 8
    Zemax surface type  EVENASPH
    CODE V surface type ASP
    Zemax command FIMP ignored.
     WARNING - Hiding of rays not used.
    Zemax command MIRR ignored.
    Zemax command SLAB ignored.
     WARNING - Partial dispersion of model glass not used.
    Zemax command MEMA ignored.
    Zemax command POPS ignored.
  
     Surface pointer = 9
    Zemax surface type  EVENASPH
    CODE V surface type ASP
    Zemax command FIMP ignored.
     WARNING - Hiding of rays not used.
    Zemax command MIRR ignored.
    Zemax command SLAB ignored.
    Zemax command MEMA ignored.
    Zemax command POPS ignored.
  
     Surface pointer = 10
    Zemax surface type  EVENASPH
    CODE V surface type ASP
    Zemax command FIMP ignored.
     WARNING - Hiding of rays not used.
    Zemax command MIRR ignored.
    Zemax command SLAB ignored.
     WARNING - Partial dispersion of model glass not used.
    Zemax command MEMA ignored.
    Zemax command POPS ignored.
  
     Surface pointer = 11
    Zemax surface type  EVENASPH
    CODE V surface type ASP
    Zemax command FIMP ignored.
     WARNING - Hiding of rays not used.
    Zemax command MIRR ignored.
    Zemax command SLAB ignored.
    Zemax command MEMA ignored.
    Zemax command POPS ignored.
  
     Surface pointer = 12
    Zemax surface type  EVENASPH
    CODE V surface type ASP
    Zemax command FIMP ignored.
     WARNING - Hiding of rays not used.
    Zemax command MIRR ignored.
    Zemax command SLAB ignored.
     WARNING - Partial dispersion of model glass not used.
    Zemax command MEMA ignored.
    Zemax command POPS ignored.
  
     Surface pointer = 13
    Zemax surface type  EVENASPH
    CODE V surface type ASP
    Zemax command FIMP ignored.
     WARNING - Hiding of rays not used.
    Zemax command MIRR ignored.
    Zemax command SLAB ignored.
    Zemax command MEMA ignored.
    Zemax command POPS ignored.
  
     Surface pointer = 14
    Zemax surface type  STANDARD
    CODE V surface type SPH
    Zemax command FIMP ignored.
     WARNING - Hiding of rays not used.
    Zemax command MIRR ignored.
    Zemax command SLAB ignored.
     WARNING - Partial dispersion of model glass not used.
    Zemax command MEMA ignored.
    Zemax command POPS ignored.
  
     Surface pointer = 15
    Zemax surface type  STANDARD
    CODE V surface type SPH
    Zemax command FIMP ignored.
     WARNING - Hiding of rays not used.
    Zemax command MIRR ignored.
    Zemax command SLAB ignored.
    Zemax command MEMA ignored.
    Zemax command POPS ignored.
  
     Surface pointer = IMG
    Zemax surface type  STANDARD
    CODE V surface type SPH
    Zemax command FIMP ignored.
     WARNING - Hiding of rays not used.
    Zemax command MIRR ignored.
    Zemax command SLAB ignored.
    Zemax command MEMA ignored.
    Zemax command POPS ignored.
  
     WARNING - Please check the converted lens carefully.
               Some information will not be converted.
               Changes in either CODE V or ZEMAX may invalidate
               the converted information.
               Due to differences between CODE V and ZEMAX ray
               aiming and vignetting factors, it is recommended
               that you set vignetting for the converted system.
  
               A concise listing of conversion warnings appears
               in the Tabbed Output Window 'Info' tab and in the
               Command Window.
  
CODE V> DEF VAR SA
     ERROR - Total reflection at surface   9 for zoom position  1
     ERROR - One or more of the reference rays from field  2 is deviated far from
             most of the other rays from this field point.  The reference rays are
             used to determine the numerical aperture and the grid spacing.  Thus, it
             is important that these rays are focused at approximately the same spot
             as the other rays from this field point.  Modifying the vignetting
             may solve this problem and allow the computation to proceed.
CODE V> FNO 2.28820781488279
CODE V> VUY 0 0.4 0.4
CODE V> VLY 0 0.4 0.4
CODE V> VUX 0 0.4 0.4
CODE V> VLX 0 0.4 0.4
 
 
CODE V> AUT
     AUT                                                                              11-Jul-26  14H 18M 16S
                                                 CODE V PC  Version: 11.5             CPU clock:  0H  0M  1S
     ***Defocussing frozen to eliminate redundant variable
AUT>   SUR N
AUT>   CHG SA
AUT>   WFR Y
AUT>   WTF FA 10
AUT>   EFL = 2.41636308716203
AUT>   @atelier_latcolor == @lcum(1)
AUT>   @atelier_latcolor = 0
AUT>   WTC 0.01
AUT>   @atelier_rmsspot == @rmssum(1)
AUT>   @atelier_rmsspot = 0
AUT>   WTC 0.001
AUT>   MNT 0.025
AUT>   MNE 0.025
AUT>   MXT 10
AUT>   MNA 0.001
AUT>   MXC 25
AUT>   MNC 3
AUT>   IMP 0.001
AUT> GO
 -------------------------------------------------------------------------------
  
       USER CONSTRAINT DEFINITIONS
            @atelier_rmsspot == @rmssum(1)
  
            @atelier_latcolor == @lcum(1)
  
  
  
       POTENTIALLY ACTIVE SPECIFIC CONSTRAINTS
         EFL                                  =       2.416363
         @ATELIER_LATCOLOR                    =       0.000000     (WTC =    0.01000)
         @ATELIER_RMSSPOT                     =       0.000000     (WTC =    0.00100)
  
       GENERAL CONSTRAINTS
         MXT      10.000000
         MNT       0.025000
         MNE       0.025000
         MNA       0.001000
         MAE       0.002500
         GLA               NFK5  NSK16  NLAF2  SF4
  
       ERROR FUNCTION CONSTRUCTION
         WFR        Y
         WTW       1          1          1
         WTA       0.000000
         DEL       0.220000
         WTX F1   10.000000
         WTX F2   10.000000
         WTX F3   10.000000
         WTY F1   10.000000
         WTY F2   10.000000
         WTY F3   10.000000
  
       CONVERGENCE CONTROLS
         MXC        25
         MNC         3
         TAR       0.000000
         IMP       0.001000
  
       OUTPUT CONTROLS
         SUR NO
         CHG S0..16
  
     Recommendations for most stable convergence:
  
       Use object space aperture specifications:
       - NAO for finite conjugate systems
       - EPD for infinite conjugate systems
  
       VARIABLE LIST
  
         NO      PARAMETERS *
          1      CUY S1       CUY S2
          2      CUY S2       CUY S4
          3      CUY S4       CUY S5
          4      CUY S5       CUY S6
          5      CUY S6       CUY S7
          6      CUY S7       CUY S8
          7      CUY S8       CUY S9
          8      CUY S9       CUY S10
          9      CUY S10       CUY S11
         10      CUY S11       CUY S12
         11      CUY S12       CUY S13
         12      CUY S13
         13      A   S1
         14      A   S2
         15      A   S4
         16      A   S5
         17      A   S6
         18      A   S7
         19      A   S8
         20      A   S9
         21      A   S10
         22      A   S11
         23      A   S12
         24      A   S13
         25      THI S2
         26      THI S3
         27      THI S5
         28      THI S7
         29      THI S9
         30      THI S11
         31      THI S13
         32      THI S15
  
     * Multiple entries on a line are composite variables.
     Composite variables are either program-generated bendings
     or user-requested couplings.
  
      32 VARIABLES
  
      32 CONSTRAINTS CAN BE ACTIVE
  
     RELATIVE TIME PER CYCLE IS  267.8 UNITS
     WARNING - The macro function SPOTDATA is not supported on multiple threads.
               CODE V will set the multiple processor setting (MPP) to 1 to prevent errors.
               Please refer to the CODE V Setup and Operation Reference Manual for a complete list
               of pre-defined macro functions that are currently limited to running on a single thread.
  
 CYCLE NUMBER 0:
  
  ABERR F. =        0.04238052
  CONST F. =      173.21121474
  ERR. F.  =      173.25359526
  
  OPD     0.04683709     0.04200950     0.02882574
  WAV     0.05095997     0.04927134     0.03102634
  
  
  
  Parameter                 Value            Change
  CUY S1                5.44069641E-01      0.00E+00
  CUY S2                4.29184549E-01      0.00E+00
  CUY S4                5.00075011E-02      0.00E+00
  CUY S5               -6.94444444E-01      0.00E+00
  CUY S6               -4.82625483E-01      0.00E+00
  CUY S7               -1.67546285E-02      0.00E+00
  CUY S8                6.02046960E-01      0.00E+00
  CUY S9                5.10725230E-01      0.00E+00
  CUY S10              -7.02740689E-01      0.00E+00
  CUY S11              -1.60771704E+00      0.00E+00
  CUY S12               4.62962963E-01      0.00E+00
  CUY S13               1.33333333E+00      0.00E+00
  A   S1                1.18490000E-03      0.00E+00
  A   S2                3.39250000E-01      0.00E+00
  A   S4               -1.27120000E-01      0.00E+00
  A   S5                6.07450000E-01      0.00E+00
  A   S6                3.93150000E-01      0.00E+00
  A   S7                1.85590000E-01      0.00E+00
  A   S8               -2.75420000E-01      0.00E+00
  A   S9                1.04900000E-01      0.00E+00
  A   S10              -2.22350000E-01      0.00E+00
  A   S11               1.83910000E-01      0.00E+00
  A   S12               1.76650000E-01      0.00E+00
  A   S13               3.90070000E-02      0.00E+00
  THI S2                8.00000000E-02      0.00E+00
  THI S3                6.10000000E-02      0.00E+00
  THI S5                3.70000000E-02      0.00E+00
  THI S7                4.00000000E-02      0.00E+00
  THI S9                3.00000000E-01      0.00E+00
  THI S11               4.00000000E-02      0.00E+00
  THI S13               6.00000000E-01      0.00E+00
  THI S15               2.84000000E-01      0.00E+00
  
        EFL          REDU         PIM          OAL         EN PUP       EX PUP
      2.417572     0.000000     0.260236     4.216000     0.377876    -3.362370
  
  Specific Constraints:        target        value         diff      active (**)
  EFL                    =   2.41636E+00   2.41757E+00   1.209E-03    **
  
  Weighted Constraints:        target        value        WTC/PTC     contrib
  @ATELIER_LATCOLOR      =   0.00000E+00   1.25424E+00   1.000E-02   1.573E+02
  @ATELIER_RMSSPOT       =   0.00000E+00   3.98725E+00   1.000E-03   1.590E+01
  
  Constraints added:      EFL (=)
  
 CYCLE NUMBER 1:
  
  ABERR F. =        0.02766061
  CONST F. =       13.92776160
  ERR. F.  =       13.95542221       (change =     -159.29817306)
  
  OPD     0.02356191     0.03086713     0.02293691
  WAV     0.02697964     0.03505962     0.02448533
  
  
  
  Parameter                 Value            Change
  CUY S1                5.53848427E-01      9.78E-03
  CUY S2                4.34325597E-01      5.14E-03
  CUY S4                4.69780381E-02     -3.03E-03
  CUY S5               -6.98077137E-01     -3.63E-03
  CUY S6               -4.85814965E-01     -3.19E-03
  CUY S7               -1.28579625E-02      3.90E-03
  CUY S8                5.91307526E-01     -1.07E-02
  CUY S9                4.98402524E-01     -1.23E-02
  CUY S10              -7.02101047E-01      6.40E-04
  CUY S11              -1.59741792E+00      1.03E-02
  CUY S12               4.42262650E-01     -2.07E-02
  CUY S13               1.26098110E+00     -7.24E-02
  A   S1                2.60756470E-03      1.42E-03
  A   S2                3.36872769E-01     -2.38E-03
  A   S4               -1.31710378E-01     -4.59E-03
  A   S5                6.02991319E-01     -4.46E-03
  A   S6                3.91175068E-01     -1.97E-03
  A   S7                1.86503389E-01      9.13E-04
  A   S8               -2.74865960E-01      5.54E-04
  A   S9                1.05984666E-01      1.08E-03
  A   S10              -2.21097533E-01      1.25E-03
  A   S11               1.83555164E-01     -3.55E-04
  A   S12               1.76716702E-01      6.67E-05
  A   S13               3.90425807E-02      3.56E-05
  THI S2                8.25582613E-02      2.56E-03
  THI S3                6.12837017E-02      2.84E-04
  THI S5                3.60460330E-02     -9.54E-04
  THI S7                3.97048670E-02     -2.95E-04
  THI S9                3.00651532E-01      6.52E-04
  THI S11               3.10243403E-02     -8.98E-03
  THI S13               5.95798307E-01     -4.20E-03
  THI S15               2.80864652E-01     -3.14E-03
  
        EFL          REDU         PIM          OAL         EN PUP       EX PUP
      2.416362     0.000000     0.283687     4.205067     0.381765    -3.522133
  
  Active Constraints -   1:    target        value         diff        cost
  EFL                    =   2.41636E+00   2.41636E+00  -1.346E-06  -3.830E-08
  
  Weighted Constraints:        target        value        WTC/PTC     contrib
  @ATELIER_LATCOLOR      =   0.00000E+00   2.00778E-01   1.000E-02   4.031E+00
  @ATELIER_RMSSPOT       =   0.00000E+00   3.14588E+00   1.000E-03   9.897E+00
  
 CYCLE NUMBER 2:
  
  ABERR F. =        0.03104176
  CONST F. =       13.54920867
  ERR. F.  =       13.58025043       (change =       -0.37517178)
  
  OPD     0.03112457     0.03271398     0.02258093
  WAV     0.03497911     0.03780755     0.02407808
  
  
  
  Parameter                 Value            Change
  CUY S1                5.53929729E-01      8.13E-05
  CUY S2                4.34441188E-01      1.16E-04
  CUY S4                4.70517231E-02      7.37E-05
  CUY S5               -6.97805337E-01      2.72E-04
  CUY S6               -4.85559241E-01      2.56E-04
  CUY S7               -1.28095987E-02      4.84E-05
  CUY S8                5.91597889E-01      2.90E-04
  CUY S9                4.98625901E-01      2.23E-04
  CUY S10              -7.02171866E-01     -7.08E-05
  CUY S11              -1.59752855E+00     -1.11E-04
  CUY S12               4.42319527E-01      5.69E-05
  CUY S13               1.26139788E+00      4.17E-04
  A   S1                2.65039952E-03      4.28E-05
  A   S2                3.36765679E-01     -1.07E-04
  A   S4               -1.31558904E-01      1.51E-04
  A   S5                6.02911638E-01     -7.97E-05
  A   S6                3.91206279E-01      3.12E-05
  A   S7                1.86489782E-01     -1.36E-05
  A   S8               -2.74828710E-01      3.73E-05
  A   S9                1.06000431E-01      1.58E-05
  A   S10              -2.21132417E-01     -3.49E-05
  A   S11               1.83546503E-01     -8.66E-06
  A   S12               1.76713338E-01     -3.36E-06
  A   S13               3.90444743E-02      1.89E-06
  THI S2                8.25350268E-02     -2.32E-05
  THI S3                6.12216125E-02     -6.21E-05
  THI S5                3.61118620E-02      6.58E-05
  THI S7                3.98053592E-02      1.00E-04
  THI S9                3.00633994E-01     -1.75E-05
  THI S11               3.11320345E-02      1.08E-04
  THI S13               5.95891548E-01      9.32E-05
  THI S15               2.80957862E-01      9.32E-05
  
        EFL          REDU         PIM          OAL         EN PUP       EX PUP
      2.416363     0.000000     0.283128     4.205331     0.381743    -3.521143
  
  Active Constraints -   1:    target        value         diff        cost
  EFL                    =   2.41636E+00   2.41636E+00   1.402E-10  -4.272E-05
  
  Weighted Constraints:        target        value        WTC/PTC     contrib
  @ATELIER_LATCOLOR      =   0.00000E+00   1.92958E-01   1.000E-02   3.723E+00
  @ATELIER_RMSSPOT       =   0.00000E+00   3.13464E+00   1.000E-03   9.826E+00
  
 CYCLE NUMBER 3:
  
  ABERR F. =        0.03434746
  CONST F. =       13.21110581
  ERR. F.  =       13.24545326       (change =       -0.33479716)
  
  OPD     0.02885078     0.03729283     0.03154159
  WAV     0.03158084     0.04127434     0.03405248
  
  
  
  Parameter                 Value            Change
  CUY S1                5.53920623E-01     -9.11E-06
  CUY S2                4.34300916E-01     -1.40E-04
  CUY S4                4.68573231E-02     -1.94E-04
  CUY S5               -6.97556052E-01      2.49E-04
  CUY S6               -4.85204509E-01      3.55E-04
  CUY S7               -1.27345622E-02      7.50E-05
  CUY S8                5.90206727E-01     -1.39E-03
  CUY S9                4.97010417E-01     -1.62E-03
  CUY S10              -7.02568962E-01     -3.97E-04
  CUY S11              -1.59745953E+00      6.90E-05
  CUY S12               4.42654829E-01      3.35E-04
  CUY S13               1.26108145E+00     -3.16E-04
  A   S1                2.60678622E-03     -4.36E-05
  A   S2                3.36888804E-01      1.23E-04
  A   S4               -1.31656988E-01     -9.81E-05
  A   S5                6.03047146E-01      1.36E-04
  A   S6                3.91064677E-01     -1.42E-04
  A   S7                1.86534076E-01      4.43E-05
  A   S8               -2.74854124E-01     -2.54E-05
  A   S9                1.06131508E-01      1.31E-04
  A   S10              -2.21176438E-01     -4.40E-05
  A   S11               1.83564323E-01      1.78E-05
  A   S12               1.76709301E-01     -4.04E-06
  A   S13               3.90473227E-02      2.85E-06
  THI S2                8.26098450E-02      7.48E-05
  THI S3                6.14825581E-02      2.61E-04
  THI S5                3.60807170E-02     -3.11E-05
  THI S7                3.97691390E-02     -3.62E-05
  THI S9                3.00544285E-01     -8.97E-05
  THI S11               3.05703628E-02     -5.62E-04
  THI S13               5.95952956E-01      6.14E-05
  THI S15               2.81019271E-01      6.14E-05
  
        EFL          REDU         PIM          OAL         EN PUP       EX PUP
      2.416363     0.000000     0.284180     4.205010     0.381834    -3.524916
  
  Active Constraints -   1:    target        value         diff        cost
  EFL                    =   2.41636E+00   2.41636E+00   1.052E-09   3.551E-05
  
  Weighted Constraints:        target        value        WTC/PTC     contrib
  @ATELIER_LATCOLOR      =   0.00000E+00   1.71136E-01   1.000E-02   2.929E+00
  @ATELIER_RMSSPOT       =   0.00000E+00   3.20661E+00   1.000E-03   1.028E+01
  
 CYCLE NUMBER 4:
  
  ABERR F. =        0.03200803
  CONST F. =       12.66476000
  ERR. F.  =       12.69676803       (change =       -0.54868524)
  
  OPD     0.02170860     0.03772532     0.02929765
  WAV     0.02479193     0.04225968     0.03152374
  
  
  
  Parameter                 Value            Change
  CUY S1                5.53952463E-01      3.18E-05
  CUY S2                4.34355121E-01      5.42E-05
  CUY S4                4.69173274E-02      6.00E-05
  CUY S5               -6.97576984E-01     -2.09E-05
  CUY S6               -4.85264813E-01     -6.03E-05
  CUY S7               -1.27374808E-02     -2.92E-06
  CUY S8                5.90439236E-01      2.33E-04
  CUY S9                4.97157359E-01      1.47E-04
  CUY S10              -7.02719499E-01     -1.51E-04
  CUY S11              -1.59758786E+00     -1.28E-04
  CUY S12               4.41945716E-01     -7.09E-04
  CUY S13               1.25993679E+00     -1.14E-03
  A   S1                2.62997584E-03      2.32E-05
  A   S2                3.36853813E-01     -3.50E-05
  A   S4               -1.31608062E-01      4.89E-05
  A   S5                6.03012012E-01     -3.51E-05
  A   S6                3.91085050E-01      2.04E-05
  A   S7                1.86522931E-01     -1.11E-05
  A   S8               -2.74820652E-01      3.35E-05
  A   S9                1.06111663E-01     -1.98E-05
  A   S10              -2.21168358E-01      8.08E-06
  A   S11               1.83556170E-01     -8.15E-06
  A   S12               1.76708112E-01     -1.19E-06
  A   S13               3.90480932E-02      7.71E-07
  THI S2                8.25959296E-02     -1.39E-05
  THI S3                6.14318551E-02     -5.07E-05
  THI S5                3.61224862E-02      4.18E-05
  THI S7                3.97561014E-02     -1.30E-05
  THI S9                3.00523158E-01     -2.11E-05
  THI S11               3.06678260E-02      9.75E-05
  THI S13               5.96021552E-01      6.86E-05
  THI S15               2.81087866E-01      6.86E-05
  
        EFL          REDU         PIM          OAL         EN PUP       EX PUP
      2.416363     0.000000     0.284077     4.205119     0.381820    -3.526380
  
  Active Constraints -   1:    target        value         diff        cost
  EFL                    =   2.41636E+00   2.41636E+00  -4.382E-10   2.446E-05
  
  Weighted Constraints:        target        value        WTC/PTC     contrib
  @ATELIER_LATCOLOR      =   0.00000E+00   1.67837E-01   1.000E-02   2.817E+00
  @ATELIER_RMSSPOT       =   0.00000E+00   3.13813E+00   1.000E-03   9.848E+00
  
 CYCLE NUMBER 5:
  
  ABERR F. =        0.03258862
  CONST F. =       11.88088794
  ERR. F.  =       11.91347656       (change =       -0.78329147)
  
  OPD     0.02155800     0.03767237     0.03140333
  WAV     0.02462964     0.04180471     0.03387818
  
  
  
  Parameter                 Value            Change
  CUY S1                5.53962317E-01      9.85E-06
  CUY S2                4.34374625E-01      1.95E-05
  CUY S4                4.69419534E-02      2.46E-05
  CUY S5               -6.97580787E-01     -3.80E-06
  CUY S6               -4.85278101E-01     -1.33E-05
  CUY S7               -1.27316258E-02      5.85E-06
  CUY S8                5.90541412E-01      1.02E-04
  CUY S9                4.97216768E-01      5.94E-05
  CUY S10              -7.02786363E-01     -6.69E-05
  CUY S11              -1.59727836E+00      3.10E-04
  CUY S12               4.41830921E-01     -1.15E-04
  CUY S13               1.25918143E+00     -7.55E-04
  A   S1                2.63870106E-03      8.73E-06
  A   S2                3.36841589E-01     -1.22E-05
  A   S4               -1.31589970E-01      1.81E-05
  A   S5                6.02999091E-01     -1.29E-05
  A   S6                3.91093818E-01      8.77E-06
  A   S7                1.86517443E-01     -5.49E-06
  A   S8               -2.74847336E-01     -2.67E-05
  A   S9                1.06102644E-01     -9.02E-06
  A   S10              -2.21247636E-01     -7.93E-05
  A   S11               1.83573946E-01      1.78E-05
  A   S12               1.76706238E-01     -1.87E-06
  A   S13               3.90496824E-02      1.59E-06
  THI S2                8.25783342E-02     -1.76E-05
  THI S3                6.16887596E-02      2.57E-04
  THI S5                3.61026373E-02     -1.98E-05
  THI S7                3.97419785E-02     -1.41E-05
  THI S9                3.00516206E-01     -6.95E-06
  THI S11               3.07076060E-02      3.98E-05
  THI S13               5.96129109E-01      1.08E-04
  THI S15               2.81195424E-01      1.08E-04
  
        EFL          REDU         PIM          OAL         EN PUP       EX PUP
      2.416363     0.000000     0.284013     4.205465     0.381799    -3.528418
  
  Active Constraints -   1:    target        value         diff        cost
  EFL                    =   2.41636E+00   2.41636E+00  -2.730E-12   3.554E-06
  
  Weighted Constraints:        target        value        WTC/PTC     contrib
  @ATELIER_LATCOLOR      =   0.00000E+00   1.58851E-01   1.000E-02   2.523E+00
  @ATELIER_RMSSPOT       =   0.00000E+00   3.05901E+00   1.000E-03   9.358E+00
  
 CYCLE NUMBER 6:
  
  ABERR F. =        0.03222030
  CONST F. =       11.82361334
  ERR. F.  =       11.85583364       (change =       -0.05764292)
  
  OPD     0.02110531     0.03781476     0.03026620
  WAV     0.02434602     0.04221398     0.03259917
  
  
  
  Parameter                 Value            Change
  CUY S1                5.53975284E-01      1.30E-05
  CUY S2                4.34396705E-01      2.21E-05
  CUY S4                4.69932163E-02      5.13E-05
  CUY S5               -6.97565425E-01      1.54E-05
  CUY S6               -4.85306237E-01     -2.81E-05
  CUY S7               -1.27341495E-02     -2.52E-06
  CUY S8                5.90639316E-01      9.79E-05
  CUY S9                4.97315747E-01      9.90E-05
  CUY S10              -7.02803771E-01     -1.74E-05
  CUY S11              -1.59730594E+00     -2.76E-05
  CUY S12               4.41865631E-01      3.47E-05
  CUY S13               1.25930585E+00      1.24E-04
  A   S1                2.65797353E-03      1.93E-05
  A   S2                3.36823694E-01     -1.79E-05
  A   S4               -1.31565963E-01      2.40E-05
  A   S5                6.02980221E-01     -1.89E-05
  A   S6                3.91101975E-01      8.16E-06
  A   S7                1.86513671E-01     -3.77E-06
  A   S8               -2.74833464E-01      1.39E-05
  A   S9                1.06096784E-01     -5.86E-06
  A   S10              -2.21245062E-01      2.57E-06
  A   S11               1.83573326E-01     -6.21E-07
  A   S12               1.76705907E-01     -3.31E-07
  A   S13               3.90499176E-02      2.35E-07
  THI S2                8.25790732E-02      7.39E-07
  THI S3                6.16812977E-02     -7.46E-06
  THI S5                3.61054087E-02      2.77E-06
  THI S7                3.97346634E-02     -7.32E-06
  THI S9                3.00499247E-01     -1.70E-05
  THI S11               3.07360427E-02      2.84E-05
  THI S13               5.96149188E-01      2.01E-05
  THI S15               2.81215502E-01      2.01E-05
  
        EFL          REDU         PIM          OAL         EN PUP       EX PUP
      2.416363     0.000000     0.283913     4.205485     0.381801    -3.528030
  
  Active Constraints -   1:    target        value         diff        cost
  EFL                    =   2.41636E+00   2.41636E+00  -1.728E-12   1.123E-04
  
  Weighted Constraints:        target        value        WTC/PTC     contrib
  @ATELIER_LATCOLOR      =   0.00000E+00   1.58442E-01   1.000E-02   2.510E+00
  @ATELIER_RMSSPOT       =   0.00000E+00   3.05176E+00   1.000E-03   9.313E+00
  
 CYCLE NUMBER 7:
  
  ABERR F. =        0.03203757
  CONST F. =       11.41078923
  ERR. F.  =       11.44282680       (change =       -0.41300684)
  
  OPD     0.02582423     0.03517865     0.02928213
  WAV     0.02960968     0.03908568     0.03149828
  
  
  
  Parameter                 Value            Change
  CUY S1                5.54028406E-01      5.31E-05
  CUY S2                4.34407255E-01      1.05E-05
  CUY S4                4.69106950E-02     -8.25E-05
  CUY S5               -6.97725678E-01     -1.60E-04
  CUY S6               -4.85424485E-01     -1.18E-04
  CUY S7               -1.27320467E-02      2.10E-06
  CUY S8                5.89854151E-01     -7.85E-04
  CUY S9                4.96561489E-01     -7.54E-04
  CUY S10              -7.02740210E-01      6.36E-05
  CUY S11              -1.59712531E+00      1.81E-04
  CUY S12               4.41557779E-01     -3.08E-04
  CUY S13               1.25841023E+00     -8.96E-04
  A   S1                2.60438650E-03     -5.36E-05
  A   S2                3.36662580E-01     -1.61E-04
  A   S4               -1.31286775E-01      2.79E-04
  A   S5                6.02833351E-01     -1.47E-04
  A   S6                3.91096636E-01     -5.34E-06
  A   S7                1.86548971E-01      3.53E-05
  A   S8               -2.74852065E-01     -1.86E-05
  A   S9                1.06081010E-01     -1.58E-05
  A   S10              -2.21243793E-01      1.27E-06
  A   S11               1.83589761E-01      1.64E-05
  A   S12               1.76704970E-01     -9.38E-07
  A   S13               3.90506817E-02      7.64E-07
  THI S2                8.26154207E-02      3.63E-05
  THI S3                6.18161162E-02      1.35E-04
  THI S5                3.61059062E-02      4.98E-07
  THI S7                3.97120435E-02     -2.26E-05
  THI S9                3.00552030E-01      5.28E-05
  THI S11               3.08516002E-02      1.16E-04
  THI S13               5.96206082E-01      5.69E-05
  THI S15               2.81272397E-01      5.69E-05
  
        EFL          REDU         PIM          OAL         EN PUP       EX PUP
      2.416363     0.000000     0.284064     4.205859     0.381849    -3.530445
  
  Active Constraints -   1:    target        value         diff        cost
  EFL                    =   2.41636E+00   2.41636E+00  -5.113E-07   2.010E-05
  
  Weighted Constraints:        target        value        WTC/PTC     contrib
  @ATELIER_LATCOLOR      =   0.00000E+00   1.52682E-01   1.000E-02   2.331E+00
  @ATELIER_RMSSPOT       =   0.00000E+00   3.01324E+00   1.000E-03   9.080E+00
  
 CYCLE NUMBER 8:
  
  ABERR F. =        0.03314865
  CONST F. =       11.19805936
  ERR. F.  =       11.23120801       (change =       -0.21161879)
  
  OPD     0.02896013     0.03568919     0.02902042
  WAV     0.03287568     0.03979812     0.03120424
  
  
  
  Parameter                 Value            Change
  CUY S1                5.54041699E-01      1.33E-05
  CUY S2                4.34428383E-01      2.11E-05
  CUY S4                4.69329045E-02      2.22E-05
  CUY S5               -6.97764157E-01     -3.85E-05
  CUY S6               -4.85475992E-01     -5.15E-05
  CUY S7               -1.27292907E-02      2.76E-06
  CUY S8                5.89941625E-01      8.75E-05
  CUY S9                4.96626704E-01      6.52E-05
  CUY S10              -7.02775501E-01     -3.53E-05
  CUY S11              -1.59715767E+00     -3.24E-05
  CUY S12               4.41553923E-01     -3.86E-06
  CUY S13               1.25846943E+00      5.92E-05
  A   S1                2.61610092E-03      1.17E-05
  A   S2                3.36647375E-01     -1.52E-05
  A   S4               -1.31248706E-01      3.81E-05
  A   S5                6.02815300E-01     -1.81E-05
  A   S6                3.91103591E-01      6.95E-06
  A   S7                1.86545542E-01     -3.43E-06
  A   S8               -2.74842493E-01      9.57E-06
  A   S9                1.06093664E-01      1.27E-05
  A   S10              -2.21253673E-01     -9.88E-06
  A   S11               1.83587465E-01     -2.30E-06
  A   S12               1.76704606E-01     -3.63E-07
  A   S13               3.90509062E-02      2.24E-07
  THI S2                8.26121923E-02     -3.23E-06
  THI S3                6.18018093E-02     -1.43E-05
  THI S5                3.61133192E-02      7.41E-06
  THI S7                3.97158351E-02      3.79E-06
  THI S9                3.00546158E-01     -5.87E-06
  THI S11               3.08877974E-02      3.62E-05
  THI S13               5.96221461E-01      1.54E-05
  THI S15               2.81287775E-01      1.54E-05
  
        EFL          REDU         PIM          OAL         EN PUP       EX PUP
      2.416363     0.000000     0.283967     4.205899     0.381846    -3.530204
  
  Active Constraints -   1:    target        value         diff        cost
  EFL                    =   2.41636E+00   2.41636E+00   1.287E-11  -2.187E-05
  
  Weighted Constraints:        target        value        WTC/PTC     contrib
  @ATELIER_LATCOLOR      =   0.00000E+00   1.51546E-01   1.000E-02   2.297E+00
  @ATELIER_RMSSPOT       =   0.00000E+00   2.98353E+00   1.000E-03   8.901E+00
  
 CYCLE NUMBER 9:
  
  ABERR F. =        0.03813838
  CONST F. =       10.96120362
  ERR. F.  =       10.99934199       (change =       -0.23186601)
  
  OPD     0.04564108     0.03340992     0.02756022
  WAV     0.04998126     0.03735377     0.02957851
  
  
  
  Parameter                 Value            Change
  CUY S1                5.54145497E-01      1.04E-04
  CUY S2                4.34517444E-01      8.91E-05
  CUY S4                4.69046386E-02     -2.83E-05
  CUY S5               -6.98246164E-01     -4.82E-04
  CUY S6               -4.85930960E-01     -4.55E-04
  CUY S7               -1.27059217E-02      2.34E-05
  CUY S8                5.89831298E-01     -1.10E-04
  CUY S9                4.96526309E-01     -1.00E-04
  CUY S10              -7.02742279E-01      3.32E-05
  CUY S11              -1.59710689E+00      5.08E-05
  CUY S12               4.40613305E-01     -9.41E-04
  CUY S13               1.25653848E+00     -1.93E-03
  A   S1                2.60488317E-03     -1.12E-05
  A   S2                3.36163779E-01     -4.84E-04
  A   S4               -1.31795300E-01     -5.47E-04
  A   S5                6.02837573E-01      2.23E-05
  A   S6                3.91090502E-01     -1.31E-05
  A   S7                1.86551229E-01      5.69E-06
  A   S8               -2.74853447E-01     -1.10E-05
  A   S9                1.06082954E-01     -1.07E-05
  A   S10              -2.21240138E-01      1.35E-05
  A   S11               1.83591091E-01      3.63E-06
  A   S12               1.76702195E-01     -2.41E-06
  A   S13               3.90525896E-02      1.68E-06
  THI S2                8.26305728E-02      1.84E-05
  THI S3                6.18270971E-02      2.53E-05
  THI S5                3.61130366E-02     -2.83E-07
  THI S7                3.96998758E-02     -1.60E-05
  THI S9                3.00552535E-01      6.38E-06
  THI S11               3.10106677E-02      1.23E-04
  THI S13               5.96319313E-01      9.79E-05
  THI S15               2.81385628E-01      9.79E-05
  
        EFL          REDU         PIM          OAL         EN PUP       EX PUP
      2.416363     0.000000     0.284120     4.206153     0.381877    -3.533706
  
  Active Constraints -   1:    target        value         diff        cost
  EFL                    =   2.41636E+00   2.41636E+00  -1.409E-10   1.161E-05
  
  Weighted Constraints:        target        value        WTC/PTC     contrib
  @ATELIER_LATCOLOR      =   0.00000E+00   1.43277E-01   1.000E-02   2.053E+00
  @ATELIER_RMSSPOT       =   0.00000E+00   2.98469E+00   1.000E-03   8.908E+00
  
 CYCLE NUMBER 10:
  
  ABERR F. =        0.03817242
  CONST F. =       10.91940598
  ERR. F.  =       10.95757840       (change =       -0.04176360)
  
  OPD     0.04549433     0.03365383     0.02760106
  WAV     0.04983203     0.03765575     0.02962231
  
  
  
  Parameter                 Value            Change
  CUY S1                5.54148768E-01      3.27E-06
  CUY S2                4.34515568E-01     -1.88E-06
  CUY S4                4.69110369E-02      6.40E-06
  CUY S5               -6.98223624E-01      2.25E-05
  CUY S6               -4.85919049E-01      1.19E-05
  CUY S7               -1.27041290E-02      1.79E-06
  CUY S8                5.89852172E-01      2.09E-05
  CUY S9                4.96539961E-01      1.37E-05
  CUY S10              -7.02754835E-01     -1.26E-05
  CUY S11              -1.59711497E+00     -8.07E-06
  CUY S12               4.40611876E-01     -1.43E-06
  CUY S13               1.25654526E+00      6.77E-06
  A   S1                2.59904886E-03     -5.83E-06
  A   S2                3.36174356E-01      1.06E-05
  A   S4               -1.31784124E-01      1.12E-05
  A   S5                6.02826085E-01     -1.15E-05
  A   S6                3.91090305E-01     -1.97E-07
  A   S7                1.86550551E-01     -6.78E-07
  A   S8               -2.74849717E-01      3.73E-06
  A   S9                1.06085995E-01      3.04E-06
  A   S10              -2.21243277E-01     -3.14E-06
  A   S11               1.83590509E-01     -5.83E-07
  A   S12               1.76702084E-01     -1.10E-07
  A   S13               3.90526579E-02      6.83E-08
  THI S2                8.26302896E-02     -2.83E-07
  THI S3                6.18232524E-02     -3.84E-06
  THI S5                3.61146132E-02      1.58E-06
  THI S7                3.97017454E-02      1.87E-06
  THI S9                3.00542500E-01     -1.00E-05
  THI S11               3.10091409E-02     -1.53E-06
  THI S13               5.96322642E-01      3.33E-06
  THI S15               2.81388956E-01      3.33E-06
  
        EFL          REDU         PIM          OAL         EN PUP       EX PUP
      2.416363     0.000000     0.284105     4.206144     0.381877    -3.533653
  
  Active Constraints -   1:    target        value         diff        cost
  EFL                    =   2.41636E+00   2.41636E+00   7.017E-14  -9.141E-06
  
  Weighted Constraints:        target        value        WTC/PTC     contrib
  @ATELIER_LATCOLOR      =   0.00000E+00   1.42764E-01   1.000E-02   2.038E+00
  @ATELIER_RMSSPOT       =   0.00000E+00   2.98014E+00   1.000E-03   8.881E+00
  
 CYCLE NUMBER 11:
  
  ABERR F. =        0.02726571
  CONST F. =       10.82544244
  ERR. F.  =       10.85270815       (change =       -0.10487025)
  
  OPD     0.01699293     0.03187289     0.02669232
  WAV     0.01940744     0.03558148     0.02829668
  
  
  
  Parameter                 Value            Change
  CUY S1                5.56965998E-01      2.82E-03
  CUY S2                4.36961503E-01      2.45E-03
  CUY S4                4.58361158E-02     -1.07E-03
  CUY S5               -6.99590160E-01     -1.37E-03
  CUY S6               -4.86247152E-01     -3.28E-04
  CUY S7               -1.20370748E-02      6.67E-04
  CUY S8                5.89965419E-01      1.13E-04
  CUY S9                4.96930622E-01      3.91E-04
  CUY S10              -7.01594782E-01      1.16E-03
  CUY S11              -1.59786760E+00     -7.53E-04
  CUY S12               4.32969977E-01     -7.64E-03
  CUY S13               1.23410218E+00     -2.24E-02
  A   S1                1.70324005E-03     -8.96E-04
  A   S2                3.38595364E-01      2.42E-03
  A   S4               -1.32124531E-01     -3.40E-04
  A   S5                6.06343555E-01      3.52E-03
  A   S6                3.93856027E-01      2.77E-03
  A   S7                1.85218475E-01     -1.33E-03
  A   S8               -2.75391767E-01     -5.42E-04
  A   S9                1.05532456E-01     -5.54E-04
  A   S10              -2.22006124E-01     -7.63E-04
  A   S11               1.83347357E-01     -2.43E-04
  A   S12               1.76619436E-01     -8.26E-05
  A   S13               3.90913725E-02      3.87E-05
  THI S2                8.26145792E-02     -1.57E-05
  THI S3                6.06848569E-02     -1.14E-03
  THI S5                3.61003412E-02     -1.43E-05
  THI S7                3.96367540E-02     -6.50E-05
  THI S9                3.00791573E-01      2.49E-04
  THI S11               2.12066456E-02     -9.80E-03
  THI S13               5.99639837E-01      3.32E-03
  THI S15               2.84706152E-01      3.32E-03
  
        EFL          REDU         PIM          OAL         EN PUP       EX PUP
      2.416371     0.000000     0.294090     4.198675     0.382086    -3.604179
  
  Active Constraints -   1:    target        value         diff        cost
  EFL                    =   2.41636E+00   2.41637E+00   8.342E-06  -1.838E-08
  
  Weighted Constraints:        target        value        WTC/PTC     contrib
  @ATELIER_LATCOLOR      =   0.00000E+00   4.08965E-02   1.000E-02   1.673E-01
  @ATELIER_RMSSPOT       =   0.00000E+00   3.26469E+00   1.000E-03   1.066E+01
  
 CYCLE NUMBER 12:
  
  ABERR F. =        0.03255372
  CONST F. =        8.28503752
  ERR. F.  =        8.31759124       (change =       -2.53511691)
  
  OPD     0.03338565     0.03163655     0.02810320
  WAV     0.03597967     0.03557818     0.02988083
  
  
  
  Parameter                 Value            Change
  CUY S1                5.57018758E-01      5.28E-05
  CUY S2                4.37046447E-01      8.49E-05
  CUY S4                4.59003729E-02      6.43E-05
  CUY S5               -6.99712640E-01     -1.22E-04
  CUY S6               -4.86402448E-01     -1.55E-04
  CUY S7               -1.20363961E-02      6.79E-07
  CUY S8                5.90225273E-01      2.60E-04
  CUY S9                4.97071251E-01      1.41E-04
  CUY S10              -7.01764705E-01     -1.70E-04
  CUY S11              -1.59803882E+00     -1.71E-04
  CUY S12               4.32328315E-01     -6.42E-04
  CUY S13               1.23331699E+00     -7.85E-04
  A   S1                1.72583224E-03      2.26E-05
  A   S2                3.38538209E-01     -5.72E-05
  A   S4               -1.32048914E-01      7.56E-05
  A   S5                6.06291492E-01     -5.21E-05
  A   S6                3.93878095E-01      2.21E-05
  A   S7                1.85210149E-01     -8.33E-06
  A   S8               -2.75374114E-01      1.77E-05
  A   S9                1.05547313E-01      1.49E-05
  A   S10              -2.21976681E-01      2.94E-05
  A   S11               1.83338118E-01     -9.24E-06
  A   S12               1.76586917E-01     -3.25E-05
  A   S13               3.90913925E-02      2.00E-08
  THI S2                8.25595840E-02     -5.50E-05
  THI S3                6.05899136E-02     -9.49E-05
  THI S5                3.61360195E-02      3.57E-05
  THI S7                3.96766353E-02      3.99E-05
  THI S9                3.00777868E-01     -1.37E-05
  THI S11               2.14815400E-02      2.75E-04
  THI S13               5.99902584E-01      2.63E-04
  THI S15               2.84968898E-01      2.63E-04
  
        EFL          REDU         PIM          OAL         EN PUP       EX PUP
      2.416363     0.000000     0.293520     4.199124     0.382023    -3.604749
  
  Active Constraints -   1:    target        value         diff        cost
  EFL                    =   2.41636E+00   2.41636E+00  -1.728E-10  -9.596E-06
  
  Weighted Constraints:        target        value        WTC/PTC     contrib
  @ATELIER_LATCOLOR      =   0.00000E+00   4.48428E-02   1.000E-02   2.011E-01
  @ATELIER_RMSSPOT       =   0.00000E+00   2.84323E+00   1.000E-03   8.084E+00
  
 CYCLE NUMBER 13:
  
  ABERR F. =        0.03319989
  CONST F. =        8.22682942
  ERR. F.  =        8.26002931       (change =       -0.05756194)
  
  OPD     0.03497480     0.03168778     0.02822441
  WAV     0.03762747     0.03567273     0.03001758
  
  
  
  Parameter                 Value            Change
  CUY S1                5.57021674E-01      2.92E-06
  CUY S2                4.37051001E-01      4.55E-06
  CUY S4                4.59074699E-02      7.10E-06
  CUY S5               -6.99716539E-01     -3.90E-06
  CUY S6               -4.86411752E-01     -9.30E-06
  CUY S7               -1.20362877E-02      1.08E-07
  CUY S8                5.90231069E-01      5.80E-06
  CUY S9                4.97071457E-01      2.06E-07
  CUY S10              -7.01778903E-01     -1.42E-05
  CUY S11              -1.59805712E+00     -1.83E-05
  CUY S12               4.32312128E-01     -1.62E-05
  CUY S13               1.23331997E+00      2.98E-06
  A   S1                1.72854487E-03      2.71E-06
  A   S2                3.38532669E-01     -5.54E-06
  A   S4               -1.32041542E-01      7.37E-06
  A   S5                6.06285397E-01     -6.09E-06
  A   S6                3.93878461E-01      3.66E-07
  A   S7                1.85210038E-01     -1.12E-07
  A   S8               -2.75371406E-01      2.71E-06
  A   S9                1.05547532E-01      2.19E-07
  A   S10              -2.21976131E-01      5.50E-07
  A   S11               1.83336927E-01     -1.19E-06
  A   S12               1.76586945E-01      2.72E-08
  A   S13               3.90914061E-02      1.37E-08
  THI S2                8.25582827E-02     -1.30E-06
  THI S3                6.06061994E-02      1.63E-05
  THI S5                3.61381391E-02      2.12E-06
  THI S7                3.96782660E-02      1.63E-06
  THI S9                3.00778042E-01      1.74E-07
  THI S11               2.15026552E-02      2.11E-05
  THI S13               5.99917868E-01      1.53E-05
  THI S15               2.84984183E-01      1.53E-05
  
        EFL          REDU         PIM          OAL         EN PUP       EX PUP
      2.416363     0.000000     0.293474     4.199179     0.382022    -3.604781
  
  Active Constraints -   1:    target        value         diff        cost
  EFL                    =   2.41636E+00   2.41636E+00  -3.642E-13  -1.359E-06
  
  Weighted Constraints:        target        value        WTC/PTC     contrib
  @ATELIER_LATCOLOR      =   0.00000E+00   4.50340E-02   1.000E-02   2.028E-01
  @ATELIER_RMSSPOT       =   0.00000E+00   2.83267E+00   1.000E-03   8.024E+00
  
 CYCLE NUMBER 14:
  
  ABERR F. =        0.03319818
  CONST F. =        8.22696355
  ERR. F.  =        8.26016173       (change =        0.00013243)
  
  OPD     0.03497056     0.03168774     0.02822411
  WAV     0.03762308     0.03567258     0.03001723
  
  
  
  Parameter                 Value            Change
  CUY S1                5.57021665E-01     -8.63E-09
  CUY S2                4.37050981E-01     -1.98E-08
  CUY S4                4.59074441E-02     -2.58E-08
  CUY S5               -6.99716532E-01      6.46E-09
  CUY S6               -4.86411731E-01      2.14E-08
  CUY S7               -1.20362871E-02      5.63E-10
  CUY S8                5.90231007E-01     -6.22E-08
  CUY S9                4.97071455E-01     -2.72E-09
  CUY S10              -7.01778866E-01      3.76E-08
  CUY S11              -1.59805710E+00      2.37E-08
  CUY S12               4.32312174E-01      4.50E-08
  CUY S13               1.23331994E+00     -3.12E-08
  A   S1                1.72853625E-03     -8.62E-09
  A   S2                3.38532681E-01      1.27E-08
  A   S4               -1.32041554E-01     -1.26E-08
  A   S5                6.06285409E-01      1.22E-08
  A   S6                3.93878455E-01     -5.44E-09
  A   S7                1.85210039E-01      1.17E-09
  A   S8               -2.75371412E-01     -6.37E-09
  A   S9                1.05547533E-01      8.61E-10
  A   S10              -2.21976134E-01     -3.21E-09
  A   S11               1.83336931E-01      4.31E-09
  A   S12               1.76586942E-01     -2.86E-09
  A   S13               3.90914062E-02      7.77E-11
  THI S2                8.25582927E-02      9.98E-09
  THI S3                6.06061452E-02     -5.42E-08
  THI S5                3.61381368E-02     -2.30E-09
  THI S7                3.96782689E-02      2.92E-09
  THI S9                3.00778043E-01      1.02E-09
  THI S11               2.15025888E-02     -6.64E-08
  THI S13               5.99917827E-01     -4.15E-08
  THI S15               2.84984141E-01     -4.15E-08
  
        EFL          REDU         PIM          OAL         EN PUP       EX PUP
      2.416363     0.000000     0.293474     4.199179     0.382022    -3.604781
  
  Active Constraints -   1:    target        value         diff        cost
  EFL                    =   2.41636E+00   2.41636E+00  -3.368E-12   2.584E-05
  
  Weighted Constraints:        target        value        WTC/PTC     contrib
  @ATELIER_LATCOLOR      =   0.00000E+00   4.50322E-02   1.000E-02   2.028E-01
  @ATELIER_RMSSPOT       =   0.00000E+00   2.83270E+00   1.000E-03   8.024E+00
  
 CYCLE NUMBER 15:
  
  ABERR F. =        0.03319998
  CONST F. =        8.22679820
  ERR. F.  =        8.25999817       (change =       -0.00016356)
  
  OPD     0.03497481     0.03168790     0.02822453
  WAV     0.03762749     0.03567288     0.03001771
  
  
  
  Parameter                 Value            Change
  CUY S1                5.57021672E-01      7.26E-09
  CUY S2                4.37050993E-01      1.12E-08
  CUY S4                4.59074645E-02      2.04E-08
  CUY S5               -6.99716540E-01     -7.42E-09
  CUY S6               -4.86411755E-01     -2.38E-08
  CUY S7               -1.20362868E-02      2.97E-10
  CUY S8                5.90231016E-01      9.12E-09
  CUY S9                4.97071461E-01      6.65E-09
  CUY S10              -7.01778887E-01     -2.11E-08
  CUY S11              -1.59805714E+00     -4.34E-08
  CUY S12               4.32312077E-01     -9.64E-08
  CUY S13               1.23331985E+00     -9.38E-08
  A   S1                1.72854372E-03      7.47E-09
  A   S2                3.38532666E-01     -1.53E-08
  A   S4               -1.32041533E-01      2.08E-08
  A   S5                6.06285393E-01     -1.66E-08
  A   S6                3.93878456E-01      6.79E-10
  A   S7                1.85210039E-01     -1.79E-10
  A   S8               -2.75371404E-01      7.87E-09
  A   S9                1.05547533E-01      4.70E-10
  A   S10              -2.21976133E-01      1.20E-09
  A   S11               1.83336928E-01     -3.38E-09
  A   S12               1.76586942E-01      1.95E-10
  A   S13               3.90914062E-02      4.17E-11
  THI S2                8.25582901E-02     -2.61E-09
  THI S3                6.06061153E-02     -2.99E-08
  THI S5                3.61381418E-02      5.00E-09
  THI S7                3.96782711E-02      2.24E-09
  THI S9                3.00778044E-01      5.60E-10
  THI S11               2.15026409E-02      5.21E-08
  THI S13               5.99917864E-01      3.74E-08
  THI S15               2.84984179E-01      3.74E-08
  
        EFL          REDU         PIM          OAL         EN PUP       EX PUP
      2.416363     0.000000     0.293474     4.199179     0.382022    -3.604781
  
  Active Constraints -   1:    target        value         diff        cost
  EFL                    =   2.41636E+00   2.41636E+00   8.882E-16   1.536E-05
  
  Weighted Constraints:        target        value        WTC/PTC     contrib
  @ATELIER_LATCOLOR      =   0.00000E+00   4.50328E-02   1.000E-02   2.028E-01
  @ATELIER_RMSSPOT       =   0.00000E+00   2.83267E+00   1.000E-03   8.024E+00
  
     Normal AUTO Completion - System improvement less than IMP
AUT> GO
 
 
CODE V> BUF PUT B1 I^row J1 "schema"
      Created new worksheet B1.
CODE V> BUF PUT B1 I^row J2 "atelier-codev-target-v1"
CODE V> BUF PUT B1 I^row J1 "status"
CODE V> BUF PUT B1 I^row J2 "ok"
CODE V> BUF PUT B1 I^row J1 "mode"
CODE V> BUF PUT B1 I^row J2 "target"
CODE V> BUF PUT B1 I^row J1 "stage"
CODE V> BUF PUT B1 I^row J2 "A"
CODE V> BUF PUT B1 I^row J1 "source_zmx"
CODE V> BUF PUT B1 I^row J2 "US10330891B2.zmx"
CODE V> BUF PUT B1 I^row J1 "num_fields"
CODE V> BUF PUT B1 I^row J2 ^numf_out
CODE V> BUF PUT B1 I^row J1 "vignetting_edge"
CODE V> BUF PUT B1 I^row J2 0.4
CODE V> BUF PUT B1 I^row J1 "target.efl_mm"
CODE V> BUF PUT B1 I^row J2 ^target_efl
CODE V> BUF PUT B1 I^row J1 "target.f_number"
CODE V> BUF PUT B1 I^row J2 2.28820781488279
CODE V> BUF PUT B1 I^row J1 "seed_baseline.efl_y_mm"
CODE V> BUF PUT B1 I^row J2 ^seed_baseline_efl_y_mm
CODE V> BUF PUT B1 I^row J1 "seed_baseline.max_lateral_color_um"
CODE V> BUF PUT B1 I^row J2 ^seed_baseline_max_lateral_color_um
CODE V> BUF PUT B1 I^row J1 "seed_baseline.max_rms_spot_diameter_um"
CODE V> BUF PUT B1 I^row J2 ^seed_baseline_max_rms_spot_diameter_um
CODE V> BUF PUT B1 I^row J1 "seed_baseline.max_rms_wavefront_error_waves"
CODE V> BUF PUT B1 I^row J2 ^seed_baseline_max_rms_wavefront_error_waves
CODE V> BUF PUT B1 I^row J1 "seed_baseline.max_distortion_pct"
CODE V> BUF PUT B1 I^row J2 ^seed_baseline_max_distortion_pct
CODE V> BUF PUT B1 I^row J1 "seed_baseline.fno"
CODE V> BUF PUT B1 I^row J2 ^seed_baseline_fno
CODE V> BUF PUT B1 I^row J1 "seed_baseline.epd_mm"
CODE V> BUF PUT B1 I^row J2 ^seed_baseline_epd
CODE V> BUF PUT B1 I^row J1 "seed_baseline.maximh_mm"
CODE V> BUF PUT B1 I^row J2 ^seed_baseline_maximh
CODE V> BUF PUT B1 I^row J1 "config_pre_aut.efl_y_mm"
CODE V> BUF PUT B1 I^row J2 ^config_pre_aut_efl_y_mm
CODE V> BUF PUT B1 I^row J1 "config_pre_aut.max_lateral_color_um"
CODE V> BUF PUT B1 I^row J2 ^config_pre_aut_max_lateral_color_um
CODE V> BUF PUT B1 I^row J1 "config_pre_aut.max_rms_spot_diameter_um"
CODE V> BUF PUT B1 I^row J2 ^config_pre_aut_max_rms_spot_diameter_um
CODE V> BUF PUT B1 I^row J1 "config_pre_aut.max_rms_wavefront_error_waves"
CODE V> BUF PUT B1 I^row J2 ^config_pre_aut_max_rms_wavefront_error_waves
CODE V> BUF PUT B1 I^row J1 "config_pre_aut.max_distortion_pct"
CODE V> BUF PUT B1 I^row J2 ^config_pre_aut_max_distortion_pct
CODE V> BUF PUT B1 I^row J1 "config_pre_aut.fno"
CODE V> BUF PUT B1 I^row J2 ^config_pre_aut_fno
CODE V> BUF PUT B1 I^row J1 "config_pre_aut.epd_mm"
CODE V> BUF PUT B1 I^row J2 ^config_pre_aut_epd
CODE V> BUF PUT B1 I^row J1 "config_pre_aut.maximh_mm"
CODE V> BUF PUT B1 I^row J2 ^config_pre_aut_maximh
CODE V> BUF PUT B1 I^row J1 "post_aut.efl_y_mm"
CODE V> BUF PUT B1 I^row J2 ^post_aut_efl_y_mm
CODE V> BUF PUT B1 I^row J1 "post_aut.max_lateral_color_um"
CODE V> BUF PUT B1 I^row J2 ^post_aut_max_lateral_color_um
CODE V> BUF PUT B1 I^row J1 "post_aut.max_rms_spot_diameter_um"
CODE V> BUF PUT B1 I^row J2 ^post_aut_max_rms_spot_diameter_um
CODE V> BUF PUT B1 I^row J1 "post_aut.max_rms_wavefront_error_waves"
CODE V> BUF PUT B1 I^row J2 ^post_aut_max_rms_wavefront_error_waves
CODE V> BUF PUT B1 I^row J1 "post_aut.max_distortion_pct"
CODE V> BUF PUT B1 I^row J2 ^post_aut_max_distortion_pct
CODE V> BUF PUT B1 I^row J1 "post_aut.fno"
CODE V> BUF PUT B1 I^row J2 ^post_aut_fno
CODE V> BUF PUT B1 I^row J1 "post_aut.epd_mm"
CODE V> BUF PUT B1 I^row J2 ^post_aut_epd
CODE V> BUF PUT B1 I^row J1 "post_aut.maximh_mm"
CODE V> BUF PUT B1 I^row J2 ^post_aut_maximh
CODE V> BUF PUT B1 I^row J1 "efl_target_deviation_pct"
CODE V> BUF PUT B1 I^row J2 ^efl_target_dev_pct
CODE V> BUF PUT B1 I^row J1 "aut_converged"
CODE V> BUF PUT B1 I^row J2 ^aut_converged
CODE V> BUF EXP B1 "D:\atelier-wt-c\.planning\loop\p15-stageb-evidence\fno-matrix-2026-07-11\US10330891B2_loosen\rung2_fno0229\ray_retry\atelier_codev_target_A_vig0400.tsv"
     Buffer B1 exported to file atelier_codev_target_A_vig0400.tsv
CODE V> BUF DEL B1
CODE V> OUT YES
CODE V> EXI YES
     EXI                                                                              11-Jul-26  14H 18M 22S
                                                 CODE V PC  Version: 11.5             CPU clock:  0H  0M  7S
