  
  
                                   Welcome to
  
                                   C O D E   V
  
                                PC  Version 11.5
                                   Build 27302701
  
                                   11-Jul-2026
  
                            A proprietary product of
  
                              SYNOPSYS, INC
                              Pasadena, California
  
CODE V> OUT NO
     Radius input/output mode
  
    Lens data created by Zemax version 210628
  
    Zemax command MODE ignored
    Zemax command AUTH ignored
    Zemax command PFIL ignored
    Zemax command LANG ignored
     WARNING - Glass catalog list not used.
     WARNING - Ray aiming not used.
     WARNING - Pupil shift for ray aiming not used.
    Zemax command SDMA ignored
    Zemax command OMMA ignored
    Zemax command HYPR ignored
     WARNING - Vignetting angles not used.
    Zemax command XAIM ignored
    Zemax command YAIM ignored
    Zemax command ZAIM ignored
    Zemax command POLS ignored
    Zemax command GLRS ignored
    Zemax command GSTD ignored
    Zemax command NSCD ignored
    Zemax command COFN ignored
    Zemax command COFN ignored
    Zemax command LUID ignored
  
     Surface pointer = OBJ
    Zemax command SSID ignored.
    Zemax surface type  STANDARD
    CODE V surface type SPH
    Zemax command FIMP ignored.
     WARNING - Hiding of rays not used.
    Zemax command MIRR ignored.
    Zemax command SLAB ignored.
    Zemax command MEMA ignored.
    Zemax command POPS ignored.
  
     Surface pointer = 1
    Zemax command SSID ignored.
    Zemax surface type  EVENASPH
    CODE V surface type ASP
    Zemax command FIMP ignored.
     WARNING - Hiding of rays not used.
    Zemax command MIRR ignored.
    Zemax command SLAB ignored.
    Zemax command MEMA ignored.
    Zemax command POPS ignored.
  
     Surface pointer = 2
    Zemax command SSID ignored.
    Zemax surface type  STANDARD
    CODE V surface type SPH
    Zemax command FIMP ignored.
     WARNING - Hiding of rays not used.
    Zemax command MIRR ignored.
    Zemax command SLAB ignored.
    Zemax command MEMA ignored.
    Zemax command POPS ignored.
  
     Surface pointer = 3
    Zemax command SSID ignored.
    Zemax surface type  EVENASPH
    CODE V surface type ASP
    Zemax command FIMP ignored.
     WARNING - Hiding of rays not used.
    Zemax command MIRR ignored.
    Zemax command SLAB ignored.
     WARNING - Partial dispersion of model glass not used.
    Zemax command MEMA ignored.
    Zemax command POPS ignored.
  
     Surface pointer = 4
    Zemax command SSID ignored.
    Zemax surface type  EVENASPH
    CODE V surface type ASP
    Zemax command FIMP ignored.
     WARNING - Hiding of rays not used.
    Zemax command MIRR ignored.
    Zemax command SLAB ignored.
    Zemax command MEMA ignored.
    Zemax command POPS ignored.
  
     Surface pointer = 5
    Zemax command SSID ignored.
    Zemax surface type  EVENASPH
    CODE V surface type ASP
    Zemax command FIMP ignored.
     WARNING - Hiding of rays not used.
    Zemax command MIRR ignored.
    Zemax command SLAB ignored.
     WARNING - Partial dispersion of model glass not used.
    Zemax command MEMA ignored.
    Zemax command POPS ignored.
  
     Surface pointer = 6
    Zemax command SSID ignored.
    Zemax surface type  EVENASPH
    CODE V surface type ASP
    Zemax command FIMP ignored.
     WARNING - Hiding of rays not used.
    Zemax command MIRR ignored.
    Zemax command SLAB ignored.
    Zemax command MEMA ignored.
    Zemax command POPS ignored.
  
     Surface pointer = 7
    Zemax command SSID ignored.
    Zemax surface type  EVENASPH
    CODE V surface type ASP
    Zemax command FIMP ignored.
     WARNING - Hiding of rays not used.
    Zemax command MIRR ignored.
    Zemax command SLAB ignored.
    Zemax command MEMA ignored.
    Zemax command POPS ignored.
  
     Surface pointer = 8
    Zemax command SSID ignored.
    Zemax surface type  EVENASPH
    CODE V surface type ASP
    Zemax command FIMP ignored.
     WARNING - Hiding of rays not used.
    Zemax command MIRR ignored.
    Zemax command SLAB ignored.
    Zemax command MEMA ignored.
    Zemax command POPS ignored.
  
     Surface pointer = 9
    Zemax command SSID ignored.
    Zemax surface type  EVENASPH
    CODE V surface type ASP
    Zemax command FIMP ignored.
     WARNING - Hiding of rays not used.
    Zemax command MIRR ignored.
    Zemax command SLAB ignored.
    Zemax command MEMA ignored.
    Zemax command POPS ignored.
  
     Surface pointer = 10
    Zemax command SSID ignored.
    Zemax surface type  EVENASPH
    CODE V surface type ASP
    Zemax command FIMP ignored.
     WARNING - Hiding of rays not used.
    Zemax command MIRR ignored.
    Zemax command SLAB ignored.
    Zemax command MEMA ignored.
    Zemax command POPS ignored.
  
     Surface pointer = 11
    Zemax command SSID ignored.
    Zemax surface type  XASPHERE
    CODE V surface type SPS ODD
    Zemax command FIMP ignored.
     WARNING - Hiding of rays not used.
    Zemax command MIRR ignored.
    Zemax command SLAB ignored.
     WARNING - Maximum term number not used.
    Zemax command MEMA ignored.
    Zemax command POPS ignored.
  
     Surface pointer = 12
    Zemax command SSID ignored.
    Zemax surface type  XASPHERE
    CODE V surface type SPS ODD
    Zemax command FIMP ignored.
     WARNING - Hiding of rays not used.
    Zemax command MIRR ignored.
    Zemax command SLAB ignored.
     WARNING - Maximum term number not used.
    Zemax command MEMA ignored.
    Zemax command POPS ignored.
  
     Surface pointer = 13
    Zemax command SSID ignored.
    Zemax surface type  XASPHERE
    CODE V surface type SPS ODD
    Zemax command FIMP ignored.
     WARNING - Hiding of rays not used.
    Zemax command MIRR ignored.
    Zemax command SLAB ignored.
     WARNING - Maximum term number not used.
    Zemax command MEMA ignored.
    Zemax command POPS ignored.
  
     Surface pointer = 14
    Zemax command SSID ignored.
    Zemax surface type  XASPHERE
    CODE V surface type SPS ODD
    Zemax command FIMP ignored.
     WARNING - Hiding of rays not used.
    Zemax command MIRR ignored.
    Zemax command SLAB ignored.
     WARNING - Maximum term number not used.
    Zemax command MEMA ignored.
    Zemax command POPS ignored.
  
     Surface pointer = 15
    Zemax command SSID ignored.
    Zemax surface type  STANDARD
    CODE V surface type SPH
    Zemax command FIMP ignored.
     WARNING - Hiding of rays not used.
    Zemax command MIRR ignored.
    Zemax command SLAB ignored.
     WARNING - Partial dispersion of model glass not used.
    Zemax command MEMA ignored.
    Zemax command POPS ignored.
  
     Surface pointer = 16
    Zemax command SSID ignored.
    Zemax surface type  STANDARD
    CODE V surface type SPH
    Zemax command FIMP ignored.
     WARNING - Hiding of rays not used.
    Zemax command MIRR ignored.
    Zemax command SLAB ignored.
    Zemax command MEMA ignored.
    Zemax command POPS ignored.
  
     Surface pointer = 17
    Zemax command SSID ignored.
    Zemax surface type  STANDARD
    CODE V surface type SPH
    Zemax command FIMP ignored.
     WARNING - Hiding of rays not used.
    Zemax command MIRR ignored.
    Zemax command SLAB ignored.
    Zemax command MEMA ignored.
    Zemax command POPS ignored.
  
     Surface pointer = IMG
    Zemax command SSID ignored.
    Zemax surface type  STANDARD
    CODE V surface type SPH
    Zemax command FIMP ignored.
     WARNING - Hiding of rays not used.
    Zemax command MIRR ignored.
    Zemax command SLAB ignored.
    Zemax command MEMA ignored.
    Zemax command POPS ignored.
  
     WARNING - Please check the converted lens carefully.
               Some information will not be converted.
               Changes in either CODE V or ZEMAX may invalidate
               the converted information.
               Due to differences between CODE V and ZEMAX ray
               aiming and vignetting factors, it is recommended
               that you set vignetting for the converted system.
  
               A concise listing of conversion warnings appears
               in the Tabbed Output Window 'Info' tab and in the
               Command Window.
  
CODE V> DEF VAR SA
 
 
CODE V> VUY 0 0.4 0.4
CODE V> VLY 0 0.4 0.4
CODE V> VUX 0 0.4 0.4
CODE V> VLX 0 0.4 0.4
 
 
CODE V> AUT
     AUT                                                                              11-Jul-26  14H  8M 53S
                                                 CODE V PC  Version: 11.5             CPU clock:  0H  0M  1S
AUT>   SUR N
AUT>   CHG SA
AUT>   WFR Y
AUT>   WTF FA 10
AUT>   EFL = 4.70602808468692
AUT>   @atelier_latcolor == @lcum(1)
AUT>   @atelier_latcolor = 0
AUT>   WTC 0.01
AUT>   @atelier_rmsspot == @rmssum(1)
AUT>   @atelier_rmsspot = 0
AUT>   WTC 0.001
AUT>   MNT 0.025
AUT>   MNE 0.025
AUT>   MXT 10
AUT>   MNA 0.001
AUT>   MXC 25
AUT>   MNC 3
AUT>   IMP 0.001
AUT> GO
 -------------------------------------------------------------------------------
  
       USER CONSTRAINT DEFINITIONS
            @atelier_rmsspot == @rmssum(1)
  
            @atelier_latcolor == @lcum(1)
  
  
  
       POTENTIALLY ACTIVE SPECIFIC CONSTRAINTS
         EFL                                  =       4.706028
         @ATELIER_LATCOLOR                    =       0.000000     (WTC =    0.01000)
         @ATELIER_RMSSPOT                     =       0.000000     (WTC =    0.00100)
  
       GENERAL CONSTRAINTS
         MXT      10.000000
         MNT       0.025000
         MNE       0.025000
         MNA       0.001000
         MAE       0.002500
         GLA               NFK5  NSK16  NLAF2  SF4
  
       ERROR FUNCTION CONSTRUCTION
         WFR        Y
         WTW       1          1          1          1          1
         WTA       0.000000
         DEL       0.220000
         WTX F1   10.000000
         WTX F2   10.000000
         WTX F3   10.000000
         WTY F1   10.000000
         WTY F2   10.000000
         WTY F3   10.000000
  
       CONVERGENCE CONTROLS
         MXC        25
         MNC         3
         TAR       0.000000
         IMP       0.001000
  
       OUTPUT CONTROLS
         SUR NO
         CHG S0..18
  
     Recommendations for most stable convergence:
  
       Use object space aperture specifications:
       - NAO for finite conjugate systems
       - EPD for infinite conjugate systems
  
       VARIABLE LIST
  
         NO      PARAMETERS *
          1      CUY S3       CUY S4
          2      CUY S4       CUY S5
          3      CUY S5       CUY S6
          4      CUY S6       CUY S7
          5      CUY S7       CUY S8
          6      CUY S8       CUY S9
          7      CUY S9       CUY S10
          8      CUY S10
          9      A   S3
         10      A   S4
         11      A   S5
         12      A   S6
         13      A   S7
         14      A   S8
         15      A   S9
         16      A   S10
         17      THI S2
         18      THI S4
         19      THI S6
         20      THI S8
         21      THI S10
         22      THI S12
         23      THI S14
         24      THI S16
         25      THI S18
  
     * Multiple entries on a line are composite variables.
     Composite variables are either program-generated bendings
     or user-requested couplings.
  
      25 VARIABLES
  
      25 CONSTRAINTS CAN BE ACTIVE
  
     RELATIVE TIME PER CYCLE IS  344.6 UNITS
     WARNING - The macro function SPOTDATA is not supported on multiple threads.
               CODE V will set the multiple processor setting (MPP) to 1 to prevent errors.
               Please refer to the CODE V Setup and Operation Reference Manual for a complete list
               of pre-defined macro functions that are currently limited to running on a single thread.
  
 CYCLE NUMBER 0:
  
  ABERR F. =        0.15133326
  CONST F. =      388.58578589
  ERR. F.  =      388.73711915
  
  OPD     0.17268308     0.14341892     0.12102593
  WAV     0.18353974     0.14793797     0.12962382
  
  
  
  Parameter                 Value            Change
  CUY S3                4.38461876E-01      0.00E+00
  CUY S4                1.55033952E-01      0.00E+00
  CUY S5                2.87306786E-01      0.00E+00
  CUY S6                4.05695971E-01      0.00E+00
  CUY S7                2.81529154E-02      0.00E+00
  CUY S8               -2.32964473E-01      0.00E+00
  CUY S9               -4.91593747E-01      0.00E+00
  CUY S10              -3.43489163E-01      0.00E+00
  A   S3                1.40041000E-04      0.00E+00
  A   S4               -1.77404000E-02      0.00E+00
  A   S5               -1.04752000E-01      0.00E+00
  A   S6               -7.17227000E-02      0.00E+00
  A   S7                2.70142000E-02      0.00E+00
  A   S8                4.51043000E-03      0.00E+00
  A   S9                9.52605000E-03      0.00E+00
  A   S10               2.75271000E-02      0.00E+00
  THI S2               -4.75900000E-01      0.00E+00
  THI S4                4.00200000E-01      0.00E+00
  THI S6                1.63300000E-01      0.00E+00
  THI S8                5.97900000E-01      0.00E+00
  THI S10               5.00000000E-02      0.00E+00
  THI S12               6.61800000E-01      0.00E+00
  THI S14               2.31100000E-01      0.00E+00
  THI S16               5.50000000E-01      0.00E+00
  THI S18               0.00000000E+00      0.00E+00
  
        EFL          REDU         PIM          OAL         EN PUP       EX PUP
      4.699441     0.000000    -0.011325     6.000000     0.475900    -3.099869
  
  Specific Constraints:        target        value         diff      active (**)
  EFL                    =   4.70603E+00   4.69944E+00  -6.587E-03    **
  
  Weighted Constraints:        target        value        WTC/PTC     contrib
  @ATELIER_LATCOLOR      =   0.00000E+00   1.64791E+00   1.000E-02   2.716E+02
  @ATELIER_RMSSPOT       =   0.00000E+00   1.08177E+01   1.000E-03   1.170E+02
     WARNING - Frozen Thickness Violations:
  Mn ET S17
  
  Constraints added:      EFL (=)                     Mn CT S2 (>)
 RAY ERROR: REFL 14
 RAY ERROR: REFL 14
 RAY ERROR: REFL 14
  
 CYCLE NUMBER 1:
  
  ABERR F. =        0.13825511
  CONST F. =     1145.75336943
  ERR. F.  =     1145.89162453       (change =      757.15450538)
  
  OPD     0.11237402     0.17006625     0.10229676
  WAV     0.12648331     0.18055495     0.11863242
  
  
  
  Parameter                 Value            Change
  CUY S3                4.33815737E-01     -4.65E-03
  CUY S4                1.59824428E-01      4.79E-03
  CUY S5                2.94610278E-01      7.30E-03
  CUY S6                4.04113993E-01     -1.58E-03
  CUY S7                2.68742843E-02     -1.28E-03
  CUY S8               -2.42948757E-01     -9.98E-03
  CUY S9               -4.99213879E-01     -7.62E-03
  CUY S10              -3.43182109E-01      3.07E-04
  A   S3               -3.66073104E-04     -5.06E-04
  A   S4               -1.82551487E-02     -5.15E-04
  A   S5               -1.04272229E-01      4.80E-04
  A   S6               -7.14679513E-02      2.55E-04
  A   S7                2.61349041E-02     -8.79E-04
  A   S8                4.15632837E-03     -3.54E-04
  A   S9                8.42794909E-03     -1.10E-03
  A   S10               2.74737851E-02     -5.33E-05
  THI S2               -2.37450000E-01      2.38E-01
  THI S4                3.86286113E-01     -1.39E-02
  THI S6                1.60440003E-01     -2.86E-03
  THI S8                5.77980574E-01     -1.99E-02
  THI S10               5.41274701E-02      4.13E-03
  THI S12               6.62017969E-01      2.18E-04
  THI S14               2.35519326E-01      4.42E-03
  THI S16               5.54419326E-01      4.42E-03
  THI S18               4.41932588E-03      4.42E-03
  
        EFL          REDU         PIM          OAL         EN PUP       EX PUP
      4.702402     0.000000     0.009017     6.214941     0.475900    -3.195757
  
  Active Constraints -   2:    target        value         diff        cost
  EFL                    =   4.70603E+00   4.70240E+00  -3.626E-03   2.815E-06
  Mn CT S2                                                          -9.503E-07
  
  Weighted Constraints:        target        value        WTC/PTC     contrib
  @ATELIER_LATCOLOR      =   0.00000E+00   2.64039E+00   1.000E-02   6.972E+02
  @ATELIER_RMSSPOT       =   0.00000E+00   2.11799E+01   1.000E-03   4.486E+02
  
 CYCLE NUMBER 2:
  
  ABERR F. =        0.52663658
  CONST F. =     1666.76463906
  ERR. F.  =     1667.29127564       (change =      521.39965111)
  
  OPD     0.77977691     0.29607158     0.26347627
  WAV     0.82679965     0.30659150     0.34835381
  
  
  
  Parameter                 Value            Change
  CUY S3                4.33890886E-01      7.51E-05
  CUY S4                1.59369384E-01     -4.55E-04
  CUY S5                2.94290289E-01     -3.20E-04
  CUY S6                4.04253544E-01      1.40E-04
  CUY S7                2.64413490E-02     -4.33E-04
  CUY S8               -2.43762022E-01     -8.13E-04
  CUY S9               -4.99770168E-01     -5.56E-04
  CUY S10              -3.43296460E-01     -1.14E-04
  A   S3               -3.45714442E-04      2.04E-05
  A   S4               -1.82875980E-02     -3.24E-05
  A   S5               -1.04232606E-01      3.96E-05
  A   S6               -7.15101801E-02     -4.22E-05
  A   S7                2.62005164E-02      6.56E-05
  A   S8                4.09939998E-03     -5.69E-05
  A   S9                8.53068713E-03      1.03E-04
  A   S10               2.74498162E-02     -2.40E-05
  THI S2                1.00000000E-03      2.38E-01
  THI S4                3.85854037E-01     -4.32E-04
  THI S6                1.60225949E-01     -2.14E-04
  THI S8                5.75875564E-01     -2.11E-03
  THI S10               5.49344565E-02      8.07E-04
  THI S12               6.59625049E-01     -2.39E-03
  THI S14               2.42819473E-01      7.30E-03
  THI S16               5.61719473E-01      7.30E-03
  THI S18               1.17194727E-02      7.30E-03
  
        EFL          REDU         PIM          OAL         EN PUP       EX PUP
      4.706028     0.000000    -0.000891     6.463654     0.475900    -3.323340
  
  Active Constraints -   2:    target        value         diff        cost
  EFL                    =   4.70603E+00   4.70603E+00  -3.844E-10   3.402E-01
  Mn CT S2                                                          -7.151E-01
  
  Weighted Constraints:        target        value        WTC/PTC     contrib
  @ATELIER_LATCOLOR      =   0.00000E+00   3.50171E+00   1.000E-02   1.226E+03
  @ATELIER_RMSSPOT       =   0.00000E+00   2.09897E+01   1.000E-03   4.406E+02
  
  Constraints released:   Mn CT S2 (>)
  
 CYCLE NUMBER 3:
  
  ABERR F. =        0.32166819
  CONST F. =     1582.78978366
  ERR. F.  =     1583.11145185       (change =      -84.17982380)
  
  OPD     0.31627525     0.23290590     0.35270429
  WAV     0.33165420     0.24448599     0.41518565
  
  
  
  Parameter                 Value            Change
  CUY S3                4.33983036E-01      9.22E-05
  CUY S4                1.58793596E-01     -5.76E-04
  CUY S5                2.94266440E-01     -2.38E-05
  CUY S6                4.05148100E-01      8.95E-04
  CUY S7                2.65024123E-02      6.11E-05
  CUY S8               -2.44262228E-01     -5.00E-04
  CUY S9               -5.00044639E-01     -2.74E-04
  CUY S10              -3.43352955E-01     -5.65E-05
  A   S3               -2.88992901E-04      5.67E-05
  A   S4               -1.81927143E-02      9.49E-05
  A   S5               -1.04334704E-01     -1.02E-04
  A   S6               -7.14585216E-02      5.17E-05
  A   S7                2.61332797E-02     -6.72E-05
  A   S8                4.29210826E-03      1.93E-04
  A   S9                8.39576050E-03     -1.35E-04
  A   S10               2.74438199E-02     -6.00E-06
  THI S2                1.48962409E-03      4.90E-04
  THI S4                3.85512743E-01     -3.41E-04
  THI S6                1.56883712E-01     -3.34E-03
  THI S8                5.75011328E-01     -8.64E-04
  THI S10               5.37232675E-02     -1.21E-03
  THI S12               6.59128894E-01     -4.96E-04
  THI S14               2.42101376E-01     -7.18E-04
  THI S16               5.61001376E-01     -7.18E-04
  THI S18               1.10013763E-02     -7.18E-04
  
        EFL          REDU         PIM          OAL         EN PUP       EX PUP
      4.706026     0.000000     0.003109     6.456452     0.475900    -3.318468
  
  Active Constraints -   1:    target        value         diff        cost
  EFL                    =   4.70603E+00   4.70603E+00  -1.612E-06  -4.654E-02
  
  Weighted Constraints:        target        value        WTC/PTC     contrib
  @ATELIER_LATCOLOR      =   0.00000E+00   3.43896E+00   1.000E-02   1.183E+03
  @ATELIER_RMSSPOT       =   0.00000E+00   2.00037E+01   1.000E-03   4.001E+02
 RAY ERROR: REFL 10
  
 CYCLE NUMBER 4:
  
  ABERR F. =        0.25811825
  CONST F. =     1486.83868208
  ERR. F.  =     1487.09680034       (change =      -96.01465151)
  
  OPD     0.17633992     0.23139842     0.28522133
  WAV     0.19635503     0.24574741     0.36716605
  
  
  
  Parameter                 Value            Change
  CUY S3                4.34080933E-01      9.79E-05
  CUY S4                1.58911979E-01      1.18E-04
  CUY S5                2.95058005E-01      7.92E-04
  CUY S6                4.06010298E-01      8.62E-04
  CUY S7                2.64305253E-02     -7.19E-05
  CUY S8               -2.44815773E-01     -5.54E-04
  CUY S9               -5.00153955E-01     -1.09E-04
  CUY S10              -3.42921437E-01      4.32E-04
  A   S3               -3.17062381E-04     -2.81E-05
  A   S4               -1.81736754E-02      1.90E-05
  A   S5               -1.04351043E-01     -1.63E-05
  A   S6               -7.14441318E-02      1.44E-05
  A   S7                2.61196659E-02     -1.36E-05
  A   S8                4.34031634E-03      4.82E-05
  A   S9                8.38224424E-03     -1.35E-05
  A   S10               2.75163655E-02      7.25E-05
  THI S2                1.55472673E-03      6.51E-05
  THI S4                3.85092290E-01     -4.20E-04
  THI S6                1.56958263E-01      7.46E-05
  THI S8                5.73241658E-01     -1.77E-03
  THI S10               5.34712550E-02     -2.52E-04
  THI S12               6.60758956E-01      1.63E-03
  THI S14               2.41774969E-01     -3.26E-04
  THI S16               5.60674969E-01     -3.26E-04
  THI S18               1.06749694E-02     -3.26E-04
  
        EFL          REDU         PIM          OAL         EN PUP       EX PUP
      4.706031     0.000000     0.003314     6.455127     0.475900    -3.316473
  
  Active Constraints -   1:    target        value         diff        cost
  EFL                    =   4.70603E+00   4.70603E+00   2.821E-06  -1.784E-02
  
  Weighted Constraints:        target        value        WTC/PTC     contrib
  @ATELIER_LATCOLOR      =   0.00000E+00   3.38925E+00   1.000E-02   1.149E+03
  @ATELIER_RMSSPOT       =   0.00000E+00   1.83885E+01   1.000E-03   3.381E+02
 RAY ERROR: MISS 11
  
  Constraints added:      Mn CT S2 (>)
 RAY ERROR: REFL 10
  
 CYCLE NUMBER 5:
  
  ABERR F. =        0.25059921
  CONST F. =     1434.03523005
  ERR. F.  =     1434.28582926       (change =      -52.81097108)
  
  OPD     0.14407372     0.24199426     0.27288665
  WAV     0.17178042     0.25839518     0.35600226
  
  
  
  Parameter                 Value            Change
  CUY S3                4.34137892E-01      5.70E-05
  CUY S4                1.58815013E-01     -9.70E-05
  CUY S5                2.95758175E-01      7.00E-04
  CUY S6                4.07145438E-01      1.14E-03
  CUY S7                2.65691859E-02      1.39E-04
  CUY S8               -2.45371337E-01     -5.56E-04
  CUY S9               -5.00502874E-01     -3.49E-04
  CUY S10              -3.42812935E-01      1.09E-04
  A   S3               -3.14993829E-04      2.07E-06
  A   S4               -1.81678503E-02      5.83E-06
  A   S5               -1.04305996E-01      4.50E-05
  A   S6               -7.13600552E-02      8.41E-05
  A   S7                2.60885569E-02     -3.11E-05
  A   S8                4.35710574E-03      1.68E-05
  A   S9                8.38109687E-03     -1.15E-06
  A   S10               2.75354967E-02      1.91E-05
  THI S2                1.27736336E-03     -2.77E-04
  THI S4                3.84782285E-01     -3.10E-04
  THI S6                1.56979078E-01      2.08E-05
  THI S8                5.72581332E-01     -6.60E-04
  THI S10               5.34009726E-02     -7.03E-05
  THI S12               6.61221269E-01      4.62E-04
  THI S14               2.41659034E-01     -1.16E-04
  THI S16               5.60559034E-01     -1.16E-04
  THI S18               1.05590338E-02     -1.16E-04
  
        EFL          REDU         PIM          OAL         EN PUP       EX PUP
      4.706031     0.000000     0.003204     6.454060     0.475900    -3.315265
  
  Active Constraints -   2:    target        value         diff        cost
  EFL                    =   4.70603E+00   4.70603E+00   2.491E-06  -4.279E-02
  Mn CT S2                                                          -2.701E-03
  
  Weighted Constraints:        target        value        WTC/PTC     contrib
  @ATELIER_LATCOLOR      =   0.00000E+00   3.35613E+00   1.000E-02   1.126E+03
  @ATELIER_RMSSPOT       =   0.00000E+00   1.75407E+01   1.000E-03   3.077E+02
  
 CYCLE NUMBER 6:
  
  ABERR F. =        0.27216029
  CONST F. =     1427.22579201
  ERR. F.  =     1427.49795230       (change =       -6.78787697)
  
  OPD     0.21122138     0.24301092     0.29280589
  WAV     0.22963761     0.25849435     0.36806318
  
  
  
  Parameter                 Value            Change
  CUY S3                4.34153281E-01      1.54E-05
  CUY S4                1.58735911E-01     -7.91E-05
  CUY S5                2.95609705E-01     -1.48E-04
  CUY S6                4.07081490E-01     -6.39E-05
  CUY S7                2.64912355E-02     -7.80E-05
  CUY S8               -2.45494122E-01     -1.23E-04
  CUY S9               -5.00559328E-01     -5.65E-05
  CUY S10              -3.42814683E-01     -1.75E-06
  A   S3               -3.12377630E-04      2.62E-06
  A   S4               -1.81706355E-02     -2.79E-06
  A   S5               -1.04295997E-01      1.00E-05
  A   S6               -7.13611257E-02     -1.07E-06
  A   S7                2.60905822E-02      2.03E-06
  A   S8                4.35415213E-03     -2.95E-06
  A   S9                8.38382171E-03      2.72E-06
  A   S10               2.75335406E-02     -1.96E-06
  THI S2                1.00000000E-03     -2.77E-04
  THI S4                3.84960590E-01      1.78E-04
  THI S6                1.56728702E-01     -2.50E-04
  THI S8                5.72699236E-01      1.18E-04
  THI S10               5.35381615E-02      1.37E-04
  THI S12               6.61323664E-01      1.02E-04
  THI S14               2.42144446E-01      4.85E-04
  THI S16               5.61044446E-01      4.85E-04
  THI S18               1.10444461E-02      4.85E-04
  
        EFL          REDU         PIM          OAL         EN PUP       EX PUP
      4.706028     0.000000     0.001945     6.455039     0.475900    -3.316151
  
  Active Constraints -   2:    target        value         diff        cost
  EFL                    =   4.70603E+00   4.70603E+00  -1.801E-12   8.288E-04
  Mn CT S2                                                          -1.213E-03
  
  Weighted Constraints:        target        value        WTC/PTC     contrib
  @ATELIER_LATCOLOR      =   0.00000E+00   3.34519E+00   1.000E-02   1.119E+03
  @ATELIER_RMSSPOT       =   0.00000E+00   1.75556E+01   1.000E-03   3.082E+02
  
 CYCLE NUMBER 7:
  
  ABERR F. =        0.26765267
  CONST F. =     1412.88895900
  ERR. F.  =     1413.15661167       (change =      -14.34134063)
  
  OPD     0.19797136     0.24492944     0.28867509
  WAV     0.21752733     0.26092691     0.36319461
  
  
  
  Parameter                 Value            Change
  CUY S3                4.34166083E-01      1.28E-05
  CUY S4                1.58731513E-01     -4.40E-06
  CUY S5                2.95808366E-01      1.99E-04
  CUY S6                4.07360207E-01      2.79E-04
  CUY S7                2.65133917E-02      2.22E-05
  CUY S8               -2.45609649E-01     -1.16E-04
  CUY S9               -5.00608218E-01     -4.89E-05
  CUY S10              -3.42787850E-01      2.68E-05
  A   S3               -3.08100244E-04      4.28E-06
  A   S4               -1.81819675E-02     -1.13E-05
  A   S5               -1.04306142E-01     -1.01E-05
  A   S6               -7.13473824E-02      1.37E-05
  A   S7                2.60748992E-02     -1.57E-05
  A   S8                4.34083484E-03     -1.33E-05
  A   S9                8.38345911E-03     -3.63E-07
  A   S10               2.75354912E-02      1.95E-06
  THI S2                1.00000000E-03      0.00E+00
  THI S4                3.84893583E-01     -6.70E-05
  THI S6                1.56770003E-01      4.13E-05
  THI S8                5.72340346E-01     -3.59E-04
  THI S10               5.33837579E-02     -1.54E-04
  THI S12               6.61396859E-01      7.32E-05
  THI S14               2.42099272E-01     -4.52E-05
  THI S16               5.60999272E-01     -4.52E-05
  THI S18               1.09992718E-02     -4.52E-05
  
        EFL          REDU         PIM          OAL         EN PUP       EX PUP
      4.706028     0.000000     0.002225     6.454483     0.475900    -3.315761
  
  Active Constraints -   2:    target        value         diff        cost
  EFL                    =   4.70603E+00   4.70603E+00  -1.098E-11  -1.966E-02
  Mn CT S2                                                          -3.089E-03
  
  Weighted Constraints:        target        value        WTC/PTC     contrib
  @ATELIER_LATCOLOR      =   0.00000E+00   3.33953E+00   1.000E-02   1.115E+03
  @ATELIER_RMSSPOT       =   0.00000E+00   1.72523E+01   1.000E-03   2.976E+02
 RAY ERROR: REFL 14
  
 CYCLE NUMBER 8:
  
  ABERR F. =        0.26769467
  CONST F. =     1433.28210907
  ERR. F.  =     1433.54980374       (change =       20.39319207)
  
  OPD     0.19810443     0.24493278     0.28870121
  WAV     0.21764699     0.26092866     0.36321181
  
  
  
  Parameter                 Value            Change
  CUY S3                4.34166097E-01      1.35E-08
  CUY S4                1.58731628E-01      1.15E-07
  CUY S5                2.95808376E-01      1.04E-08
  CUY S6                4.07360080E-01     -1.27E-07
  CUY S7                2.65132956E-02     -9.61E-08
  CUY S8               -2.45609786E-01     -1.37E-07
  CUY S9               -5.00608337E-01     -1.20E-07
  CUY S10              -3.42787890E-01     -4.05E-08
  A   S3               -3.08095334E-04      4.91E-09
  A   S4               -1.81819814E-02     -1.39E-08
  A   S5               -1.04306138E-01      3.54E-09
  A   S6               -7.13473858E-02     -3.45E-09
  A   S7                2.60749026E-02      3.36E-09
  A   S8                4.34081880E-03     -1.60E-08
  A   S9                8.38346208E-03      2.96E-09
  A   S10               2.75354842E-02     -7.00E-09
  THI S2                1.00000000E-03      2.17E-19
  THI S4                3.84894063E-01      4.80E-07
  THI S6                1.56769675E-01     -3.27E-07
  THI S8                5.72340462E-01      1.16E-07
  THI S10               5.33839430E-02      1.85E-07
  THI S12               6.61396513E-01     -3.46E-07
  THI S14               2.42100282E-01      1.01E-06
  THI S16               5.61000282E-01      1.01E-06
  THI S18               1.10002821E-02      1.01E-06
  
        EFL          REDU         PIM          OAL         EN PUP       EX PUP
      4.706028     0.000000     0.002223     6.454485     0.475900    -3.315763
  
  Active Constraints -   2:    target        value         diff        cost
  EFL                    =   4.70603E+00   4.70603E+00   8.882E-16   1.878E-02
  Mn CT S2                                                          -1.954E-03
  
  Weighted Constraints:        target        value        WTC/PTC     contrib
  @ATELIER_LATCOLOR      =   0.00000E+00   3.33953E+00   1.000E-02   1.115E+03
  @ATELIER_RMSSPOT       =   0.00000E+00   1.78336E+01   1.000E-03   3.180E+02
 RAY ERROR: REFL  6
  
  Constraints added:      Mn ET S6 (>)
  Constraints released:   Mn ET S6 (>)
  
 CYCLE NUMBER 9:
  
  ABERR F. =        0.26813334
  CONST F. =     1431.05122863
  ERR. F.  =     1431.31936197       (change =       -2.23044177)
  
  OPD     0.19978868     0.24501284     0.28897909
  WAV     0.21913200     0.26101117     0.36300351
  
  
  
  Parameter                 Value            Change
  CUY S3                4.34167636E-01      1.54E-06
  CUY S4                1.58726211E-01     -5.42E-06
  CUY S5                2.95831857E-01      2.35E-05
  CUY S6                4.07405353E-01      4.53E-05
  CUY S7                2.65221020E-02      8.81E-06
  CUY S8               -2.45623830E-01     -1.40E-05
  CUY S9               -5.00615090E-01     -6.75E-06
  CUY S10              -3.42786490E-01      1.40E-06
  A   S3               -3.07651185E-04      4.44E-07
  A   S4               -1.81819402E-02      4.12E-08
  A   S5               -1.04304705E-01      1.43E-06
  A   S6               -7.13447984E-02      2.59E-06
  A   S7                2.60779623E-02      3.06E-06
  A   S8                4.33945588E-03     -1.36E-06
  A   S9                8.38356210E-03      1.00E-07
  A   S10               2.75353704E-02     -1.14E-07
  THI S2                1.00000000E-03      0.00E+00
  THI S4                3.84884754E-01     -9.31E-06
  THI S6                1.56770281E-01      6.06E-07
  THI S8                5.72275601E-01     -6.49E-05
  THI S10               5.33775516E-02     -6.39E-06
  THI S12               6.61442900E-01      4.64E-05
  THI S14               2.42099639E-01     -6.43E-07
  THI S16               5.60999639E-01     -6.43E-07
  THI S18               1.09996392E-02     -6.43E-07
  
        EFL          REDU         PIM          OAL         EN PUP       EX PUP
      4.706028     0.000000     0.002231     6.454450     0.475900    -3.315733
  
  Active Constraints -   2:    target        value         diff        cost
  EFL                    =   4.70603E+00   4.70603E+00   1.234E-10  -5.497E-03
  Mn CT S2                                                          -3.725E-03
  
  Weighted Constraints:        target        value        WTC/PTC     contrib
  @ATELIER_LATCOLOR      =   0.00000E+00   3.33847E+00   1.000E-02   1.115E+03
  @ATELIER_RMSSPOT       =   0.00000E+00   1.77909E+01   1.000E-03   3.165E+02
  
 CYCLE NUMBER 10:
  
  ABERR F. =        0.15042558
  CONST F. =     1137.93261747
  ERR. F.  =     1138.08304305       (change =     -293.23631892)
  
  OPD     0.10070593     0.12458678     0.16533301
  WAV     0.14099247     0.13094991     0.21387339
  
  
  
  Parameter                 Value            Change
  CUY S3                4.40089665E-01      5.92E-03
  CUY S4                1.59459888E-01      7.34E-04
  CUY S5                2.73504352E-01     -2.23E-02
  CUY S6                3.78947133E-01     -2.85E-02
  CUY S7                5.36645758E-03     -2.12E-02
  CUY S8               -2.59332872E-01     -1.37E-02
  CUY S9               -4.94468357E-01      6.15E-03
  CUY S10              -3.36700712E-01      6.09E-03
  A   S3               -7.45158822E-04     -4.38E-04
  A   S4               -1.93536731E-02     -1.17E-03
  A   S5               -1.04324871E-01     -2.02E-05
  A   S6               -6.91173279E-02      2.23E-03
  A   S7                2.60378473E-02     -4.01E-05
  A   S8                3.10080333E-03     -1.24E-03
  A   S9                9.87170356E-03      1.49E-03
  A   S10               2.99225525E-02      2.39E-03
  THI S2                1.00000000E-03      0.00E+00
  THI S4                3.80740368E-01     -4.14E-03
  THI S6                1.65898448E-01      9.13E-03
  THI S8                5.72769125E-01      4.94E-04
  THI S10               6.20532428E-02      8.68E-03
  THI S12               6.13663016E-01     -4.78E-02
  THI S14               2.49377978E-01      7.28E-03
  THI S16               5.68277978E-01      7.28E-03
  THI S18               1.82779783E-02      7.28E-03
  
        EFL          REDU         PIM          OAL         EN PUP       EX PUP
      4.706014     0.000000     0.015921     6.435380     0.475900    -3.328699
  
  Active Constraints -   2:    target        value         diff        cost
  EFL                    =   4.70603E+00   4.70601E+00  -1.451E-05  -2.450E-07
  Mn CT S2                                                          -2.126E-07
  
  Weighted Constraints:        target        value        WTC/PTC     contrib
  @ATELIER_LATCOLOR      =   0.00000E+00   2.91991E+00   1.000E-02   8.526E+02
  @ATELIER_RMSSPOT       =   0.00000E+00   1.68922E+01   1.000E-03   2.853E+02
 RAY ERROR: REFL  6
 RAY ERROR: REFL  6
 RAY ERROR: REFL 10
 RAY ERROR: REFL  6
 RAY ERROR: REFL  6
 RAY ERROR: REFL  6
 RAY ERROR: REFL  6
 RAY ERROR: REFL  6
 RAY ERROR: REFL  6
 RAY ERROR: REFL  6
 RAY ERROR: REFL  6
 RAY ERROR: REFL  6
 RAY ERROR: REFL  6
 RAY ERROR: REFL  6
 RAY ERROR: REFL  6
 RAY ERROR: REFL  6
 RAY ERROR: REFL  6
 RAY ERROR: REFL  6
 RAY ERROR: REFL 14
 RAY ERROR: REFL 10
 RAY ERROR: REFL 14
 RAY ERROR: REFL 14
  
 CYCLE NUMBER 11:
  
  ABERR F. =        0.15166762
  CONST F. =     1135.54629496
  ERR. F.  =     1135.69796258       (change =       -2.38508047)
  
  OPD     0.10112632     0.12608886     0.16599679
  WAV     0.14354385     0.13272113     0.21475288
  
  
  
  Parameter                 Value            Change
  CUY S3                4.40089366E-01     -2.99E-07
  CUY S4                1.59460572E-01      6.84E-07
  CUY S5                2.73582066E-01      7.77E-05
  CUY S6                3.79055484E-01      1.08E-04
  CUY S7                5.39957578E-03      3.31E-05
  CUY S8               -2.59330103E-01      2.77E-06
  CUY S9               -4.94467917E-01      4.40E-07
  CUY S10              -3.36700857E-01     -1.45E-07
  A   S3               -7.48195217E-04     -3.04E-06
  A   S4               -1.93534768E-02      1.96E-07
  A   S5               -1.04329350E-01     -4.48E-06
  A   S6               -6.91176447E-02     -3.17E-07
  A   S7                2.60324173E-02     -5.43E-06
  A   S8                3.10107021E-03      2.67E-07
  A   S9                9.87140593E-03     -2.98E-07
  A   S10               2.99223953E-02     -1.57E-07
  THI S2                1.00000000E-03      0.00E+00
  THI S4                3.80742833E-01      2.46E-06
  THI S6                1.65894576E-01     -3.87E-06
  THI S8                5.72733835E-01     -3.53E-05
  THI S10               6.20106125E-02     -4.26E-05
  THI S12               6.13666685E-01      3.67E-06
  THI S14               2.49375820E-01     -2.16E-06
  THI S16               5.68275820E-01     -2.16E-06
  THI S18               1.82758201E-02     -2.16E-06
  
        EFL          REDU         PIM          OAL         EN PUP       EX PUP
      4.706014     0.000000     0.015955     6.435300     0.475900    -3.328652
  
  Active Constraints -   2:    target        value         diff        cost
  EFL                    =   4.70603E+00   4.70601E+00  -1.455E-05   7.778E-03
  Mn CT S2                                                          -1.964E-03
  
  Weighted Constraints:        target        value        WTC/PTC     contrib
  @ATELIER_LATCOLOR      =   0.00000E+00   2.91861E+00   1.000E-02   8.518E+02
  @ATELIER_RMSSPOT       =   0.00000E+00   1.68439E+01   1.000E-03   2.837E+02
  
 CYCLE NUMBER 12:
  
  ABERR F. =        0.32467736
  CONST F. =      990.52280761
  ERR. F.  =      990.84748497       (change =     -144.85047761)
  
  OPD     0.42319834     0.14047221     0.20205154
  WAV     0.56021675     0.14775493     0.23908970
  
  
  
  Parameter                 Value            Change
  CUY S3                4.41444697E-01      1.36E-03
  CUY S4                1.57903521E-01     -1.56E-03
  CUY S5                2.69986251E-01     -3.60E-03
  CUY S6                3.78281463E-01     -7.74E-04
  CUY S7                1.15565472E-02      6.16E-03
  CUY S8               -2.57161788E-01      2.17E-03
  CUY S9               -4.97797426E-01     -3.33E-03
  CUY S10              -3.35820135E-01      8.81E-04
  A   S3               -7.35350112E-04      1.28E-05
  A   S4               -1.90981767E-02      2.55E-04
  A   S5               -1.04298084E-01      3.13E-05
  A   S6               -6.86880825E-02      4.30E-04
  A   S7                2.60764174E-02      4.40E-05
  A   S8                3.28935478E-03      1.88E-04
  A   S9                9.52380777E-03     -3.48E-04
  A   S10               2.99977499E-02      7.54E-05
  THI S2                1.00000000E-03     -4.34E-19
  THI S4                3.79783396E-01     -9.59E-04
  THI S6                1.62953338E-01     -2.94E-03
  THI S8                5.70749789E-01     -1.98E-03
  THI S10               6.24089588E-02      3.98E-04
  THI S12               6.13148541E-01     -5.18E-04
  THI S14               2.50232411E-01      8.57E-04
  THI S16               5.69132411E-01      8.57E-04
  THI S18               1.91324111E-02      8.57E-04
  
        EFL          REDU         PIM          OAL         EN PUP       EX PUP
      4.705823     0.000000     0.007269     6.431009     0.475900    -3.320009
  
  Active Constraints -   2:    target        value         diff        cost
  EFL                    =   4.70603E+00   4.70582E+00  -2.050E-04  -1.900E-02
  Mn CT S2                                                          -6.143E-03
  
  Weighted Constraints:        target        value        WTC/PTC     contrib
  @ATELIER_LATCOLOR      =   0.00000E+00   2.58106E+00   1.000E-02   6.662E+02
  @ATELIER_RMSSPOT       =   0.00000E+00   1.80093E+01   1.000E-03   3.243E+02
 RAY ERROR: REFL 10
  
 CYCLE NUMBER 13:
  
  ABERR F. =        0.35419052
  CONST F. =      968.87711742
  ERR. F.  =      969.23130794       (change =      -21.61617703)
  
  OPD     0.47936970     0.13531428     0.20619611
  WAV     0.61431569     0.14555555     0.25201833
  
  
  
  Parameter                 Value            Change
  CUY S3                4.41395272E-01     -4.94E-05
  CUY S4                1.57900445E-01     -3.08E-06
  CUY S5                2.71009930E-01      1.02E-03
  CUY S6                3.79376841E-01      1.10E-03
  CUY S7                1.14832066E-02     -7.33E-05
  CUY S8               -2.57201545E-01     -3.98E-05
  CUY S9               -4.97354397E-01      4.43E-04
  CUY S10              -3.35342931E-01      4.77E-04
  A   S3               -7.46498962E-04     -1.11E-05
  A   S4               -1.91204200E-02     -2.22E-05
  A   S5               -1.04318864E-01     -2.08E-05
  A   S6               -6.87357556E-02     -4.77E-05
  A   S7                2.60551451E-02     -2.13E-05
  A   S8                3.27077425E-03     -1.86E-05
  A   S9                9.49724160E-03     -2.66E-05
  A   S10               3.00757170E-02      7.80E-05
  THI S2                1.00000000E-03     -1.73E-18
  THI S4                3.79991319E-01      2.08E-04
  THI S6                1.63061557E-01      1.08E-04
  THI S8                5.71134915E-01      3.85E-04
  THI S10               6.21284617E-02     -2.80E-04
  THI S12               6.14233961E-01      1.09E-03
  THI S14               2.49792112E-01     -4.40E-04
  THI S16               5.68692112E-01     -4.40E-04
  THI S18               1.86921120E-02     -4.40E-04
  
        EFL          REDU         PIM          OAL         EN PUP       EX PUP
      4.705920     0.000000     0.006693     6.431634     0.475900    -3.319188
  
  Active Constraints -   2:    target        value         diff        cost
  EFL                    =   4.70603E+00   4.70592E+00  -1.081E-04  -1.456E-02
  Mn CT S2                                                          -1.383E-03
  
  Weighted Constraints:        target        value        WTC/PTC     contrib
  @ATELIER_LATCOLOR      =   0.00000E+00   2.53414E+00   1.000E-02   6.422E+02
  @ATELIER_RMSSPOT       =   0.00000E+00   1.80746E+01   1.000E-03   3.267E+02
  
 CYCLE NUMBER 14:
  
  ABERR F. =        0.33154224
  CONST F. =      956.02646669
  ERR. F.  =      956.35800893       (change =      -12.87329901)
  
  OPD     0.44155329     0.13411617     0.19585839
  WAV     0.57497485     0.14367147     0.23867764
  
  
  
  Parameter                 Value            Change
  CUY S3                4.41406887E-01      1.16E-05
  CUY S4                1.57828895E-01     -7.15E-05
  CUY S5                2.71045292E-01      3.54E-05
  CUY S6                3.79544705E-01      1.68E-04
  CUY S7                1.15026584E-02      1.95E-05
  CUY S8               -2.57273796E-01     -7.23E-05
  CUY S9               -4.97404148E-01     -4.98E-05
  CUY S10              -3.35359369E-01     -1.64E-05
  A   S3               -7.42632084E-04      3.87E-06
  A   S4               -1.91285367E-02     -8.12E-06
  A   S5               -1.04313357E-01      5.51E-06
  A   S6               -6.87298356E-02      5.92E-06
  A   S7                2.60669788E-02      1.18E-05
  A   S8                3.26338781E-03     -7.39E-06
  A   S9                9.50034774E-03      3.11E-06
  A   S10               3.00741399E-02     -1.58E-06
  THI S2                1.00000000E-03      2.39E-18
  THI S4                3.79959053E-01     -3.23E-05
  THI S6                1.63035793E-01     -2.58E-05
  THI S8                5.71069714E-01     -6.52E-05
  THI S10               6.25964808E-02      4.68E-04
  THI S12               6.14144305E-01     -8.97E-05
  THI S14               2.49851842E-01      5.97E-05
  THI S16               5.68751843E-01      5.97E-05
  THI S18               1.87518427E-02      5.97E-05
  
        EFL          REDU         PIM          OAL         EN PUP       EX PUP
      4.706028     0.000000     0.006440     6.432009     0.475900    -3.319457
  
  Active Constraints -   2:    target        value         diff        cost
  EFL                    =   4.70603E+00   4.70603E+00   5.513E-11  -2.902E-02
  Mn CT S2                                                          -6.682E-04
  
  Weighted Constraints:        target        value        WTC/PTC     contrib
  @ATELIER_LATCOLOR      =   0.00000E+00   2.52837E+00   1.000E-02   6.393E+02
  @ATELIER_RMSSPOT       =   0.00000E+00   1.77978E+01   1.000E-03   3.168E+02
 RAY ERROR: REFL 14
  
  Constraints released:   Mn CT S2 (>)
 RAY ERROR: REFL 14
 RAY ERROR: REFL 14
  Constraints released:   Mn CT S2 (>)
  
 CYCLE NUMBER 15:
  
  ABERR F. =        0.33155789
  CONST F. =      956.02716913
  ERR. F.  =      956.35872702       (change =        0.00071809)
  
  OPD     0.44158114     0.13411668     0.19586146
  WAV     0.57500415     0.14367251     0.23868251
  
  
  
  Parameter                 Value            Change
  CUY S3                4.41406883E-01     -4.41E-09
  CUY S4                1.57828907E-01      1.23E-08
  CUY S5                2.71045286E-01     -6.43E-09
  CUY S6                3.79544704E-01     -7.36E-10
  CUY S7                1.15026988E-02      4.04E-08
  CUY S8               -2.57273765E-01      3.14E-08
  CUY S9               -4.97404129E-01      1.95E-08
  CUY S10              -3.35359359E-01      9.95E-09
  A   S3               -7.42633582E-04     -1.50E-09
  A   S4               -1.91285253E-02      1.14E-08
  A   S5               -1.04313359E-01     -2.28E-09
  A   S6               -6.87298355E-02      4.72E-11
  A   S7                2.60669748E-02     -3.98E-09
  A   S8                3.26339084E-03      3.03E-09
  A   S9                9.50034361E-03     -4.13E-09
  A   S10               3.00741408E-02      8.76E-10
  THI S2                1.00001058E-03      1.06E-08
  THI S4                3.79959070E-01      1.65E-08
  THI S6                1.63035803E-01      9.96E-09
  THI S8                5.71069751E-01      3.70E-08
  THI S10               6.25963862E-02     -9.46E-08
  THI S12               6.14144409E-01      1.04E-07
  THI S14               2.49851756E-01     -8.58E-08
  THI S16               5.68751757E-01     -8.58E-08
  THI S18               1.87517569E-02     -8.58E-08
  
        EFL          REDU         PIM          OAL         EN PUP       EX PUP
      4.706028     0.000000     0.006440     6.432009     0.475900    -3.319457
  
  Active Constraints -   1:    target        value         diff        cost
  EFL                    =   4.70603E+00   4.70603E+00  -2.305E-11  -8.962E-02
  
  Weighted Constraints:        target        value        WTC/PTC     contrib
  @ATELIER_LATCOLOR      =   0.00000E+00   2.52837E+00   1.000E-02   6.393E+02
  @ATELIER_RMSSPOT       =   0.00000E+00   1.77978E+01   1.000E-03   3.168E+02
  
     Normal AUTO Completion - System improvement less than IMP
AUT> GO
 
 
CODE V> BUF PUT B1 I^row J1 "schema"
      Created new worksheet B1.
CODE V> BUF PUT B1 I^row J2 "atelier-codev-target-v1"
CODE V> BUF PUT B1 I^row J1 "status"
CODE V> BUF PUT B1 I^row J2 "ok"
CODE V> BUF PUT B1 I^row J1 "mode"
CODE V> BUF PUT B1 I^row J2 "target"
CODE V> BUF PUT B1 I^row J1 "stage"
CODE V> BUF PUT B1 I^row J2 "A"
CODE V> BUF PUT B1 I^row J1 "source_zmx"
CODE V> BUF PUT B1 I^row J2 "US10281683B2.zmx"
CODE V> BUF PUT B1 I^row J1 "num_fields"
CODE V> BUF PUT B1 I^row J2 ^numf_out
CODE V> BUF PUT B1 I^row J1 "vignetting_edge"
CODE V> BUF PUT B1 I^row J2 0.4
CODE V> BUF PUT B1 I^row J1 "target.efl_mm"
CODE V> BUF PUT B1 I^row J2 ^target_efl
CODE V> BUF PUT B1 I^row J1 "seed_baseline.efl_y_mm"
CODE V> BUF PUT B1 I^row J2 ^seed_baseline_efl_y_mm
CODE V> BUF PUT B1 I^row J1 "seed_baseline.max_lateral_color_um"
CODE V> BUF PUT B1 I^row J2 ^seed_baseline_max_lateral_color_um
CODE V> BUF PUT B1 I^row J1 "seed_baseline.max_rms_spot_diameter_um"
CODE V> BUF PUT B1 I^row J2 ^seed_baseline_max_rms_spot_diameter_um
CODE V> BUF PUT B1 I^row J1 "seed_baseline.max_rms_wavefront_error_waves"
CODE V> BUF PUT B1 I^row J2 ^seed_baseline_max_rms_wavefront_error_waves
CODE V> BUF PUT B1 I^row J1 "seed_baseline.max_distortion_pct"
CODE V> BUF PUT B1 I^row J2 ^seed_baseline_max_distortion_pct
CODE V> BUF PUT B1 I^row J1 "seed_baseline.fno"
CODE V> BUF PUT B1 I^row J2 ^seed_baseline_fno
CODE V> BUF PUT B1 I^row J1 "seed_baseline.epd_mm"
CODE V> BUF PUT B1 I^row J2 ^seed_baseline_epd
CODE V> BUF PUT B1 I^row J1 "seed_baseline.maximh_mm"
CODE V> BUF PUT B1 I^row J2 ^seed_baseline_maximh
CODE V> BUF PUT B1 I^row J1 "config_pre_aut.efl_y_mm"
CODE V> BUF PUT B1 I^row J2 ^config_pre_aut_efl_y_mm
CODE V> BUF PUT B1 I^row J1 "config_pre_aut.max_lateral_color_um"
CODE V> BUF PUT B1 I^row J2 ^config_pre_aut_max_lateral_color_um
CODE V> BUF PUT B1 I^row J1 "config_pre_aut.max_rms_spot_diameter_um"
CODE V> BUF PUT B1 I^row J2 ^config_pre_aut_max_rms_spot_diameter_um
CODE V> BUF PUT B1 I^row J1 "config_pre_aut.max_rms_wavefront_error_waves"
CODE V> BUF PUT B1 I^row J2 ^config_pre_aut_max_rms_wavefront_error_waves
CODE V> BUF PUT B1 I^row J1 "config_pre_aut.max_distortion_pct"
CODE V> BUF PUT B1 I^row J2 ^config_pre_aut_max_distortion_pct
CODE V> BUF PUT B1 I^row J1 "config_pre_aut.fno"
CODE V> BUF PUT B1 I^row J2 ^config_pre_aut_fno
CODE V> BUF PUT B1 I^row J1 "config_pre_aut.epd_mm"
CODE V> BUF PUT B1 I^row J2 ^config_pre_aut_epd
CODE V> BUF PUT B1 I^row J1 "config_pre_aut.maximh_mm"
CODE V> BUF PUT B1 I^row J2 ^config_pre_aut_maximh
CODE V> BUF PUT B1 I^row J1 "post_aut.efl_y_mm"
CODE V> BUF PUT B1 I^row J2 ^post_aut_efl_y_mm
CODE V> BUF PUT B1 I^row J1 "post_aut.max_lateral_color_um"
CODE V> BUF PUT B1 I^row J2 ^post_aut_max_lateral_color_um
CODE V> BUF PUT B1 I^row J1 "post_aut.max_rms_spot_diameter_um"
CODE V> BUF PUT B1 I^row J2 ^post_aut_max_rms_spot_diameter_um
CODE V> BUF PUT B1 I^row J1 "post_aut.max_rms_wavefront_error_waves"
CODE V> BUF PUT B1 I^row J2 ^post_aut_max_rms_wavefront_error_waves
CODE V> BUF PUT B1 I^row J1 "post_aut.max_distortion_pct"
CODE V> BUF PUT B1 I^row J2 ^post_aut_max_distortion_pct
CODE V> BUF PUT B1 I^row J1 "post_aut.fno"
CODE V> BUF PUT B1 I^row J2 ^post_aut_fno
CODE V> BUF PUT B1 I^row J1 "post_aut.epd_mm"
CODE V> BUF PUT B1 I^row J2 ^post_aut_epd
CODE V> BUF PUT B1 I^row J1 "post_aut.maximh_mm"
CODE V> BUF PUT B1 I^row J2 ^post_aut_maximh
CODE V> BUF PUT B1 I^row J1 "efl_target_deviation_pct"
CODE V> BUF PUT B1 I^row J2 ^efl_target_dev_pct
CODE V> BUF PUT B1 I^row J1 "aut_converged"
CODE V> BUF PUT B1 I^row J2 ^aut_converged
CODE V> BUF EXP B1 "D:\atelier-wt-c\.planning\loop\p15-stageb-evidence\fno-matrix-2026-07-11\US10281683B2_loosen\rung0_native\ray_retry\atelier_codev_target_A_vig0400.tsv"
     Buffer B1 exported to file atelier_codev_target_A_vig0400.tsv
CODE V> BUF DEL B1
CODE V> OUT YES
CODE V> EXI YES
     EXI                                                                              11-Jul-26  14H  9M 11S
                                                 CODE V PC  Version: 11.5             CPU clock:  0H  0M 19S
