  
  
                                   Welcome to
  
                                   C O D E   V
  
                                PC  Version 11.5
                                   Build 27302701
  
                                   11-Jul-2026
  
                            A proprietary product of
  
                              SYNOPSYS, INC
                              Pasadena, California
  
CODE V> OUT NO
     Radius input/output mode
  
    Lens data created by Zemax version 210628
  
    Zemax command MODE ignored
    Zemax command AUTH ignored
    Zemax command PFIL ignored
    Zemax command LANG ignored
     WARNING - Glass catalog list not used.
     WARNING - Ray aiming not used.
     WARNING - Pupil shift for ray aiming not used.
    Zemax command SDMA ignored
    Zemax command OMMA ignored
    Zemax command HYPR ignored
     WARNING - Vignetting angles not used.
    Zemax command XAIM ignored
    Zemax command YAIM ignored
    Zemax command ZAIM ignored
    Zemax command POLS ignored
    Zemax command GLRS ignored
    Zemax command GSTD ignored
    Zemax command NSCD ignored
    Zemax command COFN ignored
    Zemax command COFN ignored
    Zemax command LUID ignored
  
     Surface pointer = OBJ
    Zemax command SSID ignored.
    Zemax surface type  STANDARD
    CODE V surface type SPH
    Zemax command FIMP ignored.
     WARNING - Hiding of rays not used.
    Zemax command MIRR ignored.
    Zemax command SLAB ignored.
    Zemax command MEMA ignored.
    Zemax command POPS ignored.
  
     Surface pointer = 1
    Zemax command SSID ignored.
    Zemax surface type  EVENASPH
    CODE V surface type ASP
    Zemax command FIMP ignored.
     WARNING - Hiding of rays not used.
    Zemax command MIRR ignored.
    Zemax command SLAB ignored.
    Zemax command MEMA ignored.
    Zemax command POPS ignored.
  
     Surface pointer = 2
    Zemax command SSID ignored.
    Zemax surface type  STANDARD
    CODE V surface type SPH
    Zemax command FIMP ignored.
     WARNING - Hiding of rays not used.
    Zemax command MIRR ignored.
    Zemax command SLAB ignored.
    Zemax command MEMA ignored.
    Zemax command POPS ignored.
  
     Surface pointer = 3
    Zemax command SSID ignored.
    Zemax surface type  EVENASPH
    CODE V surface type ASP
    Zemax command FIMP ignored.
     WARNING - Hiding of rays not used.
    Zemax command MIRR ignored.
    Zemax command SLAB ignored.
     WARNING - Partial dispersion of model glass not used.
    Zemax command MEMA ignored.
    Zemax command POPS ignored.
  
     Surface pointer = 4
    Zemax command SSID ignored.
    Zemax surface type  EVENASPH
    CODE V surface type ASP
    Zemax command FIMP ignored.
     WARNING - Hiding of rays not used.
    Zemax command MIRR ignored.
    Zemax command SLAB ignored.
    Zemax command MEMA ignored.
    Zemax command POPS ignored.
  
     Surface pointer = 5
    Zemax command SSID ignored.
    Zemax surface type  EVENASPH
    CODE V surface type ASP
    Zemax command FIMP ignored.
     WARNING - Hiding of rays not used.
    Zemax command MIRR ignored.
    Zemax command SLAB ignored.
     WARNING - Partial dispersion of model glass not used.
    Zemax command MEMA ignored.
    Zemax command POPS ignored.
  
     Surface pointer = 6
    Zemax command SSID ignored.
    Zemax surface type  EVENASPH
    CODE V surface type ASP
    Zemax command FIMP ignored.
     WARNING - Hiding of rays not used.
    Zemax command MIRR ignored.
    Zemax command SLAB ignored.
    Zemax command MEMA ignored.
    Zemax command POPS ignored.
  
     Surface pointer = 7
    Zemax command SSID ignored.
    Zemax surface type  EVENASPH
    CODE V surface type ASP
    Zemax command FIMP ignored.
     WARNING - Hiding of rays not used.
    Zemax command MIRR ignored.
    Zemax command SLAB ignored.
    Zemax command MEMA ignored.
    Zemax command POPS ignored.
  
     Surface pointer = 8
    Zemax command SSID ignored.
    Zemax surface type  EVENASPH
    CODE V surface type ASP
    Zemax command FIMP ignored.
     WARNING - Hiding of rays not used.
    Zemax command MIRR ignored.
    Zemax command SLAB ignored.
    Zemax command MEMA ignored.
    Zemax command POPS ignored.
  
     Surface pointer = 9
    Zemax command SSID ignored.
    Zemax surface type  EVENASPH
    CODE V surface type ASP
    Zemax command FIMP ignored.
     WARNING - Hiding of rays not used.
    Zemax command MIRR ignored.
    Zemax command SLAB ignored.
    Zemax command MEMA ignored.
    Zemax command POPS ignored.
  
     Surface pointer = 10
    Zemax command SSID ignored.
    Zemax surface type  EVENASPH
    CODE V surface type ASP
    Zemax command FIMP ignored.
     WARNING - Hiding of rays not used.
    Zemax command MIRR ignored.
    Zemax command SLAB ignored.
    Zemax command MEMA ignored.
    Zemax command POPS ignored.
  
     Surface pointer = 11
    Zemax command SSID ignored.
    Zemax surface type  XASPHERE
    CODE V surface type SPS ODD
    Zemax command FIMP ignored.
     WARNING - Hiding of rays not used.
    Zemax command MIRR ignored.
    Zemax command SLAB ignored.
     WARNING - Maximum term number not used.
    Zemax command MEMA ignored.
    Zemax command POPS ignored.
  
     Surface pointer = 12
    Zemax command SSID ignored.
    Zemax surface type  XASPHERE
    CODE V surface type SPS ODD
    Zemax command FIMP ignored.
     WARNING - Hiding of rays not used.
    Zemax command MIRR ignored.
    Zemax command SLAB ignored.
     WARNING - Maximum term number not used.
    Zemax command MEMA ignored.
    Zemax command POPS ignored.
  
     Surface pointer = 13
    Zemax command SSID ignored.
    Zemax surface type  XASPHERE
    CODE V surface type SPS ODD
    Zemax command FIMP ignored.
     WARNING - Hiding of rays not used.
    Zemax command MIRR ignored.
    Zemax command SLAB ignored.
     WARNING - Maximum term number not used.
    Zemax command MEMA ignored.
    Zemax command POPS ignored.
  
     Surface pointer = 14
    Zemax command SSID ignored.
    Zemax surface type  XASPHERE
    CODE V surface type SPS ODD
    Zemax command FIMP ignored.
     WARNING - Hiding of rays not used.
    Zemax command MIRR ignored.
    Zemax command SLAB ignored.
     WARNING - Maximum term number not used.
    Zemax command MEMA ignored.
    Zemax command POPS ignored.
  
     Surface pointer = 15
    Zemax command SSID ignored.
    Zemax surface type  STANDARD
    CODE V surface type SPH
    Zemax command FIMP ignored.
     WARNING - Hiding of rays not used.
    Zemax command MIRR ignored.
    Zemax command SLAB ignored.
     WARNING - Partial dispersion of model glass not used.
    Zemax command MEMA ignored.
    Zemax command POPS ignored.
  
     Surface pointer = 16
    Zemax command SSID ignored.
    Zemax surface type  STANDARD
    CODE V surface type SPH
    Zemax command FIMP ignored.
     WARNING - Hiding of rays not used.
    Zemax command MIRR ignored.
    Zemax command SLAB ignored.
    Zemax command MEMA ignored.
    Zemax command POPS ignored.
  
     Surface pointer = 17
    Zemax command SSID ignored.
    Zemax surface type  STANDARD
    CODE V surface type SPH
    Zemax command FIMP ignored.
     WARNING - Hiding of rays not used.
    Zemax command MIRR ignored.
    Zemax command SLAB ignored.
    Zemax command MEMA ignored.
    Zemax command POPS ignored.
  
     Surface pointer = IMG
    Zemax command SSID ignored.
    Zemax surface type  STANDARD
    CODE V surface type SPH
    Zemax command FIMP ignored.
     WARNING - Hiding of rays not used.
    Zemax command MIRR ignored.
    Zemax command SLAB ignored.
    Zemax command MEMA ignored.
    Zemax command POPS ignored.
  
     WARNING - Please check the converted lens carefully.
               Some information will not be converted.
               Changes in either CODE V or ZEMAX may invalidate
               the converted information.
               Due to differences between CODE V and ZEMAX ray
               aiming and vignetting factors, it is recommended
               that you set vignetting for the converted system.
  
               A concise listing of conversion warnings appears
               in the Tabbed Output Window 'Info' tab and in the
               Command Window.
  
CODE V> DEF VAR SA
 
 
CODE V> VUY 0 0.2 0.2
CODE V> VLY 0 0.2 0.2
CODE V> VUX 0 0.2 0.2
CODE V> VLX 0 0.2 0.2
 
 
CODE V> AUT
     AUT                                                                              11-Jul-26  14H  8M 16S
                                                 CODE V PC  Version: 11.5             CPU clock:  0H  0M  1S
AUT>   SUR N
AUT>   CHG SA
AUT>   WFR Y
AUT>   WTF FA 10
AUT>   EFL = 4.70602808468692
AUT>   @atelier_latcolor == @lcum(1)
AUT>   @atelier_latcolor = 0
AUT>   WTC 0.01
AUT>   @atelier_rmsspot == @rmssum(1)
AUT>   @atelier_rmsspot = 0
AUT>   WTC 0.001
AUT>   MNT 0.025
AUT>   MNE 0.025
AUT>   MXT 10
AUT>   MNA 0.001
AUT>   MXC 25
AUT>   MNC 3
AUT>   IMP 0.001
AUT> GO
 -------------------------------------------------------------------------------
  
       USER CONSTRAINT DEFINITIONS
            @atelier_rmsspot == @rmssum(1)
  
            @atelier_latcolor == @lcum(1)
  
  
  
       POTENTIALLY ACTIVE SPECIFIC CONSTRAINTS
         EFL                                  =       4.706028
         @ATELIER_LATCOLOR                    =       0.000000     (WTC =    0.01000)
         @ATELIER_RMSSPOT                     =       0.000000     (WTC =    0.00100)
  
       GENERAL CONSTRAINTS
         MXT      10.000000
         MNT       0.025000
         MNE       0.025000
         MNA       0.001000
         MAE       0.002500
         GLA               NFK5  NSK16  NLAF2  SF4
  
       ERROR FUNCTION CONSTRUCTION
         WFR        Y
         WTW       1          1          1          1          1
         WTA       0.000000
         DEL       0.220000
         WTX F1   10.000000
         WTX F2   10.000000
         WTX F3   10.000000
         WTY F1   10.000000
         WTY F2   10.000000
         WTY F3   10.000000
  
       CONVERGENCE CONTROLS
         MXC        25
         MNC         3
         TAR       0.000000
         IMP       0.001000
  
       OUTPUT CONTROLS
         SUR NO
         CHG S0..18
  
     Recommendations for most stable convergence:
  
       Use object space aperture specifications:
       - NAO for finite conjugate systems
       - EPD for infinite conjugate systems
  
       VARIABLE LIST
  
         NO      PARAMETERS *
          1      CUY S3       CUY S4
          2      CUY S4       CUY S5
          3      CUY S5       CUY S6
          4      CUY S6       CUY S7
          5      CUY S7       CUY S8
          6      CUY S8       CUY S9
          7      CUY S9       CUY S10
          8      CUY S10
          9      A   S3
         10      A   S4
         11      A   S5
         12      A   S6
         13      A   S7
         14      A   S8
         15      A   S9
         16      A   S10
         17      THI S2
         18      THI S4
         19      THI S6
         20      THI S8
         21      THI S10
         22      THI S12
         23      THI S14
         24      THI S16
         25      THI S18
  
     * Multiple entries on a line are composite variables.
     Composite variables are either program-generated bendings
     or user-requested couplings.
  
      25 VARIABLES
  
      25 CONSTRAINTS CAN BE ACTIVE
  
     RELATIVE TIME PER CYCLE IS  344.6 UNITS
     WARNING - The macro function SPOTDATA is not supported on multiple threads.
               CODE V will set the multiple processor setting (MPP) to 1 to prevent errors.
               Please refer to the CODE V Setup and Operation Reference Manual for a complete list
               of pre-defined macro functions that are currently limited to running on a single thread.
  
 CYCLE NUMBER 0:
  
  ABERR F. =        0.20325968
  CONST F. =      469.55176997
  ERR. F.  =      469.75502964
  
  OPD     0.17268308     0.17510511     0.20713897
  WAV     0.18353974     0.18217565     0.27861151
  
  
  
  Parameter                 Value            Change
  CUY S3                4.38461876E-01      0.00E+00
  CUY S4                1.55033952E-01      0.00E+00
  CUY S5                2.87306786E-01      0.00E+00
  CUY S6                4.05695971E-01      0.00E+00
  CUY S7                2.81529154E-02      0.00E+00
  CUY S8               -2.32964473E-01      0.00E+00
  CUY S9               -4.91593747E-01      0.00E+00
  CUY S10              -3.43489163E-01      0.00E+00
  A   S3                1.40041000E-04      0.00E+00
  A   S4               -1.77404000E-02      0.00E+00
  A   S5               -1.04752000E-01      0.00E+00
  A   S6               -7.17227000E-02      0.00E+00
  A   S7                2.70142000E-02      0.00E+00
  A   S8                4.51043000E-03      0.00E+00
  A   S9                9.52605000E-03      0.00E+00
  A   S10               2.75271000E-02      0.00E+00
  THI S2               -4.75900000E-01      0.00E+00
  THI S4                4.00200000E-01      0.00E+00
  THI S6                1.63300000E-01      0.00E+00
  THI S8                5.97900000E-01      0.00E+00
  THI S10               5.00000000E-02      0.00E+00
  THI S12               6.61800000E-01      0.00E+00
  THI S14               2.31100000E-01      0.00E+00
  THI S16               5.50000000E-01      0.00E+00
  THI S18               0.00000000E+00      0.00E+00
  
        EFL          REDU         PIM          OAL         EN PUP       EX PUP
      4.699441     0.000000    -0.011325     6.000000     0.475900    -3.099869
  
  Specific Constraints:        target        value         diff      active (**)
  EFL                    =   4.70603E+00   4.69944E+00  -6.587E-03    **
  
  Weighted Constraints:        target        value        WTC/PTC     contrib
  @ATELIER_LATCOLOR      =   0.00000E+00   1.64791E+00   1.000E-02   2.716E+02
  @ATELIER_RMSSPOT       =   0.00000E+00   1.40709E+01   1.000E-03   1.980E+02
     WARNING - Frozen Thickness Violations:
  Mn ET S17
  
  Constraints added:      EFL (=)                     Mn CT S2 (>)
 RAY ERROR: REFL  4
 RAY ERROR: MISS 11
  
 CYCLE NUMBER 1:
  
  ABERR F. =        0.14410743
  CONST F. =      557.17487339
  ERR. F.  =      557.31898082       (change =       87.56395118)
  
  OPD     0.09326078     0.15090021     0.13856990
  WAV     0.11976864     0.15639207     0.18742636
  
  
  
  Parameter                 Value            Change
  CUY S3                4.38920309E-01      4.58E-04
  CUY S4                1.62314972E-01      7.28E-03
  CUY S5                2.90206852E-01      2.90E-03
  CUY S6                4.02818407E-01     -2.88E-03
  CUY S7                2.79131697E-02     -2.40E-04
  CUY S8               -2.37247830E-01     -4.28E-03
  CUY S9               -4.95512296E-01     -3.92E-03
  CUY S10              -3.44389650E-01     -9.00E-04
  A   S3               -7.93506267E-05     -2.19E-04
  A   S4               -1.77394590E-02      9.41E-07
  A   S5               -1.04361103E-01      3.91E-04
  A   S6               -7.07207909E-02      1.00E-03
  A   S7                2.69804564E-02     -3.37E-05
  A   S8                3.68887730E-03     -8.22E-04
  A   S9                8.67746609E-03     -8.49E-04
  A   S10               2.72808410E-02     -2.46E-04
  THI S2               -3.56675000E-01      1.19E-01
  THI S4                3.94314983E-01     -5.89E-03
  THI S6                1.61635620E-01     -1.66E-03
  THI S8                5.82092928E-01     -1.58E-02
  THI S10               5.39365055E-02      3.94E-03
  THI S12               6.62533762E-01      7.34E-04
  THI S14               2.32590430E-01      1.49E-03
  THI S16               5.51490430E-01      1.49E-03
  THI S18               1.49042970E-03      1.49E-03
  
        EFL          REDU         PIM          OAL         EN PUP       EX PUP
      4.700975     0.000000     0.003305     6.103520     0.475900    -3.146118
  
  Active Constraints -   2:    target        value         diff        cost
  EFL                    =   4.70603E+00   4.70097E+00  -5.053E-03   3.869E-06
  Mn CT S2                                                          -4.499E-07
  
  Weighted Constraints:        target        value        WTC/PTC     contrib
  @ATELIER_LATCOLOR      =   0.00000E+00   2.21143E+00   1.000E-02   4.890E+02
  @ATELIER_RMSSPOT       =   0.00000E+00   8.25423E+00   1.000E-03   6.813E+01
     WARNING - Frozen Thickness Violations:
  Mn ET S17
 RAY ERROR: MISS  6
 RAY ERROR: REFL 14
 RAY ERROR: REFL 10
 RAY ERROR: REFL 14
 RAY ERROR: REFL 10
 RAY ERROR: REFL 10
 RAY ERROR: REFL 14
  
 CYCLE NUMBER 2:
  
  ABERR F. =        0.39224457
  CONST F. =      0.107110E+06
  ERR. F.  =      0.107110E+06       (change =      0.106553E+06)
  
  OPD     0.45490735     0.34066161     0.30802539
  WAV     0.48781188     0.35930301     0.37175943
  
  
  
  Parameter                 Value            Change
  CUY S3                4.38800732E-01     -1.20E-04
  CUY S4                1.60455992E-01     -1.86E-03
  CUY S5                2.92501397E-01      2.29E-03
  CUY S6                4.07879600E-01      5.06E-03
  CUY S7                3.09660318E-02      3.05E-03
  CUY S8               -2.36415144E-01      8.33E-04
  CUY S9               -4.95884179E-01     -3.72E-04
  CUY S10              -3.43541780E-01      8.48E-04
  A   S3               -8.53485001E-05     -6.00E-06
  A   S4               -1.77273153E-02      1.21E-05
  A   S5               -1.04487322E-01     -1.26E-04
  A   S6               -7.07108961E-02      9.89E-06
  A   S7                2.69598503E-02     -2.06E-05
  A   S8                3.88786808E-03      1.99E-04
  A   S9                8.13699227E-03     -5.40E-04
  A   S10               2.74889913E-02      2.08E-04
  THI S2               -3.34320313E-01      2.24E-02
  THI S4                3.93236819E-01     -1.08E-03
  THI S6                1.60185368E-01     -1.45E-03
  THI S8                5.79249319E-01     -2.84E-03
  THI S10               5.98555294E-02      5.92E-03
  THI S12               6.62624753E-01      9.10E-05
  THI S14               2.43758209E-01      1.12E-02
  THI S16               5.62658209E-01      1.12E-02
  THI S18               1.26582094E-02      1.12E-02
  
        EFL          REDU         PIM          OAL         EN PUP       EX PUP
      4.701249     0.000000    -0.023400     6.148848     0.475900    -3.176768
  
  Active Constraints -   2:    target        value         diff        cost
  EFL                    =   4.70603E+00   4.70125E+00  -4.779E-03  -6.507E-03
  Mn CT S2                                                          -2.415E-03
  
  Weighted Constraints:        target        value        WTC/PTC     contrib
  @ATELIER_LATCOLOR      =   0.00000E+00   1.88412E+00   1.000E-02   3.550E+02
  @ATELIER_RMSSPOT       =   0.00000E+00   3.26734E+02   1.000E-03   1.068E+05
 RAY ERROR: MISS  5
 RAY ERROR: MISS 10
 RAY ERROR: REFL 14
 RAY ERROR: MISS  5
 RAY ERROR: MISS 10
 RAY ERROR: MISS 10
 RAY ERROR: MISS 10
 RAY ERROR: MISS 10
 RAY ERROR: MISS 10
 RAY ERROR: REFL 10
 RAY ERROR: REFL 14
  
 CYCLE NUMBER 3:
  
  ABERR F. =        0.37628847
  CONST F. =      0.102811E+06
  ERR. F.  =      0.102812E+06       (change =     -0.429865E+04)
  
  OPD     0.42483293     0.33059504     0.30107270
  WAV     0.46127705     0.35001003     0.36586017
  
  
  
  Parameter                 Value            Change
  CUY S3                4.38799493E-01     -1.24E-06
  CUY S4                1.60454681E-01     -1.31E-06
  CUY S5                2.92500854E-01     -5.44E-07
  CUY S6                4.07879296E-01     -3.04E-07
  CUY S7                3.09655489E-02     -4.83E-07
  CUY S8               -2.36414532E-01      6.12E-07
  CUY S9               -4.95881756E-01      2.42E-06
  CUY S10              -3.43540576E-01      1.20E-06
  A   S3               -8.54412220E-05     -9.27E-08
  A   S4               -1.77267879E-02      5.27E-07
  A   S5               -1.04490532E-01     -3.21E-06
  A   S6               -7.07044384E-02      6.46E-06
  A   S7                2.69522331E-02     -7.62E-06
  A   S8                3.89622639E-03      8.36E-06
  A   S9                8.12799405E-03     -9.00E-06
  A   S10               2.74909537E-02      1.96E-06
  THI S2               -3.33665390E-01      6.55E-04
  THI S4                3.93185289E-01     -5.15E-05
  THI S6                1.60186903E-01      1.53E-06
  THI S8                5.79248342E-01     -9.76E-07
  THI S10               5.98169293E-02     -3.86E-05
  THI S12               6.62624166E-01     -5.87E-07
  THI S14               2.43577765E-01     -1.80E-04
  THI S16               5.62477765E-01     -1.80E-04
  THI S18               1.24777652E-02     -1.80E-04
  
        EFL          REDU         PIM          OAL         EN PUP       EX PUP
      4.701258     0.000000    -0.022981     6.149052     0.475900    -3.176654
  
  Active Constraints -   2:    target        value         diff        cost
  EFL                    =   4.70603E+00   4.70126E+00  -4.770E-03   1.282E+02
  Mn CT S2                                                          -2.070E+04
  
  Weighted Constraints:        target        value        WTC/PTC     contrib
  @ATELIER_LATCOLOR      =   0.00000E+00   1.88789E+00   1.000E-02   3.564E+02
  @ATELIER_RMSSPOT       =   0.00000E+00   3.20086E+02   1.000E-03   1.025E+05
 RAY ERROR: MISS  5
 RAY ERROR: REFL  8
 RAY ERROR: REFL 14
 RAY ERROR: MISS  5
 RAY ERROR: MISS  8
 RAY ERROR: MISS 10
 RAY ERROR: MISS 10
 RAY ERROR: MISS 10
 RAY ERROR: REFL 10
 RAY ERROR: REFL 10
 RAY ERROR: REFL 14
  
 CYCLE NUMBER 4:
  
  ABERR F. =        0.76188103
  CONST F. =      0.100702E+06
  ERR. F.  =      0.100703E+06       (change =     -0.210883E+04)
  
  OPD     0.88043251     0.62332599     0.55604390
  WAV     1.04394747     0.68624339     0.67017791
  
  
  
  Parameter                 Value            Change
  CUY S3                4.38776197E-01     -2.33E-05
  CUY S4                1.60437344E-01     -1.73E-05
  CUY S5                2.92511695E-01      1.08E-05
  CUY S6                4.07881240E-01      1.94E-06
  CUY S7                3.09758003E-02      1.03E-05
  CUY S8               -2.36416242E-01     -1.71E-06
  CUY S9               -4.95915815E-01     -3.41E-05
  CUY S10              -3.43560495E-01     -1.99E-05
  A   S3               -8.77491545E-05     -2.31E-06
  A   S4               -1.77124088E-02      1.44E-05
  A   S5               -1.04600857E-01     -1.10E-04
  A   S6               -7.04595786E-02      2.45E-04
  A   S7                2.66222816E-02     -3.30E-04
  A   S8                4.22843563E-03      3.32E-04
  A   S9                7.88917581E-03     -2.39E-04
  A   S10               2.73717609E-02     -1.19E-04
  THI S2               -3.33338568E-01      3.27E-04
  THI S4                3.91674192E-01     -1.51E-03
  THI S6                1.60138178E-01     -4.87E-05
  THI S8                5.79263087E-01      1.47E-05
  THI S10               5.80517757E-02     -1.77E-03
  THI S12               6.62633136E-01      8.97E-06
  THI S14               2.38207112E-01     -5.37E-03
  THI S16               5.57107112E-01     -5.37E-03
  THI S18               7.10711226E-03     -5.37E-03
  
        EFL          REDU         PIM          OAL         EN PUP       EX PUP
      4.701263     0.000000    -0.010416     6.135336     0.475900    -3.164255
  
  Active Constraints -   2:    target        value         diff        cost
  EFL                    =   4.70603E+00   4.70126E+00  -4.765E-03   8.515E+01
  Mn CT S2                                                          -3.000E+02
  
  Weighted Constraints:        target        value        WTC/PTC     contrib
  @ATELIER_LATCOLOR      =   0.00000E+00   1.95586E+00   1.000E-02   3.825E+02
  @ATELIER_RMSSPOT       =   0.00000E+00   3.16733E+02   1.000E-03   1.003E+05
 RAY ERROR: MISS  6
 RAY ERROR: MISS 11
 RAY ERROR: REFL 14
 RAY ERROR: REFL 14
  
  Constraints added:      Mn ET S14 (>)
 RAY ERROR: MISS  6
 RAY ERROR: MISS 11
 RAY ERROR: REFL 14
 RAY ERROR: REFL 14
 RAY ERROR: REFL 14
  
 CYCLE NUMBER 5:
  
  ABERR F. =        5.03253118
  CONST F. =    84340.90606835
  ERR. F.  =    84345.93859953       (change =   -16357.02241033)
  
  OPD     6.82287948     4.38615694     2.59943139
  WAV     7.12999529     4.57930450     2.75758172
  
  
  
  Parameter                 Value            Change
  CUY S3                4.38916911E-01      1.41E-04
  CUY S4                1.61053362E-01      6.16E-04
  CUY S5                2.93556910E-01      1.05E-03
  CUY S6                4.08287552E-01      4.06E-04
  CUY S7                2.79376974E-02     -3.04E-03
  CUY S8               -2.39223186E-01     -2.81E-03
  CUY S9               -4.95761947E-01      1.54E-04
  CUY S10              -3.43524039E-01      3.65E-05
  A   S3               -5.10493926E-05      3.67E-05
  A   S4               -1.77001909E-02      1.22E-05
  A   S5               -1.04588515E-01      1.23E-05
  A   S6               -7.04696579E-02     -1.01E-05
  A   S7                2.66358152E-02      1.35E-05
  A   S8                4.21543126E-03     -1.30E-05
  A   S9                7.93506862E-03      4.59E-05
  A   S10               2.73845668E-02      1.28E-05
  THI S2               -2.91546247E-01      4.18E-02
  THI S4                3.91915173E-01      2.41E-04
  THI S6                1.60347820E-01      2.10E-04
  THI S8                5.74843832E-01     -4.42E-03
  THI S10               7.75840538E-02      1.95E-02
  THI S12               6.63449118E-01      8.16E-04
  THI S14               2.31250914E-01     -6.96E-03
  THI S16               4.38420933E-01     -1.19E-01
  THI S18              -1.11579067E-01     -1.19E-01
  
        EFL          REDU         PIM          OAL         EN PUP       EX PUP
      4.701832     0.000000     0.109098     6.067866     0.475900    -3.067859
  
  Active Constraints -   3:    target        value         diff        cost
  EFL                    =   4.70603E+00   4.70183E+00  -4.196E-03   1.234E+02
  Mn CT S2                                                          -7.836E+03
  Mn ET S14                                                         -7.552E-02
  
  Weighted Constraints:        target        value        WTC/PTC     contrib
  @ATELIER_LATCOLOR      =   0.00000E+00   4.41736E+00   1.000E-02   1.951E+03
  @ATELIER_RMSSPOT       =   0.00000E+00   2.87036E+02   1.000E-03   8.239E+04
     WARNING - Frozen Thickness Violations:
  Mn ET S17
 RAY ERROR: REFL  8
 RAY ERROR: REFL 10
  
  Constraints released:   Mn ET S14 (>)
 RAY ERROR: REFL 14
 RAY ERROR: REFL 14
 RAY ERROR: REFL 14
  Constraints released:   Mn ET S14 (>)
  
 CYCLE NUMBER 6:
  
  ABERR F. =        5.48560022
  CONST F. =      0.191623E+06
  ERR. F.  =      0.191629E+06       (change =      0.107283E+06)
  
  OPD     6.81317344     4.37967051     4.58441796
  WAV     7.12016615     4.57304483     4.72478774
  
  
  
  Parameter                 Value            Change
  CUY S3                4.38916907E-01     -3.88E-09
  CUY S4                1.61031855E-01     -2.15E-05
  CUY S5                2.93496622E-01     -6.03E-05
  CUY S6                4.08248773E-01     -3.88E-05
  CUY S7                2.79377482E-02      5.08E-08
  CUY S8               -2.39168960E-01      5.42E-05
  CUY S9               -4.95673708E-01      8.82E-05
  CUY S10              -3.43485718E-01      3.83E-05
  A   S3               -5.10502762E-05     -8.84E-10
  A   S4               -1.76961329E-02      4.06E-06
  A   S5               -1.04584725E-01      3.79E-06
  A   S6               -7.04725957E-02     -2.94E-06
  A   S7                2.66394623E-02      3.65E-06
  A   S8                4.21170393E-03     -3.73E-06
  A   S9                7.94571865E-03      1.07E-05
  A   S10               2.73821374E-02     -2.43E-06
  THI S2               -2.73262107E-01      1.83E-02
  THI S4                3.91843483E-01     -7.17E-05
  THI S6                1.60401083E-01      5.33E-05
  THI S8                5.74843898E-01      6.60E-08
  THI S10               7.78582071E-02      2.74E-04
  THI S12               6.63393382E-01     -5.57E-05
  THI S14               2.31366014E-01      1.15E-04
  THI S16               4.38536033E-01      1.15E-04
  THI S18              -1.11463967E-01      1.15E-04
  
        EFL          REDU         PIM          OAL         EN PUP       EX PUP
      4.702094     0.000000     0.108950     6.086580     0.475900    -3.076602
  
  Active Constraints -   2:    target        value         diff        cost
  EFL                    =   4.70603E+00   4.70209E+00  -3.934E-03   2.171E+03
  Mn CT S2                                                          -2.519E+05
  
  Weighted Constraints:        target        value        WTC/PTC     contrib
  @ATELIER_LATCOLOR      =   0.00000E+00   4.64835E+00   1.000E-02   2.161E+03
  @ATELIER_RMSSPOT       =   0.00000E+00   4.35273E+02   1.000E-03   1.895E+05
     WARNING - Frozen Thickness Violations:
  Mn ET S17
 RAY ERROR: REFL 14
     Derivative scaled for variable  10
 RAY ERROR: REFL 10
 RAY ERROR: REFL 10
 RAY ERROR: REFL 14
 RAY ERROR: REFL 14
 RAY ERROR: REFL 10
 RAY ERROR: REFL 10
 RAY ERROR: REFL 10
 RAY ERROR: REFL 14
 RAY ERROR: REFL 14
  
 CYCLE NUMBER 7:
  
  ABERR F. =        4.98590245
  CONST F. =      0.191477E+06
  ERR. F.  =      0.191482E+06       (change =     -0.147424E+03)
  
  OPD     6.32712669     4.08267457     3.83148235
  WAV     6.61794098     4.26574839     3.97247614
  
  
  
  Parameter                 Value            Change
  CUY S3                4.38917566E-01      6.59E-07
  CUY S4                1.61032611E-01      7.56E-07
  CUY S5                2.93496838E-01      2.16E-07
  CUY S6                4.08249174E-01      4.01E-07
  CUY S7                2.79346803E-02     -3.07E-06
  CUY S8               -2.39172107E-01     -3.15E-06
  CUY S9               -4.95673859E-01     -1.51E-07
  CUY S10              -3.43486089E-01     -3.71E-07
  A   S3               -5.07429175E-05      3.07E-07
  A   S4               -1.76960134E-02      1.19E-07
  A   S5               -1.04584712E-01      1.36E-08
  A   S6               -7.04805967E-02     -8.00E-06
  A   S7                2.66467271E-02      7.26E-06
  A   S8                4.20590980E-03     -5.79E-06
  A   S9                7.95219201E-03      6.47E-06
  A   S10               2.73815356E-02     -6.02E-07
  THI S2               -2.72190770E-01      1.07E-03
  THI S4                3.91717870E-01     -1.26E-04
  THI S6                1.60400484E-01     -5.99E-07
  THI S8                5.74835280E-01     -8.62E-06
  THI S10               7.88753783E-02      1.02E-03
  THI S12               6.63393572E-01      1.90E-07
  THI S14               2.36509932E-01      5.14E-03
  THI S16               4.43679951E-01      5.14E-03
  THI S18              -1.06320049E-01      5.14E-03
  
        EFL          REDU         PIM          OAL         EN PUP       EX PUP
      4.702110     0.000000     0.098199     6.098822     0.475900    -3.087867
  
  Active Constraints -   2:    target        value         diff        cost
  EFL                    =   4.70603E+00   4.70211E+00  -3.918E-03   4.028E-01
  Mn CT S2                                                          -1.146E+04
  
  Weighted Constraints:        target        value        WTC/PTC     contrib
  @ATELIER_LATCOLOR      =   0.00000E+00   4.41531E+00   1.000E-02   1.949E+03
  @ATELIER_RMSSPOT       =   0.00000E+00   4.35347E+02   1.000E-03   1.895E+05
     WARNING - Frozen Thickness Violations:
  Mn ET S17
  
     Normal AUTO Completion - System improvement less than IMP
AUT> GO
 
 
CODE V> BUF PUT B1 I^row J1 "schema"
      Created new worksheet B1.
CODE V> BUF PUT B1 I^row J2 "atelier-codev-target-v1"
CODE V> BUF PUT B1 I^row J1 "status"
CODE V> BUF PUT B1 I^row J2 "ok"
CODE V> BUF PUT B1 I^row J1 "mode"
CODE V> BUF PUT B1 I^row J2 "target"
CODE V> BUF PUT B1 I^row J1 "stage"
CODE V> BUF PUT B1 I^row J2 "A"
CODE V> BUF PUT B1 I^row J1 "source_zmx"
CODE V> BUF PUT B1 I^row J2 "US10281683B2.zmx"
CODE V> BUF PUT B1 I^row J1 "num_fields"
CODE V> BUF PUT B1 I^row J2 ^numf_out
CODE V> BUF PUT B1 I^row J1 "vignetting_edge"
CODE V> BUF PUT B1 I^row J2 0.2
CODE V> BUF PUT B1 I^row J1 "target.efl_mm"
CODE V> BUF PUT B1 I^row J2 ^target_efl
CODE V> BUF PUT B1 I^row J1 "seed_baseline.efl_y_mm"
CODE V> BUF PUT B1 I^row J2 ^seed_baseline_efl_y_mm
CODE V> BUF PUT B1 I^row J1 "seed_baseline.max_lateral_color_um"
CODE V> BUF PUT B1 I^row J2 ^seed_baseline_max_lateral_color_um
CODE V> BUF PUT B1 I^row J1 "seed_baseline.max_rms_spot_diameter_um"
CODE V> BUF PUT B1 I^row J2 ^seed_baseline_max_rms_spot_diameter_um
CODE V> BUF PUT B1 I^row J1 "seed_baseline.max_rms_wavefront_error_waves"
CODE V> BUF PUT B1 I^row J2 ^seed_baseline_max_rms_wavefront_error_waves
CODE V> BUF PUT B1 I^row J1 "seed_baseline.max_distortion_pct"
CODE V> BUF PUT B1 I^row J2 ^seed_baseline_max_distortion_pct
CODE V> BUF PUT B1 I^row J1 "seed_baseline.fno"
CODE V> BUF PUT B1 I^row J2 ^seed_baseline_fno
CODE V> BUF PUT B1 I^row J1 "seed_baseline.epd_mm"
CODE V> BUF PUT B1 I^row J2 ^seed_baseline_epd
CODE V> BUF PUT B1 I^row J1 "seed_baseline.maximh_mm"
CODE V> BUF PUT B1 I^row J2 ^seed_baseline_maximh
CODE V> BUF PUT B1 I^row J1 "config_pre_aut.efl_y_mm"
CODE V> BUF PUT B1 I^row J2 ^config_pre_aut_efl_y_mm
CODE V> BUF PUT B1 I^row J1 "config_pre_aut.max_lateral_color_um"
CODE V> BUF PUT B1 I^row J2 ^config_pre_aut_max_lateral_color_um
CODE V> BUF PUT B1 I^row J1 "config_pre_aut.max_rms_spot_diameter_um"
CODE V> BUF PUT B1 I^row J2 ^config_pre_aut_max_rms_spot_diameter_um
CODE V> BUF PUT B1 I^row J1 "config_pre_aut.max_rms_wavefront_error_waves"
CODE V> BUF PUT B1 I^row J2 ^config_pre_aut_max_rms_wavefront_error_waves
CODE V> BUF PUT B1 I^row J1 "config_pre_aut.max_distortion_pct"
CODE V> BUF PUT B1 I^row J2 ^config_pre_aut_max_distortion_pct
CODE V> BUF PUT B1 I^row J1 "config_pre_aut.fno"
CODE V> BUF PUT B1 I^row J2 ^config_pre_aut_fno
CODE V> BUF PUT B1 I^row J1 "config_pre_aut.epd_mm"
CODE V> BUF PUT B1 I^row J2 ^config_pre_aut_epd
CODE V> BUF PUT B1 I^row J1 "config_pre_aut.maximh_mm"
CODE V> BUF PUT B1 I^row J2 ^config_pre_aut_maximh
CODE V> BUF PUT B1 I^row J1 "post_aut.efl_y_mm"
CODE V> BUF PUT B1 I^row J2 ^post_aut_efl_y_mm
CODE V> BUF PUT B1 I^row J1 "post_aut.max_lateral_color_um"
CODE V> BUF PUT B1 I^row J2 ^post_aut_max_lateral_color_um
CODE V> BUF PUT B1 I^row J1 "post_aut.max_rms_spot_diameter_um"
CODE V> BUF PUT B1 I^row J2 ^post_aut_max_rms_spot_diameter_um
CODE V> BUF PUT B1 I^row J1 "post_aut.max_rms_wavefront_error_waves"
CODE V> BUF PUT B1 I^row J2 ^post_aut_max_rms_wavefront_error_waves
CODE V> BUF PUT B1 I^row J1 "post_aut.max_distortion_pct"
CODE V> BUF PUT B1 I^row J2 ^post_aut_max_distortion_pct
CODE V> BUF PUT B1 I^row J1 "post_aut.fno"
CODE V> BUF PUT B1 I^row J2 ^post_aut_fno
CODE V> BUF PUT B1 I^row J1 "post_aut.epd_mm"
CODE V> BUF PUT B1 I^row J2 ^post_aut_epd
CODE V> BUF PUT B1 I^row J1 "post_aut.maximh_mm"
CODE V> BUF PUT B1 I^row J2 ^post_aut_maximh
CODE V> BUF PUT B1 I^row J1 "efl_target_deviation_pct"
CODE V> BUF PUT B1 I^row J2 ^efl_target_dev_pct
CODE V> BUF PUT B1 I^row J1 "aut_converged"
CODE V> BUF PUT B1 I^row J2 ^aut_converged
CODE V> BUF EXP B1 "D:\atelier-wt-c\.planning\loop\p15-stageb-evidence\fno-matrix-2026-07-11\US10281683B2_loosen\rung0_native\ray_retry\atelier_codev_target_A_vig0200.tsv"
     Buffer B1 exported to file atelier_codev_target_A_vig0200.tsv
CODE V> BUF DEL B1
CODE V> OUT YES
CODE V> EXI YES
     EXI                                                                              11-Jul-26  14H  8M 34S
                                                 CODE V PC  Version: 11.5             CPU clock:  0H  0M 19S
