  
  
                                   Welcome to
  
                                   C O D E   V
  
                                PC  Version 11.5
                                   Build 27302701
  
                                   11-Jul-2026
  
                            A proprietary product of
  
                              SYNOPSYS, INC
                              Pasadena, California
  
CODE V> OUT NO
     Radius input/output mode
  
    Lens data created by Zemax version 191028
  
    Zemax command MODE ignored
     WARNING - Vignetting angles not used.
     ERROR - No wavelength  2 in zoom position  1
  
     Surface pointer = OBJ
    Zemax surface type  STANDARD
    CODE V surface type SPH
    Zemax command FIMP ignored.
     WARNING - Hiding of rays not used.
    Zemax command MIRR ignored.
    Zemax command SLAB ignored.
    Zemax command MEMA ignored.
    Zemax command POPS ignored.
  
     Surface pointer = 1
    Zemax surface type  EVENASPH
    CODE V surface type ASP
    Zemax command FIMP ignored.
     WARNING - Hiding of rays not used.
    Zemax command MIRR ignored.
    Zemax command SLAB ignored.
     WARNING - Partial dispersion of model glass not used.
    Zemax command MEMA ignored.
    Zemax command POPS ignored.
  
     Surface pointer = 2
    Zemax surface type  EVENASPH
    CODE V surface type ASP
    Zemax command FIMP ignored.
     WARNING - Hiding of rays not used.
    Zemax command MIRR ignored.
    Zemax command SLAB ignored.
    Zemax command MEMA ignored.
    Zemax command POPS ignored.
  
     Surface pointer = 3
    Zemax surface type  EVENASPH
    CODE V surface type ASP
    Zemax command FIMP ignored.
     WARNING - Hiding of rays not used.
    Zemax command MIRR ignored.
    Zemax command SLAB ignored.
     WARNING - Partial dispersion of model glass not used.
    Zemax command MEMA ignored.
    Zemax command POPS ignored.
  
     Surface pointer = 4
    Zemax surface type  EVENASPH
    CODE V surface type ASP
    Zemax command FIMP ignored.
     WARNING - Hiding of rays not used.
    Zemax command MIRR ignored.
    Zemax command SLAB ignored.
    Zemax command MEMA ignored.
    Zemax command POPS ignored.
  
     Surface pointer = 5
    Zemax surface type  STANDARD
    CODE V surface type SPH
    Zemax command FIMP ignored.
     WARNING - Hiding of rays not used.
    Zemax command MIRR ignored.
    Zemax command SLAB ignored.
    Zemax command MEMA ignored.
    Zemax command POPS ignored.
  
     Surface pointer = 6
    Zemax surface type  EVENASPH
    CODE V surface type ASP
    Zemax command FIMP ignored.
     WARNING - Hiding of rays not used.
    Zemax command MIRR ignored.
    Zemax command SLAB ignored.
     WARNING - Partial dispersion of model glass not used.
    Zemax command MEMA ignored.
    Zemax command POPS ignored.
  
     Surface pointer = 7
    Zemax surface type  EVENASPH
    CODE V surface type ASP
    Zemax command FIMP ignored.
     WARNING - Hiding of rays not used.
    Zemax command MIRR ignored.
    Zemax command SLAB ignored.
    Zemax command MEMA ignored.
    Zemax command POPS ignored.
  
     Surface pointer = 8
    Zemax surface type  EVENASPH
    CODE V surface type ASP
    Zemax command FIMP ignored.
     WARNING - Hiding of rays not used.
    Zemax command MIRR ignored.
    Zemax command SLAB ignored.
     WARNING - Partial dispersion of model glass not used.
    Zemax command MEMA ignored.
    Zemax command POPS ignored.
  
     Surface pointer = 9
    Zemax surface type  EVENASPH
    CODE V surface type ASP
    Zemax command FIMP ignored.
     WARNING - Hiding of rays not used.
    Zemax command MIRR ignored.
    Zemax command SLAB ignored.
    Zemax command MEMA ignored.
    Zemax command POPS ignored.
  
     Surface pointer = 10
    Zemax surface type  STANDARD
    CODE V surface type SPH
    Zemax command FIMP ignored.
     WARNING - Hiding of rays not used.
    Zemax command MIRR ignored.
    Zemax command SLAB ignored.
     WARNING - Partial dispersion of model glass not used.
    Zemax command MEMA ignored.
    Zemax command POPS ignored.
  
     Surface pointer = 11
    Zemax surface type  STANDARD
    CODE V surface type SPH
    Zemax command FIMP ignored.
     WARNING - Hiding of rays not used.
    Zemax command MIRR ignored.
    Zemax command SLAB ignored.
    Zemax command MEMA ignored.
    Zemax command POPS ignored.
  
     Surface pointer = IMG
    Zemax surface type  STANDARD
    CODE V surface type SPH
    Zemax command FIMP ignored.
     WARNING - Hiding of rays not used.
    Zemax command MIRR ignored.
    Zemax command SLAB ignored.
    Zemax command MEMA ignored.
    Zemax command POPS ignored.
    Zemax command ! AT ignored.
    Zemax command ! AT ignored.
    Zemax command ! AT ignored.
    Zemax command ! AT ignored.
  
     WARNING - Please check the converted lens carefully.
               Some information will not be converted.
               Changes in either CODE V or ZEMAX may invalidate
               the converted information.
               Due to differences between CODE V and ZEMAX ray
               aiming and vignetting factors, it is recommended
               that you set vignetting for the converted system.
  
               A concise listing of conversion warnings appears
               in the Tabbed Output Window 'Info' tab and in the
               Command Window.
  
CODE V> DEF VAR SA
 
 
CODE V> FNO 3.70793177804075
CODE V> VUY 0 0.3
CODE V> VLY 0 0.3
CODE V> VUX 0 0.3
CODE V> VLX 0 0.3
 
 
CODE V> AUT
     AUT                                                                              11-Jul-26  14H  3M 22S
                                                 CODE V PC  Version: 11.5             CPU clock:  0H  0M  0S
     WARNING - CODE V places the reference sphere at the exit pupil.  However,
               the aberrations of this lens make the OPD data (and any quantity
               that depends upon OPD data) very sensitive to the exact value of
               the reference sphere radius.  You can use the RSL command to
               reposition the reference sphere if that is appropriate for
               your application.
     ***Defocussing frozen to eliminate redundant variable
AUT>   SUR N
AUT>   CHG SA
AUT>   WFR Y
AUT>   WTF FA 10
AUT>   EFL = 19.6731294141371
AUT>   @atelier_latcolor == @lcum(1)
AUT>   @atelier_latcolor = 0
AUT>   WTC 0.01
AUT>   @atelier_rmsspot == @rmssum(1)
AUT>   @atelier_rmsspot = 0
AUT>   WTC 0.001
AUT>   MNT 0.025
AUT>   MNE 0.025
AUT>   MXT 10
AUT>   MNA 0.001
AUT>   MXC 25
AUT>   MNC 3
AUT>   IMP 0.001
AUT> GO
 -------------------------------------------------------------------------------
  
       USER CONSTRAINT DEFINITIONS
            @atelier_rmsspot == @rmssum(1)
  
            @atelier_latcolor == @lcum(1)
  
  
  
       POTENTIALLY ACTIVE SPECIFIC CONSTRAINTS
         EFL                                  =      19.673129
         @ATELIER_LATCOLOR                    =       0.000000     (WTC =    0.01000)
         @ATELIER_RMSSPOT                     =       0.000000     (WTC =    0.00100)
  
       GENERAL CONSTRAINTS
         MXT      10.000000
         MNT       0.025000
         MNE       0.025000
         MNA       0.001000
         MAE       0.002500
         GLA               NFK5  NSK16  NLAF2  SF4
  
       ERROR FUNCTION CONSTRUCTION
         WFR        Y
         WTW       1
         WTA       0.000000
         DEL       0.220000
         WTX F1   10.000000
         WTX F2   10.000000
         WTY F1   10.000000
         WTY F2   10.000000
  
       CONVERGENCE CONTROLS
         MXC        25
         MNC         3
         TAR       0.000000
         IMP       0.001000
  
       OUTPUT CONTROLS
         SUR NO
         CHG S0..12
  
     Recommendations for most stable convergence:
  
       Use object space aperture specifications:
       - NAO for finite conjugate systems
       - EPD for infinite conjugate systems
  
       VARIABLE LIST
  
         NO      PARAMETERS *
          1      CUY S1       CUY S2
          2      CUY S2       CUY S3
          3      CUY S3       CUY S4
          4      CUY S4
          5      CUY S6       CUY S7
          6      CUY S7
          7      CUY S8       CUY S9
          8      CUY S9
          9      A   S1
         10      A   S2
         11      A   S3
         12      A   S4
         13      A   S6
         14      A   S7
         15      A   S8
         16      A   S9
         17      THI S2
         18      THI S4
         19      THI S5
         20      THI S7
         21      THI S9
         22      THI S11
  
     * Multiple entries on a line are composite variables.
     Composite variables are either program-generated bendings
     or user-requested couplings.
  
      22 VARIABLES
  
      22 CONSTRAINTS CAN BE ACTIVE
  
     RELATIVE TIME PER CYCLE IS   58.4 UNITS
     WARNING - The macro function SPOTDATA is not supported on multiple threads.
               CODE V will set the multiple processor setting (MPP) to 1 to prevent errors.
               Please refer to the CODE V Setup and Operation Reference Manual for a complete list
               of pre-defined macro functions that are currently limited to running on a single thread.
  
 CYCLE NUMBER 0:
  
  ABERR F. =       30.57529048
  CONST F. =      0.181458E+07
  ERR. F.  =      0.181461E+07
  
  OPD    37.60720114    19.78957965
  WAV    39.05478729    20.20366557
  
  
  
  Parameter                 Value            Change
  CUY S1                1.11756817E-01      0.00E+00
  CUY S2               -7.53068755E-02      0.00E+00
  CUY S3               -5.15198351E-02      0.00E+00
  CUY S4                6.86059276E-02      0.00E+00
  CUY S6                1.06734977E-01      0.00E+00
  CUY S7                1.25134520E-02      0.00E+00
  CUY S8               -2.57440016E-02      0.00E+00
  CUY S9                1.05652404E-01      0.00E+00
  A   S1               -7.30400000E-04      0.00E+00
  A   S2               -1.16320000E-03      0.00E+00
  A   S3               -1.60550000E-02      0.00E+00
  A   S4               -1.55430000E-02      0.00E+00
  A   S6                0.00000000E+00      0.00E+00
  A   S7                0.00000000E+00      0.00E+00
  A   S8                0.00000000E+00      0.00E+00
  A   S9                0.00000000E+00      0.00E+00
  THI S2                5.00000000E-02      0.00E+00
  THI S4                2.20000000E-01      0.00E+00
  THI S5                6.09600000E+00      0.00E+00
  THI S7                3.83000000E+00      0.00E+00
  THI S9                4.00000000E+00      0.00E+00
  THI S11               6.76000000E-01      0.00E+00
  
        EFL          REDU         PIM          OAL         EN PUP       EX PUP
     19.682882     0.000000     0.690427    20.780000     3.129062   -10.505106
  
  Specific Constraints:        target        value         diff      active (**)
  EFL                    =   1.96731E+01   1.96829E+01   9.753E-03    **
  
  Weighted Constraints:        target        value        WTC/PTC     contrib
  @ATELIER_LATCOLOR      =   0.00000E+00   0.00000E+00   1.000E-02   0.000E+00
  @ATELIER_RMSSPOT       =   0.00000E+00   1.34706E+03   1.000E-03   1.815E+06
  
  Constraints added:      EFL (=)
  Constraints added:      Mn CT S2 (>)                Mn ET S4 (>)
  Constraints released:   Mn ET S4 (>)
  Constraints released:   Mn ET S4 (>)
  
 CYCLE NUMBER 1:
  
  ABERR F. =       10.15200053
  CONST F. =      0.843956E+06
  ERR. F.  =      0.843966E+06       (change =     -0.970645E+06)
  
  OPD     2.48726484    13.85521531
  WAV     2.81823060    14.35815300
  
  
  
  Parameter                 Value            Change
  CUY S1                1.11027864E-01     -7.29E-04
  CUY S2               -7.32410471E-02      2.07E-03
  CUY S3               -5.00449038E-02      1.47E-03
  CUY S4                6.69896094E-02     -1.62E-03
  CUY S6                1.08122810E-01      1.39E-03
  CUY S7                1.35019655E-02      9.89E-04
  CUY S8               -5.62082028E-03      2.01E-02
  CUY S9                1.25167597E-01      1.95E-02
  A   S1               -4.90373198E-04      2.40E-04
  A   S2               -1.45461294E-03     -2.91E-04
  A   S3               -1.58366291E-02      2.18E-04
  A   S4               -1.57476032E-02     -2.05E-04
  A   S6                3.19923494E-04      3.20E-04
  A   S7               -4.66252849E-04     -4.66E-04
  A   S8                1.36230615E-03      1.36E-03
  A   S9               -1.96631662E-04     -1.97E-04
  THI S2                1.00000000E-03     -4.90E-02
  THI S4                7.42478282E-01      5.22E-01
  THI S5                1.15509132E+01      5.45E+00
  THI S7                3.86590438E+00      3.59E-02
  THI S9                4.51898552E+00      5.19E-01
  THI S11               1.19498552E+00      5.19E-01
  
        EFL          REDU         PIM          OAL         EN PUP       EX PUP
     19.770958     0.000000    -2.152044    27.263281     3.795130   -13.609753
  
  Active Constraints -   2:    target        value         diff        cost
  EFL                    =   1.96731E+01   1.97710E+01   9.783E-02   1.136E-02
  Mn CT S2                                                          -6.129E-05
  
  Weighted Constraints:        target        value        WTC/PTC     contrib
  @ATELIER_LATCOLOR      =   0.00000E+00   0.00000E+00   1.000E-02   0.000E+00
  @ATELIER_RMSSPOT       =   0.00000E+00   9.18671E+02   1.000E-03   8.440E+05
  
 CYCLE NUMBER 2:
  
  ABERR F. =        9.81143800
  CONST F. =      0.448948E+06
  ERR. F.  =      0.448958E+06       (change =     -0.395008E+06)
  
  OPD     4.45916194    12.62112533
  WAV     5.55775527    13.22844244
  
  
  
  Parameter                 Value            Change
  CUY S1                1.09521531E-01     -1.51E-03
  CUY S2                9.82146709E-02      1.71E-01
  CUY S3                1.50608437E-01      2.01E-01
  CUY S4                9.38433911E-02      2.69E-02
  CUY S6               -1.73685604E-02     -1.25E-01
  CUY S7               -5.50147813E-02     -6.85E-02
  CUY S8               -8.45425683E-02     -7.89E-02
  CUY S9                1.50726757E-02     -1.10E-01
  A   S1               -7.24227929E-04     -2.34E-04
  A   S2               -1.15918494E-03      2.95E-04
  A   S3               -1.60524950E-02     -2.16E-04
  A   S4               -1.55306496E-02      2.17E-04
  A   S6                2.22577506E-04     -9.73E-05
  A   S7               -3.49395360E-04      1.17E-04
  A   S8                4.94263406E-04     -8.68E-04
  A   S9                9.99768652E-04      1.20E-03
  THI S2                1.00000000E-03     -4.43E-16
  THI S4                1.81022187E+00      1.07E+00
  THI S5                1.06652255E+01     -8.86E-01
  THI S7                3.42201452E+00     -4.44E-01
  THI S9                4.25004090E+00     -2.69E-01
  THI S11               9.26040903E-01     -2.69E-01
  
        EFL          REDU         PIM          OAL         EN PUP       EX PUP
     18.611993     0.000000    -5.057275    26.732503     5.726244   -13.231884
  
  Active Constraints -   2:    target        value         diff        cost
  EFL                    =   1.96731E+01   1.86120E+01  -1.061E+00   3.707E-02
  Mn CT S2                                                          -2.014E-04
  
  Weighted Constraints:        target        value        WTC/PTC     contrib
  @ATELIER_LATCOLOR      =   0.00000E+00   0.00000E+00   1.000E-02   0.000E+00
  @ATELIER_RMSSPOT       =   0.00000E+00   6.70036E+02   1.000E-03   4.489E+05
  
  Constraints released:   Mn CT S2 (>)
  Constraints released:   Mn CT S2 (>)
  
 CYCLE NUMBER 3:
  
  ABERR F. =        7.32163591
  CONST F. =      0.294007E+06
  ERR. F.  =      0.294014E+06       (change =     -0.154943E+06)
  
  OPD     6.93220185     7.14937943
  WAV     7.63148678     7.55094500
  
  
  
  Parameter                 Value            Change
  CUY S1                9.43367864E-02     -1.52E-02
  CUY S2                8.67839299E-02     -1.14E-02
  CUY S3                1.57113146E-01      6.50E-03
  CUY S4                9.67021650E-02      2.86E-03
  CUY S6               -2.74365904E-02     -1.01E-02
  CUY S7               -5.80233784E-02     -3.01E-03
  CUY S8               -8.96718809E-02     -5.13E-03
  CUY S9                8.18316895E-03     -6.89E-03
  A   S1               -6.37291063E-04      8.69E-05
  A   S2               -1.14229134E-03      1.69E-05
  A   S3               -1.59354890E-02      1.17E-04
  A   S4               -1.56646423E-02     -1.34E-04
  A   S6                5.62399642E-04      3.40E-04
  A   S7               -5.94851267E-04     -2.45E-04
  A   S8                7.05369167E-04      2.11E-04
  A   S9                8.39942632E-04     -1.60E-04
  THI S2                1.65733683E-01      1.65E-01
  THI S4                1.88323678E+00      7.30E-02
  THI S5                1.05880807E+01     -7.71E-02
  THI S7                3.39208947E+00     -2.99E-02
  THI S9                3.61026273E+00     -6.40E-01
  THI S11               2.86262729E-01     -6.40E-01
  
        EFL          REDU         PIM          OAL         EN PUP       EX PUP
     19.673613     0.000000    -3.975257    26.223403     5.925040   -12.511828
  
  Active Constraints -   1:    target        value         diff        cost
  EFL                    =   1.96731E+01   1.96736E+01   4.834E-04   1.293E-02
  
  Weighted Constraints:        target        value        WTC/PTC     contrib
  @ATELIER_LATCOLOR      =   0.00000E+00   0.00000E+00   1.000E-02   0.000E+00
  @ATELIER_RMSSPOT       =   0.00000E+00   5.42224E+02   1.000E-03   2.940E+05
  
  Constraints added:      Mn ET S11 (>)
  
 CYCLE NUMBER 4:
  
  ABERR F. =        2.71793422
  CONST F. =      0.197632E+06
  ERR. F.  =      0.197635E+06       (change =     -0.963797E+05)
  
  OPD     1.01389596     3.54985471
  WAV     1.19540467     3.80660214
  
  
  
  Parameter                 Value            Change
  CUY S1                1.12741297E-01      1.84E-02
  CUY S2                1.24122475E-01      3.73E-02
  CUY S3                1.67722969E-01      1.06E-02
  CUY S4                8.78574871E-02     -8.84E-03
  CUY S6                1.82568697E-02      4.57E-02
  CUY S7                1.32523029E-02      7.13E-02
  CUY S8               -1.15537968E-01     -2.59E-02
  CUY S9               -2.82014370E-02     -3.64E-02
  A   S1               -2.52855729E-04      3.84E-04
  A   S2               -6.28210126E-04      5.14E-04
  A   S3               -1.55666210E-02      3.69E-04
  A   S4               -1.58173139E-02     -1.53E-04
  A   S6                3.56622244E-04     -2.06E-04
  A   S7               -3.64966370E-04      2.30E-04
  A   S8                1.87327207E-03      1.17E-03
  A   S9                4.27185425E-04     -4.13E-04
  THI S2                3.88610484E+00      3.72E+00
  THI S4                1.76730508E+00     -1.16E-01
  THI S5                9.72828867E+00     -8.60E-01
  THI S7                3.07473054E+00     -3.17E-01
  THI S9                3.04402915E+00     -5.66E-01
  THI S11               2.50000000E-03     -2.84E-01
  
        EFL          REDU         PIM          OAL         EN PUP       EX PUP
     19.626577     0.000000    -3.245915    28.084458    10.421069   -11.231094
  
  Active Constraints -   2:    target        value         diff        cost
  EFL                    =   1.96731E+01   1.96266E+01  -4.655E-02   7.187E-05
  Mn ET S11                                                         -7.461E-07
  
  Weighted Constraints:        target        value        WTC/PTC     contrib
  @ATELIER_LATCOLOR      =   0.00000E+00   0.00000E+00   1.000E-02   0.000E+00
  @ATELIER_RMSSPOT       =   0.00000E+00   4.44558E+02   1.000E-03   1.976E+05
  
 CYCLE NUMBER 5:
  
  ABERR F. =        1.79992219
  CONST F. =    95003.78502119
  ERR. F.  =    95005.58494338       (change =  -102629.21170453)
  
  OPD     0.78452582     2.30516531
  WAV     1.00305806     2.45427917
  
  
  
  Parameter                 Value            Change
  CUY S1                1.07710001E-01     -5.03E-03
  CUY S2                1.16239190E-01     -7.88E-03
  CUY S3                1.57660669E-01     -1.01E-02
  CUY S4                8.13541323E-02     -6.50E-03
  CUY S6                5.70664732E-03     -1.26E-02
  CUY S7               -4.08925247E-02     -5.41E-02
  CUY S8               -1.62576855E-01     -4.70E-02
  CUY S9               -5.55029263E-02     -2.73E-02
  A   S1               -2.92700114E-04     -3.98E-05
  A   S2               -1.10286616E-03     -4.75E-04
  A   S3               -1.56443070E-02     -7.77E-05
  A   S4               -1.57373520E-02      8.00E-05
  A   S6                6.97803637E-05     -2.87E-04
  A   S7                1.95056888E-05      3.84E-04
  A   S8                7.53233722E-04     -1.12E-03
  A   S9               -2.24249390E-03     -2.67E-03
  THI S2                3.43304905E+00     -4.53E-01
  THI S4                1.81108375E+00      4.38E-02
  THI S5                9.53126443E+00     -1.97E-01
  THI S7                2.86674087E+00     -2.08E-01
  THI S9                2.72273774E+00     -3.21E-01
  THI S11               2.50000000E-03     -8.99E-16
  
        EFL          REDU         PIM          OAL         EN PUP       EX PUP
     19.362776     0.000000    -2.228927    26.948876     9.858531   -11.310076
  
  Active Constraints -   2:    target        value         diff        cost
  EFL                    =   1.96731E+01   1.93628E+01  -3.104E-01  -1.068E-04
  Mn ET S11                                                         -1.894E-06
  
  Weighted Constraints:        target        value        WTC/PTC     contrib
  @ATELIER_LATCOLOR      =   0.00000E+00   0.00000E+00   1.000E-02   0.000E+00
  @ATELIER_RMSSPOT       =   0.00000E+00   3.08227E+02   1.000E-03   9.500E+04
 RAY ERROR: MISS  6
 RAY ERROR: MISS  3
 RAY ERROR: MISS  6
  
 CYCLE NUMBER 6:
  
  ABERR F. =        2.45637143
  CONST F. =    75528.23355391
  ERR. F.  =    75530.68992535       (change =   -19474.89501803)
  
  OPD     1.31807966     3.11813636
  WAV     1.45301996     3.25017955
  
  
  
  Parameter                 Value            Change
  CUY S1                1.07165319E-01     -5.45E-04
  CUY S2                1.13653918E-01     -2.59E-03
  CUY S3                1.54790845E-01     -2.87E-03
  CUY S4                8.06122627E-02     -7.42E-04
  CUY S6                1.80451917E-02      1.23E-02
  CUY S7               -2.83117671E-02      1.26E-02
  CUY S8               -1.64684802E-01     -2.11E-03
  CUY S9               -5.12972138E-02      4.21E-03
  A   S1               -2.96698791E-04     -4.00E-06
  A   S2               -1.10036432E-03      2.50E-06
  A   S3               -1.56471202E-02     -2.81E-06
  A   S4               -1.57347700E-02      2.58E-06
  A   S6                6.25228105E-05     -7.26E-06
  A   S7                2.83537576E-05      8.85E-06
  A   S8                7.30322352E-04     -2.29E-05
  A   S9               -2.22235175E-03      2.01E-05
  THI S2                1.36530895E+00     -2.07E+00
  THI S4                1.80623471E+00     -4.85E-03
  THI S5                9.51402747E+00     -1.72E-02
  THI S7                2.85361629E+00     -1.31E-02
  THI S9                2.71525677E+00     -7.48E-03
  THI S11               2.50000000E-03      1.39E-17
  
        EFL          REDU         PIM          OAL         EN PUP       EX PUP
     19.392999     0.000000    -2.158403    24.838444     7.323700   -10.921528
  
  Active Constraints -   2:    target        value         diff        cost
  EFL                    =   1.96731E+01   1.93930E+01  -2.801E-01   7.955E-02
  Mn ET S11                                                         -5.464E-02
  
  Weighted Constraints:        target        value        WTC/PTC     contrib
  @ATELIER_LATCOLOR      =   0.00000E+00   0.00000E+00   1.000E-02   0.000E+00
  @ATELIER_RMSSPOT       =   0.00000E+00   2.74824E+02   1.000E-03   7.553E+04
  
 CYCLE NUMBER 7:
  
  ABERR F. =        4.36857136
  CONST F. =    36879.47795314
  ERR. F.  =    36883.84652450       (change =   -38646.84340085)
  
  OPD     3.58968017     4.89341951
  WAV     3.76010521     5.03665698
  
  
  
  Parameter                 Value            Change
  CUY S1                1.06822550E-01     -3.43E-04
  CUY S2                1.12814274E-01     -8.40E-04
  CUY S3                1.53582027E-01     -1.21E-03
  CUY S4                8.00048725E-02     -6.07E-04
  CUY S6                1.70848917E-02     -9.60E-04
  CUY S7               -3.08821391E-02     -2.57E-03
  CUY S8               -1.72720940E-01     -8.04E-03
  CUY S9               -5.46560157E-02     -3.36E-03
  A   S1               -3.18106059E-04     -2.14E-05
  A   S2               -1.06307755E-03      3.73E-05
  A   S3               -1.56728327E-02     -2.57E-05
  A   S4               -1.57098111E-02      2.50E-05
  A   S6                1.36580523E-05     -4.89E-05
  A   S7                9.18818299E-05      6.35E-05
  A   S8                5.56143941E-04     -1.74E-04
  A   S9               -2.03367587E-03      1.89E-04
  THI S2                1.81966628E+00      4.54E-01
  THI S4                1.74557987E+00     -6.07E-02
  THI S5                9.46001669E+00     -5.40E-02
  THI S7                2.82695201E+00     -2.67E-02
  THI S9                2.66107931E+00     -5.42E-02
  THI S11               2.50000000E-03      5.85E-17
  
        EFL          REDU         PIM          OAL         EN PUP       EX PUP
     19.673147     0.000000    -1.907865    25.097294     7.768997   -10.724417
  
  Active Constraints -   2:    target        value         diff        cost
  EFL                    =   1.96731E+01   1.96731E+01   1.751E-05  -2.916E+00
  Mn ET S11                                                         -2.612E-02
  
  Weighted Constraints:        target        value        WTC/PTC     contrib
  @ATELIER_LATCOLOR      =   0.00000E+00   0.00000E+00   1.000E-02   0.000E+00
  @ATELIER_RMSSPOT       =   0.00000E+00   1.92040E+02   1.000E-03   3.688E+04
  
  Constraints released:   Mn ET S11 (>)
  Constraints released:   Mn ET S11 (>)
  
 CYCLE NUMBER 8:
  
  ABERR F. =        3.31993464
  CONST F. =    34939.05116887
  ERR. F.  =    34942.37110351       (change =    -1941.47542099)
  
  OPD     2.11794329     4.09523777
  WAV     2.23597945     4.22274837
  
  
  
  Parameter                 Value            Change
  CUY S1                1.02242500E-01     -4.58E-03
  CUY S2                1.08847851E-01     -3.97E-03
  CUY S3                1.52417626E-01     -1.16E-03
  CUY S4                7.80898825E-02     -1.91E-03
  CUY S6                1.63796248E-02     -7.05E-04
  CUY S7               -3.22835616E-02     -1.40E-03
  CUY S8               -1.62201173E-01      1.05E-02
  CUY S9               -4.82451001E-02      6.41E-03
  A   S1               -3.13466388E-04      4.64E-06
  A   S2               -1.07116025E-03     -8.08E-06
  A   S3               -1.56595394E-02      1.33E-05
  A   S4               -1.57290893E-02     -1.93E-05
  A   S6               -8.49278889E-05     -9.86E-05
  A   S7                3.20105903E-04      2.28E-04
  A   S8                7.16434813E-04      1.60E-04
  A   S9               -2.14094467E-03     -1.07E-04
  THI S2                1.90261374E+00      8.29E-02
  THI S4                1.80440077E+00      5.88E-02
  THI S5                9.51903339E+00      5.90E-02
  THI S7                2.82958046E+00      2.63E-03
  THI S9                2.74233683E+00      8.13E-02
  THI S11               1.78239012E-01      1.76E-01
  
        EFL          REDU         PIM          OAL         EN PUP       EX PUP
     19.672752     0.000000    -1.935723    25.381965     7.888247   -10.982709
  
  Active Constraints -   1:    target        value         diff        cost
  EFL                    =   1.96731E+01   1.96728E+01  -3.779E-04   4.349E-01
  
  Weighted Constraints:        target        value        WTC/PTC     contrib
  @ATELIER_LATCOLOR      =   0.00000E+00   0.00000E+00   1.000E-02   0.000E+00
  @ATELIER_RMSSPOT       =   0.00000E+00   1.86920E+02   1.000E-03   3.494E+04
  
 CYCLE NUMBER 9:
  
  ABERR F. =        2.98140711
  CONST F. =    25858.16964315
  ERR. F.  =    25861.15105027       (change =    -9081.22005324)
  
  OPD     0.77437967     4.07053300
  WAV     0.86747433     4.19925458
  
  
  
  Parameter                 Value            Change
  CUY S1                1.11378916E-01      9.14E-03
  CUY S2                1.15622801E-01      6.77E-03
  CUY S3                1.44281037E-01     -8.14E-03
  CUY S4                7.29789554E-02     -5.11E-03
  CUY S6                1.34299126E-01      1.18E-01
  CUY S7                1.07544050E-01      1.40E-01
  CUY S8               -1.89533816E-01     -2.73E-02
  CUY S9               -6.69375423E-02     -1.87E-02
  A   S1               -3.38707079E-04     -2.52E-05
  A   S2               -1.03868764E-03      3.25E-05
  A   S3               -1.56832982E-02     -2.38E-05
  A   S4               -1.57085809E-02      2.05E-05
  A   S6               -2.07630748E-04     -1.23E-04
  A   S7                2.43421268E-04     -7.67E-05
  A   S8                5.53837121E-04     -1.63E-04
  A   S9               -1.96769903E-03      1.73E-04
  THI S2                2.58910192E+00      6.86E-01
  THI S4                1.67404846E+00     -1.30E-01
  THI S5                9.40489913E+00     -1.14E-01
  THI S7                2.74213520E+00     -8.74E-02
  THI S9                2.66970830E+00     -7.26E-02
  THI S11               1.19136929E-01     -5.91E-02
  
        EFL          REDU         PIM          OAL         EN PUP       EX PUP
     18.061835     0.000000    -2.396841    25.663893     8.668351    -9.807560
  
  Active Constraints -   1:    target        value         diff        cost
  EFL                    =   1.96731E+01   1.80618E+01  -1.611E+00   1.080E-03
  
  Weighted Constraints:        target        value        WTC/PTC     contrib
  @ATELIER_LATCOLOR      =   0.00000E+00   0.00000E+00   1.000E-02   0.000E+00
  @ATELIER_RMSSPOT       =   0.00000E+00   1.60805E+02   1.000E-03   2.586E+04
  
  Constraints added:      Mn ET S11 (>)
  Constraints released:   Mn ET S11 (>)
  
 CYCLE NUMBER 10:
  
  ABERR F. =        4.72323039
  CONST F. =    33186.12278139
  ERR. F.  =    33190.84601178       (change =     7329.69496151)
  
  OPD     5.72618958     3.25614248
  WAV     5.88450712     3.34910231
  
  
  
  Parameter                 Value            Change
  CUY S1                1.05081669E-01     -6.30E-03
  CUY S2                1.13597411E-01     -2.03E-03
  CUY S3                1.30883940E-01     -1.34E-02
  CUY S4                5.34271590E-02     -1.96E-02
  CUY S6                1.31788074E-01     -2.51E-03
  CUY S7                9.96557295E-02     -7.89E-03
  CUY S8               -1.64141423E-01      2.54E-02
  CUY S9               -9.41230855E-02     -2.72E-02
  A   S1               -3.02623170E-04      3.61E-05
  A   S2               -1.11500155E-03     -7.63E-05
  A   S3               -1.49241088E-02      7.59E-04
  A   S4               -1.55600834E-02      1.48E-04
  A   S6               -8.39411606E-05      1.24E-04
  A   S7                2.14655018E-03      1.90E-03
  A   S8                2.58828511E-03      2.03E-03
  A   S9               -2.88772039E-03     -9.20E-04
  THI S2                2.27605344E+00     -3.13E-01
  THI S4                4.34529089E-02     -1.63E+00
  THI S5                7.18254048E+00     -2.22E+00
  THI S7                3.15506070E+00      4.13E-01
  THI S9                2.24127943E+00     -4.28E-01
  THI S11               2.50000000E-03     -1.17E-01
  
        EFL          REDU         PIM          OAL         EN PUP       EX PUP
     17.554622     0.000000     0.426240    21.482387     5.533649   -10.725651
  
  Active Constraints -   2:    target        value         diff        cost
  EFL                    =   1.96731E+01   1.75546E+01  -2.119E+00   2.294E-03
  Mn ET S11                                                         -4.108E-06
  
  Weighted Constraints:        target        value        WTC/PTC     contrib
  @ATELIER_LATCOLOR      =   0.00000E+00   0.00000E+00   1.000E-02   0.000E+00
  @ATELIER_RMSSPOT       =   0.00000E+00   1.82171E+02   1.000E-03   3.319E+04
  
  Constraints released:   Mn ET S11 (>)
  Constraints released:   Mn ET S11 (>)
  
 CYCLE NUMBER 11:
  
  ABERR F. =        3.36353745
  CONST F. =    70580.25408893
  ERR. F.  =    70583.61762638       (change =    37392.77161460)
  
  OPD     3.47486172     3.14096314
  WAV     3.62310297     3.19160589
  
  
  
  Parameter                 Value            Change
  CUY S1                1.05066083E-01     -1.56E-05
  CUY S2                1.10704238E-01     -2.89E-03
  CUY S3                2.92968573E-02     -1.02E-01
  CUY S4               -4.52725531E-02     -9.87E-02
  CUY S6                1.31762966E-01     -2.51E-05
  CUY S7                9.98886186E-02      2.33E-04
  CUY S8               -1.65173430E-01     -1.03E-03
  CUY S9               -9.50253816E-02     -9.02E-04
  A   S1               -3.02625091E-04     -1.92E-09
  A   S2               -1.11500002E-03      1.53E-09
  A   S3               -1.49241095E-02     -6.60E-10
  A   S4               -1.55600841E-02     -7.20E-10
  A   S6               -8.38645582E-05      7.66E-08
  A   S7                2.14653286E-03     -1.73E-08
  A   S8                2.58827568E-03     -9.42E-09
  A   S9               -2.88770318E-03      1.72E-08
  THI S2                2.28405249E+00      8.00E-03
  THI S4                4.34366426E-02     -1.63E-05
  THI S5                7.18252324E+00     -1.72E-05
  THI S7                3.15448133E+00     -5.79E-04
  THI S9                2.24128146E+00      2.04E-06
  THI S11               2.50220841E-03      2.21E-06
  
        EFL          REDU         PIM          OAL         EN PUP       EX PUP
     19.063336     0.000000     2.007998    21.489775     5.498106   -10.719976
  
  Active Constraints -   1:    target        value         diff        cost
  EFL                    =   1.96731E+01   1.90633E+01  -6.098E-01   7.614E+02
  
  Weighted Constraints:        target        value        WTC/PTC     contrib
  @ATELIER_LATCOLOR      =   0.00000E+00   0.00000E+00   1.000E-02   0.000E+00
  @ATELIER_RMSSPOT       =   0.00000E+00   2.65669E+02   1.000E-03   7.058E+04
  
 CYCLE NUMBER 11:
  
  ABERR F. =        3.36353745
  CONST F. =    70580.25408893
  ERR. F.  =    70583.61762638       (change =    37392.77161460)
  
  OPD     3.47486172     3.14096314
  WAV     3.62310297     3.19160589
  
  
  
  Parameter                 Value            Change
  CUY S1                1.05066083E-01      0.00E+00
  CUY S2                1.10704238E-01      0.00E+00
  CUY S3                2.92968573E-02      0.00E+00
  CUY S4               -4.52725531E-02      0.00E+00
  CUY S6                1.31762966E-01      0.00E+00
  CUY S7                9.98886186E-02      0.00E+00
  CUY S8               -1.65173430E-01      0.00E+00
  CUY S9               -9.50253816E-02      0.00E+00
  A   S1               -3.02625091E-04      0.00E+00
  A   S2               -1.11500002E-03      0.00E+00
  A   S3               -1.49241095E-02      0.00E+00
  A   S4               -1.55600841E-02      0.00E+00
  A   S6               -8.38645582E-05      0.00E+00
  A   S7                2.14653286E-03      0.00E+00
  A   S8                2.58827568E-03      0.00E+00
  A   S9               -2.88770318E-03      0.00E+00
  THI S2                2.28405249E+00      0.00E+00
  THI S4                4.34366426E-02      0.00E+00
  THI S5                7.18252324E+00      0.00E+00
  THI S7                3.15448133E+00      0.00E+00
  THI S9                2.24128146E+00      0.00E+00
  THI S11               2.50220841E-03      0.00E+00
  
        EFL          REDU         PIM          OAL         EN PUP       EX PUP
     19.063336     0.000000     2.007998    21.489775     5.498106   -10.719976
  
  Active Constraints -   1:    target        value         diff        cost
  EFL                    =   1.96731E+01   1.90633E+01  -6.098E-01   7.614E+02
  
  Weighted Constraints:        target        value        WTC/PTC     contrib
  @ATELIER_LATCOLOR      =   0.00000E+00   0.00000E+00   1.000E-02   0.000E+00
  @ATELIER_RMSSPOT       =   0.00000E+00   2.65669E+02   1.000E-03   7.058E+04
  
     Normal AUTO Completion - Unstable Condition
AUT> GO
 
 
CODE V> BUF PUT B1 I^row J1 "schema"
      Created new worksheet B1.
CODE V> BUF PUT B1 I^row J2 "atelier-codev-target-v1"
CODE V> BUF PUT B1 I^row J1 "status"
CODE V> BUF PUT B1 I^row J2 "ok"
CODE V> BUF PUT B1 I^row J1 "mode"
CODE V> BUF PUT B1 I^row J2 "target"
CODE V> BUF PUT B1 I^row J1 "stage"
CODE V> BUF PUT B1 I^row J2 "A"
CODE V> BUF PUT B1 I^row J1 "source_zmx"
CODE V> BUF PUT B1 I^row J2 "US-11940597-B2-e6.zmx"
CODE V> BUF PUT B1 I^row J1 "num_fields"
CODE V> BUF PUT B1 I^row J2 ^numf_out
CODE V> BUF PUT B1 I^row J1 "vignetting_edge"
CODE V> BUF PUT B1 I^row J2 0.3
CODE V> BUF PUT B1 I^row J1 "target.efl_mm"
CODE V> BUF PUT B1 I^row J2 ^target_efl
CODE V> BUF PUT B1 I^row J1 "target.f_number"
CODE V> BUF PUT B1 I^row J2 3.70793177804075
CODE V> BUF PUT B1 I^row J1 "seed_baseline.efl_y_mm"
CODE V> BUF PUT B1 I^row J2 ^seed_baseline_efl_y_mm
CODE V> BUF PUT B1 I^row J1 "seed_baseline.max_lateral_color_um"
CODE V> BUF PUT B1 I^row J2 ^seed_baseline_max_lateral_color_um
CODE V> BUF PUT B1 I^row J1 "seed_baseline.max_rms_spot_diameter_um"
CODE V> BUF PUT B1 I^row J2 ^seed_baseline_max_rms_spot_diameter_um
CODE V> BUF PUT B1 I^row J1 "seed_baseline.max_rms_wavefront_error_waves"
CODE V> BUF PUT B1 I^row J2 ^seed_baseline_max_rms_wavefront_error_waves
CODE V> BUF PUT B1 I^row J1 "seed_baseline.max_distortion_pct"
CODE V> BUF PUT B1 I^row J2 ^seed_baseline_max_distortion_pct
CODE V> BUF PUT B1 I^row J1 "seed_baseline.fno"
CODE V> BUF PUT B1 I^row J2 ^seed_baseline_fno
CODE V> BUF PUT B1 I^row J1 "seed_baseline.epd_mm"
CODE V> BUF PUT B1 I^row J2 ^seed_baseline_epd
CODE V> BUF PUT B1 I^row J1 "seed_baseline.maximh_mm"
CODE V> BUF PUT B1 I^row J2 ^seed_baseline_maximh
CODE V> BUF PUT B1 I^row J1 "config_pre_aut.efl_y_mm"
CODE V> BUF PUT B1 I^row J2 ^config_pre_aut_efl_y_mm
CODE V> BUF PUT B1 I^row J1 "config_pre_aut.max_lateral_color_um"
CODE V> BUF PUT B1 I^row J2 ^config_pre_aut_max_lateral_color_um
CODE V> BUF PUT B1 I^row J1 "config_pre_aut.max_rms_spot_diameter_um"
CODE V> BUF PUT B1 I^row J2 ^config_pre_aut_max_rms_spot_diameter_um
CODE V> BUF PUT B1 I^row J1 "config_pre_aut.max_rms_wavefront_error_waves"
CODE V> BUF PUT B1 I^row J2 ^config_pre_aut_max_rms_wavefront_error_waves
CODE V> BUF PUT B1 I^row J1 "config_pre_aut.max_distortion_pct"
CODE V> BUF PUT B1 I^row J2 ^config_pre_aut_max_distortion_pct
CODE V> BUF PUT B1 I^row J1 "config_pre_aut.fno"
CODE V> BUF PUT B1 I^row J2 ^config_pre_aut_fno
CODE V> BUF PUT B1 I^row J1 "config_pre_aut.epd_mm"
CODE V> BUF PUT B1 I^row J2 ^config_pre_aut_epd
CODE V> BUF PUT B1 I^row J1 "config_pre_aut.maximh_mm"
CODE V> BUF PUT B1 I^row J2 ^config_pre_aut_maximh
CODE V> BUF PUT B1 I^row J1 "post_aut.efl_y_mm"
CODE V> BUF PUT B1 I^row J2 ^post_aut_efl_y_mm
CODE V> BUF PUT B1 I^row J1 "post_aut.max_lateral_color_um"
CODE V> BUF PUT B1 I^row J2 ^post_aut_max_lateral_color_um
CODE V> BUF PUT B1 I^row J1 "post_aut.max_rms_spot_diameter_um"
CODE V> BUF PUT B1 I^row J2 ^post_aut_max_rms_spot_diameter_um
CODE V> BUF PUT B1 I^row J1 "post_aut.max_rms_wavefront_error_waves"
CODE V> BUF PUT B1 I^row J2 ^post_aut_max_rms_wavefront_error_waves
CODE V> BUF PUT B1 I^row J1 "post_aut.max_distortion_pct"
CODE V> BUF PUT B1 I^row J2 ^post_aut_max_distortion_pct
CODE V> BUF PUT B1 I^row J1 "post_aut.fno"
CODE V> BUF PUT B1 I^row J2 ^post_aut_fno
CODE V> BUF PUT B1 I^row J1 "post_aut.epd_mm"
CODE V> BUF PUT B1 I^row J2 ^post_aut_epd
CODE V> BUF PUT B1 I^row J1 "post_aut.maximh_mm"
CODE V> BUF PUT B1 I^row J2 ^post_aut_maximh
CODE V> BUF PUT B1 I^row J1 "efl_target_deviation_pct"
CODE V> BUF PUT B1 I^row J2 ^efl_target_dev_pct
CODE V> BUF PUT B1 I^row J1 "aut_converged"
CODE V> BUF PUT B1 I^row J2 ^aut_converged
CODE V> BUF EXP B1 "D:\atelier-wt-c\.planning\loop\p15-stageb-evidence\fno-matrix-2026-07-11\US-11940597-B2-e6_loosen\rung1_fno0371\ray_retry\atelier_codev_target_A_vig0300.tsv"
     Buffer B1 exported to file atelier_codev_target_A_vig0300.tsv
CODE V> BUF DEL B1
CODE V> OUT YES
CODE V> EXI YES
     EXI                                                                              11-Jul-26  14H  3M 24S
                                                 CODE V PC  Version: 11.5             CPU clock:  0H  0M  2S
