  
  
                                   Welcome to
  
                                   C O D E   V
  
                                PC  Version 11.5
                                   Build 27302701
  
                                   11-Jul-2026
  
                            A proprietary product of
  
                              SYNOPSYS, INC
                              Pasadena, California
  
CODE V> OUT NO
     Radius input/output mode
  
    Lens data created by Zemax version 191028
  
    Zemax command MODE ignored
     WARNING - Vignetting angles not used.
     ERROR - No wavelength  2 in zoom position  1
  
     Surface pointer = OBJ
    Zemax surface type  STANDARD
    CODE V surface type SPH
    Zemax command FIMP ignored.
     WARNING - Hiding of rays not used.
    Zemax command MIRR ignored.
    Zemax command SLAB ignored.
    Zemax command MEMA ignored.
    Zemax command POPS ignored.
  
     Surface pointer = 1
    Zemax surface type  EVENASPH
    CODE V surface type ASP
    Zemax command FIMP ignored.
     WARNING - Hiding of rays not used.
    Zemax command MIRR ignored.
    Zemax command SLAB ignored.
     WARNING - Partial dispersion of model glass not used.
    Zemax command MEMA ignored.
    Zemax command POPS ignored.
  
     Surface pointer = 2
    Zemax surface type  EVENASPH
    CODE V surface type ASP
    Zemax command FIMP ignored.
     WARNING - Hiding of rays not used.
    Zemax command MIRR ignored.
    Zemax command SLAB ignored.
    Zemax command MEMA ignored.
    Zemax command POPS ignored.
  
     Surface pointer = 3
    Zemax surface type  EVENASPH
    CODE V surface type ASP
    Zemax command FIMP ignored.
     WARNING - Hiding of rays not used.
    Zemax command MIRR ignored.
    Zemax command SLAB ignored.
     WARNING - Partial dispersion of model glass not used.
    Zemax command MEMA ignored.
    Zemax command POPS ignored.
  
     Surface pointer = 4
    Zemax surface type  EVENASPH
    CODE V surface type ASP
    Zemax command FIMP ignored.
     WARNING - Hiding of rays not used.
    Zemax command MIRR ignored.
    Zemax command SLAB ignored.
    Zemax command MEMA ignored.
    Zemax command POPS ignored.
  
     Surface pointer = 5
    Zemax surface type  STANDARD
    CODE V surface type SPH
    Zemax command FIMP ignored.
     WARNING - Hiding of rays not used.
    Zemax command MIRR ignored.
    Zemax command SLAB ignored.
    Zemax command MEMA ignored.
    Zemax command POPS ignored.
  
     Surface pointer = 6
    Zemax surface type  EVENASPH
    CODE V surface type ASP
    Zemax command FIMP ignored.
     WARNING - Hiding of rays not used.
    Zemax command MIRR ignored.
    Zemax command SLAB ignored.
     WARNING - Partial dispersion of model glass not used.
    Zemax command MEMA ignored.
    Zemax command POPS ignored.
  
     Surface pointer = 7
    Zemax surface type  EVENASPH
    CODE V surface type ASP
    Zemax command FIMP ignored.
     WARNING - Hiding of rays not used.
    Zemax command MIRR ignored.
    Zemax command SLAB ignored.
    Zemax command MEMA ignored.
    Zemax command POPS ignored.
  
     Surface pointer = 8
    Zemax surface type  EVENASPH
    CODE V surface type ASP
    Zemax command FIMP ignored.
     WARNING - Hiding of rays not used.
    Zemax command MIRR ignored.
    Zemax command SLAB ignored.
     WARNING - Partial dispersion of model glass not used.
    Zemax command MEMA ignored.
    Zemax command POPS ignored.
  
     Surface pointer = 9
    Zemax surface type  EVENASPH
    CODE V surface type ASP
    Zemax command FIMP ignored.
     WARNING - Hiding of rays not used.
    Zemax command MIRR ignored.
    Zemax command SLAB ignored.
    Zemax command MEMA ignored.
    Zemax command POPS ignored.
  
     Surface pointer = 10
    Zemax surface type  STANDARD
    CODE V surface type SPH
    Zemax command FIMP ignored.
     WARNING - Hiding of rays not used.
    Zemax command MIRR ignored.
    Zemax command SLAB ignored.
     WARNING - Partial dispersion of model glass not used.
    Zemax command MEMA ignored.
    Zemax command POPS ignored.
  
     Surface pointer = 11
    Zemax surface type  STANDARD
    CODE V surface type SPH
    Zemax command FIMP ignored.
     WARNING - Hiding of rays not used.
    Zemax command MIRR ignored.
    Zemax command SLAB ignored.
    Zemax command MEMA ignored.
    Zemax command POPS ignored.
  
     Surface pointer = IMG
    Zemax surface type  STANDARD
    CODE V surface type SPH
    Zemax command FIMP ignored.
     WARNING - Hiding of rays not used.
    Zemax command MIRR ignored.
    Zemax command SLAB ignored.
    Zemax command MEMA ignored.
    Zemax command POPS ignored.
    Zemax command ! AT ignored.
    Zemax command ! AT ignored.
    Zemax command ! AT ignored.
    Zemax command ! AT ignored.
  
     WARNING - Please check the converted lens carefully.
               Some information will not be converted.
               Changes in either CODE V or ZEMAX may invalidate
               the converted information.
               Due to differences between CODE V and ZEMAX ray
               aiming and vignetting factors, it is recommended
               that you set vignetting for the converted system.
  
               A concise listing of conversion warnings appears
               in the Tabbed Output Window 'Info' tab and in the
               Command Window.
  
CODE V> DEF VAR SA
 
 
CODE V> FNO 3.70793177804075
CODE V> VUY 0 0.4
CODE V> VLY 0 0.4
CODE V> VUX 0 0.4
CODE V> VLX 0 0.4
 
 
CODE V> AUT
     AUT                                                                              11-Jul-26  14H  3M 26S
                                                 CODE V PC  Version: 11.5             CPU clock:  0H  0M  0S
     WARNING - CODE V places the reference sphere at the exit pupil.  However,
               the aberrations of this lens make the OPD data (and any quantity
               that depends upon OPD data) very sensitive to the exact value of
               the reference sphere radius.  You can use the RSL command to
               reposition the reference sphere if that is appropriate for
               your application.
     ***Defocussing frozen to eliminate redundant variable
AUT>   SUR N
AUT>   CHG SA
AUT>   WFR Y
AUT>   WTF FA 10
AUT>   EFL = 19.6731294141371
AUT>   @atelier_latcolor == @lcum(1)
AUT>   @atelier_latcolor = 0
AUT>   WTC 0.01
AUT>   @atelier_rmsspot == @rmssum(1)
AUT>   @atelier_rmsspot = 0
AUT>   WTC 0.001
AUT>   MNT 0.025
AUT>   MNE 0.025
AUT>   MXT 10
AUT>   MNA 0.001
AUT>   MXC 25
AUT>   MNC 3
AUT>   IMP 0.001
AUT> GO
 -------------------------------------------------------------------------------
  
       USER CONSTRAINT DEFINITIONS
            @atelier_rmsspot == @rmssum(1)
  
            @atelier_latcolor == @lcum(1)
  
  
  
       POTENTIALLY ACTIVE SPECIFIC CONSTRAINTS
         EFL                                  =      19.673129
         @ATELIER_LATCOLOR                    =       0.000000     (WTC =    0.01000)
         @ATELIER_RMSSPOT                     =       0.000000     (WTC =    0.00100)
  
       GENERAL CONSTRAINTS
         MXT      10.000000
         MNT       0.025000
         MNE       0.025000
         MNA       0.001000
         MAE       0.002500
         GLA               NFK5  NSK16  NLAF2  SF4
  
       ERROR FUNCTION CONSTRUCTION
         WFR        Y
         WTW       1
         WTA       0.000000
         DEL       0.220000
         WTX F1   10.000000
         WTX F2   10.000000
         WTY F1   10.000000
         WTY F2   10.000000
  
       CONVERGENCE CONTROLS
         MXC        25
         MNC         3
         TAR       0.000000
         IMP       0.001000
  
       OUTPUT CONTROLS
         SUR NO
         CHG S0..12
  
     Recommendations for most stable convergence:
  
       Use object space aperture specifications:
       - NAO for finite conjugate systems
       - EPD for infinite conjugate systems
  
       VARIABLE LIST
  
         NO      PARAMETERS *
          1      CUY S1       CUY S2
          2      CUY S2       CUY S3
          3      CUY S3       CUY S4
          4      CUY S4
          5      CUY S6       CUY S7
          6      CUY S7
          7      CUY S8       CUY S9
          8      CUY S9
          9      A   S1
         10      A   S2
         11      A   S3
         12      A   S4
         13      A   S6
         14      A   S7
         15      A   S8
         16      A   S9
         17      THI S2
         18      THI S4
         19      THI S5
         20      THI S7
         21      THI S9
         22      THI S11
  
     * Multiple entries on a line are composite variables.
     Composite variables are either program-generated bendings
     or user-requested couplings.
  
      22 VARIABLES
  
      22 CONSTRAINTS CAN BE ACTIVE
  
     RELATIVE TIME PER CYCLE IS   58.4 UNITS
     WARNING - The macro function SPOTDATA is not supported on multiple threads.
               CODE V will set the multiple processor setting (MPP) to 1 to prevent errors.
               Please refer to the CODE V Setup and Operation Reference Manual for a complete list
               of pre-defined macro functions that are currently limited to running on a single thread.
  
 CYCLE NUMBER 0:
  
  ABERR F. =       28.23811460
  CONST F. =      0.181458E+07
  ERR. F.  =      0.181461E+07
  
  OPD    37.60720114    11.04184206
  WAV    39.05478729    11.31654551
  
  
  
  Parameter                 Value            Change
  CUY S1                1.11756817E-01      0.00E+00
  CUY S2               -7.53068755E-02      0.00E+00
  CUY S3               -5.15198351E-02      0.00E+00
  CUY S4                6.86059276E-02      0.00E+00
  CUY S6                1.06734977E-01      0.00E+00
  CUY S7                1.25134520E-02      0.00E+00
  CUY S8               -2.57440016E-02      0.00E+00
  CUY S9                1.05652404E-01      0.00E+00
  A   S1               -7.30400000E-04      0.00E+00
  A   S2               -1.16320000E-03      0.00E+00
  A   S3               -1.60550000E-02      0.00E+00
  A   S4               -1.55430000E-02      0.00E+00
  A   S6                0.00000000E+00      0.00E+00
  A   S7                0.00000000E+00      0.00E+00
  A   S8                0.00000000E+00      0.00E+00
  A   S9                0.00000000E+00      0.00E+00
  THI S2                5.00000000E-02      0.00E+00
  THI S4                2.20000000E-01      0.00E+00
  THI S5                6.09600000E+00      0.00E+00
  THI S7                3.83000000E+00      0.00E+00
  THI S9                4.00000000E+00      0.00E+00
  THI S11               6.76000000E-01      0.00E+00
  
        EFL          REDU         PIM          OAL         EN PUP       EX PUP
     19.682882     0.000000     0.690427    20.780000     3.129062   -10.505106
  
  Specific Constraints:        target        value         diff      active (**)
  EFL                    =   1.96731E+01   1.96829E+01   9.753E-03    **
  
  Weighted Constraints:        target        value        WTC/PTC     contrib
  @ATELIER_LATCOLOR      =   0.00000E+00   0.00000E+00   1.000E-02   0.000E+00
  @ATELIER_RMSSPOT       =   0.00000E+00   1.34706E+03   1.000E-03   1.815E+06
  
  Constraints added:      EFL (=)
  Constraints added:      Mn CT S2 (>)
  
 CYCLE NUMBER 1:
  
  ABERR F. =        9.61825089
  CONST F. =      0.752888E+06
  ERR. F.  =      0.752897E+06       (change =     -0.106171E+07)
  
  OPD     2.95581720    13.07584865
  WAV     3.34183149    13.38508461
  
  
  
  Parameter                 Value            Change
  CUY S1                1.11224258E-01     -5.33E-04
  CUY S2               -7.29882233E-02      2.32E-03
  CUY S3               -4.92672181E-02      2.25E-03
  CUY S4                6.76929344E-02     -9.13E-04
  CUY S6                1.08222082E-01      1.49E-03
  CUY S7                1.35354920E-02      1.02E-03
  CUY S8               -9.33665547E-03      1.64E-02
  CUY S9                1.20867860E-01      1.52E-02
  A   S1               -5.11649794E-04      2.19E-04
  A   S2               -1.43176318E-03     -2.69E-04
  A   S3               -1.58517579E-02      2.03E-04
  A   S4               -1.57322611E-02     -1.89E-04
  A   S6                2.85137572E-04      2.85E-04
  A   S7               -4.08951524E-04     -4.09E-04
  A   S8                1.50022579E-03      1.50E-03
  A   S9               -1.23890304E-03     -1.24E-03
  THI S2                1.00000000E-03     -4.90E-02
  THI S4                1.25562329E+00      1.04E+00
  THI S5                1.19647829E+01      5.87E+00
  THI S7                3.86575113E+00      3.58E-02
  THI S9                4.57234922E+00      5.72E-01
  THI S11               1.24834922E+00      5.72E-01
  
        EFL          REDU         PIM          OAL         EN PUP       EX PUP
     19.812804     0.000000    -2.586977    28.243507     4.559716   -13.907050
  
  Active Constraints -   2:    target        value         diff        cost
  EFL                    =   1.96731E+01   1.98128E+01   1.397E-01   9.095E-03
  Mn CT S2                                                          -2.655E-05
  
  Weighted Constraints:        target        value        WTC/PTC     contrib
  @ATELIER_LATCOLOR      =   0.00000E+00   0.00000E+00   1.000E-02   0.000E+00
  @ATELIER_RMSSPOT       =   0.00000E+00   8.67691E+02   1.000E-03   7.529E+05
  
 CYCLE NUMBER 2:
  
  ABERR F. =        4.76198993
  CONST F. =      0.176448E+06
  ERR. F.  =      0.176453E+06       (change =     -0.576444E+06)
  
  OPD     4.19711049     4.97175579
  WAV     4.60540381     5.21175171
  
  
  
  Parameter                 Value            Change
  CUY S1                1.27102583E-01      1.59E-02
  CUY S2                3.33612859E-02      1.06E-01
  CUY S3                6.75470791E-02      1.17E-01
  CUY S4                9.73146858E-02      2.96E-02
  CUY S6                4.77651018E-02     -6.05E-02
  CUY S7               -1.77761091E-02     -3.13E-02
  CUY S8               -1.42094560E-01     -1.33E-01
  CUY S9               -1.48299179E-01     -2.69E-01
  A   S1               -6.72814921E-04     -1.61E-04
  A   S2               -1.26304567E-03      1.69E-04
  A   S3               -1.59484532E-02     -9.67E-05
  A   S4               -1.56479265E-02      8.43E-05
  A   S6                1.74266915E-04     -1.11E-04
  A   S7               -2.75843671E-04      1.33E-04
  A   S8                7.87247914E-04     -7.13E-04
  A   S9                8.25635729E-05      1.32E-03
  THI S2                1.00000000E-03     -2.46E-16
  THI S4                2.67927362E+00      1.42E+00
  THI S5                1.10068020E+01     -9.58E-01
  THI S7                3.30313059E+00     -5.63E-01
  THI S9                4.29375008E+00     -2.79E-01
  THI S11               9.69750082E-01     -2.79E-01
  
        EFL          REDU         PIM          OAL         EN PUP       EX PUP
     19.994846     0.000000    -4.118464    27.867956     7.431509   -42.833212
  
  Active Constraints -   2:    target        value         diff        cost
  EFL                    =   1.96731E+01   1.99948E+01   3.217E-01   8.297E-03
  Mn CT S2                                                          -3.046E-05
  
  Weighted Constraints:        target        value        WTC/PTC     contrib
  @ATELIER_LATCOLOR      =   0.00000E+00   0.00000E+00   1.000E-02   0.000E+00
  @ATELIER_RMSSPOT       =   0.00000E+00   4.20057E+02   1.000E-03   1.764E+05
  
 CYCLE NUMBER 3:
  
  ABERR F. =        4.54536714
  CONST F. =      0.261909E+06
  ERR. F.  =      0.261914E+06       (change =      0.854609E+05)
  
  OPD     4.16588081     4.67451521
  WAV     4.40487352     4.90233450
  
  
  
  Parameter                 Value            Change
  CUY S1                1.25980434E-01     -1.12E-03
  CUY S2                3.24336466E-02     -9.28E-04
  CUY S3                4.85811833E-02     -1.90E-02
  CUY S4                7.78024403E-02     -1.95E-02
  CUY S6                4.86797199E-02      9.15E-04
  CUY S7               -2.01142838E-02     -2.34E-03
  CUY S8               -1.41128623E-01      9.66E-04
  CUY S9               -1.47357132E-01      9.42E-04
  A   S1               -6.72723247E-04      9.17E-08
  A   S2               -1.26337858E-03     -3.33E-07
  A   S3               -1.59483549E-02      9.83E-08
  A   S4               -1.56481889E-02     -2.62E-07
  A   S6                1.74349269E-04      8.24E-08
  A   S7               -2.75941705E-04     -9.80E-08
  A   S8                7.87421208E-04      1.73E-07
  A   S9                8.21453063E-05     -4.18E-07
  THI S2                1.00000000E-03     -1.65E-17
  THI S4                2.64501341E+00     -3.43E-02
  THI S5                1.10063996E+01     -4.02E-04
  THI S7                3.30308865E+00     -4.19E-05
  THI S9                4.29381054E+00      6.05E-05
  THI S11               9.69810539E-01      6.05E-05
  
        EFL          REDU         PIM          OAL         EN PUP       EX PUP
     19.684016     0.000000    -3.578946    27.833312     7.210763   -45.126226
  
  Active Constraints -   2:    target        value         diff        cost
  EFL                    =   1.96731E+01   1.96840E+01   1.089E-02  -1.035E+03
  Mn CT S2                                                          -2.505E+00
  
  Weighted Constraints:        target        value        WTC/PTC     contrib
  @ATELIER_LATCOLOR      =   0.00000E+00   0.00000E+00   1.000E-02   0.000E+00
  @ATELIER_RMSSPOT       =   0.00000E+00   5.11771E+02   1.000E-03   2.619E+05
  
  Constraints released:   Mn CT S2 (>)
  
 CYCLE NUMBER 4:
  
  ABERR F. =        5.11154727
  CONST F. =      0.154792E+06
  ERR. F.  =      0.154797E+06       (change =     -0.107117E+06)
  
  OPD     3.74489343     5.99250729
  WAV     4.05740122     6.17371742
  
  
  
  Parameter                 Value            Change
  CUY S1                1.27244358E-01      1.26E-03
  CUY S2                3.32232585E-02      7.90E-04
  CUY S3                8.96835728E-02      4.11E-02
  CUY S4                1.19600686E-01      4.18E-02
  CUY S6                4.79072204E-02     -7.72E-04
  CUY S7               -2.01788042E-02     -6.45E-05
  CUY S8               -1.20495542E-01      2.06E-02
  CUY S9               -1.22345324E-01      2.50E-02
  A   S1               -5.83958634E-04      8.88E-05
  A   S2               -1.25582650E-03      7.55E-06
  A   S3               -1.57625911E-02      1.86E-04
  A   S4               -1.56422336E-02      5.96E-06
  A   S6                9.85859546E-05     -7.58E-05
  A   S7               -1.94576579E-04      8.14E-05
  A   S8                6.74124347E-04     -1.13E-04
  A   S9                1.89690231E-04      1.08E-04
  THI S2                1.01950443E-02      9.20E-03
  THI S4                2.66555255E+00      2.05E-02
  THI S5                1.08518569E+01     -1.55E-01
  THI S7                3.04933880E+00     -2.54E-01
  THI S9                4.10592136E+00     -1.88E-01
  THI S11               7.81921361E-01     -1.88E-01
  
        EFL          REDU         PIM          OAL         EN PUP       EX PUP
     19.619258     0.000000    -4.375293    27.266865     7.603605   -37.212354
  
  Active Constraints -   1:    target        value         diff        cost
  EFL                    =   1.96731E+01   1.96193E+01  -5.387E-02   3.144E-03
  
  Weighted Constraints:        target        value        WTC/PTC     contrib
  @ATELIER_LATCOLOR      =   0.00000E+00   0.00000E+00   1.000E-02   0.000E+00
  @ATELIER_RMSSPOT       =   0.00000E+00   3.93436E+02   1.000E-03   1.548E+05
  
 CYCLE NUMBER 5:
  
  ABERR F. =        2.29353488
  CONST F. =      0.146535E+06
  ERR. F.  =      0.146537E+06       (change =     -0.826023E+04)
  
  OPD     1.76423357     2.50041960
  WAV     2.20004825     2.61464690
  
  
  
  Parameter                 Value            Change
  CUY S1                1.26676455E-01     -5.68E-04
  CUY S2                8.61996112E-02      5.30E-02
  CUY S3                1.78002452E-01      8.83E-02
  CUY S4                1.74458479E-01      5.49E-02
  CUY S6                7.17284502E-02      2.38E-02
  CUY S7               -1.11131445E-02      9.07E-03
  CUY S8               -1.35089296E-01     -1.46E-02
  CUY S9               -1.20660447E-01      1.68E-03
  A   S1               -9.05532043E-04     -3.22E-04
  A   S2               -1.79036237E-03     -5.35E-04
  A   S3               -1.51790217E-02      5.84E-04
  A   S4               -1.61268650E-02     -4.85E-04
  A   S6               -1.63914824E-05     -1.15E-04
  A   S7               -5.83566137E-05      1.36E-04
  A   S8                3.42188369E-04     -3.32E-04
  A   S9               -1.27470126E-03     -1.46E-03
  THI S2                5.88808521E-03     -4.31E-03
  THI S4                2.65584117E+00     -9.71E-03
  THI S5                1.13413143E+01      4.89E-01
  THI S7                1.98624939E+00     -1.06E+00
  THI S9                3.58864774E+00     -5.17E-01
  THI S11               2.64647741E-01     -5.17E-01
  
        EFL          REDU         PIM          OAL         EN PUP       EX PUP
     19.726514     0.000000    -3.063030    26.161941     7.822424   -34.206198
  
  Active Constraints -   1:    target        value         diff        cost
  EFL                    =   1.96731E+01   1.97265E+01   5.338E-02   2.695E-04
  
  Weighted Constraints:        target        value        WTC/PTC     contrib
  @ATELIER_LATCOLOR      =   0.00000E+00   0.00000E+00   1.000E-02   0.000E+00
  @ATELIER_RMSSPOT       =   0.00000E+00   3.82799E+02   1.000E-03   1.465E+05
 RAY ERROR: REFL  9
     Derivative scaled for variable   3
  
 CYCLE NUMBER 6:
  
  ABERR F. =        2.23878782
  CONST F. =      0.132718E+06
  ERR. F.  =      0.132720E+06       (change =     -0.138173E+05)
  
  OPD     1.70440339     2.44565195
  WAV     2.14074507     2.56509060
  
  
  
  Parameter                 Value            Change
  CUY S1                1.36911330E-01      1.02E-02
  CUY S2                9.37632435E-02      7.56E-03
  CUY S3                1.74755424E-01     -3.25E-03
  CUY S4                1.83386999E-01      8.93E-03
  CUY S6                7.10264417E-02     -7.02E-04
  CUY S7               -1.04440362E-02      6.69E-04
  CUY S8               -1.32148888E-01      2.94E-03
  CUY S9               -1.29119136E-01     -8.46E-03
  A   S1               -6.56949013E-04      2.49E-04
  A   S2               -1.76039479E-03      3.00E-05
  A   S3               -1.52107279E-02     -3.17E-05
  A   S4               -1.60791464E-02      4.77E-05
  A   S6                1.64981364E-05      3.29E-05
  A   S7               -1.01400716E-04     -4.30E-05
  A   S8               -1.55984524E-04     -4.98E-04
  A   S9               -1.25252879E-03      2.22E-05
  THI S2                6.48278317E-03      5.95E-04
  THI S4                2.65722300E+00      1.38E-03
  THI S5                1.11996049E+01     -1.42E-01
  THI S7                2.44519584E+00      4.59E-01
  THI S9                3.83856760E+00      2.50E-01
  THI S11               5.14567596E-01      2.50E-01
  
        EFL          REDU         PIM          OAL         EN PUP       EX PUP
     20.056176     0.000000    -2.584987    26.731074     7.898580   -42.216592
  
  Active Constraints -   1:    target        value         diff        cost
  EFL                    =   1.96731E+01   2.00562E+01   3.830E-01   1.384E-04
  
  Weighted Constraints:        target        value        WTC/PTC     contrib
  @ATELIER_LATCOLOR      =   0.00000E+00   0.00000E+00   1.000E-02   0.000E+00
  @ATELIER_RMSSPOT       =   0.00000E+00   3.64304E+02   1.000E-03   1.327E+05
  
  Constraints added:      Mn CT S2 (>)
  
 CYCLE NUMBER 7:
  
  ABERR F. =        4.55681210
  CONST F. =    78197.21889996
  ERR. F.  =    78201.77571206       (change =   -54518.09273001)
  
  OPD     3.90842937     5.01269192
  WAV     4.04429581     5.12824699
  
  
  
  Parameter                 Value            Change
  CUY S1                1.34642960E-01     -2.27E-03
  CUY S2                8.94998089E-02     -4.26E-03
  CUY S3                1.63552903E-01     -1.12E-02
  CUY S4                1.74669762E-01     -8.72E-03
  CUY S6                1.01209071E-01      3.02E-02
  CUY S7                2.41992879E-02      3.46E-02
  CUY S8               -1.10589762E-01      2.16E-02
  CUY S9               -1.04802779E-01      2.43E-02
  A   S1               -6.82472356E-04     -2.55E-05
  A   S2               -1.72291295E-03      3.75E-05
  A   S3               -1.52445910E-02     -3.39E-05
  A   S4               -1.60401218E-02      3.90E-05
  A   S6               -4.26310705E-05     -5.91E-05
  A   S7               -3.40122883E-05      6.74E-05
  A   S8               -2.92196449E-04     -1.36E-04
  A   S9               -1.16779092E-03      8.47E-05
  THI S2                1.00000000E-03     -5.48E-03
  THI S4                2.35040564E+00     -3.07E-01
  THI S5                1.12936380E+01      9.40E-02
  THI S7                2.30528225E+00     -1.40E-01
  THI S9                3.74573350E+00     -9.28E-02
  THI S11               4.21733503E-01     -9.28E-02
  
        EFL          REDU         PIM          OAL         EN PUP       EX PUP
     19.670550     0.000000    -1.818384    26.280059     7.128287   -34.729515
  
  Active Constraints -   2:    target        value         diff        cost
  EFL                    =   1.96731E+01   1.96705E+01  -2.579E-03   1.468E-03
  Mn CT S2                                                          -2.061E-05
  
  Weighted Constraints:        target        value        WTC/PTC     contrib
  @ATELIER_LATCOLOR      =   0.00000E+00   0.00000E+00   1.000E-02   0.000E+00
  @ATELIER_RMSSPOT       =   0.00000E+00   2.79638E+02   1.000E-03   7.820E+04
  
  Constraints released:   Mn CT S2 (>)
  Constraints released:   Mn CT S2 (>)
  
 CYCLE NUMBER 8:
  
  ABERR F. =        3.38781950
  CONST F. =    24799.08959227
  ERR. F.  =    24802.47741177       (change =   -53399.29830029)
  
  OPD     3.04572801     3.61551952
  WAV     3.15941117     3.68496462
  
  
  
  Parameter                 Value            Change
  CUY S1                1.22258250E-01     -1.24E-02
  CUY S2                6.98580651E-02     -1.96E-02
  CUY S3                1.82978857E-01      1.94E-02
  CUY S4                2.03869462E-01      2.92E-02
  CUY S6                9.28529286E-02     -8.36E-03
  CUY S7               -1.19770451E-02     -3.62E-02
  CUY S8               -2.83556277E-02      8.22E-02
  CUY S9               -7.30124270E-03      9.75E-02
  A   S1               -7.85812923E-04     -1.03E-04
  A   S2               -1.60013462E-03      1.23E-04
  A   S3               -1.53489309E-02     -1.04E-04
  A   S4               -1.59325503E-02      1.08E-04
  A   S6               -1.68334376E-04     -1.26E-04
  A   S7                5.40128873E-05      8.80E-05
  A   S8                5.01691693E-04      7.94E-04
  A   S9               -1.31008722E-03     -1.42E-04
  THI S2                5.51520050E-01      5.51E-01
  THI S4                2.97653293E+00      6.26E-01
  THI S5                1.22997572E+01      1.01E+00
  THI S7                4.01630382E+00      1.71E+00
  THI S9                3.35651793E+00     -3.89E-01
  THI S11               3.25179346E-02     -3.89E-01
  
        EFL          REDU         PIM          OAL         EN PUP       EX PUP
     19.312859     0.000000    -4.510376    29.784632     9.424486   -46.542187
  
  Active Constraints -   1:    target        value         diff        cost
  EFL                    =   1.96731E+01   1.93129E+01  -3.603E-01   2.376E-04
  
  Weighted Constraints:        target        value        WTC/PTC     contrib
  @ATELIER_LATCOLOR      =   0.00000E+00   0.00000E+00   1.000E-02   0.000E+00
  @ATELIER_RMSSPOT       =   0.00000E+00   1.57477E+02   1.000E-03   2.480E+04
 RAY ERROR: MISS  8
     Derivative scaled for variable   7
  
  Constraints added:      Mn CT S2 (>)
  Constraints released:   Mn CT S2 (>)
  
 CYCLE NUMBER 9:
  
  ABERR F. =        3.45847633
  CONST F. =    42476.58798485
  ERR. F.  =    42480.04646118       (change =    17677.56904941)
  
  OPD     3.26139341     3.55889913
  WAV     3.37507601     3.62638194
  
  
  
  Parameter                 Value            Change
  CUY S1                1.24059588E-01      1.80E-03
  CUY S2                7.16942620E-02      1.84E-03
  CUY S3                1.82996073E-01      1.72E-05
  CUY S4                2.03840819E-01     -2.86E-05
  CUY S6                8.80541523E-02     -4.80E-03
  CUY S7               -1.67585762E-02     -4.78E-03
  CUY S8               -2.90483095E-02     -6.93E-04
  CUY S9               -8.12650415E-03     -8.25E-04
  A   S1               -7.85555659E-04      2.57E-07
  A   S2               -1.60066921E-03     -5.35E-07
  A   S3               -1.53482343E-02      6.97E-07
  A   S4               -1.59348020E-02     -2.25E-06
  A   S6               -1.67551832E-04      7.83E-07
  A   S7                5.35838393E-05     -4.29E-07
  A   S8                5.01104225E-04     -5.87E-07
  A   S9               -1.30955026E-03      5.37E-07
  THI S2                5.68206558E-01      1.67E-02
  THI S4                3.15318599E+00      1.77E-01
  THI S5                1.24065384E+01      1.07E-01
  THI S7                4.01588318E+00     -4.21E-04
  THI S9                3.35709934E+00      5.81E-04
  THI S11               3.30993416E-02      5.81E-04
  
        EFL          REDU         PIM          OAL         EN PUP       EX PUP
     19.673131     0.000000    -4.695258    30.084914     9.901965   -48.153995
  
  Active Constraints -   1:    target        value         diff        cost
  EFL                    =   1.96731E+01   1.96731E+01   1.779E-06   4.547E+00
  
  Weighted Constraints:        target        value        WTC/PTC     contrib
  @ATELIER_LATCOLOR      =   0.00000E+00   0.00000E+00   1.000E-02   0.000E+00
  @ATELIER_RMSSPOT       =   0.00000E+00   2.06098E+02   1.000E-03   4.248E+04
  
 CYCLE NUMBER 10:
  
  ABERR F. =        4.29697275
  CONST F. =    48413.56018940
  ERR. F.  =    48417.85716215       (change =     5937.81070097)
  
  OPD     2.34278512     5.52388512
  WAV     2.54022705     5.60367707
  
  
  
  Parameter                 Value            Change
  CUY S1                1.23677244E-01     -3.82E-04
  CUY S2                7.08722850E-02     -8.22E-04
  CUY S3                1.80640357E-01     -2.36E-03
  CUY S4                2.02081194E-01     -1.76E-03
  CUY S6                7.59138030E-02     -1.21E-02
  CUY S7               -2.71815125E-02     -1.04E-02
  CUY S8               -2.19960236E-02      7.05E-03
  CUY S9                4.33782564E-04      8.56E-03
  A   S1               -7.95531480E-04     -9.98E-06
  A   S2               -1.58913873E-03      1.15E-05
  A   S3               -1.53582925E-02     -1.01E-05
  A   S4               -1.59238224E-02      1.10E-05
  A   S6               -1.78768071E-04     -1.12E-05
  A   S7                6.80327591E-05      1.44E-05
  A   S8                4.51537141E-04     -4.96E-05
  A   S9               -1.26328998E-03      4.63E-05
  THI S2                4.89417339E-01     -7.88E-02
  THI S4                3.03769306E+00     -1.15E-01
  THI S5                1.23098107E+01     -9.67E-02
  THI S7                4.01854133E+00      2.66E-03
  THI S9                3.35411498E+00     -2.98E-03
  THI S11               3.01149828E-02     -2.98E-03
  
        EFL          REDU         PIM          OAL         EN PUP       EX PUP
     19.660172     0.000000    -4.335503    29.793577     9.454341   -43.921035
  
  Active Constraints -   1:    target        value         diff        cost
  EFL                    =   1.96731E+01   1.96602E+01  -1.296E-02  -2.538E-01
  
  Weighted Constraints:        target        value        WTC/PTC     contrib
  @ATELIER_LATCOLOR      =   0.00000E+00   0.00000E+00   1.000E-02   0.000E+00
  @ATELIER_RMSSPOT       =   0.00000E+00   2.20031E+02   1.000E-03   4.841E+04
  
  Constraints added:      Mn ET S11 (>)
  Constraints released:   Mn ET S11 (>)
  
 CYCLE NUMBER 11:
  
  ABERR F. =        5.21654614
  CONST F. =    59732.58467382
  ERR. F.  =    59737.80121996       (change =    11319.94405782)
  
  OPD     2.81807444     6.71931641
  WAV     3.06385071     6.80966055
  
  
  
  Parameter                 Value            Change
  CUY S1                1.23311806E-01     -3.65E-04
  CUY S2                7.01684172E-02     -7.04E-04
  CUY S3                1.76830094E-01     -3.81E-03
  CUY S4                1.98716502E-01     -3.36E-03
  CUY S6                7.77963517E-02      1.88E-03
  CUY S7               -2.73169869E-02     -1.35E-04
  CUY S8               -1.96196020E-02      2.38E-03
  CUY S9                4.98697427E-03      4.55E-03
  A   S1               -8.16299623E-04     -2.08E-05
  A   S2               -1.57702595E-03      1.21E-05
  A   S3               -1.53669211E-02     -8.63E-06
  A   S4               -1.59159880E-02      7.83E-06
  A   S6               -1.84932137E-04     -6.16E-06
  A   S7                7.47438348E-05      6.71E-06
  A   S8                4.10898253E-04     -4.06E-05
  A   S9               -1.23475267E-03      2.85E-05
  THI S2                5.31814854E-01      4.24E-02
  THI S4                3.12589622E+00      8.82E-02
  THI S5                1.24004453E+01      9.06E-02
  THI S7                3.95196867E+00     -6.66E-02
  THI S9                3.33823469E+00     -1.59E-02
  THI S11               1.42346921E-02     -1.59E-02
  
        EFL          REDU         PIM          OAL         EN PUP       EX PUP
     19.673237     0.000000    -4.188564    29.932360     9.682440   -44.137076
  
  Active Constraints -   1:    target        value         diff        cost
  EFL                    =   1.96731E+01   1.96732E+01   1.081E-04  -1.968E-01
  
  Weighted Constraints:        target        value        WTC/PTC     contrib
  @ATELIER_LATCOLOR      =   0.00000E+00   0.00000E+00   1.000E-02   0.000E+00
  @ATELIER_RMSSPOT       =   0.00000E+00   2.44403E+02   1.000E-03   5.973E+04
 RAY ERROR: MISS  9
     Derivative scaled for variable  17
  
 CYCLE NUMBER 12:
  
  ABERR F. =        5.18303774
  CONST F. =    59139.51844850
  ERR. F.  =    59144.70148624       (change =     -593.09973373)
  
  OPD     2.79281798     6.67939101
  WAV     3.03611653     6.76929986
  
  
  
  Parameter                 Value            Change
  CUY S1                1.22933200E-01     -3.79E-04
  CUY S2                6.98730976E-02     -2.95E-04
  CUY S3                1.77057263E-01      2.27E-04
  CUY S4                1.98829050E-01      1.13E-04
  CUY S6                7.66244353E-02     -1.17E-03
  CUY S7               -2.84639165E-02     -1.15E-03
  CUY S8               -1.92523795E-02      3.67E-04
  CUY S9                5.09138509E-03      1.04E-04
  A   S1               -8.16018007E-04      2.82E-07
  A   S2               -1.57773583E-03     -7.10E-07
  A   S3               -1.53660256E-02      8.95E-07
  A   S4               -1.59179830E-02     -1.99E-06
  A   S6               -1.91911183E-04     -6.98E-06
  A   S7                7.97652636E-05      5.02E-06
  A   S8                4.14802328E-04      3.90E-06
  A   S9               -1.24777452E-03     -1.30E-05
  THI S2                5.34590018E-01      2.78E-03
  THI S4                3.11408736E+00     -1.18E-02
  THI S5                1.23921884E+01     -8.26E-03
  THI S7                3.95293146E+00      9.63E-04
  THI S9                3.34609049E+00      7.86E-03
  THI S11               2.20904916E-02      7.86E-03
  
        EFL          REDU         PIM          OAL         EN PUP       EX PUP
     19.673057     0.000000    -4.179029    29.923888     9.654317   -44.421856
  
  Active Constraints -   1:    target        value         diff        cost
  EFL                    =   1.96731E+01   1.96731E+01  -7.236E-05   4.071E-01
  
  Weighted Constraints:        target        value        WTC/PTC     contrib
  @ATELIER_LATCOLOR      =   0.00000E+00   0.00000E+00   1.000E-02   0.000E+00
  @ATELIER_RMSSPOT       =   0.00000E+00   2.43186E+02   1.000E-03   5.914E+04
  
  Constraints added:      Mn CT S2 (>)                Mn ET S11 (>)
  Constraints released:   Mn ET S2 (>)
  Constraints released:   Mn CT S2 (>)                Mn ET S11 (>)
  
 CYCLE NUMBER 13:
  
  ABERR F. =        5.17131506
  CONST F. =    59122.36142291
  ERR. F.  =    59127.53273797       (change =      -17.16874826)
  
  OPD     2.78238224     6.66605762
  WAV     3.02520558     6.75574969
  
  
  
  Parameter                 Value            Change
  CUY S1                1.23012263E-01      7.91E-05
  CUY S2                7.00554743E-02      1.82E-04
  CUY S3                1.77310076E-01      2.53E-04
  CUY S4                1.98988002E-01      1.59E-04
  CUY S6                7.66755315E-02      5.11E-05
  CUY S7               -2.84555590E-02      8.36E-06
  CUY S8               -1.91904260E-02      6.20E-05
  CUY S9                5.18916197E-03      9.78E-05
  A   S1               -8.16354338E-04     -3.36E-07
  A   S2               -1.57740698E-03      3.29E-07
  A   S3               -1.53656021E-02      4.23E-07
  A   S4               -1.59158597E-02      2.12E-06
  A   S6               -1.89434503E-04      2.48E-06
  A   S7                8.05132348E-05      7.48E-07
  A   S8                4.14296763E-04     -5.06E-07
  A   S9               -1.24749542E-03      2.79E-07
  THI S2                5.32612671E-01     -1.98E-03
  THI S4                3.11640837E+00      2.32E-03
  THI S5                1.23946138E+01      2.43E-03
  THI S7                3.95224060E+00     -6.91E-04
  THI S9                3.34541352E+00     -6.77E-04
  THI S11               2.14135240E-02     -6.77E-04
  
        EFL          REDU         PIM          OAL         EN PUP       EX PUP
     19.673130     0.000000    -4.190435    29.925289     9.659191   -44.442766
  
  Active Constraints -   1:    target        value         diff        cost
  EFL                    =   1.96731E+01   1.96731E+01   1.416E-07  -3.880E-01
  
  Weighted Constraints:        target        value        WTC/PTC     contrib
  @ATELIER_LATCOLOR      =   0.00000E+00   0.00000E+00   1.000E-02   0.000E+00
  @ATELIER_RMSSPOT       =   0.00000E+00   2.43151E+02   1.000E-03   5.912E+04
  
     Normal AUTO Completion - System improvement less than IMP
AUT> GO
 
 
CODE V> BUF PUT B1 I^row J1 "schema"
      Created new worksheet B1.
CODE V> BUF PUT B1 I^row J2 "atelier-codev-target-v1"
CODE V> BUF PUT B1 I^row J1 "status"
CODE V> BUF PUT B1 I^row J2 "ok"
CODE V> BUF PUT B1 I^row J1 "mode"
CODE V> BUF PUT B1 I^row J2 "target"
CODE V> BUF PUT B1 I^row J1 "stage"
CODE V> BUF PUT B1 I^row J2 "A"
CODE V> BUF PUT B1 I^row J1 "source_zmx"
CODE V> BUF PUT B1 I^row J2 "US-11940597-B2-e6.zmx"
CODE V> BUF PUT B1 I^row J1 "num_fields"
CODE V> BUF PUT B1 I^row J2 ^numf_out
CODE V> BUF PUT B1 I^row J1 "vignetting_edge"
CODE V> BUF PUT B1 I^row J2 0.4
CODE V> BUF PUT B1 I^row J1 "target.efl_mm"
CODE V> BUF PUT B1 I^row J2 ^target_efl
CODE V> BUF PUT B1 I^row J1 "target.f_number"
CODE V> BUF PUT B1 I^row J2 3.70793177804075
CODE V> BUF PUT B1 I^row J1 "seed_baseline.efl_y_mm"
CODE V> BUF PUT B1 I^row J2 ^seed_baseline_efl_y_mm
CODE V> BUF PUT B1 I^row J1 "seed_baseline.max_lateral_color_um"
CODE V> BUF PUT B1 I^row J2 ^seed_baseline_max_lateral_color_um
CODE V> BUF PUT B1 I^row J1 "seed_baseline.max_rms_spot_diameter_um"
CODE V> BUF PUT B1 I^row J2 ^seed_baseline_max_rms_spot_diameter_um
CODE V> BUF PUT B1 I^row J1 "seed_baseline.max_rms_wavefront_error_waves"
CODE V> BUF PUT B1 I^row J2 ^seed_baseline_max_rms_wavefront_error_waves
CODE V> BUF PUT B1 I^row J1 "seed_baseline.max_distortion_pct"
CODE V> BUF PUT B1 I^row J2 ^seed_baseline_max_distortion_pct
CODE V> BUF PUT B1 I^row J1 "seed_baseline.fno"
CODE V> BUF PUT B1 I^row J2 ^seed_baseline_fno
CODE V> BUF PUT B1 I^row J1 "seed_baseline.epd_mm"
CODE V> BUF PUT B1 I^row J2 ^seed_baseline_epd
CODE V> BUF PUT B1 I^row J1 "seed_baseline.maximh_mm"
CODE V> BUF PUT B1 I^row J2 ^seed_baseline_maximh
CODE V> BUF PUT B1 I^row J1 "config_pre_aut.efl_y_mm"
CODE V> BUF PUT B1 I^row J2 ^config_pre_aut_efl_y_mm
CODE V> BUF PUT B1 I^row J1 "config_pre_aut.max_lateral_color_um"
CODE V> BUF PUT B1 I^row J2 ^config_pre_aut_max_lateral_color_um
CODE V> BUF PUT B1 I^row J1 "config_pre_aut.max_rms_spot_diameter_um"
CODE V> BUF PUT B1 I^row J2 ^config_pre_aut_max_rms_spot_diameter_um
CODE V> BUF PUT B1 I^row J1 "config_pre_aut.max_rms_wavefront_error_waves"
CODE V> BUF PUT B1 I^row J2 ^config_pre_aut_max_rms_wavefront_error_waves
CODE V> BUF PUT B1 I^row J1 "config_pre_aut.max_distortion_pct"
CODE V> BUF PUT B1 I^row J2 ^config_pre_aut_max_distortion_pct
CODE V> BUF PUT B1 I^row J1 "config_pre_aut.fno"
CODE V> BUF PUT B1 I^row J2 ^config_pre_aut_fno
CODE V> BUF PUT B1 I^row J1 "config_pre_aut.epd_mm"
CODE V> BUF PUT B1 I^row J2 ^config_pre_aut_epd
CODE V> BUF PUT B1 I^row J1 "config_pre_aut.maximh_mm"
CODE V> BUF PUT B1 I^row J2 ^config_pre_aut_maximh
CODE V> BUF PUT B1 I^row J1 "post_aut.efl_y_mm"
CODE V> BUF PUT B1 I^row J2 ^post_aut_efl_y_mm
CODE V> BUF PUT B1 I^row J1 "post_aut.max_lateral_color_um"
CODE V> BUF PUT B1 I^row J2 ^post_aut_max_lateral_color_um
CODE V> BUF PUT B1 I^row J1 "post_aut.max_rms_spot_diameter_um"
CODE V> BUF PUT B1 I^row J2 ^post_aut_max_rms_spot_diameter_um
CODE V> BUF PUT B1 I^row J1 "post_aut.max_rms_wavefront_error_waves"
CODE V> BUF PUT B1 I^row J2 ^post_aut_max_rms_wavefront_error_waves
CODE V> BUF PUT B1 I^row J1 "post_aut.max_distortion_pct"
CODE V> BUF PUT B1 I^row J2 ^post_aut_max_distortion_pct
CODE V> BUF PUT B1 I^row J1 "post_aut.fno"
CODE V> BUF PUT B1 I^row J2 ^post_aut_fno
CODE V> BUF PUT B1 I^row J1 "post_aut.epd_mm"
CODE V> BUF PUT B1 I^row J2 ^post_aut_epd
CODE V> BUF PUT B1 I^row J1 "post_aut.maximh_mm"
CODE V> BUF PUT B1 I^row J2 ^post_aut_maximh
CODE V> BUF PUT B1 I^row J1 "efl_target_deviation_pct"
CODE V> BUF PUT B1 I^row J2 ^efl_target_dev_pct
CODE V> BUF PUT B1 I^row J1 "aut_converged"
CODE V> BUF PUT B1 I^row J2 ^aut_converged
CODE V> BUF EXP B1 "D:\atelier-wt-c\.planning\loop\p15-stageb-evidence\fno-matrix-2026-07-11\US-11940597-B2-e6_loosen\rung1_fno0371\ray_retry\atelier_codev_target_A_vig0400.tsv"
     Buffer B1 exported to file atelier_codev_target_A_vig0400.tsv
CODE V> BUF DEL B1
CODE V> OUT YES
CODE V> EXI YES
     EXI                                                                              11-Jul-26  14H  3M 29S
                                                 CODE V PC  Version: 11.5             CPU clock:  0H  0M  3S
