  
  
                                   Welcome to
  
                                   C O D E   V
  
                                PC  Version 11.5
                                   Build 27302701
  
                                   11-Jul-2026
  
                            A proprietary product of
  
                              SYNOPSYS, INC
                              Pasadena, California
  
CODE V> OUT NO
     Radius input/output mode
  
    Lens data created by Zemax version 191028
  
    Zemax command MODE ignored
     WARNING - Vignetting angles not used.
     ERROR - No wavelength  2 in zoom position  1
  
     Surface pointer = OBJ
    Zemax surface type  STANDARD
    CODE V surface type SPH
    Zemax command FIMP ignored.
     WARNING - Hiding of rays not used.
    Zemax command MIRR ignored.
    Zemax command SLAB ignored.
    Zemax command MEMA ignored.
    Zemax command POPS ignored.
  
     Surface pointer = 1
    Zemax surface type  STANDARD
    CODE V surface type SPH
    Zemax command FIMP ignored.
     WARNING - Hiding of rays not used.
    Zemax command MIRR ignored.
    Zemax command SLAB ignored.
    Zemax command MEMA ignored.
    Zemax command POPS ignored.
  
     Surface pointer = 2
    Zemax surface type  EVENASPH
    CODE V surface type ASP
    Zemax command FIMP ignored.
     WARNING - Hiding of rays not used.
    Zemax command MIRR ignored.
    Zemax command SLAB ignored.
     WARNING - Partial dispersion of model glass not used.
    Zemax command MEMA ignored.
    Zemax command POPS ignored.
  
     Surface pointer = 3
    Zemax surface type  EVENASPH
    CODE V surface type ASP
    Zemax command FIMP ignored.
     WARNING - Hiding of rays not used.
    Zemax command MIRR ignored.
    Zemax command SLAB ignored.
    Zemax command MEMA ignored.
    Zemax command POPS ignored.
  
     Surface pointer = 4
    Zemax surface type  EVENASPH
    CODE V surface type ASP
    Zemax command FIMP ignored.
     WARNING - Hiding of rays not used.
    Zemax command MIRR ignored.
    Zemax command SLAB ignored.
     WARNING - Partial dispersion of model glass not used.
    Zemax command MEMA ignored.
    Zemax command POPS ignored.
  
     Surface pointer = 5
    Zemax surface type  EVENASPH
    CODE V surface type ASP
    Zemax command FIMP ignored.
     WARNING - Hiding of rays not used.
    Zemax command MIRR ignored.
    Zemax command SLAB ignored.
    Zemax command MEMA ignored.
    Zemax command POPS ignored.
  
     Surface pointer = 6
    Zemax surface type  EVENASPH
    CODE V surface type ASP
    Zemax command FIMP ignored.
     WARNING - Hiding of rays not used.
    Zemax command MIRR ignored.
    Zemax command SLAB ignored.
     WARNING - Partial dispersion of model glass not used.
    Zemax command MEMA ignored.
    Zemax command POPS ignored.
  
     Surface pointer = 7
    Zemax surface type  EVENASPH
    CODE V surface type ASP
    Zemax command FIMP ignored.
     WARNING - Hiding of rays not used.
    Zemax command MIRR ignored.
    Zemax command SLAB ignored.
    Zemax command MEMA ignored.
    Zemax command POPS ignored.
  
     Surface pointer = 8
    Zemax surface type  EVENASPH
    CODE V surface type ASP
    Zemax command FIMP ignored.
     WARNING - Hiding of rays not used.
    Zemax command MIRR ignored.
    Zemax command SLAB ignored.
     WARNING - Partial dispersion of model glass not used.
    Zemax command MEMA ignored.
    Zemax command POPS ignored.
  
     Surface pointer = 9
    Zemax surface type  EVENASPH
    CODE V surface type ASP
    Zemax command FIMP ignored.
     WARNING - Hiding of rays not used.
    Zemax command MIRR ignored.
    Zemax command SLAB ignored.
    Zemax command MEMA ignored.
    Zemax command POPS ignored.
  
     Surface pointer = 10
    Zemax surface type  EVENASPH
    CODE V surface type ASP
    Zemax command FIMP ignored.
     WARNING - Hiding of rays not used.
    Zemax command MIRR ignored.
    Zemax command SLAB ignored.
     WARNING - Partial dispersion of model glass not used.
    Zemax command MEMA ignored.
    Zemax command POPS ignored.
  
     Surface pointer = 11
    Zemax surface type  EVENASPH
    CODE V surface type ASP
    Zemax command FIMP ignored.
     WARNING - Hiding of rays not used.
    Zemax command MIRR ignored.
    Zemax command SLAB ignored.
    Zemax command MEMA ignored.
    Zemax command POPS ignored.
  
     Surface pointer = 12
    Zemax surface type  STANDARD
    CODE V surface type SPH
    Zemax command FIMP ignored.
     WARNING - Hiding of rays not used.
    Zemax command MIRR ignored.
    Zemax command SLAB ignored.
    Zemax command MEMA ignored.
    Zemax command POPS ignored.
  
     Surface pointer = 13
    Zemax surface type  STANDARD
    CODE V surface type SPH
    Zemax command FIMP ignored.
     WARNING - Hiding of rays not used.
    Zemax command MIRR ignored.
    Zemax command SLAB ignored.
     WARNING - Partial dispersion of model glass not used.
    Zemax command MEMA ignored.
    Zemax command POPS ignored.
  
     Surface pointer = 14
    Zemax surface type  STANDARD
    CODE V surface type SPH
    Zemax command FIMP ignored.
     WARNING - Hiding of rays not used.
    Zemax command MIRR ignored.
    Zemax command SLAB ignored.
    Zemax command MEMA ignored.
    Zemax command POPS ignored.
  
     Surface pointer = 15
    Zemax surface type  STANDARD
    CODE V surface type SPH
    Zemax command FIMP ignored.
     WARNING - Hiding of rays not used.
    Zemax command MIRR ignored.
    Zemax command SLAB ignored.
     WARNING - Partial dispersion of model glass not used.
    Zemax command MEMA ignored.
    Zemax command POPS ignored.
  
     Surface pointer = 16
    Zemax surface type  STANDARD
    CODE V surface type SPH
    Zemax command FIMP ignored.
     WARNING - Hiding of rays not used.
    Zemax command MIRR ignored.
    Zemax command SLAB ignored.
    Zemax command MEMA ignored.
    Zemax command POPS ignored.
  
     Surface pointer = IMG
    Zemax surface type  STANDARD
    CODE V surface type SPH
    Zemax command FIMP ignored.
     WARNING - Hiding of rays not used.
    Zemax command MIRR ignored.
    Zemax command SLAB ignored.
    Zemax command MEMA ignored.
    Zemax command POPS ignored.
    Zemax command ! AT ignored.
    Zemax command ! AT ignored.
    Zemax command ! AT ignored.
    Zemax command ! AT ignored.
  
     WARNING - Please check the converted lens carefully.
               Some information will not be converted.
               Changes in either CODE V or ZEMAX may invalidate
               the converted information.
               Due to differences between CODE V and ZEMAX ray
               aiming and vignetting factors, it is recommended
               that you set vignetting for the converted system.
  
               A concise listing of conversion warnings appears
               in the Tabbed Output Window 'Info' tab and in the
               Command Window.
  
CODE V> DEF VAR SA
     ERROR - Ray missed surface   3 for zoom position  1
     ERROR - Ray missed surface   3 for zoom position  1
     ERROR - Ray missed surface   3 for zoom position  1
     ERROR - Ray missed surface   4 for zoom position  1
     ERROR - Total reflection at surface   9 for zoom position  1
     ERROR - Ray missed surface   3 for zoom position  1
     ERROR - Ray missed surface   4 for zoom position  1
     ERROR - Total reflection at surface   9 for zoom position  1
     ERROR - One or more of the reference rays from field  1 is deviated far from
             most of the other rays from this field point.  The reference rays are
             used to determine the numerical aperture and the grid spacing.  Thus, it
             is important that these rays are focused at approximately the same spot
             as the other rays from this field point.  Modifying the vignetting
             may solve this problem and allow the computation to proceed.
CODE V> FNO 3.15349697771451
CODE V> VUY 0 0.3
CODE V> VLY 0 0.3
CODE V> VUX 0 0.3
CODE V> VLX 0 0.3
     ERROR - Total reflection at surface   7 for zoom position  1
     ERROR - Total reflection at surface   7 for zoom position  1
     ERROR - Total reflection at surface   7 for zoom position  1
     ERROR - Total reflection at surface   9 for zoom position  1
     ERROR - Total reflection at surface   7 for zoom position  1
     ERROR - Total reflection at surface   9 for zoom position  1
     ERROR - One or more of the reference rays from field  1 is deviated far from
             most of the other rays from this field point.  The reference rays are
             used to determine the numerical aperture and the grid spacing.  Thus, it
             is important that these rays are focused at approximately the same spot
             as the other rays from this field point.  Modifying the vignetting
             may solve this problem and allow the computation to proceed.
CODE V> AUT
     AUT                                                                              11-Jul-26  14H  6M 18S
                                                 CODE V PC  Version: 11.5             CPU clock:  0H  0M  1S
     WARNING - Exit pupil is near a diffraction caustic for some zoom positions.
               An infinite reference sphere is being used for OPD calculations.
     ***Defocussing frozen to eliminate redundant variable
AUT>   SUR N
AUT>   CHG SA
AUT>   WFR Y
AUT>   WTF FA 10
AUT>   EFL = 17.3271113483923
AUT>   @atelier_latcolor == @lcum(1)
AUT>   @atelier_latcolor = 0
AUT>   WTC 0.01
AUT>   @atelier_rmsspot == @rmssum(1)
AUT>   @atelier_rmsspot = 0
AUT>   WTC 0.001
AUT>   MNT 0.025
AUT>   MNE 0.025
AUT>   MXT 10
AUT>   MNA 0.001
AUT>   MXC 25
AUT>   MNC 3
AUT>   IMP 0.001
AUT> GO
 -------------------------------------------------------------------------------
  
       USER CONSTRAINT DEFINITIONS
            @atelier_rmsspot == @rmssum(1)
  
            @atelier_latcolor == @lcum(1)
  
  
  
       POTENTIALLY ACTIVE SPECIFIC CONSTRAINTS
         EFL                                  =      17.327111
         @ATELIER_LATCOLOR                    =       0.000000     (WTC =    0.01000)
         @ATELIER_RMSSPOT                     =       0.000000     (WTC =    0.00100)
  
       GENERAL CONSTRAINTS
         MXT      10.000000
         MNT       0.025000
         MNE       0.025000
         MNA       0.001000
         MAE       0.002500
         GLA               NFK5  NSK16  NLAF2  SF4
  
       ERROR FUNCTION CONSTRUCTION
         WFR        Y
         WTW       1
         WTA       0.000000
         DEL       0.220000
         WTX F1   10.000000
         WTX F2   10.000000
         WTY F1   10.000000
         WTY F2   10.000000
  
       CONVERGENCE CONTROLS
         MXC        25
         MNC         3
         TAR       0.000000
         IMP       0.001000
  
       OUTPUT CONTROLS
         SUR NO
         CHG S0..17
  
     Recommendations for most stable convergence:
  
       Use object space aperture specifications:
       - NAO for finite conjugate systems
       - EPD for infinite conjugate systems
  
       VARIABLE LIST
  
         NO      PARAMETERS *
          1      CUY S2       CUY S3
          2      CUY S3       CUY S4
          3      CUY S4       CUY S5       CUY S6       CUY S7
          4      CUY S5       CUY S6
          5      CUY S6       CUY S7
          6      CUY S7       CUY S8
          7      CUY S8       CUY S9
          8      CUY S9       CUY S10
          9      CUY S10       CUY S11
         10      CUY S11
         11      A   S2
         12      A   S3
         13      A   S4
         14      A   S5
         15      A   S6
         16      A   S7
         17      A   S8
         18      A   S9
         19      A   S10
         20      A   S11
         21      THI S1
         22      THI S3
         23      THI S5
         24      THI S7
         25      THI S9
         26      THI S11
         27      THI S14
         28      THI S16
  
     * Multiple entries on a line are composite variables.
     Composite variables are either program-generated bendings
     or user-requested couplings.
  
      28 VARIABLES
  
      28 CONSTRAINTS CAN BE ACTIVE
  
     RELATIVE TIME PER CYCLE IS   99.9 UNITS
     ERROR - Total reflection at surface   7 for zoom position  1
 RAY ERROR: REFL  7
           Aperture and Field at 0.900 of spec.
     ERROR - Total reflection at surface   9 for zoom position  1
 RAY ERROR: REFL  9
           Aperture and Field at 0.810 of spec.
     WARNING - The macro function SPOTDATA is not supported on multiple threads.
               CODE V will set the multiple processor setting (MPP) to 1 to prevent errors.
               Please refer to the CODE V Setup and Operation Reference Manual for a complete list
               of pre-defined macro functions that are currently limited to running on a single thread.
  
 CYCLE NUMBER 0:
  
  ABERR F. =       42.82561692
  CONST F. =      0.216498E+07
  ERR. F.  =      0.216503E+07
  
  OPD    59.60348112     3.70401245
  WAV    61.20244220     4.90920128
  
  
  
  Parameter                 Value            Change
  CUY S2                1.19017865E-01      0.00E+00
  CUY S3               -2.86938282E-02      0.00E+00
  CUY S4                1.51761189E-01      0.00E+00
  CUY S5               -1.72528316E-02      0.00E+00
  CUY S6               -5.17298461E-02      0.00E+00
  CUY S7               -3.29363406E-02      0.00E+00
  CUY S8               -2.21815462E-03      0.00E+00
  CUY S9                3.94150802E-01      0.00E+00
  CUY S10               1.84182414E-01      0.00E+00
  CUY S11               3.97968767E-02      0.00E+00
  A   S2                1.99550000E-04      0.00E+00
  A   S3                2.21309000E-04      0.00E+00
  A   S4                9.61698000E-04      0.00E+00
  A   S5                9.74953000E-05      0.00E+00
  A   S6                1.75034000E-03      0.00E+00
  A   S7                3.61354000E-03      0.00E+00
  A   S8               -1.32356000E-02      0.00E+00
  A   S9               -9.60889000E-03      0.00E+00
  A   S10               1.79876000E-02      0.00E+00
  A   S11               1.38781000E-02      0.00E+00
  THI S1               -6.00000000E-01      0.00E+00
  THI S3                6.70000000E-02      0.00E+00
  THI S5                1.78000000E-01      0.00E+00
  THI S7                1.89000000E-01      0.00E+00
  THI S9                2.51000000E-01      0.00E+00
  THI S11               7.48000000E-01      0.00E+00
  THI S14               8.10000000E-01      0.00E+00
  THI S16               4.30000000E-02      0.00E+00
  
        EFL          REDU         PIM          OAL         EN PUP       EX PUP
     17.337628     0.000000     0.072205    19.267000     0.000000   -12.926250
  
  Specific Constraints:        target        value         diff      active (**)
  EFL                    =   1.73271E+01   1.73376E+01   1.052E-02    **
  
  Weighted Constraints:        target        value        WTC/PTC     contrib
  @ATELIER_LATCOLOR      =   0.00000E+00   0.00000E+00   1.000E-02   0.000E+00
  @ATELIER_RMSSPOT       =   0.00000E+00   1.47139E+03   1.000E-03   2.165E+06
     WARNING - Frozen Thickness Violations:
  Mx CT S13
  
  Constraints added:      EFL (=)                     Mn CT S1 (>)
 RAY ERROR: REFL  9
  Constraints added:      Mn ET S9 (>)
 RAY ERROR: MISS  3
  Constraints released:   Mn CT S1 (>)
  Constraints released:   Mn CT S1 (>)
  
 CYCLE NUMBER 1:
  
  ABERR F. =        7.03525067
  CONST F. =      0.000000E+00
  ERR. F.  =        7.03525067       (change = -2165020.55745155)
  
  OPD     7.33374518     6.15133120
  WAV     7.90167651     6.62720320
  
  
  
  Parameter                 Value            Change
  CUY S2                1.96690325E-01      7.77E-02
  CUY S3                4.79221029E-02      7.66E-02
  CUY S4                1.58847892E-01      7.09E-03
  CUY S5               -1.13054242E-02      5.95E-03
  CUY S6               -2.88738554E-02      2.29E-02
  CUY S7               -5.39004540E-03      2.75E-02
  CUY S8               -2.64307234E-03     -4.25E-04
  CUY S9                1.47359477E-01     -2.47E-01
  CUY S10              -4.59453723E-02     -2.30E-01
  CUY S11               5.28967020E-02      1.31E-02
  A   S2                2.34460587E-04      3.49E-05
  A   S3                1.98280958E-04     -2.30E-05
  A   S4                1.06074893E-03      9.91E-05
  A   S5                6.62305978E-05     -3.13E-05
  A   S6                1.77147696E-03      2.11E-05
  A   S7                3.53945258E-03     -7.41E-05
  A   S8               -1.32123195E-02      2.33E-05
  A   S9               -1.06167321E-02     -1.01E-03
  A   S10               1.88352524E-02      8.48E-04
  A   S11               1.28543250E-02     -1.02E-03
  THI S1                5.78908230E+00      6.39E+00
  THI S3                6.52086191E-02     -1.79E-03
  THI S5                1.05100160E-01     -7.29E-02
  THI S7                2.17457235E-01      2.85E-02
  THI S9                1.13465722E-01     -1.38E-01
  THI S11               1.69264807E+00      9.45E-01
  THI S14               1.75464807E+00      9.45E-01
  THI S16               9.87648072E-01      9.45E-01
  
        EFL          REDU         PIM          OAL         EN PUP       EX PUP
     16.918318     0.000000    -2.854945    27.361610     0.000000   -18.591099
  
  Active Constraints -   2:    target        value         diff        cost
  EFL                    =   1.73271E+01   1.69183E+01  -4.088E-01   6.005E-04
  Mn ET S9                                                          -2.312E-05
  
  Weighted Constraints:        target        value        WTC/PTC     contrib
  @ATELIER_LATCOLOR      =   0.00000E+00   0.00000E+00   1.000E-02   0.000E+00
  @ATELIER_RMSSPOT       =   0.00000E+00   0.00000E+00   1.000E-03   0.000E+00
     WARNING - Frozen Thickness Violations:
  Mx CT S13
     ERROR - Total reflection at surface   9 for zoom position  1
 RAY ERROR: REFL  9
           Aperture and Field at 0.900 of spec.
 RAY ERROR: REFL  9
 RAY ERROR: REFL 11
  
  Constraints added:      Mn ET S11 (>)               Mn ET S14 (>)
                          Mn ET S16 (>)
 RAY ERROR: REFL 11
  
 CYCLE NUMBER 2:
  
  ABERR F. =       89.66947023
  CONST F. =      0.000000E+00
  ERR. F.  =       89.66947023       (change =       82.63421956)
  
  OPD    93.63292656    84.55324366
  WAV    94.79031199    85.21077613
  
  
  
  Parameter                 Value            Change
  CUY S2                1.76269431E-01     -2.04E-02
  CUY S3                2.56382250E-02     -2.23E-02
  CUY S4                1.57680879E-01     -1.17E-03
  CUY S5               -1.02398602E-02      1.07E-03
  CUY S6               -2.63721707E-02      2.50E-03
  CUY S7               -2.64712067E-03      2.74E-03
  CUY S8               -1.07449178E-03      1.57E-03
  CUY S9                1.61540552E-01      1.42E-02
  CUY S10              -4.93449004E-02     -3.40E-03
  CUY S11               3.60942798E-02     -1.68E-02
  A   S2                2.13529734E-04     -2.09E-05
  A   S3                3.23932043E-04      1.26E-04
  A   S4                9.60924160E-04     -9.98E-05
  A   S5                1.14603555E-04      4.84E-05
  A   S6                1.74740725E-03     -2.41E-05
  A   S7                3.70600669E-03      1.67E-04
  A   S8               -1.32950864E-02     -8.28E-05
  A   S9               -1.02202637E-02      3.96E-04
  A   S10               1.84725701E-02     -3.63E-04
  A   S11               1.27027474E-02     -1.52E-04
  THI S1                5.62658241E+00     -1.62E-01
  THI S3                7.21233127E-02      6.91E-03
  THI S5                1.06981513E-01      1.88E-03
  THI S7                2.19079349E-01      1.62E-03
  THI S9                1.32069647E-01      1.86E-02
  THI S11               5.04873719E-01     -1.19E+00
  THI S14               2.50000000E-03     -1.75E+00
  THI S16               2.50000000E-03     -9.85E-01
  
        EFL          REDU         PIM          OAL         EN PUP       EX PUP
     17.322747     0.000000     0.470639    24.288210     0.000000   -15.636024
  
  Active Constraints -   5:    target        value         diff        cost
  EFL                    =   1.73271E+01   1.73227E+01  -4.364E-03   3.984E-01
  Mn ET S9                                                          -1.365E-04
  Mn ET S11                                                         -6.740E-05
  Mn ET S14                                                         -6.206E-05
  Mn ET S16                                                         -6.932E-05
  
  Weighted Constraints:        target        value        WTC/PTC     contrib
  @ATELIER_LATCOLOR      =   0.00000E+00   0.00000E+00   1.000E-02   0.000E+00
  @ATELIER_RMSSPOT       =   0.00000E+00   0.00000E+00   1.000E-03   0.000E+00
     WARNING - Frozen Thickness Violations:
  Mx CT S13
     ERROR - Ray missed surface   9 for zoom position  1
 RAY ERROR: MISS  9
           Aperture and Field at 0.900 of spec.
 RAY ERROR: REFL 11
  
  Constraints released:   Mn ET S9 (>)
  
 CYCLE NUMBER 3:
  
  ABERR F. =       28.25180587
  CONST F. =      0.000000E+00
  ERR. F.  =       28.25180587       (change =      -61.41766436)
  
  OPD    36.84176117    13.64300998
  WAV    38.09251674    14.07733005
  
  
  
  Parameter                 Value            Change
  CUY S2                1.75928301E-01     -3.41E-04
  CUY S3                2.78380104E-02      2.20E-03
  CUY S4                1.60248479E-01      2.57E-03
  CUY S5               -9.02777240E-03      1.21E-03
  CUY S6               -2.52540147E-02      1.12E-03
  CUY S7               -2.45793048E-03      1.89E-04
  CUY S8               -9.74221855E-04      1.00E-04
  CUY S9                1.55858949E-01     -5.68E-03
  CUY S10              -5.56839710E-02     -6.34E-03
  CUY S11               3.52613937E-02     -8.33E-04
  A   S2                1.73409587E-04     -4.01E-05
  A   S3                3.97074765E-04      7.31E-05
  A   S4                8.77338790E-04     -8.36E-05
  A   S5                1.44285838E-04      2.97E-05
  A   S6                1.72863760E-03     -1.88E-05
  A   S7                3.66295936E-03     -4.30E-05
  A   S8               -1.32002339E-02      9.49E-05
  A   S9               -1.19221433E-02     -1.70E-03
  A   S10               1.99832963E-02      1.51E-03
  A   S11               1.18414360E-02     -8.61E-04
  THI S1                5.69089185E+00      6.43E-02
  THI S3                8.77728348E-02      1.56E-02
  THI S5                1.06980583E-01     -9.30E-07
  THI S7                2.19061929E-01     -1.74E-05
  THI S9                1.47725263E-01      1.57E-02
  THI S11               4.70428711E-01     -3.44E-02
  THI S14               2.50000000E-03      5.37E-15
  THI S16               2.50000000E-03      1.05E-14
  
        EFL          REDU         PIM          OAL         EN PUP       EX PUP
     17.327086     0.000000     0.468166    24.349361     0.000000   -15.661320
  
  Active Constraints -   4:    target        value         diff        cost
  EFL                    =   1.73271E+01   1.73271E+01  -2.489E-05   1.958E-01
  Mn ET S11                                                         -1.442E-05
  Mn ET S14                                                         -1.443E-05
  Mn ET S16                                                         -1.443E-05
  
  Weighted Constraints:        target        value        WTC/PTC     contrib
  @ATELIER_LATCOLOR      =   0.00000E+00   0.00000E+00   1.000E-02   0.000E+00
  @ATELIER_RMSSPOT       =   0.00000E+00   0.00000E+00   1.000E-03   0.000E+00
     WARNING - Frozen Thickness Violations:
  Mx CT S13
     ERROR - Ray missed surface   9 for zoom position  1
 RAY ERROR: MISS  9
           Aperture and Field at 0.900 of spec.
 RAY ERROR: REFL 11
  
  Constraints released:   Mn ET S11 (>)               Mn ET S14 (>)
                          Mn ET S16 (>)
  
 CYCLE NUMBER 4:
  
  ABERR F. =       10.48629176
  CONST F. =      0.000000E+00
  ERR. F.  =       10.48629176       (change =      -17.76551412)
  
  OPD    11.38665169     8.53341312
  WAV    12.52236635     8.97577984
  
  
  
  Parameter                 Value            Change
  CUY S2                1.75899554E-01     -2.87E-05
  CUY S3                2.84524425E-02      6.14E-04
  CUY S4                1.60956403E-01      7.08E-04
  CUY S5               -8.77159958E-03      2.56E-04
  CUY S6               -2.51057630E-02      1.48E-04
  CUY S7               -2.24153530E-03      2.16E-04
  CUY S8               -8.48314537E-04      1.26E-04
  CUY S9                1.52616067E-01     -3.24E-03
  CUY S10              -5.87575236E-02     -3.07E-03
  CUY S11               3.52585698E-02     -2.82E-06
  A   S2                1.56607103E-04     -1.68E-05
  A   S3                4.27567631E-04      3.05E-05
  A   S4                8.50503660E-04     -2.68E-05
  A   S5                1.70724449E-04      2.64E-05
  A   S6                1.70490425E-03     -2.37E-05
  A   S7                3.61679765E-03     -4.62E-05
  A   S8               -1.31570571E-02      4.32E-05
  A   S9               -1.26972383E-02     -7.75E-04
  A   S10               2.10223413E-02      1.04E-03
  A   S11               1.00524390E-02     -1.79E-03
  THI S1                5.70619421E+00      1.53E-02
  THI S3                9.23094957E-02      4.54E-03
  THI S5                1.06761162E-01     -2.19E-04
  THI S7                2.18795989E-01     -2.66E-04
  THI S9                1.51436135E-01      3.71E-03
  THI S11               5.65859868E-01      9.54E-02
  THI S14               9.79311573E-02      9.54E-02
  THI S16               9.79311573E-02      9.54E-02
  
        EFL          REDU         PIM          OAL         EN PUP       EX PUP
     17.326753     0.000000     0.265345    24.563288     0.000000   -15.863610
  
  Active Constraints -   1:    target        value         diff        cost
  EFL                    =   1.73271E+01   1.73268E+01  -3.579E-04   2.640E-03
  
  Weighted Constraints:        target        value        WTC/PTC     contrib
  @ATELIER_LATCOLOR      =   0.00000E+00   0.00000E+00   1.000E-02   0.000E+00
  @ATELIER_RMSSPOT       =   0.00000E+00   0.00000E+00   1.000E-03   0.000E+00
     WARNING - Frozen Thickness Violations:
  Mx CT S13
     ERROR - Ray missed surface   9 for zoom position  1
 RAY ERROR: MISS  9
           Aperture and Field at 0.900 of spec.
  
  
  Parameter                 Value            Change
  CUY S2                1.75899554E-01      0.00E+00
  CUY S3                2.84524425E-02      0.00E+00
  CUY S4                1.60956403E-01      0.00E+00
  CUY S5               -8.77159958E-03      0.00E+00
  CUY S6               -2.51057630E-02      0.00E+00
  CUY S7               -2.24153530E-03      0.00E+00
  CUY S8               -8.48314537E-04      0.00E+00
  CUY S9                1.52616067E-01      0.00E+00
  CUY S10              -5.87575236E-02      0.00E+00
  CUY S11               3.52585698E-02      0.00E+00
  A   S2                1.56607103E-04      0.00E+00
  A   S3                4.27567631E-04      0.00E+00
  A   S4                8.50503660E-04      0.00E+00
  A   S5                1.70724449E-04      0.00E+00
  A   S6                1.70490425E-03      0.00E+00
  A   S7                3.61679765E-03      0.00E+00
  A   S8               -1.31570571E-02      0.00E+00
  A   S9               -1.26972383E-02      0.00E+00
  A   S10               2.10223413E-02      0.00E+00
  A   S11               1.00524390E-02      0.00E+00
  THI S1                5.70619421E+00      0.00E+00
  THI S3                9.23094957E-02      0.00E+00
  THI S5                1.06761162E-01      0.00E+00
  THI S7                2.18795989E-01      0.00E+00
  THI S9                1.51436135E-01      0.00E+00
  THI S11               5.65859868E-01      0.00E+00
  THI S14               9.79311573E-02      0.00E+00
  THI S16               9.79311573E-02      0.00E+00
  
        EFL          REDU         PIM          OAL         EN PUP       EX PUP
     17.326753     0.000000     0.265345    24.563288     0.000000   -15.863610
  
     Abnormal AUTO Completion - Unable to scale up Pupil and Field specifications
        Listed specific constraint values may not be valid.
AUT> GO
     ERROR - Ray missed surface   9 for zoom position  1
     ERROR - Ray missed surface   9 for zoom position  1
     ERROR - Ray missed surface   9 for zoom position  1
     ERROR - Ray missed surface   9 for zoom position  1
     ERROR - One or more of the reference rays from field  1 is deviated far from
             most of the other rays from this field point.  The reference rays are
             used to determine the numerical aperture and the grid spacing.  Thus, it
             is important that these rays are focused at approximately the same spot
             as the other rays from this field point.  Modifying the vignetting
             may solve this problem and allow the computation to proceed.
CODE V> BUF PUT B1 I^row J1 "schema"
      Created new worksheet B1.
CODE V> BUF PUT B1 I^row J2 "atelier-codev-target-v1"
CODE V> BUF PUT B1 I^row J1 "status"
CODE V> BUF PUT B1 I^row J2 "ok"
CODE V> BUF PUT B1 I^row J1 "mode"
CODE V> BUF PUT B1 I^row J2 "target"
CODE V> BUF PUT B1 I^row J1 "stage"
CODE V> BUF PUT B1 I^row J2 "A"
CODE V> BUF PUT B1 I^row J1 "source_zmx"
CODE V> BUF PUT B1 I^row J2 "US-12443014-B2-e1.zmx"
CODE V> BUF PUT B1 I^row J1 "num_fields"
CODE V> BUF PUT B1 I^row J2 ^numf_out
CODE V> BUF PUT B1 I^row J1 "vignetting_edge"
CODE V> BUF PUT B1 I^row J2 0.3
CODE V> BUF PUT B1 I^row J1 "target.efl_mm"
CODE V> BUF PUT B1 I^row J2 ^target_efl
CODE V> BUF PUT B1 I^row J1 "target.f_number"
CODE V> BUF PUT B1 I^row J2 3.15349697771451
CODE V> BUF PUT B1 I^row J1 "seed_baseline.efl_y_mm"
CODE V> BUF PUT B1 I^row J2 ^seed_baseline_efl_y_mm
CODE V> BUF PUT B1 I^row J1 "seed_baseline.max_lateral_color_um"
CODE V> BUF PUT B1 I^row J2 ^seed_baseline_max_lateral_color_um
CODE V> BUF PUT B1 I^row J1 "seed_baseline.max_rms_spot_diameter_um"
CODE V> BUF PUT B1 I^row J2 ^seed_baseline_max_rms_spot_diameter_um
CODE V> BUF PUT B1 I^row J1 "seed_baseline.max_rms_wavefront_error_waves"
CODE V> BUF PUT B1 I^row J2 ^seed_baseline_max_rms_wavefront_error_waves
CODE V> BUF PUT B1 I^row J1 "seed_baseline.max_distortion_pct"
CODE V> BUF PUT B1 I^row J2 ^seed_baseline_max_distortion_pct
CODE V> BUF PUT B1 I^row J1 "seed_baseline.fno"
CODE V> BUF PUT B1 I^row J2 ^seed_baseline_fno
CODE V> BUF PUT B1 I^row J1 "seed_baseline.epd_mm"
CODE V> BUF PUT B1 I^row J2 ^seed_baseline_epd
CODE V> BUF PUT B1 I^row J1 "seed_baseline.maximh_mm"
CODE V> BUF PUT B1 I^row J2 ^seed_baseline_maximh
CODE V> BUF PUT B1 I^row J1 "config_pre_aut.efl_y_mm"
CODE V> BUF PUT B1 I^row J2 ^config_pre_aut_efl_y_mm
CODE V> BUF PUT B1 I^row J1 "config_pre_aut.max_lateral_color_um"
CODE V> BUF PUT B1 I^row J2 ^config_pre_aut_max_lateral_color_um
CODE V> BUF PUT B1 I^row J1 "config_pre_aut.max_rms_spot_diameter_um"
CODE V> BUF PUT B1 I^row J2 ^config_pre_aut_max_rms_spot_diameter_um
CODE V> BUF PUT B1 I^row J1 "config_pre_aut.max_rms_wavefront_error_waves"
CODE V> BUF PUT B1 I^row J2 ^config_pre_aut_max_rms_wavefront_error_waves
CODE V> BUF PUT B1 I^row J1 "config_pre_aut.max_distortion_pct"
CODE V> BUF PUT B1 I^row J2 ^config_pre_aut_max_distortion_pct
CODE V> BUF PUT B1 I^row J1 "config_pre_aut.fno"
CODE V> BUF PUT B1 I^row J2 ^config_pre_aut_fno
CODE V> BUF PUT B1 I^row J1 "config_pre_aut.epd_mm"
CODE V> BUF PUT B1 I^row J2 ^config_pre_aut_epd
CODE V> BUF PUT B1 I^row J1 "config_pre_aut.maximh_mm"
CODE V> BUF PUT B1 I^row J2 ^config_pre_aut_maximh
CODE V> BUF PUT B1 I^row J1 "post_aut.efl_y_mm"
CODE V> BUF PUT B1 I^row J2 ^post_aut_efl_y_mm
CODE V> BUF PUT B1 I^row J1 "post_aut.max_lateral_color_um"
CODE V> BUF PUT B1 I^row J2 ^post_aut_max_lateral_color_um
CODE V> BUF PUT B1 I^row J1 "post_aut.max_rms_spot_diameter_um"
CODE V> BUF PUT B1 I^row J2 ^post_aut_max_rms_spot_diameter_um
CODE V> BUF PUT B1 I^row J1 "post_aut.max_rms_wavefront_error_waves"
CODE V> BUF PUT B1 I^row J2 ^post_aut_max_rms_wavefront_error_waves
CODE V> BUF PUT B1 I^row J1 "post_aut.max_distortion_pct"
CODE V> BUF PUT B1 I^row J2 ^post_aut_max_distortion_pct
CODE V> BUF PUT B1 I^row J1 "post_aut.fno"
CODE V> BUF PUT B1 I^row J2 ^post_aut_fno
CODE V> BUF PUT B1 I^row J1 "post_aut.epd_mm"
CODE V> BUF PUT B1 I^row J2 ^post_aut_epd
CODE V> BUF PUT B1 I^row J1 "post_aut.maximh_mm"
CODE V> BUF PUT B1 I^row J2 ^post_aut_maximh
CODE V> BUF PUT B1 I^row J1 "efl_target_deviation_pct"
CODE V> BUF PUT B1 I^row J2 ^efl_target_dev_pct
CODE V> BUF PUT B1 I^row J1 "aut_converged"
CODE V> BUF PUT B1 I^row J2 ^aut_converged
CODE V> BUF EXP B1 "D:\atelier-wt-c\.planning\loop\p15-stageb-evidence\fno-matrix-2026-07-11\US-12443014-B2-e1_loosen\rung1_fno0315\ray_retry\atelier_codev_target_A_vig0300.tsv"
     Buffer B1 exported to file atelier_codev_target_A_vig0300.tsv
CODE V> BUF DEL B1
CODE V> OUT YES
CODE V> EXI YES
     EXI                                                                              11-Jul-26  14H  6M 18S
                                                 CODE V PC  Version: 11.5             CPU clock:  0H  0M  1S
