! trimmed excerpt: 637 raw lines -> 190 kept (RAY ERROR / WARNING / AUTO Completion / CYCLE NUMBER lines + 2-line context, plus the first 40 lines; original line numbers prefixed). Classification already ran on the full text at run time -- this trimming only affects what's persisted to disk.

     1|   
     2|   
     3|                                    Welcome to
     4|   
     5|                                    C O D E   V
     6|   
     7|                                 PC  Version 11.5
     8|                                    Build 27302701
     9|   
    10|                                    11-Jul-2026
    11|   
    12|                             A proprietary product of
    13|   
    14|                               SYNOPSYS, INC
    15|                               Pasadena, California
    16|   
    17| CODE V> OUT NO
    18|      Radius input/output mode
    19|   
    20|     Lens data created by Zemax version 200706
    21|   
    22|     Zemax command MODE ignored
    23|     ZEMAX NOTE 0 table5
    24|     Zemax command PFIL ignored
    25|     Zemax command LANG ignored
    26|      WARNING - Glass catalog list not used.
    27|      WARNING - Ray aiming not used.
    28|      WARNING - Pupil shift for ray aiming not used.
    29|     Zemax command SDMA ignored
    30|     Zemax command OMMA ignored
    31|     Zemax command HYPR ignored
    32|      WARNING - Vignetting angles not used.
    33|     Zemax command POLS ignored
    34|     Zemax command GLRS ignored
    35|     Zemax command GSTD ignored
    36|     Zemax command NSCD ignored
    37|     Zemax command COFN ignored
    38|     Zemax command COFN ignored
    39|   
    40|      Surface pointer = OBJ
    42|     CODE V surface type SPH
    43|     Zemax command FIMP ignored.
    44|      WARNING - Hiding of rays not used.
    45|     Zemax command MIRR ignored.
    46|     Zemax command SLAB ignored.
    52|     CODE V surface type ASP
    53|     Zemax command FIMP ignored.
    54|      WARNING - Hiding of rays not used.
    55|     Zemax command MIRR ignored.
    56|     Zemax command SLAB ignored.
    57|      WARNING - Partial dispersion of model glass not used.
    58|     Zemax command MEMA ignored.
    59|     Zemax command POPS ignored.
    63|     CODE V surface type ASP
    64|     Zemax command FIMP ignored.
    65|      WARNING - Hiding of rays not used.
    66|     Zemax command MIRR ignored.
    67|     Zemax command SLAB ignored.
    73|     CODE V surface type SPH
    74|     Zemax command FIMP ignored.
    75|      WARNING - Hiding of rays not used.
    76|     Zemax command MIRR ignored.
    77|     Zemax command SLAB ignored.
    83|     CODE V surface type ASP
    84|     Zemax command FIMP ignored.
    85|      WARNING - Hiding of rays not used.
    86|     Zemax command MIRR ignored.
    87|     Zemax command SLAB ignored.
    88|      WARNING - Partial dispersion of model glass not used.
    89|     Zemax command MEMA ignored.
    90|     Zemax command POPS ignored.
    94|     CODE V surface type ASP
    95|     Zemax command FIMP ignored.
    96|      WARNING - Hiding of rays not used.
    97|     Zemax command MIRR ignored.
    98|     Zemax command SLAB ignored.
   104|     CODE V surface type SPH
   105|     Zemax command FIMP ignored.
   106|      WARNING - Hiding of rays not used.
   107|     Zemax command MIRR ignored.
   108|     Zemax command SLAB ignored.
   114|     CODE V surface type ASP
   115|     Zemax command FIMP ignored.
   116|      WARNING - Hiding of rays not used.
   117|     Zemax command MIRR ignored.
   118|     Zemax command SLAB ignored.
   119|      WARNING - Partial dispersion of model glass not used.
   120|     Zemax command MEMA ignored.
   121|     Zemax command POPS ignored.
   125|     CODE V surface type ASP
   126|     Zemax command FIMP ignored.
   127|      WARNING - Hiding of rays not used.
   128|     Zemax command MIRR ignored.
   129|     Zemax command SLAB ignored.
   135|     CODE V surface type ASP
   136|     Zemax command FIMP ignored.
   137|      WARNING - Hiding of rays not used.
   138|     Zemax command MIRR ignored.
   139|     Zemax command SLAB ignored.
   140|      WARNING - Partial dispersion of model glass not used.
   141|     Zemax command MEMA ignored.
   142|     Zemax command POPS ignored.
   146|     CODE V surface type ASP
   147|     Zemax command FIMP ignored.
   148|      WARNING - Hiding of rays not used.
   149|     Zemax command MIRR ignored.
   150|     Zemax command SLAB ignored.
   156|     CODE V surface type ASP
   157|     Zemax command FIMP ignored.
   158|      WARNING - Hiding of rays not used.
   159|     Zemax command MIRR ignored.
   160|     Zemax command SLAB ignored.
   161|      WARNING - Partial dispersion of model glass not used.
   162|     Zemax command MEMA ignored.
   163|     Zemax command POPS ignored.
   167|     CODE V surface type ASP
   168|     Zemax command FIMP ignored.
   169|      WARNING - Hiding of rays not used.
   170|     Zemax command MIRR ignored.
   171|     Zemax command SLAB ignored.
   177|     CODE V surface type ASP
   178|     Zemax command FIMP ignored.
   179|      WARNING - Hiding of rays not used.
   180|     Zemax command MIRR ignored.
   181|     Zemax command SLAB ignored.
   182|      WARNING - Partial dispersion of model glass not used.
   183|     Zemax command MEMA ignored.
   184|     Zemax command POPS ignored.
   188|     CODE V surface type ASP
   189|     Zemax command FIMP ignored.
   190|      WARNING - Hiding of rays not used.
   191|     Zemax command MIRR ignored.
   192|     Zemax command SLAB ignored.
   198|     CODE V surface type SPH
   199|     Zemax command FIMP ignored.
   200|      WARNING - Hiding of rays not used.
   201|     Zemax command MIRR ignored.
   202|     Zemax command SLAB ignored.
   203|      WARNING - Partial dispersion of model glass not used.
   204|     Zemax command MEMA ignored.
   205|     Zemax command POPS ignored.
   209|     CODE V surface type SPH
   210|     Zemax command FIMP ignored.
   211|      WARNING - Hiding of rays not used.
   212|     Zemax command MIRR ignored.
   213|     Zemax command SLAB ignored.
   219|     CODE V surface type SPH
   220|     Zemax command FIMP ignored.
   221|      WARNING - Hiding of rays not used.
   222|     Zemax command MIRR ignored.
   223|     Zemax command SLAB ignored.
   225|     Zemax command POPS ignored.
   226|   
   227|      WARNING - Please check the converted lens carefully.
   228|                Some information will not be converted.
   229|                Changes in either CODE V or ZEMAX may invalidate
   368|   
   369|      RELATIVE TIME PER CYCLE IS  284.9 UNITS
   370|      WARNING - The macro function SPOTDATA is not supported on multiple threads.
   371|                CODE V will set the multiple processor setting (MPP) to 1 to prevent errors.
   372|                Please refer to the CODE V Setup and Operation Reference Manual for a complete list
   373|                of pre-defined macro functions that are currently limited to running on a single thread.
   374|   
   375|  CYCLE NUMBER 0:
   376|   
   377|   ABERR F. =        0.18130636
   430|   Constraints added:      EFL (=)                     Mn ET S2 (>)
   431|                           Mn CT S5 (>)
   432|  RAY ERROR: MISS 14
   433|  RAY ERROR: REFL 10
   434|  RAY ERROR: MISS 14
   435|  RAY ERROR: MISS 12
   436|   
   437|  CYCLE NUMBER 1:
   438|   
   439|   ABERR F. =        0.50586190
   491|   @ATELIER_LATCOLOR      =   0.00000E+00   8.85910E-01   1.000E-02   7.848E+01
   492|   @ATELIER_RMSSPOT       =   0.00000E+00   3.71913E+01   1.000E-03   1.383E+03
   493|  RAY ERROR: REFL 10
   494|  RAY ERROR: REFL  8
   495|  RAY ERROR: REFL 14
   496|   
   497|  CYCLE NUMBER 2:
   498|   
   499|   ABERR F. =        0.93208753
   552|   @ATELIER_RMSSPOT       =   0.00000E+00   5.04030E+01   1.000E-03   2.540E+03
   553|   
   554|      Normal AUTO Completion - Maximum cycle limit reached
   555| AUT> GO
   556| 
