  
  
                                   Welcome to
  
                                   C O D E   V
  
                                PC  Version 11.5
                                   Build 27302701
  
                                   11-Jul-2026
  
                            A proprietary product of
  
                              SYNOPSYS, INC
                              Pasadena, California
  
CODE V> OUT NO
     Radius input/output mode
  
    Lens data created by Zemax version 200706
  
    Zemax command MODE ignored
    ZEMAX NOTE 0 table5
    Zemax command PFIL ignored
    Zemax command LANG ignored
     WARNING - Glass catalog list not used.
     WARNING - Ray aiming not used.
     WARNING - Pupil shift for ray aiming not used.
    Zemax command SDMA ignored
    Zemax command OMMA ignored
    Zemax command HYPR ignored
     WARNING - Vignetting angles not used.
    Zemax command POLS ignored
    Zemax command GLRS ignored
    Zemax command GSTD ignored
    Zemax command NSCD ignored
    Zemax command COFN ignored
    Zemax command COFN ignored
  
     Surface pointer = OBJ
    Zemax surface type  STANDARD
    CODE V surface type SPH
    Zemax command FIMP ignored.
     WARNING - Hiding of rays not used.
    Zemax command MIRR ignored.
    Zemax command SLAB ignored.
    Zemax command MEMA ignored.
    Zemax command POPS ignored.
  
     Surface pointer = 1
    Zemax surface type  EVENASPH
    CODE V surface type ASP
    Zemax command FIMP ignored.
     WARNING - Hiding of rays not used.
    Zemax command MIRR ignored.
    Zemax command SLAB ignored.
     WARNING - Partial dispersion of model glass not used.
    Zemax command MEMA ignored.
    Zemax command POPS ignored.
  
     Surface pointer = 2
    Zemax surface type  EVENASPH
    CODE V surface type ASP
    Zemax command FIMP ignored.
     WARNING - Hiding of rays not used.
    Zemax command MIRR ignored.
    Zemax command SLAB ignored.
    Zemax command MEMA ignored.
    Zemax command POPS ignored.
  
     Surface pointer = 3
    Zemax surface type  STANDARD
    CODE V surface type SPH
    Zemax command FIMP ignored.
     WARNING - Hiding of rays not used.
    Zemax command MIRR ignored.
    Zemax command SLAB ignored.
    Zemax command MEMA ignored.
    Zemax command POPS ignored.
  
     Surface pointer = 4
    Zemax surface type  EVENASPH
    CODE V surface type ASP
    Zemax command FIMP ignored.
     WARNING - Hiding of rays not used.
    Zemax command MIRR ignored.
    Zemax command SLAB ignored.
     WARNING - Partial dispersion of model glass not used.
    Zemax command MEMA ignored.
    Zemax command POPS ignored.
  
     Surface pointer = 5
    Zemax surface type  EVENASPH
    CODE V surface type ASP
    Zemax command FIMP ignored.
     WARNING - Hiding of rays not used.
    Zemax command MIRR ignored.
    Zemax command SLAB ignored.
    Zemax command MEMA ignored.
    Zemax command POPS ignored.
  
     Surface pointer = 6
    Zemax surface type  EVENASPH
    CODE V surface type ASP
    Zemax command FIMP ignored.
     WARNING - Hiding of rays not used.
    Zemax command MIRR ignored.
    Zemax command SLAB ignored.
     WARNING - Partial dispersion of model glass not used.
    Zemax command MEMA ignored.
    Zemax command POPS ignored.
  
     Surface pointer = 7
    Zemax surface type  EVENASPH
    CODE V surface type ASP
    Zemax command FIMP ignored.
     WARNING - Hiding of rays not used.
    Zemax command MIRR ignored.
    Zemax command SLAB ignored.
    Zemax command MEMA ignored.
    Zemax command POPS ignored.
  
     Surface pointer = 8
    Zemax surface type  EVENASPH
    CODE V surface type ASP
    Zemax command FIMP ignored.
     WARNING - Hiding of rays not used.
    Zemax command MIRR ignored.
    Zemax command SLAB ignored.
     WARNING - Partial dispersion of model glass not used.
    Zemax command MEMA ignored.
    Zemax command POPS ignored.
  
     Surface pointer = 9
    Zemax surface type  EVENASPH
    CODE V surface type ASP
    Zemax command FIMP ignored.
     WARNING - Hiding of rays not used.
    Zemax command MIRR ignored.
    Zemax command SLAB ignored.
    Zemax command MEMA ignored.
    Zemax command POPS ignored.
  
     Surface pointer = 10
    Zemax surface type  EVENASPH
    CODE V surface type ASP
    Zemax command FIMP ignored.
     WARNING - Hiding of rays not used.
    Zemax command MIRR ignored.
    Zemax command SLAB ignored.
     WARNING - Partial dispersion of model glass not used.
    Zemax command MEMA ignored.
    Zemax command POPS ignored.
  
     Surface pointer = 11
    Zemax surface type  EVENASPH
    CODE V surface type ASP
    Zemax command FIMP ignored.
     WARNING - Hiding of rays not used.
    Zemax command MIRR ignored.
    Zemax command SLAB ignored.
    Zemax command MEMA ignored.
    Zemax command POPS ignored.
  
     Surface pointer = 12
    Zemax surface type  EVENASPH
    CODE V surface type ASP
    Zemax command FIMP ignored.
     WARNING - Hiding of rays not used.
    Zemax command MIRR ignored.
    Zemax command SLAB ignored.
     WARNING - Partial dispersion of model glass not used.
    Zemax command MEMA ignored.
    Zemax command POPS ignored.
  
     Surface pointer = 13
    Zemax surface type  EVENASPH
    CODE V surface type ASP
    Zemax command FIMP ignored.
     WARNING - Hiding of rays not used.
    Zemax command MIRR ignored.
    Zemax command SLAB ignored.
    Zemax command MEMA ignored.
    Zemax command POPS ignored.
  
     Surface pointer = 14
    Zemax surface type  STANDARD
    CODE V surface type SPH
    Zemax command FIMP ignored.
     WARNING - Hiding of rays not used.
    Zemax command MIRR ignored.
    Zemax command SLAB ignored.
     WARNING - Partial dispersion of model glass not used.
    Zemax command MEMA ignored.
    Zemax command POPS ignored.
  
     Surface pointer = 15
    Zemax surface type  STANDARD
    CODE V surface type SPH
    Zemax command FIMP ignored.
     WARNING - Hiding of rays not used.
    Zemax command MIRR ignored.
    Zemax command SLAB ignored.
    Zemax command MEMA ignored.
    Zemax command POPS ignored.
  
     Surface pointer = IMG
    Zemax surface type  STANDARD
    CODE V surface type SPH
    Zemax command FIMP ignored.
     WARNING - Hiding of rays not used.
    Zemax command MIRR ignored.
    Zemax command SLAB ignored.
    Zemax command MEMA ignored.
    Zemax command POPS ignored.
  
     WARNING - Please check the converted lens carefully.
               Some information will not be converted.
               Changes in either CODE V or ZEMAX may invalidate
               the converted information.
               Due to differences between CODE V and ZEMAX ray
               aiming and vignetting factors, it is recommended
               that you set vignetting for the converted system.
  
               A concise listing of conversion warnings appears
               in the Tabbed Output Window 'Info' tab and in the
               Command Window.
  
CODE V> DEF VAR SA
     ERROR - Total reflection at surface   9 for zoom position  1
     ERROR - One or more of the reference rays from field  2 is deviated far from
             most of the other rays from this field point.  The reference rays are
             used to determine the numerical aperture and the grid spacing.  Thus, it
             is important that these rays are focused at approximately the same spot
             as the other rays from this field point.  Modifying the vignetting
             may solve this problem and allow the computation to proceed.
CODE V> FNO 2.4
CODE V> VUY 0 0.4 0.4
CODE V> VLY 0 0.4 0.4
CODE V> VUX 0 0.4 0.4
CODE V> VLX 0 0.4 0.4
 
 
CODE V> AUT
     AUT                                                                              11-Jul-26  14H 19M  7S
                                                 CODE V PC  Version: 11.5             CPU clock:  0H  0M  1S
     ***Defocussing frozen to eliminate redundant variable
AUT>   SUR N
AUT>   CHG SA
AUT>   WFR Y
AUT>   WTF FA 10
AUT>   EFL = 2.41636308716203
AUT>   @atelier_latcolor == @lcum(1)
AUT>   @atelier_latcolor = 0
AUT>   WTC 0.01
AUT>   @atelier_rmsspot == @rmssum(1)
AUT>   @atelier_rmsspot = 0
AUT>   WTC 0.001
AUT>   MNT 0.025
AUT>   MNE 0.025
AUT>   MXT 10
AUT>   MNA 0.001
AUT>   MXC 25
AUT>   MNC 3
AUT>   IMP 0.001
AUT> GO
 -------------------------------------------------------------------------------
  
       USER CONSTRAINT DEFINITIONS
            @atelier_rmsspot == @rmssum(1)
  
            @atelier_latcolor == @lcum(1)
  
  
  
       POTENTIALLY ACTIVE SPECIFIC CONSTRAINTS
         EFL                                  =       2.416363
         @ATELIER_LATCOLOR                    =       0.000000     (WTC =    0.01000)
         @ATELIER_RMSSPOT                     =       0.000000     (WTC =    0.00100)
  
       GENERAL CONSTRAINTS
         MXT      10.000000
         MNT       0.025000
         MNE       0.025000
         MNA       0.001000
         MAE       0.002500
         GLA               NFK5  NSK16  NLAF2  SF4
  
       ERROR FUNCTION CONSTRUCTION
         WFR        Y
         WTW       1          1          1
         WTA       0.000000
         DEL       0.220000
         WTX F1   10.000000
         WTX F2   10.000000
         WTX F3   10.000000
         WTY F1   10.000000
         WTY F2   10.000000
         WTY F3   10.000000
  
       CONVERGENCE CONTROLS
         MXC        25
         MNC         3
         TAR       0.000000
         IMP       0.001000
  
       OUTPUT CONTROLS
         SUR NO
         CHG S0..16
  
     Recommendations for most stable convergence:
  
       Use object space aperture specifications:
       - NAO for finite conjugate systems
       - EPD for infinite conjugate systems
  
       VARIABLE LIST
  
         NO      PARAMETERS *
          1      CUY S1       CUY S2
          2      CUY S2       CUY S4
          3      CUY S4       CUY S5
          4      CUY S5       CUY S6
          5      CUY S6       CUY S7
          6      CUY S7       CUY S8
          7      CUY S8       CUY S9
          8      CUY S9       CUY S10
          9      CUY S10       CUY S11
         10      CUY S11       CUY S12
         11      CUY S12       CUY S13
         12      CUY S13
         13      A   S1
         14      A   S2
         15      A   S4
         16      A   S5
         17      A   S6
         18      A   S7
         19      A   S8
         20      A   S9
         21      A   S10
         22      A   S11
         23      A   S12
         24      A   S13
         25      THI S2
         26      THI S3
         27      THI S5
         28      THI S7
         29      THI S9
         30      THI S11
         31      THI S13
         32      THI S15
  
     * Multiple entries on a line are composite variables.
     Composite variables are either program-generated bendings
     or user-requested couplings.
  
      32 VARIABLES
  
      32 CONSTRAINTS CAN BE ACTIVE
  
     RELATIVE TIME PER CYCLE IS  267.8 UNITS
     WARNING - The macro function SPOTDATA is not supported on multiple threads.
               CODE V will set the multiple processor setting (MPP) to 1 to prevent errors.
               Please refer to the CODE V Setup and Operation Reference Manual for a complete list
               of pre-defined macro functions that are currently limited to running on a single thread.
  
 CYCLE NUMBER 0:
  
  ABERR F. =        0.04124660
  CONST F. =      172.27148231
  ERR. F.  =      172.31272891
  
  OPD     0.04880558     0.03835410     0.02706217
  WAV     0.05258451     0.04490509     0.02899500
  
  
  
  Parameter                 Value            Change
  CUY S1                5.44069641E-01      0.00E+00
  CUY S2                4.29184549E-01      0.00E+00
  CUY S4                5.00075011E-02      0.00E+00
  CUY S5               -6.94444444E-01      0.00E+00
  CUY S6               -4.82625483E-01      0.00E+00
  CUY S7               -1.67546285E-02      0.00E+00
  CUY S8                6.02046960E-01      0.00E+00
  CUY S9                5.10725230E-01      0.00E+00
  CUY S10              -7.02740689E-01      0.00E+00
  CUY S11              -1.60771704E+00      0.00E+00
  CUY S12               4.62962963E-01      0.00E+00
  CUY S13               1.33333333E+00      0.00E+00
  A   S1                1.18490000E-03      0.00E+00
  A   S2                3.39250000E-01      0.00E+00
  A   S4               -1.27120000E-01      0.00E+00
  A   S5                6.07450000E-01      0.00E+00
  A   S6                3.93150000E-01      0.00E+00
  A   S7                1.85590000E-01      0.00E+00
  A   S8               -2.75420000E-01      0.00E+00
  A   S9                1.04900000E-01      0.00E+00
  A   S10              -2.22350000E-01      0.00E+00
  A   S11               1.83910000E-01      0.00E+00
  A   S12               1.76650000E-01      0.00E+00
  A   S13               3.90070000E-02      0.00E+00
  THI S2                8.00000000E-02      0.00E+00
  THI S3                6.10000000E-02      0.00E+00
  THI S5                3.70000000E-02      0.00E+00
  THI S7                4.00000000E-02      0.00E+00
  THI S9                3.00000000E-01      0.00E+00
  THI S11               4.00000000E-02      0.00E+00
  THI S13               6.00000000E-01      0.00E+00
  THI S15               2.84000000E-01      0.00E+00
  
        EFL          REDU         PIM          OAL         EN PUP       EX PUP
      2.417572     0.000000     0.260236     4.216000     0.377876    -3.362370
  
  Specific Constraints:        target        value         diff      active (**)
  EFL                    =   2.41636E+00   2.41757E+00   1.209E-03    **
  
  Weighted Constraints:        target        value        WTC/PTC     contrib
  @ATELIER_LATCOLOR      =   0.00000E+00   1.25424E+00   1.000E-02   1.573E+02
  @ATELIER_RMSSPOT       =   0.00000E+00   3.86762E+00   1.000E-03   1.496E+01
  
  Constraints added:      EFL (=)
  
 CYCLE NUMBER 1:
  
  ABERR F. =        0.02552622
  CONST F. =       13.77254373
  ERR. F.  =       13.79806995       (change =     -158.51465896)
  
  OPD     0.01939739     0.02839351     0.02281496
  WAV     0.02339579     0.03263768     0.02437157
  
  
  
  Parameter                 Value            Change
  CUY S1                5.54227650E-01      1.02E-02
  CUY S2                4.34322846E-01      5.14E-03
  CUY S4                4.67954209E-02     -3.21E-03
  CUY S5               -7.00590445E-01     -6.15E-03
  CUY S6               -4.88549533E-01     -5.92E-03
  CUY S7               -1.28603657E-02      3.89E-03
  CUY S8                5.92402282E-01     -9.64E-03
  CUY S9                4.98705761E-01     -1.20E-02
  CUY S10              -7.03295883E-01     -5.55E-04
  CUY S11              -1.60025199E+00      7.47E-03
  CUY S12               4.39673418E-01     -2.33E-02
  CUY S13               1.25845495E+00     -7.49E-02
  A   S1                2.36785505E-03      1.18E-03
  A   S2                3.38680226E-01     -5.70E-04
  A   S4               -1.30593946E-01     -3.47E-03
  A   S5                6.04815556E-01     -2.63E-03
  A   S6                3.91802486E-01     -1.35E-03
  A   S7                1.86493813E-01      9.04E-04
  A   S8               -2.75250356E-01      1.70E-04
  A   S9                1.05225808E-01      3.26E-04
  A   S10              -2.21616754E-01      7.33E-04
  A   S11               1.83454369E-01     -4.56E-04
  A   S12               1.76622777E-01     -2.72E-05
  A   S13               3.90188554E-02      1.19E-05
  THI S2                8.36267154E-02      3.63E-03
  THI S3                5.95791715E-02     -1.42E-03
  THI S5                3.73853650E-02      3.85E-04
  THI S7                4.01845184E-02      1.85E-04
  THI S9                3.00780121E-01      7.80E-04
  THI S11               3.01773059E-02     -9.82E-03
  THI S13               5.93847707E-01     -6.15E-03
  THI S15               2.76797786E-01     -7.20E-03
  
        EFL          REDU         PIM          OAL         EN PUP       EX PUP
      2.416348     0.000000     0.284778     4.203581     0.383091    -3.528996
  
  Active Constraints -   1:    target        value         diff        cost
  EFL                    =   2.41636E+00   2.41635E+00  -1.555E-05  -3.375E-08
  
  Weighted Constraints:        target        value        WTC/PTC     contrib
  @ATELIER_LATCOLOR      =   0.00000E+00   2.08413E-01   1.000E-02   4.344E+00
  @ATELIER_RMSSPOT       =   0.00000E+00   3.07066E+00   1.000E-03   9.429E+00
  
 CYCLE NUMBER 2:
  
  ABERR F. =        0.04077563
  CONST F. =       13.72248914
  ERR. F.  =       13.76326477       (change =       -0.03480518)
  
  OPD     0.05719366     0.02748374     0.02238779
  WAV     0.06251267     0.03114761     0.02387924
  
  
  
  Parameter                 Value            Change
  CUY S1                5.54428308E-01      2.01E-04
  CUY S2                4.34593573E-01      2.71E-04
  CUY S4                4.69779901E-02      1.83E-04
  CUY S5               -7.01516801E-01     -9.26E-04
  CUY S6               -4.89528139E-01     -9.79E-04
  CUY S7               -1.27376028E-02      1.23E-04
  CUY S8                5.93185762E-01      7.83E-04
  CUY S9                4.99292298E-01      5.87E-04
  CUY S10              -7.03521583E-01     -2.26E-04
  CUY S11              -1.60052488E+00     -2.73E-04
  CUY S12               4.39518614E-01     -1.55E-04
  CUY S13               1.25843850E+00     -1.64E-05
  A   S1                2.20127908E-03     -1.67E-04
  A   S2                3.38017446E-01     -6.63E-04
  A   S4               -1.30467443E-01      1.27E-04
  A   S5                6.04763812E-01     -5.17E-05
  A   S6                3.91838078E-01      3.56E-05
  A   S7                1.86477645E-01     -1.62E-05
  A   S8               -2.75304558E-01     -5.42E-05
  A   S9                1.05187371E-01     -3.84E-05
  A   S10              -2.21658030E-01     -4.13E-05
  A   S11               1.83556049E-01      1.02E-04
  A   S12               1.76624898E-01      2.12E-06
  A   S13               3.90173525E-02     -1.50E-06
  THI S2                8.35691904E-02     -5.75E-05
  THI S3                6.02456188E-02      6.66E-04
  THI S5                3.73461075E-02     -3.93E-05
  THI S7                4.01332083E-02     -5.13E-05
  THI S9                3.00756757E-01     -2.34E-05
  THI S11               3.03896050E-02      2.12E-04
  THI S13               5.94083596E-01      2.36E-04
  THI S15               2.77042832E-01      2.45E-04
  
        EFL          REDU         PIM          OAL         EN PUP       EX PUP
      2.416363     0.000000     0.284143     4.204524     0.383037    -3.530893
  
  Active Constraints -   1:    target        value         diff        cost
  EFL                    =   2.41636E+00   2.41636E+00   2.904E-11  -3.816E-05
  
  Weighted Constraints:        target        value        WTC/PTC     contrib
  @ATELIER_LATCOLOR      =   0.00000E+00   1.91866E-01   1.000E-02   3.681E+00
  @ATELIER_RMSSPOT       =   0.00000E+00   3.16879E+00   1.000E-03   1.004E+01
  
 CYCLE NUMBER 3:
  
  ABERR F. =        0.04525858
  CONST F. =       13.51744995
  ERR. F.  =       13.56270853       (change =       -0.20055624)
  
  OPD     0.06475222     0.02876981     0.02294426
  WAV     0.07088656     0.03346727     0.02445564
  
  
  
  Parameter                 Value            Change
  CUY S1                5.54522737E-01      9.44E-05
  CUY S2                4.34742160E-01      1.49E-04
  CUY S4                4.71083961E-02      1.30E-04
  CUY S5               -7.01293703E-01      2.23E-04
  CUY S6               -4.89329137E-01      1.99E-04
  CUY S7               -1.26374415E-02      1.00E-04
  CUY S8                5.93830540E-01      6.45E-04
  CUY S9                4.99819263E-01      5.27E-04
  CUY S10              -7.03644621E-01     -1.23E-04
  CUY S11              -1.60072245E+00     -1.98E-04
  CUY S12               4.38711966E-01     -8.07E-04
  CUY S13               1.25653680E+00     -1.90E-03
  A   S1                2.24127029E-03      4.00E-05
  A   S2                3.37806329E-01     -2.11E-04
  A   S4               -1.29696955E-01      7.70E-04
  A   S5                6.05173994E-01      4.10E-04
  A   S6                3.91875437E-01      3.74E-05
  A   S7                1.86452133E-01     -2.55E-05
  A   S8               -2.75265569E-01      3.90E-05
  A   S9                1.05205205E-01      1.78E-05
  A   S10              -2.21704171E-01     -4.61E-05
  A   S11               1.83544522E-01     -1.15E-05
  A   S12               1.76618945E-01     -5.95E-06
  A   S13               3.90206824E-02      3.33E-06
  THI S2                8.35279881E-02     -4.12E-05
  THI S3                6.03158367E-02      7.02E-05
  THI S5                3.74513475E-02      1.05E-04
  THI S7                4.02240799E-02      9.09E-05
  THI S9                3.00699782E-01     -5.70E-05
  THI S11               2.97357528E-02     -6.54E-04
  THI S13               5.94178727E-01      9.51E-05
  THI S15               2.77137938E-01      9.51E-05
  
        EFL          REDU         PIM          OAL         EN PUP       EX PUP
      2.416363     0.000000     0.284658     4.204134     0.382995    -3.536544
  
  Active Constraints -   1:    target        value         diff        cost
  EFL                    =   2.41636E+00   2.41636E+00  -6.291E-10   1.417E-05
  
  Weighted Constraints:        target        value        WTC/PTC     contrib
  @ATELIER_LATCOLOR      =   0.00000E+00   1.75275E-01   1.000E-02   3.072E+00
  @ATELIER_RMSSPOT       =   0.00000E+00   3.23192E+00   1.000E-03   1.045E+01
  
 CYCLE NUMBER 4:
  
  ABERR F. =        0.03499400
  CONST F. =       11.19024186
  ERR. F.  =       11.22523586       (change =       -2.33747267)
  
  OPD     0.03928504     0.02978190     0.02919132
  WAV     0.04422566     0.03350045     0.03141465
  
  
  
  Parameter                 Value            Change
  CUY S1                5.54470606E-01     -5.21E-05
  CUY S2                4.34610524E-01     -1.32E-04
  CUY S4                4.69814408E-02     -1.27E-04
  CUY S5               -7.01190060E-01      1.04E-04
  CUY S6               -4.89119477E-01      2.10E-04
  CUY S7               -1.25270235E-02      1.10E-04
  CUY S8                5.93186792E-01     -6.44E-04
  CUY S9                4.98881695E-01     -9.38E-04
  CUY S10              -7.03829201E-01     -1.85E-04
  CUY S11              -1.60046413E+00      2.58E-04
  CUY S12               4.38793187E-01      8.12E-05
  CUY S13               1.25580300E+00     -7.34E-04
  A   S1                2.20687590E-03     -3.44E-05
  A   S2                3.37885095E-01      7.88E-05
  A   S4               -1.29766027E-01     -6.91E-05
  A   S5                6.05264748E-01      9.08E-05
  A   S6                3.91799704E-01     -7.57E-05
  A   S7                1.86481532E-01      2.94E-05
  A   S8               -2.75289826E-01     -2.43E-05
  A   S9                1.05318149E-01      1.13E-04
  A   S10              -2.21742172E-01     -3.80E-05
  A   S11               1.83559593E-01      1.51E-05
  A   S12               1.76613750E-01     -5.20E-06
  A   S13               3.90242710E-02      3.59E-06
  THI S2                8.36779384E-02      1.50E-04
  THI S3                6.05190791E-02      2.03E-04
  THI S5                3.74153149E-02     -3.60E-05
  THI S7                4.01824096E-02     -4.17E-05
  THI S9                3.00851395E-01      1.52E-04
  THI S11               2.93051972E-02     -4.31E-04
  THI S13               5.94178575E-01     -1.52E-07
  THI S15               2.77137785E-01     -1.52E-07
  
        EFL          REDU         PIM          OAL         EN PUP       EX PUP
      2.416362     0.000000     0.285289     4.204130     0.383173    -3.540363
  
  Active Constraints -   1:    target        value         diff        cost
  EFL                    =   2.41636E+00   2.41636E+00  -1.021E-06   5.274E-05
  
  Weighted Constraints:        target        value        WTC/PTC     contrib
  @ATELIER_LATCOLOR      =   0.00000E+00   1.58196E-01   1.000E-02   2.503E+00
  @ATELIER_RMSSPOT       =   0.00000E+00   2.94748E+00   1.000E-03   8.688E+00
  
 CYCLE NUMBER 5:
  
  ABERR F. =        0.03752146
  CONST F. =       11.09062454
  ERR. F.  =       11.12814600       (change =       -0.09708985)
  
  OPD     0.04537984     0.03000384     0.02868596
  WAV     0.05062226     0.03392817     0.03083802
  
  
  
  Parameter                 Value            Change
  CUY S1                5.54487743E-01      1.71E-05
  CUY S2                4.34636304E-01      2.58E-05
  CUY S4                4.70095804E-02      2.81E-05
  CUY S5               -7.01256094E-01     -6.60E-05
  CUY S6               -4.89201423E-01     -8.19E-05
  CUY S7               -1.25198955E-02      7.13E-06
  CUY S8                5.93282185E-01      9.54E-05
  CUY S9                4.98953895E-01      7.22E-05
  CUY S10              -7.03860153E-01     -3.10E-05
  CUY S11              -1.60049328E+00     -2.91E-05
  CUY S12               4.38634672E-01     -1.59E-04
  CUY S13               1.25552798E+00     -2.75E-04
  A   S1                2.22630668E-03      1.94E-05
  A   S2                3.37847328E-01     -3.78E-05
  A   S4               -1.29673748E-01      9.23E-05
  A   S5                6.05240856E-01     -2.39E-05
  A   S6                3.91806701E-01      7.00E-06
  A   S7                1.86477569E-01     -3.96E-06
  A   S8               -2.75275608E-01      1.42E-05
  A   S9                1.05327000E-01      8.85E-06
  A   S10              -2.21753242E-01     -1.11E-05
  A   S11               1.83556928E-01     -2.66E-06
  A   S12               1.76613215E-01     -5.35E-07
  A   S13               3.90245865E-02      3.16E-07
  THI S2                8.36743998E-02     -3.54E-06
  THI S3                6.05025111E-02     -1.66E-05
  THI S5                3.74229101E-02      7.60E-06
  THI S7                4.01891166E-02      6.71E-06
  THI S9                3.00847903E-01     -3.49E-06
  THI S11               2.93204649E-02      1.53E-05
  THI S13               5.94193723E-01      1.51E-05
  THI S15               2.77152934E-01      1.51E-05
  
        EFL          REDU         PIM          OAL         EN PUP       EX PUP
      2.416363     0.000000     0.285268     4.204151     0.383170    -3.540789
  
  Active Constraints -   1:    target        value         diff        cost
  EFL                    =   2.41636E+00   2.41636E+00  -3.446E-12   4.248E-05
  
  Weighted Constraints:        target        value        WTC/PTC     contrib
  @ATELIER_LATCOLOR      =   0.00000E+00   1.56476E-01   1.000E-02   2.448E+00
  @ATELIER_RMSSPOT       =   0.00000E+00   2.93975E+00   1.000E-03   8.642E+00
  
 CYCLE NUMBER 6:
  
  ABERR F. =        0.03547310
  CONST F. =       10.91309940
  ERR. F.  =       10.94857250       (change =       -0.17957350)
  
  OPD     0.03785475     0.03077219     0.03164088
  WAV     0.04268251     0.03438013     0.03413506
  
  
  
  Parameter                 Value            Change
  CUY S1                5.54505283E-01      1.75E-05
  CUY S2                4.34611576E-01     -2.47E-05
  CUY S4                4.69349457E-02     -7.46E-05
  CUY S5               -7.01257433E-01     -1.34E-06
  CUY S6               -4.89162220E-01      3.92E-05
  CUY S7               -1.25048935E-02      1.50E-05
  CUY S8                5.92638412E-01     -6.44E-04
  CUY S9                4.98253201E-01     -7.01E-04
  CUY S10              -7.03961031E-01     -1.01E-04
  CUY S11              -1.60043837E+00      5.49E-05
  CUY S12               4.38484858E-01     -1.50E-04
  CUY S13               1.25500083E+00     -5.27E-04
  A   S1                2.20104799E-03     -2.53E-05
  A   S2                3.37938931E-01      9.16E-05
  A   S4               -1.29697180E-01     -2.34E-05
  A   S5                6.05330996E-01      9.01E-05
  A   S6                3.91766560E-01     -4.01E-05
  A   S7                1.86498555E-01      2.10E-05
  A   S8               -2.75287303E-01     -1.17E-05
  A   S9                1.05357636E-01      3.06E-05
  A   S10              -2.21771750E-01     -1.85E-05
  A   S11               1.83567323E-01      1.04E-05
  A   S12               1.76612265E-01     -9.50E-07
  A   S13               3.90252022E-02      6.16E-07
  THI S2                8.36652050E-02     -9.19E-06
  THI S3                6.05928054E-02      9.03E-05
  THI S5                3.74165080E-02     -6.40E-06
  THI S7                4.01755712E-02     -1.35E-05
  THI S9                3.00813029E-01     -3.49E-05
  THI S11               2.92914170E-02     -2.90E-05
  THI S13               5.94214267E-01      2.05E-05
  THI S15               2.77173478E-01      2.05E-05
  
        EFL          REDU         PIM          OAL         EN PUP       EX PUP
      2.416363     0.000000     0.285576     4.204169     0.383160    -3.542410
  
  Active Constraints -   1:    target        value         diff        cost
  EFL                    =   2.41636E+00   2.41636E+00   2.946E-11   4.779E-05
  
  Weighted Constraints:        target        value        WTC/PTC     contrib
  @ATELIER_LATCOLOR      =   0.00000E+00   1.49819E-01   1.000E-02   2.245E+00
  @ATELIER_RMSSPOT       =   0.00000E+00   2.94424E+00   1.000E-03   8.669E+00
  
 CYCLE NUMBER 7:
  
  ABERR F. =        0.03878038
  CONST F. =       10.64616522
  ERR. F.  =       10.68494560       (change =       -0.26362690)
  
  OPD     0.04570946     0.03136692     0.03131535
  WAV     0.05086288     0.03525807     0.03375578
  
  
  
  Parameter                 Value            Change
  CUY S1                5.54530670E-01      2.54E-05
  CUY S2                4.34650527E-01      3.90E-05
  CUY S4                4.69668620E-02      3.19E-05
  CUY S5               -7.01349492E-01     -9.21E-05
  CUY S6               -4.89268929E-01     -1.07E-04
  CUY S7               -1.24970407E-02      7.85E-06
  CUY S8                5.92778332E-01      1.40E-04
  CUY S9                4.98352517E-01      9.93E-05
  CUY S10              -7.04023870E-01     -6.28E-05
  CUY S11              -1.60049891E+00     -6.05E-05
  CUY S12               4.38162382E-01     -3.22E-04
  CUY S13               1.25447380E+00     -5.27E-04
  A   S1                2.21683204E-03      1.58E-05
  A   S2                3.37908181E-01     -3.08E-05
  A   S4               -1.29647146E-01      5.00E-05
  A   S5                6.05301457E-01     -2.95E-05
  A   S6                3.91779392E-01      1.28E-05
  A   S7                1.86492656E-01     -5.90E-06
  A   S8               -2.75275539E-01      1.18E-05
  A   S9                1.05376907E-01      1.93E-05
  A   S10              -2.21788080E-01     -1.63E-05
  A   S11               1.83563733E-01     -3.59E-06
  A   S12               1.76611468E-01     -7.97E-07
  A   S13               3.90256580E-02      4.56E-07
  THI S2                8.36545125E-02     -1.07E-05
  THI S3                6.05666083E-02     -2.62E-05
  THI S5                3.74358149E-02      1.93E-05
  THI S7                4.02075641E-02      3.20E-05
  THI S9                3.00793276E-01     -1.98E-05
  THI S11               2.93458296E-02      5.44E-05
  THI S13               5.94241605E-01      2.73E-05
  THI S15               2.77200815E-01      2.73E-05
  
        EFL          REDU         PIM          OAL         EN PUP       EX PUP
      2.416363     0.000000     0.285517     4.204245     0.383149    -3.543189
  
  Active Constraints -   1:    target        value         diff        cost
  EFL                    =   2.41636E+00   2.41636E+00   5.755E-08   2.818E-05
  
  Weighted Constraints:        target        value        WTC/PTC     contrib
  @ATELIER_LATCOLOR      =   0.00000E+00   1.46689E-01   1.000E-02   2.152E+00
  @ATELIER_RMSSPOT       =   0.00000E+00   2.91452E+00   1.000E-03   8.494E+00
  
 CYCLE NUMBER 8:
  
  ABERR F. =        0.03787791
  CONST F. =       10.54916069
  ERR. F.  =       10.58703860       (change =       -0.09790700)
  
  OPD     0.04318024     0.03128072     0.03202290
  WAV     0.04816365     0.03502266     0.03454867
  
  
  
  Parameter                 Value            Change
  CUY S1                5.54537493E-01      6.82E-06
  CUY S2                4.34652005E-01      1.48E-06
  CUY S4                4.69524245E-02     -1.44E-05
  CUY S5               -7.01359456E-01     -9.96E-06
  CUY S6               -4.89268351E-01      5.77E-07
  CUY S7               -1.24944677E-02      2.57E-06
  CUY S8                5.92736437E-01     -4.19E-05
  CUY S9                4.98303782E-01     -4.87E-05
  CUY S10              -7.04025027E-01     -1.16E-06
  CUY S11              -1.60046920E+00      2.97E-05
  CUY S12               4.38162671E-01      2.88E-07
  CUY S13               1.25439439E+00     -7.94E-05
  A   S1                2.20778941E-03     -9.04E-06
  A   S2                3.37951152E-01      4.30E-05
  A   S4               -1.29673682E-01     -2.65E-05
  A   S5                6.05339222E-01      3.78E-05
  A   S6                3.91770958E-01     -8.43E-06
  A   S7                1.86497992E-01      5.34E-06
  A   S8               -2.75281193E-01     -5.65E-06
  A   S9                1.05374747E-01     -2.16E-06
  A   S10              -2.21794165E-01     -6.09E-06
  A   S11               1.83566840E-01      3.11E-06
  A   S12               1.76611260E-01     -2.09E-07
  A   S13               3.90257972E-02      1.39E-07
  THI S2                8.36591971E-02      4.68E-06
  THI S3                6.05796994E-02      1.31E-05
  THI S5                3.74349618E-02     -8.53E-07
  THI S7                4.02042128E-02     -3.35E-06
  THI S9                3.00799019E-01      5.74E-06
  THI S11               2.93158795E-02     -3.00E-05
  THI S13               5.94247797E-01      6.19E-06
  THI S15               2.77207007E-01      6.19E-06
  
        EFL          REDU         PIM          OAL         EN PUP       EX PUP
      2.416363     0.000000     0.285561     4.204241     0.383156    -3.543501
  
  Active Constraints -   1:    target        value         diff        cost
  EFL                    =   2.41636E+00   2.41636E+00  -6.510E-13   2.553E-06
  
  Weighted Constraints:        target        value        WTC/PTC     contrib
  @ATELIER_LATCOLOR      =   0.00000E+00   1.45470E-01   1.000E-02   2.116E+00
  @ATELIER_RMSSPOT       =   0.00000E+00   2.90397E+00   1.000E-03   8.433E+00
  
 CYCLE NUMBER 9:
  
  ABERR F. =        0.03888354
  CONST F. =       10.51037111
  ERR. F.  =       10.54925464       (change =       -0.03778395)
  
  OPD     0.04558637     0.03150335     0.03174540
  WAV     0.05069880     0.03536855     0.03423339
  
  
  
  Parameter                 Value            Change
  CUY S1                5.54544232E-01      6.74E-06
  CUY S2                4.34661609E-01      9.60E-06
  CUY S4                4.69689055E-02      1.65E-05
  CUY S5               -7.01376093E-01     -1.66E-05
  CUY S6               -4.89297584E-01     -2.92E-05
  CUY S7               -1.24925189E-02      1.95E-06
  CUY S8                5.92777562E-01      4.11E-05
  CUY S9                4.98334321E-01      3.05E-05
  CUY S10              -7.04044566E-01     -1.95E-05
  CUY S11              -1.60048355E+00     -1.43E-05
  CUY S12               4.38101410E-01     -6.13E-05
  CUY S13               1.25428949E+00     -1.05E-04
  A   S1                2.21902757E-03      1.12E-05
  A   S2                3.37939587E-01     -1.16E-05
  A   S4               -1.29645874E-01      2.78E-05
  A   S5                6.05325026E-01     -1.42E-05
  A   S6                3.91781941E-01      1.10E-05
  A   S7                1.86493822E-01     -4.17E-06
  A   S8               -2.75275338E-01      5.85E-06
  A   S9                1.05380785E-01      6.04E-06
  A   S10              -2.21798425E-01     -4.26E-06
  A   S11               1.83565955E-01     -8.85E-07
  A   S12               1.76611079E-01     -1.80E-07
  A   S13               3.90259091E-02      1.12E-07
  THI S2                8.36598116E-02      6.15E-07
  THI S3                6.05753270E-02     -4.37E-06
  THI S5                3.74374624E-02      2.50E-06
  THI S7                4.02033710E-02     -8.42E-07
  THI S9                3.00791400E-01     -7.62E-06
  THI S11               2.93224743E-02      6.59E-06
  THI S13               5.94253799E-01      6.00E-06
  THI S15               2.77213010E-01      6.00E-06
  
        EFL          REDU         PIM          OAL         EN PUP       EX PUP
      2.416363     0.000000     0.285553     4.204244     0.383157    -3.543639
  
  Active Constraints -   1:    target        value         diff        cost
  EFL                    =   2.41636E+00   2.41636E+00  -1.287E-12   2.421E-05
  
  Weighted Constraints:        target        value        WTC/PTC     contrib
  @ATELIER_LATCOLOR      =   0.00000E+00   1.44833E-01   1.000E-02   2.098E+00
  @ATELIER_RMSSPOT       =   0.00000E+00   2.90047E+00   1.000E-03   8.413E+00
  
 CYCLE NUMBER 10:
  
  ABERR F. =        0.03902848
  CONST F. =       10.46323378
  ERR. F.  =       10.50226226       (change =       -0.04699238)
  
  OPD     0.04588401     0.03140750     0.03192939
  WAV     0.05100767     0.03521879     0.03443731
  
  
  
  Parameter                 Value            Change
  CUY S1                5.54553781E-01      9.55E-06
  CUY S2                4.34663301E-01      1.69E-06
  CUY S4                4.69578723E-02     -1.10E-05
  CUY S5               -7.01398528E-01     -2.24E-05
  CUY S6               -4.89315025E-01     -1.74E-05
  CUY S7               -1.24892479E-02      3.27E-06
  CUY S8                5.92745510E-01     -3.21E-05
  CUY S9                4.98304029E-01     -3.03E-05
  CUY S10              -7.04038715E-01      5.85E-06
  CUY S11              -1.60045387E+00      2.97E-05
  CUY S12               4.38060650E-01     -4.08E-05
  CUY S13               1.25413943E+00     -1.50E-04
  A   S1                2.21634393E-03     -2.68E-06
  A   S2                3.37913124E-01     -2.65E-05
  A   S4               -1.29653816E-01     -7.94E-06
  A   S5                6.05330006E-01      4.98E-06
  A   S6                3.91777859E-01     -4.08E-06
  A   S7                1.86495038E-01      1.22E-06
  A   S8               -2.75278002E-01     -2.66E-06
  A   S9                1.05379266E-01     -1.52E-06
  A   S10              -2.21806051E-01     -7.63E-06
  A   S11               1.83566711E-01      7.56E-07
  A   S12               1.76610809E-01     -2.70E-07
  A   S13               3.90260867E-02      1.78E-07
  THI S2                8.36651324E-02      5.32E-06
  THI S3                6.05789671E-02      3.64E-06
  THI S5                3.74373201E-02     -1.42E-07
  THI S7                4.01986868E-02     -4.68E-06
  THI S9                3.00793579E-01      2.18E-06
  THI S11               2.93074245E-02     -1.50E-05
  THI S13               5.94262114E-01      8.32E-06
  THI S15               2.77221325E-01      8.32E-06
  
        EFL          REDU         PIM          OAL         EN PUP       EX PUP
      2.416363     0.000000     0.285594     4.204243     0.383164    -3.544000
  
  Active Constraints -   1:    target        value         diff        cost
  EFL                    =   2.41636E+00   2.41636E+00  -1.683E-13   1.848E-05
  
  Weighted Constraints:        target        value        WTC/PTC     contrib
  @ATELIER_LATCOLOR      =   0.00000E+00   1.43684E-01   1.000E-02   2.064E+00
  @ATELIER_RMSSPOT       =   0.00000E+00   2.89806E+00   1.000E-03   8.399E+00
  
 CYCLE NUMBER 11:
  
  ABERR F. =        0.03902912
  CONST F. =       10.46310852
  ERR. F.  =       10.50213764       (change =       -0.00012462)
  
  OPD     0.04588530     0.03140768     0.03192956
  WAV     0.05100894     0.03521903     0.03443750
  
  
  
  Parameter                 Value            Change
  CUY S1                5.54553778E-01     -3.28E-09
  CUY S2                4.34663303E-01      2.86E-09
  CUY S4                4.69578796E-02      7.28E-09
  CUY S5               -7.01398584E-01     -5.62E-08
  CUY S6               -4.89315084E-01     -5.88E-08
  CUY S7               -1.24892507E-02     -2.82E-09
  CUY S8                5.92745542E-01      3.18E-08
  CUY S9                4.98304009E-01     -1.93E-08
  CUY S10              -7.04038798E-01     -8.29E-08
  CUY S11              -1.60045394E+00     -6.39E-08
  CUY S12               4.38060671E-01      2.08E-08
  CUY S13               1.25413957E+00      1.41E-07
  A   S1                2.21629557E-03     -4.84E-08
  A   S2                3.37913149E-01      2.46E-08
  A   S4               -1.29653827E-01     -1.14E-08
  A   S5                6.05329981E-01     -2.44E-08
  A   S6                3.91777862E-01      3.01E-09
  A   S7                1.86495037E-01     -1.06E-09
  A   S8               -2.75278003E-01     -1.04E-09
  A   S9                1.05379279E-01      1.37E-08
  A   S10              -2.21806048E-01      2.40E-09
  A   S11               1.83566708E-01     -2.99E-09
  A   S12               1.76610819E-01      9.07E-09
  A   S13               3.90260858E-02     -9.15E-10
  THI S2                8.36651237E-02     -8.70E-09
  THI S3                6.05789235E-02     -4.36E-08
  THI S5                3.74373218E-02      1.68E-09
  THI S7                4.01986780E-02     -8.77E-09
  THI S9                3.00793577E-01     -2.02E-09
  THI S11               2.93074559E-02      3.14E-08
  THI S13               5.94262167E-01      5.22E-08
  THI S15               2.77221377E-01      5.22E-08
  
        EFL          REDU         PIM          OAL         EN PUP       EX PUP
      2.416363     0.000000     0.285594     4.204243     0.383164    -3.544000
  
  Active Constraints -   1:    target        value         diff        cost
  EFL                    =   2.41636E+00   2.41636E+00  -8.546E-12   5.664E-05
  
  Weighted Constraints:        target        value        WTC/PTC     contrib
  @ATELIER_LATCOLOR      =   0.00000E+00   1.43681E-01   1.000E-02   2.064E+00
  @ATELIER_RMSSPOT       =   0.00000E+00   2.89805E+00   1.000E-03   8.399E+00
  
     Normal AUTO Completion - System improvement less than IMP
AUT> GO
 
 
CODE V> BUF PUT B1 I^row J1 "schema"
      Created new worksheet B1.
CODE V> BUF PUT B1 I^row J2 "atelier-codev-target-v1"
CODE V> BUF PUT B1 I^row J1 "status"
CODE V> BUF PUT B1 I^row J2 "ok"
CODE V> BUF PUT B1 I^row J1 "mode"
CODE V> BUF PUT B1 I^row J2 "target"
CODE V> BUF PUT B1 I^row J1 "stage"
CODE V> BUF PUT B1 I^row J2 "A"
CODE V> BUF PUT B1 I^row J1 "source_zmx"
CODE V> BUF PUT B1 I^row J2 "US10330891B2.zmx"
CODE V> BUF PUT B1 I^row J1 "num_fields"
CODE V> BUF PUT B1 I^row J2 ^numf_out
CODE V> BUF PUT B1 I^row J1 "vignetting_edge"
CODE V> BUF PUT B1 I^row J2 0.4
CODE V> BUF PUT B1 I^row J1 "target.efl_mm"
CODE V> BUF PUT B1 I^row J2 ^target_efl
CODE V> BUF PUT B1 I^row J1 "target.f_number"
CODE V> BUF PUT B1 I^row J2 2.4
CODE V> BUF PUT B1 I^row J1 "seed_baseline.efl_y_mm"
CODE V> BUF PUT B1 I^row J2 ^seed_baseline_efl_y_mm
CODE V> BUF PUT B1 I^row J1 "seed_baseline.max_lateral_color_um"
CODE V> BUF PUT B1 I^row J2 ^seed_baseline_max_lateral_color_um
CODE V> BUF PUT B1 I^row J1 "seed_baseline.max_rms_spot_diameter_um"
CODE V> BUF PUT B1 I^row J2 ^seed_baseline_max_rms_spot_diameter_um
CODE V> BUF PUT B1 I^row J1 "seed_baseline.max_rms_wavefront_error_waves"
CODE V> BUF PUT B1 I^row J2 ^seed_baseline_max_rms_wavefront_error_waves
CODE V> BUF PUT B1 I^row J1 "seed_baseline.max_distortion_pct"
CODE V> BUF PUT B1 I^row J2 ^seed_baseline_max_distortion_pct
CODE V> BUF PUT B1 I^row J1 "seed_baseline.fno"
CODE V> BUF PUT B1 I^row J2 ^seed_baseline_fno
CODE V> BUF PUT B1 I^row J1 "seed_baseline.epd_mm"
CODE V> BUF PUT B1 I^row J2 ^seed_baseline_epd
CODE V> BUF PUT B1 I^row J1 "seed_baseline.maximh_mm"
CODE V> BUF PUT B1 I^row J2 ^seed_baseline_maximh
CODE V> BUF PUT B1 I^row J1 "config_pre_aut.efl_y_mm"
CODE V> BUF PUT B1 I^row J2 ^config_pre_aut_efl_y_mm
CODE V> BUF PUT B1 I^row J1 "config_pre_aut.max_lateral_color_um"
CODE V> BUF PUT B1 I^row J2 ^config_pre_aut_max_lateral_color_um
CODE V> BUF PUT B1 I^row J1 "config_pre_aut.max_rms_spot_diameter_um"
CODE V> BUF PUT B1 I^row J2 ^config_pre_aut_max_rms_spot_diameter_um
CODE V> BUF PUT B1 I^row J1 "config_pre_aut.max_rms_wavefront_error_waves"
CODE V> BUF PUT B1 I^row J2 ^config_pre_aut_max_rms_wavefront_error_waves
CODE V> BUF PUT B1 I^row J1 "config_pre_aut.max_distortion_pct"
CODE V> BUF PUT B1 I^row J2 ^config_pre_aut_max_distortion_pct
CODE V> BUF PUT B1 I^row J1 "config_pre_aut.fno"
CODE V> BUF PUT B1 I^row J2 ^config_pre_aut_fno
CODE V> BUF PUT B1 I^row J1 "config_pre_aut.epd_mm"
CODE V> BUF PUT B1 I^row J2 ^config_pre_aut_epd
CODE V> BUF PUT B1 I^row J1 "config_pre_aut.maximh_mm"
CODE V> BUF PUT B1 I^row J2 ^config_pre_aut_maximh
CODE V> BUF PUT B1 I^row J1 "post_aut.efl_y_mm"
CODE V> BUF PUT B1 I^row J2 ^post_aut_efl_y_mm
CODE V> BUF PUT B1 I^row J1 "post_aut.max_lateral_color_um"
CODE V> BUF PUT B1 I^row J2 ^post_aut_max_lateral_color_um
CODE V> BUF PUT B1 I^row J1 "post_aut.max_rms_spot_diameter_um"
CODE V> BUF PUT B1 I^row J2 ^post_aut_max_rms_spot_diameter_um
CODE V> BUF PUT B1 I^row J1 "post_aut.max_rms_wavefront_error_waves"
CODE V> BUF PUT B1 I^row J2 ^post_aut_max_rms_wavefront_error_waves
CODE V> BUF PUT B1 I^row J1 "post_aut.max_distortion_pct"
CODE V> BUF PUT B1 I^row J2 ^post_aut_max_distortion_pct
CODE V> BUF PUT B1 I^row J1 "post_aut.fno"
CODE V> BUF PUT B1 I^row J2 ^post_aut_fno
CODE V> BUF PUT B1 I^row J1 "post_aut.epd_mm"
CODE V> BUF PUT B1 I^row J2 ^post_aut_epd
CODE V> BUF PUT B1 I^row J1 "post_aut.maximh_mm"
CODE V> BUF PUT B1 I^row J2 ^post_aut_maximh
CODE V> BUF PUT B1 I^row J1 "efl_target_deviation_pct"
CODE V> BUF PUT B1 I^row J2 ^efl_target_dev_pct
CODE V> BUF PUT B1 I^row J1 "aut_converged"
CODE V> BUF PUT B1 I^row J2 ^aut_converged
CODE V> BUF EXP B1 "D:\atelier-wt-c\.planning\loop\p15-stageb-evidence\fno-matrix-2026-07-11\US10330891B2_loosen\rung3_fno0240\ray_retry\atelier_codev_target_A_vig0400.tsv"
     Buffer B1 exported to file atelier_codev_target_A_vig0400.tsv
CODE V> BUF DEL B1
CODE V> OUT YES
CODE V> EXI YES
     EXI                                                                              11-Jul-26  14H 19M 11S
                                                 CODE V PC  Version: 11.5             CPU clock:  0H  0M  5S
