  
  
                                   Welcome to
  
                                   C O D E   V
  
                                PC  Version 11.5
                                   Build 27302701
  
                                   11-Jul-2026
  
                            A proprietary product of
  
                              SYNOPSYS, INC
                              Pasadena, California
  
CODE V> OUT NO
     Radius input/output mode
  
    Lens data created by Zemax version 200706
  
    Zemax command MODE ignored
    ZEMAX NOTE 0 table5
    Zemax command PFIL ignored
    Zemax command LANG ignored
     WARNING - Glass catalog list not used.
     WARNING - Ray aiming not used.
     WARNING - Pupil shift for ray aiming not used.
    Zemax command SDMA ignored
    Zemax command OMMA ignored
    Zemax command HYPR ignored
     WARNING - Vignetting angles not used.
    Zemax command POLS ignored
    Zemax command GLRS ignored
    Zemax command GSTD ignored
    Zemax command NSCD ignored
    Zemax command COFN ignored
    Zemax command COFN ignored
  
     Surface pointer = OBJ
    Zemax surface type  STANDARD
    CODE V surface type SPH
    Zemax command FIMP ignored.
     WARNING - Hiding of rays not used.
    Zemax command MIRR ignored.
    Zemax command SLAB ignored.
    Zemax command MEMA ignored.
    Zemax command POPS ignored.
  
     Surface pointer = 1
    Zemax surface type  STANDARD
    CODE V surface type SPH
    Zemax command FIMP ignored.
     WARNING - Hiding of rays not used.
    Zemax command MIRR ignored.
    Zemax command SLAB ignored.
    Zemax command MEMA ignored.
    Zemax command POPS ignored.
  
     Surface pointer = 2
    Zemax surface type  EVENASPH
    CODE V surface type ASP
    Zemax command FIMP ignored.
     WARNING - Hiding of rays not used.
    Zemax command MIRR ignored.
    Zemax command SLAB ignored.
     WARNING - Partial dispersion of model glass not used.
    Zemax command MEMA ignored.
    Zemax command POPS ignored.
  
     Surface pointer = 3
    Zemax surface type  EVENASPH
    CODE V surface type ASP
    Zemax command FIMP ignored.
     WARNING - Hiding of rays not used.
    Zemax command MIRR ignored.
    Zemax command SLAB ignored.
    Zemax command MEMA ignored.
    Zemax command POPS ignored.
  
     Surface pointer = 4
    Zemax surface type  EVENASPH
    CODE V surface type ASP
    Zemax command FIMP ignored.
     WARNING - Hiding of rays not used.
    Zemax command MIRR ignored.
    Zemax command SLAB ignored.
     WARNING - Partial dispersion of model glass not used.
    Zemax command MEMA ignored.
    Zemax command POPS ignored.
  
     Surface pointer = 5
    Zemax surface type  EVENASPH
    CODE V surface type ASP
    Zemax command FIMP ignored.
     WARNING - Hiding of rays not used.
    Zemax command MIRR ignored.
    Zemax command SLAB ignored.
    Zemax command MEMA ignored.
    Zemax command POPS ignored.
  
     Surface pointer = 6
    Zemax surface type  EVENASPH
    CODE V surface type ASP
    Zemax command FIMP ignored.
     WARNING - Hiding of rays not used.
    Zemax command MIRR ignored.
    Zemax command SLAB ignored.
     WARNING - Partial dispersion of model glass not used.
    Zemax command MEMA ignored.
    Zemax command POPS ignored.
  
     Surface pointer = 7
    Zemax surface type  EVENASPH
    CODE V surface type ASP
    Zemax command FIMP ignored.
     WARNING - Hiding of rays not used.
    Zemax command MIRR ignored.
    Zemax command SLAB ignored.
    Zemax command MEMA ignored.
    Zemax command POPS ignored.
  
     Surface pointer = 8
    Zemax surface type  EVENASPH
    CODE V surface type ASP
    Zemax command FIMP ignored.
     WARNING - Hiding of rays not used.
    Zemax command MIRR ignored.
    Zemax command SLAB ignored.
     WARNING - Partial dispersion of model glass not used.
    Zemax command MEMA ignored.
    Zemax command POPS ignored.
  
     Surface pointer = 9
    Zemax surface type  EVENASPH
    CODE V surface type ASP
    Zemax command FIMP ignored.
     WARNING - Hiding of rays not used.
    Zemax command MIRR ignored.
    Zemax command SLAB ignored.
    Zemax command MEMA ignored.
    Zemax command POPS ignored.
  
     Surface pointer = 10
    Zemax surface type  EVENASPH
    CODE V surface type ASP
    Zemax command FIMP ignored.
     WARNING - Hiding of rays not used.
    Zemax command MIRR ignored.
    Zemax command SLAB ignored.
     WARNING - Partial dispersion of model glass not used.
    Zemax command MEMA ignored.
    Zemax command POPS ignored.
  
     Surface pointer = 11
    Zemax surface type  EVENASPH
    CODE V surface type ASP
    Zemax command FIMP ignored.
     WARNING - Hiding of rays not used.
    Zemax command MIRR ignored.
    Zemax command SLAB ignored.
    Zemax command MEMA ignored.
    Zemax command POPS ignored.
  
     Surface pointer = 12
    Zemax surface type  EVENASPH
    CODE V surface type ASP
    Zemax command FIMP ignored.
     WARNING - Hiding of rays not used.
    Zemax command MIRR ignored.
    Zemax command SLAB ignored.
     WARNING - Partial dispersion of model glass not used.
    Zemax command MEMA ignored.
    Zemax command POPS ignored.
  
     Surface pointer = 13
    Zemax surface type  EVENASPH
    CODE V surface type ASP
    Zemax command FIMP ignored.
     WARNING - Hiding of rays not used.
    Zemax command MIRR ignored.
    Zemax command SLAB ignored.
    Zemax command MEMA ignored.
    Zemax command POPS ignored.
  
     Surface pointer = 14
    Zemax surface type  STANDARD
    CODE V surface type SPH
    Zemax command FIMP ignored.
     WARNING - Hiding of rays not used.
    Zemax command MIRR ignored.
    Zemax command SLAB ignored.
     WARNING - Partial dispersion of model glass not used.
    Zemax command MEMA ignored.
    Zemax command POPS ignored.
  
     Surface pointer = 15
    Zemax surface type  STANDARD
    CODE V surface type SPH
    Zemax command FIMP ignored.
     WARNING - Hiding of rays not used.
    Zemax command MIRR ignored.
    Zemax command SLAB ignored.
    Zemax command MEMA ignored.
    Zemax command POPS ignored.
  
     Surface pointer = IMG
    Zemax surface type  STANDARD
    CODE V surface type SPH
    Zemax command FIMP ignored.
     WARNING - Hiding of rays not used.
    Zemax command MIRR ignored.
    Zemax command SLAB ignored.
    Zemax command MEMA ignored.
    Zemax command POPS ignored.
  
     WARNING - Please check the converted lens carefully.
               Some information will not be converted.
               Changes in either CODE V or ZEMAX may invalidate
               the converted information.
               Due to differences between CODE V and ZEMAX ray
               aiming and vignetting factors, it is recommended
               that you set vignetting for the converted system.
  
               A concise listing of conversion warnings appears
               in the Tabbed Output Window 'Info' tab and in the
               Command Window.
  
CODE V> DEF VAR SA
     ERROR - Total reflection at surface   9 for zoom position  1
     ERROR - One or more of the reference rays from field  2 is deviated far from
             most of the other rays from this field point.  The reference rays are
             used to determine the numerical aperture and the grid spacing.  Thus, it
             is important that these rays are focused at approximately the same spot
             as the other rays from this field point.  Modifying the vignetting
             may solve this problem and allow the computation to proceed.
CODE V> FNO 2.65096747348583
 
 
CODE V> AUT
     AUT                                                                              11-Jul-26  14H 14M 43S
                                                 CODE V PC  Version: 11.5             CPU clock:  0H  0M  0S
     ***Defocussing frozen to eliminate redundant variable
AUT>   SUR N
AUT>   CHG SA
AUT>   WFR Y
AUT>   WTF FA 10
AUT>   EFL = 4.18514570787019
AUT>   @atelier_latcolor == @lcum(1)
AUT>   @atelier_latcolor = 0
AUT>   WTC 0.01
AUT>   @atelier_rmsspot == @rmssum(1)
AUT>   @atelier_rmsspot = 0
AUT>   WTC 0.001
AUT>   MNT 0.025
AUT>   MNE 0.025
AUT>   MXT 10
AUT>   MNA 0.001
AUT>   MXC 25
AUT>   MNC 3
AUT>   IMP 0.001
AUT> GO
 -------------------------------------------------------------------------------
  
       USER CONSTRAINT DEFINITIONS
            @atelier_rmsspot == @rmssum(1)
  
            @atelier_latcolor == @lcum(1)
  
  
  
       POTENTIALLY ACTIVE SPECIFIC CONSTRAINTS
         EFL                                  =       4.185146
         @ATELIER_LATCOLOR                    =       0.000000     (WTC =    0.01000)
         @ATELIER_RMSSPOT                     =       0.000000     (WTC =    0.00100)
  
       GENERAL CONSTRAINTS
         MXT      10.000000
         MNT       0.025000
         MNE       0.025000
         MNA       0.001000
         MAE       0.002500
         GLA               NFK5  NSK16  NLAF2  SF4
  
       ERROR FUNCTION CONSTRUCTION
         WFR        Y
         WTW       1          1          1
         WTA       0.000000
         DEL       0.220000
         WTX F1   10.000000
         WTX F2   10.000000
         WTX F3   10.000000
         WTY F1   10.000000
         WTY F2   10.000000
         WTY F3   10.000000
  
       CONVERGENCE CONTROLS
         MXC        25
         MNC         3
         TAR       0.000000
         IMP       0.001000
  
       OUTPUT CONTROLS
         SUR NO
         CHG S0..16
  
     Recommendations for most stable convergence:
  
       Use object space aperture specifications:
       - NAO for finite conjugate systems
       - EPD for infinite conjugate systems
  
       VARIABLE LIST
  
         NO      PARAMETERS *
          1      CUY S2       CUY S3       CUY S4       CUY S5
          2      CUY S3       CUY S4
          3      CUY S4       CUY S5
          4      CUY S5       CUY S6
          5      CUY S6       CUY S7       CUY S8       CUY S9
          6      CUY S7       CUY S8
          7      CUY S8       CUY S9
          8      CUY S9       CUY S10
          9      CUY S10       CUY S11
         10      CUY S11       CUY S12
         11      CUY S12       CUY S13
         12      CUY S13
         13      A   S2
         14      A   S3
         15      A   S4
         16      A   S5
         17      A   S6
         18      A   S7
         19      A   S8
         20      A   S9
         21      A   S10
         22      A   S11
         23      A   S12
         24      A   S13
         25      THI S1
         26      THI S3
         27      THI S5
         28      THI S7
         29      THI S9
         30      THI S11
         31      THI S13
         32      THI S15
  
     * Multiple entries on a line are composite variables.
     Composite variables are either program-generated bendings
     or user-requested couplings.
  
      32 VARIABLES
  
      32 CONSTRAINTS CAN BE ACTIVE
  
     RELATIVE TIME PER CYCLE IS  267.8 UNITS
     WARNING - The macro function SPOTDATA is not supported on multiple threads.
               CODE V will set the multiple processor setting (MPP) to 1 to prevent errors.
               Please refer to the CODE V Setup and Operation Reference Manual for a complete list
               of pre-defined macro functions that are currently limited to running on a single thread.
  
 CYCLE NUMBER 0:
  
  ABERR F. =        1.37255305
  CONST F. =     7005.55270195
  ERR. F.  =     7006.92525499
  
  OPD     1.00297791     1.58668589     1.22177232
  WAV     1.08763983     1.81220960     1.34910444
  
  
  
  Parameter                 Value            Change
  CUY S2                4.21940928E-01      0.00E+00
  CUY S3               -4.58652479E-02      0.00E+00
  CUY S4                3.64033491E-01      0.00E+00
  CUY S5                5.85480094E-01      0.00E+00
  CUY S6                1.22549020E-01      0.00E+00
  CUY S7                1.72860847E-01      0.00E+00
  CUY S8                3.26813406E-03      0.00E+00
  CUY S9               -4.32900433E-01      0.00E+00
  CUY S10              -1.09409190E+00      0.00E+00
  CUY S11              -7.97448166E-01      0.00E+00
  CUY S12               5.83090379E-01      0.00E+00
  CUY S13               6.98812020E-01      0.00E+00
  A   S2               -4.32610000E-04      0.00E+00
  A   S3               -3.79240000E-04      0.00E+00
  A   S4               -2.80280000E-02      0.00E+00
  A   S5               -3.37740000E-02      0.00E+00
  A   S6               -5.59350000E-02      0.00E+00
  A   S7               -6.64420000E-02      0.00E+00
  A   S8               -7.60050000E-02      0.00E+00
  A   S9               -3.05400000E-02      0.00E+00
  A   S10              -3.96490000E-02      0.00E+00
  A   S11               1.04980000E-01      0.00E+00
  A   S12              -1.11710000E-01      0.00E+00
  A   S13              -5.35770000E-02      0.00E+00
  THI S1               -2.17000000E-01      0.00E+00
  THI S3                5.00000000E-02      0.00E+00
  THI S5                3.38000000E-01      0.00E+00
  THI S7                1.97000000E-01      0.00E+00
  THI S9                3.86000000E-01      0.00E+00
  THI S11               1.92000000E-01      0.00E+00
  THI S13               8.00000000E-01      0.00E+00
  THI S15               4.00000000E-01      0.00E+00
  
        EFL          REDU         PIM          OAL         EN PUP       EX PUP
      4.186649     0.000000     0.386375     4.871000     0.000000    -3.197874
  
  Specific Constraints:        target        value         diff      active (**)
  EFL                    =   4.18515E+00   4.18665E+00   1.503E-03    **
  
  Weighted Constraints:        target        value        WTC/PTC     contrib
  @ATELIER_LATCOLOR      =   0.00000E+00   3.65694E-01   1.000E-02   1.337E+01
  @ATELIER_RMSSPOT       =   0.00000E+00   8.36193E+01   1.000E-03   6.992E+03
  
  Constraints added:      EFL (=)                     Mn CT S1 (>)
  
 CYCLE NUMBER 1:
  
  ABERR F. =        0.56213250
  CONST F. =     1284.49985566
  ERR. F.  =     1285.06198816       (change =    -5721.86326684)
  
  OPD     0.05512843     0.79565848     0.48746539
  WAV     0.05854200     0.86686883     0.51704438
  
  
  
  Parameter                 Value            Change
  CUY S2                4.36645141E-01      1.47E-02
  CUY S3               -2.71168999E-02      1.87E-02
  CUY S4                3.47228187E-01     -1.68E-02
  CUY S5                5.86415575E-01      9.35E-04
  CUY S6                1.45743441E-01      2.32E-02
  CUY S7                2.01028845E-01      2.82E-02
  CUY S8                3.27579042E-02      2.95E-02
  CUY S9               -4.30648115E-01      2.25E-03
  CUY S10              -1.09381058E+00      2.81E-04
  CUY S11              -8.01618106E-01     -4.17E-03
  CUY S12               6.21312894E-01      3.82E-02
  CUY S13               7.81576669E-01      8.28E-02
  A   S2               -2.46076510E-03     -2.03E-03
  A   S3               -1.32670150E-03     -9.47E-04
  A   S4               -2.45412437E-02      3.49E-03
  A   S5               -3.45962576E-02     -8.22E-04
  A   S6               -5.63285782E-02     -3.94E-04
  A   S7               -6.24488956E-02      3.99E-03
  A   S8               -7.20838150E-02      3.92E-03
  A   S9               -3.13434414E-02     -8.03E-04
  A   S10              -4.18248734E-02     -2.18E-03
  A   S11               1.05137248E-01      1.57E-04
  A   S12              -1.10226578E-01      1.48E-03
  A   S13              -5.15964677E-02      1.98E-03
  THI S1                1.00000000E-03      2.18E-01
  THI S3                7.49218074E-02      2.49E-02
  THI S5                3.14501099E-01     -2.35E-02
  THI S7                1.65783770E-01     -3.12E-02
  THI S9                3.93858230E-01      7.86E-03
  THI S11               2.32622335E-01      4.06E-02
  THI S13               7.70475781E-01     -2.95E-02
  THI S15               3.70475780E-01     -2.95E-02
  
        EFL          REDU         PIM          OAL         EN PUP       EX PUP
      4.184637     0.000000     0.378410     5.078163     0.000000    -3.219788
  
  Active Constraints -   2:    target        value         diff        cost
  EFL                    =   4.18515E+00   4.18464E+00  -5.085E-04   7.673E-08
  Mn CT S1                                                          -4.218E-08
  
  Weighted Constraints:        target        value        WTC/PTC     contrib
  @ATELIER_LATCOLOR      =   0.00000E+00   7.81684E-01   1.000E-02   6.110E+01
  @ATELIER_RMSSPOT       =   0.00000E+00   3.49771E+01   1.000E-03   1.223E+03
  
 CYCLE NUMBER 2:
  
  ABERR F. =        0.06453023
  CONST F. =       33.29748408
  ERR. F.  =       33.36201431       (change =    -1251.69997385)
  
  OPD     0.02096115     0.09283198     0.03953694
  WAV     0.02315291     0.10865504     0.04497345
  
  
  
  Parameter                 Value            Change
  CUY S2                4.24772640E-01     -1.19E-02
  CUY S3               -2.93448358E-02     -2.23E-03
  CUY S4                3.59069860E-01      1.18E-02
  CUY S5                5.85946136E-01     -4.69E-04
  CUY S6                1.44089209E-01     -1.65E-03
  CUY S7                1.91451614E-01     -9.58E-03
  CUY S8                2.46727344E-02     -8.09E-03
  CUY S9               -4.27370754E-01      3.28E-03
  CUY S10              -1.08472442E+00      9.09E-03
  CUY S11              -8.00153818E-01      1.46E-03
  CUY S12               6.12432549E-01     -8.88E-03
  CUY S13               7.81232153E-01     -3.45E-04
  A   S2               -1.58460336E-03      8.76E-04
  A   S3               -4.08749811E-03     -2.76E-03
  A   S4               -2.22384477E-02      2.30E-03
  A   S5               -3.46060531E-02     -9.80E-06
  A   S6               -5.58174350E-02      5.11E-04
  A   S7               -6.26389321E-02     -1.90E-04
  A   S8               -7.20454203E-02      3.84E-05
  A   S9               -3.09884326E-02      3.55E-04
  A   S10              -4.17653888E-02      5.95E-05
  A   S11               1.05966483E-01      8.29E-04
  A   S12              -1.09882578E-01      3.44E-04
  A   S13              -5.16406446E-02     -4.42E-05
  THI S1                1.00000000E-03      2.58E-17
  THI S3                5.37686315E-02     -2.12E-02
  THI S5                3.19408240E-01      4.91E-03
  THI S7                1.67303093E-01      1.52E-03
  THI S9                3.93281759E-01     -5.76E-04
  THI S11               2.08791466E-01     -2.38E-02
  THI S13               7.94080773E-01      2.36E-02
  THI S15               3.94080773E-01      2.36E-02
  
        EFL          REDU         PIM          OAL         EN PUP       EX PUP
      4.184356     0.000000     0.383344     5.062634     0.000000    -3.205353
  
  Active Constraints -   2:    target        value         diff        cost
  EFL                    =   4.18515E+00   4.18436E+00  -7.895E-04   1.509E-07
  Mn CT S1                                                          -1.955E-08
  
  Weighted Constraints:        target        value        WTC/PTC     contrib
  @ATELIER_LATCOLOR      =   0.00000E+00   5.66931E-02   1.000E-02   3.214E-01
  @ATELIER_RMSSPOT       =   0.00000E+00   5.74248E+00   1.000E-03   3.298E+01
  
 CYCLE NUMBER 3:
  
  ABERR F. =        0.07535206
  CONST F. =       33.21633477
  ERR. F.  =       33.29168682       (change =       -0.07032749)
  
  OPD     0.04785957     0.10052739     0.04799115
  WAV     0.05009768     0.11704683     0.05619974
  
  
  
  Parameter                 Value            Change
  CUY S2                4.24733673E-01     -3.90E-05
  CUY S3               -2.93409757E-02      3.86E-06
  CUY S4                3.59251055E-01      1.81E-04
  CUY S5                5.86050692E-01      1.05E-04
  CUY S6                1.44116533E-01      2.73E-05
  CUY S7                1.91462094E-01      1.05E-05
  CUY S8                2.47106134E-02      3.79E-05
  CUY S9               -4.27259848E-01      1.11E-04
  CUY S10              -1.08470265E+00      2.18E-05
  CUY S11              -7.99925507E-01      2.28E-04
  CUY S12               6.12231298E-01     -2.01E-04
  CUY S13               7.80567833E-01     -6.64E-04
  A   S2               -1.59239009E-03     -7.79E-06
  A   S3               -4.07464758E-03      1.29E-05
  A   S4               -2.22539300E-02     -1.55E-05
  A   S5               -3.45975226E-02      8.53E-06
  A   S6               -5.58251082E-02     -7.67E-06
  A   S7               -6.26284295E-02      1.05E-05
  A   S8               -7.20605980E-02     -1.52E-05
  A   S9               -3.09720888E-02      1.63E-05
  A   S10              -4.17718241E-02     -6.44E-06
  A   S11               1.05966984E-01      5.01E-07
  A   S12              -1.09883481E-01     -9.03E-07
  A   S13              -5.16045921E-02      3.61E-05
  THI S1                1.00000000E-03     -2.67E-17
  THI S3                5.39074621E-02      1.39E-04
  THI S5                3.19027020E-01     -3.81E-04
  THI S7                1.67234755E-01     -6.83E-05
  THI S9                3.93104318E-01     -1.77E-04
  THI S11               2.08777608E-01     -1.39E-05
  THI S13               7.93276346E-01     -8.04E-04
  THI S15               3.93276346E-01     -8.04E-04
  
        EFL          REDU         PIM          OAL         EN PUP       EX PUP
      4.185146     0.000000     0.384848     5.061328     0.000000    -3.204763
  
  Active Constraints -   2:    target        value         diff        cost
  EFL                    =   4.18515E+00   4.18515E+00  -3.277E-10   7.802E-04
  Mn CT S1                                                          -6.868E-05
  
  Weighted Constraints:        target        value        WTC/PTC     contrib
  @ATELIER_LATCOLOR      =   0.00000E+00   9.86437E-02   1.000E-02   9.731E-01
  @ATELIER_RMSSPOT       =   0.00000E+00   5.67832E+00   1.000E-03   3.224E+01
  
 CYCLE NUMBER 4:
  
  ABERR F. =        0.06096349
  CONST F. =       27.08429535
  ERR. F.  =       27.14525883       (change =       -6.14642799)
  
  OPD     0.02495797     0.08518757     0.03886914
  WAV     0.02730345     0.10103922     0.04420685
  
  
  
  Parameter                 Value            Change
  CUY S2                4.21197338E-01     -3.54E-03
  CUY S3               -3.31979511E-02     -3.86E-03
  CUY S4                3.52427423E-01     -6.82E-03
  CUY S5                5.75358205E-01     -1.07E-02
  CUY S6                1.38584420E-01     -5.53E-03
  CUY S7                1.88695930E-01     -2.77E-03
  CUY S8                2.18522224E-02     -2.86E-03
  CUY S9               -4.28730900E-01     -1.47E-03
  CUY S10              -1.08444937E+00      2.53E-04
  CUY S11              -8.00160117E-01     -2.35E-04
  CUY S12               6.28470761E-01      1.62E-02
  CUY S13               8.13167509E-01      3.26E-02
  A   S2               -2.69295948E-03     -1.10E-03
  A   S3               -5.24981557E-03     -1.18E-03
  A   S4               -2.17387425E-02      5.15E-04
  A   S5               -3.46671546E-02     -6.96E-05
  A   S6               -5.45596279E-02      1.27E-03
  A   S7               -6.17660241E-02      8.62E-04
  A   S8               -7.12949112E-02      7.66E-04
  A   S9               -3.11215017E-02     -1.49E-04
  A   S10              -4.18437851E-02     -7.20E-05
  A   S11               1.05914600E-01     -5.24E-05
  A   S12              -1.10029179E-01     -1.46E-04
  A   S13              -5.13257307E-02      2.79E-04
  THI S1                1.00000000E-03     -1.91E-17
  THI S3                5.07958348E-02     -3.11E-03
  THI S5                3.24055307E-01      5.03E-03
  THI S7                1.70647778E-01      3.41E-03
  THI S9                3.93051170E-01     -5.31E-05
  THI S11               2.12380230E-01      3.60E-03
  THI S13               7.92772985E-01     -5.03E-04
  THI S15               3.92772985E-01     -5.03E-04
  
        EFL          REDU         PIM          OAL         EN PUP       EX PUP
      4.184118     0.000000     0.375105     5.069703     0.000000    -3.169435
  
  Active Constraints -   2:    target        value         diff        cost
  EFL                    =   4.18515E+00   4.18412E+00  -1.028E-03   8.066E-08
  Mn CT S1                                                          -1.476E-08
  
  Weighted Constraints:        target        value        WTC/PTC     contrib
  @ATELIER_LATCOLOR      =   0.00000E+00   1.26487E-01   1.000E-02   1.600E+00
  @ATELIER_RMSSPOT       =   0.00000E+00   5.04821E+00   1.000E-03   2.548E+01
  
 CYCLE NUMBER 5:
  
  ABERR F. =        0.06129417
  CONST F. =       26.66787457
  ERR. F.  =       26.72916873       (change =       -0.41609010)
  
  OPD     0.03513947     0.07659483     0.04662303
  WAV     0.03797549     0.09472745     0.05339630
  
  
  
  Parameter                 Value            Change
  CUY S2                4.21261508E-01      6.42E-05
  CUY S3               -3.25813689E-02      6.17E-04
  CUY S4                3.55370683E-01      2.94E-03
  CUY S5                5.81523753E-01      6.17E-03
  CUY S6                1.43307954E-01      4.72E-03
  CUY S7                1.90095543E-01      1.40E-03
  CUY S8                2.36823943E-02      1.83E-03
  CUY S9               -4.27017946E-01      1.71E-03
  CUY S10              -1.08421938E+00      2.30E-04
  CUY S11              -8.00315507E-01     -1.55E-04
  CUY S12               6.46995108E-01      1.85E-02
  CUY S13               8.53715987E-01      4.05E-02
  A   S2               -2.59104118E-03      1.02E-04
  A   S3               -5.09358177E-03      1.56E-04
  A   S4               -2.18719888E-02     -1.33E-04
  A   S5               -3.45316803E-02      1.35E-04
  A   S6               -5.47006032E-02     -1.41E-04
  A   S7               -6.22180973E-02     -4.52E-04
  A   S8               -7.14749351E-02     -1.80E-04
  A   S9               -3.09243798E-02      1.97E-04
  A   S10              -4.19024495E-02     -5.87E-05
  A   S11               1.06018759E-01      1.04E-04
  A   S12              -1.10325845E-01     -2.97E-04
  A   S13              -5.13462049E-02     -2.05E-05
  THI S1                1.00000000E-03      0.00E+00
  THI S3                5.44056556E-02      3.61E-03
  THI S5                3.08189532E-01     -1.59E-02
  THI S7                1.72597251E-01      1.95E-03
  THI S9                3.94094981E-01      1.04E-03
  THI S11               2.16385478E-01      4.01E-03
  THI S13               7.93353800E-01      5.81E-04
  THI S15               3.93353800E-01      5.81E-04
  
        EFL          REDU         PIM          OAL         EN PUP       EX PUP
      4.183860     0.000000     0.360873     5.065027     0.000000    -3.108044
  
  Active Constraints -   2:    target        value         diff        cost
  EFL                    =   4.18515E+00   4.18386E+00  -1.286E-03  -6.259E-08
  Mn CT S1                                                          -2.440E-08
  
  Weighted Constraints:        target        value        WTC/PTC     contrib
  @ATELIER_LATCOLOR      =   0.00000E+00   2.37827E-01   1.000E-02   5.656E+00
  @ATELIER_RMSSPOT       =   0.00000E+00   4.58386E+00   1.000E-03   2.101E+01
  
 CYCLE NUMBER 6:
  
  ABERR F. =        0.05728688
  CONST F. =       20.42508376
  ERR. F.  =       20.48237064       (change =       -6.24679809)
  
  OPD     0.02466240     0.07915216     0.04008455
  WAV     0.02947361     0.09092223     0.04555331
  
  
  
  Parameter                 Value            Change
  CUY S2                4.19375554E-01     -1.89E-03
  CUY S3               -3.22700136E-02      3.11E-04
  CUY S4                3.56408097E-01      1.04E-03
  CUY S5                5.78582286E-01     -2.94E-03
  CUY S6                1.41031086E-01     -2.28E-03
  CUY S7                1.84584569E-01     -5.51E-03
  CUY S8                1.86355209E-02     -5.05E-03
  CUY S9               -4.29088881E-01     -2.07E-03
  CUY S10              -1.08635411E+00     -2.13E-03
  CUY S11              -8.00617478E-01     -3.02E-04
  CUY S12               6.30252320E-01     -1.67E-02
  CUY S13               8.18586741E-01     -3.51E-02
  A   S2               -3.31330336E-03     -7.22E-04
  A   S3               -6.28217018E-03     -1.19E-03
  A   S4               -2.11476783E-02      7.24E-04
  A   S5               -3.46854990E-02     -1.54E-04
  A   S6               -5.38695535E-02      8.31E-04
  A   S7               -6.17181842E-02      5.00E-04
  A   S8               -7.08273384E-02      6.48E-04
  A   S9               -2.96305696E-02      1.29E-03
  A   S10              -4.18566535E-02      4.58E-05
  A   S11               1.05995044E-01     -2.37E-05
  A   S12              -1.10311240E-01      1.46E-05
  A   S13              -5.13552742E-02     -9.07E-06
  THI S1                1.00000000E-03      1.15E-17
  THI S3                5.32669056E-02     -1.14E-03
  THI S5                3.10318735E-01      2.13E-03
  THI S7                1.72668882E-01      7.16E-05
  THI S9                3.87556749E-01     -6.54E-03
  THI S11               2.15736950E-01     -6.49E-04
  THI S13               7.96254473E-01      2.90E-03
  THI S15               3.96254473E-01      2.90E-03
  
        EFL          REDU         PIM          OAL         EN PUP       EX PUP
      4.185151     0.000000     0.375492     5.061803     0.000000    -3.153727
  
  Active Constraints -   2:    target        value         diff        cost
  EFL                    =   4.18515E+00   4.18515E+00   5.254E-06   9.934E-08
  Mn CT S1                                                          -1.019E-08
  
  Weighted Constraints:        target        value        WTC/PTC     contrib
  @ATELIER_LATCOLOR      =   0.00000E+00   1.00046E-01   1.000E-02   1.001E+00
  @ATELIER_RMSSPOT       =   0.00000E+00   4.40729E+00   1.000E-03   1.942E+01
  
 CYCLE NUMBER 7:
  
  ABERR F. =        0.05725083
  CONST F. =       20.25541564
  ERR. F.  =       20.31266647       (change =       -0.16970417)
  
  OPD     0.02546440     0.07882623     0.04048639
  WAV     0.02980848     0.09028475     0.04609671
  
  
  
  Parameter                 Value            Change
  CUY S2                4.19392757E-01      1.72E-05
  CUY S3               -3.22405634E-02      2.95E-05
  CUY S4                3.56592194E-01      1.84E-04
  CUY S5                5.78772103E-01      1.90E-04
  CUY S6                1.41055858E-01      2.48E-05
  CUY S7                1.84439352E-01     -1.45E-04
  CUY S8                1.84846446E-02     -1.51E-04
  CUY S9               -4.29085312E-01      3.57E-06
  CUY S10              -1.08634480E+00      9.31E-06
  CUY S11              -8.00604817E-01      1.27E-05
  CUY S12               6.30494927E-01      2.43E-04
  CUY S13               8.19113202E-01      5.26E-04
  A   S2               -3.30648023E-03      6.82E-06
  A   S3               -6.28022962E-03      1.94E-06
  A   S4               -2.11494449E-02     -1.77E-06
  A   S5               -3.46842819E-02      1.22E-06
  A   S6               -5.38713146E-02     -1.76E-06
  A   S7               -6.17324778E-02     -1.43E-05
  A   S8               -7.08296940E-02     -2.36E-06
  A   S9               -2.96339119E-02     -3.34E-06
  A   S10              -4.18605690E-02     -3.92E-06
  A   S11               1.05997642E-01      2.60E-06
  A   S12              -1.10315689E-01     -4.45E-06
  A   S13              -5.13537872E-02      1.49E-06
  THI S1                1.00000000E-03      7.59E-18
  THI S3                5.32978668E-02      3.10E-05
  THI S5                3.10452392E-01      1.34E-04
  THI S7                1.72788158E-01      1.19E-04
  THI S9                3.87460423E-01     -9.63E-05
  THI S11               2.15520708E-01     -2.16E-04
  THI S13               7.96178684E-01     -7.58E-05
  THI S15               3.96178684E-01     -7.58E-05
  
        EFL          REDU         PIM          OAL         EN PUP       EX PUP
      4.185144     0.000000     0.375325     5.061698     0.000000    -3.152945
  
  Active Constraints -   2:    target        value         diff        cost
  EFL                    =   4.18515E+00   4.18514E+00  -1.271E-06   7.029E-05
  Mn CT S1                                                          -3.476E-05
  
  Weighted Constraints:        target        value        WTC/PTC     contrib
  @ATELIER_LATCOLOR      =   0.00000E+00   9.70030E-02   1.000E-02   9.410E-01
  @ATELIER_RMSSPOT       =   0.00000E+00   4.39482E+00   1.000E-03   1.931E+01
  
 CYCLE NUMBER 8:
  
  ABERR F. =        0.05820624
  CONST F. =       20.09612838
  ERR. F.  =       20.15433462       (change =       -0.15833185)
  
  OPD     0.02621011     0.07953200     0.04239300
  WAV     0.03023539     0.09097536     0.04824551
  
  
  
  Parameter                 Value            Change
  CUY S2                4.19390400E-01     -2.36E-06
  CUY S3               -3.22508854E-02     -1.03E-05
  CUY S4                3.56525481E-01     -6.67E-05
  CUY S5                5.78711058E-01     -6.10E-05
  CUY S6                1.41034559E-01     -2.13E-05
  CUY S7                1.84433937E-01     -5.41E-06
  CUY S8                1.84891297E-02      4.49E-06
  CUY S9               -4.29081617E-01      3.70E-06
  CUY S10              -1.08633019E+00      1.46E-05
  CUY S11              -8.00601336E-01      3.48E-06
  CUY S12               6.30465906E-01     -2.90E-05
  CUY S13               8.19001430E-01     -1.12E-04
  A   S2               -3.30723420E-03     -7.54E-07
  A   S3               -6.27239861E-03      7.83E-06
  A   S4               -2.11571312E-02     -7.69E-06
  A   S5               -3.46784502E-02      5.83E-06
  A   S6               -5.38761114E-02     -4.80E-06
  A   S7               -6.17305424E-02      1.94E-06
  A   S8               -7.08384702E-02     -8.78E-06
  A   S9               -2.96283736E-02      5.54E-06
  A   S10              -4.18618803E-02     -1.31E-06
  A   S11               1.05998103E-01      4.61E-07
  A   S12              -1.10314693E-01      9.97E-07
  A   S13              -5.13532392E-02      5.48E-07
  THI S1                1.00000000E-03      0.00E+00
  THI S3                5.33139513E-02      1.61E-05
  THI S5                3.10434004E-01     -1.84E-05
  THI S7                1.72772564E-01     -1.56E-05
  THI S9                3.87408920E-01     -5.15E-05
  THI S11               2.15588917E-01      6.82E-05
  THI S13               7.96194207E-01      1.55E-05
  THI S15               3.96194207E-01      1.55E-05
  
        EFL          REDU         PIM          OAL         EN PUP       EX PUP
      4.185146     0.000000     0.375433     5.061713     0.000000    -3.153190
  
  Active Constraints -   2:    target        value         diff        cost
  EFL                    =   4.18515E+00   4.18515E+00  -3.480E-10   1.733E-04
  Mn CT S1                                                          -3.828E-05
  
  Weighted Constraints:        target        value        WTC/PTC     contrib
  @ATELIER_LATCOLOR      =   0.00000E+00   9.60069E-02   1.000E-02   9.217E-01
  @ATELIER_RMSSPOT       =   0.00000E+00   4.37886E+00   1.000E-03   1.917E+01
  
 CYCLE NUMBER 9:
  
  ABERR F. =        0.05791863
  CONST F. =       19.60612693
  ERR. F.  =       19.66404557       (change =       -0.49028905)
  
  OPD     0.02768792     0.07869674     0.04161445
  WAV     0.03139755     0.09052468     0.04749025
  
  
  
  Parameter                 Value            Change
  CUY S2                4.19487787E-01      9.74E-05
  CUY S3               -3.21412136E-02      1.10E-04
  CUY S4                3.56906760E-01      3.81E-04
  CUY S5                5.79038437E-01      3.27E-04
  CUY S6                1.41084830E-01      5.03E-05
  CUY S7                1.84685686E-01      2.52E-04
  CUY S8                1.87346508E-02      2.46E-04
  CUY S9               -4.29002475E-01      7.91E-05
  CUY S10              -1.08633432E+00     -4.12E-06
  CUY S11              -8.00596045E-01      5.29E-06
  CUY S12               6.30764797E-01      2.99E-04
  CUY S13               8.19916675E-01      9.15E-04
  A   S2               -3.33008076E-03     -2.28E-05
  A   S3               -6.27765462E-03     -5.26E-06
  A   S4               -2.11525036E-02      4.63E-06
  A   S5               -3.46818247E-02     -3.37E-06
  A   S6               -5.38726025E-02      3.51E-06
  A   S7               -6.17095856E-02      2.10E-05
  A   S8               -7.08325480E-02      5.92E-06
  A   S9               -2.96318386E-02     -3.47E-06
  A   S10              -4.18617443E-02      1.36E-07
  A   S11               1.05996914E-01     -1.19E-06
  A   S12              -1.10315870E-01     -1.18E-06
  A   S13              -5.13516566E-02      1.58E-06
  THI S1                1.00000000E-03      0.00E+00
  THI S3                5.33709971E-02      5.70E-05
  THI S5                3.10305718E-01     -1.28E-04
  THI S7                1.72601876E-01     -1.71E-04
  THI S9                3.87483295E-01      7.44E-05
  THI S11               2.15392377E-01     -1.97E-04
  THI S13               7.96327931E-01      1.34E-04
  THI S15               3.96327932E-01      1.34E-04
  
        EFL          REDU         PIM          OAL         EN PUP       EX PUP
      4.185146     0.000000     0.374626     5.061482     0.000000    -3.151364
  
  Active Constraints -   2:    target        value         diff        cost
  EFL                    =   4.18515E+00   4.18515E+00   8.111E-10   1.113E-04
  Mn CT S1                                                          -3.438E-05
  
  Weighted Constraints:        target        value        WTC/PTC     contrib
  @ATELIER_LATCOLOR      =   0.00000E+00   9.36759E-02   1.000E-02   8.775E-01
  @ATELIER_RMSSPOT       =   0.00000E+00   4.32766E+00   1.000E-03   1.873E+01
  
 CYCLE NUMBER 10:
  
  ABERR F. =        0.05750440
  CONST F. =       19.55827887
  ERR. F.  =       19.61578327       (change =       -0.04826230)
  
  OPD     0.02703423     0.07838472     0.04098618
  WAV     0.03087821     0.09025073     0.04676532
  
  
  
  Parameter                 Value            Change
  CUY S2                4.19484864E-01     -2.92E-06
  CUY S3               -3.21458047E-02     -4.59E-06
  CUY S4                3.56893217E-01     -1.35E-05
  CUY S5                5.79028521E-01     -9.92E-06
  CUY S6                1.41085274E-01      4.44E-07
  CUY S7                1.84722846E-01      3.72E-05
  CUY S8                1.87643222E-02      2.97E-05
  CUY S9               -4.29016113E-01     -1.36E-05
  CUY S10              -1.08633841E+00     -4.09E-06
  CUY S11              -8.00594967E-01      1.08E-06
  CUY S12               6.30716355E-01     -4.84E-05
  CUY S13               8.19808116E-01     -1.09E-04
  A   S2               -3.32916570E-03      9.15E-07
  A   S3               -6.27648677E-03      1.17E-06
  A   S4               -2.11484143E-02      4.09E-06
  A   S5               -3.46834247E-02     -1.60E-06
  A   S6               -5.38766046E-02     -4.00E-06
  A   S7               -6.17111007E-02     -1.52E-06
  A   S8               -7.08338641E-02     -1.32E-06
  A   S9               -2.96343105E-02     -2.47E-06
  A   S10              -4.18622549E-02     -5.11E-07
  A   S11               1.05997106E-01      1.92E-07
  A   S12              -1.10314800E-01      1.07E-06
  A   S13              -5.13514439E-02      2.13E-07
  THI S1                1.00000000E-03      0.00E+00
  THI S3                5.33678987E-02     -3.10E-06
  THI S5                3.10278602E-01     -2.71E-05
  THI S7                1.72609482E-01      7.61E-06
  THI S9                3.87496670E-01      1.34E-05
  THI S11               2.15421149E-01      2.88E-05
  THI S13               7.96339252E-01      1.13E-05
  THI S15               3.96339252E-01      1.13E-05
  
        EFL          REDU         PIM          OAL         EN PUP       EX PUP
      4.185146     0.000000     0.374657     5.061513     0.000000    -3.151541
  
  Active Constraints -   2:    target        value         diff        cost
  EFL                    =   4.18515E+00   4.18515E+00  -1.905E-11   1.393E-04
  Mn CT S1                                                          -3.392E-05
  
  Weighted Constraints:        target        value        WTC/PTC     contrib
  @ATELIER_LATCOLOR      =   0.00000E+00   9.36297E-02   1.000E-02   8.767E-01
  @ATELIER_RMSSPOT       =   0.00000E+00   4.32222E+00   1.000E-03   1.868E+01
  
 CYCLE NUMBER 11:
  
  ABERR F. =        0.05810313
  CONST F. =       19.53548931
  ERR. F.  =       19.59359243       (change =       -0.02219084)
  
  OPD     0.02814985     0.07868668     0.04192393
  WAV     0.03178781     0.09063776     0.04783876
  
  
  
  Parameter                 Value            Change
  CUY S2                4.19478912E-01     -5.95E-06
  CUY S3               -3.21488027E-02     -3.00E-06
  CUY S4                3.56928861E-01      3.56E-05
  CUY S5                5.79055423E-01      2.69E-05
  CUY S6                1.41088846E-01      3.57E-06
  CUY S7                1.84725577E-01      2.73E-06
  CUY S8                1.87703919E-02      6.07E-06
  CUY S9               -4.29000327E-01      1.58E-05
  CUY S10              -1.08633439E+00      4.01E-06
  CUY S11              -8.00593227E-01      1.74E-06
  CUY S12               6.30828011E-01      1.12E-04
  CUY S13               8.20057376E-01      2.49E-04
  A   S2               -3.33140672E-03     -2.24E-06
  A   S3               -6.27737713E-03     -8.90E-07
  A   S4               -2.11507957E-02     -2.38E-06
  A   S5               -3.46829061E-02      5.19E-07
  A   S6               -5.38759592E-02      6.45E-07
  A   S7               -6.17083234E-02      2.78E-06
  A   S8               -7.08329203E-02      9.44E-07
  A   S9               -2.96320002E-02      2.31E-06
  A   S10              -4.18628600E-02     -6.05E-07
  A   S11               1.05997381E-01      2.75E-07
  A   S12              -1.10316294E-01     -1.49E-06
  A   S13              -5.13511821E-02      2.62E-07
  THI S1                1.00000000E-03      0.00E+00
  THI S3                5.33751930E-02      7.29E-06
  THI S5                3.10265041E-01     -1.36E-05
  THI S7                1.72610654E-01      1.17E-06
  THI S9                3.87474292E-01     -2.24E-05
  THI S11               2.15356066E-01     -6.51E-05
  THI S13               7.96339855E-01      6.03E-07
  THI S15               3.96339855E-01      6.03E-07
  
        EFL          REDU         PIM          OAL         EN PUP       EX PUP
      4.185146     0.000000     0.374598     5.061421     0.000000    -3.151124
  
  Active Constraints -   2:    target        value         diff        cost
  EFL                    =   4.18515E+00   4.18515E+00   2.592E-11  -6.419E-06
  Mn CT S1                                                          -3.431E-05
  
  Weighted Constraints:        target        value        WTC/PTC     contrib
  @ATELIER_LATCOLOR      =   0.00000E+00   9.31795E-02   1.000E-02   8.682E-01
  @ATELIER_RMSSPOT       =   0.00000E+00   4.32056E+00   1.000E-03   1.867E+01
  
 CYCLE NUMBER 12:
  
  ABERR F. =        0.05760418
  CONST F. =       19.49771426
  ERR. F.  =       19.55531844       (change =       -0.03827399)
  
  OPD     0.02736793     0.07838427     0.04110022
  WAV     0.03115373     0.09031550     0.04690071
  
  
  
  Parameter                 Value            Change
  CUY S2                4.19480383E-01      1.47E-06
  CUY S3               -3.21481170E-02      6.86E-07
  CUY S4                3.56925826E-01     -3.04E-06
  CUY S5                5.79054008E-01     -1.42E-06
  CUY S6                1.41088452E-01     -3.94E-07
  CUY S7                1.84746111E-01      2.05E-05
  CUY S8                1.87906294E-02      2.02E-05
  CUY S9               -4.29002120E-01     -1.79E-06
  CUY S10              -1.08633410E+00      2.92E-07
  CUY S11              -8.00592127E-01      1.10E-06
  CUY S12               6.30812624E-01     -1.54E-05
  CUY S13               8.20026834E-01     -3.05E-05
  A   S2               -3.33119938E-03      2.07E-07
  A   S3               -6.28185368E-03     -4.48E-06
  A   S4               -2.11505843E-02      2.11E-07
  A   S5               -3.46858083E-02     -2.90E-06
  A   S6               -5.38757251E-02      2.34E-07
  A   S7               -6.17085826E-02     -2.59E-07
  A   S8               -7.08304064E-02      2.51E-06
  A   S9               -2.96322005E-02     -2.00E-07
  A   S10              -4.18630313E-02     -1.71E-07
  A   S11               1.05997391E-01      1.04E-08
  A   S12              -1.10315271E-01      1.02E-06
  A   S13              -5.13509758E-02      2.06E-07
  THI S1                1.00000000E-03      0.00E+00
  THI S3                5.33808302E-02      5.64E-06
  THI S5                3.10232734E-01     -3.23E-05
  THI S7                1.72588578E-01     -2.21E-05
  THI S9                3.87476594E-01      2.30E-06
  THI S11               2.15404623E-01      4.86E-05
  THI S13               7.96357576E-01      1.77E-05
  THI S15               3.96357576E-01      1.77E-05
  
        EFL          REDU         PIM          OAL         EN PUP       EX PUP
      4.185146     0.000000     0.374583     5.061441     0.000000    -3.151169
  
  Active Constraints -   2:    target        value         diff        cost
  EFL                    =   4.18515E+00   4.18515E+00  -1.172E-13   2.079E-04
  Mn CT S1                                                          -3.220E-05
  
  Weighted Constraints:        target        value        WTC/PTC     contrib
  @ATELIER_LATCOLOR      =   0.00000E+00   9.30678E-02   1.000E-02   8.662E-01
  @ATELIER_RMSSPOT       =   0.00000E+00   4.31643E+00   1.000E-03   1.863E+01
  
 CYCLE NUMBER 13:
  
  ABERR F. =        0.05798444
  CONST F. =       19.45899626
  ERR. F.  =       19.51698071       (change =       -0.03833773)
  
  OPD     0.02801389     0.07854051     0.04174046
  WAV     0.03168128     0.09058083     0.04763326
  
  
  
  Parameter                 Value            Change
  CUY S2                4.19476850E-01     -3.53E-06
  CUY S3               -3.21509332E-02     -2.82E-06
  CUY S4                3.56942335E-01      1.65E-05
  CUY S5                5.79067112E-01      1.31E-05
  CUY S6                1.41084341E-01     -4.11E-06
  CUY S7                1.84762305E-01      1.62E-05
  CUY S8                1.88101817E-02      1.96E-05
  CUY S9               -4.28997882E-01      4.24E-06
  CUY S10              -1.08633133E+00      2.77E-06
  CUY S11              -8.00591249E-01      8.78E-07
  CUY S12               6.30838279E-01      2.57E-05
  CUY S13               8.20084101E-01      5.73E-05
  A   S2               -3.33280630E-03     -1.61E-06
  A   S3               -6.28159741E-03      2.56E-07
  A   S4               -2.11514640E-02     -8.80E-07
  A   S5               -3.46845703E-02      1.24E-06
  A   S6               -5.38765795E-02     -8.54E-07
  A   S7               -6.17066465E-02      1.94E-06
  A   S8               -7.08323104E-02     -1.90E-06
  A   S9               -2.96313588E-02      8.42E-07
  A   S10              -4.18633350E-02     -3.04E-07
  A   S11               1.05997533E-01      1.42E-07
  A   S12              -1.10315847E-01     -5.76E-07
  A   S13              -5.13508471E-02      1.29E-07
  THI S1                1.00000000E-03      0.00E+00
  THI S3                5.33841085E-02      3.28E-06
  THI S5                3.10216180E-01     -1.66E-05
  THI S7                1.72602286E-01      1.37E-05
  THI S9                3.87466787E-01     -9.81E-06
  THI S11               2.15371761E-01     -3.29E-05
  THI S13               7.96360257E-01      2.68E-06
  THI S15               3.96360257E-01      2.68E-06
  
        EFL          REDU         PIM          OAL         EN PUP       EX PUP
      4.185146     0.000000     0.374586     5.061401     0.000000    -3.151071
  
  Active Constraints -   2:    target        value         diff        cost
  EFL                    =   4.18515E+00   4.18515E+00   3.038E-13   9.997E-05
  Mn CT S1                                                          -3.188E-05
  
  Weighted Constraints:        target        value        WTC/PTC     contrib
  @ATELIER_LATCOLOR      =   0.00000E+00   9.27906E-02   1.000E-02   8.610E-01
  @ATELIER_RMSSPOT       =   0.00000E+00   4.31254E+00   1.000E-03   1.860E+01
  
 CYCLE NUMBER 14:
  
  ABERR F. =        0.05746640
  CONST F. =       19.43372087
  ERR. F.  =       19.49118727       (change =       -0.02579343)
  
  OPD     0.02696740     0.07833909     0.04077914
  WAV     0.03084875     0.09039184     0.04652748
  
  
  
  Parameter                 Value            Change
  CUY S2                4.19478955E-01      2.11E-06
  CUY S3               -3.21499533E-02      9.80E-07
  CUY S4                3.56938384E-01     -3.95E-06
  CUY S5                5.79065544E-01     -1.57E-06
  CUY S6                1.41094692E-01      1.04E-05
  CUY S7                1.84847310E-01      8.50E-05
  CUY S8                1.88938452E-02      8.37E-05
  CUY S9               -4.28991162E-01      6.72E-06
  CUY S10              -1.08633095E+00      3.79E-07
  CUY S11              -8.00588548E-01      2.70E-06
  CUY S12               6.30819773E-01     -1.85E-05
  CUY S13               8.20050083E-01     -3.40E-05
  A   S2               -3.33240053E-03      4.06E-07
  A   S3               -6.28981727E-03     -8.22E-06
  A   S4               -2.11506927E-02      7.71E-07
  A   S5               -3.46848681E-02     -2.98E-07
  A   S6               -5.38763751E-02      2.04E-07
  A   S7               -6.17072273E-02     -5.81E-07
  A   S8               -7.08318507E-02      4.60E-07
  A   S9               -2.96319566E-02     -5.98E-07
  A   S10              -4.18639943E-02     -6.59E-07
  A   S11               1.05997766E-01      2.33E-07
  A   S12              -1.10314386E-01      1.46E-06
  A   S13              -5.13504066E-02      4.41E-07
  THI S1                1.00000000E-03      0.00E+00
  THI S3                5.33953226E-02      1.12E-05
  THI S5                3.10157617E-01     -5.86E-05
  THI S7                1.72571405E-01     -3.09E-05
  THI S9                3.87474134E-01      7.35E-06
  THI S11               2.15419509E-01      4.77E-05
  THI S13               7.96389622E-01      2.94E-05
  THI S15               3.96389622E-01      2.94E-05
  
        EFL          REDU         PIM          OAL         EN PUP       EX PUP
      4.185146     0.000000     0.374568     5.061408     0.000000    -3.151105
  
  Active Constraints -   2:    target        value         diff        cost
  EFL                    =   4.18515E+00   4.18515E+00   1.332E-13   2.084E-04
  Mn CT S1                                                          -3.051E-05
  
  Weighted Constraints:        target        value        WTC/PTC     contrib
  @ATELIER_LATCOLOR      =   0.00000E+00   9.23289E-02   1.000E-02   8.525E-01
  @ATELIER_RMSSPOT       =   0.00000E+00   4.31060E+00   1.000E-03   1.858E+01
  
 CYCLE NUMBER 15:
  
  ABERR F. =        0.05791746
  CONST F. =       19.39296830
  ERR. F.  =       19.45088577       (change =       -0.04030151)
  
  OPD     0.02775136     0.07847612     0.04164175
  WAV     0.03146889     0.09063487     0.04752840
  
  
  
  Parameter                 Value            Change
  CUY S2                4.19473963E-01     -4.99E-06
  CUY S3               -3.21532302E-02     -3.28E-06
  CUY S4                3.56953813E-01      1.54E-05
  CUY S5                5.79076482E-01      1.09E-05
  CUY S6                1.41091384E-01     -3.31E-06
  CUY S7                1.84825174E-01     -2.21E-05
  CUY S8                1.88750969E-02     -1.87E-05
  CUY S9               -4.28985440E-01      5.72E-06
  CUY S10              -1.08632749E+00      3.46E-06
  CUY S11              -8.00587456E-01      1.09E-06
  CUY S12               6.30840473E-01      2.07E-05
  CUY S13               8.20093895E-01      4.38E-05
  A   S2               -3.33363052E-03     -1.23E-06
  A   S3               -6.28959590E-03      2.21E-07
  A   S4               -2.11527258E-02     -2.03E-06
  A   S5               -3.46835305E-02      1.34E-06
  A   S6               -5.38776036E-02     -1.23E-06
  A   S7               -6.17057112E-02      1.52E-06
  A   S8               -7.08339409E-02     -2.09E-06
  A   S9               -2.96302466E-02      1.71E-06
  A   S10              -4.18643968E-02     -4.02E-07
  A   S11               1.05997988E-01      2.21E-07
  A   S12              -1.10315191E-01     -8.05E-07
  A   S13              -5.13502646E-02      1.42E-07
  THI S1                1.00000000E-03      0.00E+00
  THI S3                5.33985540E-02      3.23E-06
  THI S5                3.10157048E-01     -5.69E-07
  THI S7                1.72587681E-01      1.63E-05
  THI S9                3.87458150E-01     -1.60E-05
  THI S11               2.15385698E-01     -3.38E-05
  THI S13               7.96388465E-01     -1.16E-06
  THI S15               3.96388465E-01     -1.16E-06
  
        EFL          REDU         PIM          OAL         EN PUP       EX PUP
      4.185146     0.000000     0.374570     5.061376     0.000000    -3.151029
  
  Active Constraints -   2:    target        value         diff        cost
  EFL                    =   4.18515E+00   4.18515E+00   4.086E-13   1.260E-04
  Mn CT S1                                                          -3.275E-05
  
  Weighted Constraints:        target        value        WTC/PTC     contrib
  @ATELIER_LATCOLOR      =   0.00000E+00   9.19562E-02   1.000E-02   8.456E-01
  @ATELIER_RMSSPOT       =   0.00000E+00   4.30667E+00   1.000E-03   1.855E+01
  
 CYCLE NUMBER 16:
  
  ABERR F. =        0.05756216
  CONST F. =       19.37194155
  ERR. F.  =       19.42950371       (change =       -0.02138206)
  
  OPD     0.02716479     0.07827899     0.04100527
  WAV     0.03101242     0.09045432     0.04679424
  
  
  
  Parameter                 Value            Change
  CUY S2                4.19475466E-01      1.50E-06
  CUY S3               -3.21526013E-02      6.29E-07
  CUY S4                3.56950231E-01     -3.58E-06
  CUY S5                5.79074825E-01     -1.66E-06
  CUY S6                1.41074343E-01     -1.70E-05
  CUY S7                1.84811957E-01     -1.32E-05
  CUY S8                1.88611416E-02     -1.40E-05
  CUY S9               -4.29004900E-01     -1.95E-05
  CUY S10              -1.08632654E+00      9.50E-07
  CUY S11              -8.00584472E-01      2.98E-06
  CUY S12               6.30825309E-01     -1.52E-05
  CUY S13               8.20057614E-01     -3.63E-05
  A   S2               -3.33336065E-03      2.70E-07
  A   S3               -6.29725950E-03     -7.66E-06
  A   S4               -2.11522408E-02      4.85E-07
  A   S5               -3.46838239E-02     -2.93E-07
  A   S6               -5.38773374E-02      2.66E-07
  A   S7               -6.17061061E-02     -3.95E-07
  A   S8               -7.08334760E-02      4.65E-07
  A   S9               -2.96306535E-02     -4.07E-07
  A   S10              -4.18651788E-02     -7.82E-07
  A   S11               1.05998323E-01      3.35E-07
  A   S12              -1.10314310E-01      8.80E-07
  A   S13              -5.13498114E-02      4.53E-07
  THI S1                1.00000000E-03      0.00E+00
  THI S3                5.34087880E-02      1.02E-05
  THI S5                3.10092274E-01     -6.48E-05
  THI S7                1.72587974E-01      2.94E-07
  THI S9                3.87463536E-01      5.39E-06
  THI S11               2.15383176E-01     -2.52E-06
  THI S13               7.96420404E-01      3.19E-05
  THI S15               3.96420404E-01      3.19E-05
  
        EFL          REDU         PIM          OAL         EN PUP       EX PUP
      4.185146     0.000000     0.374587     5.061356     0.000000    -3.151076
  
  Active Constraints -   2:    target        value         diff        cost
  EFL                    =   4.18515E+00   4.18515E+00   7.550E-13   1.982E-04
  Mn CT S1                                                          -3.010E-05
  
  Weighted Constraints:        target        value        WTC/PTC     contrib
  @ATELIER_LATCOLOR      =   0.00000E+00   9.14192E-02   1.000E-02   8.357E-01
  @ATELIER_RMSSPOT       =   0.00000E+00   4.30537E+00   1.000E-03   1.854E+01
  
 CYCLE NUMBER 17:
  
  ABERR F. =        0.05802173
  CONST F. =       19.33891273
  ERR. F.  =       19.39693445       (change =       -0.03256925)
  
  OPD     0.02787001     0.07842919     0.04191996
  WAV     0.03157193     0.09070864     0.04784477
  
  
  
  Parameter                 Value            Change
  CUY S2                4.19470454E-01     -5.01E-06
  CUY S3               -3.21558772E-02     -3.28E-06
  CUY S4                3.56965895E-01      1.57E-05
  CUY S5                5.79086017E-01      1.12E-05
  CUY S6                1.41076363E-01      2.02E-06
  CUY S7                1.84804445E-01     -7.51E-06
  CUY S8                1.88569036E-02     -4.24E-06
  CUY S9               -4.28994061E-01      1.08E-05
  CUY S10              -1.08632315E+00      3.40E-06
  CUY S11              -8.00583387E-01      1.09E-06
  CUY S12               6.30843928E-01      1.86E-05
  CUY S13               8.20097729E-01      4.01E-05
  A   S2               -3.33461224E-03     -1.25E-06
  A   S3               -6.29703359E-03      2.26E-07
  A   S4               -2.11542604E-02     -2.02E-06
  A   S5               -3.46825065E-02      1.32E-06
  A   S6               -5.38785688E-02     -1.23E-06
  A   S7               -6.17045588E-02      1.55E-06
  A   S8               -7.08355655E-02     -2.09E-06
  A   S9               -2.96289630E-02      1.69E-06
  A   S10              -4.18655802E-02     -4.01E-07
  A   S11               1.05998548E-01      2.25E-07
  A   S12              -1.10315119E-01     -8.08E-07
  A   S13              -5.13496734E-02      1.38E-07
  THI S1                1.00000000E-03      0.00E+00
  THI S3                5.34119632E-02      3.18E-06
  THI S5                3.10107110E-01      1.48E-05
  THI S7                1.72598804E-01      1.08E-05
  THI S9                3.87447503E-01     -1.60E-05
  THI S11               2.15360451E-01     -2.27E-05
  THI S13               7.96419251E-01     -1.15E-06
  THI S15               3.96419251E-01     -1.15E-06
  
        EFL          REDU         PIM          OAL         EN PUP       EX PUP
      4.185146     0.000000     0.374576     5.061345     0.000000    -3.151017
  
  Active Constraints -   2:    target        value         diff        cost
  EFL                    =   4.18515E+00   4.18515E+00   1.688E-13   1.358E-04
  Mn CT S1                                                          -3.159E-05
  
  Weighted Constraints:        target        value        WTC/PTC     contrib
  @ATELIER_LATCOLOR      =   0.00000E+00   9.10121E-02   1.000E-02   8.283E-01
  @ATELIER_RMSSPOT       =   0.00000E+00   4.30239E+00   1.000E-03   1.851E+01
  
 CYCLE NUMBER 18:
  
  ABERR F. =        0.05758055
  CONST F. =       19.33193780
  ERR. F.  =       19.38951835       (change =       -0.00741611)
  
  OPD     0.02694789     0.07825583     0.04119829
  WAV     0.03083460     0.09046329     0.04702418
  
  
  
  Parameter                 Value            Change
  CUY S2                4.19471933E-01      1.48E-06
  CUY S3               -3.21552587E-02      6.19E-07
  CUY S4                3.56962243E-01     -3.65E-06
  CUY S5                5.79084289E-01     -1.73E-06
  CUY S6                1.41076428E-01      6.52E-08
  CUY S7                1.84810257E-01      5.81E-06
  CUY S8                1.88620115E-02      5.11E-06
  CUY S9               -4.28996368E-01     -2.31E-06
  CUY S10              -1.08632223E+00      9.19E-07
  CUY S11              -8.00580507E-01      2.88E-06
  CUY S12               6.30829099E-01     -1.48E-05
  CUY S13               8.20063052E-01     -3.47E-05
  A   S2               -3.33434032E-03      2.72E-07
  A   S3               -6.30609556E-03     -9.06E-06
  A   S4               -2.11537860E-02      4.74E-07
  A   S5               -3.46827916E-02     -2.85E-07
  A   S6               -5.38782548E-02      3.14E-07
  A   S7               -6.17049588E-02     -4.00E-07
  A   S8               -7.08351052E-02      4.60E-07
  A   S9               -2.96293557E-02     -3.93E-07
  A   S10              -4.18662989E-02     -7.19E-07
  A   S11               1.05998863E-01      3.15E-07
  A   S12              -1.10314220E-01      8.99E-07
  A   S13              -5.13492392E-02      4.34E-07
  THI S1                1.00000000E-03      0.00E+00
  THI S3                5.34101575E-02     -1.81E-06
  THI S5                3.10099560E-01     -7.55E-06
  THI S7                1.72592410E-01     -6.39E-06
  THI S9                3.87453847E-01      6.34E-06
  THI S11               2.15397679E-01      3.72E-05
  THI S13               7.96452694E-01      3.34E-05
  THI S15               3.96452694E-01      3.34E-05
  
        EFL          REDU         PIM          OAL         EN PUP       EX PUP
      4.185146     0.000000     0.374536     5.061406     0.000000    -3.151110
  
  Active Constraints -   2:    target        value         diff        cost
  EFL                    =   4.18515E+00   4.18515E+00  -1.137E-13   1.989E-04
  Mn CT S1                                                          -2.986E-05
  
  Weighted Constraints:        target        value        WTC/PTC     contrib
  @ATELIER_LATCOLOR      =   0.00000E+00   9.04629E-02   1.000E-02   8.184E-01
  @ATELIER_RMSSPOT       =   0.00000E+00   4.30274E+00   1.000E-03   1.851E+01
  
     Normal AUTO Completion - System improvement less than IMP
AUT> GO
 
 
CODE V> BUF PUT B1 I^row J1 "schema"
      Created new worksheet B1.
CODE V> BUF PUT B1 I^row J2 "atelier-codev-target-v1"
CODE V> BUF PUT B1 I^row J1 "status"
CODE V> BUF PUT B1 I^row J2 "ok"
CODE V> BUF PUT B1 I^row J1 "mode"
CODE V> BUF PUT B1 I^row J2 "target"
CODE V> BUF PUT B1 I^row J1 "stage"
CODE V> BUF PUT B1 I^row J2 "A"
CODE V> BUF PUT B1 I^row J1 "source_zmx"
CODE V> BUF PUT B1 I^row J2 "US20140111876A1.zmx"
CODE V> BUF PUT B1 I^row J1 "num_fields"
CODE V> BUF PUT B1 I^row J2 ^numf_out
CODE V> BUF PUT B1 I^row J1 "vignetting_edge"
CODE V> BUF PUT B1 I^row J2 0
CODE V> BUF PUT B1 I^row J1 "target.efl_mm"
CODE V> BUF PUT B1 I^row J2 ^target_efl
CODE V> BUF PUT B1 I^row J1 "target.f_number"
CODE V> BUF PUT B1 I^row J2 2.65096747348583
CODE V> BUF PUT B1 I^row J1 "seed_baseline.efl_y_mm"
CODE V> BUF PUT B1 I^row J2 ^seed_baseline_efl_y_mm
CODE V> BUF PUT B1 I^row J1 "seed_baseline.max_lateral_color_um"
CODE V> BUF PUT B1 I^row J2 ^seed_baseline_max_lateral_color_um
CODE V> BUF PUT B1 I^row J1 "seed_baseline.max_rms_spot_diameter_um"
CODE V> BUF PUT B1 I^row J2 ^seed_baseline_max_rms_spot_diameter_um
CODE V> BUF PUT B1 I^row J1 "seed_baseline.max_rms_wavefront_error_waves"
CODE V> BUF PUT B1 I^row J2 ^seed_baseline_max_rms_wavefront_error_waves
CODE V> BUF PUT B1 I^row J1 "seed_baseline.max_distortion_pct"
CODE V> BUF PUT B1 I^row J2 ^seed_baseline_max_distortion_pct
CODE V> BUF PUT B1 I^row J1 "seed_baseline.fno"
CODE V> BUF PUT B1 I^row J2 ^seed_baseline_fno
CODE V> BUF PUT B1 I^row J1 "seed_baseline.epd_mm"
CODE V> BUF PUT B1 I^row J2 ^seed_baseline_epd
CODE V> BUF PUT B1 I^row J1 "seed_baseline.maximh_mm"
CODE V> BUF PUT B1 I^row J2 ^seed_baseline_maximh
CODE V> BUF PUT B1 I^row J1 "config_pre_aut.efl_y_mm"
CODE V> BUF PUT B1 I^row J2 ^config_pre_aut_efl_y_mm
CODE V> BUF PUT B1 I^row J1 "config_pre_aut.max_lateral_color_um"
CODE V> BUF PUT B1 I^row J2 ^config_pre_aut_max_lateral_color_um
CODE V> BUF PUT B1 I^row J1 "config_pre_aut.max_rms_spot_diameter_um"
CODE V> BUF PUT B1 I^row J2 ^config_pre_aut_max_rms_spot_diameter_um
CODE V> BUF PUT B1 I^row J1 "config_pre_aut.max_rms_wavefront_error_waves"
CODE V> BUF PUT B1 I^row J2 ^config_pre_aut_max_rms_wavefront_error_waves
CODE V> BUF PUT B1 I^row J1 "config_pre_aut.max_distortion_pct"
CODE V> BUF PUT B1 I^row J2 ^config_pre_aut_max_distortion_pct
CODE V> BUF PUT B1 I^row J1 "config_pre_aut.fno"
CODE V> BUF PUT B1 I^row J2 ^config_pre_aut_fno
CODE V> BUF PUT B1 I^row J1 "config_pre_aut.epd_mm"
CODE V> BUF PUT B1 I^row J2 ^config_pre_aut_epd
CODE V> BUF PUT B1 I^row J1 "config_pre_aut.maximh_mm"
CODE V> BUF PUT B1 I^row J2 ^config_pre_aut_maximh
CODE V> BUF PUT B1 I^row J1 "post_aut.efl_y_mm"
CODE V> BUF PUT B1 I^row J2 ^post_aut_efl_y_mm
CODE V> BUF PUT B1 I^row J1 "post_aut.max_lateral_color_um"
CODE V> BUF PUT B1 I^row J2 ^post_aut_max_lateral_color_um
CODE V> BUF PUT B1 I^row J1 "post_aut.max_rms_spot_diameter_um"
CODE V> BUF PUT B1 I^row J2 ^post_aut_max_rms_spot_diameter_um
CODE V> BUF PUT B1 I^row J1 "post_aut.max_rms_wavefront_error_waves"
CODE V> BUF PUT B1 I^row J2 ^post_aut_max_rms_wavefront_error_waves
CODE V> BUF PUT B1 I^row J1 "post_aut.max_distortion_pct"
CODE V> BUF PUT B1 I^row J2 ^post_aut_max_distortion_pct
CODE V> BUF PUT B1 I^row J1 "post_aut.fno"
CODE V> BUF PUT B1 I^row J2 ^post_aut_fno
CODE V> BUF PUT B1 I^row J1 "post_aut.epd_mm"
CODE V> BUF PUT B1 I^row J2 ^post_aut_epd
CODE V> BUF PUT B1 I^row J1 "post_aut.maximh_mm"
CODE V> BUF PUT B1 I^row J2 ^post_aut_maximh
CODE V> BUF PUT B1 I^row J1 "efl_target_deviation_pct"
CODE V> BUF PUT B1 I^row J2 ^efl_target_dev_pct
CODE V> BUF PUT B1 I^row J1 "aut_converged"
CODE V> BUF PUT B1 I^row J2 ^aut_converged
CODE V> BUF EXP B1 "D:\atelier-wt-c\.planning\loop\p15-stageb-evidence\fno-matrix-2026-07-11\US20140111876A1_loosen\rung2_fno0265\atelier_codev_target_A_vig0000.tsv"
     Buffer B1 exported to file atelier_codev_target_A_vig0000.tsv
CODE V> BUF DEL B1
CODE V> OUT YES
CODE V> EXI YES
     EXI                                                                              11-Jul-26  14H 14M 50S
                                                 CODE V PC  Version: 11.5             CPU clock:  0H  0M  7S
