  
  
                                   Welcome to
  
                                   C O D E   V
  
                                PC  Version 11.5
                                   Build 27302701
  
                                   11-Jul-2026
  
                            A proprietary product of
  
                              SYNOPSYS, INC
                              Pasadena, California
  
CODE V> OUT NO
     Radius input/output mode
  
    Lens data created by Zemax version 191028
  
    Zemax command MODE ignored
     WARNING - Vignetting angles not used.
     ERROR - No wavelength  2 in zoom position  1
  
     Surface pointer = OBJ
    Zemax surface type  STANDARD
    CODE V surface type SPH
    Zemax command FIMP ignored.
     WARNING - Hiding of rays not used.
    Zemax command MIRR ignored.
    Zemax command SLAB ignored.
    Zemax command MEMA ignored.
    Zemax command POPS ignored.
  
     Surface pointer = 1
    Zemax surface type  EVENASPH
    CODE V surface type ASP
    Zemax command FIMP ignored.
     WARNING - Hiding of rays not used.
    Zemax command MIRR ignored.
    Zemax command SLAB ignored.
     WARNING - Partial dispersion of model glass not used.
    Zemax command MEMA ignored.
    Zemax command POPS ignored.
  
     Surface pointer = 2
    Zemax surface type  EVENASPH
    CODE V surface type ASP
    Zemax command FIMP ignored.
     WARNING - Hiding of rays not used.
    Zemax command MIRR ignored.
    Zemax command SLAB ignored.
    Zemax command MEMA ignored.
    Zemax command POPS ignored.
  
     Surface pointer = 3
    Zemax surface type  EVENASPH
    CODE V surface type ASP
    Zemax command FIMP ignored.
     WARNING - Hiding of rays not used.
    Zemax command MIRR ignored.
    Zemax command SLAB ignored.
     WARNING - Partial dispersion of model glass not used.
    Zemax command MEMA ignored.
    Zemax command POPS ignored.
  
     Surface pointer = 4
    Zemax surface type  EVENASPH
    CODE V surface type ASP
    Zemax command FIMP ignored.
     WARNING - Hiding of rays not used.
    Zemax command MIRR ignored.
    Zemax command SLAB ignored.
    Zemax command MEMA ignored.
    Zemax command POPS ignored.
  
     Surface pointer = 5
    Zemax surface type  STANDARD
    CODE V surface type SPH
    Zemax command FIMP ignored.
     WARNING - Hiding of rays not used.
    Zemax command MIRR ignored.
    Zemax command SLAB ignored.
    Zemax command MEMA ignored.
    Zemax command POPS ignored.
  
     Surface pointer = 6
    Zemax surface type  EVENASPH
    CODE V surface type ASP
    Zemax command FIMP ignored.
     WARNING - Hiding of rays not used.
    Zemax command MIRR ignored.
    Zemax command SLAB ignored.
     WARNING - Partial dispersion of model glass not used.
    Zemax command MEMA ignored.
    Zemax command POPS ignored.
  
     Surface pointer = 7
    Zemax surface type  EVENASPH
    CODE V surface type ASP
    Zemax command FIMP ignored.
     WARNING - Hiding of rays not used.
    Zemax command MIRR ignored.
    Zemax command SLAB ignored.
    Zemax command MEMA ignored.
    Zemax command POPS ignored.
  
     Surface pointer = 8
    Zemax surface type  EVENASPH
    CODE V surface type ASP
    Zemax command FIMP ignored.
     WARNING - Hiding of rays not used.
    Zemax command MIRR ignored.
    Zemax command SLAB ignored.
     WARNING - Partial dispersion of model glass not used.
    Zemax command MEMA ignored.
    Zemax command POPS ignored.
  
     Surface pointer = 9
    Zemax surface type  EVENASPH
    CODE V surface type ASP
    Zemax command FIMP ignored.
     WARNING - Hiding of rays not used.
    Zemax command MIRR ignored.
    Zemax command SLAB ignored.
    Zemax command MEMA ignored.
    Zemax command POPS ignored.
  
     Surface pointer = 10
    Zemax surface type  STANDARD
    CODE V surface type SPH
    Zemax command FIMP ignored.
     WARNING - Hiding of rays not used.
    Zemax command MIRR ignored.
    Zemax command SLAB ignored.
     WARNING - Partial dispersion of model glass not used.
    Zemax command MEMA ignored.
    Zemax command POPS ignored.
  
     Surface pointer = 11
    Zemax surface type  STANDARD
    CODE V surface type SPH
    Zemax command FIMP ignored.
     WARNING - Hiding of rays not used.
    Zemax command MIRR ignored.
    Zemax command SLAB ignored.
    Zemax command MEMA ignored.
    Zemax command POPS ignored.
  
     Surface pointer = IMG
    Zemax surface type  STANDARD
    CODE V surface type SPH
    Zemax command FIMP ignored.
     WARNING - Hiding of rays not used.
    Zemax command MIRR ignored.
    Zemax command SLAB ignored.
    Zemax command MEMA ignored.
    Zemax command POPS ignored.
    Zemax command ! AT ignored.
    Zemax command ! AT ignored.
    Zemax command ! AT ignored.
    Zemax command ! AT ignored.
  
     WARNING - Please check the converted lens carefully.
               Some information will not be converted.
               Changes in either CODE V or ZEMAX may invalidate
               the converted information.
               Due to differences between CODE V and ZEMAX ray
               aiming and vignetting factors, it is recommended
               that you set vignetting for the converted system.
  
               A concise listing of conversion warnings appears
               in the Tabbed Output Window 'Info' tab and in the
               Command Window.
  
CODE V> DEF VAR SA
 
 
CODE V> FNO 3.85119813982129
 
 
CODE V> AUT
     AUT                                                                              11-Jul-26  14H  3M 34S
                                                 CODE V PC  Version: 11.5             CPU clock:  0H  0M  1S
     WARNING - CODE V places the reference sphere at the exit pupil.  However,
               the aberrations of this lens make the OPD data (and any quantity
               that depends upon OPD data) very sensitive to the exact value of
               the reference sphere radius.  You can use the RSL command to
               reposition the reference sphere if that is appropriate for
               your application.
     ***Defocussing frozen to eliminate redundant variable
AUT>   SUR N
AUT>   CHG SA
AUT>   WFR Y
AUT>   WTF FA 10
AUT>   EFL = 19.6731294141371
AUT>   @atelier_latcolor == @lcum(1)
AUT>   @atelier_latcolor = 0
AUT>   WTC 0.01
AUT>   @atelier_rmsspot == @rmssum(1)
AUT>   @atelier_rmsspot = 0
AUT>   WTC 0.001
AUT>   MNT 0.025
AUT>   MNE 0.025
AUT>   MXT 10
AUT>   MNA 0.001
AUT>   MXC 25
AUT>   MNC 3
AUT>   IMP 0.001
AUT> GO
 -------------------------------------------------------------------------------
  
       USER CONSTRAINT DEFINITIONS
            @atelier_rmsspot == @rmssum(1)
  
            @atelier_latcolor == @lcum(1)
  
  
  
       POTENTIALLY ACTIVE SPECIFIC CONSTRAINTS
         EFL                                  =      19.673129
         @ATELIER_LATCOLOR                    =       0.000000     (WTC =    0.01000)
         @ATELIER_RMSSPOT                     =       0.000000     (WTC =    0.00100)
  
       GENERAL CONSTRAINTS
         MXT      10.000000
         MNT       0.025000
         MNE       0.025000
         MNA       0.001000
         MAE       0.002500
         GLA               NFK5  NSK16  NLAF2  SF4
  
       ERROR FUNCTION CONSTRUCTION
         WFR        Y
         WTW       1
         WTA       0.000000
         DEL       0.220000
         WTX F1   10.000000
         WTX F2   10.000000
         WTY F1   10.000000
         WTY F2   10.000000
  
       CONVERGENCE CONTROLS
         MXC        25
         MNC         3
         TAR       0.000000
         IMP       0.001000
  
       OUTPUT CONTROLS
         SUR NO
         CHG S0..12
  
     Recommendations for most stable convergence:
  
       Use object space aperture specifications:
       - NAO for finite conjugate systems
       - EPD for infinite conjugate systems
  
       VARIABLE LIST
  
         NO      PARAMETERS *
          1      CUY S1       CUY S2
          2      CUY S2       CUY S3
          3      CUY S3       CUY S4
          4      CUY S4
          5      CUY S6       CUY S7
          6      CUY S7
          7      CUY S8       CUY S9
          8      CUY S9
          9      A   S1
         10      A   S2
         11      A   S3
         12      A   S4
         13      A   S6
         14      A   S7
         15      A   S8
         16      A   S9
         17      THI S2
         18      THI S4
         19      THI S5
         20      THI S7
         21      THI S9
         22      THI S11
  
     * Multiple entries on a line are composite variables.
     Composite variables are either program-generated bendings
     or user-requested couplings.
  
      22 VARIABLES
  
      22 CONSTRAINTS CAN BE ACTIVE
  
     RELATIVE TIME PER CYCLE IS   58.4 UNITS
     WARNING - The macro function SPOTDATA is not supported on multiple threads.
               CODE V will set the multiple processor setting (MPP) to 1 to prevent errors.
               Please refer to the CODE V Setup and Operation Reference Manual for a complete list
               of pre-defined macro functions that are currently limited to running on a single thread.
  
 CYCLE NUMBER 0:
  
  ABERR F. =       61.68948886
  CONST F. =      0.194305E+07
  ERR. F.  =      0.194311E+07
  
  OPD    31.63968405    80.37635960
  WAV    32.90700127    81.71947516
  
  
  
  Parameter                 Value            Change
  CUY S1                1.11756817E-01      0.00E+00
  CUY S2               -7.53068755E-02      0.00E+00
  CUY S3               -5.15198351E-02      0.00E+00
  CUY S4                6.86059276E-02      0.00E+00
  CUY S6                1.06734977E-01      0.00E+00
  CUY S7                1.25134520E-02      0.00E+00
  CUY S8               -2.57440016E-02      0.00E+00
  CUY S9                1.05652404E-01      0.00E+00
  A   S1               -7.30400000E-04      0.00E+00
  A   S2               -1.16320000E-03      0.00E+00
  A   S3               -1.60550000E-02      0.00E+00
  A   S4               -1.55430000E-02      0.00E+00
  A   S6                0.00000000E+00      0.00E+00
  A   S7                0.00000000E+00      0.00E+00
  A   S8                0.00000000E+00      0.00E+00
  A   S9                0.00000000E+00      0.00E+00
  THI S2                5.00000000E-02      0.00E+00
  THI S4                2.20000000E-01      0.00E+00
  THI S5                6.09600000E+00      0.00E+00
  THI S7                3.83000000E+00      0.00E+00
  THI S9                4.00000000E+00      0.00E+00
  THI S11               6.76000000E-01      0.00E+00
  
        EFL          REDU         PIM          OAL         EN PUP       EX PUP
     19.682882     0.000000     0.690427    20.780000     3.129062   -10.505106
  
  Specific Constraints:        target        value         diff      active (**)
  EFL                    =   1.96731E+01   1.96829E+01   9.753E-03    **
  
  Weighted Constraints:        target        value        WTC/PTC     contrib
  @ATELIER_LATCOLOR      =   0.00000E+00   0.00000E+00   1.000E-02   0.000E+00
  @ATELIER_RMSSPOT       =   0.00000E+00   1.39393E+03   1.000E-03   1.943E+06
  
  Constraints added:      EFL (=)
  Constraints added:      Mn CT S2 (>)                Mn ET S4 (>)
  Constraints added:      Mn CT S5 (>)
  
 CYCLE NUMBER 1:
  
  ABERR F. =        5.64286756
  CONST F. =      0.333296E+06
  ERR. F.  =      0.333302E+06       (change =     -0.160981E+07)
  
  OPD     5.38381257     4.97331337
  WAV     6.17443304     5.96027767
  
  
  
  Parameter                 Value            Change
  CUY S1                8.45436389E-02     -2.72E-02
  CUY S2               -9.64702735E-02     -2.12E-02
  CUY S3               -2.34604341E-02      2.81E-02
  CUY S4                9.03060434E-02      2.17E-02
  CUY S6                1.07884225E-01      1.15E-03
  CUY S7                1.49878117E-02      2.47E-03
  CUY S8                5.64582127E-02      8.22E-02
  CUY S9                2.03213984E-01      9.76E-02
  A   S1                2.73500082E-04      1.00E-03
  A   S2               -2.17757905E-03     -1.01E-03
  A   S3               -1.55248410E-02      5.30E-04
  A   S4               -1.59529410E-02     -4.10E-04
  A   S6               -1.01175311E-04     -1.01E-04
  A   S7                1.31146349E-04      1.31E-04
  A   S8               -1.12205904E-03     -1.12E-03
  A   S9                2.51068581E-03      2.51E-03
  THI S2                1.00000000E-03     -4.90E-02
  THI S4                2.50012647E-03     -2.17E-01
  THI S5                1.00000000E-03     -6.10E+00
  THI S7                3.93135302E+00      1.01E-01
  THI S9                5.10251091E+00      1.10E+00
  THI S11               1.77851091E+00      1.10E+00
  
        EFL          REDU         PIM          OAL         EN PUP       EX PUP
     19.689692     0.000000     1.989198    15.622364     2.669543    -8.691134
  
  Active Constraints -   4:    target        value         diff        cost
  EFL                    =   1.96731E+01   1.96897E+01   1.656E-02   5.282E-02
  Mn CT S2                                                          -3.161E-03
  Mn ET S4                                                          -1.722E-04
  Mn CT S5                                                          -6.966E-08
  
  Weighted Constraints:        target        value        WTC/PTC     contrib
  @ATELIER_LATCOLOR      =   0.00000E+00   0.00000E+00   1.000E-02   0.000E+00
  @ATELIER_RMSSPOT       =   0.00000E+00   5.77318E+02   1.000E-03   3.333E+05
  
  Constraints released:   Mn ET S4 (>)
  
 CYCLE NUMBER 2:
  
  ABERR F. =        5.22639349
  CONST F. =    45310.53868109
  ERR. F.  =    45315.76507458       (change =  -287985.83910591)
  
  OPD     3.09048402     6.60649887
  WAV     3.19011676     6.77399378
  
  
  
  Parameter                 Value            Change
  CUY S1                8.76021115E-02      3.06E-03
  CUY S2               -7.90999154E-02      1.74E-02
  CUY S3               -4.49525660E-02     -2.15E-02
  CUY S4                4.21628445E-02     -4.81E-02
  CUY S6                6.79496757E-02     -3.99E-02
  CUY S7               -3.11058504E-02     -4.61E-02
  CUY S8               -1.33069557E-01     -1.90E-01
  CUY S9                8.17681862E-03     -1.95E-01
  A   S1                2.28590698E-04     -4.49E-05
  A   S2               -2.10786860E-03      6.97E-05
  A   S3               -1.55841351E-02     -5.93E-05
  A   S4               -1.58679844E-02      8.50E-05
  A   S6               -1.91533050E-04     -9.04E-05
  A   S7                2.92583639E-04      1.61E-04
  A   S8               -1.70311427E-03     -5.81E-04
  A   S9                2.63267298E-03      1.22E-04
  THI S2                1.00000000E-03      1.07E-16
  THI S4                2.53800980E-01      2.51E-01
  THI S5                1.00000000E-03      7.18E-15
  THI S7                3.70543973E+00     -2.26E-01
  THI S9                4.99278608E+00     -1.10E-01
  THI S11               1.66878608E+00     -1.10E-01
  
        EFL          REDU         PIM          OAL         EN PUP       EX PUP
     19.161795     0.000000     2.611810    15.538027     2.990792    -8.800782
  
  Active Constraints -   3:    target        value         diff        cost
  EFL                    =   1.96731E+01   1.91618E+01  -5.113E-01   2.226E-03
  Mn CT S2                                                          -1.013E-05
  Mn CT S5                                                          -2.748E-06
  
  Weighted Constraints:        target        value        WTC/PTC     contrib
  @ATELIER_LATCOLOR      =   0.00000E+00   0.00000E+00   1.000E-02   0.000E+00
  @ATELIER_RMSSPOT       =   0.00000E+00   2.12863E+02   1.000E-03   4.531E+04
  
  Constraints released:   Mn CT S2 (>)
  Constraints added:      Mn ET S4 (>)
  
 CYCLE NUMBER 3:
  
  ABERR F. =        1.34522356
  CONST F. =    10115.40788603
  ERR. F.  =    10116.75310958       (change =   -35199.01196500)
  
  OPD     1.09247075     1.43467644
  WAV     1.21553906     1.58403965
  
  
  
  Parameter                 Value            Change
  CUY S1                7.66944381E-02     -1.09E-02
  CUY S2               -8.77338271E-02     -8.63E-03
  CUY S3               -3.82532047E-02      6.70E-03
  CUY S4                4.58486343E-02      3.69E-03
  CUY S6                5.56214162E-02     -1.23E-02
  CUY S7               -4.43493496E-02     -1.32E-02
  CUY S8               -1.56579460E-01     -2.35E-02
  CUY S9               -1.10541200E-02     -1.92E-02
  A   S1                2.90871324E-04      6.23E-05
  A   S2               -2.07169362E-03      3.62E-05
  A   S3               -1.56200716E-02     -3.59E-05
  A   S4               -1.57617197E-02      1.06E-04
  A   S6               -3.07184714E-04     -1.16E-04
  A   S7                5.49497947E-04      2.57E-04
  A   S8               -8.86393201E-04      8.17E-04
  A   S9                1.47124115E-03     -1.16E-03
  THI S2                5.16508392E-02      5.07E-02
  THI S4                2.50058578E-03     -2.51E-01
  THI S5                1.00000000E-03      0.00E+00
  THI S7                3.74377819E+00      3.83E-02
  THI S9                5.68787659E+00      6.95E-01
  THI S11               2.36387659E+00      6.95E-01
  
        EFL          REDU         PIM          OAL         EN PUP       EX PUP
     19.672225     0.000000     2.389489    16.070806     2.694766    -9.520810
  
  Active Constraints -   3:    target        value         diff        cost
  EFL                    =   1.96731E+01   1.96722E+01  -9.039E-04   1.840E-04
  Mn ET S4                                                          -1.525E-07
  Mn CT S5                                                          -1.840E-07
  
  Weighted Constraints:        target        value        WTC/PTC     contrib
  @ATELIER_LATCOLOR      =   0.00000E+00   0.00000E+00   1.000E-02   0.000E+00
  @ATELIER_RMSSPOT       =   0.00000E+00   1.00575E+02   1.000E-03   1.012E+04
  
  Constraints released:   Mn CT S5 (>)
  
 CYCLE NUMBER 4:
  
  ABERR F. =        1.83035460
  CONST F. =     9438.93442449
  ERR. F.  =     9440.76477909       (change =     -675.98833049)
  
  OPD     1.79641805     1.77742296
  WAV     1.85554268     1.88981560
  
  
  
  Parameter                 Value            Change
  CUY S1                7.68381757E-02      1.44E-04
  CUY S2               -8.78596056E-02     -1.26E-04
  CUY S3               -3.87043597E-02     -4.51E-04
  CUY S4                4.58346458E-02     -1.40E-05
  CUY S6                5.67466537E-02      1.13E-03
  CUY S7               -4.29133762E-02      1.44E-03
  CUY S8               -1.66644739E-01     -1.01E-02
  CUY S9               -2.27378610E-02     -1.17E-02
  A   S1                2.87063830E-04     -3.81E-06
  A   S2               -2.06844357E-03      3.25E-06
  A   S3               -1.56222351E-02     -2.16E-06
  A   S4               -1.57588746E-02      2.85E-06
  A   S6               -3.11099483E-04     -3.91E-06
  A   S7                5.55715428E-04      6.22E-06
  A   S8               -7.49541919E-04      1.37E-04
  A   S9                1.36122574E-03     -1.10E-04
  THI S2                5.05224795E-02     -1.13E-03
  THI S4                2.50000515E-03     -5.81E-07
  THI S5                1.00000000E-03     -3.95E-16
  THI S7                3.73324142E+00     -1.05E-02
  THI S9                5.65818329E+00     -2.97E-02
  THI S11               2.33418329E+00     -2.97E-02
  
        EFL          REDU         PIM          OAL         EN PUP       EX PUP
     19.673134     0.000000     2.470410    16.029447     2.693629    -9.520435
  
  Active Constraints -   3:    target        value         diff        cost
  EFL                    =   1.96731E+01   1.96731E+01   4.794E-06   1.389E-02
  Mn ET S4                                                          -4.672E-03
  Mn CT S5                                                          -2.944E-03
  
  Weighted Constraints:        target        value        WTC/PTC     contrib
  @ATELIER_LATCOLOR      =   0.00000E+00   0.00000E+00   1.000E-02   0.000E+00
  @ATELIER_RMSSPOT       =   0.00000E+00   9.71542E+01   1.000E-03   9.439E+03
  
  Constraints released:   Mn ET S4 (>)                Mn CT S5 (>)
  
 CYCLE NUMBER 5:
  
  ABERR F. =        1.48202994
  CONST F. =     8441.29279334
  ERR. F.  =     8442.77482328       (change =     -997.98995581)
  
  OPD     1.32949330     1.52638540
  WAV     1.40802529     1.64490454
  
  
  
  Parameter                 Value            Change
  CUY S1                7.82007640E-02      1.36E-03
  CUY S2               -8.62033339E-02      1.66E-03
  CUY S3               -3.77245920E-02      9.80E-04
  CUY S4                4.64885664E-02      6.54E-04
  CUY S6                5.71012548E-02      3.55E-04
  CUY S7               -4.25971775E-02      3.16E-04
  CUY S8               -1.66174519E-01      4.70E-04
  CUY S9               -2.12213379E-02      1.52E-03
  A   S1                2.90019219E-04      2.96E-06
  A   S2               -2.07216670E-03     -3.72E-06
  A   S3               -1.56189873E-02      3.25E-06
  A   S4               -1.57620043E-02     -3.13E-06
  A   S6               -3.08153665E-04      2.95E-06
  A   S7                5.51689548E-04     -4.03E-06
  A   S8               -7.13496191E-04      3.60E-05
  A   S9                1.33249723E-03     -2.87E-05
  THI S2                5.19868677E-02      1.46E-03
  THI S4                1.30426078E-02      1.05E-02
  THI S5                1.65395453E-02      1.55E-02
  THI S7                3.73511796E+00      1.88E-03
  THI S9                5.66902595E+00      1.08E-02
  THI S11               2.34502595E+00      1.08E-02
  
        EFL          REDU         PIM          OAL         EN PUP       EX PUP
     19.673120     0.000000     2.395531    16.069713     2.714333    -9.528286
  
  Active Constraints -   1:    target        value         diff        cost
  EFL                    =   1.96731E+01   1.96731E+01  -9.471E-06   1.538E-01
  
  Weighted Constraints:        target        value        WTC/PTC     contrib
  @ATELIER_LATCOLOR      =   0.00000E+00   0.00000E+00   1.000E-02   0.000E+00
  @ATELIER_RMSSPOT       =   0.00000E+00   9.18765E+01   1.000E-03   8.441E+03
  
  Constraints added:      Mn ET S4 (>)
  
 CYCLE NUMBER 6:
  
  ABERR F. =        1.80879018
  CONST F. =     7858.52270949
  ERR. F.  =     7860.33149967       (change =     -582.44332361)
  
  OPD     1.73911826     1.79761381
  WAV     1.79883937     1.89607935
  
  
  
  Parameter                 Value            Change
  CUY S1                7.84366253E-02      2.36E-04
  CUY S2               -8.61774709E-02      2.59E-05
  CUY S3               -3.80944750E-02     -3.70E-04
  CUY S4                4.62716712E-02     -2.17E-04
  CUY S6                5.78126650E-02      7.11E-04
  CUY S7               -4.15271666E-02      1.07E-03
  CUY S8               -1.61591170E-01      4.58E-03
  CUY S9               -1.67830420E-02      4.44E-03
  A   S1                2.85610974E-04     -4.41E-06
  A   S2               -2.06959808E-03      2.57E-06
  A   S3               -1.56206158E-02     -1.63E-06
  A   S4               -1.57598588E-02      2.15E-06
  A   S6               -3.11266747E-04     -3.11E-06
  A   S7                5.56351574E-04      4.66E-06
  A   S8               -6.19385799E-04      9.41E-05
  A   S9                1.26944464E-03     -6.31E-05
  THI S2                5.07657918E-02     -1.22E-03
  THI S4                2.50000521E-03     -1.05E-02
  THI S5                5.63685901E-03     -1.09E-02
  THI S7                3.74301121E+00      7.89E-03
  THI S9                5.62243920E+00     -4.66E-02
  THI S11               2.29843920E+00     -4.66E-02
  
        EFL          REDU         PIM          OAL         EN PUP       EX PUP
     19.672878     0.000000     2.430000    16.008353     2.699715    -9.472172
  
  Active Constraints -   2:    target        value         diff        cost
  EFL                    =   1.96731E+01   1.96729E+01  -2.512E-04   5.896E-02
  Mn ET S4                                                          -1.204E-04
  
  Weighted Constraints:        target        value        WTC/PTC     contrib
  @ATELIER_LATCOLOR      =   0.00000E+00   0.00000E+00   1.000E-02   0.000E+00
  @ATELIER_RMSSPOT       =   0.00000E+00   8.86483E+01   1.000E-03   7.859E+03
  
  Constraints released:   Mn ET S4 (>)
  Constraints released:   Mn ET S4 (>)
  
 CYCLE NUMBER 7:
  
  ABERR F. =        1.62376016
  CONST F. =     7836.36107299
  ERR. F.  =     7837.98483315       (change =      -22.34666652)
  
  OPD     1.43443457     1.71035407
  WAV     1.50662564     1.81481510
  
  
  
  Parameter                 Value            Change
  CUY S1                7.94050157E-02      9.68E-04
  CUY S2               -8.48359749E-02      1.34E-03
  CUY S3               -3.87982330E-02     -7.04E-04
  CUY S4                4.52197948E-02     -1.05E-03
  CUY S6                5.72138424E-02     -5.99E-04
  CUY S7               -4.21438947E-02     -6.17E-04
  CUY S8               -1.61974682E-01     -3.84E-04
  CUY S9               -1.73673518E-02     -5.84E-04
  A   S1                2.87638709E-04      2.03E-06
  A   S2               -2.07416450E-03     -4.57E-06
  A   S3               -1.56148545E-02      5.76E-06
  A   S4               -1.57649297E-02     -5.07E-06
  A   S6               -3.07939070E-04      3.33E-06
  A   S7                5.51239451E-04     -5.11E-06
  A   S8               -6.35532850E-04     -1.61E-05
  A   S9                1.30583428E-03      3.64E-05
  THI S2                5.22139436E-02      1.45E-03
  THI S4                1.17889501E-02      9.29E-03
  THI S5                1.94446275E-02      1.38E-02
  THI S7                3.74101849E+00     -1.99E-03
  THI S9                5.62686119E+00      4.42E-03
  THI S11               2.30286119E+00      4.42E-03
  
        EFL          REDU         PIM          OAL         EN PUP       EX PUP
     19.673113     0.000000     2.420751    16.035327     2.716462    -9.485259
  
  Active Constraints -   1:    target        value         diff        cost
  EFL                    =   1.96731E+01   1.96731E+01  -1.614E-05  -5.508E-02
  
  Weighted Constraints:        target        value        WTC/PTC     contrib
  @ATELIER_LATCOLOR      =   0.00000E+00   0.00000E+00   1.000E-02   0.000E+00
  @ATELIER_RMSSPOT       =   0.00000E+00   8.85232E+01   1.000E-03   7.836E+03
  
 CYCLE NUMBER 8:
  
  ABERR F. =        1.62393214
  CONST F. =     7836.39635066
  ERR. F.  =     7838.02028281       (change =        0.03544965)
  
  OPD     1.43472916     1.71043356
  WAV     1.50690730     1.81488900
  
  
  
  Parameter                 Value            Change
  CUY S1                7.94042418E-02     -7.74E-07
  CUY S2               -8.48368814E-02     -9.06E-07
  CUY S3               -3.87982271E-02      5.90E-09
  CUY S4                4.52198929E-02      9.81E-08
  CUY S6                5.72139380E-02      9.56E-08
  CUY S7               -4.21437496E-02      1.45E-07
  CUY S8               -1.61976933E-01     -2.25E-06
  CUY S9               -1.73696528E-02     -2.30E-06
  A   S1                2.87636007E-04     -2.70E-09
  A   S2               -2.07416337E-03      1.13E-09
  A   S3               -1.56148550E-02     -5.46E-10
  A   S4               -1.57649290E-02      7.42E-10
  A   S6               -3.07940187E-04     -1.12E-09
  A   S7                5.51240859E-04      1.41E-09
  A   S8               -6.35487416E-04      4.54E-08
  A   S9                1.30582091E-03     -1.34E-08
  THI S2                5.22132287E-02     -7.15E-07
  THI S4                1.17818421E-02     -7.11E-06
  THI S5                1.94390930E-02     -5.53E-06
  THI S7                3.74102120E+00      2.71E-06
  THI S9                5.62684123E+00     -2.00E-05
  THI S11               2.30284123E+00     -2.00E-05
  
        EFL          REDU         PIM          OAL         EN PUP       EX PUP
     19.673128     0.000000     2.420795    16.035297     2.716449    -9.485242
  
  Active Constraints -   1:    target        value         diff        cost
  EFL                    =   1.96731E+01   1.96731E+01  -9.579E-07   9.448E-02
  
  Weighted Constraints:        target        value        WTC/PTC     contrib
  @ATELIER_LATCOLOR      =   0.00000E+00   0.00000E+00   1.000E-02   0.000E+00
  @ATELIER_RMSSPOT       =   0.00000E+00   8.85234E+01   1.000E-03   7.836E+03
  
     Normal AUTO Completion - System improvement less than IMP
AUT> GO
 
 
CODE V> BUF PUT B1 I^row J1 "schema"
      Created new worksheet B1.
CODE V> BUF PUT B1 I^row J2 "atelier-codev-target-v1"
CODE V> BUF PUT B1 I^row J1 "status"
CODE V> BUF PUT B1 I^row J2 "ok"
CODE V> BUF PUT B1 I^row J1 "mode"
CODE V> BUF PUT B1 I^row J2 "target"
CODE V> BUF PUT B1 I^row J1 "stage"
CODE V> BUF PUT B1 I^row J2 "A"
CODE V> BUF PUT B1 I^row J1 "source_zmx"
CODE V> BUF PUT B1 I^row J2 "US-11940597-B2-e6.zmx"
CODE V> BUF PUT B1 I^row J1 "num_fields"
CODE V> BUF PUT B1 I^row J2 ^numf_out
CODE V> BUF PUT B1 I^row J1 "vignetting_edge"
CODE V> BUF PUT B1 I^row J2 0
CODE V> BUF PUT B1 I^row J1 "target.efl_mm"
CODE V> BUF PUT B1 I^row J2 ^target_efl
CODE V> BUF PUT B1 I^row J1 "target.f_number"
CODE V> BUF PUT B1 I^row J2 3.85119813982129
CODE V> BUF PUT B1 I^row J1 "seed_baseline.efl_y_mm"
CODE V> BUF PUT B1 I^row J2 ^seed_baseline_efl_y_mm
CODE V> BUF PUT B1 I^row J1 "seed_baseline.max_lateral_color_um"
CODE V> BUF PUT B1 I^row J2 ^seed_baseline_max_lateral_color_um
CODE V> BUF PUT B1 I^row J1 "seed_baseline.max_rms_spot_diameter_um"
CODE V> BUF PUT B1 I^row J2 ^seed_baseline_max_rms_spot_diameter_um
CODE V> BUF PUT B1 I^row J1 "seed_baseline.max_rms_wavefront_error_waves"
CODE V> BUF PUT B1 I^row J2 ^seed_baseline_max_rms_wavefront_error_waves
CODE V> BUF PUT B1 I^row J1 "seed_baseline.max_distortion_pct"
CODE V> BUF PUT B1 I^row J2 ^seed_baseline_max_distortion_pct
CODE V> BUF PUT B1 I^row J1 "seed_baseline.fno"
CODE V> BUF PUT B1 I^row J2 ^seed_baseline_fno
CODE V> BUF PUT B1 I^row J1 "seed_baseline.epd_mm"
CODE V> BUF PUT B1 I^row J2 ^seed_baseline_epd
CODE V> BUF PUT B1 I^row J1 "seed_baseline.maximh_mm"
CODE V> BUF PUT B1 I^row J2 ^seed_baseline_maximh
CODE V> BUF PUT B1 I^row J1 "config_pre_aut.efl_y_mm"
CODE V> BUF PUT B1 I^row J2 ^config_pre_aut_efl_y_mm
CODE V> BUF PUT B1 I^row J1 "config_pre_aut.max_lateral_color_um"
CODE V> BUF PUT B1 I^row J2 ^config_pre_aut_max_lateral_color_um
CODE V> BUF PUT B1 I^row J1 "config_pre_aut.max_rms_spot_diameter_um"
CODE V> BUF PUT B1 I^row J2 ^config_pre_aut_max_rms_spot_diameter_um
CODE V> BUF PUT B1 I^row J1 "config_pre_aut.max_rms_wavefront_error_waves"
CODE V> BUF PUT B1 I^row J2 ^config_pre_aut_max_rms_wavefront_error_waves
CODE V> BUF PUT B1 I^row J1 "config_pre_aut.max_distortion_pct"
CODE V> BUF PUT B1 I^row J2 ^config_pre_aut_max_distortion_pct
CODE V> BUF PUT B1 I^row J1 "config_pre_aut.fno"
CODE V> BUF PUT B1 I^row J2 ^config_pre_aut_fno
CODE V> BUF PUT B1 I^row J1 "config_pre_aut.epd_mm"
CODE V> BUF PUT B1 I^row J2 ^config_pre_aut_epd
CODE V> BUF PUT B1 I^row J1 "config_pre_aut.maximh_mm"
CODE V> BUF PUT B1 I^row J2 ^config_pre_aut_maximh
CODE V> BUF PUT B1 I^row J1 "post_aut.efl_y_mm"
CODE V> BUF PUT B1 I^row J2 ^post_aut_efl_y_mm
CODE V> BUF PUT B1 I^row J1 "post_aut.max_lateral_color_um"
CODE V> BUF PUT B1 I^row J2 ^post_aut_max_lateral_color_um
CODE V> BUF PUT B1 I^row J1 "post_aut.max_rms_spot_diameter_um"
CODE V> BUF PUT B1 I^row J2 ^post_aut_max_rms_spot_diameter_um
CODE V> BUF PUT B1 I^row J1 "post_aut.max_rms_wavefront_error_waves"
CODE V> BUF PUT B1 I^row J2 ^post_aut_max_rms_wavefront_error_waves
CODE V> BUF PUT B1 I^row J1 "post_aut.max_distortion_pct"
CODE V> BUF PUT B1 I^row J2 ^post_aut_max_distortion_pct
CODE V> BUF PUT B1 I^row J1 "post_aut.fno"
CODE V> BUF PUT B1 I^row J2 ^post_aut_fno
CODE V> BUF PUT B1 I^row J1 "post_aut.epd_mm"
CODE V> BUF PUT B1 I^row J2 ^post_aut_epd
CODE V> BUF PUT B1 I^row J1 "post_aut.maximh_mm"
CODE V> BUF PUT B1 I^row J2 ^post_aut_maximh
CODE V> BUF PUT B1 I^row J1 "efl_target_deviation_pct"
CODE V> BUF PUT B1 I^row J2 ^efl_target_dev_pct
CODE V> BUF PUT B1 I^row J1 "aut_converged"
CODE V> BUF PUT B1 I^row J2 ^aut_converged
CODE V> BUF EXP B1 "D:\atelier-wt-c\.planning\loop\p15-stageb-evidence\fno-matrix-2026-07-11\US-11940597-B2-e6_loosen\rung2_fno0385\atelier_codev_target_A_vig0000.tsv"
     Buffer B1 exported to file atelier_codev_target_A_vig0000.tsv
CODE V> BUF DEL B1
CODE V> OUT YES
CODE V> EXI YES
     EXI                                                                              11-Jul-26  14H  3M 36S
                                                 CODE V PC  Version: 11.5             CPU clock:  0H  0M  3S
