  
  
                                   Welcome to
  
                                   C O D E   V
  
                                PC  Version 11.5
                                   Build 27302701
  
                                   11-Jul-2026
  
                            A proprietary product of
  
                              SYNOPSYS, INC
                              Pasadena, California
  
CODE V> OUT NO
     Radius input/output mode
  
    Lens data created by Zemax version 200706
  
    Zemax command MODE ignored
    ZEMAX NOTE 0 table5
    Zemax command PFIL ignored
    Zemax command LANG ignored
     WARNING - Glass catalog list not used.
     WARNING - Ray aiming not used.
     WARNING - Pupil shift for ray aiming not used.
    Zemax command SDMA ignored
    Zemax command OMMA ignored
    Zemax command HYPR ignored
     WARNING - Vignetting angles not used.
    Zemax command POLS ignored
    Zemax command GLRS ignored
    Zemax command GSTD ignored
    Zemax command NSCD ignored
    Zemax command COFN ignored
    Zemax command COFN ignored
  
     Surface pointer = OBJ
    Zemax surface type  STANDARD
    CODE V surface type SPH
    Zemax command FIMP ignored.
     WARNING - Hiding of rays not used.
    Zemax command MIRR ignored.
    Zemax command SLAB ignored.
    Zemax command MEMA ignored.
    Zemax command POPS ignored.
  
     Surface pointer = 1
    Zemax surface type  STANDARD
    CODE V surface type SPH
    Zemax command FIMP ignored.
     WARNING - Hiding of rays not used.
    Zemax command MIRR ignored.
    Zemax command SLAB ignored.
    Zemax command MEMA ignored.
    Zemax command POPS ignored.
  
     Surface pointer = 2
    Zemax surface type  EVENASPH
    CODE V surface type ASP
    Zemax command FIMP ignored.
     WARNING - Hiding of rays not used.
    Zemax command MIRR ignored.
    Zemax command SLAB ignored.
     WARNING - Partial dispersion of model glass not used.
    Zemax command MEMA ignored.
    Zemax command POPS ignored.
  
     Surface pointer = 3
    Zemax surface type  EVENASPH
    CODE V surface type ASP
    Zemax command FIMP ignored.
     WARNING - Hiding of rays not used.
    Zemax command MIRR ignored.
    Zemax command SLAB ignored.
    Zemax command MEMA ignored.
    Zemax command POPS ignored.
  
     Surface pointer = 4
    Zemax surface type  EVENASPH
    CODE V surface type ASP
    Zemax command FIMP ignored.
     WARNING - Hiding of rays not used.
    Zemax command MIRR ignored.
    Zemax command SLAB ignored.
     WARNING - Partial dispersion of model glass not used.
    Zemax command MEMA ignored.
    Zemax command POPS ignored.
  
     Surface pointer = 5
    Zemax surface type  EVENASPH
    CODE V surface type ASP
    Zemax command FIMP ignored.
     WARNING - Hiding of rays not used.
    Zemax command MIRR ignored.
    Zemax command SLAB ignored.
    Zemax command MEMA ignored.
    Zemax command POPS ignored.
  
     Surface pointer = 6
    Zemax surface type  EVENASPH
    CODE V surface type ASP
    Zemax command FIMP ignored.
     WARNING - Hiding of rays not used.
    Zemax command MIRR ignored.
    Zemax command SLAB ignored.
     WARNING - Partial dispersion of model glass not used.
    Zemax command MEMA ignored.
    Zemax command POPS ignored.
  
     Surface pointer = 7
    Zemax surface type  EVENASPH
    CODE V surface type ASP
    Zemax command FIMP ignored.
     WARNING - Hiding of rays not used.
    Zemax command MIRR ignored.
    Zemax command SLAB ignored.
    Zemax command MEMA ignored.
    Zemax command POPS ignored.
  
     Surface pointer = 8
    Zemax surface type  EVENASPH
    CODE V surface type ASP
    Zemax command FIMP ignored.
     WARNING - Hiding of rays not used.
    Zemax command MIRR ignored.
    Zemax command SLAB ignored.
     WARNING - Partial dispersion of model glass not used.
    Zemax command MEMA ignored.
    Zemax command POPS ignored.
  
     Surface pointer = 9
    Zemax surface type  EVENASPH
    CODE V surface type ASP
    Zemax command FIMP ignored.
     WARNING - Hiding of rays not used.
    Zemax command MIRR ignored.
    Zemax command SLAB ignored.
    Zemax command MEMA ignored.
    Zemax command POPS ignored.
  
     Surface pointer = 10
    Zemax surface type  EVENASPH
    CODE V surface type ASP
    Zemax command FIMP ignored.
     WARNING - Hiding of rays not used.
    Zemax command MIRR ignored.
    Zemax command SLAB ignored.
     WARNING - Partial dispersion of model glass not used.
    Zemax command MEMA ignored.
    Zemax command POPS ignored.
  
     Surface pointer = 11
    Zemax surface type  EVENASPH
    CODE V surface type ASP
    Zemax command FIMP ignored.
     WARNING - Hiding of rays not used.
    Zemax command MIRR ignored.
    Zemax command SLAB ignored.
    Zemax command MEMA ignored.
    Zemax command POPS ignored.
  
     Surface pointer = 12
    Zemax surface type  EVENASPH
    CODE V surface type ASP
    Zemax command FIMP ignored.
     WARNING - Hiding of rays not used.
    Zemax command MIRR ignored.
    Zemax command SLAB ignored.
     WARNING - Partial dispersion of model glass not used.
    Zemax command MEMA ignored.
    Zemax command POPS ignored.
  
     Surface pointer = 13
    Zemax surface type  EVENASPH
    CODE V surface type ASP
    Zemax command FIMP ignored.
     WARNING - Hiding of rays not used.
    Zemax command MIRR ignored.
    Zemax command SLAB ignored.
    Zemax command MEMA ignored.
    Zemax command POPS ignored.
  
     Surface pointer = 14
    Zemax surface type  STANDARD
    CODE V surface type SPH
    Zemax command FIMP ignored.
     WARNING - Hiding of rays not used.
    Zemax command MIRR ignored.
    Zemax command SLAB ignored.
     WARNING - Partial dispersion of model glass not used.
    Zemax command MEMA ignored.
    Zemax command POPS ignored.
  
     Surface pointer = 15
    Zemax surface type  STANDARD
    CODE V surface type SPH
    Zemax command FIMP ignored.
     WARNING - Hiding of rays not used.
    Zemax command MIRR ignored.
    Zemax command SLAB ignored.
    Zemax command MEMA ignored.
    Zemax command POPS ignored.
  
     Surface pointer = IMG
    Zemax surface type  STANDARD
    CODE V surface type SPH
    Zemax command FIMP ignored.
     WARNING - Hiding of rays not used.
    Zemax command MIRR ignored.
    Zemax command SLAB ignored.
    Zemax command MEMA ignored.
    Zemax command POPS ignored.
  
     WARNING - Please check the converted lens carefully.
               Some information will not be converted.
               Changes in either CODE V or ZEMAX may invalidate
               the converted information.
               Due to differences between CODE V and ZEMAX ray
               aiming and vignetting factors, it is recommended
               that you set vignetting for the converted system.
  
               A concise listing of conversion warnings appears
               in the Tabbed Output Window 'Info' tab and in the
               Command Window.
  
CODE V> DEF VAR SA
     ERROR - Total reflection at surface   9 for zoom position  1
     ERROR - One or more of the reference rays from field  2 is deviated far from
             most of the other rays from this field point.  The reference rays are
             used to determine the numerical aperture and the grid spacing.  Thus, it
             is important that these rays are focused at approximately the same spot
             as the other rays from this field point.  Modifying the vignetting
             may solve this problem and allow the computation to proceed.
CODE V> FNO 3
CODE V> VUY 0 0.5 0.5
CODE V> VLY 0 0.5 0.5
CODE V> VUX 0 0.5 0.5
CODE V> VLX 0 0.5 0.5
 
 
CODE V> AUT
     AUT                                                                              11-Jul-26  14H 16M 12S
                                                 CODE V PC  Version: 11.5             CPU clock:  0H  0M  1S
     ***Defocussing frozen to eliminate redundant variable
AUT>   SUR N
AUT>   CHG SA
AUT>   WFR Y
AUT>   WTF FA 10
AUT>   EFL = 4.18514570787019
AUT>   @atelier_latcolor == @lcum(1)
AUT>   @atelier_latcolor = 0
AUT>   WTC 0.01
AUT>   @atelier_rmsspot == @rmssum(1)
AUT>   @atelier_rmsspot = 0
AUT>   WTC 0.001
AUT>   MNT 0.025
AUT>   MNE 0.025
AUT>   MXT 10
AUT>   MNA 0.001
AUT>   MXC 25
AUT>   MNC 3
AUT>   IMP 0.001
AUT> GO
 -------------------------------------------------------------------------------
  
       USER CONSTRAINT DEFINITIONS
            @atelier_rmsspot == @rmssum(1)
  
            @atelier_latcolor == @lcum(1)
  
  
  
       POTENTIALLY ACTIVE SPECIFIC CONSTRAINTS
         EFL                                  =       4.185146
         @ATELIER_LATCOLOR                    =       0.000000     (WTC =    0.01000)
         @ATELIER_RMSSPOT                     =       0.000000     (WTC =    0.00100)
  
       GENERAL CONSTRAINTS
         MXT      10.000000
         MNT       0.025000
         MNE       0.025000
         MNA       0.001000
         MAE       0.002500
         GLA               NFK5  NSK16  NLAF2  SF4
  
       ERROR FUNCTION CONSTRUCTION
         WFR        Y
         WTW       1          1          1
         WTA       0.000000
         DEL       0.220000
         WTX F1   10.000000
         WTX F2   10.000000
         WTX F3   10.000000
         WTY F1   10.000000
         WTY F2   10.000000
         WTY F3   10.000000
  
       CONVERGENCE CONTROLS
         MXC        25
         MNC         3
         TAR       0.000000
         IMP       0.001000
  
       OUTPUT CONTROLS
         SUR NO
         CHG S0..16
  
     Recommendations for most stable convergence:
  
       Use object space aperture specifications:
       - NAO for finite conjugate systems
       - EPD for infinite conjugate systems
  
       VARIABLE LIST
  
         NO      PARAMETERS *
          1      CUY S2       CUY S3       CUY S4       CUY S5
          2      CUY S3       CUY S4
          3      CUY S4       CUY S5
          4      CUY S5       CUY S6
          5      CUY S6       CUY S7       CUY S8       CUY S9
          6      CUY S7       CUY S8
          7      CUY S8       CUY S9
          8      CUY S9       CUY S10
          9      CUY S10       CUY S11
         10      CUY S11       CUY S12
         11      CUY S12       CUY S13
         12      CUY S13
         13      A   S2
         14      A   S3
         15      A   S4
         16      A   S5
         17      A   S6
         18      A   S7
         19      A   S8
         20      A   S9
         21      A   S10
         22      A   S11
         23      A   S12
         24      A   S13
         25      THI S1
         26      THI S3
         27      THI S5
         28      THI S7
         29      THI S9
         30      THI S11
         31      THI S13
         32      THI S15
  
     * Multiple entries on a line are composite variables.
     Composite variables are either program-generated bendings
     or user-requested couplings.
  
      32 VARIABLES
  
      32 CONSTRAINTS CAN BE ACTIVE
  
     RELATIVE TIME PER CYCLE IS  267.8 UNITS
     WARNING - The macro function SPOTDATA is not supported on multiple threads.
               CODE V will set the multiple processor setting (MPP) to 1 to prevent errors.
               Please refer to the CODE V Setup and Operation Reference Manual for a complete list
               of pre-defined macro functions that are currently limited to running on a single thread.
  
 CYCLE NUMBER 0:
  
  ABERR F. =        0.36797173
  CONST F. =      630.20435998
  ERR. F.  =      630.57233171
  
  OPD     0.60369773     0.07955482     0.03816308
  WAV     0.65557822     0.09215436     0.04367595
  
  
  
  Parameter                 Value            Change
  CUY S2                4.21940928E-01      0.00E+00
  CUY S3               -4.58652479E-02      0.00E+00
  CUY S4                3.64033491E-01      0.00E+00
  CUY S5                5.85480094E-01      0.00E+00
  CUY S6                1.22549020E-01      0.00E+00
  CUY S7                1.72860847E-01      0.00E+00
  CUY S8                3.26813406E-03      0.00E+00
  CUY S9               -4.32900433E-01      0.00E+00
  CUY S10              -1.09409190E+00      0.00E+00
  CUY S11              -7.97448166E-01      0.00E+00
  CUY S12               5.83090379E-01      0.00E+00
  CUY S13               6.98812020E-01      0.00E+00
  A   S2               -4.32610000E-04      0.00E+00
  A   S3               -3.79240000E-04      0.00E+00
  A   S4               -2.80280000E-02      0.00E+00
  A   S5               -3.37740000E-02      0.00E+00
  A   S6               -5.59350000E-02      0.00E+00
  A   S7               -6.64420000E-02      0.00E+00
  A   S8               -7.60050000E-02      0.00E+00
  A   S9               -3.05400000E-02      0.00E+00
  A   S10              -3.96490000E-02      0.00E+00
  A   S11               1.04980000E-01      0.00E+00
  A   S12              -1.11710000E-01      0.00E+00
  A   S13              -5.35770000E-02      0.00E+00
  THI S1               -2.17000000E-01      0.00E+00
  THI S3                5.00000000E-02      0.00E+00
  THI S5                3.38000000E-01      0.00E+00
  THI S7                1.97000000E-01      0.00E+00
  THI S9                3.86000000E-01      0.00E+00
  THI S11               1.92000000E-01      0.00E+00
  THI S13               8.00000000E-01      0.00E+00
  THI S15               4.00000000E-01      0.00E+00
  
        EFL          REDU         PIM          OAL         EN PUP       EX PUP
      4.186649     0.000000     0.386375     4.871000     0.000000    -3.197874
  
  Specific Constraints:        target        value         diff      active (**)
  EFL                    =   4.18515E+00   4.18665E+00   1.503E-03    **
  
  Weighted Constraints:        target        value        WTC/PTC     contrib
  @ATELIER_LATCOLOR      =   0.00000E+00   3.65694E-01   1.000E-02   1.337E+01
  @ATELIER_RMSSPOT       =   0.00000E+00   2.48361E+01   1.000E-03   6.168E+02
  
  Constraints added:      EFL (=)                     Mn CT S1 (>)
  
 CYCLE NUMBER 1:
  
  ABERR F. =        0.12496624
  CONST F. =      619.02756228
  ERR. F.  =      619.15252852       (change =      -11.41980319)
  
  OPD     0.01706583     0.18757861     0.07994766
  WAV     0.01844013     0.21045243     0.08485571
  
  
  
  Parameter                 Value            Change
  CUY S2                4.29840935E-01      7.90E-03
  CUY S3               -3.93875853E-02      6.48E-03
  CUY S4                3.60956979E-01     -3.08E-03
  CUY S5                5.97968621E-01      1.25E-02
  CUY S6                1.31775847E-01      9.23E-03
  CUY S7                1.61702125E-01     -1.12E-02
  CUY S8               -1.75751423E-02     -2.08E-02
  CUY S9               -4.47739968E-01     -1.48E-02
  CUY S10              -1.09332103E+00      7.71E-04
  CUY S11              -7.95853454E-01      1.59E-03
  CUY S12               5.89101142E-01      6.01E-03
  CUY S13               6.99016272E-01      2.04E-04
  A   S2               -1.23091067E-04      3.10E-04
  A   S3               -1.15291215E-03     -7.74E-04
  A   S4               -2.71831875E-02      8.45E-04
  A   S5               -3.51720680E-02     -1.40E-03
  A   S6               -5.45601609E-02      1.37E-03
  A   S7               -6.79204471E-02     -1.48E-03
  A   S8               -7.52935870E-02      7.11E-04
  A   S9               -3.01608317E-02      3.79E-04
  A   S10              -3.99374583E-02     -2.88E-04
  A   S11               1.05724694E-01      7.45E-04
  A   S12              -1.10765001E-01      9.45E-04
  A   S13              -5.29576198E-02      6.19E-04
  THI S1                1.00000000E-03      2.18E-01
  THI S3                4.92497884E-02     -7.50E-04
  THI S5                3.42934085E-01      4.93E-03
  THI S7                1.98576496E-01      1.58E-03
  THI S9                3.87198520E-01      1.20E-03
  THI S11               1.94392439E-01      2.39E-03
  THI S13               8.01069030E-01      1.07E-03
  THI S15               4.01069030E-01      1.07E-03
  
        EFL          REDU         PIM          OAL         EN PUP       EX PUP
      4.185150     0.000000     0.398881     5.099420     0.000000    -3.397773
  
  Active Constraints -   2:    target        value         diff        cost
  EFL                    =   4.18515E+00   4.18515E+00   3.932E-06  -1.486E-08
  Mn CT S1                                                          -1.664E-09
  
  Weighted Constraints:        target        value        WTC/PTC     contrib
  @ATELIER_LATCOLOR      =   0.00000E+00   1.09462E+00   1.000E-02   1.198E+02
  @ATELIER_RMSSPOT       =   0.00000E+00   2.23430E+01   1.000E-03   4.992E+02
  
 CYCLE NUMBER 2:
  
  ABERR F. =        0.02474085
  CONST F. =       42.95685877
  ERR. F.  =       42.98159961       (change =     -576.17092890)
  
  OPD     0.02657937     0.02264057     0.01833279
  WAV     0.03329400     0.02534846     0.01914349
  
  
  
  Parameter                 Value            Change
  CUY S2                4.24768913E-01     -5.07E-03
  CUY S3               -4.23883715E-02     -3.00E-03
  CUY S4                3.33826918E-01     -2.71E-02
  CUY S5                5.68675625E-01     -2.93E-02
  CUY S6                1.33178224E-01      1.40E-03
  CUY S7                1.58239903E-01     -3.46E-03
  CUY S8               -2.02759732E-02     -2.70E-03
  CUY S9               -4.44904536E-01      2.84E-03
  CUY S10              -1.09415683E+00     -8.36E-04
  CUY S11              -7.98959557E-01     -3.11E-03
  CUY S12               5.96219457E-01      7.12E-03
  CUY S13               7.06993810E-01      7.98E-03
  A   S2                2.62369736E-04      3.85E-04
  A   S3               -1.01039910E-03      1.43E-04
  A   S4               -2.75796227E-02     -3.96E-04
  A   S5               -3.46267148E-02      5.45E-04
  A   S6               -5.49900882E-02     -4.30E-04
  A   S7               -6.77013366E-02      2.19E-04
  A   S8               -7.58022146E-02     -5.09E-04
  A   S9               -2.97556266E-02      4.05E-04
  A   S10              -3.98278076E-02      1.10E-04
  A   S11               1.05648608E-01     -7.61E-05
  A   S12              -1.10692884E-01      7.21E-05
  A   S13              -5.33653539E-02     -4.08E-04
  THI S1                1.00000000E-03     -4.51E-16
  THI S3                4.92803035E-02      3.05E-05
  THI S5                3.42830319E-01     -1.04E-04
  THI S7                1.98413012E-01     -1.63E-04
  THI S9                3.87171729E-01     -2.68E-05
  THI S11               1.94353714E-01     -3.87E-05
  THI S13               8.01024810E-01     -4.42E-05
  THI S15               4.01024810E-01     -4.42E-05
  
        EFL          REDU         PIM          OAL         EN PUP       EX PUP
      4.185145     0.000000     0.419408     5.099074     0.000000    -3.399968
  
  Active Constraints -   2:    target        value         diff        cost
  EFL                    =   4.18515E+00   4.18515E+00  -2.857E-07   5.607E-08
  Mn CT S1                                                          -1.293E-08
  
  Weighted Constraints:        target        value        WTC/PTC     contrib
  @ATELIER_LATCOLOR      =   0.00000E+00   2.24331E-01   1.000E-02   5.032E+00
  @ATELIER_RMSSPOT       =   0.00000E+00   6.15828E+00   1.000E-03   3.792E+01
  
  Constraints released:   Mn CT S1 (>)
  Constraints released:   Mn CT S1 (>)
  
 CYCLE NUMBER 3:
  
  ABERR F. =        0.06291424
  CONST F. =       42.12588190
  ERR. F.  =       42.18879614       (change =       -0.79280348)
  
  OPD     0.08413738     0.05053701     0.03324384
  WAV     0.09335189     0.05534240     0.03512285
  
  
  
  Parameter                 Value            Change
  CUY S2                4.24679351E-01     -8.96E-05
  CUY S3               -4.23375831E-02      5.08E-05
  CUY S4                3.36631907E-01      2.80E-03
  CUY S5                5.72129879E-01      3.45E-03
  CUY S6                1.34195455E-01      1.02E-03
  CUY S7                1.56994585E-01     -1.25E-03
  CUY S8               -2.14217514E-02     -1.15E-03
  CUY S9               -4.44491794E-01      4.13E-04
  CUY S10              -1.09385645E+00      3.00E-04
  CUY S11              -7.98541516E-01      4.18E-04
  CUY S12               5.96249157E-01      2.97E-05
  CUY S13               7.06936539E-01     -5.73E-05
  A   S2                2.00951859E-04     -6.14E-05
  A   S3               -9.25746851E-04      8.47E-05
  A   S4               -2.76598390E-02     -8.02E-05
  A   S5               -3.45488982E-02      7.78E-05
  A   S6               -5.50562869E-02     -6.62E-05
  A   S7               -6.76383293E-02      6.30E-05
  A   S8               -7.58865428E-02     -8.43E-05
  A   S9               -2.97003861E-02      5.52E-05
  A   S10              -3.98841355E-02     -5.63E-05
  A   S11               1.05689832E-01      4.12E-05
  A   S12              -1.10727621E-01     -3.47E-05
  A   S13              -5.32901531E-02      7.52E-05
  THI S1                1.29785400E-02      1.20E-02
  THI S3                4.92723841E-02     -7.92E-06
  THI S5                3.43480327E-01      6.50E-04
  THI S7                1.98848113E-01      4.35E-04
  THI S9                3.86544475E-01     -6.27E-04
  THI S11               1.93443325E-01     -9.10E-04
  THI S13               8.00185879E-01     -8.39E-04
  THI S15               4.00185879E-01     -8.39E-04
  
        EFL          REDU         PIM          OAL         EN PUP       EX PUP
      4.185146     0.000000     0.419338     5.109753     0.000000    -3.408234
  
  Active Constraints -   1:    target        value         diff        cost
  EFL                    =   4.18515E+00   4.18515E+00   4.910E-08   1.355E-04
  
  Weighted Constraints:        target        value        WTC/PTC     contrib
  @ATELIER_LATCOLOR      =   0.00000E+00   2.68288E-01   1.000E-02   7.198E+00
  @ATELIER_RMSSPOT       =   0.00000E+00   5.91000E+00   1.000E-03   3.493E+01
  
 CYCLE NUMBER 4:
  
  ABERR F. =        0.02958270
  CONST F. =       29.54287063
  ERR. F.  =       29.57245333       (change =      -12.61634281)
  
  OPD     0.02902812     0.03315623     0.01749432
  WAV     0.03675836     0.03627098     0.01833137
  
  
  
  Parameter                 Value            Change
  CUY S2                4.24813827E-01      1.34E-04
  CUY S3               -4.22770128E-02      6.06E-05
  CUY S4                3.37048961E-01      4.17E-04
  CUY S5                5.72435578E-01      3.06E-04
  CUY S6                1.33961444E-01     -2.34E-04
  CUY S7                1.57098259E-01      1.04E-04
  CUY S8               -2.13535625E-02      6.82E-05
  CUY S9               -4.44610692E-01     -1.19E-04
  CUY S10              -1.09395514E+00     -9.87E-05
  CUY S11              -7.98666261E-01     -1.25E-04
  CUY S12               5.96005361E-01     -2.44E-04
  CUY S13               7.07011078E-01      7.45E-05
  A   S2                2.99608431E-04      9.87E-05
  A   S3               -1.01550044E-03     -8.98E-05
  A   S4               -2.76056905E-02      5.41E-05
  A   S5               -3.45842174E-02     -3.53E-05
  A   S6               -5.50162149E-02      4.01E-05
  A   S7               -6.77142715E-02     -7.59E-05
  A   S8               -7.58112894E-02      7.53E-05
  A   S9               -2.97268327E-02     -2.64E-05
  A   S10              -3.98610141E-02      2.31E-05
  A   S11               1.05675132E-01     -1.47E-05
  A   S12              -1.10715803E-01      1.18E-05
  A   S13              -5.33040720E-02     -1.39E-05
  THI S1                1.23357807E-02     -6.43E-04
  THI S3                4.92517409E-02     -2.06E-05
  THI S5                3.43245090E-01     -2.35E-04
  THI S7                1.98521467E-01     -3.27E-04
  THI S9                3.86886312E-01      3.42E-04
  THI S11               1.93890474E-01      4.47E-04
  THI S13               8.01961475E-01      1.78E-03
  THI S15               4.01961475E-01      1.78E-03
  
        EFL          REDU         PIM          OAL         EN PUP       EX PUP
      4.185146     0.000000     0.416519     5.111092     0.000000    -3.408593
  
  Active Constraints -   1:    target        value         diff        cost
  EFL                    =   4.18515E+00   4.18515E+00  -8.709E-10   7.334E-05
  
  Weighted Constraints:        target        value        WTC/PTC     contrib
  @ATELIER_LATCOLOR      =   0.00000E+00   1.98893E-01   1.000E-02   3.956E+00
  @ATELIER_RMSSPOT       =   0.00000E+00   5.05836E+00   1.000E-03   2.559E+01
  
 CYCLE NUMBER 5:
  
  ABERR F. =        0.02909171
  CONST F. =       27.93797179
  ERR. F.  =       27.96706350       (change =       -1.60538983)
  
  OPD     0.03441997     0.02582619     0.01771536
  WAV     0.04176976     0.02871611     0.01852234
  
  
  
  Parameter                 Value            Change
  CUY S2                4.24711240E-01     -1.03E-04
  CUY S3               -4.23269906E-02     -5.00E-05
  CUY S4                3.36892886E-01     -1.56E-04
  CUY S5                5.72248825E-01     -1.87E-04
  CUY S6                1.33943312E-01     -1.81E-05
  CUY S7                1.57133044E-01      3.48E-05
  CUY S8               -2.13734038E-02     -1.98E-05
  CUY S9               -4.44804493E-01     -1.94E-04
  CUY S10              -1.09405750E+00     -1.02E-04
  CUY S11              -7.98671978E-01     -5.72E-06
  CUY S12               5.96452873E-01      4.48E-04
  CUY S13               7.07812606E-01      8.02E-04
  A   S2                2.77841125E-04     -2.18E-05
  A   S3               -9.77915739E-04      3.76E-05
  A   S4               -2.76614035E-02     -5.57E-05
  A   S5               -3.47873596E-02     -2.03E-04
  A   S6               -5.50389495E-02     -2.27E-05
  A   S7               -6.76994197E-02      1.49E-05
  A   S8               -7.58377262E-02     -2.64E-05
  A   S9               -2.97882178E-02     -6.14E-05
  A   S10              -3.98601760E-02      8.38E-07
  A   S11               1.05673804E-01     -1.33E-06
  A   S12              -1.10714127E-01      1.68E-06
  A   S13              -5.33048852E-02     -8.13E-07
  THI S1                1.22098664E-02     -1.26E-04
  THI S3                4.92217311E-02     -3.00E-05
  THI S5                3.43065928E-01     -1.79E-04
  THI S7                1.98542359E-01      2.09E-05
  THI S9                3.86764705E-01     -1.22E-04
  THI S11               1.93822437E-01     -6.80E-05
  THI S13               8.01602242E-01     -3.59E-04
  THI S15               4.01602242E-01     -3.59E-04
  
        EFL          REDU         PIM          OAL         EN PUP       EX PUP
      4.185144     0.000000     0.417158     5.110229     0.000000    -3.406712
  
  Active Constraints -   1:    target        value         diff        cost
  EFL                    =   4.18515E+00   4.18514E+00  -2.169E-06  -4.885E-05
  
  Weighted Constraints:        target        value        WTC/PTC     contrib
  @ATELIER_LATCOLOR      =   0.00000E+00   1.90457E-01   1.000E-02   3.627E+00
  @ATELIER_RMSSPOT       =   0.00000E+00   4.93058E+00   1.000E-03   2.431E+01
  
 CYCLE NUMBER 6:
  
  ABERR F. =        0.03610184
  CONST F. =       26.04926208
  ERR. F.  =       26.08536393       (change =       -1.88169957)
  
  OPD     0.04608495     0.03009250     0.01946634
  WAV     0.05383276     0.03312757     0.02040436
  
  
  
  Parameter                 Value            Change
  CUY S2                4.24715562E-01      4.32E-06
  CUY S3               -4.22750849E-02      5.19E-05
  CUY S4                3.37041762E-01      1.49E-04
  CUY S5                5.72313791E-01      6.50E-05
  CUY S6                1.34065552E-01      1.22E-04
  CUY S7                1.57353063E-01      2.20E-04
  CUY S8               -2.11263085E-02      2.47E-04
  CUY S9               -4.44600731E-01      2.04E-04
  CUY S10              -1.09403899E+00      1.85E-05
  CUY S11              -7.98670925E-01      1.05E-06
  CUY S12               5.96498063E-01      4.52E-05
  CUY S13               7.07977201E-01      1.65E-04
  A   S2                2.64361116E-04     -1.35E-05
  A   S3               -9.58094739E-04      1.98E-05
  A   S4               -2.76841958E-02     -2.28E-05
  A   S5               -3.47747905E-02      1.26E-05
  A   S6               -5.50596709E-02     -2.07E-05
  A   S7               -6.76885988E-02      1.08E-05
  A   S8               -7.58539928E-02     -1.63E-05
  A   S9               -2.97796193E-02      8.60E-06
  A   S10              -3.98610665E-02     -8.91E-07
  A   S11               1.05673926E-01      1.21E-07
  A   S12              -1.10713911E-01      2.17E-07
  A   S13              -5.33051442E-02     -2.59E-07
  THI S1                1.21176403E-02     -9.22E-05
  THI S3                4.91858055E-02     -3.59E-05
  THI S5                3.43108731E-01      4.28E-05
  THI S7                1.98570720E-01      2.84E-05
  THI S9                3.86621675E-01     -1.43E-04
  THI S11               1.93758907E-01     -6.35E-05
  THI S13               8.01369735E-01     -2.33E-04
  THI S15               4.01369735E-01     -2.33E-04
  
        EFL          REDU         PIM          OAL         EN PUP       EX PUP
      4.185146     0.000000     0.417236     5.109733     0.000000    -3.405837
  
  Active Constraints -   1:    target        value         diff        cost
  EFL                    =   4.18515E+00   4.18515E+00  -3.825E-11  -1.749E-04
  
  Weighted Constraints:        target        value        WTC/PTC     contrib
  @ATELIER_LATCOLOR      =   0.00000E+00   1.89062E-01   1.000E-02   3.574E+00
  @ATELIER_RMSSPOT       =   0.00000E+00   4.74076E+00   1.000E-03   2.247E+01
  
 CYCLE NUMBER 7:
  
  ABERR F. =        0.03600986
  CONST F. =       25.46378933
  ERR. F.  =       25.49979918       (change =       -0.58556474)
  
  OPD     0.04851366     0.02602704     0.01923649
  WAV     0.05602164     0.02890857     0.02012721
  
  
  
  Parameter                 Value            Change
  CUY S2                4.24679641E-01     -3.59E-05
  CUY S3               -4.23125992E-02     -3.75E-05
  CUY S4                3.36889192E-01     -1.53E-04
  CUY S5                5.72171718E-01     -1.42E-04
  CUY S6                1.34059792E-01     -5.76E-06
  CUY S7                1.57380139E-01      2.71E-05
  CUY S8               -2.11143364E-02      1.20E-05
  CUY S9               -4.44677537E-01     -7.68E-05
  CUY S10              -1.09408784E+00     -4.88E-05
  CUY S11              -7.98674169E-01     -3.24E-06
  CUY S12               5.96367248E-01     -1.31E-04
  CUY S13               7.07626604E-01     -3.51E-04
  A   S2                2.52012968E-04     -1.23E-05
  A   S3               -9.36390904E-04      2.17E-05
  A   S4               -2.77183085E-02     -3.41E-05
  A   S5               -3.48638930E-02     -8.91E-05
  A   S6               -5.50265605E-02      3.31E-05
  A   S7               -6.76807134E-02      7.89E-06
  A   S8               -7.58683629E-02     -1.44E-05
  A   S9               -2.98284011E-02     -4.88E-05
  A   S10              -3.98605820E-02      4.85E-07
  A   S11               1.05673225E-01     -7.01E-07
  A   S12              -1.10713092E-01      8.18E-07
  A   S13              -5.33055973E-02     -4.53E-07
  THI S1                1.20513149E-02     -6.63E-05
  THI S3                4.91698691E-02     -1.59E-05
  THI S5                3.43031459E-01     -7.73E-05
  THI S7                1.98580251E-01      9.53E-06
  THI S9                3.86495160E-01     -1.27E-04
  THI S11               1.93724979E-01     -3.39E-05
  THI S13               8.01167640E-01     -2.02E-04
  THI S15               4.01167640E-01     -2.02E-04
  
        EFL          REDU         PIM          OAL         EN PUP       EX PUP
      4.185145     0.000000     0.417950     5.109221     0.000000    -3.406136
  
  Active Constraints -   1:    target        value         diff        cost
  EFL                    =   4.18515E+00   4.18515E+00  -6.671E-07  -1.417E-04
  
  Weighted Constraints:        target        value        WTC/PTC     contrib
  @ATELIER_LATCOLOR      =   0.00000E+00   1.85130E-01   1.000E-02   3.427E+00
  @ATELIER_RMSSPOT       =   0.00000E+00   4.69430E+00   1.000E-03   2.204E+01
  
 CYCLE NUMBER 8:
  
  ABERR F. =        0.05242696
  CONST F. =       22.98557659
  ERR. F.  =       23.03800355       (change =       -2.46179564)
  
  OPD     0.07637744     0.03112617     0.02408106
  WAV     0.08538473     0.03432044     0.02531443
  
  
  
  Parameter                 Value            Change
  CUY S2                4.24724055E-01      4.44E-05
  CUY S3               -4.21955406E-02      1.17E-04
  CUY S4                3.37170799E-01      2.82E-04
  CUY S5                5.72303544E-01      1.32E-04
  CUY S6                1.33877615E-01     -1.82E-04
  CUY S7                1.57405820E-01      2.57E-05
  CUY S8               -2.09450863E-02      1.69E-04
  CUY S9               -4.44583496E-01      9.40E-05
  CUY S10              -1.09403426E+00      5.36E-05
  CUY S11              -7.98677349E-01     -3.18E-06
  CUY S12               5.97624627E-01      1.26E-03
  CUY S13               7.10223848E-01      2.60E-03
  A   S2                2.24965269E-04     -2.70E-05
  A   S3               -8.94892543E-04      4.15E-05
  A   S4               -2.77706994E-02     -5.24E-05
  A   S5               -3.48305086E-02      3.34E-05
  A   S6               -5.50577836E-02     -3.12E-05
  A   S7               -6.76603039E-02      2.04E-05
  A   S8               -7.59008736E-02     -3.25E-05
  A   S9               -2.98086433E-02      1.98E-05
  A   S10              -3.98611056E-02     -5.24E-07
  A   S11               1.05672635E-01     -5.89E-07
  A   S12              -1.10711946E-01      1.15E-06
  A   S13              -5.33066174E-02     -1.02E-06
  THI S1                1.18499422E-02     -2.01E-04
  THI S3                4.91076257E-02     -6.22E-05
  THI S5                3.42977761E-01     -5.37E-05
  THI S7                1.98623426E-01      4.32E-05
  THI S9                3.86192200E-01     -3.03E-04
  THI S11               1.93620503E-01     -1.04E-04
  THI S13               8.00707379E-01     -4.60E-04
  THI S15               4.00707379E-01     -4.60E-04
  
        EFL          REDU         PIM          OAL         EN PUP       EX PUP
      4.185138     0.000000     0.417712     5.108079     0.000000    -3.400962
  
  Active Constraints -   1:    target        value         diff        cost
  EFL                    =   4.18515E+00   4.18514E+00  -7.644E-06  -9.923E-05
  
  Weighted Constraints:        target        value        WTC/PTC     contrib
  @ATELIER_LATCOLOR      =   0.00000E+00   1.78523E-01   1.000E-02   3.187E+00
  @ATELIER_RMSSPOT       =   0.00000E+00   4.44955E+00   1.000E-03   1.980E+01
  
 CYCLE NUMBER 9:
  
  ABERR F. =        0.06063499
  CONST F. =       20.26693595
  ERR. F.  =       20.32757095       (change =       -2.71043260)
  
  OPD     0.09291133     0.02733031     0.02410185
  WAV     0.10267166     0.03029487     0.02529833
  
  
  
  Parameter                 Value            Change
  CUY S2                4.24768649E-01      4.46E-05
  CUY S3               -4.21126636E-02      8.29E-05
  CUY S4                3.37352146E-01      1.81E-04
  CUY S5                5.72393304E-01      8.98E-05
  CUY S6                1.33793659E-01     -8.40E-05
  CUY S7                1.57432328E-01      2.65E-05
  CUY S8               -2.09366208E-02      8.47E-06
  CUY S9               -4.44654139E-01     -7.06E-05
  CUY S10              -1.09406264E+00     -2.84E-05
  CUY S11              -7.98689429E-01     -1.21E-05
  CUY S12               5.97967779E-01      3.43E-04
  CUY S13               7.11034397E-01      8.11E-04
  A   S2                1.80368810E-04     -4.46E-05
  A   S3               -7.39662949E-04      1.55E-04
  A   S4               -2.77065499E-02      6.41E-05
  A   S5               -3.48552258E-02     -2.47E-05
  A   S6               -5.50228196E-02      3.50E-05
  A   S7               -6.76578648E-02      2.44E-06
  A   S8               -7.58693766E-02      3.15E-05
  A   S9               -2.98299392E-02     -2.13E-05
  A   S10              -3.98584668E-02      2.64E-06
  A   S11               1.05670490E-01     -2.14E-06
  A   S12              -1.10709816E-01      2.13E-06
  A   S13              -5.33079857E-02     -1.37E-06
  THI S1                1.17011545E-02     -1.49E-04
  THI S3                4.90900307E-02     -1.76E-05
  THI S5                3.42850848E-01     -1.27E-04
  THI S7                1.98610653E-01     -1.28E-05
  THI S9                3.86112072E-01     -8.01E-05
  THI S11               1.93586836E-01     -3.37E-05
  THI S13               8.00144915E-01     -5.62E-04
  THI S15               4.00144915E-01     -5.62E-04
  
        EFL          REDU         PIM          OAL         EN PUP       EX PUP
      4.185146     0.000000     0.417977     5.107097     0.000000    -3.398591
  
  Active Constraints -   1:    target        value         diff        cost
  EFL                    =   4.18515E+00   4.18515E+00   6.966E-11  -1.642E-04
  
  Weighted Constraints:        target        value        WTC/PTC     contrib
  @ATELIER_LATCOLOR      =   0.00000E+00   1.74761E-01   1.000E-02   3.054E+00
  @ATELIER_RMSSPOT       =   0.00000E+00   4.14883E+00   1.000E-03   1.721E+01
  
 CYCLE NUMBER 10:
  
  ABERR F. =        0.02031095
  CONST F. =       14.00774187
  ERR. F.  =       14.02805282       (change =       -6.29951813)
  
  OPD     0.02927909     0.01335528     0.00953208
  WAV     0.03217576     0.01447882     0.01018836
  
  
  
  Parameter                 Value            Change
  CUY S2                4.21627318E-01     -3.14E-03
  CUY S3               -4.55667174E-02     -3.45E-03
  CUY S4                3.68776167E-01      3.14E-02
  CUY S5                6.04154316E-01      3.18E-02
  CUY S6                1.33469114E-01     -3.25E-04
  CUY S7                1.58581711E-01      1.15E-03
  CUY S8               -1.69288548E-02      4.01E-03
  CUY S9               -4.40547856E-01      4.11E-03
  CUY S10              -1.09241740E+00      1.65E-03
  CUY S11              -7.98591216E-01      9.82E-05
  CUY S12               5.84850839E-01     -1.31E-02
  CUY S13               6.96034310E-01     -1.50E-02
  A   S2                4.00220795E-04      2.20E-04
  A   S3               -9.37494641E-04     -1.98E-04
  A   S4               -2.55531862E-02      2.15E-03
  A   S5               -3.52973605E-02     -4.42E-04
  A   S6               -5.27000324E-02      2.32E-03
  A   S7               -6.77236888E-02     -6.58E-05
  A   S8               -7.80311946E-02     -2.16E-03
  A   S9               -2.94236884E-02      4.06E-04
  A   S10              -4.00055752E-02     -1.47E-04
  A   S11               1.05669502E-01     -9.89E-07
  A   S12              -1.10177422E-01      5.32E-04
  A   S13              -5.32287113E-02      7.93E-05
  THI S1                1.18714353E-02      1.70E-04
  THI S3                5.00737551E-02      9.84E-04
  THI S5                3.40304555E-01     -2.55E-03
  THI S7                2.00734615E-01      2.12E-03
  THI S9                3.86934851E-01      8.23E-04
  THI S11               1.96351278E-01      2.76E-03
  THI S13               8.01821993E-01      1.68E-03
  THI S15               4.01821993E-01      1.68E-03
  
        EFL          REDU         PIM          OAL         EN PUP       EX PUP
      4.185126     0.000000     0.396956     5.113092     0.000000    -3.409319
  
  Active Constraints -   1:    target        value         diff        cost
  EFL                    =   4.18515E+00   4.18513E+00  -2.001E-05   7.133E-09
  
  Weighted Constraints:        target        value        WTC/PTC     contrib
  @ATELIER_LATCOLOR      =   0.00000E+00   1.78567E-01   1.000E-02   3.189E+00
  @ATELIER_RMSSPOT       =   0.00000E+00   3.28924E+00   1.000E-03   1.082E+01
  
 CYCLE NUMBER 11:
  
  ABERR F. =        0.01585625
  CONST F. =       13.81114334
  ERR. F.  =       13.82699959       (change =       -0.20105323)
  
  OPD     0.02077156     0.01281795     0.00908838
  WAV     0.02334481     0.01391518     0.00956844
  
  
  
  Parameter                 Value            Change
  CUY S2                4.21666865E-01      3.95E-05
  CUY S3               -4.55443592E-02      2.24E-05
  CUY S4                3.68606888E-01     -1.69E-04
  CUY S5                6.03993035E-01     -1.61E-04
  CUY S6                1.33501415E-01      3.23E-05
  CUY S7                1.58442136E-01     -1.40E-04
  CUY S8               -1.71005678E-02     -1.72E-04
  CUY S9               -4.40556114E-01     -8.26E-06
  CUY S10              -1.09245199E+00     -3.46E-05
  CUY S11              -7.98624668E-01     -3.35E-05
  CUY S12               5.85380122E-01      5.29E-04
  CUY S13               6.97143272E-01      1.11E-03
  A   S2                4.08800445E-04      8.58E-06
  A   S3               -9.48605544E-04     -1.11E-05
  A   S4               -2.55147446E-02      3.84E-05
  A   S5               -3.52879556E-02      9.40E-06
  A   S6               -5.27132416E-02     -1.32E-05
  A   S7               -6.77377698E-02     -1.41E-05
  A   S8               -7.80210429E-02      1.02E-05
  A   S9               -2.94328172E-02     -9.13E-06
  A   S10              -3.99999811E-02      5.59E-06
  A   S11               1.05665723E-01     -3.78E-06
  A   S12              -1.10174987E-01      2.44E-06
  A   S13              -5.32322936E-02     -3.58E-06
  THI S1                1.16041263E-02     -2.67E-04
  THI S3                5.00764677E-02      2.71E-06
  THI S5                3.40102737E-01     -2.02E-04
  THI S7                2.00659576E-01     -7.50E-05
  THI S9                3.86996896E-01      6.20E-05
  THI S11               1.96461659E-01      1.10E-04
  THI S13               8.01954504E-01      1.33E-04
  THI S15               4.01954504E-01      1.33E-04
  
        EFL          REDU         PIM          OAL         EN PUP       EX PUP
      4.185146     0.000000     0.396394     5.112856     0.000000    -3.407151
  
  Active Constraints -   1:    target        value         diff        cost
  EFL                    =   4.18515E+00   4.18515E+00   3.353E-09  -1.298E-04
  
  Weighted Constraints:        target        value        WTC/PTC     contrib
  @ATELIER_LATCOLOR      =   0.00000E+00   1.55721E-01   1.000E-02   2.425E+00
  @ATELIER_RMSSPOT       =   0.00000E+00   3.37435E+00   1.000E-03   1.139E+01
  
 CYCLE NUMBER 12:
  
  ABERR F. =        0.01963737
  CONST F. =       12.24151408
  ERR. F.  =       12.26115146       (change =       -1.56584813)
  
  OPD     0.02791582     0.01353821     0.00928706
  WAV     0.03085053     0.01467729     0.00988708
  
  
  
  Parameter                 Value            Change
  CUY S2                4.21634015E-01     -3.29E-05
  CUY S3               -4.55546891E-02     -1.03E-05
  CUY S4                3.68650201E-01      4.33E-05
  CUY S5                6.04026162E-01      3.31E-05
  CUY S6                1.33542710E-01      4.13E-05
  CUY S7                1.58398628E-01     -4.35E-05
  CUY S8               -1.71353259E-02     -3.48E-05
  CUY S9               -4.40510109E-01      4.60E-05
  CUY S10              -1.09244301E+00      8.99E-06
  CUY S11              -7.98623598E-01      1.07E-06
  CUY S12               5.85515683E-01      1.36E-04
  CUY S13               6.97397042E-01      2.54E-04
  A   S2                4.00848887E-04     -7.95E-06
  A   S3               -9.37163789E-04      1.14E-05
  A   S4               -2.55240635E-02     -9.32E-06
  A   S5               -3.52792004E-02      8.76E-06
  A   S6               -5.27199465E-02     -6.70E-06
  A   S7               -6.77316674E-02      6.10E-06
  A   S8               -7.80302786E-02     -9.24E-06
  A   S9               -2.94275484E-02      5.27E-06
  A   S10              -4.00008887E-02     -9.08E-07
  A   S11               1.05666276E-01      5.53E-07
  A   S12              -1.10175348E-01     -3.61E-07
  A   S13              -5.32329449E-02     -6.51E-07
  THI S1                1.15214763E-02     -8.26E-05
  THI S3                5.00441169E-02     -3.24E-05
  THI S5                3.40138499E-01      3.58E-05
  THI S7                2.00680773E-01      2.12E-05
  THI S9                3.86896102E-01     -1.01E-04
  THI S11               1.96442797E-01     -1.89E-05
  THI S13               8.01808181E-01     -1.46E-04
  THI S15               4.01808181E-01     -1.46E-04
  
        EFL          REDU         PIM          OAL         EN PUP       EX PUP
      4.185146     0.000000     0.396547     5.112532     0.000000    -3.406483
  
  Active Constraints -   1:    target        value         diff        cost
  EFL                    =   4.18515E+00   4.18515E+00   2.166E-07  -6.270E-04
  
  Weighted Constraints:        target        value        WTC/PTC     contrib
  @ATELIER_LATCOLOR      =   0.00000E+00   1.54380E-01   1.000E-02   2.383E+00
  @ATELIER_RMSSPOT       =   0.00000E+00   3.13978E+00   1.000E-03   9.858E+00
  
 CYCLE NUMBER 13:
  
  ABERR F. =        0.01957335
  CONST F. =       12.19434441
  ERR. F.  =       12.21391776       (change =       -0.04723370)
  
  OPD     0.02780197     0.01352278     0.00927834
  WAV     0.03073015     0.01466024     0.00987572
  
  
  
  Parameter                 Value            Change
  CUY S2                4.21633429E-01     -5.86E-07
  CUY S3               -4.55555118E-02     -8.23E-07
  CUY S4                3.68647342E-01     -2.86E-06
  CUY S5                6.04023837E-01     -2.33E-06
  CUY S6                1.33543462E-01      7.52E-07
  CUY S7                1.58396737E-01     -1.89E-06
  CUY S8               -1.71376832E-02     -2.36E-06
  CUY S9               -4.40510369E-01     -2.60E-07
  CUY S10              -1.09244347E+00     -4.66E-07
  CUY S11              -7.98624027E-01     -4.29E-07
  CUY S12               5.85513467E-01     -2.22E-06
  CUY S13               6.97392354E-01     -4.69E-06
  A   S2                4.00964275E-04      1.15E-07
  A   S3               -9.37313046E-04     -1.49E-07
  A   S4               -2.55239194E-02      1.44E-07
  A   S5               -3.52793603E-02     -1.60E-07
  A   S6               -5.27197762E-02      1.70E-07
  A   S7               -6.77317992E-02     -1.32E-07
  A   S8               -7.80301379E-02      1.41E-07
  A   S9               -2.94276751E-02     -1.27E-07
  A   S10              -4.00008161E-02      7.26E-08
  A   S11               1.05666228E-01     -4.82E-08
  A   S12              -1.10175317E-01      3.09E-08
  A   S13              -5.32329884E-02     -4.35E-08
  THI S1                1.15184420E-02     -3.03E-06
  THI S3                5.00441949E-02      7.80E-08
  THI S5                3.40135893E-01     -2.61E-06
  THI S7                2.00679782E-01     -9.91E-07
  THI S9                3.86897117E-01      1.02E-06
  THI S11               1.96444243E-01      1.45E-06
  THI S13               8.01809961E-01      1.78E-06
  THI S15               4.01809961E-01      1.78E-06
  
        EFL          REDU         PIM          OAL         EN PUP       EX PUP
      4.185146     0.000000     0.396549     5.112530     0.000000    -3.406489
  
  Active Constraints -   1:    target        value         diff        cost
  EFL                    =   4.18515E+00   4.18515E+00  -3.020E-14  -3.354E-04
  
  Weighted Constraints:        target        value        WTC/PTC     contrib
  @ATELIER_LATCOLOR      =   0.00000E+00   1.54125E-01   1.000E-02   2.375E+00
  @ATELIER_RMSSPOT       =   0.00000E+00   3.13351E+00   1.000E-03   9.819E+00
  
 CYCLE NUMBER 14:
  
  ABERR F. =        0.01961038
  CONST F. =       12.22437709
  ERR. F.  =       12.24398747       (change =        0.03006971)
  
  OPD     0.02786775     0.01353301     0.00928221
  WAV     0.03079954     0.01467139     0.00988073
  
  
  
  Parameter                 Value            Change
  CUY S2                4.21633371E-01     -5.81E-08
  CUY S3               -4.55553853E-02      1.27E-07
  CUY S4                3.68647451E-01      1.09E-07
  CUY S5                6.04023753E-01     -8.42E-08
  CUY S6                1.33543557E-01      9.52E-08
  CUY S7                1.58396129E-01     -6.07E-07
  CUY S8               -1.71382089E-02     -5.26E-07
  CUY S9               -4.40510101E-01      2.68E-07
  CUY S10              -1.09244340E+00      7.19E-08
  CUY S11              -7.98624050E-01     -2.28E-08
  CUY S12               5.85514436E-01      9.69E-07
  CUY S13               6.97394156E-01      1.80E-06
  A   S2                4.00889610E-04     -7.47E-08
  A   S3               -9.37190691E-04      1.22E-07
  A   S4               -2.55240273E-02     -1.08E-07
  A   S5               -3.52792647E-02      9.56E-08
  A   S6               -5.27198355E-02     -5.93E-08
  A   S7               -6.77317503E-02      4.89E-08
  A   S8               -7.80302253E-02     -8.74E-08
  A   S9               -2.94276232E-02      5.19E-08
  A   S10              -4.00008164E-02     -3.00E-10
  A   S11               1.05666228E-01      3.56E-10
  A   S12              -1.10175317E-01     -1.60E-10
  A   S13              -5.32329962E-02     -7.79E-09
  THI S1                1.15176489E-02     -7.93E-07
  THI S3                5.00440328E-02     -1.62E-07
  THI S5                3.40136173E-01      2.80E-07
  THI S7                2.00679910E-01      1.28E-07
  THI S9                3.86896128E-01     -9.89E-07
  THI S11               1.96444301E-01      5.84E-08
  THI S13               8.01808570E-01     -1.39E-06
  THI S15               4.01808570E-01     -1.39E-06
  
        EFL          REDU         PIM          OAL         EN PUP       EX PUP
      4.185146     0.000000     0.396550     5.112527     0.000000    -3.406484
  
  Active Constraints -   1:    target        value         diff        cost
  EFL                    =   4.18515E+00   4.18515E+00  -1.170E-10   1.332E-04
  
  Weighted Constraints:        target        value        WTC/PTC     contrib
  @ATELIER_LATCOLOR      =   0.00000E+00   1.54100E-01   1.000E-02   2.375E+00
  @ATELIER_RMSSPOT       =   0.00000E+00   3.13842E+00   1.000E-03   9.850E+00
  
 CYCLE NUMBER 15:
  
  ABERR F. =        0.01960900
  CONST F. =       12.22443919
  ERR. F.  =       12.24404819       (change =        0.00006072)
  
  OPD     0.02786504     0.01353313     0.00928205
  WAV     0.03079669     0.01467152     0.00988053
  
  
  
  Parameter                 Value            Change
  CUY S2                4.21633370E-01     -1.05E-09
  CUY S3               -4.55553915E-02     -6.25E-09
  CUY S4                3.68647458E-01      6.75E-09
  CUY S5                6.04023768E-01      1.54E-08
  CUY S6                1.33543600E-01      4.24E-08
  CUY S7                1.58396133E-01      3.45E-09
  CUY S8               -1.71381791E-02      2.98E-08
  CUY S9               -4.40510050E-01      5.09E-08
  CUY S10              -1.09244342E+00     -1.45E-08
  CUY S11              -7.98624050E-01     -2.72E-10
  CUY S12               5.85514426E-01     -1.01E-08
  CUY S13               6.97394153E-01     -3.12E-09
  A   S2                4.00892952E-04      3.34E-09
  A   S3               -9.37194602E-04     -3.91E-09
  A   S4               -2.55240235E-02      3.80E-09
  A   S5               -3.52792695E-02     -4.80E-09
  A   S6               -5.27198284E-02      7.18E-09
  A   S7               -6.77317547E-02     -4.34E-09
  A   S8               -7.80302215E-02      3.76E-09
  A   S9               -2.94276283E-02     -5.10E-09
  A   S10              -4.00008153E-02      1.13E-09
  A   S11               1.05666228E-01     -3.92E-10
  A   S12              -1.10175317E-01     -2.18E-11
  A   S13              -5.32329965E-02     -3.34E-10
  THI S1                1.15176152E-02     -3.37E-08
  THI S3                5.00440228E-02     -1.00E-08
  THI S5                3.40136190E-01      1.72E-08
  THI S7                2.00679895E-01     -1.47E-08
  THI S9                3.86896148E-01      1.97E-08
  THI S11               1.96444297E-01     -4.04E-09
  THI S13               8.01808614E-01      4.39E-08
  THI S15               4.01808614E-01      4.39E-08
  
        EFL          REDU         PIM          OAL         EN PUP       EX PUP
      4.185146     0.000000     0.396550     5.112527     0.000000    -3.406484
  
  Active Constraints -   1:    target        value         diff        cost
  EFL                    =   4.18515E+00   4.18515E+00   1.217E-12  -1.410E-04
  
  Weighted Constraints:        target        value        WTC/PTC     contrib
  @ATELIER_LATCOLOR      =   0.00000E+00   1.54097E-01   1.000E-02   2.375E+00
  @ATELIER_RMSSPOT       =   0.00000E+00   3.13845E+00   1.000E-03   9.850E+00
  
     Normal AUTO Completion - System improvement less than IMP
AUT> GO
 
 
CODE V> BUF PUT B1 I^row J1 "schema"
      Created new worksheet B1.
CODE V> BUF PUT B1 I^row J2 "atelier-codev-target-v1"
CODE V> BUF PUT B1 I^row J1 "status"
CODE V> BUF PUT B1 I^row J2 "ok"
CODE V> BUF PUT B1 I^row J1 "mode"
CODE V> BUF PUT B1 I^row J2 "target"
CODE V> BUF PUT B1 I^row J1 "stage"
CODE V> BUF PUT B1 I^row J2 "A"
CODE V> BUF PUT B1 I^row J1 "source_zmx"
CODE V> BUF PUT B1 I^row J2 "US20140111876A1.zmx"
CODE V> BUF PUT B1 I^row J1 "num_fields"
CODE V> BUF PUT B1 I^row J2 ^numf_out
CODE V> BUF PUT B1 I^row J1 "vignetting_edge"
CODE V> BUF PUT B1 I^row J2 0.5
CODE V> BUF PUT B1 I^row J1 "target.efl_mm"
CODE V> BUF PUT B1 I^row J2 ^target_efl
CODE V> BUF PUT B1 I^row J1 "target.f_number"
CODE V> BUF PUT B1 I^row J2 3
CODE V> BUF PUT B1 I^row J1 "seed_baseline.efl_y_mm"
CODE V> BUF PUT B1 I^row J2 ^seed_baseline_efl_y_mm
CODE V> BUF PUT B1 I^row J1 "seed_baseline.max_lateral_color_um"
CODE V> BUF PUT B1 I^row J2 ^seed_baseline_max_lateral_color_um
CODE V> BUF PUT B1 I^row J1 "seed_baseline.max_rms_spot_diameter_um"
CODE V> BUF PUT B1 I^row J2 ^seed_baseline_max_rms_spot_diameter_um
CODE V> BUF PUT B1 I^row J1 "seed_baseline.max_rms_wavefront_error_waves"
CODE V> BUF PUT B1 I^row J2 ^seed_baseline_max_rms_wavefront_error_waves
CODE V> BUF PUT B1 I^row J1 "seed_baseline.max_distortion_pct"
CODE V> BUF PUT B1 I^row J2 ^seed_baseline_max_distortion_pct
CODE V> BUF PUT B1 I^row J1 "seed_baseline.fno"
CODE V> BUF PUT B1 I^row J2 ^seed_baseline_fno
CODE V> BUF PUT B1 I^row J1 "seed_baseline.epd_mm"
CODE V> BUF PUT B1 I^row J2 ^seed_baseline_epd
CODE V> BUF PUT B1 I^row J1 "seed_baseline.maximh_mm"
CODE V> BUF PUT B1 I^row J2 ^seed_baseline_maximh
CODE V> BUF PUT B1 I^row J1 "config_pre_aut.efl_y_mm"
CODE V> BUF PUT B1 I^row J2 ^config_pre_aut_efl_y_mm
CODE V> BUF PUT B1 I^row J1 "config_pre_aut.max_lateral_color_um"
CODE V> BUF PUT B1 I^row J2 ^config_pre_aut_max_lateral_color_um
CODE V> BUF PUT B1 I^row J1 "config_pre_aut.max_rms_spot_diameter_um"
CODE V> BUF PUT B1 I^row J2 ^config_pre_aut_max_rms_spot_diameter_um
CODE V> BUF PUT B1 I^row J1 "config_pre_aut.max_rms_wavefront_error_waves"
CODE V> BUF PUT B1 I^row J2 ^config_pre_aut_max_rms_wavefront_error_waves
CODE V> BUF PUT B1 I^row J1 "config_pre_aut.max_distortion_pct"
CODE V> BUF PUT B1 I^row J2 ^config_pre_aut_max_distortion_pct
CODE V> BUF PUT B1 I^row J1 "config_pre_aut.fno"
CODE V> BUF PUT B1 I^row J2 ^config_pre_aut_fno
CODE V> BUF PUT B1 I^row J1 "config_pre_aut.epd_mm"
CODE V> BUF PUT B1 I^row J2 ^config_pre_aut_epd
CODE V> BUF PUT B1 I^row J1 "config_pre_aut.maximh_mm"
CODE V> BUF PUT B1 I^row J2 ^config_pre_aut_maximh
CODE V> BUF PUT B1 I^row J1 "post_aut.efl_y_mm"
CODE V> BUF PUT B1 I^row J2 ^post_aut_efl_y_mm
CODE V> BUF PUT B1 I^row J1 "post_aut.max_lateral_color_um"
CODE V> BUF PUT B1 I^row J2 ^post_aut_max_lateral_color_um
CODE V> BUF PUT B1 I^row J1 "post_aut.max_rms_spot_diameter_um"
CODE V> BUF PUT B1 I^row J2 ^post_aut_max_rms_spot_diameter_um
CODE V> BUF PUT B1 I^row J1 "post_aut.max_rms_wavefront_error_waves"
CODE V> BUF PUT B1 I^row J2 ^post_aut_max_rms_wavefront_error_waves
CODE V> BUF PUT B1 I^row J1 "post_aut.max_distortion_pct"
CODE V> BUF PUT B1 I^row J2 ^post_aut_max_distortion_pct
CODE V> BUF PUT B1 I^row J1 "post_aut.fno"
CODE V> BUF PUT B1 I^row J2 ^post_aut_fno
CODE V> BUF PUT B1 I^row J1 "post_aut.epd_mm"
CODE V> BUF PUT B1 I^row J2 ^post_aut_epd
CODE V> BUF PUT B1 I^row J1 "post_aut.maximh_mm"
CODE V> BUF PUT B1 I^row J2 ^post_aut_maximh
CODE V> BUF PUT B1 I^row J1 "efl_target_deviation_pct"
CODE V> BUF PUT B1 I^row J2 ^efl_target_dev_pct
CODE V> BUF PUT B1 I^row J1 "aut_converged"
CODE V> BUF PUT B1 I^row J2 ^aut_converged
CODE V> BUF EXP B1 "D:\atelier-wt-c\.planning\loop\p15-stageb-evidence\fno-matrix-2026-07-11\US20140111876A1_loosen\rung3_fno0300\ray_retry\atelier_codev_target_A_vig0500.tsv"
     Buffer B1 exported to file atelier_codev_target_A_vig0500.tsv
CODE V> BUF DEL B1
CODE V> OUT YES
CODE V> EXI YES
     EXI                                                                              11-Jul-26  14H 16M 17S
                                                 CODE V PC  Version: 11.5             CPU clock:  0H  0M  6S
