  
  
                                   Welcome to
  
                                   C O D E   V
  
                                PC  Version 11.5
                                   Build 27302701
  
                                   11-Jul-2026
  
                            A proprietary product of
  
                              SYNOPSYS, INC
                              Pasadena, California
  
CODE V> OUT NO
     Radius input/output mode
  
    Lens data created by Zemax version 200706
  
    Zemax command MODE ignored
    ZEMAX NOTE 0 table5
    Zemax command PFIL ignored
    Zemax command LANG ignored
     WARNING - Glass catalog list not used.
     WARNING - Ray aiming not used.
     WARNING - Pupil shift for ray aiming not used.
    Zemax command SDMA ignored
    Zemax command OMMA ignored
    Zemax command HYPR ignored
     WARNING - Vignetting angles not used.
    Zemax command POLS ignored
    Zemax command GLRS ignored
    Zemax command GSTD ignored
    Zemax command NSCD ignored
    Zemax command COFN ignored
    Zemax command COFN ignored
  
     Surface pointer = OBJ
    Zemax surface type  STANDARD
    CODE V surface type SPH
    Zemax command FIMP ignored.
     WARNING - Hiding of rays not used.
    Zemax command MIRR ignored.
    Zemax command SLAB ignored.
    Zemax command MEMA ignored.
    Zemax command POPS ignored.
  
     Surface pointer = 1
    Zemax surface type  STANDARD
    CODE V surface type SPH
    Zemax command FIMP ignored.
     WARNING - Hiding of rays not used.
    Zemax command MIRR ignored.
    Zemax command SLAB ignored.
    Zemax command MEMA ignored.
    Zemax command POPS ignored.
  
     Surface pointer = 2
    Zemax surface type  EVENASPH
    CODE V surface type ASP
    Zemax command FIMP ignored.
     WARNING - Hiding of rays not used.
    Zemax command MIRR ignored.
    Zemax command SLAB ignored.
     WARNING - Partial dispersion of model glass not used.
    Zemax command MEMA ignored.
    Zemax command POPS ignored.
  
     Surface pointer = 3
    Zemax surface type  EVENASPH
    CODE V surface type ASP
    Zemax command FIMP ignored.
     WARNING - Hiding of rays not used.
    Zemax command MIRR ignored.
    Zemax command SLAB ignored.
    Zemax command MEMA ignored.
    Zemax command POPS ignored.
  
     Surface pointer = 4
    Zemax surface type  EVENASPH
    CODE V surface type ASP
    Zemax command FIMP ignored.
     WARNING - Hiding of rays not used.
    Zemax command MIRR ignored.
    Zemax command SLAB ignored.
     WARNING - Partial dispersion of model glass not used.
    Zemax command MEMA ignored.
    Zemax command POPS ignored.
  
     Surface pointer = 5
    Zemax surface type  EVENASPH
    CODE V surface type ASP
    Zemax command FIMP ignored.
     WARNING - Hiding of rays not used.
    Zemax command MIRR ignored.
    Zemax command SLAB ignored.
    Zemax command MEMA ignored.
    Zemax command POPS ignored.
  
     Surface pointer = 6
    Zemax surface type  EVENASPH
    CODE V surface type ASP
    Zemax command FIMP ignored.
     WARNING - Hiding of rays not used.
    Zemax command MIRR ignored.
    Zemax command SLAB ignored.
     WARNING - Partial dispersion of model glass not used.
    Zemax command MEMA ignored.
    Zemax command POPS ignored.
  
     Surface pointer = 7
    Zemax surface type  EVENASPH
    CODE V surface type ASP
    Zemax command FIMP ignored.
     WARNING - Hiding of rays not used.
    Zemax command MIRR ignored.
    Zemax command SLAB ignored.
    Zemax command MEMA ignored.
    Zemax command POPS ignored.
  
     Surface pointer = 8
    Zemax surface type  EVENASPH
    CODE V surface type ASP
    Zemax command FIMP ignored.
     WARNING - Hiding of rays not used.
    Zemax command MIRR ignored.
    Zemax command SLAB ignored.
     WARNING - Partial dispersion of model glass not used.
    Zemax command MEMA ignored.
    Zemax command POPS ignored.
  
     Surface pointer = 9
    Zemax surface type  EVENASPH
    CODE V surface type ASP
    Zemax command FIMP ignored.
     WARNING - Hiding of rays not used.
    Zemax command MIRR ignored.
    Zemax command SLAB ignored.
    Zemax command MEMA ignored.
    Zemax command POPS ignored.
  
     Surface pointer = 10
    Zemax surface type  EVENASPH
    CODE V surface type ASP
    Zemax command FIMP ignored.
     WARNING - Hiding of rays not used.
    Zemax command MIRR ignored.
    Zemax command SLAB ignored.
     WARNING - Partial dispersion of model glass not used.
    Zemax command MEMA ignored.
    Zemax command POPS ignored.
  
     Surface pointer = 11
    Zemax surface type  EVENASPH
    CODE V surface type ASP
    Zemax command FIMP ignored.
     WARNING - Hiding of rays not used.
    Zemax command MIRR ignored.
    Zemax command SLAB ignored.
    Zemax command MEMA ignored.
    Zemax command POPS ignored.
  
     Surface pointer = 12
    Zemax surface type  EVENASPH
    CODE V surface type ASP
    Zemax command FIMP ignored.
     WARNING - Hiding of rays not used.
    Zemax command MIRR ignored.
    Zemax command SLAB ignored.
     WARNING - Partial dispersion of model glass not used.
    Zemax command MEMA ignored.
    Zemax command POPS ignored.
  
     Surface pointer = 13
    Zemax surface type  EVENASPH
    CODE V surface type ASP
    Zemax command FIMP ignored.
     WARNING - Hiding of rays not used.
    Zemax command MIRR ignored.
    Zemax command SLAB ignored.
    Zemax command MEMA ignored.
    Zemax command POPS ignored.
  
     Surface pointer = 14
    Zemax surface type  STANDARD
    CODE V surface type SPH
    Zemax command FIMP ignored.
     WARNING - Hiding of rays not used.
    Zemax command MIRR ignored.
    Zemax command SLAB ignored.
     WARNING - Partial dispersion of model glass not used.
    Zemax command MEMA ignored.
    Zemax command POPS ignored.
  
     Surface pointer = 15
    Zemax surface type  STANDARD
    CODE V surface type SPH
    Zemax command FIMP ignored.
     WARNING - Hiding of rays not used.
    Zemax command MIRR ignored.
    Zemax command SLAB ignored.
    Zemax command MEMA ignored.
    Zemax command POPS ignored.
  
     Surface pointer = IMG
    Zemax surface type  STANDARD
    CODE V surface type SPH
    Zemax command FIMP ignored.
     WARNING - Hiding of rays not used.
    Zemax command MIRR ignored.
    Zemax command SLAB ignored.
    Zemax command MEMA ignored.
    Zemax command POPS ignored.
  
     WARNING - Please check the converted lens carefully.
               Some information will not be converted.
               Changes in either CODE V or ZEMAX may invalidate
               the converted information.
               Due to differences between CODE V and ZEMAX ray
               aiming and vignetting factors, it is recommended
               that you set vignetting for the converted system.
  
               A concise listing of conversion warnings appears
               in the Tabbed Output Window 'Info' tab and in the
               Command Window.
  
CODE V> DEF VAR SA
     ERROR - Total reflection at surface   9 for zoom position  1
     ERROR - One or more of the reference rays from field  2 is deviated far from
             most of the other rays from this field point.  The reference rays are
             used to determine the numerical aperture and the grid spacing.  Thus, it
             is important that these rays are focused at approximately the same spot
             as the other rays from this field point.  Modifying the vignetting
             may solve this problem and allow the computation to proceed.
CODE V> FNO 3
CODE V> VUY 0 0.4 0.4
CODE V> VLY 0 0.4 0.4
CODE V> VUX 0 0.4 0.4
CODE V> VLX 0 0.4 0.4
 
 
CODE V> AUT
     AUT                                                                              11-Jul-26  14H 16M  4S
                                                 CODE V PC  Version: 11.5             CPU clock:  0H  0M  0S
     ***Defocussing frozen to eliminate redundant variable
AUT>   SUR N
AUT>   CHG SA
AUT>   WFR Y
AUT>   WTF FA 10
AUT>   EFL = 4.18514570787019
AUT>   @atelier_latcolor == @lcum(1)
AUT>   @atelier_latcolor = 0
AUT>   WTC 0.01
AUT>   @atelier_rmsspot == @rmssum(1)
AUT>   @atelier_rmsspot = 0
AUT>   WTC 0.001
AUT>   MNT 0.025
AUT>   MNE 0.025
AUT>   MXT 10
AUT>   MNA 0.001
AUT>   MXC 25
AUT>   MNC 3
AUT>   IMP 0.001
AUT> GO
 -------------------------------------------------------------------------------
  
       USER CONSTRAINT DEFINITIONS
            @atelier_rmsspot == @rmssum(1)
  
            @atelier_latcolor == @lcum(1)
  
  
  
       POTENTIALLY ACTIVE SPECIFIC CONSTRAINTS
         EFL                                  =       4.185146
         @ATELIER_LATCOLOR                    =       0.000000     (WTC =    0.01000)
         @ATELIER_RMSSPOT                     =       0.000000     (WTC =    0.00100)
  
       GENERAL CONSTRAINTS
         MXT      10.000000
         MNT       0.025000
         MNE       0.025000
         MNA       0.001000
         MAE       0.002500
         GLA               NFK5  NSK16  NLAF2  SF4
  
       ERROR FUNCTION CONSTRUCTION
         WFR        Y
         WTW       1          1          1
         WTA       0.000000
         DEL       0.220000
         WTX F1   10.000000
         WTX F2   10.000000
         WTX F3   10.000000
         WTY F1   10.000000
         WTY F2   10.000000
         WTY F3   10.000000
  
       CONVERGENCE CONTROLS
         MXC        25
         MNC         3
         TAR       0.000000
         IMP       0.001000
  
       OUTPUT CONTROLS
         SUR NO
         CHG S0..16
  
     Recommendations for most stable convergence:
  
       Use object space aperture specifications:
       - NAO for finite conjugate systems
       - EPD for infinite conjugate systems
  
       VARIABLE LIST
  
         NO      PARAMETERS *
          1      CUY S2       CUY S3       CUY S4       CUY S5
          2      CUY S3       CUY S4
          3      CUY S4       CUY S5
          4      CUY S5       CUY S6
          5      CUY S6       CUY S7       CUY S8       CUY S9
          6      CUY S7       CUY S8
          7      CUY S8       CUY S9
          8      CUY S9       CUY S10
          9      CUY S10       CUY S11
         10      CUY S11       CUY S12
         11      CUY S12       CUY S13
         12      CUY S13
         13      A   S2
         14      A   S3
         15      A   S4
         16      A   S5
         17      A   S6
         18      A   S7
         19      A   S8
         20      A   S9
         21      A   S10
         22      A   S11
         23      A   S12
         24      A   S13
         25      THI S1
         26      THI S3
         27      THI S5
         28      THI S7
         29      THI S9
         30      THI S11
         31      THI S13
         32      THI S15
  
     * Multiple entries on a line are composite variables.
     Composite variables are either program-generated bendings
     or user-requested couplings.
  
      32 VARIABLES
  
      32 CONSTRAINTS CAN BE ACTIVE
  
     RELATIVE TIME PER CYCLE IS  267.8 UNITS
     WARNING - The macro function SPOTDATA is not supported on multiple threads.
               CODE V will set the multiple processor setting (MPP) to 1 to prevent errors.
               Please refer to the CODE V Setup and Operation Reference Manual for a complete list
               of pre-defined macro functions that are currently limited to running on a single thread.
  
 CYCLE NUMBER 0:
  
  ABERR F. =        0.37938660
  CONST F. =      630.20435998
  ERR. F.  =      630.58374658
  
  OPD     0.60369773     0.14991082     0.08525553
  WAV     0.65557822     0.17406707     0.09659339
  
  
  
  Parameter                 Value            Change
  CUY S2                4.21940928E-01      0.00E+00
  CUY S3               -4.58652479E-02      0.00E+00
  CUY S4                3.64033491E-01      0.00E+00
  CUY S5                5.85480094E-01      0.00E+00
  CUY S6                1.22549020E-01      0.00E+00
  CUY S7                1.72860847E-01      0.00E+00
  CUY S8                3.26813406E-03      0.00E+00
  CUY S9               -4.32900433E-01      0.00E+00
  CUY S10              -1.09409190E+00      0.00E+00
  CUY S11              -7.97448166E-01      0.00E+00
  CUY S12               5.83090379E-01      0.00E+00
  CUY S13               6.98812020E-01      0.00E+00
  A   S2               -4.32610000E-04      0.00E+00
  A   S3               -3.79240000E-04      0.00E+00
  A   S4               -2.80280000E-02      0.00E+00
  A   S5               -3.37740000E-02      0.00E+00
  A   S6               -5.59350000E-02      0.00E+00
  A   S7               -6.64420000E-02      0.00E+00
  A   S8               -7.60050000E-02      0.00E+00
  A   S9               -3.05400000E-02      0.00E+00
  A   S10              -3.96490000E-02      0.00E+00
  A   S11               1.04980000E-01      0.00E+00
  A   S12              -1.11710000E-01      0.00E+00
  A   S13              -5.35770000E-02      0.00E+00
  THI S1               -2.17000000E-01      0.00E+00
  THI S3                5.00000000E-02      0.00E+00
  THI S5                3.38000000E-01      0.00E+00
  THI S7                1.97000000E-01      0.00E+00
  THI S9                3.86000000E-01      0.00E+00
  THI S11               1.92000000E-01      0.00E+00
  THI S13               8.00000000E-01      0.00E+00
  THI S15               4.00000000E-01      0.00E+00
  
        EFL          REDU         PIM          OAL         EN PUP       EX PUP
      4.186649     0.000000     0.386375     4.871000     0.000000    -3.197874
  
  Specific Constraints:        target        value         diff      active (**)
  EFL                    =   4.18515E+00   4.18665E+00   1.503E-03    **
  
  Weighted Constraints:        target        value        WTC/PTC     contrib
  @ATELIER_LATCOLOR      =   0.00000E+00   3.65694E-01   1.000E-02   1.337E+01
  @ATELIER_RMSSPOT       =   0.00000E+00   2.48361E+01   1.000E-03   6.168E+02
  
  Constraints added:      EFL (=)                     Mn CT S1 (>)
  
 CYCLE NUMBER 1:
  
  ABERR F. =        0.09804455
  CONST F. =      574.75205315
  ERR. F.  =      574.85009770       (change =      -55.73364888)
  
  OPD     0.09905704     0.10587605     0.07815107
  WAV     0.10396369     0.11490220     0.08084435
  
  
  
  Parameter                 Value            Change
  CUY S2                4.24924788E-01      2.98E-03
  CUY S3               -4.40860543E-02      1.78E-03
  CUY S4                3.58820447E-01     -5.21E-03
  CUY S5                5.85103758E-01     -3.76E-04
  CUY S6                1.30998365E-01      8.45E-03
  CUY S7                1.92470536E-01      1.96E-02
  CUY S8                1.47462045E-02      1.15E-02
  CUY S9               -4.37466459E-01     -4.57E-03
  CUY S10              -1.09529018E+00     -1.20E-03
  CUY S11              -7.97546876E-01     -9.87E-05
  CUY S12               5.85816278E-01      2.73E-03
  CUY S13               6.99053331E-01      2.41E-04
  A   S2               -1.00403671E-04      3.32E-04
  A   S3               -7.82057424E-04     -4.03E-04
  A   S4               -2.76295803E-02      3.98E-04
  A   S5               -3.41897120E-02     -4.16E-04
  A   S6               -5.51632952E-02      7.72E-04
  A   S7               -6.74190114E-02     -9.77E-04
  A   S8               -7.50450570E-02      9.60E-04
  A   S9               -3.14764469E-02     -9.36E-04
  A   S10              -3.99388096E-02     -2.90E-04
  A   S11               1.05275752E-01      2.96E-04
  A   S12              -1.12250729E-01     -5.41E-04
  A   S13              -5.31118036E-02      4.65E-04
  THI S1                1.00000000E-03      2.18E-01
  THI S3                5.42647014E-02      4.26E-03
  THI S5                3.50392783E-01      1.24E-02
  THI S7                2.14755954E-01      1.78E-02
  THI S9                3.88724762E-01      2.72E-03
  THI S11               1.96242559E-01      4.24E-03
  THI S13               8.05289348E-01      5.29E-03
  THI S15               4.05289348E-01      5.29E-03
  
        EFL          REDU         PIM          OAL         EN PUP       EX PUP
      4.185145     0.000000     0.364767     5.135670     0.000000    -3.420936
  
  Active Constraints -   2:    target        value         diff        cost
  EFL                    =   4.18515E+00   4.18515E+00  -5.243E-07   3.197E-05
  Mn CT S1                                                          -3.834E-08
  
  Weighted Constraints:        target        value        WTC/PTC     contrib
  @ATELIER_LATCOLOR      =   0.00000E+00   2.19057E+00   1.000E-02   4.799E+02
  @ATELIER_RMSSPOT       =   0.00000E+00   9.74136E+00   1.000E-03   9.489E+01
  
 CYCLE NUMBER 2:
  
  ABERR F. =        0.04183518
  CONST F. =       66.97283317
  ERR. F.  =       67.01466836       (change =     -507.83542934)
  
  OPD     0.01881407     0.06317157     0.01842320
  WAV     0.02747721     0.06844634     0.01942079
  
  
  
  Parameter                 Value            Change
  CUY S2                4.23302168E-01     -1.62E-03
  CUY S3               -4.55289270E-02     -1.44E-03
  CUY S4                3.49858213E-01     -8.96E-03
  CUY S5                5.83925853E-01     -1.18E-03
  CUY S6                1.36870474E-01      5.87E-03
  CUY S7                1.84782782E-01     -7.69E-03
  CUY S8                6.27370803E-03     -8.47E-03
  CUY S9               -4.37098431E-01      3.68E-04
  CUY S10              -1.09399624E+00      1.29E-03
  CUY S11              -7.99909253E-01     -2.36E-03
  CUY S12               5.88293813E-01      2.48E-03
  CUY S13               6.99038919E-01     -1.44E-05
  A   S2                1.02052770E-04      2.02E-04
  A   S3               -1.10288966E-03     -3.21E-04
  A   S4               -2.71409405E-02      4.89E-04
  A   S5               -3.47561867E-02     -5.66E-04
  A   S6               -5.60540634E-02     -8.91E-04
  A   S7               -6.76106661E-02     -1.92E-04
  A   S8               -7.69956238E-02     -1.95E-03
  A   S9               -2.97312535E-02      1.75E-03
  A   S10              -3.90599406E-02      8.79E-04
  A   S11               1.04892798E-01     -3.83E-04
  A   S12              -1.11792537E-01      4.58E-04
  A   S13              -5.36810642E-02     -5.69E-04
  THI S1                1.00000000E-03     -2.98E-16
  THI S3                5.21533936E-02     -2.11E-03
  THI S5                3.22601063E-01     -2.78E-02
  THI S7                2.05959471E-01     -8.80E-03
  THI S9                3.89557397E-01      8.33E-04
  THI S11               1.98238030E-01      2.00E-03
  THI S13               8.03819728E-01     -1.47E-03
  THI S15               4.03819728E-01     -1.47E-03
  
        EFL          REDU         PIM          OAL         EN PUP       EX PUP
      4.184401     0.000000     0.403942     5.098329     0.000000    -3.398178
  
  Active Constraints -   2:    target        value         diff        cost
  EFL                    =   4.18515E+00   4.18440E+00  -7.445E-04  -1.754E-07
  Mn CT S1                                                          -2.138E-09
  
  Weighted Constraints:        target        value        WTC/PTC     contrib
  @ATELIER_LATCOLOR      =   0.00000E+00   3.19306E-01   1.000E-02   1.020E+01
  @ATELIER_RMSSPOT       =   0.00000E+00   7.53506E+00   1.000E-03   5.678E+01
  
 CYCLE NUMBER 3:
  
  ABERR F. =        0.01695802
  CONST F. =       16.51535960
  ERR. F.  =       16.53231762       (change =      -50.48235073)
  
  OPD     0.00908379     0.02360504     0.01027680
  WAV     0.01043719     0.02737547     0.01103495
  
  
  
  Parameter                 Value            Change
  CUY S2                4.39708939E-01      1.64E-02
  CUY S3               -2.11113464E-02      2.44E-02
  CUY S4                3.66509666E-01      1.67E-02
  CUY S5                5.89630651E-01      5.70E-03
  CUY S6                1.37208045E-01      3.38E-04
  CUY S7                1.74204242E-01     -1.06E-02
  CUY S8               -2.43184861E-03     -8.71E-03
  CUY S9               -4.32185006E-01      4.91E-03
  CUY S10              -1.09330770E+00      6.89E-04
  CUY S11              -7.90294832E-01      9.61E-03
  CUY S12               5.68943473E-01     -1.94E-02
  CUY S13               6.55910480E-01     -4.31E-02
  A   S2                1.25069134E-03      1.15E-03
  A   S3               -6.44156774E-03     -5.34E-03
  A   S4               -2.62014984E-02      9.39E-04
  A   S5               -3.36387588E-02      1.12E-03
  A   S6               -5.56384834E-02      4.16E-04
  A   S7               -6.75049424E-02      1.06E-04
  A   S8               -7.96370434E-02     -2.64E-03
  A   S9               -2.94596653E-02      2.72E-04
  A   S10              -3.86803478E-02      3.80E-04
  A   S11               1.04274385E-01     -6.18E-04
  A   S12              -1.10977916E-01      8.15E-04
  A   S13              -5.35331844E-02      1.48E-04
  THI S1                1.00000000E-03      5.10E-16
  THI S3                4.63252215E-02     -5.83E-03
  THI S5                3.21946593E-01     -6.54E-04
  THI S7                1.97554476E-01     -8.40E-03
  THI S9                3.98605945E-01      9.05E-03
  THI S11               1.69350653E-01     -2.89E-02
  THI S13               8.07245772E-01      3.43E-03
  THI S15               4.07245772E-01      3.43E-03
  
        EFL          REDU         PIM          OAL         EN PUP       EX PUP
      4.181711     0.000000     0.395620     5.067029     0.000000    -3.412087
  
  Active Constraints -   2:    target        value         diff        cost
  EFL                    =   4.18515E+00   4.18171E+00  -3.434E-03   1.986E-09
  Mn CT S1                                                          -6.258E-10
  
  Weighted Constraints:        target        value        WTC/PTC     contrib
  @ATELIER_LATCOLOR      =   0.00000E+00   2.91478E-01   1.000E-02   8.496E+00
  @ATELIER_RMSSPOT       =   0.00000E+00   2.83186E+00   1.000E-03   8.019E+00
  
 CYCLE NUMBER 4:
  
  ABERR F. =        0.01367898
  CONST F. =        8.52086102
  ERR. F.  =        8.53454000       (change =       -7.99777762)
  
  OPD     0.01002207     0.01656223     0.01085526
  WAV     0.01103409     0.01936783     0.01154283
  
  
  
  Parameter                 Value            Change
  CUY S2                4.33392423E-01     -6.32E-03
  CUY S3               -2.83783809E-02     -7.27E-03
  CUY S4                3.63143473E-01     -3.37E-03
  CUY S5                5.87528824E-01     -2.10E-03
  CUY S6                1.32646995E-01     -4.56E-03
  CUY S7                1.64680021E-01     -9.52E-03
  CUY S8               -1.29062806E-02     -1.05E-02
  CUY S9               -4.37748296E-01     -5.56E-03
  CUY S10              -1.09656528E+00     -3.26E-03
  CUY S11              -7.95213438E-01     -4.92E-03
  CUY S12               5.73745294E-01      4.80E-03
  CUY S13               6.63906462E-01      8.00E-03
  A   S2               -1.25282509E-03     -2.50E-03
  A   S3               -8.74623004E-03     -2.30E-03
  A   S4               -2.71149339E-02     -9.13E-04
  A   S5               -3.46353617E-02     -9.97E-04
  A   S6               -5.68540391E-02     -1.22E-03
  A   S7               -6.82926239E-02     -7.88E-04
  A   S8               -8.20582553E-02     -2.42E-03
  A   S9               -3.02139406E-02     -7.54E-04
  A   S10              -3.86945233E-02     -1.42E-05
  A   S11               1.04220356E-01     -5.40E-05
  A   S12              -1.11198535E-01     -2.21E-04
  A   S13              -5.27933484E-02      7.40E-04
  THI S1                1.00000000E-03     -1.71E-17
  THI S3                5.39636286E-02      7.64E-03
  THI S5                3.29354171E-01      7.41E-03
  THI S7                1.98510476E-01      9.56E-04
  THI S9                3.91188330E-01     -7.42E-03
  THI S11               2.07145394E-01      3.78E-02
  THI S13               7.97449103E-01     -9.80E-03
  THI S15               3.97449104E-01     -9.80E-03
  
        EFL          REDU         PIM          OAL         EN PUP       EX PUP
      4.185135     0.000000     0.389628     5.103611     0.000000    -3.441521
  
  Active Constraints -   2:    target        value         diff        cost
  EFL                    =   4.18515E+00   4.18514E+00  -1.065E-05   3.836E-09
  Mn CT S1                                                          -6.787E-10
  
  Weighted Constraints:        target        value        WTC/PTC     contrib
  @ATELIER_LATCOLOR      =   0.00000E+00   1.00228E-01   1.000E-02   1.005E+00
  @ATELIER_RMSSPOT       =   0.00000E+00   2.74159E+00   1.000E-03   7.516E+00
  
 CYCLE NUMBER 5:
  
  ABERR F. =        0.01342151
  CONST F. =        8.36857008
  ERR. F.  =        8.38199159       (change =       -0.15254841)
  
  OPD     0.00962499     0.01638939     0.01052981
  WAV     0.01067714     0.01918233     0.01125741
  
  
  
  Parameter                 Value            Change
  CUY S2                4.33408629E-01      1.62E-05
  CUY S3               -2.83582766E-02      2.01E-05
  CUY S4                3.63141283E-01     -2.19E-06
  CUY S5                5.87532727E-01      3.90E-06
  CUY S6                1.32662134E-01      1.51E-05
  CUY S7                1.64632151E-01     -4.79E-05
  CUY S8               -1.29514637E-02     -4.52E-05
  CUY S9               -4.37736932E-01      1.14E-05
  CUY S10              -1.09655906E+00      6.22E-06
  CUY S11              -7.95208428E-01      5.01E-06
  CUY S12               5.73882519E-01      1.37E-04
  CUY S13               6.64164735E-01      2.58E-04
  A   S2               -1.24964889E-03      3.18E-06
  A   S3               -8.74229645E-03      3.93E-06
  A   S4               -2.71208982E-02     -5.96E-06
  A   S5               -3.46317432E-02      3.62E-06
  A   S6               -5.68572841E-02     -3.25E-06
  A   S7               -6.82902974E-02      2.33E-06
  A   S8               -8.20546335E-02      3.62E-06
  A   S9               -3.02122043E-02      1.74E-06
  A   S10              -3.86956621E-02     -1.14E-06
  A   S11               1.04221111E-01      7.55E-07
  A   S12              -1.11199524E-01     -9.89E-07
  A   S13              -5.27927909E-02      5.58E-07
  THI S1                1.00000000E-03     -2.39E-18
  THI S3                5.39637148E-02      8.61E-08
  THI S5                3.29372392E-01      1.82E-05
  THI S7                1.98528412E-01      1.79E-05
  THI S9                3.91154021E-01     -3.43E-05
  THI S11               2.07093863E-01     -5.15E-05
  THI S13               7.97476817E-01      2.77E-05
  THI S15               3.97476818E-01      2.77E-05
  
        EFL          REDU         PIM          OAL         EN PUP       EX PUP
      4.185146     0.000000     0.389546     5.103589     0.000000    -3.441091
  
  Active Constraints -   2:    target        value         diff        cost
  EFL                    =   4.18515E+00   4.18515E+00   2.616E-10  -2.684E-05
  Mn CT S1                                                          -3.251E-07
  
  Weighted Constraints:        target        value        WTC/PTC     contrib
  @ATELIER_LATCOLOR      =   0.00000E+00   9.89539E-02   1.000E-02   9.792E-01
  @ATELIER_RMSSPOT       =   0.00000E+00   2.71834E+00   1.000E-03   7.389E+00
  
  Constraints released:   Mn CT S1 (>)
  Constraints released:   Mn CT S1 (>)
  
 CYCLE NUMBER 6:
  
  ABERR F. =        0.01342151
  CONST F. =       10.04108252
  ERR. F.  =       10.05450404       (change =        1.67251245)
  
  OPD     0.00962461     0.01638948     0.01052997
  WAV     0.01067678     0.01918248     0.01125755
  
  
  
  Parameter                 Value            Change
  CUY S2                4.33408605E-01     -2.35E-08
  CUY S3               -2.83583051E-02     -2.84E-08
  CUY S4                3.63141380E-01      9.72E-08
  CUY S5                5.87532853E-01      1.25E-07
  CUY S6                1.32662136E-01      1.45E-09
  CUY S7                1.64632189E-01      3.84E-08
  CUY S8               -1.29514326E-02      3.12E-08
  CUY S9               -4.37736965E-01     -3.27E-08
  CUY S10              -1.09655906E+00     -6.88E-09
  CUY S11              -7.95208434E-01     -5.90E-09
  CUY S12               5.73882538E-01      1.91E-08
  CUY S13               6.64164803E-01      6.80E-08
  A   S2               -1.24965696E-03     -8.07E-09
  A   S3               -8.74229856E-03     -2.11E-09
  A   S4               -2.71208963E-02      1.90E-09
  A   S5               -3.46317453E-02     -2.11E-09
  A   S6               -5.68572818E-02      2.30E-09
  A   S7               -6.82902992E-02     -1.84E-09
  A   S8               -8.20546463E-02     -1.28E-08
  A   S9               -3.02122062E-02     -1.81E-09
  A   S10              -3.86956609E-02      1.15E-09
  A   S11               1.04221110E-01     -8.85E-10
  A   S12              -1.11199522E-01      1.88E-09
  A   S13              -5.27927908E-02      6.00E-11
  THI S1                1.00108918E-03      1.09E-06
  THI S3                5.39637259E-02      1.12E-08
  THI S5                3.29372325E-01     -6.67E-08
  THI S7                1.98528393E-01     -1.86E-08
  THI S9                3.91154038E-01      1.64E-08
  THI S11               2.07093887E-01      2.38E-08
  THI S13               7.97476802E-01     -1.56E-08
  THI S15               3.97476803E-01     -1.56E-08
  
        EFL          REDU         PIM          OAL         EN PUP       EX PUP
      4.185146     0.000000     0.389546     5.103590     0.000000    -3.441091
  
  Active Constraints -   1:    target        value         diff        cost
  EFL                    =   4.18515E+00   4.18515E+00   1.128E-13   7.744E-05
  
  Weighted Constraints:        target        value        WTC/PTC     contrib
  @ATELIER_LATCOLOR      =   0.00000E+00   9.89540E-02   1.000E-02   9.792E-01
  @ATELIER_RMSSPOT       =   0.00000E+00   3.01030E+00   1.000E-03   9.062E+00
  
  Constraints added:      Mn CT S1 (>)
  
 CYCLE NUMBER 7:
  
  ABERR F. =        0.01311139
  CONST F. =        9.75945672
  ERR. F.  =        9.77256811       (change =       -0.28193592)
  
  OPD     0.00872035     0.01641967     0.00998989
  WAV     0.00995212     0.01922230     0.01083796
  
  
  
  Parameter                 Value            Change
  CUY S2                4.33434347E-01      2.57E-05
  CUY S3               -2.83272846E-02      3.10E-05
  CUY S4                3.63242621E-01      1.01E-04
  CUY S5                5.87642550E-01      1.10E-04
  CUY S6                1.32681390E-01      1.93E-05
  CUY S7                1.64592966E-01     -3.92E-05
  CUY S8               -1.29869345E-02     -3.55E-05
  CUY S9               -4.37723906E-01      1.31E-05
  CUY S10              -1.09655217E+00      6.90E-06
  CUY S11              -7.95202728E-01      5.71E-06
  CUY S12               5.73755870E-01     -1.27E-04
  CUY S13               6.63940870E-01     -2.24E-04
  A   S2               -1.25375460E-03     -4.10E-06
  A   S3               -8.73598799E-03      6.31E-06
  A   S4               -2.71269781E-02     -6.08E-06
  A   S5               -3.46268369E-02      4.91E-06
  A   S6               -5.68615928E-02     -4.31E-06
  A   S7               -6.82859313E-02      4.37E-06
  A   S8               -8.20612321E-02     -6.59E-06
  A   S9               -3.02096292E-02      2.58E-06
  A   S10              -3.86971293E-02     -1.47E-06
  A   S11               1.04222119E-01      1.01E-06
  A   S12              -1.11200944E-01     -1.42E-06
  A   S13              -5.27922030E-02      5.88E-07
  THI S1                1.00000000E-03     -1.09E-06
  THI S3                5.39634144E-02     -3.12E-07
  THI S5                3.29395487E-01      2.32E-05
  THI S7                1.98550182E-01      2.18E-05
  THI S9                3.91126963E-01     -2.71E-05
  THI S11               2.06974862E-01     -1.19E-04
  THI S13               7.97449599E-01     -2.72E-05
  THI S15               3.97449600E-01     -2.72E-05
  
        EFL          REDU         PIM          OAL         EN PUP       EX PUP
      4.185146     0.000000     0.389636     5.103461     0.000000    -3.441319
  
  Active Constraints -   2:    target        value         diff        cost
  EFL                    =   4.18515E+00   4.18515E+00  -3.207E-12   4.032E-05
  Mn CT S1                                                          -2.287E-05
  
  Weighted Constraints:        target        value        WTC/PTC     contrib
  @ATELIER_LATCOLOR      =   0.00000E+00   9.72881E-02   1.000E-02   9.465E-01
  @ATELIER_RMSSPOT       =   0.00000E+00   2.96866E+00   1.000E-03   8.813E+00
  
 CYCLE NUMBER 8:
  
  ABERR F. =        0.01310506
  CONST F. =        9.72300730
  ERR. F.  =        9.73611237       (change =       -0.03645575)
  
  OPD     0.00870852     0.01644643     0.00989849
  WAV     0.00997168     0.01925289     0.01077240
  
  
  
  Parameter                 Value            Change
  CUY S2                4.33437128E-01      2.78E-06
  CUY S3               -2.83242274E-02      3.06E-06
  CUY S4                3.63253987E-01      1.14E-05
  CUY S5                5.87655440E-01      1.29E-05
  CUY S6                1.32684980E-01      3.59E-06
  CUY S7                1.64615685E-01      2.27E-05
  CUY S8               -1.29631127E-02      2.38E-05
  CUY S9               -4.37719787E-01      4.12E-06
  CUY S10              -1.09655063E+00      1.54E-06
  CUY S11              -7.95202146E-01      5.82E-07
  CUY S12               5.73768728E-01      1.29E-05
  CUY S13               6.63967177E-01      2.63E-05
  A   S2               -1.25482615E-03     -1.07E-06
  A   S3               -8.73324584E-03      2.74E-06
  A   S4               -2.71265903E-02      3.88E-07
  A   S5               -3.46278054E-02     -9.68E-07
  A   S6               -5.68636160E-02     -2.02E-06
  A   S7               -6.82847477E-02      1.18E-06
  A   S8               -8.20625546E-02     -1.32E-06
  A   S9               -3.02088913E-02      7.38E-07
  A   S10              -3.86973079E-02     -1.79E-07
  A   S11               1.04222235E-01      1.16E-07
  A   S12              -1.11201220E-01     -2.76E-07
  A   S13              -5.27921467E-02      5.63E-08
  THI S1                1.00000000E-03      0.00E+00
  THI S3                5.39638045E-02      3.90E-07
  THI S5                3.29402816E-01      7.33E-06
  THI S7                1.98554282E-01      4.10E-06
  THI S9                3.91120581E-01     -6.38E-06
  THI S11               2.06955660E-01     -1.92E-05
  THI S13               7.97449092E-01     -5.07E-07
  THI S15               3.97449093E-01     -5.07E-07
  
        EFL          REDU         PIM          OAL         EN PUP       EX PUP
      4.185146     0.000000     0.389636     5.103446     0.000000    -3.441271
  
  Active Constraints -   2:    target        value         diff        cost
  EFL                    =   4.18515E+00   4.18515E+00   3.535E-13   7.874E-05
  Mn CT S1                                                          -2.237E-05
  
  Weighted Constraints:        target        value        WTC/PTC     contrib
  @ATELIER_LATCOLOR      =   0.00000E+00   9.70061E-02   1.000E-02   9.410E-01
  @ATELIER_RMSSPOT       =   0.00000E+00   2.96344E+00   1.000E-03   8.782E+00
  
 CYCLE NUMBER 9:
  
  ABERR F. =        0.01313109
  CONST F. =        9.70840569
  ERR. F.  =        9.72153678       (change =       -0.01457559)
  
  OPD     0.00870297     0.01650232     0.00989765
  WAV     0.00997514     0.01930881     0.01077905
  
  
  
  Parameter                 Value            Change
  CUY S2                4.33439667E-01      2.54E-06
  CUY S3               -2.83221405E-02      2.09E-06
  CUY S4                3.63263643E-01      9.66E-06
  CUY S5                5.87667371E-01      1.19E-05
  CUY S6                1.32688954E-01      3.97E-06
  CUY S7                1.64602992E-01     -1.27E-05
  CUY S8               -1.29744489E-02     -1.13E-05
  CUY S9               -4.37714345E-01      5.44E-06
  CUY S10              -1.09654839E+00      2.23E-06
  CUY S11              -7.95201588E-01      5.58E-07
  CUY S12               5.73768139E-01     -5.89E-07
  CUY S13               6.63969165E-01      1.99E-06
  A   S2               -1.25458703E-03      2.39E-07
  A   S3               -8.73342673E-03     -1.81E-07
  A   S4               -2.71293943E-02     -2.80E-06
  A   S5               -3.46265857E-02      1.22E-06
  A   S6               -5.68633748E-02      2.41E-07
  A   S7               -6.82850083E-02     -2.61E-07
  A   S8               -8.20623403E-02      2.14E-07
  A   S9               -3.02093596E-02     -4.68E-07
  A   S10              -3.86974806E-02     -1.73E-07
  A   S11               1.04222347E-01      1.12E-07
  A   S12              -1.11201511E-01     -2.91E-07
  A   S13              -5.27920935E-02      5.32E-08
  THI S1                1.00000000E-03      0.00E+00
  THI S3                5.39642483E-02      4.44E-07
  THI S5                3.29411944E-01      9.13E-06
  THI S7                1.98558698E-01      4.42E-06
  THI S9                3.91125106E-01      4.52E-06
  THI S11               2.06957716E-01      2.06E-06
  THI S13               7.97455088E-01      6.00E-06
  THI S15               3.97455089E-01      6.00E-06
  
        EFL          REDU         PIM          OAL         EN PUP       EX PUP
      4.185146     0.000000     0.389602     5.103473     0.000000    -3.441280
  
  Active Constraints -   2:    target        value         diff        cost
  EFL                    =   4.18515E+00   4.18515E+00  -3.642E-14   1.493E-04
  Mn CT S1                                                          -2.252E-05
  
  Weighted Constraints:        target        value        WTC/PTC     contrib
  @ATELIER_LATCOLOR      =   0.00000E+00   9.67010E-02   1.000E-02   9.351E-01
  @ATELIER_RMSSPOT       =   0.00000E+00   2.96198E+00   1.000E-03   8.773E+00
  
 CYCLE NUMBER 10:
  
  ABERR F. =        0.01313187
  CONST F. =        9.70725653
  ERR. F.  =        9.72038840       (change =       -0.00114838)
  
  OPD     0.00870337     0.01650552     0.00989280
  WAV     0.00997740     0.01931224     0.01077573
  
  
  
  Parameter                 Value            Change
  CUY S2                4.33439816E-01      1.48E-07
  CUY S3               -2.83219935E-02      1.47E-07
  CUY S4                3.63263509E-01     -1.33E-07
  CUY S5                5.87667352E-01     -1.92E-08
  CUY S6                1.32689232E-01      2.79E-07
  CUY S7                1.64603649E-01      6.58E-07
  CUY S8               -1.29738796E-02      5.69E-07
  CUY S9               -4.37714288E-01      5.68E-08
  CUY S10              -1.09654840E+00     -2.19E-09
  CUY S11              -7.95201554E-01      3.35E-08
  CUY S12               5.73768473E-01      3.33E-07
  CUY S13               6.63969570E-01      4.05E-07
  A   S2               -1.25467719E-03     -9.02E-08
  A   S3               -8.73331687E-03      1.10E-07
  A   S4               -2.71293857E-02      8.60E-09
  A   S5               -3.46265969E-02     -1.11E-08
  A   S6               -5.68636026E-02     -2.28E-07
  A   S7               -6.82849096E-02      9.88E-08
  A   S8               -8.20623953E-02     -5.49E-08
  A   S9               -3.02093050E-02      5.46E-08
  A   S10              -3.86974783E-02      2.24E-09
  A   S11               1.04222352E-01      5.20E-09
  A   S12              -1.11201526E-01     -1.51E-08
  A   S13              -5.27920903E-02      3.21E-09
  THI S1                1.00000000E-03      0.00E+00
  THI S3                5.39642804E-02      3.21E-08
  THI S5                3.29412789E-01      8.45E-07
  THI S7                1.98558528E-01     -1.70E-07
  THI S9                3.91124615E-01     -4.90E-07
  THI S11               2.06956771E-01     -9.45E-07
  THI S13               7.97455135E-01      4.70E-08
  THI S15               3.97455136E-01      4.70E-08
  
        EFL          REDU         PIM          OAL         EN PUP       EX PUP
      4.185146     0.000000     0.389603     5.103472     0.000000    -3.441280
  
  Active Constraints -   2:    target        value         diff        cost
  EFL                    =   4.18515E+00   4.18515E+00   2.665E-15   1.439E-04
  Mn CT S1                                                          -2.262E-05
  
  Weighted Constraints:        target        value        WTC/PTC     contrib
  @ATELIER_LATCOLOR      =   0.00000E+00   9.66895E-02   1.000E-02   9.349E-01
  @ATELIER_RMSSPOT       =   0.00000E+00   2.96182E+00   1.000E-03   8.772E+00
  
     Normal AUTO Completion - System improvement less than IMP
AUT> GO
 
 
CODE V> BUF PUT B1 I^row J1 "schema"
      Created new worksheet B1.
CODE V> BUF PUT B1 I^row J2 "atelier-codev-target-v1"
CODE V> BUF PUT B1 I^row J1 "status"
CODE V> BUF PUT B1 I^row J2 "ok"
CODE V> BUF PUT B1 I^row J1 "mode"
CODE V> BUF PUT B1 I^row J2 "target"
CODE V> BUF PUT B1 I^row J1 "stage"
CODE V> BUF PUT B1 I^row J2 "A"
CODE V> BUF PUT B1 I^row J1 "source_zmx"
CODE V> BUF PUT B1 I^row J2 "US20140111876A1.zmx"
CODE V> BUF PUT B1 I^row J1 "num_fields"
CODE V> BUF PUT B1 I^row J2 ^numf_out
CODE V> BUF PUT B1 I^row J1 "vignetting_edge"
CODE V> BUF PUT B1 I^row J2 0.4
CODE V> BUF PUT B1 I^row J1 "target.efl_mm"
CODE V> BUF PUT B1 I^row J2 ^target_efl
CODE V> BUF PUT B1 I^row J1 "target.f_number"
CODE V> BUF PUT B1 I^row J2 3
CODE V> BUF PUT B1 I^row J1 "seed_baseline.efl_y_mm"
CODE V> BUF PUT B1 I^row J2 ^seed_baseline_efl_y_mm
CODE V> BUF PUT B1 I^row J1 "seed_baseline.max_lateral_color_um"
CODE V> BUF PUT B1 I^row J2 ^seed_baseline_max_lateral_color_um
CODE V> BUF PUT B1 I^row J1 "seed_baseline.max_rms_spot_diameter_um"
CODE V> BUF PUT B1 I^row J2 ^seed_baseline_max_rms_spot_diameter_um
CODE V> BUF PUT B1 I^row J1 "seed_baseline.max_rms_wavefront_error_waves"
CODE V> BUF PUT B1 I^row J2 ^seed_baseline_max_rms_wavefront_error_waves
CODE V> BUF PUT B1 I^row J1 "seed_baseline.max_distortion_pct"
CODE V> BUF PUT B1 I^row J2 ^seed_baseline_max_distortion_pct
CODE V> BUF PUT B1 I^row J1 "seed_baseline.fno"
CODE V> BUF PUT B1 I^row J2 ^seed_baseline_fno
CODE V> BUF PUT B1 I^row J1 "seed_baseline.epd_mm"
CODE V> BUF PUT B1 I^row J2 ^seed_baseline_epd
CODE V> BUF PUT B1 I^row J1 "seed_baseline.maximh_mm"
CODE V> BUF PUT B1 I^row J2 ^seed_baseline_maximh
CODE V> BUF PUT B1 I^row J1 "config_pre_aut.efl_y_mm"
CODE V> BUF PUT B1 I^row J2 ^config_pre_aut_efl_y_mm
CODE V> BUF PUT B1 I^row J1 "config_pre_aut.max_lateral_color_um"
CODE V> BUF PUT B1 I^row J2 ^config_pre_aut_max_lateral_color_um
CODE V> BUF PUT B1 I^row J1 "config_pre_aut.max_rms_spot_diameter_um"
CODE V> BUF PUT B1 I^row J2 ^config_pre_aut_max_rms_spot_diameter_um
CODE V> BUF PUT B1 I^row J1 "config_pre_aut.max_rms_wavefront_error_waves"
CODE V> BUF PUT B1 I^row J2 ^config_pre_aut_max_rms_wavefront_error_waves
CODE V> BUF PUT B1 I^row J1 "config_pre_aut.max_distortion_pct"
CODE V> BUF PUT B1 I^row J2 ^config_pre_aut_max_distortion_pct
CODE V> BUF PUT B1 I^row J1 "config_pre_aut.fno"
CODE V> BUF PUT B1 I^row J2 ^config_pre_aut_fno
CODE V> BUF PUT B1 I^row J1 "config_pre_aut.epd_mm"
CODE V> BUF PUT B1 I^row J2 ^config_pre_aut_epd
CODE V> BUF PUT B1 I^row J1 "config_pre_aut.maximh_mm"
CODE V> BUF PUT B1 I^row J2 ^config_pre_aut_maximh
CODE V> BUF PUT B1 I^row J1 "post_aut.efl_y_mm"
CODE V> BUF PUT B1 I^row J2 ^post_aut_efl_y_mm
CODE V> BUF PUT B1 I^row J1 "post_aut.max_lateral_color_um"
CODE V> BUF PUT B1 I^row J2 ^post_aut_max_lateral_color_um
CODE V> BUF PUT B1 I^row J1 "post_aut.max_rms_spot_diameter_um"
CODE V> BUF PUT B1 I^row J2 ^post_aut_max_rms_spot_diameter_um
CODE V> BUF PUT B1 I^row J1 "post_aut.max_rms_wavefront_error_waves"
CODE V> BUF PUT B1 I^row J2 ^post_aut_max_rms_wavefront_error_waves
CODE V> BUF PUT B1 I^row J1 "post_aut.max_distortion_pct"
CODE V> BUF PUT B1 I^row J2 ^post_aut_max_distortion_pct
CODE V> BUF PUT B1 I^row J1 "post_aut.fno"
CODE V> BUF PUT B1 I^row J2 ^post_aut_fno
CODE V> BUF PUT B1 I^row J1 "post_aut.epd_mm"
CODE V> BUF PUT B1 I^row J2 ^post_aut_epd
CODE V> BUF PUT B1 I^row J1 "post_aut.maximh_mm"
CODE V> BUF PUT B1 I^row J2 ^post_aut_maximh
CODE V> BUF PUT B1 I^row J1 "efl_target_deviation_pct"
CODE V> BUF PUT B1 I^row J2 ^efl_target_dev_pct
CODE V> BUF PUT B1 I^row J1 "aut_converged"
CODE V> BUF PUT B1 I^row J2 ^aut_converged
CODE V> BUF EXP B1 "D:\atelier-wt-c\.planning\loop\p15-stageb-evidence\fno-matrix-2026-07-11\US20140111876A1_loosen\rung3_fno0300\ray_retry\atelier_codev_target_A_vig0400.tsv"
     Buffer B1 exported to file atelier_codev_target_A_vig0400.tsv
CODE V> BUF DEL B1
CODE V> OUT YES
CODE V> EXI YES
     EXI                                                                              11-Jul-26  14H 16M 10S
                                                 CODE V PC  Version: 11.5             CPU clock:  0H  0M  6S
