  
  
                                   Welcome to
  
                                   C O D E   V
  
                                PC  Version 11.5
                                   Build 27302701
  
                                   11-Jul-2026
  
                            A proprietary product of
  
                              SYNOPSYS, INC
                              Pasadena, California
  
CODE V> OUT NO
     Radius input/output mode
  
    Lens data created by Zemax version 200706
  
    Zemax command MODE ignored
    ZEMAX NOTE 0 table5
    Zemax command PFIL ignored
    Zemax command LANG ignored
     WARNING - Glass catalog list not used.
     WARNING - Ray aiming not used.
     WARNING - Pupil shift for ray aiming not used.
    Zemax command SDMA ignored
    Zemax command OMMA ignored
    Zemax command HYPR ignored
     WARNING - Vignetting angles not used.
    Zemax command POLS ignored
    Zemax command GLRS ignored
    Zemax command GSTD ignored
    Zemax command NSCD ignored
    Zemax command COFN ignored
    Zemax command COFN ignored
  
     Surface pointer = OBJ
    Zemax surface type  STANDARD
    CODE V surface type SPH
    Zemax command FIMP ignored.
     WARNING - Hiding of rays not used.
    Zemax command MIRR ignored.
    Zemax command SLAB ignored.
    Zemax command MEMA ignored.
    Zemax command POPS ignored.
  
     Surface pointer = 1
    Zemax surface type  STANDARD
    CODE V surface type SPH
    Zemax command FIMP ignored.
     WARNING - Hiding of rays not used.
    Zemax command MIRR ignored.
    Zemax command SLAB ignored.
    Zemax command MEMA ignored.
    Zemax command POPS ignored.
  
     Surface pointer = 2
    Zemax surface type  EVENASPH
    CODE V surface type ASP
    Zemax command FIMP ignored.
     WARNING - Hiding of rays not used.
    Zemax command MIRR ignored.
    Zemax command SLAB ignored.
     WARNING - Partial dispersion of model glass not used.
    Zemax command MEMA ignored.
    Zemax command POPS ignored.
  
     Surface pointer = 3
    Zemax surface type  EVENASPH
    CODE V surface type ASP
    Zemax command FIMP ignored.
     WARNING - Hiding of rays not used.
    Zemax command MIRR ignored.
    Zemax command SLAB ignored.
    Zemax command MEMA ignored.
    Zemax command POPS ignored.
  
     Surface pointer = 4
    Zemax surface type  EVENASPH
    CODE V surface type ASP
    Zemax command FIMP ignored.
     WARNING - Hiding of rays not used.
    Zemax command MIRR ignored.
    Zemax command SLAB ignored.
     WARNING - Partial dispersion of model glass not used.
    Zemax command MEMA ignored.
    Zemax command POPS ignored.
  
     Surface pointer = 5
    Zemax surface type  EVENASPH
    CODE V surface type ASP
    Zemax command FIMP ignored.
     WARNING - Hiding of rays not used.
    Zemax command MIRR ignored.
    Zemax command SLAB ignored.
    Zemax command MEMA ignored.
    Zemax command POPS ignored.
  
     Surface pointer = 6
    Zemax surface type  EVENASPH
    CODE V surface type ASP
    Zemax command FIMP ignored.
     WARNING - Hiding of rays not used.
    Zemax command MIRR ignored.
    Zemax command SLAB ignored.
     WARNING - Partial dispersion of model glass not used.
    Zemax command MEMA ignored.
    Zemax command POPS ignored.
  
     Surface pointer = 7
    Zemax surface type  EVENASPH
    CODE V surface type ASP
    Zemax command FIMP ignored.
     WARNING - Hiding of rays not used.
    Zemax command MIRR ignored.
    Zemax command SLAB ignored.
    Zemax command MEMA ignored.
    Zemax command POPS ignored.
  
     Surface pointer = 8
    Zemax surface type  EVENASPH
    CODE V surface type ASP
    Zemax command FIMP ignored.
     WARNING - Hiding of rays not used.
    Zemax command MIRR ignored.
    Zemax command SLAB ignored.
     WARNING - Partial dispersion of model glass not used.
    Zemax command MEMA ignored.
    Zemax command POPS ignored.
  
     Surface pointer = 9
    Zemax surface type  EVENASPH
    CODE V surface type ASP
    Zemax command FIMP ignored.
     WARNING - Hiding of rays not used.
    Zemax command MIRR ignored.
    Zemax command SLAB ignored.
    Zemax command MEMA ignored.
    Zemax command POPS ignored.
  
     Surface pointer = 10
    Zemax surface type  EVENASPH
    CODE V surface type ASP
    Zemax command FIMP ignored.
     WARNING - Hiding of rays not used.
    Zemax command MIRR ignored.
    Zemax command SLAB ignored.
     WARNING - Partial dispersion of model glass not used.
    Zemax command MEMA ignored.
    Zemax command POPS ignored.
  
     Surface pointer = 11
    Zemax surface type  EVENASPH
    CODE V surface type ASP
    Zemax command FIMP ignored.
     WARNING - Hiding of rays not used.
    Zemax command MIRR ignored.
    Zemax command SLAB ignored.
    Zemax command MEMA ignored.
    Zemax command POPS ignored.
  
     Surface pointer = 12
    Zemax surface type  EVENASPH
    CODE V surface type ASP
    Zemax command FIMP ignored.
     WARNING - Hiding of rays not used.
    Zemax command MIRR ignored.
    Zemax command SLAB ignored.
     WARNING - Partial dispersion of model glass not used.
    Zemax command MEMA ignored.
    Zemax command POPS ignored.
  
     Surface pointer = 13
    Zemax surface type  EVENASPH
    CODE V surface type ASP
    Zemax command FIMP ignored.
     WARNING - Hiding of rays not used.
    Zemax command MIRR ignored.
    Zemax command SLAB ignored.
    Zemax command MEMA ignored.
    Zemax command POPS ignored.
  
     Surface pointer = 14
    Zemax surface type  STANDARD
    CODE V surface type SPH
    Zemax command FIMP ignored.
     WARNING - Hiding of rays not used.
    Zemax command MIRR ignored.
    Zemax command SLAB ignored.
     WARNING - Partial dispersion of model glass not used.
    Zemax command MEMA ignored.
    Zemax command POPS ignored.
  
     Surface pointer = 15
    Zemax surface type  STANDARD
    CODE V surface type SPH
    Zemax command FIMP ignored.
     WARNING - Hiding of rays not used.
    Zemax command MIRR ignored.
    Zemax command SLAB ignored.
    Zemax command MEMA ignored.
    Zemax command POPS ignored.
  
     Surface pointer = IMG
    Zemax surface type  STANDARD
    CODE V surface type SPH
    Zemax command FIMP ignored.
     WARNING - Hiding of rays not used.
    Zemax command MIRR ignored.
    Zemax command SLAB ignored.
    Zemax command MEMA ignored.
    Zemax command POPS ignored.
  
     WARNING - Please check the converted lens carefully.
               Some information will not be converted.
               Changes in either CODE V or ZEMAX may invalidate
               the converted information.
               Due to differences between CODE V and ZEMAX ray
               aiming and vignetting factors, it is recommended
               that you set vignetting for the converted system.
  
               A concise listing of conversion warnings appears
               in the Tabbed Output Window 'Info' tab and in the
               Command Window.
  
CODE V> DEF VAR SA
     ERROR - Total reflection at surface   9 for zoom position  1
     ERROR - One or more of the reference rays from field  2 is deviated far from
             most of the other rays from this field point.  The reference rays are
             used to determine the numerical aperture and the grid spacing.  Thus, it
             is important that these rays are focused at approximately the same spot
             as the other rays from this field point.  Modifying the vignetting
             may solve this problem and allow the computation to proceed.
CODE V> FNO 3
CODE V> VUY 0 0.3 0.3
CODE V> VLY 0 0.3 0.3
CODE V> VUX 0 0.3 0.3
CODE V> VLX 0 0.3 0.3
 
 
CODE V> AUT
     AUT                                                                              11-Jul-26  14H 15M 59S
                                                 CODE V PC  Version: 11.5             CPU clock:  0H  0M  0S
     ***Defocussing frozen to eliminate redundant variable
AUT>   SUR N
AUT>   CHG SA
AUT>   WFR Y
AUT>   WTF FA 10
AUT>   EFL = 4.18514570787019
AUT>   @atelier_latcolor == @lcum(1)
AUT>   @atelier_latcolor = 0
AUT>   WTC 0.01
AUT>   @atelier_rmsspot == @rmssum(1)
AUT>   @atelier_rmsspot = 0
AUT>   WTC 0.001
AUT>   MNT 0.025
AUT>   MNE 0.025
AUT>   MXT 10
AUT>   MNA 0.001
AUT>   MXC 25
AUT>   MNC 3
AUT>   IMP 0.001
AUT> GO
 -------------------------------------------------------------------------------
  
       USER CONSTRAINT DEFINITIONS
            @atelier_rmsspot == @rmssum(1)
  
            @atelier_latcolor == @lcum(1)
  
  
  
       POTENTIALLY ACTIVE SPECIFIC CONSTRAINTS
         EFL                                  =       4.185146
         @ATELIER_LATCOLOR                    =       0.000000     (WTC =    0.01000)
         @ATELIER_RMSSPOT                     =       0.000000     (WTC =    0.00100)
  
       GENERAL CONSTRAINTS
         MXT      10.000000
         MNT       0.025000
         MNE       0.025000
         MNA       0.001000
         MAE       0.002500
         GLA               NFK5  NSK16  NLAF2  SF4
  
       ERROR FUNCTION CONSTRUCTION
         WFR        Y
         WTW       1          1          1
         WTA       0.000000
         DEL       0.220000
         WTX F1   10.000000
         WTX F2   10.000000
         WTX F3   10.000000
         WTY F1   10.000000
         WTY F2   10.000000
         WTY F3   10.000000
  
       CONVERGENCE CONTROLS
         MXC        25
         MNC         3
         TAR       0.000000
         IMP       0.001000
  
       OUTPUT CONTROLS
         SUR NO
         CHG S0..16
  
     Recommendations for most stable convergence:
  
       Use object space aperture specifications:
       - NAO for finite conjugate systems
       - EPD for infinite conjugate systems
  
       VARIABLE LIST
  
         NO      PARAMETERS *
          1      CUY S2       CUY S3       CUY S4       CUY S5
          2      CUY S3       CUY S4
          3      CUY S4       CUY S5
          4      CUY S5       CUY S6
          5      CUY S6       CUY S7       CUY S8       CUY S9
          6      CUY S7       CUY S8
          7      CUY S8       CUY S9
          8      CUY S9       CUY S10
          9      CUY S10       CUY S11
         10      CUY S11       CUY S12
         11      CUY S12       CUY S13
         12      CUY S13
         13      A   S2
         14      A   S3
         15      A   S4
         16      A   S5
         17      A   S6
         18      A   S7
         19      A   S8
         20      A   S9
         21      A   S10
         22      A   S11
         23      A   S12
         24      A   S13
         25      THI S1
         26      THI S3
         27      THI S5
         28      THI S7
         29      THI S9
         30      THI S11
         31      THI S13
         32      THI S15
  
     * Multiple entries on a line are composite variables.
     Composite variables are either program-generated bendings
     or user-requested couplings.
  
      32 VARIABLES
  
      32 CONSTRAINTS CAN BE ACTIVE
  
     RELATIVE TIME PER CYCLE IS  267.8 UNITS
     WARNING - The macro function SPOTDATA is not supported on multiple threads.
               CODE V will set the multiple processor setting (MPP) to 1 to prevent errors.
               Please refer to the CODE V Setup and Operation Reference Manual for a complete list
               of pre-defined macro functions that are currently limited to running on a single thread.
  
 CYCLE NUMBER 0:
  
  ABERR F. =        0.41221911
  CONST F. =      971.18216424
  ERR. F.  =      971.59438335
  
  OPD     0.60369773     0.26391423     0.16581059
  WAV     0.65557822     0.30577574     0.18620184
  
  
  
  Parameter                 Value            Change
  CUY S2                4.21940928E-01      0.00E+00
  CUY S3               -4.58652479E-02      0.00E+00
  CUY S4                3.64033491E-01      0.00E+00
  CUY S5                5.85480094E-01      0.00E+00
  CUY S6                1.22549020E-01      0.00E+00
  CUY S7                1.72860847E-01      0.00E+00
  CUY S8                3.26813406E-03      0.00E+00
  CUY S9               -4.32900433E-01      0.00E+00
  CUY S10              -1.09409190E+00      0.00E+00
  CUY S11              -7.97448166E-01      0.00E+00
  CUY S12               5.83090379E-01      0.00E+00
  CUY S13               6.98812020E-01      0.00E+00
  A   S2               -4.32610000E-04      0.00E+00
  A   S3               -3.79240000E-04      0.00E+00
  A   S4               -2.80280000E-02      0.00E+00
  A   S5               -3.37740000E-02      0.00E+00
  A   S6               -5.59350000E-02      0.00E+00
  A   S7               -6.64420000E-02      0.00E+00
  A   S8               -7.60050000E-02      0.00E+00
  A   S9               -3.05400000E-02      0.00E+00
  A   S10              -3.96490000E-02      0.00E+00
  A   S11               1.04980000E-01      0.00E+00
  A   S12              -1.11710000E-01      0.00E+00
  A   S13              -5.35770000E-02      0.00E+00
  THI S1               -2.17000000E-01      0.00E+00
  THI S3                5.00000000E-02      0.00E+00
  THI S5                3.38000000E-01      0.00E+00
  THI S7                1.97000000E-01      0.00E+00
  THI S9                3.86000000E-01      0.00E+00
  THI S11               1.92000000E-01      0.00E+00
  THI S13               8.00000000E-01      0.00E+00
  THI S15               4.00000000E-01      0.00E+00
  
        EFL          REDU         PIM          OAL         EN PUP       EX PUP
      4.186649     0.000000     0.386375     4.871000     0.000000    -3.197874
  
  Specific Constraints:        target        value         diff      active (**)
  EFL                    =   4.18515E+00   4.18665E+00   1.503E-03    **
  
  Weighted Constraints:        target        value        WTC/PTC     contrib
  @ATELIER_LATCOLOR      =   0.00000E+00   3.65694E-01   1.000E-02   1.337E+01
  @ATELIER_RMSSPOT       =   0.00000E+00   3.09485E+01   1.000E-03   9.578E+02
  
  Constraints added:      EFL (=)                     Mn CT S1 (>)
  
 CYCLE NUMBER 1:
  
  ABERR F. =        0.19218606
  CONST F. =      288.72370649
  ERR. F.  =      288.91589254       (change =     -682.67849080)
  
  OPD     0.11750118     0.22078835     0.20138441
  WAV     0.12633432     0.24081014     0.21107652
  
  
  
  Parameter                 Value            Change
  CUY S2                4.26492616E-01      4.55E-03
  CUY S3               -4.26654851E-02      3.20E-03
  CUY S4                3.51987743E-01     -1.20E-02
  CUY S5                5.72205810E-01     -1.33E-02
  CUY S6                1.19077060E-01     -3.47E-03
  CUY S7                1.75069381E-01      2.21E-03
  CUY S8                4.97115816E-03      1.70E-03
  CUY S9               -4.34740794E-01     -1.84E-03
  CUY S10              -1.09535318E+00     -1.26E-03
  CUY S11              -7.98978282E-01     -1.53E-03
  CUY S12               5.79484979E-01     -3.61E-03
  CUY S13               6.92369062E-01     -6.44E-03
  A   S2                5.37565288E-05      4.86E-04
  A   S3               -9.54598409E-04     -5.75E-04
  A   S4               -2.75495888E-02      4.78E-04
  A   S5               -3.41772884E-02     -4.03E-04
  A   S6               -5.55230822E-02      4.12E-04
  A   S7               -6.69198046E-02     -4.78E-04
  A   S8               -7.54565143E-02      5.48E-04
  A   S9               -3.08143021E-02     -2.74E-04
  A   S10              -3.93699569E-02      2.79E-04
  A   S11               1.04796482E-01     -1.84E-04
  A   S12              -1.11530802E-01      1.79E-04
  A   S13              -5.37474321E-02     -1.70E-04
  THI S1                1.00000000E-03      2.18E-01
  THI S3                5.73462589E-02      7.35E-03
  THI S5                3.35374628E-01     -2.63E-03
  THI S7                1.94407612E-01     -2.59E-03
  THI S9                3.90142035E-01      4.14E-03
  THI S11               2.03201027E-01      1.12E-02
  THI S13               8.11576364E-01      1.16E-02
  THI S15               4.11576364E-01      1.16E-02
  
        EFL          REDU         PIM          OAL         EN PUP       EX PUP
      4.185144     0.000000     0.362563     5.118048     0.000000    -3.400119
  
  Active Constraints -   2:    target        value         diff        cost
  EFL                    =   4.18515E+00   4.18514E+00  -2.169E-06   2.574E-03
  Mn CT S1                                                          -6.186E-03
  
  Weighted Constraints:        target        value        WTC/PTC     contrib
  @ATELIER_LATCOLOR      =   0.00000E+00   4.09530E-01   1.000E-02   1.677E+01
  @ATELIER_RMSSPOT       =   0.00000E+00   1.64910E+01   1.000E-03   2.720E+02
  
 CYCLE NUMBER 2:
  
  ABERR F. =        0.02017636
  CONST F. =       48.53152362
  ERR. F.  =       48.55169998       (change =     -240.36419257)
  
  OPD     0.01238689     0.02475252     0.01721802
  WAV     0.01360479     0.02953061     0.01796615
  
  
  
  Parameter                 Value            Change
  CUY S2                4.27885267E-01      1.39E-03
  CUY S3               -4.52857995E-02     -2.62E-03
  CUY S4                3.66826544E-01      1.48E-02
  CUY S5                5.92373669E-01      2.02E-02
  CUY S6                1.19186364E-01      1.09E-04
  CUY S7                1.58872950E-01     -1.62E-02
  CUY S8               -1.19317613E-02     -1.69E-02
  CUY S9               -4.35868391E-01     -1.13E-03
  CUY S10              -1.09344989E+00      1.90E-03
  CUY S11              -7.96612168E-01      2.37E-03
  CUY S12               5.89224441E-01      9.74E-03
  CUY S13               7.11732312E-01      1.94E-02
  A   S2               -2.27866647E-03     -2.33E-03
  A   S3               -9.72598297E-03     -8.77E-03
  A   S4               -2.58080376E-02      1.74E-03
  A   S5               -3.49274318E-02     -7.50E-04
  A   S6               -5.57837234E-02     -2.61E-04
  A   S7               -6.66788935E-02      2.41E-04
  A   S8               -7.71422514E-02     -1.69E-03
  A   S9               -2.89951672E-02      1.82E-03
  A   S10              -3.99047125E-02     -5.35E-04
  A   S11               1.04997116E-01      2.01E-04
  A   S12              -1.11285667E-01      2.45E-04
  A   S13              -5.32617161E-02      4.86E-04
  THI S1                1.00000000E-03     -1.30E-16
  THI S3                5.53048451E-02     -2.04E-03
  THI S5                3.27639493E-01     -7.74E-03
  THI S7                1.94730265E-01      3.23E-04
  THI S9                3.81096136E-01     -9.05E-03
  THI S11               1.93991511E-01     -9.21E-03
  THI S13               7.94288153E-01     -1.73E-02
  THI S15               3.94288153E-01     -1.73E-02
  
        EFL          REDU         PIM          OAL         EN PUP       EX PUP
      4.184320     0.000000     0.379850     5.073050     0.000000    -3.325770
  
  Active Constraints -   2:    target        value         diff        cost
  EFL                    =   4.18515E+00   4.18432E+00  -8.255E-04  -9.491E-09
  Mn CT S1                                                          -1.630E-09
  
  Weighted Constraints:        target        value        WTC/PTC     contrib
  @ATELIER_LATCOLOR      =   0.00000E+00   5.11866E-01   1.000E-02   2.620E+01
  @ATELIER_RMSSPOT       =   0.00000E+00   4.72555E+00   1.000E-03   2.233E+01
  
 CYCLE NUMBER 3:
  
  ABERR F. =        0.02059013
  CONST F. =       19.69004538
  ERR. F.  =       19.71063550       (change =      -28.84106448)
  
  OPD     0.01016013     0.02893206     0.01327680
  WAV     0.01109801     0.03324371     0.01410122
  
  
  
  Parameter                 Value            Change
  CUY S2                4.28466891E-01      5.82E-04
  CUY S3               -4.37734874E-02      1.51E-03
  CUY S4                3.66342020E-01     -4.85E-04
  CUY S5                5.92175880E-01     -1.98E-04
  CUY S6                1.20339732E-01      1.15E-03
  CUY S7                1.62060276E-01      3.19E-03
  CUY S8               -8.47497895E-03      3.46E-03
  CUY S9               -4.36029946E-01     -1.62E-04
  CUY S10              -1.09433553E+00     -8.86E-04
  CUY S11              -7.97660370E-01     -1.05E-03
  CUY S12               5.93366647E-01      4.14E-03
  CUY S13               7.20394191E-01      8.66E-03
  A   S2               -2.36346371E-03     -8.48E-05
  A   S3               -9.56194558E-03      1.64E-04
  A   S4               -2.57330572E-02      7.50E-05
  A   S5               -3.48812659E-02      4.62E-05
  A   S6               -5.59876203E-02     -2.04E-04
  A   S7               -6.64783613E-02      2.01E-04
  A   S8               -7.73810191E-02     -2.39E-04
  A   S9               -2.88400659E-02      1.55E-04
  A   S10              -3.97320240E-02      1.73E-04
  A   S11               1.04886846E-01     -1.10E-04
  A   S12              -1.11206183E-01      7.95E-05
  A   S13              -5.33078887E-02     -4.62E-05
  THI S1                1.00000000E-03      9.13E-17
  THI S3                5.06039965E-02     -4.70E-03
  THI S5                3.28140915E-01      5.01E-04
  THI S7                1.95178008E-01      4.48E-04
  THI S9                3.79869570E-01     -1.23E-03
  THI S11               1.98534922E-01      4.54E-03
  THI S13               7.95606233E-01      1.32E-03
  THI S15               3.95606233E-01      1.32E-03
  
        EFL          REDU         PIM          OAL         EN PUP       EX PUP
      4.185146     0.000000     0.380926     5.073934     0.000000    -3.315767
  
  Active Constraints -   2:    target        value         diff        cost
  EFL                    =   4.18515E+00   4.18515E+00   1.859E-07   7.248E-08
  Mn CT S1                                                          -2.088E-09
  
  Weighted Constraints:        target        value        WTC/PTC     contrib
  @ATELIER_LATCOLOR      =   0.00000E+00   1.90597E-01   1.000E-02   3.633E+00
  @ATELIER_RMSSPOT       =   0.00000E+00   4.00716E+00   1.000E-03   1.606E+01
  
 CYCLE NUMBER 4:
  
  ABERR F. =        0.04193868
  CONST F. =       18.45952801
  ERR. F.  =       18.50146669       (change =       -1.20916881)
  
  OPD     0.04842674     0.03924431     0.03062197
  WAV     0.05133282     0.04454589     0.03332793
  
  
  
  Parameter                 Value            Change
  CUY S2                4.28265302E-01     -2.02E-04
  CUY S3               -4.38982264E-02     -1.25E-04
  CUY S4                3.67124007E-01      7.82E-04
  CUY S5                5.92831618E-01      6.56E-04
  CUY S6                1.20341039E-01      1.31E-06
  CUY S7                1.61883461E-01     -1.77E-04
  CUY S8               -8.59013245E-03     -1.15E-04
  CUY S9               -4.35885948E-01      1.44E-04
  CUY S10              -1.09419251E+00      1.43E-04
  CUY S11              -7.97444361E-01      2.16E-04
  CUY S12               5.91346676E-01     -2.02E-03
  CUY S13               7.16319687E-01     -4.07E-03
  A   S2               -2.39964803E-03     -3.62E-05
  A   S3               -9.51079362E-03      5.12E-05
  A   S4               -2.57550241E-02     -2.20E-05
  A   S5               -3.48323340E-02      4.89E-05
  A   S6               -5.60282890E-02     -4.07E-05
  A   S7               -6.64400258E-02      3.83E-05
  A   S8               -7.74386565E-02     -5.76E-05
  A   S9               -2.88052327E-02      3.48E-05
  A   S10              -3.97644219E-02     -3.24E-05
  A   S11               1.04909025E-01      2.22E-05
  A   S12              -1.11225952E-01     -1.98E-05
  A   S13              -5.32697909E-02      3.81E-05
  THI S1                1.00000000E-03      1.39E-17
  THI S3                5.09283509E-02      3.24E-04
  THI S5                3.27678599E-01     -4.62E-04
  THI S7                1.94681167E-01     -4.97E-04
  THI S9                3.79362883E-01     -5.07E-04
  THI S11               1.97825044E-01     -7.10E-04
  THI S13               7.95092788E-01     -5.13E-04
  THI S15               3.95092788E-01     -5.13E-04
  
        EFL          REDU         PIM          OAL         EN PUP       EX PUP
      4.185146     0.000000     0.383439     5.071569     0.000000    -3.319643
  
  Active Constraints -   2:    target        value         diff        cost
  EFL                    =   4.18515E+00   4.18515E+00   2.943E-08  -4.177E-05
  Mn CT S1                                                          -1.298E-05
  
  Weighted Constraints:        target        value        WTC/PTC     contrib
  @ATELIER_LATCOLOR      =   0.00000E+00   1.60137E-01   1.000E-02   2.564E+00
  @ATELIER_RMSSPOT       =   0.00000E+00   3.98687E+00   1.000E-03   1.590E+01
  
  Constraints released:   Mn CT S1 (>)
  
 CYCLE NUMBER 5:
  
  ABERR F. =        0.04761811
  CONST F. =       16.75857873
  ERR. F.  =       16.80619684       (change =       -1.69526984)
  
  OPD     0.05984960     0.03680902     0.03689069
  WAV     0.06313346     0.04151182     0.03997552
  
  
  
  Parameter                 Value            Change
  CUY S2                4.28314194E-01      4.89E-05
  CUY S3               -4.38877420E-02      1.05E-05
  CUY S4                3.67505304E-01      3.81E-04
  CUY S5                5.93392251E-01      5.61E-04
  CUY S6                1.20426460E-01      8.54E-05
  CUY S7                1.62069793E-01      1.86E-04
  CUY S8               -8.42986984E-03      1.60E-04
  CUY S9               -4.36027277E-01     -1.41E-04
  CUY S10              -1.09421779E+00     -2.53E-05
  CUY S11              -7.97379085E-01      6.53E-05
  CUY S12               5.89997101E-01     -1.35E-03
  CUY S13               7.13598334E-01     -2.72E-03
  A   S2               -2.43992064E-03     -4.03E-05
  A   S3               -9.62259632E-03     -1.12E-04
  A   S4               -2.58902183E-02     -1.35E-04
  A   S5               -3.48452333E-02     -1.29E-05
  A   S6               -5.59709105E-02      5.74E-05
  A   S7               -6.64050501E-02      3.50E-05
  A   S8               -7.73971511E-02      4.15E-05
  A   S9               -2.88231897E-02     -1.80E-05
  A   S10              -3.97801836E-02     -1.58E-05
  A   S11               1.04919563E-01      1.05E-05
  A   S12              -1.11248322E-01     -2.24E-05
  A   S13              -5.32661681E-02      3.62E-06
  THI S1                3.50585358E-03      2.51E-03
  THI S3                5.10561849E-02      1.28E-04
  THI S5                3.27572667E-01     -1.06E-04
  THI S7                1.95135027E-01      4.54E-04
  THI S9                3.79560804E-01      1.98E-04
  THI S11               1.96393029E-01     -1.43E-03
  THI S13               7.94859541E-01     -2.33E-04
  THI S15               3.94859541E-01     -2.33E-04
  
        EFL          REDU         PIM          OAL         EN PUP       EX PUP
      4.185146     0.000000     0.385002     5.073083     0.000000    -3.325128
  
  Active Constraints -   1:    target        value         diff        cost
  EFL                    =   4.18515E+00   4.18515E+00   1.601E-09  -2.783E-05
  
  Weighted Constraints:        target        value        WTC/PTC     contrib
  @ATELIER_LATCOLOR      =   0.00000E+00   1.91646E-01   1.000E-02   3.673E+00
  @ATELIER_RMSSPOT       =   0.00000E+00   3.61742E+00   1.000E-03   1.309E+01
  
 CYCLE NUMBER 6:
  
  ABERR F. =        0.03941775
  CONST F. =       14.52286219
  ERR. F.  =       14.56227994       (change =       -2.24391690)
  
  OPD     0.05039862     0.03066048     0.02880567
  WAV     0.05307299     0.03487200     0.03130340
  
  
  
  Parameter                 Value            Change
  CUY S2                4.28342521E-01      2.83E-05
  CUY S3               -4.38741886E-02      1.36E-05
  CUY S4                3.67309219E-01     -1.96E-04
  CUY S5                5.93198191E-01     -1.94E-04
  CUY S6                1.20365071E-01     -6.14E-05
  CUY S7                1.61971141E-01     -9.87E-05
  CUY S8               -8.54599288E-03     -1.16E-04
  CUY S9               -4.36111196E-01     -8.39E-05
  CUY S10              -1.09425213E+00     -3.43E-05
  CUY S11              -7.97411593E-01     -3.25E-05
  CUY S12               5.90246461E-01      2.49E-04
  CUY S13               7.14104514E-01      5.06E-04
  A   S2               -2.43222560E-03      7.70E-06
  A   S3               -9.64852506E-03     -2.59E-05
  A   S4               -2.58831527E-02      7.07E-06
  A   S5               -3.48546775E-02     -9.44E-06
  A   S6               -5.59510458E-02      1.99E-05
  A   S7               -6.64121314E-02     -7.08E-06
  A   S8               -7.73654710E-02      3.17E-05
  A   S9               -2.88343528E-02     -1.12E-05
  A   S10              -3.97751507E-02      5.03E-06
  A   S11               1.04915913E-01     -3.65E-06
  A   S12              -1.11245329E-01      2.99E-06
  A   S13              -5.32698371E-02     -3.67E-06
  THI S1                3.19991824E-03     -3.06E-04
  THI S3                5.10326467E-02     -2.35E-05
  THI S5                3.27440943E-01     -1.32E-04
  THI S7                1.95072692E-01     -6.23E-05
  THI S9                3.79641166E-01      8.04E-05
  THI S11               1.96487330E-01      9.43E-05
  THI S13               7.94987490E-01      1.28E-04
  THI S15               3.94987489E-01      1.28E-04
  
        EFL          REDU         PIM          OAL         EN PUP       EX PUP
      4.185146     0.000000     0.384799     5.072862     0.000000    -3.324198
  
  Active Constraints -   1:    target        value         diff        cost
  EFL                    =   4.18515E+00   4.18515E+00   1.035E-09   9.990E-06
  
  Weighted Constraints:        target        value        WTC/PTC     contrib
  @ATELIER_LATCOLOR      =   0.00000E+00   1.70963E-01   1.000E-02   2.923E+00
  @ATELIER_RMSSPOT       =   0.00000E+00   3.40588E+00   1.000E-03   1.160E+01
  
 CYCLE NUMBER 7:
  
  ABERR F. =        0.03941983
  CONST F. =       14.52290440
  ERR. F.  =       14.56232424       (change =        0.00004430)
  
  OPD     0.05040153     0.03066151     0.02880750
  WAV     0.05307606     0.03487309     0.03130536
  
  
  
  Parameter                 Value            Change
  CUY S2                4.28342506E-01     -1.47E-08
  CUY S3               -4.38741951E-02     -6.47E-09
  CUY S4                3.67309214E-01     -5.39E-09
  CUY S5                5.93198183E-01     -8.14E-09
  CUY S6                1.20365092E-01      2.09E-08
  CUY S7                1.61971156E-01      1.46E-08
  CUY S8               -8.54597433E-03      1.86E-08
  CUY S9               -4.36111173E-01      2.36E-08
  CUY S10              -1.09425212E+00      2.46E-09
  CUY S11              -7.97411596E-01     -3.53E-09
  CUY S12               5.90246421E-01     -3.94E-08
  CUY S13               7.14104423E-01     -9.10E-08
  A   S2               -2.43222716E-03     -1.56E-09
  A   S3               -9.64851984E-03      5.22E-09
  A   S4               -2.58831544E-02     -1.70E-09
  A   S5               -3.48546750E-02      2.48E-09
  A   S6               -5.59510492E-02     -3.35E-09
  A   S7               -6.64121301E-02      1.27E-09
  A   S8               -7.73654758E-02     -4.72E-09
  A   S9               -2.88343505E-02      2.34E-09
  A   S10              -3.97751513E-02     -5.67E-10
  A   S11               1.04915913E-01      3.76E-10
  A   S12              -1.11245329E-01     -3.17E-10
  A   S13              -5.32698378E-02     -7.27E-10
  THI S1                3.20001492E-03      9.67E-08
  THI S3                5.10326374E-02     -9.32E-09
  THI S5                3.27440959E-01      1.58E-08
  THI S7                1.95072699E-01      6.88E-09
  THI S9                3.79641132E-01     -3.33E-08
  THI S11               1.96487347E-01      1.70E-08
  THI S13               7.94987387E-01     -1.03E-07
  THI S15               3.94987387E-01     -1.03E-07
  
        EFL          REDU         PIM          OAL         EN PUP       EX PUP
      4.185146     0.000000     0.384799     5.072862     0.000000    -3.324198
  
  Active Constraints -   1:    target        value         diff        cost
  EFL                    =   4.18515E+00   4.18515E+00  -1.019E-10   1.473E-04
  
  Weighted Constraints:        target        value        WTC/PTC     contrib
  @ATELIER_LATCOLOR      =   0.00000E+00   1.70963E-01   1.000E-02   2.923E+00
  @ATELIER_RMSSPOT       =   0.00000E+00   3.40589E+00   1.000E-03   1.160E+01
  
     Normal AUTO Completion - System improvement less than IMP
AUT> GO
 
 
CODE V> BUF PUT B1 I^row J1 "schema"
      Created new worksheet B1.
CODE V> BUF PUT B1 I^row J2 "atelier-codev-target-v1"
CODE V> BUF PUT B1 I^row J1 "status"
CODE V> BUF PUT B1 I^row J2 "ok"
CODE V> BUF PUT B1 I^row J1 "mode"
CODE V> BUF PUT B1 I^row J2 "target"
CODE V> BUF PUT B1 I^row J1 "stage"
CODE V> BUF PUT B1 I^row J2 "A"
CODE V> BUF PUT B1 I^row J1 "source_zmx"
CODE V> BUF PUT B1 I^row J2 "US20140111876A1.zmx"
CODE V> BUF PUT B1 I^row J1 "num_fields"
CODE V> BUF PUT B1 I^row J2 ^numf_out
CODE V> BUF PUT B1 I^row J1 "vignetting_edge"
CODE V> BUF PUT B1 I^row J2 0.3
CODE V> BUF PUT B1 I^row J1 "target.efl_mm"
CODE V> BUF PUT B1 I^row J2 ^target_efl
CODE V> BUF PUT B1 I^row J1 "target.f_number"
CODE V> BUF PUT B1 I^row J2 3
CODE V> BUF PUT B1 I^row J1 "seed_baseline.efl_y_mm"
CODE V> BUF PUT B1 I^row J2 ^seed_baseline_efl_y_mm
CODE V> BUF PUT B1 I^row J1 "seed_baseline.max_lateral_color_um"
CODE V> BUF PUT B1 I^row J2 ^seed_baseline_max_lateral_color_um
CODE V> BUF PUT B1 I^row J1 "seed_baseline.max_rms_spot_diameter_um"
CODE V> BUF PUT B1 I^row J2 ^seed_baseline_max_rms_spot_diameter_um
CODE V> BUF PUT B1 I^row J1 "seed_baseline.max_rms_wavefront_error_waves"
CODE V> BUF PUT B1 I^row J2 ^seed_baseline_max_rms_wavefront_error_waves
CODE V> BUF PUT B1 I^row J1 "seed_baseline.max_distortion_pct"
CODE V> BUF PUT B1 I^row J2 ^seed_baseline_max_distortion_pct
CODE V> BUF PUT B1 I^row J1 "seed_baseline.fno"
CODE V> BUF PUT B1 I^row J2 ^seed_baseline_fno
CODE V> BUF PUT B1 I^row J1 "seed_baseline.epd_mm"
CODE V> BUF PUT B1 I^row J2 ^seed_baseline_epd
CODE V> BUF PUT B1 I^row J1 "seed_baseline.maximh_mm"
CODE V> BUF PUT B1 I^row J2 ^seed_baseline_maximh
CODE V> BUF PUT B1 I^row J1 "config_pre_aut.efl_y_mm"
CODE V> BUF PUT B1 I^row J2 ^config_pre_aut_efl_y_mm
CODE V> BUF PUT B1 I^row J1 "config_pre_aut.max_lateral_color_um"
CODE V> BUF PUT B1 I^row J2 ^config_pre_aut_max_lateral_color_um
CODE V> BUF PUT B1 I^row J1 "config_pre_aut.max_rms_spot_diameter_um"
CODE V> BUF PUT B1 I^row J2 ^config_pre_aut_max_rms_spot_diameter_um
CODE V> BUF PUT B1 I^row J1 "config_pre_aut.max_rms_wavefront_error_waves"
CODE V> BUF PUT B1 I^row J2 ^config_pre_aut_max_rms_wavefront_error_waves
CODE V> BUF PUT B1 I^row J1 "config_pre_aut.max_distortion_pct"
CODE V> BUF PUT B1 I^row J2 ^config_pre_aut_max_distortion_pct
CODE V> BUF PUT B1 I^row J1 "config_pre_aut.fno"
CODE V> BUF PUT B1 I^row J2 ^config_pre_aut_fno
CODE V> BUF PUT B1 I^row J1 "config_pre_aut.epd_mm"
CODE V> BUF PUT B1 I^row J2 ^config_pre_aut_epd
CODE V> BUF PUT B1 I^row J1 "config_pre_aut.maximh_mm"
CODE V> BUF PUT B1 I^row J2 ^config_pre_aut_maximh
CODE V> BUF PUT B1 I^row J1 "post_aut.efl_y_mm"
CODE V> BUF PUT B1 I^row J2 ^post_aut_efl_y_mm
CODE V> BUF PUT B1 I^row J1 "post_aut.max_lateral_color_um"
CODE V> BUF PUT B1 I^row J2 ^post_aut_max_lateral_color_um
CODE V> BUF PUT B1 I^row J1 "post_aut.max_rms_spot_diameter_um"
CODE V> BUF PUT B1 I^row J2 ^post_aut_max_rms_spot_diameter_um
CODE V> BUF PUT B1 I^row J1 "post_aut.max_rms_wavefront_error_waves"
CODE V> BUF PUT B1 I^row J2 ^post_aut_max_rms_wavefront_error_waves
CODE V> BUF PUT B1 I^row J1 "post_aut.max_distortion_pct"
CODE V> BUF PUT B1 I^row J2 ^post_aut_max_distortion_pct
CODE V> BUF PUT B1 I^row J1 "post_aut.fno"
CODE V> BUF PUT B1 I^row J2 ^post_aut_fno
CODE V> BUF PUT B1 I^row J1 "post_aut.epd_mm"
CODE V> BUF PUT B1 I^row J2 ^post_aut_epd
CODE V> BUF PUT B1 I^row J1 "post_aut.maximh_mm"
CODE V> BUF PUT B1 I^row J2 ^post_aut_maximh
CODE V> BUF PUT B1 I^row J1 "efl_target_deviation_pct"
CODE V> BUF PUT B1 I^row J2 ^efl_target_dev_pct
CODE V> BUF PUT B1 I^row J1 "aut_converged"
CODE V> BUF PUT B1 I^row J2 ^aut_converged
CODE V> BUF EXP B1 "D:\atelier-wt-c\.planning\loop\p15-stageb-evidence\fno-matrix-2026-07-11\US20140111876A1_loosen\rung3_fno0300\ray_retry\atelier_codev_target_A_vig0300.tsv"
     Buffer B1 exported to file atelier_codev_target_A_vig0300.tsv
CODE V> BUF DEL B1
CODE V> OUT YES
CODE V> EXI YES
     EXI                                                                              11-Jul-26  14H 16M  2S
                                                 CODE V PC  Version: 11.5             CPU clock:  0H  0M  3S
