  
  
                                   Welcome to
  
                                   C O D E   V
  
                                PC  Version 11.5
                                   Build 27302701
  
                                   11-Jul-2026
  
                            A proprietary product of
  
                              SYNOPSYS, INC
                              Pasadena, California
  
CODE V> OUT NO
     Radius input/output mode
  
    Lens data created by Zemax version 210628
  
    Zemax command MODE ignored
    Zemax command AUTH ignored
    Zemax command PFIL ignored
    Zemax command LANG ignored
     WARNING - Glass catalog list not used.
     WARNING - Ray aiming not used.
     WARNING - Pupil shift for ray aiming not used.
    Zemax command SDMA ignored
    Zemax command OMMA ignored
    Zemax command HYPR ignored
     WARNING - Vignetting angles not used.
    Zemax command XAIM ignored
    Zemax command YAIM ignored
    Zemax command ZAIM ignored
    Zemax command POLS ignored
    Zemax command GLRS ignored
    Zemax command GSTD ignored
    Zemax command NSCD ignored
    Zemax command COFN ignored
    Zemax command COFN ignored
    Zemax command LUID ignored
  
     Surface pointer = OBJ
    Zemax command SSID ignored.
    Zemax surface type  STANDARD
    CODE V surface type SPH
    Zemax command FIMP ignored.
     WARNING - Hiding of rays not used.
    Zemax command MIRR ignored.
    Zemax command SLAB ignored.
    Zemax command MEMA ignored.
    Zemax command POPS ignored.
  
     Surface pointer = 1
    Zemax command SSID ignored.
    Zemax surface type  EVENASPH
    CODE V surface type ASP
    Zemax command FIMP ignored.
     WARNING - Hiding of rays not used.
    Zemax command MIRR ignored.
    Zemax command SLAB ignored.
    Zemax command MEMA ignored.
    Zemax command POPS ignored.
  
     Surface pointer = 2
    Zemax command SSID ignored.
    Zemax surface type  STANDARD
    CODE V surface type SPH
    Zemax command FIMP ignored.
     WARNING - Hiding of rays not used.
    Zemax command MIRR ignored.
    Zemax command SLAB ignored.
    Zemax command MEMA ignored.
    Zemax command POPS ignored.
  
     Surface pointer = 3
    Zemax command SSID ignored.
    Zemax surface type  EVENASPH
    CODE V surface type ASP
    Zemax command FIMP ignored.
     WARNING - Hiding of rays not used.
    Zemax command MIRR ignored.
    Zemax command SLAB ignored.
     WARNING - Partial dispersion of model glass not used.
    Zemax command MEMA ignored.
    Zemax command POPS ignored.
  
     Surface pointer = 4
    Zemax command SSID ignored.
    Zemax surface type  EVENASPH
    CODE V surface type ASP
    Zemax command FIMP ignored.
     WARNING - Hiding of rays not used.
    Zemax command MIRR ignored.
    Zemax command SLAB ignored.
    Zemax command MEMA ignored.
    Zemax command POPS ignored.
  
     Surface pointer = 5
    Zemax command SSID ignored.
    Zemax surface type  EVENASPH
    CODE V surface type ASP
    Zemax command FIMP ignored.
     WARNING - Hiding of rays not used.
    Zemax command MIRR ignored.
    Zemax command SLAB ignored.
     WARNING - Partial dispersion of model glass not used.
    Zemax command MEMA ignored.
    Zemax command POPS ignored.
  
     Surface pointer = 6
    Zemax command SSID ignored.
    Zemax surface type  EVENASPH
    CODE V surface type ASP
    Zemax command FIMP ignored.
     WARNING - Hiding of rays not used.
    Zemax command MIRR ignored.
    Zemax command SLAB ignored.
    Zemax command MEMA ignored.
    Zemax command POPS ignored.
  
     Surface pointer = 7
    Zemax command SSID ignored.
    Zemax surface type  EVENASPH
    CODE V surface type ASP
    Zemax command FIMP ignored.
     WARNING - Hiding of rays not used.
    Zemax command MIRR ignored.
    Zemax command SLAB ignored.
    Zemax command MEMA ignored.
    Zemax command POPS ignored.
  
     Surface pointer = 8
    Zemax command SSID ignored.
    Zemax surface type  EVENASPH
    CODE V surface type ASP
    Zemax command FIMP ignored.
     WARNING - Hiding of rays not used.
    Zemax command MIRR ignored.
    Zemax command SLAB ignored.
    Zemax command MEMA ignored.
    Zemax command POPS ignored.
  
     Surface pointer = 9
    Zemax command SSID ignored.
    Zemax surface type  EVENASPH
    CODE V surface type ASP
    Zemax command FIMP ignored.
     WARNING - Hiding of rays not used.
    Zemax command MIRR ignored.
    Zemax command SLAB ignored.
    Zemax command MEMA ignored.
    Zemax command POPS ignored.
  
     Surface pointer = 10
    Zemax command SSID ignored.
    Zemax surface type  EVENASPH
    CODE V surface type ASP
    Zemax command FIMP ignored.
     WARNING - Hiding of rays not used.
    Zemax command MIRR ignored.
    Zemax command SLAB ignored.
    Zemax command MEMA ignored.
    Zemax command POPS ignored.
  
     Surface pointer = 11
    Zemax command SSID ignored.
    Zemax surface type  XASPHERE
    CODE V surface type SPS ODD
    Zemax command FIMP ignored.
     WARNING - Hiding of rays not used.
    Zemax command MIRR ignored.
    Zemax command SLAB ignored.
     WARNING - Maximum term number not used.
    Zemax command MEMA ignored.
    Zemax command POPS ignored.
  
     Surface pointer = 12
    Zemax command SSID ignored.
    Zemax surface type  XASPHERE
    CODE V surface type SPS ODD
    Zemax command FIMP ignored.
     WARNING - Hiding of rays not used.
    Zemax command MIRR ignored.
    Zemax command SLAB ignored.
     WARNING - Maximum term number not used.
    Zemax command MEMA ignored.
    Zemax command POPS ignored.
  
     Surface pointer = 13
    Zemax command SSID ignored.
    Zemax surface type  XASPHERE
    CODE V surface type SPS ODD
    Zemax command FIMP ignored.
     WARNING - Hiding of rays not used.
    Zemax command MIRR ignored.
    Zemax command SLAB ignored.
     WARNING - Maximum term number not used.
    Zemax command MEMA ignored.
    Zemax command POPS ignored.
  
     Surface pointer = 14
    Zemax command SSID ignored.
    Zemax surface type  XASPHERE
    CODE V surface type SPS ODD
    Zemax command FIMP ignored.
     WARNING - Hiding of rays not used.
    Zemax command MIRR ignored.
    Zemax command SLAB ignored.
     WARNING - Maximum term number not used.
    Zemax command MEMA ignored.
    Zemax command POPS ignored.
  
     Surface pointer = 15
    Zemax command SSID ignored.
    Zemax surface type  STANDARD
    CODE V surface type SPH
    Zemax command FIMP ignored.
     WARNING - Hiding of rays not used.
    Zemax command MIRR ignored.
    Zemax command SLAB ignored.
     WARNING - Partial dispersion of model glass not used.
    Zemax command MEMA ignored.
    Zemax command POPS ignored.
  
     Surface pointer = 16
    Zemax command SSID ignored.
    Zemax surface type  STANDARD
    CODE V surface type SPH
    Zemax command FIMP ignored.
     WARNING - Hiding of rays not used.
    Zemax command MIRR ignored.
    Zemax command SLAB ignored.
    Zemax command MEMA ignored.
    Zemax command POPS ignored.
  
     Surface pointer = 17
    Zemax command SSID ignored.
    Zemax surface type  STANDARD
    CODE V surface type SPH
    Zemax command FIMP ignored.
     WARNING - Hiding of rays not used.
    Zemax command MIRR ignored.
    Zemax command SLAB ignored.
    Zemax command MEMA ignored.
    Zemax command POPS ignored.
  
     Surface pointer = IMG
    Zemax command SSID ignored.
    Zemax surface type  STANDARD
    CODE V surface type SPH
    Zemax command FIMP ignored.
     WARNING - Hiding of rays not used.
    Zemax command MIRR ignored.
    Zemax command SLAB ignored.
    Zemax command MEMA ignored.
    Zemax command POPS ignored.
  
     WARNING - Please check the converted lens carefully.
               Some information will not be converted.
               Changes in either CODE V or ZEMAX may invalidate
               the converted information.
               Due to differences between CODE V and ZEMAX ray
               aiming and vignetting factors, it is recommended
               that you set vignetting for the converted system.
  
               A concise listing of conversion warnings appears
               in the Tabbed Output Window 'Info' tab and in the
               Command Window.
  
CODE V> DEF VAR SA
 
 
CODE V> FNO 3
 
 
CODE V> AUT
     AUT                                                                              11-Jul-26  14H 12M  0S
                                                 CODE V PC  Version: 11.5             CPU clock:  0H  0M  1S
AUT>   SUR N
AUT>   CHG SA
AUT>   WFR Y
AUT>   WTF FA 10
AUT>   EFL = 4.70602808468692
AUT>   @atelier_latcolor == @lcum(1)
AUT>   @atelier_latcolor = 0
AUT>   WTC 0.01
AUT>   @atelier_rmsspot == @rmssum(1)
AUT>   @atelier_rmsspot = 0
AUT>   WTC 0.001
AUT>   MNT 0.025
AUT>   MNE 0.025
AUT>   MXT 10
AUT>   MNA 0.001
AUT>   MXC 25
AUT>   MNC 3
AUT>   IMP 0.001
AUT> GO
 -------------------------------------------------------------------------------
  
       USER CONSTRAINT DEFINITIONS
            @atelier_rmsspot == @rmssum(1)
  
            @atelier_latcolor == @lcum(1)
  
  
  
       POTENTIALLY ACTIVE SPECIFIC CONSTRAINTS
         EFL                                  =       4.706028
         @ATELIER_LATCOLOR                    =       0.000000     (WTC =    0.01000)
         @ATELIER_RMSSPOT                     =       0.000000     (WTC =    0.00100)
  
       GENERAL CONSTRAINTS
         MXT      10.000000
         MNT       0.025000
         MNE       0.025000
         MNA       0.001000
         MAE       0.002500
         GLA               NFK5  NSK16  NLAF2  SF4
  
       ERROR FUNCTION CONSTRUCTION
         WFR        Y
         WTW       1          1          1          1          1
         WTA       0.000000
         DEL       0.220000
         WTX F1   10.000000
         WTX F2   10.000000
         WTX F3   10.000000
         WTY F1   10.000000
         WTY F2   10.000000
         WTY F3   10.000000
  
       CONVERGENCE CONTROLS
         MXC        25
         MNC         3
         TAR       0.000000
         IMP       0.001000
  
       OUTPUT CONTROLS
         SUR NO
         CHG S0..18
  
     Recommendations for most stable convergence:
  
       Use object space aperture specifications:
       - NAO for finite conjugate systems
       - EPD for infinite conjugate systems
  
       VARIABLE LIST
  
         NO      PARAMETERS *
          1      CUY S3       CUY S4
          2      CUY S4       CUY S5
          3      CUY S5       CUY S6
          4      CUY S6       CUY S7
          5      CUY S7       CUY S8
          6      CUY S8       CUY S9
          7      CUY S9       CUY S10
          8      CUY S10
          9      A   S3
         10      A   S4
         11      A   S5
         12      A   S6
         13      A   S7
         14      A   S8
         15      A   S9
         16      A   S10
         17      THI S2
         18      THI S4
         19      THI S6
         20      THI S8
         21      THI S10
         22      THI S12
         23      THI S14
         24      THI S16
         25      THI S18
  
     * Multiple entries on a line are composite variables.
     Composite variables are either program-generated bendings
     or user-requested couplings.
  
      25 VARIABLES
  
      25 CONSTRAINTS CAN BE ACTIVE
  
     RELATIVE TIME PER CYCLE IS  344.6 UNITS
     WARNING - The macro function SPOTDATA is not supported on multiple threads.
               CODE V will set the multiple processor setting (MPP) to 1 to prevent errors.
               Please refer to the CODE V Setup and Operation Reference Manual for a complete list
               of pre-defined macro functions that are currently limited to running on a single thread.
  
 CYCLE NUMBER 0:
  
  ABERR F. =        0.11518823
  CONST F. =      293.88887079
  ERR. F.  =      294.00405901
  
  OPD     0.07945963     0.13742058     0.11381558
  WAV     0.08184443     0.14168213     0.12118332
  
  
  
  Parameter                 Value            Change
  CUY S3                4.38461876E-01      0.00E+00
  CUY S4                1.55033952E-01      0.00E+00
  CUY S5                2.87306786E-01      0.00E+00
  CUY S6                4.05695971E-01      0.00E+00
  CUY S7                2.81529154E-02      0.00E+00
  CUY S8               -2.32964473E-01      0.00E+00
  CUY S9               -4.91593747E-01      0.00E+00
  CUY S10              -3.43489163E-01      0.00E+00
  A   S3                1.40041000E-04      0.00E+00
  A   S4               -1.77404000E-02      0.00E+00
  A   S5               -1.04752000E-01      0.00E+00
  A   S6               -7.17227000E-02      0.00E+00
  A   S7                2.70142000E-02      0.00E+00
  A   S8                4.51043000E-03      0.00E+00
  A   S9                9.52605000E-03      0.00E+00
  A   S10               2.75271000E-02      0.00E+00
  THI S2               -4.75900000E-01      0.00E+00
  THI S4                4.00200000E-01      0.00E+00
  THI S6                1.63300000E-01      0.00E+00
  THI S8                5.97900000E-01      0.00E+00
  THI S10               5.00000000E-02      0.00E+00
  THI S12               6.61800000E-01      0.00E+00
  THI S14               2.31100000E-01      0.00E+00
  THI S16               5.50000000E-01      0.00E+00
  THI S18               0.00000000E+00      0.00E+00
  
        EFL          REDU         PIM          OAL         EN PUP       EX PUP
      4.699441     0.000000    -0.011325     6.000000     0.475900    -3.099869
  
  Specific Constraints:        target        value         diff      active (**)
  EFL                    =   4.70603E+00   4.69944E+00  -6.587E-03    **
  
  Weighted Constraints:        target        value        WTC/PTC     contrib
  @ATELIER_LATCOLOR      =   0.00000E+00   1.64791E+00   1.000E-02   2.716E+02
  @ATELIER_RMSSPOT       =   0.00000E+00   4.72510E+00   1.000E-03   2.233E+01
     WARNING - Frozen Thickness Violations:
  Mn ET S17
  
  Constraints added:      EFL (=)                     Mn CT S2 (>)
 RAY ERROR: REFL 10
  
 CYCLE NUMBER 1:
  
  ABERR F. =        0.11274689
  CONST F. =      701.51783005
  ERR. F.  =      701.63057694       (change =      407.62651792)
  
  OPD     0.05404435     0.13982865     0.11214365
  WAV     0.05779914     0.14778505     0.12665294
  
  
  
  Parameter                 Value            Change
  CUY S3                4.33757675E-01     -4.70E-03
  CUY S4                1.57569831E-01      2.54E-03
  CUY S5                2.89008901E-01      1.70E-03
  CUY S6                3.99813305E-01     -5.88E-03
  CUY S7                2.75003528E-02     -6.53E-04
  CUY S8               -2.40593872E-01     -7.63E-03
  CUY S9               -4.98352632E-01     -6.76E-03
  CUY S10              -3.44081633E-01     -5.92E-04
  A   S3               -2.62591437E-03     -2.77E-03
  A   S4               -2.07581431E-02     -3.02E-03
  A   S5               -1.03241971E-01      1.51E-03
  A   S6               -6.92752935E-02      2.45E-03
  A   S7                2.71814202E-02      1.67E-04
  A   S8                3.87206058E-03     -6.38E-04
  A   S9                7.92230753E-03     -1.60E-03
  A   S10               2.74016652E-02     -1.25E-04
  THI S2               -2.37450000E-01      2.38E-01
  THI S4                3.91635846E-01     -8.56E-03
  THI S6                1.62721727E-01     -5.78E-04
  THI S8                5.82755163E-01     -1.51E-02
  THI S10               5.96676616E-02      9.67E-03
  THI S12               6.55422118E-01     -6.38E-03
  THI S14               2.37866428E-01      6.77E-03
  THI S16               5.56766428E-01      6.77E-03
  THI S18               6.76642805E-03      6.77E-03
  
        EFL          REDU         PIM          OAL         EN PUP       EX PUP
      4.702432     0.000000    -0.000209     6.230985     0.475900    -3.209553
  
  Active Constraints -   2:    target        value         diff        cost
  EFL                    =   4.70603E+00   4.70243E+00  -3.596E-03  -8.569E-08
  Mn CT S2                                                          -6.793E-07
  
  Weighted Constraints:        target        value        WTC/PTC     contrib
  @ATELIER_LATCOLOR      =   0.00000E+00   2.58364E+00   1.000E-02   6.675E+02
  @ATELIER_RMSSPOT       =   0.00000E+00   5.83099E+00   1.000E-03   3.400E+01
  
 CYCLE NUMBER 2:
  
  ABERR F. =        0.31943723
  CONST F. =     1282.42196182
  ERR. F.  =     1282.74139905       (change =      581.11082212)
  
  OPD     0.20976183     0.37546458     0.30008662
  WAV     0.21927915     0.38814982     0.37211770
  
  
  
  Parameter                 Value            Change
  CUY S3                4.33988370E-01      2.31E-04
  CUY S4                1.57361137E-01     -2.09E-04
  CUY S5                2.88128642E-01     -8.80E-04
  CUY S6                3.99426997E-01     -3.86E-04
  CUY S7                2.77691074E-02      2.69E-04
  CUY S8               -2.49316479E-01     -8.72E-03
  CUY S9               -5.07148212E-01     -8.80E-03
  CUY S10              -3.43729745E-01      3.52E-04
  A   S3               -2.59129200E-03      3.46E-05
  A   S4               -2.07980702E-02     -3.99E-05
  A   S5               -1.03213910E-01      2.81E-05
  A   S6               -6.92949903E-02     -1.97E-05
  A   S7                2.72197685E-02      3.83E-05
  A   S8                3.80796759E-03     -6.41E-05
  A   S9                7.02904403E-03     -8.93E-04
  A   S10               2.74157541E-02      1.41E-05
  THI S2                1.00000000E-03      2.38E-01
  THI S4                3.91288589E-01     -3.47E-04
  THI S6                1.62561971E-01     -1.60E-04
  THI S8                5.74882720E-01     -7.87E-03
  THI S10               6.01810810E-02      5.13E-04
  THI S12               6.54627534E-01     -7.95E-04
  THI S14               2.42798947E-01      4.93E-03
  THI S16               5.61698947E-01      4.93E-03
  THI S18               1.16989470E-02      4.93E-03
  
        EFL          REDU         PIM          OAL         EN PUP       EX PUP
      4.706028     0.000000    -0.009247     6.470640     0.475900    -3.322849
  
  Active Constraints -   2:    target        value         diff        cost
  EFL                    =   4.70603E+00   4.70603E+00  -4.551E-07   2.931E-03
  Mn CT S2                                                          -1.360E-02
  
  Weighted Constraints:        target        value        WTC/PTC     contrib
  @ATELIER_LATCOLOR      =   0.00000E+00   3.18922E+00   1.000E-02   1.017E+03
  @ATELIER_RMSSPOT       =   0.00000E+00   1.62883E+01   1.000E-03   2.653E+02
  
 CYCLE NUMBER 3:
  
  ABERR F. =        0.42280323
  CONST F. =     1210.20281792
  ERR. F.  =     1210.62562115       (change =      -72.11577790)
  
  OPD     0.34631012     0.51019263     0.34850678
  WAV     0.36234811     0.52888436     0.39984547
  
  
  
  Parameter                 Value            Change
  CUY S3                4.34023604E-01      3.52E-05
  CUY S4                1.57250604E-01     -1.11E-04
  CUY S5                2.88077494E-01     -5.11E-05
  CUY S6                3.99500129E-01      7.31E-05
  CUY S7                2.76808263E-02     -8.83E-05
  CUY S8               -2.49848594E-01     -5.32E-04
  CUY S9               -5.07632249E-01     -4.84E-04
  CUY S10              -3.43773401E-01     -4.37E-05
  A   S3               -2.58327441E-03      8.02E-06
  A   S4               -2.08086705E-02     -1.06E-05
  A   S5               -1.03199849E-01      1.41E-05
  A   S6               -6.93125798E-02     -1.76E-05
  A   S7                2.72566431E-02      3.69E-05
  A   S8                3.78449098E-03     -2.35E-05
  A   S9                6.98087902E-03     -4.82E-05
  A   S10               2.74108367E-02     -4.92E-06
  THI S2                1.00000000E-03      1.27E-14
  THI S4                3.91172083E-01     -1.17E-04
  THI S6                1.62498685E-01     -6.33E-05
  THI S8                5.74294641E-01     -5.88E-04
  THI S10               6.04382074E-02      2.57E-04
  THI S12               6.54427070E-01     -2.00E-04
  THI S14               2.48106594E-01      5.31E-03
  THI S16               5.67006594E-01      5.31E-03
  THI S18               1.70065943E-02      5.31E-03
  
        EFL          REDU         PIM          OAL         EN PUP       EX PUP
      4.706028     0.000000    -0.019749     6.480544     0.475900    -3.332879
  
  Active Constraints -   2:    target        value         diff        cost
  EFL                    =   4.70603E+00   4.70603E+00  -3.652E-09  -4.081E-02
  Mn CT S2                                                          -3.482E-03
  
  Weighted Constraints:        target        value        WTC/PTC     contrib
  @ATELIER_LATCOLOR      =   0.00000E+00   3.11703E+00   1.000E-02   9.716E+02
  @ATELIER_RMSSPOT       =   0.00000E+00   1.54471E+01   1.000E-03   2.386E+02
  
 CYCLE NUMBER 4:
  
  ABERR F. =        0.43153204
  CONST F. =     1194.67623107
  ERR. F.  =     1195.10776311       (change =      -15.51785804)
  
  OPD     0.35590334     0.52485622     0.34975261
  WAV     0.37251042     0.54422229     0.39737807
  
  
  
  Parameter                 Value            Change
  CUY S3                4.34039394E-01      1.58E-05
  CUY S4                1.57173344E-01     -7.73E-05
  CUY S5                2.88031628E-01     -4.59E-05
  CUY S6                3.99617555E-01      1.17E-04
  CUY S7                2.77288602E-02      4.80E-05
  CUY S8               -2.50402670E-01     -5.54E-04
  CUY S9               -5.08164617E-01     -5.32E-04
  CUY S10              -3.43781086E-01     -7.68E-06
  A   S3               -2.57968072E-03      3.59E-06
  A   S4               -2.08139405E-02     -5.27E-06
  A   S5               -1.03188695E-01      1.12E-05
  A   S6               -6.92766467E-02      3.59E-05
  A   S7                2.72315355E-02     -2.51E-05
  A   S8                3.76660661E-03     -1.79E-05
  A   S9                6.95483635E-03     -2.60E-05
  A   S10               2.74096853E-02     -1.15E-06
  THI S2                1.00000000E-03     -2.17E-19
  THI S4                3.91120921E-01     -5.12E-05
  THI S6                1.62451755E-01     -4.69E-05
  THI S8                5.74204693E-01     -8.99E-05
  THI S10               6.07975431E-02      3.59E-04
  THI S12               6.54361448E-01     -6.56E-05
  THI S14               2.48114115E-01      7.52E-06
  THI S16               5.67014115E-01      7.52E-06
  THI S18               1.70141154E-02      7.52E-06
  
        EFL          REDU         PIM          OAL         EN PUP       EX PUP
      4.706028     0.000000    -0.020230     6.480665     0.475900    -3.332542
  
  Active Constraints -   2:    target        value         diff        cost
  EFL                    =   4.70603E+00   4.70603E+00  -2.705E-07  -3.286E-02
  Mn CT S2                                                          -2.807E-03
  
  Weighted Constraints:        target        value        WTC/PTC     contrib
  @ATELIER_LATCOLOR      =   0.00000E+00   3.10223E+00   1.000E-02   9.624E+02
  @ATELIER_RMSSPOT       =   0.00000E+00   1.52411E+01   1.000E-03   2.323E+02
  
  Constraints added:      Mn ET S6 (>)
 RAY ERROR: MISS 11
  Constraints released:   Mn ET S6 (>)
  
 CYCLE NUMBER 5:
  
  ABERR F. =        0.38726236
  CONST F. =     1126.98696633
  ERR. F.  =     1127.37422869       (change =      -67.73353442)
  
  OPD     0.33092396     0.46736418     0.30442406
  WAV     0.34593256     0.48417046     0.35373503
  
  
  
  Parameter                 Value            Change
  CUY S3                4.33972972E-01     -6.64E-05
  CUY S4                1.56739129E-01     -4.34E-04
  CUY S5                2.89343715E-01      1.31E-03
  CUY S6                4.01422219E-01      1.80E-03
  CUY S7                2.77342586E-02      5.40E-06
  CUY S8               -2.50477108E-01     -7.44E-05
  CUY S9               -5.08005903E-01      1.59E-04
  CUY S10              -3.43578054E-01      2.03E-04
  A   S3               -2.59502732E-03     -1.53E-05
  A   S4               -2.07934073E-02      2.05E-05
  A   S5               -1.03207431E-01     -1.87E-05
  A   S6               -6.92350392E-02      4.16E-05
  A   S7                2.72028267E-02     -2.87E-05
  A   S8                3.78378732E-03      1.72E-05
  A   S9                6.90330014E-03     -5.15E-05
  A   S10               2.74323175E-02      2.26E-05
  THI S2                1.00000000E-03      0.00E+00
  THI S4                3.90847037E-01     -2.74E-04
  THI S6                1.61135394E-01     -1.32E-03
  THI S8                5.73849326E-01     -3.55E-04
  THI S10               6.05173921E-02     -2.80E-04
  THI S12               6.54131606E-01     -2.30E-04
  THI S14               2.47920500E-01     -1.94E-04
  THI S16               5.66820500E-01     -1.94E-04
  THI S18               1.68204996E-02     -1.94E-04
  
        EFL          REDU         PIM          OAL         EN PUP       EX PUP
      4.706023     0.000000    -0.019371     6.477822     0.475900    -3.330424
  
  Active Constraints -   2:    target        value         diff        cost
  EFL                    =   4.70603E+00   4.70602E+00  -4.822E-06  -1.351E-02
  Mn CT S2                                                          -1.031E-03
  
  Weighted Constraints:        target        value        WTC/PTC     contrib
  @ATELIER_LATCOLOR      =   0.00000E+00   3.04900E+00   1.000E-02   9.296E+02
  @ATELIER_RMSSPOT       =   0.00000E+00   1.40480E+01   1.000E-03   1.973E+02
  
 CYCLE NUMBER 6:
  
  ABERR F. =        0.38822215
  CONST F. =     1119.20683593
  ERR. F.  =     1119.59505808       (change =       -7.77917061)
  
  OPD     0.33362317     0.46991270     0.30108851
  WAV     0.34879204     0.48684302     0.35049955
  
  
  
  Parameter                 Value            Change
  CUY S3                4.33996770E-01      2.38E-05
  CUY S4                1.56745880E-01      6.75E-06
  CUY S5                2.89313467E-01     -3.02E-05
  CUY S6                4.01439332E-01      1.71E-05
  CUY S7                2.77408502E-02      6.59E-06
  CUY S8               -2.50774288E-01     -2.97E-04
  CUY S9               -5.08235121E-01     -2.29E-04
  CUY S10              -3.43527509E-01      5.05E-05
  A   S3               -2.59113654E-03      3.89E-06
  A   S4               -2.08017098E-02     -8.30E-06
  A   S5               -1.03224663E-01     -1.72E-05
  A   S6               -6.92300332E-02      5.01E-06
  A   S7                2.71950162E-02     -7.81E-06
  A   S8                3.77799383E-03     -5.79E-06
  A   S9                6.88632767E-03     -1.70E-05
  A   S10               2.74448488E-02      1.25E-05
  THI S2                1.00000000E-03      0.00E+00
  THI S4                3.90788095E-01     -5.89E-05
  THI S6                1.61158478E-01      2.31E-05
  THI S8                5.73776890E-01     -7.24E-05
  THI S10               6.04616734E-02     -5.57E-05
  THI S12               6.54207904E-01      7.63E-05
  THI S14               2.47899695E-01     -2.08E-05
  THI S16               5.66799695E-01     -2.08E-05
  THI S18               1.67996948E-02     -2.08E-05
  
        EFL          REDU         PIM          OAL         EN PUP       EX PUP
      4.706028     0.000000    -0.019510     6.477692     0.475900    -3.330070
  
  Active Constraints -   2:    target        value         diff        cost
  EFL                    =   4.70603E+00   4.70603E+00   2.825E-11  -1.109E-02
  Mn CT S2                                                          -2.349E-03
  
  Weighted Constraints:        target        value        WTC/PTC     contrib
  @ATELIER_LATCOLOR      =   0.00000E+00   3.04261E+00   1.000E-02   9.257E+02
  @ATELIER_RMSSPOT       =   0.00000E+00   1.39090E+01   1.000E-03   1.935E+02
  
 CYCLE NUMBER 7:
  
  ABERR F. =        0.21112876
  CONST F. =      869.49709966
  ERR. F.  =      869.70822842       (change =     -249.88682966)
  
  OPD     0.08091406     0.18544111     0.27895280
  WAV     0.08835398     0.19393546     0.32137919
  
  
  
  Parameter                 Value            Change
  CUY S3                4.30423780E-01     -3.57E-03
  CUY S4                1.51751833E-01     -4.99E-03
  CUY S5                3.06750786E-01      1.74E-02
  CUY S6                3.98798276E-01     -2.64E-03
  CUY S7               -3.28984978E-02     -6.06E-02
  CUY S8               -3.08208606E-01     -5.74E-02
  CUY S9               -4.89290650E-01      1.89E-02
  CUY S10              -3.05383171E-01      3.81E-02
  A   S3               -1.79119522E-03      8.00E-04
  A   S4               -2.63535431E-02     -5.55E-03
  A   S5               -1.09609370E-01     -6.38E-03
  A   S6               -7.05195258E-02     -1.29E-03
  A   S7                3.69882245E-02      9.79E-03
  A   S8                1.58099087E-02      1.20E-02
  A   S9                1.08909528E-02      4.00E-03
  A   S10               2.58150281E-02     -1.63E-03
  THI S2                1.00000000E-03      5.29E-17
  THI S4                3.00931080E-01     -8.99E-02
  THI S6                2.05210561E-01      4.41E-02
  THI S8                5.94833772E-01      2.11E-02
  THI S10               7.37397756E-02      1.33E-02
  THI S12               5.99688955E-01     -5.45E-02
  THI S14               2.48288891E-01      3.89E-04
  THI S16               5.67188891E-01      3.89E-04
  THI S18               1.71888916E-02      3.89E-04
  
        EFL          REDU         PIM          OAL         EN PUP       EX PUP
      4.706424     0.000000     0.013799     6.412482     0.475900    -3.285963
  
  Active Constraints -   2:    target        value         diff        cost
  EFL                    =   4.70603E+00   4.70642E+00   3.957E-04  -1.935E-07
  Mn CT S2                                                          -4.948E-08
  
  Weighted Constraints:        target        value        WTC/PTC     contrib
  @ATELIER_LATCOLOR      =   0.00000E+00   2.56826E+00   1.000E-02   6.596E+02
  @ATELIER_RMSSPOT       =   0.00000E+00   1.44880E+01   1.000E-03   2.099E+02
  
 CYCLE NUMBER 8:
  
  ABERR F. =        0.57147783
  CONST F. =      716.14032205
  ERR. F.  =      716.71179988       (change =     -152.99642854)
  
  OPD     0.66975702     0.62793571     0.28392601
  WAV     0.70337812     0.65660536     0.33190120
  
  
  
  Parameter                 Value            Change
  CUY S3                4.31399912E-01      9.76E-04
  CUY S4                1.46788536E-01     -4.96E-03
  CUY S5                3.07337452E-01      5.87E-04
  CUY S6                4.14561714E-01      1.58E-02
  CUY S7               -1.85351160E-02      1.44E-02
  CUY S8               -3.26977016E-01     -1.88E-02
  CUY S9               -5.09747733E-01     -2.05E-02
  CUY S10              -3.01480863E-01      3.90E-03
  A   S3               -1.86079652E-03     -6.96E-05
  A   S4               -2.63366236E-02      1.69E-05
  A   S5               -1.09637083E-01     -2.77E-05
  A   S6               -7.05298009E-02     -1.03E-05
  A   S7                3.71052957E-02      1.17E-04
  A   S8                1.53557450E-02     -4.54E-04
  A   S9                8.14833128E-04     -1.01E-02
  A   S10               2.61199730E-02      3.05E-04
  THI S2                1.00000000E-03     -1.42E-16
  THI S4                2.96870442E-01     -4.06E-03
  THI S6                2.04009728E-01     -1.20E-03
  THI S8                5.90677360E-01     -4.16E-03
  THI S10               7.44720928E-02      7.32E-04
  THI S12               6.12644752E-01      1.30E-02
  THI S14               2.62270934E-01      1.40E-02
  THI S16               5.81170935E-01      1.40E-02
  THI S18               3.11709347E-02      1.40E-02
  
        EFL          REDU         PIM          OAL         EN PUP       EX PUP
      4.706048     0.000000    -0.043116     6.444716     0.475900    -3.289782
  
  Active Constraints -   2:    target        value         diff        cost
  EFL                    =   4.70603E+00   4.70605E+00   2.015E-05  -2.237E-04
  Mn CT S2                                                          -5.036E-06
  
  Weighted Constraints:        target        value        WTC/PTC     contrib
  @ATELIER_LATCOLOR      =   0.00000E+00   1.66849E+00   1.000E-02   2.784E+02
  @ATELIER_RMSSPOT       =   0.00000E+00   2.09226E+01   1.000E-03   4.378E+02
  
 CYCLE NUMBER 9:
  
  ABERR F. =        0.10861159
  CONST F. =      336.77597554
  ERR. F.  =      336.88458714       (change =     -379.82721275)
  
  OPD     0.02438976     0.07631362     0.15961785
  WAV     0.02741013     0.08076852     0.17778502
  
  
  
  Parameter                 Value            Change
  CUY S3                4.31086734E-01     -3.13E-04
  CUY S4                1.43395816E-01     -3.39E-03
  CUY S5                3.01677383E-01     -5.66E-03
  CUY S6                4.07590338E-01     -6.97E-03
  CUY S7               -3.12621751E-02     -1.27E-02
  CUY S8               -3.26916812E-01      6.02E-05
  CUY S9               -4.94317116E-01      1.54E-02
  CUY S10              -2.96553868E-01      4.93E-03
  A   S3               -2.35233400E-03     -4.92E-04
  A   S4               -2.61208788E-02      2.16E-04
  A   S5               -1.09950355E-01     -3.13E-04
  A   S6               -7.07151045E-02     -1.85E-04
  A   S7                3.69315731E-02     -1.74E-04
  A   S8                1.59206101E-02      5.65E-04
  A   S9                7.87580470E-03      7.06E-03
  A   S10               2.35073348E-02     -2.61E-03
  THI S2                1.00000000E-03      8.98E-17
  THI S4                3.02831984E-01      5.96E-03
  THI S6                2.14995226E-01      1.10E-02
  THI S8                5.95720582E-01      5.04E-03
  THI S10               8.06944320E-02      6.22E-03
  THI S12               5.99081800E-01     -1.36E-02
  THI S14               2.38921069E-01     -2.33E-02
  THI S16               5.57821069E-01     -2.33E-02
  THI S18               7.82106958E-03     -2.33E-02
  
        EFL          REDU         PIM          OAL         EN PUP       EX PUP
      4.706023     0.000000     0.008929     6.412666     0.475900    -3.263874
  
  Active Constraints -   2:    target        value         diff        cost
  EFL                    =   4.70603E+00   4.70602E+00  -4.701E-06  -1.814E-06
  Mn CT S2                                                          -5.726E-08
  
  Weighted Constraints:        target        value        WTC/PTC     contrib
  @ATELIER_LATCOLOR      =   0.00000E+00   1.65945E+00   1.000E-02   2.754E+02
  @ATELIER_RMSSPOT       =   0.00000E+00   7.83579E+00   1.000E-03   6.140E+01
  
 CYCLE NUMBER 10:
  
  ABERR F. =        0.09753418
  CONST F. =      331.07440210
  ERR. F.  =      331.17193627       (change =       -5.71265086)
  
  OPD     0.03496629     0.10261915     0.11386650
  WAV     0.04407571     0.10894436     0.13618751
  
  
  
  Parameter                 Value            Change
  CUY S3                4.33733263E-01      2.65E-03
  CUY S4                1.31220964E-01     -1.22E-02
  CUY S5                3.04384028E-01      2.71E-03
  CUY S6                4.26514587E-01      1.89E-02
  CUY S7               -8.04731208E-03      2.32E-02
  CUY S8               -3.20946917E-01      5.97E-03
  CUY S9               -4.97097963E-01     -2.78E-03
  CUY S10              -2.86193333E-01      1.04E-02
  A   S3               -2.85536399E-03     -5.03E-04
  A   S4               -2.69696042E-02     -8.49E-04
  A   S5               -1.08326175E-01      1.62E-03
  A   S6               -7.26721756E-02     -1.96E-03
  A   S7                3.32784959E-02     -3.65E-03
  A   S8                1.61050187E-02      1.84E-04
  A   S9                9.35962017E-03      1.48E-03
  A   S10               2.56967925E-02      2.19E-03
  THI S2                1.00000000E-03      1.49E-16
  THI S4                3.11525639E-01      8.69E-03
  THI S6                2.15351317E-01      3.56E-04
  THI S8                5.42233637E-01     -5.35E-02
  THI S10               1.14371669E-01      3.37E-02
  THI S12               5.91157384E-01     -7.92E-03
  THI S14               2.29103150E-01     -9.82E-03
  THI S16               5.48003150E-01     -9.82E-03
  THI S18              -1.99685002E-03     -9.82E-03
  
        EFL          REDU         PIM          OAL         EN PUP       EX PUP
      4.706028     0.000000     0.012568     6.374346     0.475900    -3.222013
  
  Active Constraints -   2:    target        value         diff        cost
  EFL                    =   4.70603E+00   4.70603E+00  -5.257E-07  -4.963E-07
  Mn CT S2                                                          -5.327E-08
  
  Weighted Constraints:        target        value        WTC/PTC     contrib
  @ATELIER_LATCOLOR      =   0.00000E+00   1.70899E+00   1.000E-02   2.921E+02
  @ATELIER_RMSSPOT       =   0.00000E+00   6.24590E+00   1.000E-03   3.901E+01
     WARNING - Frozen Thickness Violations:
  Mn ET S17
  
 CYCLE NUMBER 11:
  
  ABERR F. =        0.09192005
  CONST F. =       84.66003604
  ERR. F.  =       84.75195609       (change =     -246.41998018)
  
  OPD     0.04177198     0.09372077     0.10273906
  WAV     0.05165013     0.09920579     0.13077635
  
  
  
  Parameter                 Value            Change
  CUY S3                4.34344443E-01      6.11E-04
  CUY S4                1.39955062E-01      8.73E-03
  CUY S5                3.12217113E-01      7.83E-03
  CUY S6                4.22046699E-01     -4.47E-03
  CUY S7               -1.39386226E-02     -5.89E-03
  CUY S8               -3.19834833E-01      1.11E-03
  CUY S9               -4.95687909E-01      1.41E-03
  CUY S10              -2.85163195E-01      1.03E-03
  A   S3               -2.62861824E-03      2.27E-04
  A   S4               -2.69748694E-02     -5.27E-06
  A   S5               -1.08454150E-01     -1.28E-04
  A   S6               -7.26091290E-02      6.30E-05
  A   S7                3.30975598E-02     -1.81E-04
  A   S8                1.63458848E-02      2.41E-04
  A   S9                9.31750266E-03     -4.21E-05
  A   S10               2.54703273E-02     -2.26E-04
  THI S2                1.00000000E-03     -1.55E-16
  THI S4                3.13357543E-01      1.83E-03
  THI S6                2.16480693E-01      1.13E-03
  THI S8                5.44687867E-01      2.45E-03
  THI S10               1.16332591E-01      1.96E-03
  THI S12               5.88302572E-01     -2.85E-03
  THI S14               2.29494814E-01      3.92E-04
  THI S16               5.48394813E-01      3.92E-04
  THI S18              -1.60518667E-03      3.92E-04
  
        EFL          REDU         PIM          OAL         EN PUP       EX PUP
      4.705776     0.000000     0.009948     6.379651     0.475900    -3.224869
  
  Active Constraints -   2:    target        value         diff        cost
  EFL                    =   4.70603E+00   4.70578E+00  -2.520E-04   1.136E-06
  Mn CT S2                                                          -2.941E-08
  
  Weighted Constraints:        target        value        WTC/PTC     contrib
  @ATELIER_LATCOLOR      =   0.00000E+00   4.17806E-01   1.000E-02   1.746E+01
  @ATELIER_RMSSPOT       =   0.00000E+00   8.19779E+00   1.000E-03   6.720E+01
     WARNING - Frozen Thickness Violations:
  Mn ET S17
  
 CYCLE NUMBER 12:
  
  ABERR F. =        0.14445745
  CONST F. =       69.14673920
  ERR. F.  =       69.29119665       (change =      -15.46075944)
  
  OPD     0.16320898     0.12710115     0.11535101
  WAV     0.17510720     0.13633111     0.14093009
  
  
  
  Parameter                 Value            Change
  CUY S3                4.34776801E-01      4.32E-04
  CUY S4                1.37295398E-01     -2.66E-03
  CUY S5                3.13429032E-01      1.21E-03
  CUY S6                4.27326158E-01      5.28E-03
  CUY S7               -1.27450222E-02      1.19E-03
  CUY S8               -3.20975190E-01     -1.14E-03
  CUY S9               -4.96309033E-01     -6.21E-04
  CUY S10              -2.84358307E-01      8.05E-04
  A   S3               -2.83446488E-03     -2.06E-04
  A   S4               -2.70213407E-02     -4.65E-05
  A   S5               -1.08406896E-01      4.73E-05
  A   S6               -7.26564399E-02     -4.73E-05
  A   S7                3.32157525E-02      1.18E-04
  A   S8                1.62104464E-02     -1.35E-04
  A   S9                8.46885260E-03     -8.49E-04
  A   S10               2.55152152E-02      4.49E-05
  THI S2                1.00000000E-03      2.52E-17
  THI S4                3.12656440E-01     -7.01E-04
  THI S6                2.16162034E-01     -3.19E-04
  THI S8                5.43450073E-01     -1.24E-03
  THI S10               1.15630855E-01     -7.02E-04
  THI S12               5.89874911E-01      1.57E-03
  THI S14               2.35146105E-01      5.65E-03
  THI S16               5.54046105E-01      5.65E-03
  THI S18               4.04610515E-03      5.65E-03
  
        EFL          REDU         PIM          OAL         EN PUP       EX PUP
      4.706029     0.000000    -0.004800     6.389567     0.475900    -3.233049
  
  Active Constraints -   2:    target        value         diff        cost
  EFL                    =   4.70603E+00   4.70603E+00   4.220E-07  -3.210E-05
  Mn CT S2                                                          -1.063E-06
  
  Weighted Constraints:        target        value        WTC/PTC     contrib
  @ATELIER_LATCOLOR      =   0.00000E+00   1.86281E-01   1.000E-02   3.470E+00
  @ATELIER_RMSSPOT       =   0.00000E+00   8.10411E+00   1.000E-03   6.568E+01
  
 CYCLE NUMBER 13:
  
  ABERR F. =        0.15566163
  CONST F. =       67.12240319
  ERR. F.  =       67.27806482       (change =       -2.01313183)
  
  OPD     0.18178779     0.12709116     0.12395729
  WAV     0.19488764     0.13460560     0.15722283
  
  
  
  Parameter                 Value            Change
  CUY S3                4.34851508E-01      7.47E-05
  CUY S4                1.37341893E-01      4.65E-05
  CUY S5                3.13216905E-01     -2.12E-04
  CUY S6                4.27091767E-01     -2.34E-04
  CUY S7               -1.29789470E-02     -2.34E-04
  CUY S8               -3.21216943E-01     -2.42E-04
  CUY S9               -4.96424597E-01     -1.16E-04
  CUY S10              -2.84441862E-01     -8.36E-05
  A   S3               -2.81921322E-03      1.53E-05
  A   S4               -2.70449323E-02     -2.36E-05
  A   S5               -1.08387186E-01      1.97E-05
  A   S6               -7.26698347E-02     -1.34E-05
  A   S7                3.32277640E-02      1.20E-05
  A   S8                1.61967410E-02     -1.37E-05
  A   S9                8.51207206E-03      4.32E-05
  A   S10               2.55051636E-02     -1.01E-05
  THI S2                1.00000000E-03     -1.99E-17
  THI S4                3.12557759E-01     -9.87E-05
  THI S6                2.16099678E-01     -6.24E-05
  THI S8                5.43364749E-01     -8.53E-05
  THI S10               1.15717379E-01      8.65E-05
  THI S12               5.89734192E-01     -1.41E-04
  THI S14               2.35554497E-01      4.08E-04
  THI S16               5.54454497E-01      4.08E-04
  THI S18               4.45449701E-03      4.08E-04
  
        EFL          REDU         PIM          OAL         EN PUP       EX PUP
      4.706027     0.000000    -0.005321     6.390083     0.475900    -3.233864
  
  Active Constraints -   2:    target        value         diff        cost
  EFL                    =   4.70603E+00   4.70603E+00  -1.046E-06   1.408E-02
  Mn CT S2                                                          -1.322E-04
  
  Weighted Constraints:        target        value        WTC/PTC     contrib
  @ATELIER_LATCOLOR      =   0.00000E+00   1.86998E-01   1.000E-02   3.497E+00
  @ATELIER_RMSSPOT       =   0.00000E+00   7.97656E+00   1.000E-03   6.363E+01
  
 CYCLE NUMBER 14:
  
  ABERR F. =        0.14823792
  CONST F. =       60.59547549
  ERR. F.  =       60.74371341       (change =       -6.53435140)
  
  OPD     0.17325037     0.12592985     0.11494775
  WAV     0.18576139     0.13432418     0.14216051
  
  
  
  Parameter                 Value            Change
  CUY S3                4.34825211E-01     -2.63E-05
  CUY S4                1.37462850E-01      1.21E-04
  CUY S5                3.13375377E-01      1.58E-04
  CUY S6                4.27136307E-01      4.45E-05
  CUY S7               -1.28795302E-02      9.94E-05
  CUY S8               -3.21087711E-01      1.29E-04
  CUY S9               -4.96331931E-01      9.27E-05
  CUY S10              -2.84389355E-01      5.25E-05
  A   S3               -2.82609509E-03     -6.88E-06
  A   S4               -2.70357082E-02      9.22E-06
  A   S5               -1.08395873E-01     -8.69E-06
  A   S6               -7.26629773E-02      6.86E-06
  A   S7                3.32178914E-02     -9.87E-06
  A   S8                1.62078656E-02      1.11E-05
  A   S9                8.47171336E-03     -4.04E-05
  A   S10               2.55105611E-02      5.40E-06
  THI S2                1.00000000E-03      0.00E+00
  THI S4                3.12638634E-01      8.09E-05
  THI S6                2.16138645E-01      3.90E-05
  THI S8                5.43441563E-01      7.68E-05
  THI S10               1.15700133E-01     -1.72E-05
  THI S12               5.89780784E-01      4.66E-05
  THI S14               2.35419565E-01     -1.35E-04
  THI S16               5.54319565E-01     -1.35E-04
  THI S18               4.31956496E-03     -1.35E-04
  
        EFL          REDU         PIM          OAL         EN PUP       EX PUP
      4.706028     0.000000    -0.005144     6.390039     0.475900    -3.233673
  
  Active Constraints -   2:    target        value         diff        cost
  EFL                    =   4.70603E+00   4.70603E+00   3.464E-10  -3.576E-03
  Mn CT S2                                                          -2.378E-04
  
  Weighted Constraints:        target        value        WTC/PTC     contrib
  @ATELIER_LATCOLOR      =   0.00000E+00   1.66238E-01   1.000E-02   2.764E+00
  @ATELIER_RMSSPOT       =   0.00000E+00   7.60473E+00   1.000E-03   5.783E+01
  
 CYCLE NUMBER 15:
  
  ABERR F. =        0.14825829
  CONST F. =       60.57933198
  ERR. F.  =       60.72759027       (change =       -0.01612314)
  
  OPD     0.17328861     0.12592639     0.11495673
  WAV     0.18580257     0.13431657     0.14219052
  
  
  
  Parameter                 Value            Change
  CUY S3                4.34825416E-01      2.05E-07
  CUY S4                1.37463203E-01      3.53E-07
  CUY S5                3.13375531E-01      1.54E-07
  CUY S6                4.27136006E-01     -3.02E-07
  CUY S7               -1.28801852E-02     -6.55E-07
  CUY S8               -3.21088138E-01     -4.27E-07
  CUY S9               -4.96332231E-01     -2.99E-07
  CUY S10              -2.84389430E-01     -7.49E-08
  A   S3               -2.82600346E-03      9.16E-08
  A   S4               -2.70357870E-02     -7.88E-08
  A   S5               -1.08395810E-01      6.30E-08
  A   S6               -7.26630034E-02     -2.61E-08
  A   S7                3.32179035E-02      1.22E-08
  A   S8                1.62078489E-02     -1.67E-08
  A   S9                8.47179954E-03      8.62E-08
  A   S10               2.55105215E-02     -3.96E-08
  THI S2                1.00000000E-03      2.17E-19
  THI S4                3.12638483E-01     -1.51E-07
  THI S6                2.16138521E-01     -1.24E-07
  THI S8                5.43441477E-01     -8.63E-08
  THI S10               1.15700158E-01      2.44E-08
  THI S12               5.89780739E-01     -4.54E-08
  THI S14               2.35419729E-01      1.64E-07
  THI S16               5.54319728E-01      1.64E-07
  THI S18               4.31972850E-03      1.64E-07
  
        EFL          REDU         PIM          OAL         EN PUP       EX PUP
      4.706028     0.000000    -0.005145     6.390039     0.475900    -3.233673
  
  Active Constraints -   2:    target        value         diff        cost
  EFL                    =   4.70603E+00   4.70603E+00  -4.352E-14   2.306E-03
  Mn CT S2                                                          -2.095E-04
  
  Weighted Constraints:        target        value        WTC/PTC     contrib
  @ATELIER_LATCOLOR      =   0.00000E+00   1.66249E-01   1.000E-02   2.764E+00
  @ATELIER_RMSSPOT       =   0.00000E+00   7.60365E+00   1.000E-03   5.782E+01
  
     Normal AUTO Completion - System improvement less than IMP
AUT> GO
 
 
CODE V> BUF PUT B1 I^row J1 "schema"
      Created new worksheet B1.
CODE V> BUF PUT B1 I^row J2 "atelier-codev-target-v1"
CODE V> BUF PUT B1 I^row J1 "status"
CODE V> BUF PUT B1 I^row J2 "ok"
CODE V> BUF PUT B1 I^row J1 "mode"
CODE V> BUF PUT B1 I^row J2 "target"
CODE V> BUF PUT B1 I^row J1 "stage"
CODE V> BUF PUT B1 I^row J2 "A"
CODE V> BUF PUT B1 I^row J1 "source_zmx"
CODE V> BUF PUT B1 I^row J2 "US10281683B2.zmx"
CODE V> BUF PUT B1 I^row J1 "num_fields"
CODE V> BUF PUT B1 I^row J2 ^numf_out
CODE V> BUF PUT B1 I^row J1 "vignetting_edge"
CODE V> BUF PUT B1 I^row J2 0
CODE V> BUF PUT B1 I^row J1 "target.efl_mm"
CODE V> BUF PUT B1 I^row J2 ^target_efl
CODE V> BUF PUT B1 I^row J1 "target.f_number"
CODE V> BUF PUT B1 I^row J2 3
CODE V> BUF PUT B1 I^row J1 "seed_baseline.efl_y_mm"
CODE V> BUF PUT B1 I^row J2 ^seed_baseline_efl_y_mm
CODE V> BUF PUT B1 I^row J1 "seed_baseline.max_lateral_color_um"
CODE V> BUF PUT B1 I^row J2 ^seed_baseline_max_lateral_color_um
CODE V> BUF PUT B1 I^row J1 "seed_baseline.max_rms_spot_diameter_um"
CODE V> BUF PUT B1 I^row J2 ^seed_baseline_max_rms_spot_diameter_um
CODE V> BUF PUT B1 I^row J1 "seed_baseline.max_rms_wavefront_error_waves"
CODE V> BUF PUT B1 I^row J2 ^seed_baseline_max_rms_wavefront_error_waves
CODE V> BUF PUT B1 I^row J1 "seed_baseline.max_distortion_pct"
CODE V> BUF PUT B1 I^row J2 ^seed_baseline_max_distortion_pct
CODE V> BUF PUT B1 I^row J1 "seed_baseline.fno"
CODE V> BUF PUT B1 I^row J2 ^seed_baseline_fno
CODE V> BUF PUT B1 I^row J1 "seed_baseline.epd_mm"
CODE V> BUF PUT B1 I^row J2 ^seed_baseline_epd
CODE V> BUF PUT B1 I^row J1 "seed_baseline.maximh_mm"
CODE V> BUF PUT B1 I^row J2 ^seed_baseline_maximh
CODE V> BUF PUT B1 I^row J1 "config_pre_aut.efl_y_mm"
CODE V> BUF PUT B1 I^row J2 ^config_pre_aut_efl_y_mm
CODE V> BUF PUT B1 I^row J1 "config_pre_aut.max_lateral_color_um"
CODE V> BUF PUT B1 I^row J2 ^config_pre_aut_max_lateral_color_um
CODE V> BUF PUT B1 I^row J1 "config_pre_aut.max_rms_spot_diameter_um"
CODE V> BUF PUT B1 I^row J2 ^config_pre_aut_max_rms_spot_diameter_um
CODE V> BUF PUT B1 I^row J1 "config_pre_aut.max_rms_wavefront_error_waves"
CODE V> BUF PUT B1 I^row J2 ^config_pre_aut_max_rms_wavefront_error_waves
CODE V> BUF PUT B1 I^row J1 "config_pre_aut.max_distortion_pct"
CODE V> BUF PUT B1 I^row J2 ^config_pre_aut_max_distortion_pct
CODE V> BUF PUT B1 I^row J1 "config_pre_aut.fno"
CODE V> BUF PUT B1 I^row J2 ^config_pre_aut_fno
CODE V> BUF PUT B1 I^row J1 "config_pre_aut.epd_mm"
CODE V> BUF PUT B1 I^row J2 ^config_pre_aut_epd
CODE V> BUF PUT B1 I^row J1 "config_pre_aut.maximh_mm"
CODE V> BUF PUT B1 I^row J2 ^config_pre_aut_maximh
CODE V> BUF PUT B1 I^row J1 "post_aut.efl_y_mm"
CODE V> BUF PUT B1 I^row J2 ^post_aut_efl_y_mm
CODE V> BUF PUT B1 I^row J1 "post_aut.max_lateral_color_um"
CODE V> BUF PUT B1 I^row J2 ^post_aut_max_lateral_color_um
CODE V> BUF PUT B1 I^row J1 "post_aut.max_rms_spot_diameter_um"
CODE V> BUF PUT B1 I^row J2 ^post_aut_max_rms_spot_diameter_um
CODE V> BUF PUT B1 I^row J1 "post_aut.max_rms_wavefront_error_waves"
CODE V> BUF PUT B1 I^row J2 ^post_aut_max_rms_wavefront_error_waves
CODE V> BUF PUT B1 I^row J1 "post_aut.max_distortion_pct"
CODE V> BUF PUT B1 I^row J2 ^post_aut_max_distortion_pct
CODE V> BUF PUT B1 I^row J1 "post_aut.fno"
CODE V> BUF PUT B1 I^row J2 ^post_aut_fno
CODE V> BUF PUT B1 I^row J1 "post_aut.epd_mm"
CODE V> BUF PUT B1 I^row J2 ^post_aut_epd
CODE V> BUF PUT B1 I^row J1 "post_aut.maximh_mm"
CODE V> BUF PUT B1 I^row J2 ^post_aut_maximh
CODE V> BUF PUT B1 I^row J1 "efl_target_deviation_pct"
CODE V> BUF PUT B1 I^row J2 ^efl_target_dev_pct
CODE V> BUF PUT B1 I^row J1 "aut_converged"
CODE V> BUF PUT B1 I^row J2 ^aut_converged
CODE V> BUF EXP B1 "D:\atelier-wt-c\.planning\loop\p15-stageb-evidence\fno-matrix-2026-07-11\US10281683B2_loosen\rung3_fno0300\atelier_codev_target_A_vig0000.tsv"
     Buffer B1 exported to file atelier_codev_target_A_vig0000.tsv
CODE V> BUF DEL B1
CODE V> OUT YES
CODE V> EXI YES
     EXI                                                                              11-Jul-26  14H 12M 17S
                                                 CODE V PC  Version: 11.5             CPU clock:  0H  0M 18S
