  
  
                                   Welcome to
  
                                   C O D E   V
  
                                PC  Version 11.5
                                   Build 27302701
  
                                   11-Jul-2026
  
                            A proprietary product of
  
                              SYNOPSYS, INC
                              Pasadena, California
  
CODE V> OUT NO
     Radius input/output mode
  
    Lens data created by Zemax version 191028
  
    Zemax command MODE ignored
     WARNING - Vignetting angles not used.
     ERROR - No wavelength  2 in zoom position  1
  
     Surface pointer = OBJ
    Zemax surface type  STANDARD
    CODE V surface type SPH
    Zemax command FIMP ignored.
     WARNING - Hiding of rays not used.
    Zemax command MIRR ignored.
    Zemax command SLAB ignored.
    Zemax command MEMA ignored.
    Zemax command POPS ignored.
  
     Surface pointer = 1
    Zemax surface type  EVENASPH
    CODE V surface type ASP
    Zemax command FIMP ignored.
     WARNING - Hiding of rays not used.
    Zemax command MIRR ignored.
    Zemax command SLAB ignored.
     WARNING - Partial dispersion of model glass not used.
    Zemax command MEMA ignored.
    Zemax command POPS ignored.
  
     Surface pointer = 2
    Zemax surface type  EVENASPH
    CODE V surface type ASP
    Zemax command FIMP ignored.
     WARNING - Hiding of rays not used.
    Zemax command MIRR ignored.
    Zemax command SLAB ignored.
    Zemax command MEMA ignored.
    Zemax command POPS ignored.
  
     Surface pointer = 3
    Zemax surface type  EVENASPH
    CODE V surface type ASP
    Zemax command FIMP ignored.
     WARNING - Hiding of rays not used.
    Zemax command MIRR ignored.
    Zemax command SLAB ignored.
     WARNING - Partial dispersion of model glass not used.
    Zemax command MEMA ignored.
    Zemax command POPS ignored.
  
     Surface pointer = 4
    Zemax surface type  EVENASPH
    CODE V surface type ASP
    Zemax command FIMP ignored.
     WARNING - Hiding of rays not used.
    Zemax command MIRR ignored.
    Zemax command SLAB ignored.
    Zemax command MEMA ignored.
    Zemax command POPS ignored.
  
     Surface pointer = 5
    Zemax surface type  STANDARD
    CODE V surface type SPH
    Zemax command FIMP ignored.
     WARNING - Hiding of rays not used.
    Zemax command MIRR ignored.
    Zemax command SLAB ignored.
    Zemax command MEMA ignored.
    Zemax command POPS ignored.
  
     Surface pointer = 6
    Zemax surface type  EVENASPH
    CODE V surface type ASP
    Zemax command FIMP ignored.
     WARNING - Hiding of rays not used.
    Zemax command MIRR ignored.
    Zemax command SLAB ignored.
     WARNING - Partial dispersion of model glass not used.
    Zemax command MEMA ignored.
    Zemax command POPS ignored.
  
     Surface pointer = 7
    Zemax surface type  EVENASPH
    CODE V surface type ASP
    Zemax command FIMP ignored.
     WARNING - Hiding of rays not used.
    Zemax command MIRR ignored.
    Zemax command SLAB ignored.
    Zemax command MEMA ignored.
    Zemax command POPS ignored.
  
     Surface pointer = 8
    Zemax surface type  EVENASPH
    CODE V surface type ASP
    Zemax command FIMP ignored.
     WARNING - Hiding of rays not used.
    Zemax command MIRR ignored.
    Zemax command SLAB ignored.
     WARNING - Partial dispersion of model glass not used.
    Zemax command MEMA ignored.
    Zemax command POPS ignored.
  
     Surface pointer = 9
    Zemax surface type  EVENASPH
    CODE V surface type ASP
    Zemax command FIMP ignored.
     WARNING - Hiding of rays not used.
    Zemax command MIRR ignored.
    Zemax command SLAB ignored.
    Zemax command MEMA ignored.
    Zemax command POPS ignored.
  
     Surface pointer = 10
    Zemax surface type  STANDARD
    CODE V surface type SPH
    Zemax command FIMP ignored.
     WARNING - Hiding of rays not used.
    Zemax command MIRR ignored.
    Zemax command SLAB ignored.
     WARNING - Partial dispersion of model glass not used.
    Zemax command MEMA ignored.
    Zemax command POPS ignored.
  
     Surface pointer = 11
    Zemax surface type  STANDARD
    CODE V surface type SPH
    Zemax command FIMP ignored.
     WARNING - Hiding of rays not used.
    Zemax command MIRR ignored.
    Zemax command SLAB ignored.
    Zemax command MEMA ignored.
    Zemax command POPS ignored.
  
     Surface pointer = IMG
    Zemax surface type  STANDARD
    CODE V surface type SPH
    Zemax command FIMP ignored.
     WARNING - Hiding of rays not used.
    Zemax command MIRR ignored.
    Zemax command SLAB ignored.
    Zemax command MEMA ignored.
    Zemax command POPS ignored.
    Zemax command ! AT ignored.
    Zemax command ! AT ignored.
    Zemax command ! AT ignored.
    Zemax command ! AT ignored.
  
     WARNING - Please check the converted lens carefully.
               Some information will not be converted.
               Changes in either CODE V or ZEMAX may invalidate
               the converted information.
               Due to differences between CODE V and ZEMAX ray
               aiming and vignetting factors, it is recommended
               that you set vignetting for the converted system.
  
               A concise listing of conversion warnings appears
               in the Tabbed Output Window 'Info' tab and in the
               Command Window.
  
CODE V> DEF VAR SA
 
 
CODE V> FNO 2
CODE V> VUY 0 0.5
CODE V> VLY 0 0.5
CODE V> VUX 0 0.5
CODE V> VLX 0 0.5
     ERROR - Ray missed surface   4 for zoom position  1
     ERROR - Ray missed surface   4 for zoom position  1
     ERROR - Ray missed surface   4 for zoom position  1
     ERROR - Total reflection at surface   4 for zoom position  1
     ERROR - Total reflection at surface   4 for zoom position  1
     ERROR - Total reflection at surface   4 for zoom position  1
     ERROR - Ray missed surface   4 for zoom position  1
     ERROR - Total reflection at surface   4 for zoom position  1
     ERROR - Total reflection at surface   4 for zoom position  1
     ERROR - Total reflection at surface   4 for zoom position  1
     ERROR - Total reflection at surface   4 for zoom position  1
     ERROR - Total reflection at surface   4 for zoom position  1
     ERROR - One or more of the reference rays from field  1 is deviated far from
             most of the other rays from this field point.  The reference rays are
             used to determine the numerical aperture and the grid spacing.  Thus, it
             is important that these rays are focused at approximately the same spot
             as the other rays from this field point.  Modifying the vignetting
             may solve this problem and allow the computation to proceed.
CODE V> AUT
     AUT                                                                              11-Jul-26  14H 27M 23S
                                                 CODE V PC  Version: 11.5             CPU clock:  0H  0M  1S
     WARNING - Exit pupil is near a diffraction caustic for some zoom positions.
               An infinite reference sphere is being used for OPD calculations.
     ***Defocussing frozen to eliminate redundant variable
AUT>   SUR N
AUT>   CHG SA
AUT>   WFR Y
AUT>   WTF FA 10
AUT>   EFL = 19.6731294141371
AUT>   @atelier_latcolor == @lcum(1)
AUT>   @atelier_latcolor = 0
AUT>   WTC 0.01
AUT>   @atelier_rmsspot == @rmssum(1)
AUT>   @atelier_rmsspot = 0
AUT>   WTC 0.001
AUT>   MNT 0.025
AUT>   MNE 0.025
AUT>   MXT 10
AUT>   MNA 0.001
AUT>   MXC 25
AUT>   MNC 3
AUT>   IMP 0.001
AUT> GO
 -------------------------------------------------------------------------------
  
       USER CONSTRAINT DEFINITIONS
            @atelier_rmsspot == @rmssum(1)
  
            @atelier_latcolor == @lcum(1)
  
  
  
       POTENTIALLY ACTIVE SPECIFIC CONSTRAINTS
         EFL                                  =      19.673129
         @ATELIER_LATCOLOR                    =       0.000000     (WTC =    0.01000)
         @ATELIER_RMSSPOT                     =       0.000000     (WTC =    0.00100)
  
       GENERAL CONSTRAINTS
         MXT      10.000000
         MNT       0.025000
         MNE       0.025000
         MNA       0.001000
         MAE       0.002500
         GLA               NFK5  NSK16  NLAF2  SF4
  
       ERROR FUNCTION CONSTRUCTION
         WFR        Y
         WTW       1
         WTA       0.000000
         DEL       0.220000
         WTX F1   10.000000
         WTX F2   10.000000
         WTY F1   10.000000
         WTY F2   10.000000
  
       CONVERGENCE CONTROLS
         MXC        25
         MNC         3
         TAR       0.000000
         IMP       0.001000
  
       OUTPUT CONTROLS
         SUR NO
         CHG S0..12
  
     Recommendations for most stable convergence:
  
       Use object space aperture specifications:
       - NAO for finite conjugate systems
       - EPD for infinite conjugate systems
  
       VARIABLE LIST
  
         NO      PARAMETERS *
          1      CUY S1       CUY S2
          2      CUY S2       CUY S3
          3      CUY S3       CUY S4
          4      CUY S4
          5      CUY S6       CUY S7
          6      CUY S7
          7      CUY S8       CUY S9
          8      CUY S9
          9      A   S1
         10      A   S2
         11      A   S3
         12      A   S4
         13      A   S6
         14      A   S7
         15      A   S8
         16      A   S9
         17      THI S2
         18      THI S4
         19      THI S5
         20      THI S7
         21      THI S9
         22      THI S11
  
     * Multiple entries on a line are composite variables.
     Composite variables are either program-generated bendings
     or user-requested couplings.
  
      22 VARIABLES
  
      22 CONSTRAINTS CAN BE ACTIVE
  
     RELATIVE TIME PER CYCLE IS   58.4 UNITS
     ERROR - Ray missed surface   4 for zoom position  1
 RAY ERROR: MISS  4
           Aperture and Field at 0.900 of spec.
     ERROR - Total reflection at surface   4 for zoom position  1
 RAY ERROR: REFL  4
           Aperture and Field at 0.810 of spec.
     ERROR - Total reflection at surface   4 for zoom position  1
 RAY ERROR: REFL  4
           Aperture and Field at 0.729 of spec.
     ERROR - Total reflection at surface   4 for zoom position  1
 RAY ERROR: REFL  4
           Aperture and Field at 0.656 of spec.
     WARNING - The macro function SPOTDATA is not supported on multiple threads.
               CODE V will set the multiple processor setting (MPP) to 1 to prevent errors.
               Please refer to the CODE V Setup and Operation Reference Manual for a complete list
               of pre-defined macro functions that are currently limited to running on a single thread.
  
 CYCLE NUMBER 0:
  
  ABERR F. =       55.84630768
  CONST F. =      0.243652E+07
  ERR. F.  =      0.243658E+07
  
  OPD    76.73058959     2.00792367
  WAV    81.03770605     4.06391305
  
  
  
  Parameter                 Value            Change
  CUY S1                1.11756817E-01      0.00E+00
  CUY S2               -7.53068755E-02      0.00E+00
  CUY S3               -5.15198351E-02      0.00E+00
  CUY S4                6.86059276E-02      0.00E+00
  CUY S6                1.06734977E-01      0.00E+00
  CUY S7                1.25134520E-02      0.00E+00
  CUY S8               -2.57440016E-02      0.00E+00
  CUY S9                1.05652404E-01      0.00E+00
  A   S1               -7.30400000E-04      0.00E+00
  A   S2               -1.16320000E-03      0.00E+00
  A   S3               -1.60550000E-02      0.00E+00
  A   S4               -1.55430000E-02      0.00E+00
  A   S6                0.00000000E+00      0.00E+00
  A   S7                0.00000000E+00      0.00E+00
  A   S8                0.00000000E+00      0.00E+00
  A   S9                0.00000000E+00      0.00E+00
  THI S2                5.00000000E-02      0.00E+00
  THI S4                2.20000000E-01      0.00E+00
  THI S5                6.09600000E+00      0.00E+00
  THI S7                3.83000000E+00      0.00E+00
  THI S9                4.00000000E+00      0.00E+00
  THI S11               6.76000000E-01      0.00E+00
  
        EFL          REDU         PIM          OAL         EN PUP       EX PUP
     19.682882     0.000000     0.690427    20.780000     3.129062   -10.505106
  
  Specific Constraints:        target        value         diff      active (**)
  EFL                    =   1.96731E+01   1.96829E+01   9.753E-03    **
  
  Weighted Constraints:        target        value        WTC/PTC     contrib
  @ATELIER_LATCOLOR      =   0.00000E+00   0.00000E+00   1.000E-02   0.000E+00
  @ATELIER_RMSSPOT       =   0.00000E+00   1.56094E+03   1.000E-03   2.437E+06
  
  Constraints added:      EFL (=)
  Constraints added:      Mn ET S4 (>)
  Constraints added:      Mn ET S11 (>)
  
 CYCLE NUMBER 1:
  
  ABERR F. =       36.55780774
  CONST F. =      0.377766E+06
  ERR. F.  =      0.377803E+06       (change =     -0.205877E+07)
  
  OPD    50.62058074     3.12934695
  WAV    52.55646833     3.38745584
  
  
  
  Parameter                 Value            Change
  CUY S1                8.28182485E-02     -2.89E-02
  CUY S2               -9.41706615E-02     -1.89E-02
  CUY S3               -2.13041308E-02      3.02E-02
  CUY S4                8.80895848E-02      1.95E-02
  CUY S6                1.09635967E-01      2.90E-03
  CUY S7                1.55507742E-02      3.04E-03
  CUY S8               -5.24291227E-02     -2.67E-02
  CUY S9                8.41516913E-02     -2.15E-02
  A   S1                3.09186373E-04      1.04E-03
  A   S2               -2.01037461E-03     -8.47E-04
  A   S3               -1.55907219E-02      4.64E-04
  A   S4               -1.56827061E-02     -1.40E-04
  A   S6               -5.77896246E-04     -5.78E-04
  A   S7                1.01621587E-03      1.02E-03
  A   S8                1.30906694E-03      1.31E-03
  A   S9               -2.83100038E-03     -2.83E-03
  THI S2                1.83815090E-01      1.34E-01
  THI S4                4.22055185E-02     -1.78E-01
  THI S5                1.39855341E+01      7.89E+00
  THI S7                3.88484819E+00      5.48E-02
  THI S9                7.22176521E-01     -3.28E+00
  THI S11               2.50000000E-03     -6.74E-01
  
        EFL          REDU         PIM          OAL         EN PUP       EX PUP
     19.476152     0.000000     0.464177    25.402579     2.973062   -10.642610
  
  Active Constraints -   3:    target        value         diff        cost
  EFL                    =   1.96731E+01   1.94762E+01  -1.970E-01   9.316E-02
  Mn ET S4                                                          -3.803E-04
  Mn ET S11                                                         -2.735E-06
  
  Weighted Constraints:        target        value        WTC/PTC     contrib
  @ATELIER_LATCOLOR      =   0.00000E+00   0.00000E+00   1.000E-02   0.000E+00
  @ATELIER_RMSSPOT       =   0.00000E+00   6.14627E+02   1.000E-03   3.778E+05
     ERROR - Total reflection at surface   2 for zoom position  1
 RAY ERROR: REFL  2
           Aperture and Field at 0.900 of spec.
     ERROR - Ray missed surface   4 for zoom position  1
 RAY ERROR: MISS  4
           Aperture and Field at 0.810 of spec.
     ERROR - Total reflection at surface   2 for zoom position  1
 RAY ERROR: REFL  2
           Aperture and Field at 0.729 of spec.
     ERROR - Total reflection at surface   2 for zoom position  1
 RAY ERROR: REFL  2
           Aperture and Field at 0.656 of spec.
  
 CYCLE NUMBER 2:
  
  ABERR F. =       13.47839193
  CONST F. =      0.000000E+00
  ERR. F.  =       13.47839193       (change =  -377789.06692418)
  
  OPD    14.38055167    11.41962857
  WAV    15.59857486    12.08902292
  
  
  
  Parameter                 Value            Change
  CUY S1                8.45230243E-02      1.70E-03
  CUY S2               -8.97807669E-02      4.39E-03
  CUY S3               -5.43336707E-02     -3.30E-02
  CUY S4                5.15363748E-02     -3.66E-02
  CUY S6                1.13705176E-01      4.07E-03
  CUY S7                1.82231839E-02      2.67E-03
  CUY S8               -2.41469035E-02      2.83E-02
  CUY S9                1.03987394E-01      1.98E-02
  A   S1                2.60493682E-04     -4.87E-05
  A   S2               -1.97438709E-03      3.60E-05
  A   S3               -1.56294023E-02     -3.87E-05
  A   S4               -1.56344246E-02      4.83E-05
  A   S6               -1.62501452E-03     -1.05E-03
  A   S7                4.96458970E-03      3.95E-03
  A   S8                2.86168448E-03      1.55E-03
  A   S9               -4.80658747E-03     -1.98E-03
  THI S2                1.50200257E-01     -3.36E-02
  THI S4                5.50482677E-03     -3.67E-02
  THI S5                1.36466961E+01     -3.39E-01
  THI S7                3.98196343E+00      9.71E-02
  THI S9                3.03679683E-01     -4.18E-01
  THI S11               2.50000000E-03      7.93E-16
  
        EFL          REDU         PIM          OAL         EN PUP       EX PUP
     19.311938     0.000000     1.469697    24.672044     2.859262   -10.697786
  
  Active Constraints -   3:    target        value         diff        cost
  EFL                    =   1.96731E+01   1.93119E+01  -3.612E-01   2.313E-02
  Mn ET S4                                                          -1.649E-04
  Mn ET S11                                                         -1.329E-04
  
  Weighted Constraints:        target        value        WTC/PTC     contrib
  @ATELIER_LATCOLOR      =   0.00000E+00   0.00000E+00   1.000E-02   0.000E+00
  @ATELIER_RMSSPOT       =   0.00000E+00   0.00000E+00   1.000E-03   0.000E+00
 RAY ERROR: MISS  9
           Aperture and Field at 0.900 of spec.
     ERROR - Total reflection at surface   4 for zoom position  1
 RAY ERROR: REFL  4
           Aperture and Field at 0.810 of spec.
     ERROR - Total reflection at surface   2 for zoom position  1
 RAY ERROR: REFL  2
           Aperture and Field at 0.729 of spec.
     ERROR - Total reflection at surface   4 for zoom position  1
 RAY ERROR: REFL  4
           Aperture and Field at 0.656 of spec.
  
  
  Parameter                 Value            Change
  CUY S1                8.45230243E-02      0.00E+00
  CUY S2               -8.97807669E-02      0.00E+00
  CUY S3               -5.43336707E-02      0.00E+00
  CUY S4                5.15363748E-02      0.00E+00
  CUY S6                1.13705176E-01      0.00E+00
  CUY S7                1.82231839E-02      0.00E+00
  CUY S8               -2.41469035E-02      0.00E+00
  CUY S9                1.03987394E-01      0.00E+00
  A   S1                2.60493682E-04      0.00E+00
  A   S2               -1.97438709E-03      0.00E+00
  A   S3               -1.56294023E-02      0.00E+00
  A   S4               -1.56344246E-02      0.00E+00
  A   S6               -1.62501452E-03      0.00E+00
  A   S7                4.96458970E-03      0.00E+00
  A   S8                2.86168448E-03      0.00E+00
  A   S9               -4.80658747E-03      0.00E+00
  THI S2                1.50200257E-01      0.00E+00
  THI S4                5.50482677E-03      0.00E+00
  THI S5                1.36466961E+01      0.00E+00
  THI S7                3.98196343E+00      0.00E+00
  THI S9                3.03679683E-01      0.00E+00
  THI S11               2.50000000E-03      0.00E+00
  
        EFL          REDU         PIM          OAL         EN PUP       EX PUP
     19.311938     0.000000     1.469697    24.672044     2.859262   -10.697786
  
     Abnormal AUTO Completion - Unable to scale up Pupil and Field specifications
        Listed specific constraint values may not be valid.
AUT> GO
     ERROR - Unable to find chief ray: F2,W1,Z1.  Use CRA command.
     ERROR - Chief ray fails - Trace up to failure point:
     ERROR - Ray missed surface   8 for zoom position  1
     ERROR - Total reflection at surface   2 for zoom position  1
     ERROR - Total reflection at surface   2 for zoom position  1
     ERROR - Total reflection at surface   2 for zoom position  1
     ERROR - Total reflection at surface   4 for zoom position  1
     ERROR - Total reflection at surface   2 for zoom position  1
     ERROR - Total reflection at surface   4 for zoom position  1
     ERROR - Total reflection at surface   2 for zoom position  1
     ERROR - Total reflection at surface   4 for zoom position  1
     ERROR - Total reflection at surface   2 for zoom position  1
     ERROR - Total reflection at surface   4 for zoom position  1
     ERROR - Total reflection at surface   2 for zoom position  1
     ERROR - Total reflection at surface   2 for zoom position  1
     ERROR - One or more of the reference rays from field  1 is deviated far from
             most of the other rays from this field point.  The reference rays are
             used to determine the numerical aperture and the grid spacing.  Thus, it
             is important that these rays are focused at approximately the same spot
             as the other rays from this field point.  Modifying the vignetting
             may solve this problem and allow the computation to proceed.
CODE V> BUF PUT B1 I^row J1 "schema"
      Created new worksheet B1.
CODE V> BUF PUT B1 I^row J2 "atelier-codev-target-v1"
CODE V> BUF PUT B1 I^row J1 "status"
CODE V> BUF PUT B1 I^row J2 "ok"
CODE V> BUF PUT B1 I^row J1 "mode"
CODE V> BUF PUT B1 I^row J2 "target"
CODE V> BUF PUT B1 I^row J1 "stage"
CODE V> BUF PUT B1 I^row J2 "A"
CODE V> BUF PUT B1 I^row J1 "source_zmx"
CODE V> BUF PUT B1 I^row J2 "US-11940597-B2-e6.zmx"
CODE V> BUF PUT B1 I^row J1 "num_fields"
CODE V> BUF PUT B1 I^row J2 ^numf_out
CODE V> BUF PUT B1 I^row J1 "vignetting_edge"
CODE V> BUF PUT B1 I^row J2 0.5
CODE V> BUF PUT B1 I^row J1 "target.efl_mm"
CODE V> BUF PUT B1 I^row J2 ^target_efl
CODE V> BUF PUT B1 I^row J1 "target.f_number"
CODE V> BUF PUT B1 I^row J2 2
CODE V> BUF PUT B1 I^row J1 "seed_baseline.efl_y_mm"
CODE V> BUF PUT B1 I^row J2 ^seed_baseline_efl_y_mm
CODE V> BUF PUT B1 I^row J1 "seed_baseline.max_lateral_color_um"
CODE V> BUF PUT B1 I^row J2 ^seed_baseline_max_lateral_color_um
CODE V> BUF PUT B1 I^row J1 "seed_baseline.max_rms_spot_diameter_um"
CODE V> BUF PUT B1 I^row J2 ^seed_baseline_max_rms_spot_diameter_um
CODE V> BUF PUT B1 I^row J1 "seed_baseline.max_rms_wavefront_error_waves"
CODE V> BUF PUT B1 I^row J2 ^seed_baseline_max_rms_wavefront_error_waves
CODE V> BUF PUT B1 I^row J1 "seed_baseline.max_distortion_pct"
CODE V> BUF PUT B1 I^row J2 ^seed_baseline_max_distortion_pct
CODE V> BUF PUT B1 I^row J1 "seed_baseline.fno"
CODE V> BUF PUT B1 I^row J2 ^seed_baseline_fno
CODE V> BUF PUT B1 I^row J1 "seed_baseline.epd_mm"
CODE V> BUF PUT B1 I^row J2 ^seed_baseline_epd
CODE V> BUF PUT B1 I^row J1 "seed_baseline.maximh_mm"
CODE V> BUF PUT B1 I^row J2 ^seed_baseline_maximh
CODE V> BUF PUT B1 I^row J1 "config_pre_aut.efl_y_mm"
CODE V> BUF PUT B1 I^row J2 ^config_pre_aut_efl_y_mm
CODE V> BUF PUT B1 I^row J1 "config_pre_aut.max_lateral_color_um"
CODE V> BUF PUT B1 I^row J2 ^config_pre_aut_max_lateral_color_um
CODE V> BUF PUT B1 I^row J1 "config_pre_aut.max_rms_spot_diameter_um"
CODE V> BUF PUT B1 I^row J2 ^config_pre_aut_max_rms_spot_diameter_um
CODE V> BUF PUT B1 I^row J1 "config_pre_aut.max_rms_wavefront_error_waves"
CODE V> BUF PUT B1 I^row J2 ^config_pre_aut_max_rms_wavefront_error_waves
CODE V> BUF PUT B1 I^row J1 "config_pre_aut.max_distortion_pct"
CODE V> BUF PUT B1 I^row J2 ^config_pre_aut_max_distortion_pct
CODE V> BUF PUT B1 I^row J1 "config_pre_aut.fno"
CODE V> BUF PUT B1 I^row J2 ^config_pre_aut_fno
CODE V> BUF PUT B1 I^row J1 "config_pre_aut.epd_mm"
CODE V> BUF PUT B1 I^row J2 ^config_pre_aut_epd
CODE V> BUF PUT B1 I^row J1 "config_pre_aut.maximh_mm"
CODE V> BUF PUT B1 I^row J2 ^config_pre_aut_maximh
CODE V> BUF PUT B1 I^row J1 "post_aut.efl_y_mm"
CODE V> BUF PUT B1 I^row J2 ^post_aut_efl_y_mm
CODE V> BUF PUT B1 I^row J1 "post_aut.max_lateral_color_um"
CODE V> BUF PUT B1 I^row J2 ^post_aut_max_lateral_color_um
CODE V> BUF PUT B1 I^row J1 "post_aut.max_rms_spot_diameter_um"
CODE V> BUF PUT B1 I^row J2 ^post_aut_max_rms_spot_diameter_um
CODE V> BUF PUT B1 I^row J1 "post_aut.max_rms_wavefront_error_waves"
CODE V> BUF PUT B1 I^row J2 ^post_aut_max_rms_wavefront_error_waves
CODE V> BUF PUT B1 I^row J1 "post_aut.max_distortion_pct"
CODE V> BUF PUT B1 I^row J2 ^post_aut_max_distortion_pct
CODE V> BUF PUT B1 I^row J1 "post_aut.fno"
CODE V> BUF PUT B1 I^row J2 ^post_aut_fno
CODE V> BUF PUT B1 I^row J1 "post_aut.epd_mm"
CODE V> BUF PUT B1 I^row J2 ^post_aut_epd
CODE V> BUF PUT B1 I^row J1 "post_aut.maximh_mm"
CODE V> BUF PUT B1 I^row J2 ^post_aut_maximh
CODE V> BUF PUT B1 I^row J1 "efl_target_deviation_pct"
CODE V> BUF PUT B1 I^row J2 ^efl_target_dev_pct
CODE V> BUF PUT B1 I^row J1 "aut_converged"
CODE V> BUF PUT B1 I^row J2 ^aut_converged
CODE V> BUF EXP B1 "D:\atelier-wt-c\.planning\loop\p15-stageb-evidence\fno-matrix-2026-07-11\US-11940597-B2-e6_tighten\rung3_fno0200\ray_retry\atelier_codev_target_A_vig0500.tsv"
     Buffer B1 exported to file atelier_codev_target_A_vig0500.tsv
CODE V> BUF DEL B1
CODE V> OUT YES
CODE V> EXI YES
     EXI                                                                              11-Jul-26  14H 27M 23S
                                                 CODE V PC  Version: 11.5             CPU clock:  0H  0M  1S
