  
  
                                   Welcome to
  
                                   C O D E   V
  
                                PC  Version 11.5
                                   Build 27302701
  
                                   11-Jul-2026
  
                            A proprietary product of
  
                              SYNOPSYS, INC
                              Pasadena, California
  
CODE V> OUT NO
     Radius input/output mode
  
    Lens data created by Zemax version 210628
  
    Zemax command MODE ignored
    Zemax command AUTH ignored
    Zemax command PFIL ignored
    Zemax command LANG ignored
     WARNING - Glass catalog list not used.
     WARNING - Ray aiming not used.
     WARNING - Pupil shift for ray aiming not used.
    Zemax command SDMA ignored
    Zemax command OMMA ignored
    Zemax command HYPR ignored
     WARNING - Vignetting angles not used.
    Zemax command XAIM ignored
    Zemax command YAIM ignored
    Zemax command ZAIM ignored
    Zemax command POLS ignored
    Zemax command GLRS ignored
    Zemax command GSTD ignored
    Zemax command NSCD ignored
    Zemax command COFN ignored
    Zemax command COFN ignored
    Zemax command LUID ignored
  
     Surface pointer = OBJ
    Zemax command SSID ignored.
    Zemax surface type  STANDARD
    CODE V surface type SPH
    Zemax command FIMP ignored.
     WARNING - Hiding of rays not used.
    Zemax command MIRR ignored.
    Zemax command SLAB ignored.
    Zemax command MEMA ignored.
    Zemax command POPS ignored.
  
     Surface pointer = 1
    Zemax command SSID ignored.
    Zemax surface type  STANDARD
    CODE V surface type SPH
    Zemax command FIMP ignored.
     WARNING - Hiding of rays not used.
    Zemax command MIRR ignored.
    Zemax command SLAB ignored.
     WARNING - Partial dispersion of model glass not used.
    Zemax command MEMA ignored.
    Zemax command POPS ignored.
  
     Surface pointer = 2
    Zemax command SSID ignored.
    Zemax surface type  STANDARD
    CODE V surface type SPH
    Zemax command FIMP ignored.
     WARNING - Hiding of rays not used.
    Zemax command MIRR ignored.
    Zemax command SLAB ignored.
    Zemax command MEMA ignored.
    Zemax command POPS ignored.
  
     Surface pointer = 3
    Zemax command SSID ignored.
    Zemax surface type  STANDARD
    CODE V surface type SPH
    Zemax command FIMP ignored.
     WARNING - Hiding of rays not used.
    Zemax command MIRR ignored.
    Zemax command SLAB ignored.
    Zemax command MEMA ignored.
    Zemax command POPS ignored.
  
     Surface pointer = 4
    Zemax command SSID ignored.
    Zemax surface type  STANDARD
    CODE V surface type SPH
    Zemax command FIMP ignored.
     WARNING - Hiding of rays not used.
    Zemax command MIRR ignored.
    Zemax command SLAB ignored.
    Zemax command MEMA ignored.
    Zemax command POPS ignored.
  
     Surface pointer = 5
    Zemax command SSID ignored.
    Zemax surface type  EVENASPH
    CODE V surface type ASP
    Zemax command FIMP ignored.
     WARNING - Hiding of rays not used.
    Zemax command MIRR ignored.
    Zemax command SLAB ignored.
     WARNING - Partial dispersion of model glass not used.
    Zemax command MEMA ignored.
    Zemax command POPS ignored.
  
     Surface pointer = 6
    Zemax command SSID ignored.
    Zemax surface type  EVENASPH
    CODE V surface type ASP
    Zemax command FIMP ignored.
     WARNING - Hiding of rays not used.
    Zemax command MIRR ignored.
    Zemax command SLAB ignored.
    Zemax command MEMA ignored.
    Zemax command POPS ignored.
  
     Surface pointer = 7
    Zemax command SSID ignored.
    Zemax surface type  EVENASPH
    CODE V surface type ASP
    Zemax command FIMP ignored.
     WARNING - Hiding of rays not used.
    Zemax command MIRR ignored.
    Zemax command SLAB ignored.
     WARNING - Partial dispersion of model glass not used.
    Zemax command MEMA ignored.
    Zemax command POPS ignored.
  
     Surface pointer = 8
    Zemax command SSID ignored.
    Zemax surface type  XASPHERE
    CODE V surface type SPS ODD
    Zemax command FIMP ignored.
     WARNING - Hiding of rays not used.
    Zemax command MIRR ignored.
    Zemax command SLAB ignored.
     WARNING - Maximum term number not used.
    Zemax command MEMA ignored.
    Zemax command POPS ignored.
  
     Surface pointer = 9
    Zemax command SSID ignored.
    Zemax surface type  XASPHERE
    CODE V surface type SPS ODD
    Zemax command FIMP ignored.
     WARNING - Hiding of rays not used.
    Zemax command MIRR ignored.
    Zemax command SLAB ignored.
     WARNING - Maximum term number not used.
    Zemax command MEMA ignored.
    Zemax command POPS ignored.
  
     Surface pointer = 10
    Zemax command SSID ignored.
    Zemax surface type  XASPHERE
    CODE V surface type SPS ODD
    Zemax command FIMP ignored.
     WARNING - Hiding of rays not used.
    Zemax command MIRR ignored.
    Zemax command SLAB ignored.
     WARNING - Maximum term number not used.
    Zemax command MEMA ignored.
    Zemax command POPS ignored.
  
     Surface pointer = 11
    Zemax command SSID ignored.
    Zemax surface type  XASPHERE
    CODE V surface type SPS ODD
    Zemax command FIMP ignored.
     WARNING - Hiding of rays not used.
    Zemax command MIRR ignored.
    Zemax command SLAB ignored.
     WARNING - Maximum term number not used.
    Zemax command MEMA ignored.
    Zemax command POPS ignored.
  
     Surface pointer = 12
    Zemax command SSID ignored.
    Zemax surface type  XASPHERE
    CODE V surface type SPS ODD
    Zemax command FIMP ignored.
     WARNING - Hiding of rays not used.
    Zemax command MIRR ignored.
    Zemax command SLAB ignored.
     WARNING - Maximum term number not used.
    Zemax command MEMA ignored.
    Zemax command POPS ignored.
  
     Surface pointer = 13
    Zemax command SSID ignored.
    Zemax surface type  XASPHERE
    CODE V surface type SPS ODD
    Zemax command FIMP ignored.
     WARNING - Hiding of rays not used.
    Zemax command MIRR ignored.
    Zemax command SLAB ignored.
     WARNING - Maximum term number not used.
    Zemax command MEMA ignored.
    Zemax command POPS ignored.
  
     Surface pointer = 14
    Zemax command SSID ignored.
    Zemax surface type  XASPHERE
    CODE V surface type SPS ODD
    Zemax command FIMP ignored.
     WARNING - Hiding of rays not used.
    Zemax command MIRR ignored.
    Zemax command SLAB ignored.
     WARNING - Maximum term number not used.
    Zemax command MEMA ignored.
    Zemax command POPS ignored.
  
     Surface pointer = 15
    Zemax command SSID ignored.
    Zemax surface type  STANDARD
    CODE V surface type SPH
    Zemax command FIMP ignored.
     WARNING - Hiding of rays not used.
    Zemax command MIRR ignored.
    Zemax command SLAB ignored.
     WARNING - Partial dispersion of model glass not used.
    Zemax command MEMA ignored.
    Zemax command POPS ignored.
  
     Surface pointer = 16
    Zemax command SSID ignored.
    Zemax surface type  STANDARD
    CODE V surface type SPH
    Zemax command FIMP ignored.
     WARNING - Hiding of rays not used.
    Zemax command MIRR ignored.
    Zemax command SLAB ignored.
    Zemax command MEMA ignored.
    Zemax command POPS ignored.
  
     Surface pointer = IMG
    Zemax command SSID ignored.
    Zemax surface type  STANDARD
    CODE V surface type SPH
    Zemax command FIMP ignored.
     WARNING - Hiding of rays not used.
    Zemax command MIRR ignored.
    Zemax command SLAB ignored.
    Zemax command MEMA ignored.
    Zemax command POPS ignored.
  
     WARNING - Please check the converted lens carefully.
               Some information will not be converted.
               Changes in either CODE V or ZEMAX may invalidate
               the converted information.
               Due to differences between CODE V and ZEMAX ray
               aiming and vignetting factors, it is recommended
               that you set vignetting for the converted system.
  
               A concise listing of conversion warnings appears
               in the Tabbed Output Window 'Info' tab and in the
               Command Window.
  
CODE V> DEF VAR SA
 
 
CODE V> VUY 0 0.2 0.2
CODE V> VLY 0 0.2 0.2
CODE V> VUX 0 0.2 0.2
CODE V> VLX 0 0.2 0.2
 
 
CODE V> AUT
     AUT                                                                              11-Jul-26  14H 22M 24S
                                                 CODE V PC  Version: 11.5             CPU clock:  0H  0M  1S
     ***Defocussing frozen to eliminate redundant variable
AUT>   SUR N
AUT>   CHG SA
AUT>   WFR Y
AUT>   WTF FA 10
AUT>   EFL = 2.40859727258987
AUT>   @atelier_latcolor == @lcum(1)
AUT>   @atelier_latcolor = 0
AUT>   WTC 0.01
AUT>   @atelier_rmsspot == @rmssum(1)
AUT>   @atelier_rmsspot = 0
AUT>   WTC 0.001
AUT>   MNT 0.025
AUT>   MNE 0.025
AUT>   MXT 10
AUT>   MNA 0.001
AUT>   MXC 25
AUT>   MNC 3
AUT>   IMP 0.001
AUT> GO
 -------------------------------------------------------------------------------
  
       USER CONSTRAINT DEFINITIONS
            @atelier_rmsspot == @rmssum(1)
  
            @atelier_latcolor == @lcum(1)
  
  
  
       POTENTIALLY ACTIVE SPECIFIC CONSTRAINTS
         EFL                                  =       2.408597
         @ATELIER_LATCOLOR                    =       0.000000     (WTC =    0.01000)
         @ATELIER_RMSSPOT                     =       0.000000     (WTC =    0.00100)
  
       GENERAL CONSTRAINTS
         MXT      10.000000
         MNT       0.025000
         MNE       0.025000
         MNA       0.001000
         MAE       0.002500
         GLA               NFK5  NSK16  NLAF2  SF4
  
       ERROR FUNCTION CONSTRUCTION
         WFR        Y
         WTW       1          1          1          1          1
         WTA       0.000000
         DEL       0.220000
         WTX F1   10.000000
         WTX F2   10.000000
         WTX F3   10.000000
         WTY F1   10.000000
         WTY F2   10.000000
         WTY F3   10.000000
  
       CONVERGENCE CONTROLS
         MXC        25
         MNC         3
         TAR       0.000000
         IMP       0.001000
  
       OUTPUT CONTROLS
         SUR NO
         CHG S0..17
  
     Recommendations for most stable convergence:
  
       Use object space aperture specifications:
       - NAO for finite conjugate systems
       - EPD for infinite conjugate systems
  
       VARIABLE LIST
  
         NO      PARAMETERS *
          1      CUY S2       CUY S5
          2      CUY S5       CUY S6       CUY S7
          3      CUY S6       CUY S7
          4      CUY S7
          5      A   S5
          6      A   S6
          7      A   S7
          8      THI S2
          9      THI S4
         10      THI S6
         11      THI S8
         12      THI S10
         13      THI S12
         14      THI S14
         15      THI S16
  
     * Multiple entries on a line are composite variables.
     Composite variables are either program-generated bendings
     or user-requested couplings.
  
      15 VARIABLES
  
      15 CONSTRAINTS CAN BE ACTIVE
  
     RELATIVE TIME PER CYCLE IS  221.0 UNITS
     WARNING - The macro function SPOTDATA is not supported on multiple threads.
               CODE V will set the multiple processor setting (MPP) to 1 to prevent errors.
               Please refer to the CODE V Setup and Operation Reference Manual for a complete list
               of pre-defined macro functions that are currently limited to running on a single thread.
  
 CYCLE NUMBER 0:
  
  ABERR F. =        0.16205975
  CONST F. =      331.10357000
  ERR. F.  =      331.26562975
  
  OPD     0.19671355     0.10463767     0.15634506
  WAV     0.20792444     0.11596529     0.16373948
  
  
  
  Parameter                 Value            Change
  CUY S2               -5.15463918E-03      0.00E+00
  CUY S5                4.88042948E-01      0.00E+00
  CUY S6               -5.47267493E-03      0.00E+00
  CUY S7                2.97601333E-02      0.00E+00
  A   S5               -7.54068000E-02      0.00E+00
  A   S6               -2.24360000E-01      0.00E+00
  A   S7               -5.63451000E-01      0.00E+00
  THI S2                1.50000000E-01      0.00E+00
  THI S4               -5.50000000E-02      0.00E+00
  THI S6                2.31000000E-01      0.00E+00
  THI S8                9.80000000E-02      0.00E+00
  THI S10               5.00000000E-02      0.00E+00
  THI S12               9.70000000E-02      0.00E+00
  THI S14               3.86000000E-01      0.00E+00
  THI S16               4.75000000E-01      0.00E+00
  
        EFL          REDU         PIM          OAL         EN PUP       EX PUP
      2.406151     0.000000     0.424878     4.327000     0.729101    -2.085399
  
  Specific Constraints:        target        value         diff      active (**)
  EFL                    =   2.40860E+00   2.40615E+00  -2.446E-03    **
  
  Weighted Constraints:        target        value        WTC/PTC     contrib
  @ATELIER_LATCOLOR      =   0.00000E+00   1.69873E+00   1.000E-02   2.886E+02
  @ATELIER_RMSSPOT       =   0.00000E+00   6.52191E+00   1.000E-03   4.254E+01
  
  Constraints added:      EFL (=)                     Mn CT S4 (>)
  
 CYCLE NUMBER 1:
  
  ABERR F. =        0.13494204
  CONST F. =      838.17185594
  ERR. F.  =      838.30679799       (change =      507.04116824)
  
  OPD     0.07184332     0.16604531     0.11176995
  WAV     0.07869160     0.20634703     0.12352990
  
  
  
  Parameter                 Value            Change
  CUY S2               -7.28386609E-03     -2.13E-03
  CUY S5                4.86541729E-01     -1.50E-03
  CUY S6               -6.22478970E-03     -7.52E-04
  CUY S7                2.80920027E-02     -1.67E-03
  A   S5               -7.60058447E-02     -5.99E-04
  A   S6               -2.21262030E-01      3.10E-03
  A   S7               -5.64641415E-01     -1.19E-03
  THI S2                1.47553266E-01     -2.45E-03
  THI S4                1.00000000E-03      5.60E-02
  THI S6                2.31939182E-01      9.39E-04
  THI S8                9.89073134E-02      9.07E-04
  THI S10               5.13105347E-02      1.31E-03
  THI S12               9.52218694E-02     -1.78E-03
  THI S14               3.86176531E-01      1.77E-04
  THI S16               4.75176531E-01      1.77E-04
  
        EFL          REDU         PIM          OAL         EN PUP       EX PUP
      2.408736     0.000000     0.424852     4.382109     0.726697    -2.149271
  
  Active Constraints -   2:    target        value         diff        cost
  EFL                    =   2.40860E+00   2.40874E+00   1.389E-04  -9.471E-03
  Mn CT S4                                                          -1.377E-01
  
  Weighted Constraints:        target        value        WTC/PTC     contrib
  @ATELIER_LATCOLOR      =   0.00000E+00   2.50393E+00   1.000E-02   6.270E+02
  @ATELIER_RMSSPOT       =   0.00000E+00   1.45329E+01   1.000E-03   2.112E+02
  
 CYCLE NUMBER 2:
  
  ABERR F. =        0.50120768
  CONST F. =      407.61601403
  ERR. F.  =      408.11722171       (change =     -430.18957628)
  
  OPD     0.70610813     0.23707960     0.39803715
  WAV     0.73852333     0.27113213     0.41844534
  
  
  
  Parameter                 Value            Change
  CUY S2               -6.83034835E-03      4.54E-04
  CUY S5                4.87953671E-01      1.41E-03
  CUY S6               -1.25100484E-02     -6.29E-03
  CUY S7                2.25455504E-02     -5.55E-03
  A   S5               -7.54729317E-02      5.33E-04
  A   S6               -2.21856725E-01     -5.95E-04
  A   S7               -5.64742806E-01     -1.01E-04
  THI S2                4.35587983E-01      2.88E-01
  THI S4                1.00000000E-03      3.69E-18
  THI S6                2.33612745E-01      1.67E-03
  THI S8                1.00791226E-01      1.88E-03
  THI S10               5.47681492E-02      3.46E-03
  THI S12               8.90914585E-02     -6.13E-03
  THI S14               4.01733946E-01      1.56E-02
  THI S16               4.90733946E-01      1.56E-02
  
        EFL          REDU         PIM          OAL         EN PUP       EX PUP
      2.408596     0.000000     0.404960     4.686586     1.015442    -2.165612
  
  Active Constraints -   2:    target        value         diff        cost
  EFL                    =   2.40860E+00   2.40860E+00  -1.082E-06  -6.997E-03
  Mn CT S4                                                          -3.038E-03
  
  Weighted Constraints:        target        value        WTC/PTC     contrib
  @ATELIER_LATCOLOR      =   0.00000E+00   1.29218E+00   1.000E-02   1.670E+02
  @ATELIER_RMSSPOT       =   0.00000E+00   1.55126E+01   1.000E-03   2.406E+02
  
 CYCLE NUMBER 3:
  
  ABERR F. =        0.34237232
  CONST F. =      268.31680287
  ERR. F.  =      268.65917520       (change =     -139.45804651)
  
  OPD     0.47883748     0.15243347     0.28084798
  WAV     0.49613849     0.19838749     0.29394723
  
  
  
  Parameter                 Value            Change
  CUY S2               -9.19876166E-03     -2.37E-03
  CUY S5                4.85080887E-01     -2.87E-03
  CUY S6               -1.13415500E-02      1.17E-03
  CUY S7                2.44319538E-02      1.89E-03
  A   S5               -7.70929138E-02     -1.62E-03
  A   S6               -2.19717384E-01      2.14E-03
  A   S7               -5.64302818E-01      4.40E-04
  THI S2                6.29037069E-01      1.93E-01
  THI S4                1.00000000E-03     -3.04E-18
  THI S6                2.33069790E-01     -5.43E-04
  THI S8                1.00326214E-01     -4.65E-04
  THI S10               5.81609010E-02      3.39E-03
  THI S12               8.44836395E-02     -4.61E-03
  THI S14               3.99209300E-01     -2.52E-03
  THI S16               4.88209300E-01     -2.52E-03
  
        EFL          REDU         PIM          OAL         EN PUP       EX PUP
      2.408599     0.000000     0.406818     4.875287     1.210298    -2.160435
  
  Active Constraints -   2:    target        value         diff        cost
  EFL                    =   2.40860E+00   2.40860E+00   2.026E-06  -8.386E-03
  Mn CT S4                                                          -1.521E-03
  
  Weighted Constraints:        target        value        WTC/PTC     contrib
  @ATELIER_LATCOLOR      =   0.00000E+00   6.69669E-01   1.000E-02   4.485E+01
  @ATELIER_RMSSPOT       =   0.00000E+00   1.49490E+01   1.000E-03   2.235E+02
  
 CYCLE NUMBER 4:
  
  ABERR F. =        0.34239164
  CONST F. =      268.31673581
  ERR. F.  =      268.65912745       (change =       -0.00004774)
  
  OPD     0.47886858     0.15243569     0.28086193
  WAV     0.49617099     0.19838827     0.29396169
  
  
  
  Parameter                 Value            Change
  CUY S2               -9.19875265E-03      9.01E-09
  CUY S5                4.85081037E-01      1.50E-07
  CUY S6               -1.13413769E-02      1.73E-07
  CUY S7                2.44325533E-02      5.99E-07
  A   S5               -7.70929011E-02      1.27E-08
  A   S6               -2.19717396E-01     -1.24E-08
  A   S7               -5.64302830E-01     -1.20E-08
  THI S2                6.29036365E-01     -7.04E-07
  THI S4                1.00000000E-03     -1.52E-18
  THI S6                2.33069791E-01      1.35E-09
  THI S8                1.00326206E-01     -7.92E-09
  THI S10               5.81609209E-02      1.99E-08
  THI S12               8.44836730E-02      3.35E-08
  THI S14               3.99209260E-01     -3.92E-08
  THI S16               4.88209260E-01     -3.92E-08
  
        EFL          REDU         PIM          OAL         EN PUP       EX PUP
      2.408597     0.000000     0.406817     4.875286     1.210298    -2.160435
  
  Active Constraints -   2:    target        value         diff        cost
  EFL                    =   2.40860E+00   2.40860E+00   8.882E-16  -1.854E-01
  Mn CT S4                                                          -2.092E-03
  
  Weighted Constraints:        target        value        WTC/PTC     contrib
  @ATELIER_LATCOLOR      =   0.00000E+00   6.69695E-01   1.000E-02   4.485E+01
  @ATELIER_RMSSPOT       =   0.00000E+00   1.49488E+01   1.000E-03   2.235E+02
  
     Normal AUTO Completion - System improvement less than IMP
AUT> GO
 
 
CODE V> BUF PUT B1 I^row J1 "schema"
      Created new worksheet B1.
CODE V> BUF PUT B1 I^row J2 "atelier-codev-target-v1"
CODE V> BUF PUT B1 I^row J1 "status"
CODE V> BUF PUT B1 I^row J2 "ok"
CODE V> BUF PUT B1 I^row J1 "mode"
CODE V> BUF PUT B1 I^row J2 "target"
CODE V> BUF PUT B1 I^row J1 "stage"
CODE V> BUF PUT B1 I^row J2 "A"
CODE V> BUF PUT B1 I^row J1 "source_zmx"
CODE V> BUF PUT B1 I^row J2 "US20210165194A1.zmx"
CODE V> BUF PUT B1 I^row J1 "num_fields"
CODE V> BUF PUT B1 I^row J2 ^numf_out
CODE V> BUF PUT B1 I^row J1 "vignetting_edge"
CODE V> BUF PUT B1 I^row J2 0.2
CODE V> BUF PUT B1 I^row J1 "target.efl_mm"
CODE V> BUF PUT B1 I^row J2 ^target_efl
CODE V> BUF PUT B1 I^row J1 "seed_baseline.efl_y_mm"
CODE V> BUF PUT B1 I^row J2 ^seed_baseline_efl_y_mm
CODE V> BUF PUT B1 I^row J1 "seed_baseline.max_lateral_color_um"
CODE V> BUF PUT B1 I^row J2 ^seed_baseline_max_lateral_color_um
CODE V> BUF PUT B1 I^row J1 "seed_baseline.max_rms_spot_diameter_um"
CODE V> BUF PUT B1 I^row J2 ^seed_baseline_max_rms_spot_diameter_um
CODE V> BUF PUT B1 I^row J1 "seed_baseline.max_rms_wavefront_error_waves"
CODE V> BUF PUT B1 I^row J2 ^seed_baseline_max_rms_wavefront_error_waves
CODE V> BUF PUT B1 I^row J1 "seed_baseline.max_distortion_pct"
CODE V> BUF PUT B1 I^row J2 ^seed_baseline_max_distortion_pct
CODE V> BUF PUT B1 I^row J1 "seed_baseline.fno"
CODE V> BUF PUT B1 I^row J2 ^seed_baseline_fno
CODE V> BUF PUT B1 I^row J1 "seed_baseline.epd_mm"
CODE V> BUF PUT B1 I^row J2 ^seed_baseline_epd
CODE V> BUF PUT B1 I^row J1 "seed_baseline.maximh_mm"
CODE V> BUF PUT B1 I^row J2 ^seed_baseline_maximh
CODE V> BUF PUT B1 I^row J1 "config_pre_aut.efl_y_mm"
CODE V> BUF PUT B1 I^row J2 ^config_pre_aut_efl_y_mm
CODE V> BUF PUT B1 I^row J1 "config_pre_aut.max_lateral_color_um"
CODE V> BUF PUT B1 I^row J2 ^config_pre_aut_max_lateral_color_um
CODE V> BUF PUT B1 I^row J1 "config_pre_aut.max_rms_spot_diameter_um"
CODE V> BUF PUT B1 I^row J2 ^config_pre_aut_max_rms_spot_diameter_um
CODE V> BUF PUT B1 I^row J1 "config_pre_aut.max_rms_wavefront_error_waves"
CODE V> BUF PUT B1 I^row J2 ^config_pre_aut_max_rms_wavefront_error_waves
CODE V> BUF PUT B1 I^row J1 "config_pre_aut.max_distortion_pct"
CODE V> BUF PUT B1 I^row J2 ^config_pre_aut_max_distortion_pct
CODE V> BUF PUT B1 I^row J1 "config_pre_aut.fno"
CODE V> BUF PUT B1 I^row J2 ^config_pre_aut_fno
CODE V> BUF PUT B1 I^row J1 "config_pre_aut.epd_mm"
CODE V> BUF PUT B1 I^row J2 ^config_pre_aut_epd
CODE V> BUF PUT B1 I^row J1 "config_pre_aut.maximh_mm"
CODE V> BUF PUT B1 I^row J2 ^config_pre_aut_maximh
CODE V> BUF PUT B1 I^row J1 "post_aut.efl_y_mm"
CODE V> BUF PUT B1 I^row J2 ^post_aut_efl_y_mm
CODE V> BUF PUT B1 I^row J1 "post_aut.max_lateral_color_um"
CODE V> BUF PUT B1 I^row J2 ^post_aut_max_lateral_color_um
CODE V> BUF PUT B1 I^row J1 "post_aut.max_rms_spot_diameter_um"
CODE V> BUF PUT B1 I^row J2 ^post_aut_max_rms_spot_diameter_um
CODE V> BUF PUT B1 I^row J1 "post_aut.max_rms_wavefront_error_waves"
CODE V> BUF PUT B1 I^row J2 ^post_aut_max_rms_wavefront_error_waves
CODE V> BUF PUT B1 I^row J1 "post_aut.max_distortion_pct"
CODE V> BUF PUT B1 I^row J2 ^post_aut_max_distortion_pct
CODE V> BUF PUT B1 I^row J1 "post_aut.fno"
CODE V> BUF PUT B1 I^row J2 ^post_aut_fno
CODE V> BUF PUT B1 I^row J1 "post_aut.epd_mm"
CODE V> BUF PUT B1 I^row J2 ^post_aut_epd
CODE V> BUF PUT B1 I^row J1 "post_aut.maximh_mm"
CODE V> BUF PUT B1 I^row J2 ^post_aut_maximh
CODE V> BUF PUT B1 I^row J1 "efl_target_deviation_pct"
CODE V> BUF PUT B1 I^row J2 ^efl_target_dev_pct
CODE V> BUF PUT B1 I^row J1 "aut_converged"
CODE V> BUF PUT B1 I^row J2 ^aut_converged
CODE V> BUF EXP B1 "D:\atelier-wt-c\.planning\loop\p15-stageb-evidence\fno-matrix-2026-07-11\US20210165194A1_tighten\rung0_native\ray_retry\atelier_codev_target_A_vig0200.tsv"
     Buffer B1 exported to file atelier_codev_target_A_vig0200.tsv
CODE V> BUF DEL B1
CODE V> OUT YES
CODE V> EXI YES
     EXI                                                                              11-Jul-26  14H 22M 28S
                                                 CODE V PC  Version: 11.5             CPU clock:  0H  0M  5S
