  
  
                                   Welcome to
  
                                   C O D E   V
  
                                PC  Version 11.5
                                   Build 27302701
  
                                   11-Jul-2026
  
                            A proprietary product of
  
                              SYNOPSYS, INC
                              Pasadena, California
  
CODE V> OUT NO
     Radius input/output mode
  
    Lens data created by Zemax version 200706
  
    Zemax command MODE ignored
    ZEMAX NOTE 0 table5
    Zemax command PFIL ignored
    Zemax command LANG ignored
     WARNING - Glass catalog list not used.
     WARNING - Ray aiming not used.
     WARNING - Pupil shift for ray aiming not used.
    Zemax command SDMA ignored
    Zemax command OMMA ignored
    Zemax command HYPR ignored
     WARNING - Vignetting angles not used.
    Zemax command POLS ignored
    Zemax command GLRS ignored
    Zemax command GSTD ignored
    Zemax command NSCD ignored
    Zemax command COFN ignored
    Zemax command COFN ignored
  
     Surface pointer = OBJ
    Zemax surface type  STANDARD
    CODE V surface type SPH
    Zemax command FIMP ignored.
     WARNING - Hiding of rays not used.
    Zemax command MIRR ignored.
    Zemax command SLAB ignored.
    Zemax command MEMA ignored.
    Zemax command POPS ignored.
  
     Surface pointer = 1
    Zemax surface type  STANDARD
    CODE V surface type SPH
    Zemax command FIMP ignored.
     WARNING - Hiding of rays not used.
    Zemax command MIRR ignored.
    Zemax command SLAB ignored.
    Zemax command MEMA ignored.
    Zemax command POPS ignored.
  
     Surface pointer = 2
    Zemax surface type  EVENASPH
    CODE V surface type ASP
    Zemax command FIMP ignored.
     WARNING - Hiding of rays not used.
    Zemax command MIRR ignored.
    Zemax command SLAB ignored.
     WARNING - Partial dispersion of model glass not used.
    Zemax command MEMA ignored.
    Zemax command POPS ignored.
  
     Surface pointer = 3
    Zemax surface type  EVENASPH
    CODE V surface type ASP
    Zemax command FIMP ignored.
     WARNING - Hiding of rays not used.
    Zemax command MIRR ignored.
    Zemax command SLAB ignored.
    Zemax command MEMA ignored.
    Zemax command POPS ignored.
  
     Surface pointer = 4
    Zemax surface type  EVENASPH
    CODE V surface type ASP
    Zemax command FIMP ignored.
     WARNING - Hiding of rays not used.
    Zemax command MIRR ignored.
    Zemax command SLAB ignored.
     WARNING - Partial dispersion of model glass not used.
    Zemax command MEMA ignored.
    Zemax command POPS ignored.
  
     Surface pointer = 5
    Zemax surface type  EVENASPH
    CODE V surface type ASP
    Zemax command FIMP ignored.
     WARNING - Hiding of rays not used.
    Zemax command MIRR ignored.
    Zemax command SLAB ignored.
    Zemax command MEMA ignored.
    Zemax command POPS ignored.
  
     Surface pointer = 6
    Zemax surface type  EVENASPH
    CODE V surface type ASP
    Zemax command FIMP ignored.
     WARNING - Hiding of rays not used.
    Zemax command MIRR ignored.
    Zemax command SLAB ignored.
     WARNING - Partial dispersion of model glass not used.
    Zemax command MEMA ignored.
    Zemax command POPS ignored.
  
     Surface pointer = 7
    Zemax surface type  EVENASPH
    CODE V surface type ASP
    Zemax command FIMP ignored.
     WARNING - Hiding of rays not used.
    Zemax command MIRR ignored.
    Zemax command SLAB ignored.
    Zemax command MEMA ignored.
    Zemax command POPS ignored.
  
     Surface pointer = 8
    Zemax surface type  EVENASPH
    CODE V surface type ASP
    Zemax command FIMP ignored.
     WARNING - Hiding of rays not used.
    Zemax command MIRR ignored.
    Zemax command SLAB ignored.
     WARNING - Partial dispersion of model glass not used.
    Zemax command MEMA ignored.
    Zemax command POPS ignored.
  
     Surface pointer = 9
    Zemax surface type  EVENASPH
    CODE V surface type ASP
    Zemax command FIMP ignored.
     WARNING - Hiding of rays not used.
    Zemax command MIRR ignored.
    Zemax command SLAB ignored.
    Zemax command MEMA ignored.
    Zemax command POPS ignored.
  
     Surface pointer = 10
    Zemax surface type  EVENASPH
    CODE V surface type ASP
    Zemax command FIMP ignored.
     WARNING - Hiding of rays not used.
    Zemax command MIRR ignored.
    Zemax command SLAB ignored.
     WARNING - Partial dispersion of model glass not used.
    Zemax command MEMA ignored.
    Zemax command POPS ignored.
  
     Surface pointer = 11
    Zemax surface type  EVENASPH
    CODE V surface type ASP
    Zemax command FIMP ignored.
     WARNING - Hiding of rays not used.
    Zemax command MIRR ignored.
    Zemax command SLAB ignored.
    Zemax command MEMA ignored.
    Zemax command POPS ignored.
  
     Surface pointer = 12
    Zemax surface type  EVENASPH
    CODE V surface type ASP
    Zemax command FIMP ignored.
     WARNING - Hiding of rays not used.
    Zemax command MIRR ignored.
    Zemax command SLAB ignored.
     WARNING - Partial dispersion of model glass not used.
    Zemax command MEMA ignored.
    Zemax command POPS ignored.
  
     Surface pointer = 13
    Zemax surface type  EVENASPH
    CODE V surface type ASP
    Zemax command FIMP ignored.
     WARNING - Hiding of rays not used.
    Zemax command MIRR ignored.
    Zemax command SLAB ignored.
    Zemax command MEMA ignored.
    Zemax command POPS ignored.
  
     Surface pointer = 14
    Zemax surface type  STANDARD
    CODE V surface type SPH
    Zemax command FIMP ignored.
     WARNING - Hiding of rays not used.
    Zemax command MIRR ignored.
    Zemax command SLAB ignored.
     WARNING - Partial dispersion of model glass not used.
    Zemax command MEMA ignored.
    Zemax command POPS ignored.
  
     Surface pointer = 15
    Zemax surface type  STANDARD
    CODE V surface type SPH
    Zemax command FIMP ignored.
     WARNING - Hiding of rays not used.
    Zemax command MIRR ignored.
    Zemax command SLAB ignored.
    Zemax command MEMA ignored.
    Zemax command POPS ignored.
  
     Surface pointer = IMG
    Zemax surface type  STANDARD
    CODE V surface type SPH
    Zemax command FIMP ignored.
     WARNING - Hiding of rays not used.
    Zemax command MIRR ignored.
    Zemax command SLAB ignored.
    Zemax command MEMA ignored.
    Zemax command POPS ignored.
  
     WARNING - Please check the converted lens carefully.
               Some information will not be converted.
               Changes in either CODE V or ZEMAX may invalidate
               the converted information.
               Due to differences between CODE V and ZEMAX ray
               aiming and vignetting factors, it is recommended
               that you set vignetting for the converted system.
  
               A concise listing of conversion warnings appears
               in the Tabbed Output Window 'Info' tab and in the
               Command Window.
  
CODE V> DEF VAR SA
     ERROR - Total reflection at surface   9 for zoom position  1
     ERROR - One or more of the reference rays from field  2 is deviated far from
             most of the other rays from this field point.  The reference rays are
             used to determine the numerical aperture and the grid spacing.  Thus, it
             is important that these rays are focused at approximately the same spot
             as the other rays from this field point.  Modifying the vignetting
             may solve this problem and allow the computation to proceed.
CODE V> FNO 2.34254284849329
CODE V> VUY 0 0.4 0.4
CODE V> VLY 0 0.4 0.4
CODE V> VUX 0 0.4 0.4
CODE V> VLX 0 0.4 0.4
 
 
CODE V> AUT
     AUT                                                                              11-Jul-26  14H 14M 29S
                                                 CODE V PC  Version: 11.5             CPU clock:  0H  0M  1S
     ***Defocussing frozen to eliminate redundant variable
AUT>   SUR N
AUT>   CHG SA
AUT>   WFR Y
AUT>   WTF FA 10
AUT>   EFL = 4.18514570787019
AUT>   @atelier_latcolor == @lcum(1)
AUT>   @atelier_latcolor = 0
AUT>   WTC 0.01
AUT>   @atelier_rmsspot == @rmssum(1)
AUT>   @atelier_rmsspot = 0
AUT>   WTC 0.001
AUT>   MNT 0.025
AUT>   MNE 0.025
AUT>   MXT 10
AUT>   MNA 0.001
AUT>   MXC 25
AUT>   MNC 3
AUT>   IMP 0.001
AUT> GO
 -------------------------------------------------------------------------------
  
       USER CONSTRAINT DEFINITIONS
            @atelier_rmsspot == @rmssum(1)
  
            @atelier_latcolor == @lcum(1)
  
  
  
       POTENTIALLY ACTIVE SPECIFIC CONSTRAINTS
         EFL                                  =       4.185146
         @ATELIER_LATCOLOR                    =       0.000000     (WTC =    0.01000)
         @ATELIER_RMSSPOT                     =       0.000000     (WTC =    0.00100)
  
       GENERAL CONSTRAINTS
         MXT      10.000000
         MNT       0.025000
         MNE       0.025000
         MNA       0.001000
         MAE       0.002500
         GLA               NFK5  NSK16  NLAF2  SF4
  
       ERROR FUNCTION CONSTRUCTION
         WFR        Y
         WTW       1          1          1
         WTA       0.000000
         DEL       0.220000
         WTX F1   10.000000
         WTX F2   10.000000
         WTX F3   10.000000
         WTY F1   10.000000
         WTY F2   10.000000
         WTY F3   10.000000
  
       CONVERGENCE CONTROLS
         MXC        25
         MNC         3
         TAR       0.000000
         IMP       0.001000
  
       OUTPUT CONTROLS
         SUR NO
         CHG S0..16
  
     Recommendations for most stable convergence:
  
       Use object space aperture specifications:
       - NAO for finite conjugate systems
       - EPD for infinite conjugate systems
  
       VARIABLE LIST
  
         NO      PARAMETERS *
          1      CUY S2       CUY S3       CUY S4       CUY S5
          2      CUY S3       CUY S4
          3      CUY S4       CUY S5
          4      CUY S5       CUY S6
          5      CUY S6       CUY S7       CUY S8       CUY S9
          6      CUY S7       CUY S8
          7      CUY S8       CUY S9
          8      CUY S9       CUY S10
          9      CUY S10       CUY S11
         10      CUY S11       CUY S12
         11      CUY S12       CUY S13
         12      CUY S13
         13      A   S2
         14      A   S3
         15      A   S4
         16      A   S5
         17      A   S6
         18      A   S7
         19      A   S8
         20      A   S9
         21      A   S10
         22      A   S11
         23      A   S12
         24      A   S13
         25      THI S1
         26      THI S3
         27      THI S5
         28      THI S7
         29      THI S9
         30      THI S11
         31      THI S13
         32      THI S15
  
     * Multiple entries on a line are composite variables.
     Composite variables are either program-generated bendings
     or user-requested couplings.
  
      32 VARIABLES
  
      32 CONSTRAINTS CAN BE ACTIVE
  
     RELATIVE TIME PER CYCLE IS  267.8 UNITS
     WARNING - The macro function SPOTDATA is not supported on multiple threads.
               CODE V will set the multiple processor setting (MPP) to 1 to prevent errors.
               Please refer to the CODE V Setup and Operation Reference Manual for a complete list
               of pre-defined macro functions that are currently limited to running on a single thread.
  
 CYCLE NUMBER 0:
  
  ABERR F. =        1.02824798
  CONST F. =     3072.67957394
  ERR. F.  =     3073.70782191
  
  OPD     1.64523924     0.37429216     0.24575432
  WAV     1.78157646     0.43235365     0.27480375
  
  
  
  Parameter                 Value            Change
  CUY S2                4.21940928E-01      0.00E+00
  CUY S3               -4.58652479E-02      0.00E+00
  CUY S4                3.64033491E-01      0.00E+00
  CUY S5                5.85480094E-01      0.00E+00
  CUY S6                1.22549020E-01      0.00E+00
  CUY S7                1.72860847E-01      0.00E+00
  CUY S8                3.26813406E-03      0.00E+00
  CUY S9               -4.32900433E-01      0.00E+00
  CUY S10              -1.09409190E+00      0.00E+00
  CUY S11              -7.97448166E-01      0.00E+00
  CUY S12               5.83090379E-01      0.00E+00
  CUY S13               6.98812020E-01      0.00E+00
  A   S2               -4.32610000E-04      0.00E+00
  A   S3               -3.79240000E-04      0.00E+00
  A   S4               -2.80280000E-02      0.00E+00
  A   S5               -3.37740000E-02      0.00E+00
  A   S6               -5.59350000E-02      0.00E+00
  A   S7               -6.64420000E-02      0.00E+00
  A   S8               -7.60050000E-02      0.00E+00
  A   S9               -3.05400000E-02      0.00E+00
  A   S10              -3.96490000E-02      0.00E+00
  A   S11               1.04980000E-01      0.00E+00
  A   S12              -1.11710000E-01      0.00E+00
  A   S13              -5.35770000E-02      0.00E+00
  THI S1               -2.17000000E-01      0.00E+00
  THI S3                5.00000000E-02      0.00E+00
  THI S5                3.38000000E-01      0.00E+00
  THI S7                1.97000000E-01      0.00E+00
  THI S9                3.86000000E-01      0.00E+00
  THI S11               1.92000000E-01      0.00E+00
  THI S13               8.00000000E-01      0.00E+00
  THI S15               4.00000000E-01      0.00E+00
  
        EFL          REDU         PIM          OAL         EN PUP       EX PUP
      4.186649     0.000000     0.386375     4.871000     0.000000    -3.197874
  
  Specific Constraints:        target        value         diff      active (**)
  EFL                    =   4.18515E+00   4.18665E+00   1.503E-03    **
  
  Weighted Constraints:        target        value        WTC/PTC     contrib
  @ATELIER_LATCOLOR      =   0.00000E+00   3.65694E-01   1.000E-02   1.337E+01
  @ATELIER_RMSSPOT       =   0.00000E+00   5.53110E+01   1.000E-03   3.059E+03
  
  Constraints added:      EFL (=)                     Mn CT S1 (>)
  
 CYCLE NUMBER 1:
  
  ABERR F. =        0.29870286
  CONST F. =      645.14336153
  ERR. F.  =      645.44206439       (change =    -2428.26575752)
  
  OPD     0.14601668     0.33443703     0.33376164
  WAV     0.15045146     0.37763464     0.35430355
  
  
  
  Parameter                 Value            Change
  CUY S2                4.42835780E-01      2.09E-02
  CUY S3               -2.64653942E-02      1.94E-02
  CUY S4                3.72832037E-01      8.80E-03
  CUY S5                6.05478545E-01      2.00E-02
  CUY S6                1.30276557E-01      7.73E-03
  CUY S7                1.79960057E-01      7.10E-03
  CUY S8                9.38253355E-03      6.11E-03
  CUY S9               -4.36635201E-01     -3.73E-03
  CUY S10              -1.09536679E+00     -1.27E-03
  CUY S11              -7.98214622E-01     -7.66E-04
  CUY S12               5.81737929E-01     -1.35E-03
  CUY S13               6.95119641E-01     -3.69E-03
  A   S2                7.33165160E-06      4.40E-04
  A   S3               -8.65013106E-04     -4.86E-04
  A   S4               -2.74939999E-02      5.34E-04
  A   S5               -3.43523868E-02     -5.78E-04
  A   S6               -5.52930220E-02      6.42E-04
  A   S7               -6.70892016E-02     -6.47E-04
  A   S8               -7.52732131E-02      7.32E-04
  A   S9               -3.09996817E-02     -4.60E-04
  A   S10              -3.93143581E-02      3.35E-04
  A   S11               1.04747705E-01     -2.32E-04
  A   S12              -1.11426976E-01      2.83E-04
  A   S13              -5.33924726E-02      1.85E-04
  THI S1                1.00000000E-03      2.18E-01
  THI S3                6.53899920E-02      1.54E-02
  THI S5                3.32223350E-01     -5.78E-03
  THI S7                1.93183445E-01     -3.82E-03
  THI S9                3.62931546E-01     -2.31E-02
  THI S11               2.01456842E-01      9.46E-03
  THI S13               8.15485124E-01      1.55E-02
  THI S15               4.15485124E-01      1.55E-02
  
        EFL          REDU         PIM          OAL         EN PUP       EX PUP
      4.185142     0.000000     0.369349     5.096670     0.000000    -3.392230
  
  Active Constraints -   2:    target        value         diff        cost
  EFL                    =   4.18515E+00   4.18514E+00  -3.590E-06   7.902E-06
  Mn CT S1                                                          -6.805E-06
  
  Weighted Constraints:        target        value        WTC/PTC     contrib
  @ATELIER_LATCOLOR      =   0.00000E+00   6.72937E-01   1.000E-02   4.528E+01
  @ATELIER_RMSSPOT       =   0.00000E+00   2.44920E+01   1.000E-03   5.999E+02
  
 CYCLE NUMBER 2:
  
  ABERR F. =        0.03770173
  CONST F. =       34.18559022
  ERR. F.  =       34.22329194       (change =     -611.21877245)
  
  OPD     0.01864420     0.05276275     0.02193463
  WAV     0.02142172     0.06261996     0.02314582
  
  
  
  Parameter                 Value            Change
  CUY S2                4.33068209E-01     -9.77E-03
  CUY S3               -3.49411176E-02     -8.48E-03
  CUY S4                3.68215970E-01     -4.62E-03
  CUY S5                6.02083828E-01     -3.39E-03
  CUY S6                1.31935494E-01      1.66E-03
  CUY S7                1.71764367E-01     -8.20E-03
  CUY S8                1.25773530E-03     -8.12E-03
  CUY S9               -4.36776927E-01     -1.42E-04
  CUY S10              -1.09399211E+00      1.37E-03
  CUY S11              -7.96715560E-01      1.50E-03
  CUY S12               5.77512418E-01     -4.23E-03
  CUY S13               6.80424358E-01     -1.47E-02
  A   S2                1.28505399E-03      1.28E-03
  A   S3               -2.73083134E-03     -1.87E-03
  A   S4               -2.70172451E-02      4.77E-04
  A   S5               -3.42399174E-02      1.12E-04
  A   S6               -5.59549349E-02     -6.62E-04
  A   S7               -6.54401494E-02      1.65E-03
  A   S8               -7.71859829E-02     -1.91E-03
  A   S9               -3.04674325E-02      5.32E-04
  A   S10              -3.93450702E-02     -3.07E-05
  A   S11               1.04640617E-01     -1.07E-04
  A   S12              -1.11180259E-01      2.47E-04
  A   S13              -5.28686738E-02      5.24E-04
  THI S1                1.00000000E-03     -1.04E-16
  THI S3                4.88903083E-02     -1.65E-02
  THI S5                3.29678783E-01     -2.54E-03
  THI S7                1.90223099E-01     -2.96E-03
  THI S9                3.74472722E-01      1.15E-02
  THI S11               2.27241066E-01      2.58E-02
  THI S13               7.97085392E-01     -1.84E-02
  THI S15               3.97085393E-01     -1.84E-02
  
        EFL          REDU         PIM          OAL         EN PUP       EX PUP
      4.184719     0.000000     0.398044     5.093591     0.000000    -3.409045
  
  Active Constraints -   2:    target        value         diff        cost
  EFL                    =   4.18515E+00   4.18472E+00  -4.264E-04   1.154E-07
  Mn CT S1                                                          -5.087E-09
  
  Weighted Constraints:        target        value        WTC/PTC     contrib
  @ATELIER_LATCOLOR      =   0.00000E+00   1.14940E-01   1.000E-02   1.321E+00
  @ATELIER_RMSSPOT       =   0.00000E+00   5.73275E+00   1.000E-03   3.286E+01
  
  Constraints released:   Mn CT S1 (>)
  Constraints released:   Mn CT S1 (>)
  
 CYCLE NUMBER 3:
  
  ABERR F. =        0.03779177
  CONST F. =       38.71164495
  ERR. F.  =       38.74943672       (change =        4.52614478)
  
  OPD     0.01928689     0.05271815     0.02189233
  WAV     0.02207254     0.06259226     0.02310532
  
  
  
  Parameter                 Value            Change
  CUY S2                4.33065572E-01     -2.64E-06
  CUY S3               -3.49437868E-02     -2.67E-06
  CUY S4                3.68211957E-01     -4.01E-06
  CUY S5                6.02080100E-01     -3.73E-06
  CUY S6                1.31933638E-01     -1.86E-06
  CUY S7                1.71775207E-01      1.08E-05
  CUY S8                1.26853994E-03      1.08E-05
  CUY S9               -4.36779071E-01     -2.14E-06
  CUY S10              -1.09399209E+00      2.19E-08
  CUY S11              -7.96715506E-01      5.40E-08
  CUY S12               5.77499688E-01     -1.27E-05
  CUY S13               6.80528888E-01      1.05E-04
  A   S2                1.28505880E-03      4.81E-09
  A   S3               -2.73083579E-03     -4.45E-09
  A   S4               -2.70172420E-02      3.13E-09
  A   S5               -3.42399206E-02     -3.20E-09
  A   S6               -5.59549309E-02      4.00E-09
  A   S7               -6.54401530E-02     -3.55E-09
  A   S8               -7.71859791E-02      3.79E-09
  A   S9               -3.04674360E-02     -3.50E-09
  A   S10              -3.93450679E-02      2.39E-09
  A   S11               1.04640615E-01     -1.91E-09
  A   S12              -1.11180256E-01      3.76E-09
  A   S13              -5.28686744E-02     -5.68E-10
  THI S1                1.00058406E-03      5.84E-07
  THI S3                4.88902835E-02     -2.48E-08
  THI S5                3.29691572E-01      1.28E-05
  THI S7                1.90227045E-01      3.95E-06
  THI S9                3.74472378E-01     -3.45E-07
  THI S11               2.27241442E-01      3.76E-07
  THI S13               7.97085439E-01      4.73E-08
  THI S15               3.97085440E-01      4.73E-08
  
        EFL          REDU         PIM          OAL         EN PUP       EX PUP
      4.185146     0.000000     0.398202     5.093609     0.000000    -3.408699
  
  Active Constraints -   1:    target        value         diff        cost
  EFL                    =   4.18515E+00   4.18515E+00  -2.317E-12   3.159E-01
  
  Weighted Constraints:        target        value        WTC/PTC     contrib
  @ATELIER_LATCOLOR      =   0.00000E+00   1.14896E-01   1.000E-02   1.320E+00
  @ATELIER_RMSSPOT       =   0.00000E+00   6.11486E+00   1.000E-03   3.739E+01
  
  Constraints added:      Mn CT S1 (>)
  
 CYCLE NUMBER 4:
  
  ABERR F. =        0.03953882
  CONST F. =       38.30335617
  ERR. F.  =       38.34289498       (change =       -0.40654174)
  
  OPD     0.02258750     0.05493699     0.02191532
  WAV     0.02591813     0.06452237     0.02316187
  
  
  
  Parameter                 Value            Change
  CUY S2                4.33092175E-01      2.66E-05
  CUY S3               -3.49092129E-02      3.46E-05
  CUY S4                3.68237909E-01      2.60E-05
  CUY S5                6.02119250E-01      3.92E-05
  CUY S6                1.31959986E-01      2.63E-05
  CUY S7                1.71761679E-01     -1.35E-05
  CUY S8                1.25973830E-03     -8.80E-06
  CUY S9               -4.36761320E-01      1.78E-05
  CUY S10              -1.09398105E+00      1.10E-05
  CUY S11              -7.96709888E-01      5.62E-06
  CUY S12               5.77451845E-01     -4.78E-05
  CUY S13               6.80449145E-01     -7.97E-05
  A   S2                1.27731250E-03     -7.75E-06
  A   S3               -2.71677671E-03      1.41E-05
  A   S4               -2.70309766E-02     -1.37E-05
  A   S5               -3.42319125E-02      8.01E-06
  A   S6               -5.59613569E-02     -6.43E-06
  A   S7               -6.54334301E-02      6.72E-06
  A   S8               -7.71976535E-02     -1.17E-05
  A   S9               -3.04628085E-02      4.63E-06
  A   S10              -3.93471420E-02     -2.07E-06
  A   S11               1.04642030E-01      1.41E-06
  A   S12              -1.11182276E-01     -2.02E-06
  A   S13              -5.28685079E-02      1.66E-07
  THI S1                1.00000000E-03     -5.84E-07
  THI S3                4.88999088E-02      9.63E-06
  THI S5                3.29631594E-01     -6.00E-05
  THI S7                1.90267360E-01      4.03E-05
  THI S9                3.74540676E-01      6.83E-05
  THI S11               2.27402635E-01      1.61E-04
  THI S13               7.97097210E-01      1.18E-05
  THI S15               3.97097211E-01      1.18E-05
  
        EFL          REDU         PIM          OAL         EN PUP       EX PUP
      4.185146     0.000000     0.398007     5.093839     0.000000    -3.408944
  
  Active Constraints -   2:    target        value         diff        cost
  EFL                    =   4.18515E+00   4.18515E+00   1.903E-12   9.410E-04
  Mn CT S1                                                          -1.131E-04
  
  Weighted Constraints:        target        value        WTC/PTC     contrib
  @ATELIER_LATCOLOR      =   0.00000E+00   1.12540E-01   1.000E-02   1.267E+00
  @ATELIER_RMSSPOT       =   0.00000E+00   6.08579E+00   1.000E-03   3.704E+01
  
 CYCLE NUMBER 5:
  
  ABERR F. =        0.04285507
  CONST F. =       37.07547332
  ERR. F.  =       37.11832840       (change =       -1.22456658)
  
  OPD     0.01757324     0.06247406     0.02448736
  WAV     0.02014059     0.07172025     0.02566028
  
  
  
  Parameter                 Value            Change
  CUY S2                4.33158582E-01      6.64E-05
  CUY S3               -3.48760188E-02      3.32E-05
  CUY S4                3.68376181E-01      1.38E-04
  CUY S5                6.02336454E-01      2.17E-04
  CUY S6                1.32059306E-01      9.93E-05
  CUY S7                1.71380314E-01     -3.81E-04
  CUY S8                9.14704865E-04     -3.45E-04
  CUY S9               -4.36646940E-01      1.14E-04
  CUY S10              -1.09395282E+00      2.82E-05
  CUY S11              -7.96703773E-01      6.12E-06
  CUY S12               5.77554460E-01      1.03E-04
  CUY S13               6.80751751E-01      3.03E-04
  A   S2                1.28258791E-03      5.28E-06
  A   S3               -2.72021883E-03     -3.44E-06
  A   S4               -2.70270743E-02      3.90E-06
  A   S5               -3.42401754E-02     -8.26E-06
  A   S6               -5.59304003E-02      3.10E-05
  A   S7               -6.53818267E-02      5.16E-05
  A   S8               -7.71839510E-02      1.37E-05
  A   S9               -3.04635899E-02     -7.81E-07
  A   S10              -3.93500163E-02     -2.87E-06
  A   S11               1.04644339E-01      2.31E-06
  A   S12              -1.11190571E-01     -8.30E-06
  A   S13              -5.28688310E-02     -3.23E-07
  THI S1                1.00000000E-03      0.00E+00
  THI S3                4.89325128E-02      3.26E-05
  THI S5                3.29756944E-01      1.25E-04
  THI S7                1.90395287E-01      1.28E-04
  THI S9                3.74839589E-01      2.99E-04
  THI S11               2.27828929E-01      4.26E-04
  THI S13               7.97251735E-01      1.55E-04
  THI S15               3.97251736E-01      1.55E-04
  
        EFL          REDU         PIM          OAL         EN PUP       EX PUP
      4.185146     0.000000     0.396654     5.095005     0.000000    -3.409017
  
  Active Constraints -   2:    target        value         diff        cost
  EFL                    =   4.18515E+00   4.18515E+00  -2.150E-10  -4.156E-04
  Mn CT S1                                                          -9.611E-05
  
  Weighted Constraints:        target        value        WTC/PTC     contrib
  @ATELIER_LATCOLOR      =   0.00000E+00   1.05088E-01   1.000E-02   1.104E+00
  @ATELIER_RMSSPOT       =   0.00000E+00   5.99759E+00   1.000E-03   3.597E+01
  
  Constraints released:   Mn CT S1 (>)
  Constraints released:   Mn CT S1 (>)
  
 CYCLE NUMBER 6:
  
  ABERR F. =        0.04307977
  CONST F. =       36.91581807
  ERR. F.  =       36.95889784       (change =       -0.15943055)
  
  OPD     0.02620365     0.05949655     0.02555720
  WAV     0.02794512     0.06900189     0.02670899
  
  
  
  Parameter                 Value            Change
  CUY S2                4.33128709E-01     -2.99E-05
  CUY S3               -3.49403661E-02     -6.43E-05
  CUY S4                3.68249479E-01     -1.27E-04
  CUY S5                6.02295266E-01     -4.12E-05
  CUY S6                1.32102220E-01      4.29E-05
  CUY S7                1.71415146E-01      3.48E-05
  CUY S8                9.43929691E-04      2.92E-05
  CUY S9               -4.36667444E-01     -2.05E-05
  CUY S10              -1.09395936E+00     -6.54E-06
  CUY S11              -7.96703573E-01      2.00E-07
  CUY S12               5.77539486E-01     -1.50E-05
  CUY S13               6.80619078E-01     -1.33E-04
  A   S2                1.29916547E-03      1.66E-05
  A   S3               -2.73258413E-03     -1.24E-05
  A   S4               -2.70167001E-02      1.04E-05
  A   S5               -3.42524287E-02     -1.23E-05
  A   S6               -5.59704595E-02     -4.01E-05
  A   S7               -6.53948483E-02     -1.30E-05
  A   S8               -7.71641178E-02      1.98E-05
  A   S9               -3.04772544E-02     -1.37E-05
  A   S10              -3.93467908E-02      3.23E-06
  A   S11               1.04643939E-01     -4.01E-07
  A   S12              -1.11186459E-01      4.11E-06
  A   S13              -5.28692543E-02     -4.23E-07
  THI S1                1.66096633E-03      6.61E-04
  THI S3                4.89689701E-02      3.65E-05
  THI S5                3.29736382E-01     -2.06E-05
  THI S7                1.90323310E-01     -7.20E-05
  THI S9                3.74756152E-01     -8.34E-05
  THI S11               2.27708692E-01     -1.20E-04
  THI S13               7.97442687E-01      1.91E-04
  THI S15               3.97442688E-01      1.91E-04
  
        EFL          REDU         PIM          OAL         EN PUP       EX PUP
      4.185146     0.000000     0.396896     5.095597     0.000000    -3.409967
  
  Active Constraints -   1:    target        value         diff        cost
  EFL                    =   4.18515E+00   4.18515E+00   7.794E-11   4.220E-04
  
  Weighted Constraints:        target        value        WTC/PTC     contrib
  @ATELIER_LATCOLOR      =   0.00000E+00   1.04070E-01   1.000E-02   1.083E+00
  @ATELIER_RMSSPOT       =   0.00000E+00   5.98605E+00   1.000E-03   3.583E+01
  
  Constraints added:      Mn CT S1 (>)
  
 CYCLE NUMBER 7:
  
  ABERR F. =        0.04466554
  CONST F. =       36.57850331
  ERR. F.  =       36.62316885       (change =       -0.33572899)
  
  OPD     0.02548527     0.06306998     0.02561761
  WAV     0.02725485     0.07230410     0.02675391
  
  
  
  Parameter                 Value            Change
  CUY S2                4.33148846E-01      2.01E-05
  CUY S3               -3.49162811E-02      2.41E-05
  CUY S4                3.68307810E-01      5.83E-05
  CUY S5                6.02363588E-01      6.83E-05
  CUY S6                1.32127658E-01      2.54E-05
  CUY S7                1.71315567E-01     -9.96E-05
  CUY S8                8.51145411E-04     -9.28E-05
  CUY S9               -4.36640143E-01      2.73E-05
  CUY S10              -1.09394872E+00      1.06E-05
  CUY S11              -7.96700625E-01      2.95E-06
  CUY S12               5.77532348E-01     -7.14E-06
  CUY S13               6.80632624E-01      1.35E-05
  A   S2                1.29287172E-03     -6.29E-06
  A   S3               -2.73265103E-03     -6.69E-08
  A   S4               -2.70107804E-02      5.92E-06
  A   S5               -3.42419761E-02      1.05E-05
  A   S6               -5.59736386E-02     -3.18E-06
  A   S7               -6.53891222E-02      5.73E-06
  A   S8               -7.71731081E-02     -8.99E-06
  A   S9               -3.04733451E-02      3.91E-06
  A   S10              -3.93479870E-02     -1.20E-06
  A   S11               1.04644747E-01      8.08E-07
  A   S12              -1.11188375E-01     -1.92E-06
  A   S13              -5.28691344E-02      1.20E-07
  THI S1                1.00000000E-03     -6.61E-04
  THI S3                4.89759312E-02      6.96E-06
  THI S5                3.29787908E-01      5.15E-05
  THI S7                1.90348392E-01      2.51E-05
  THI S9                3.74813818E-01      5.77E-05
  THI S11               2.27798909E-01      9.02E-05
  THI S13               7.97456799E-01      1.41E-05
  THI S15               3.97456800E-01      1.41E-05
  
        EFL          REDU         PIM          OAL         EN PUP       EX PUP
      4.185146     0.000000     0.396617     5.095182     0.000000    -3.409506
  
  Active Constraints -   2:    target        value         diff        cost
  EFL                    =   4.18515E+00   4.18515E+00  -1.618E-12   6.329E-04
  Mn CT S1                                                           4.749E-04
  
  Weighted Constraints:        target        value        WTC/PTC     contrib
  @ATELIER_LATCOLOR      =   0.00000E+00   1.02537E-01   1.000E-02   1.051E+00
  @ATELIER_RMSSPOT       =   0.00000E+00   5.96046E+00   1.000E-03   3.553E+01
  
 CYCLE NUMBER 8:
  
  ABERR F. =        0.05660473
  CONST F. =       36.48923364
  ERR. F.  =       36.54583837       (change =       -0.07733048)
  
  OPD     0.06781806     0.05728447     0.02840775
  WAV     0.07138886     0.06753647     0.02965177
  
  
  
  Parameter                 Value            Change
  CUY S2                4.33126464E-01     -2.24E-05
  CUY S3               -3.50060377E-02     -8.98E-05
  CUY S4                3.68140914E-01     -1.67E-04
  CUY S5                6.02361763E-01     -1.82E-06
  CUY S6                1.32215312E-01      8.77E-05
  CUY S7                1.71383436E-01      6.79E-05
  CUY S8                9.13019803E-04      6.19E-05
  CUY S9               -4.36663520E-01     -2.34E-05
  CUY S10              -1.09395089E+00     -2.17E-06
  CUY S11              -7.96691759E-01      8.87E-06
  CUY S12               5.77657549E-01      1.25E-04
  CUY S13               6.80691219E-01      5.86E-05
  A   S2                1.33413836E-03      4.13E-05
  A   S3               -2.80015669E-03     -6.75E-05
  A   S4               -2.69542942E-02      5.65E-05
  A   S5               -3.42496580E-02     -7.68E-06
  A   S6               -5.59598394E-02      1.38E-05
  A   S7               -6.53443526E-02      4.48E-05
  A   S8               -7.71314847E-02      4.16E-05
  A   S9               -3.04766397E-02     -3.29E-06
  A   S10              -3.93505733E-02     -2.59E-06
  A   S11               1.04646485E-01      1.74E-06
  A   S12              -1.11200367E-01     -1.20E-05
  A   S13              -5.28692703E-02     -1.36E-07
  THI S1                1.00000000E-03      2.17E-19
  THI S3                4.90373825E-02      6.15E-05
  THI S5                3.29745931E-01     -4.20E-05
  THI S7                1.90669973E-01      3.22E-04
  THI S9                3.74748843E-01     -6.50E-05
  THI S11               2.27607726E-01     -1.91E-04
  THI S13               7.97765617E-01      3.09E-04
  THI S15               3.97765618E-01      3.09E-04
  
        EFL          REDU         PIM          OAL         EN PUP       EX PUP
      4.185146     0.000000     0.396601     5.095575     0.000000    -3.410231
  
  Active Constraints -   2:    target        value         diff        cost
  EFL                    =   4.18515E+00   4.18515E+00   8.958E-11   4.670E-04
  Mn CT S1                                                          -9.072E-05
  
  Weighted Constraints:        target        value        WTC/PTC     contrib
  @ATELIER_LATCOLOR      =   0.00000E+00   9.52440E-02   1.000E-02   9.071E-01
  @ATELIER_RMSSPOT       =   0.00000E+00   5.96507E+00   1.000E-03   3.558E+01
  
 CYCLE NUMBER 9:
  
  ABERR F. =        0.04921541
  CONST F. =       35.34529744
  ERR. F.  =       35.39451285       (change =       -1.15132552)
  
  OPD     0.04317991     0.06293732     0.02558045
  WAV     0.04543601     0.07262820     0.02671481
  
  
  
  Parameter                 Value            Change
  CUY S2                4.33076416E-01     -5.00E-05
  CUY S3               -3.50368297E-02     -3.08E-05
  CUY S4                3.68379522E-01      2.39E-04
  CUY S5                6.02572521E-01      2.11E-04
  CUY S6                1.32223505E-01      8.19E-06
  CUY S7                1.71298717E-01     -8.47E-05
  CUY S8                8.38472106E-04     -7.45E-05
  CUY S9               -4.36626291E-01      3.72E-05
  CUY S10              -1.09393118E+00      1.97E-05
  CUY S11              -7.96674858E-01      1.69E-05
  CUY S12               5.77659176E-01      1.63E-06
  CUY S13               6.80729741E-01      3.85E-05
  A   S2                1.32707034E-03     -7.07E-06
  A   S3               -2.79118128E-03      8.98E-06
  A   S4               -2.69629306E-02     -8.64E-06
  A   S5               -3.42417394E-02      7.92E-06
  A   S6               -5.59684288E-02     -8.59E-06
  A   S7               -6.53319989E-02      1.24E-05
  A   S8               -7.71438057E-02     -1.23E-05
  A   S9               -3.04695138E-02      7.13E-06
  A   S10              -3.93555704E-02     -5.00E-06
  A   S11               1.04649898E-01      3.41E-06
  A   S12              -1.11205123E-01     -4.76E-06
  A   S13              -5.28676875E-02      1.58E-06
  THI S1                1.00000000E-03     -2.17E-19
  THI S3                4.90472562E-02      9.87E-06
  THI S5                3.29819561E-01      7.36E-05
  THI S7                1.90734863E-01      6.49E-05
  THI S9                3.74608790E-01     -1.40E-04
  THI S11               2.27256060E-01     -3.52E-04
  THI S13               7.97633545E-01     -1.32E-04
  THI S15               3.97633545E-01     -1.32E-04
  
        EFL          REDU         PIM          OAL         EN PUP       EX PUP
      4.185146     0.000000     0.396844     5.095100     0.000000    -3.409743
  
  Active Constraints -   2:    target        value         diff        cost
  EFL                    =   4.18515E+00   4.18515E+00   2.921E-11  -8.816E-04
  Mn CT S1                                                          -1.310E-04
  
  Weighted Constraints:        target        value        WTC/PTC     contrib
  @ATELIER_LATCOLOR      =   0.00000E+00   9.21132E-02   1.000E-02   8.485E-01
  @ATELIER_RMSSPOT       =   0.00000E+00   5.87340E+00   1.000E-03   3.450E+01
  
  Constraints released:   Mn CT S1 (>)
  Constraints released:   Mn CT S1 (>)
  
 CYCLE NUMBER 10:
  
  ABERR F. =        0.05490611
  CONST F. =       35.24658537
  ERR. F.  =       35.30149148       (change =       -0.09302137)
  
  OPD     0.05927231     0.06257544     0.02735229
  WAV     0.06227785     0.07225480     0.02849139
  
  
  
  Parameter                 Value            Change
  CUY S2                4.33092740E-01      1.63E-05
  CUY S3               -3.50248436E-02      1.20E-05
  CUY S4                3.68350491E-01     -2.90E-05
  CUY S5                6.02561382E-01     -1.11E-05
  CUY S6                1.32233713E-01      1.02E-05
  CUY S7                1.71314790E-01      1.61E-05
  CUY S8                8.52483888E-04      1.40E-05
  CUY S9               -4.36633741E-01     -7.45E-06
  CUY S10              -1.09392960E+00      1.58E-06
  CUY S11              -7.96668584E-01      6.27E-06
  CUY S12               5.77618061E-01     -4.11E-05
  CUY S13               6.80627207E-01     -1.03E-04
  A   S2                1.32850861E-03      1.44E-06
  A   S3               -2.79296559E-03     -1.78E-06
  A   S4               -2.69612358E-02      1.69E-06
  A   S5               -3.42433065E-02     -1.57E-06
  A   S6               -5.59666994E-02      1.73E-06
  A   S7               -6.53345270E-02     -2.53E-06
  A   S8               -7.71413807E-02      2.43E-06
  A   S9               -3.04709135E-02     -1.40E-06
  A   S10              -3.93543647E-02      1.21E-06
  A   S11               1.04649042E-01     -8.56E-07
  A   S12              -1.11204151E-01      9.72E-07
  A   S13              -5.28676740E-02      1.35E-08
  THI S1                1.09804488E-03      9.80E-05
  THI S3                4.91065095E-02      5.93E-05
  THI S5                3.29804892E-01     -1.47E-05
  THI S7                1.90721390E-01     -1.35E-05
  THI S9                3.74641745E-01      3.30E-05
  THI S11               2.28014883E-01      7.59E-04
  THI S13               7.97681372E-01      4.78E-05
  THI S15               3.97681372E-01      4.78E-05
  
        EFL          REDU         PIM          OAL         EN PUP       EX PUP
      4.185146     0.000000     0.396279     5.096069     0.000000    -3.410648
  
  Active Constraints -   1:    target        value         diff        cost
  EFL                    =   4.18515E+00   4.18515E+00   4.720E-12   4.670E-04
  
  Weighted Constraints:        target        value        WTC/PTC     contrib
  @ATELIER_LATCOLOR      =   0.00000E+00   9.06036E-02   1.000E-02   8.209E-01
  @ATELIER_RMSSPOT       =   0.00000E+00   5.86734E+00   1.000E-03   3.443E+01
  
  Constraints added:      Mn CT S1 (>)
  
 CYCLE NUMBER 11:
  
  ABERR F. =        0.05488742
  CONST F. =       35.21296918
  ERR. F.  =       35.26785660       (change =       -0.03363488)
  
  OPD     0.05915040     0.06265850     0.02733888
  WAV     0.06214675     0.07232135     0.02847642
  
  
  
  Parameter                 Value            Change
  CUY S2                4.33093013E-01      2.72E-07
  CUY S3               -3.50244961E-02      3.47E-07
  CUY S4                3.68351359E-01      8.69E-07
  CUY S5                6.02562435E-01      1.05E-06
  CUY S6                1.32234396E-01      6.82E-07
  CUY S7                1.71318565E-01      3.77E-06
  CUY S8                8.56520670E-04      4.04E-06
  CUY S9               -4.36632727E-01      1.01E-06
  CUY S10              -1.09392922E+00      3.71E-07
  CUY S11              -7.96668509E-01      7.54E-08
  CUY S12               5.77618464E-01      4.02E-07
  CUY S13               6.80628063E-01      8.56E-07
  A   S2                1.32833236E-03     -1.76E-07
  A   S3               -2.79275931E-03      2.06E-07
  A   S4               -2.69612059E-02      2.99E-08
  A   S5               -3.42430025E-02      3.04E-07
  A   S6               -5.59669497E-02     -2.50E-07
  A   S7               -6.53343532E-02      1.74E-07
  A   S8               -7.71416275E-02     -2.47E-07
  A   S9               -3.04707443E-02      1.69E-07
  A   S10              -3.93543948E-02     -3.02E-08
  A   S11               1.04649060E-01      1.79E-08
  A   S12              -1.11204213E-01     -6.21E-08
  A   S13              -5.28676696E-02      4.43E-09
  THI S1                1.00000000E-03     -9.80E-05
  THI S3                4.91066860E-02      1.76E-07
  THI S5                3.29807602E-01      2.71E-06
  THI S7                1.90722335E-01      9.45E-07
  THI S9                3.74642639E-01      8.94E-07
  THI S11               2.28014494E-01     -3.90E-07
  THI S13               7.97681773E-01      4.01E-07
  THI S15               3.97681774E-01      4.01E-07
  
        EFL          REDU         PIM          OAL         EN PUP       EX PUP
      4.185146     0.000000     0.396275     5.095976     0.000000    -3.410570
  
  Active Constraints -   2:    target        value         diff        cost
  EFL                    =   4.18515E+00   4.18515E+00   2.842E-14   1.532E-03
  Mn CT S1                                                           3.271E-03
  
  Weighted Constraints:        target        value        WTC/PTC     contrib
  @ATELIER_LATCOLOR      =   0.00000E+00   9.06283E-02   1.000E-02   8.213E-01
  @ATELIER_RMSSPOT       =   0.00000E+00   5.86444E+00   1.000E-03   3.439E+01
  
     Normal AUTO Completion - System improvement less than IMP
AUT> GO
 
 
CODE V> BUF PUT B1 I^row J1 "schema"
      Created new worksheet B1.
CODE V> BUF PUT B1 I^row J2 "atelier-codev-target-v1"
CODE V> BUF PUT B1 I^row J1 "status"
CODE V> BUF PUT B1 I^row J2 "ok"
CODE V> BUF PUT B1 I^row J1 "mode"
CODE V> BUF PUT B1 I^row J2 "target"
CODE V> BUF PUT B1 I^row J1 "stage"
CODE V> BUF PUT B1 I^row J2 "A"
CODE V> BUF PUT B1 I^row J1 "source_zmx"
CODE V> BUF PUT B1 I^row J2 "US20140111876A1.zmx"
CODE V> BUF PUT B1 I^row J1 "num_fields"
CODE V> BUF PUT B1 I^row J2 ^numf_out
CODE V> BUF PUT B1 I^row J1 "vignetting_edge"
CODE V> BUF PUT B1 I^row J2 0.4
CODE V> BUF PUT B1 I^row J1 "target.efl_mm"
CODE V> BUF PUT B1 I^row J2 ^target_efl
CODE V> BUF PUT B1 I^row J1 "target.f_number"
CODE V> BUF PUT B1 I^row J2 2.34254284849329
CODE V> BUF PUT B1 I^row J1 "seed_baseline.efl_y_mm"
CODE V> BUF PUT B1 I^row J2 ^seed_baseline_efl_y_mm
CODE V> BUF PUT B1 I^row J1 "seed_baseline.max_lateral_color_um"
CODE V> BUF PUT B1 I^row J2 ^seed_baseline_max_lateral_color_um
CODE V> BUF PUT B1 I^row J1 "seed_baseline.max_rms_spot_diameter_um"
CODE V> BUF PUT B1 I^row J2 ^seed_baseline_max_rms_spot_diameter_um
CODE V> BUF PUT B1 I^row J1 "seed_baseline.max_rms_wavefront_error_waves"
CODE V> BUF PUT B1 I^row J2 ^seed_baseline_max_rms_wavefront_error_waves
CODE V> BUF PUT B1 I^row J1 "seed_baseline.max_distortion_pct"
CODE V> BUF PUT B1 I^row J2 ^seed_baseline_max_distortion_pct
CODE V> BUF PUT B1 I^row J1 "seed_baseline.fno"
CODE V> BUF PUT B1 I^row J2 ^seed_baseline_fno
CODE V> BUF PUT B1 I^row J1 "seed_baseline.epd_mm"
CODE V> BUF PUT B1 I^row J2 ^seed_baseline_epd
CODE V> BUF PUT B1 I^row J1 "seed_baseline.maximh_mm"
CODE V> BUF PUT B1 I^row J2 ^seed_baseline_maximh
CODE V> BUF PUT B1 I^row J1 "config_pre_aut.efl_y_mm"
CODE V> BUF PUT B1 I^row J2 ^config_pre_aut_efl_y_mm
CODE V> BUF PUT B1 I^row J1 "config_pre_aut.max_lateral_color_um"
CODE V> BUF PUT B1 I^row J2 ^config_pre_aut_max_lateral_color_um
CODE V> BUF PUT B1 I^row J1 "config_pre_aut.max_rms_spot_diameter_um"
CODE V> BUF PUT B1 I^row J2 ^config_pre_aut_max_rms_spot_diameter_um
CODE V> BUF PUT B1 I^row J1 "config_pre_aut.max_rms_wavefront_error_waves"
CODE V> BUF PUT B1 I^row J2 ^config_pre_aut_max_rms_wavefront_error_waves
CODE V> BUF PUT B1 I^row J1 "config_pre_aut.max_distortion_pct"
CODE V> BUF PUT B1 I^row J2 ^config_pre_aut_max_distortion_pct
CODE V> BUF PUT B1 I^row J1 "config_pre_aut.fno"
CODE V> BUF PUT B1 I^row J2 ^config_pre_aut_fno
CODE V> BUF PUT B1 I^row J1 "config_pre_aut.epd_mm"
CODE V> BUF PUT B1 I^row J2 ^config_pre_aut_epd
CODE V> BUF PUT B1 I^row J1 "config_pre_aut.maximh_mm"
CODE V> BUF PUT B1 I^row J2 ^config_pre_aut_maximh
CODE V> BUF PUT B1 I^row J1 "post_aut.efl_y_mm"
CODE V> BUF PUT B1 I^row J2 ^post_aut_efl_y_mm
CODE V> BUF PUT B1 I^row J1 "post_aut.max_lateral_color_um"
CODE V> BUF PUT B1 I^row J2 ^post_aut_max_lateral_color_um
CODE V> BUF PUT B1 I^row J1 "post_aut.max_rms_spot_diameter_um"
CODE V> BUF PUT B1 I^row J2 ^post_aut_max_rms_spot_diameter_um
CODE V> BUF PUT B1 I^row J1 "post_aut.max_rms_wavefront_error_waves"
CODE V> BUF PUT B1 I^row J2 ^post_aut_max_rms_wavefront_error_waves
CODE V> BUF PUT B1 I^row J1 "post_aut.max_distortion_pct"
CODE V> BUF PUT B1 I^row J2 ^post_aut_max_distortion_pct
CODE V> BUF PUT B1 I^row J1 "post_aut.fno"
CODE V> BUF PUT B1 I^row J2 ^post_aut_fno
CODE V> BUF PUT B1 I^row J1 "post_aut.epd_mm"
CODE V> BUF PUT B1 I^row J2 ^post_aut_epd
CODE V> BUF PUT B1 I^row J1 "post_aut.maximh_mm"
CODE V> BUF PUT B1 I^row J2 ^post_aut_maximh
CODE V> BUF PUT B1 I^row J1 "efl_target_deviation_pct"
CODE V> BUF PUT B1 I^row J2 ^efl_target_dev_pct
CODE V> BUF PUT B1 I^row J1 "aut_converged"
CODE V> BUF PUT B1 I^row J2 ^aut_converged
CODE V> BUF EXP B1 "D:\atelier-wt-c\.planning\loop\p15-stageb-evidence\fno-matrix-2026-07-11\US20140111876A1_loosen\rung1_fno0234\ray_retry\atelier_codev_target_A_vig0400.tsv"
     Buffer B1 exported to file atelier_codev_target_A_vig0400.tsv
CODE V> BUF DEL B1
CODE V> OUT YES
CODE V> EXI YES
     EXI                                                                              11-Jul-26  14H 14M 35S
                                                 CODE V PC  Version: 11.5             CPU clock:  0H  0M  7S
