  
  
                                   Welcome to
  
                                   C O D E   V
  
                                PC  Version 11.5
                                   Build 27302701
  
                                   11-Jul-2026
  
                            A proprietary product of
  
                              SYNOPSYS, INC
                              Pasadena, California
  
CODE V> OUT NO
     Radius input/output mode
  
    Lens data created by Zemax version 200706
  
    Zemax command MODE ignored
    ZEMAX NOTE 0 table5
    Zemax command PFIL ignored
    Zemax command LANG ignored
     WARNING - Glass catalog list not used.
     WARNING - Ray aiming not used.
     WARNING - Pupil shift for ray aiming not used.
    Zemax command SDMA ignored
    Zemax command OMMA ignored
    Zemax command HYPR ignored
     WARNING - Vignetting angles not used.
    Zemax command POLS ignored
    Zemax command GLRS ignored
    Zemax command GSTD ignored
    Zemax command NSCD ignored
    Zemax command COFN ignored
    Zemax command COFN ignored
  
     Surface pointer = OBJ
    Zemax surface type  STANDARD
    CODE V surface type SPH
    Zemax command FIMP ignored.
     WARNING - Hiding of rays not used.
    Zemax command MIRR ignored.
    Zemax command SLAB ignored.
    Zemax command MEMA ignored.
    Zemax command POPS ignored.
  
     Surface pointer = 1
    Zemax surface type  STANDARD
    CODE V surface type SPH
    Zemax command FIMP ignored.
     WARNING - Hiding of rays not used.
    Zemax command MIRR ignored.
    Zemax command SLAB ignored.
    Zemax command MEMA ignored.
    Zemax command POPS ignored.
  
     Surface pointer = 2
    Zemax surface type  EVENASPH
    CODE V surface type ASP
    Zemax command FIMP ignored.
     WARNING - Hiding of rays not used.
    Zemax command MIRR ignored.
    Zemax command SLAB ignored.
     WARNING - Partial dispersion of model glass not used.
    Zemax command MEMA ignored.
    Zemax command POPS ignored.
  
     Surface pointer = 3
    Zemax surface type  EVENASPH
    CODE V surface type ASP
    Zemax command FIMP ignored.
     WARNING - Hiding of rays not used.
    Zemax command MIRR ignored.
    Zemax command SLAB ignored.
    Zemax command MEMA ignored.
    Zemax command POPS ignored.
  
     Surface pointer = 4
    Zemax surface type  EVENASPH
    CODE V surface type ASP
    Zemax command FIMP ignored.
     WARNING - Hiding of rays not used.
    Zemax command MIRR ignored.
    Zemax command SLAB ignored.
     WARNING - Partial dispersion of model glass not used.
    Zemax command MEMA ignored.
    Zemax command POPS ignored.
  
     Surface pointer = 5
    Zemax surface type  EVENASPH
    CODE V surface type ASP
    Zemax command FIMP ignored.
     WARNING - Hiding of rays not used.
    Zemax command MIRR ignored.
    Zemax command SLAB ignored.
    Zemax command MEMA ignored.
    Zemax command POPS ignored.
  
     Surface pointer = 6
    Zemax surface type  EVENASPH
    CODE V surface type ASP
    Zemax command FIMP ignored.
     WARNING - Hiding of rays not used.
    Zemax command MIRR ignored.
    Zemax command SLAB ignored.
     WARNING - Partial dispersion of model glass not used.
    Zemax command MEMA ignored.
    Zemax command POPS ignored.
  
     Surface pointer = 7
    Zemax surface type  EVENASPH
    CODE V surface type ASP
    Zemax command FIMP ignored.
     WARNING - Hiding of rays not used.
    Zemax command MIRR ignored.
    Zemax command SLAB ignored.
    Zemax command MEMA ignored.
    Zemax command POPS ignored.
  
     Surface pointer = 8
    Zemax surface type  EVENASPH
    CODE V surface type ASP
    Zemax command FIMP ignored.
     WARNING - Hiding of rays not used.
    Zemax command MIRR ignored.
    Zemax command SLAB ignored.
     WARNING - Partial dispersion of model glass not used.
    Zemax command MEMA ignored.
    Zemax command POPS ignored.
  
     Surface pointer = 9
    Zemax surface type  EVENASPH
    CODE V surface type ASP
    Zemax command FIMP ignored.
     WARNING - Hiding of rays not used.
    Zemax command MIRR ignored.
    Zemax command SLAB ignored.
    Zemax command MEMA ignored.
    Zemax command POPS ignored.
  
     Surface pointer = 10
    Zemax surface type  EVENASPH
    CODE V surface type ASP
    Zemax command FIMP ignored.
     WARNING - Hiding of rays not used.
    Zemax command MIRR ignored.
    Zemax command SLAB ignored.
     WARNING - Partial dispersion of model glass not used.
    Zemax command MEMA ignored.
    Zemax command POPS ignored.
  
     Surface pointer = 11
    Zemax surface type  EVENASPH
    CODE V surface type ASP
    Zemax command FIMP ignored.
     WARNING - Hiding of rays not used.
    Zemax command MIRR ignored.
    Zemax command SLAB ignored.
    Zemax command MEMA ignored.
    Zemax command POPS ignored.
  
     Surface pointer = 12
    Zemax surface type  EVENASPH
    CODE V surface type ASP
    Zemax command FIMP ignored.
     WARNING - Hiding of rays not used.
    Zemax command MIRR ignored.
    Zemax command SLAB ignored.
     WARNING - Partial dispersion of model glass not used.
    Zemax command MEMA ignored.
    Zemax command POPS ignored.
  
     Surface pointer = 13
    Zemax surface type  EVENASPH
    CODE V surface type ASP
    Zemax command FIMP ignored.
     WARNING - Hiding of rays not used.
    Zemax command MIRR ignored.
    Zemax command SLAB ignored.
    Zemax command MEMA ignored.
    Zemax command POPS ignored.
  
     Surface pointer = 14
    Zemax surface type  STANDARD
    CODE V surface type SPH
    Zemax command FIMP ignored.
     WARNING - Hiding of rays not used.
    Zemax command MIRR ignored.
    Zemax command SLAB ignored.
     WARNING - Partial dispersion of model glass not used.
    Zemax command MEMA ignored.
    Zemax command POPS ignored.
  
     Surface pointer = 15
    Zemax surface type  STANDARD
    CODE V surface type SPH
    Zemax command FIMP ignored.
     WARNING - Hiding of rays not used.
    Zemax command MIRR ignored.
    Zemax command SLAB ignored.
    Zemax command MEMA ignored.
    Zemax command POPS ignored.
  
     Surface pointer = IMG
    Zemax surface type  STANDARD
    CODE V surface type SPH
    Zemax command FIMP ignored.
     WARNING - Hiding of rays not used.
    Zemax command MIRR ignored.
    Zemax command SLAB ignored.
    Zemax command MEMA ignored.
    Zemax command POPS ignored.
  
     WARNING - Please check the converted lens carefully.
               Some information will not be converted.
               Changes in either CODE V or ZEMAX may invalidate
               the converted information.
               Due to differences between CODE V and ZEMAX ray
               aiming and vignetting factors, it is recommended
               that you set vignetting for the converted system.
  
               A concise listing of conversion warnings appears
               in the Tabbed Output Window 'Info' tab and in the
               Command Window.
  
CODE V> DEF VAR SA
     ERROR - Total reflection at surface   9 for zoom position  1
     ERROR - One or more of the reference rays from field  2 is deviated far from
             most of the other rays from this field point.  The reference rays are
             used to determine the numerical aperture and the grid spacing.  Thus, it
             is important that these rays are focused at approximately the same spot
             as the other rays from this field point.  Modifying the vignetting
             may solve this problem and allow the computation to proceed.
CODE V> FNO 2.34254284849329
CODE V> VUY 0 0.2 0.2
CODE V> VLY 0 0.2 0.2
CODE V> VUX 0 0.2 0.2
CODE V> VLX 0 0.2 0.2
 
 
CODE V> AUT
     AUT                                                                              11-Jul-26  14H 14M 10S
                                                 CODE V PC  Version: 11.5             CPU clock:  0H  0M  0S
     ***Defocussing frozen to eliminate redundant variable
AUT>   SUR N
AUT>   CHG SA
AUT>   WFR Y
AUT>   WTF FA 10
AUT>   EFL = 4.18514570787019
AUT>   @atelier_latcolor == @lcum(1)
AUT>   @atelier_latcolor = 0
AUT>   WTC 0.01
AUT>   @atelier_rmsspot == @rmssum(1)
AUT>   @atelier_rmsspot = 0
AUT>   WTC 0.001
AUT>   MNT 0.025
AUT>   MNE 0.025
AUT>   MXT 10
AUT>   MNA 0.001
AUT>   MXC 25
AUT>   MNC 3
AUT>   IMP 0.001
AUT> GO
 -------------------------------------------------------------------------------
  
       USER CONSTRAINT DEFINITIONS
            @atelier_rmsspot == @rmssum(1)
  
            @atelier_latcolor == @lcum(1)
  
  
  
       POTENTIALLY ACTIVE SPECIFIC CONSTRAINTS
         EFL                                  =       4.185146
         @ATELIER_LATCOLOR                    =       0.000000     (WTC =    0.01000)
         @ATELIER_RMSSPOT                     =       0.000000     (WTC =    0.00100)
  
       GENERAL CONSTRAINTS
         MXT      10.000000
         MNT       0.025000
         MNE       0.025000
         MNA       0.001000
         MAE       0.002500
         GLA               NFK5  NSK16  NLAF2  SF4
  
       ERROR FUNCTION CONSTRUCTION
         WFR        Y
         WTW       1          1          1
         WTA       0.000000
         DEL       0.220000
         WTX F1   10.000000
         WTX F2   10.000000
         WTX F3   10.000000
         WTY F1   10.000000
         WTY F2   10.000000
         WTY F3   10.000000
  
       CONVERGENCE CONTROLS
         MXC        25
         MNC         3
         TAR       0.000000
         IMP       0.001000
  
       OUTPUT CONTROLS
         SUR NO
         CHG S0..16
  
     Recommendations for most stable convergence:
  
       Use object space aperture specifications:
       - NAO for finite conjugate systems
       - EPD for infinite conjugate systems
  
       VARIABLE LIST
  
         NO      PARAMETERS *
          1      CUY S2       CUY S3       CUY S4       CUY S5
          2      CUY S3       CUY S4
          3      CUY S4       CUY S5
          4      CUY S5       CUY S6
          5      CUY S6       CUY S7       CUY S8       CUY S9
          6      CUY S7       CUY S8
          7      CUY S8       CUY S9
          8      CUY S9       CUY S10
          9      CUY S10       CUY S11
         10      CUY S11       CUY S12
         11      CUY S12       CUY S13
         12      CUY S13
         13      A   S2
         14      A   S3
         15      A   S4
         16      A   S5
         17      A   S6
         18      A   S7
         19      A   S8
         20      A   S9
         21      A   S10
         22      A   S11
         23      A   S12
         24      A   S13
         25      THI S1
         26      THI S3
         27      THI S5
         28      THI S7
         29      THI S9
         30      THI S11
         31      THI S13
         32      THI S15
  
     * Multiple entries on a line are composite variables.
     Composite variables are either program-generated bendings
     or user-requested couplings.
  
      32 VARIABLES
  
      32 CONSTRAINTS CAN BE ACTIVE
  
     RELATIVE TIME PER CYCLE IS  267.8 UNITS
     WARNING - The macro function SPOTDATA is not supported on multiple threads.
               CODE V will set the multiple processor setting (MPP) to 1 to prevent errors.
               Please refer to the CODE V Setup and Operation Reference Manual for a complete list
               of pre-defined macro functions that are currently limited to running on a single thread.
  
 CYCLE NUMBER 0:
  
  ABERR F. =        1.29756294
  CONST F. =     6238.28347440
  ERR. F.  =     6239.58103734
  
  OPD     1.64523924     1.09270994     0.81138661
  WAV     1.78157646     1.24945025     0.89872211
  
  
  
  Parameter                 Value            Change
  CUY S2                4.21940928E-01      0.00E+00
  CUY S3               -4.58652479E-02      0.00E+00
  CUY S4                3.64033491E-01      0.00E+00
  CUY S5                5.85480094E-01      0.00E+00
  CUY S6                1.22549020E-01      0.00E+00
  CUY S7                1.72860847E-01      0.00E+00
  CUY S8                3.26813406E-03      0.00E+00
  CUY S9               -4.32900433E-01      0.00E+00
  CUY S10              -1.09409190E+00      0.00E+00
  CUY S11              -7.97448166E-01      0.00E+00
  CUY S12               5.83090379E-01      0.00E+00
  CUY S13               6.98812020E-01      0.00E+00
  A   S2               -4.32610000E-04      0.00E+00
  A   S3               -3.79240000E-04      0.00E+00
  A   S4               -2.80280000E-02      0.00E+00
  A   S5               -3.37740000E-02      0.00E+00
  A   S6               -5.59350000E-02      0.00E+00
  A   S7               -6.64420000E-02      0.00E+00
  A   S8               -7.60050000E-02      0.00E+00
  A   S9               -3.05400000E-02      0.00E+00
  A   S10              -3.96490000E-02      0.00E+00
  A   S11               1.04980000E-01      0.00E+00
  A   S12              -1.11710000E-01      0.00E+00
  A   S13              -5.35770000E-02      0.00E+00
  THI S1               -2.17000000E-01      0.00E+00
  THI S3                5.00000000E-02      0.00E+00
  THI S5                3.38000000E-01      0.00E+00
  THI S7                1.97000000E-01      0.00E+00
  THI S9                3.86000000E-01      0.00E+00
  THI S11               1.92000000E-01      0.00E+00
  THI S13               8.00000000E-01      0.00E+00
  THI S15               4.00000000E-01      0.00E+00
  
        EFL          REDU         PIM          OAL         EN PUP       EX PUP
      4.186649     0.000000     0.386375     4.871000     0.000000    -3.197874
  
  Specific Constraints:        target        value         diff      active (**)
  EFL                    =   4.18515E+00   4.18665E+00   1.503E-03    **
  
  Weighted Constraints:        target        value        WTC/PTC     contrib
  @ATELIER_LATCOLOR      =   0.00000E+00   3.65694E-01   1.000E-02   1.337E+01
  @ATELIER_RMSSPOT       =   0.00000E+00   7.88981E+01   1.000E-03   6.225E+03
  
  Constraints added:      EFL (=)                     Mn CT S1 (>)
  
 CYCLE NUMBER 1:
  
  ABERR F. =        0.49670642
  CONST F. =     1440.42643419
  ERR. F.  =     1440.92314060       (change =    -4798.65789674)
  
  OPD     0.10304152     0.69496393     0.40384767
  WAV     0.11059139     0.79134091     0.43031076
  
  
  
  Parameter                 Value            Change
  CUY S2                4.39638665E-01      1.77E-02
  CUY S3               -2.94636650E-02      1.64E-02
  CUY S4                3.56350297E-01     -7.68E-03
  CUY S5                5.90967307E-01      5.49E-03
  CUY S6                1.38163366E-01      1.56E-02
  CUY S7                2.02674807E-01      2.98E-02
  CUY S8                3.52063973E-02      3.19E-02
  CUY S9               -4.25518882E-01      7.38E-03
  CUY S10              -1.08968825E+00      4.40E-03
  CUY S11              -7.96701353E-01      7.47E-04
  CUY S12               6.09094305E-01      2.60E-02
  CUY S13               7.59388046E-01      6.06E-02
  A   S2               -2.94176210E-03     -2.51E-03
  A   S3               -3.74936211E-03     -3.37E-03
  A   S4               -2.47995503E-02      3.23E-03
  A   S5               -3.49156648E-02     -1.14E-03
  A   S6               -5.57805818E-02      1.54E-04
  A   S7               -6.33069739E-02      3.14E-03
  A   S8               -7.19571942E-02      4.05E-03
  A   S9               -3.06043063E-02     -6.43E-05
  A   S10              -4.31443278E-02     -3.50E-03
  A   S11               1.03836040E-01     -1.14E-03
  A   S12              -1.09830413E-01      1.88E-03
  A   S13              -5.16895724E-02      1.89E-03
  THI S1                1.00000000E-03      2.18E-01
  THI S3                5.33181918E-02      3.32E-03
  THI S5                3.16522535E-01     -2.15E-02
  THI S7                1.71869031E-01     -2.51E-02
  THI S9                4.05814566E-01      1.98E-02
  THI S11               2.29903691E-01      3.79E-02
  THI S13               7.69195851E-01     -3.08E-02
  THI S15               3.69195851E-01     -3.08E-02
  
        EFL          REDU         PIM          OAL         EN PUP       EX PUP
      4.184741     0.000000     0.370185     5.072624     0.000000    -3.229923
  
  Active Constraints -   2:    target        value         diff        cost
  EFL                    =   4.18515E+00   4.18474E+00  -4.048E-04   1.728E-07
  Mn CT S1                                                          -3.036E-08
  
  Weighted Constraints:        target        value        WTC/PTC     contrib
  @ATELIER_LATCOLOR      =   0.00000E+00   3.12631E-01   1.000E-02   9.774E+00
  @ATELIER_RMSSPOT       =   0.00000E+00   3.78240E+01   1.000E-03   1.431E+03
  
 CYCLE NUMBER 2:
  
  ABERR F. =        0.07193687
  CONST F. =       44.43523651
  ERR. F.  =       44.50717338       (change =    -1396.41596722)
  
  OPD     0.02566463     0.11070346     0.03343969
  WAV     0.02796489     0.12139109     0.03872349
  
  
  
  Parameter                 Value            Change
  CUY S2                4.33906767E-01     -5.73E-03
  CUY S3               -3.51752918E-02     -5.71E-03
  CUY S4                3.60209818E-01      3.86E-03
  CUY S5                5.88238545E-01     -2.73E-03
  CUY S6                1.32933714E-01     -5.23E-03
  CUY S7                1.93432081E-01     -9.24E-03
  CUY S8                2.70608845E-02     -8.15E-03
  CUY S9               -4.22479184E-01      3.04E-03
  CUY S10              -1.08703030E+00      2.66E-03
  CUY S11              -7.96657692E-01      4.37E-05
  CUY S12               6.03956767E-01     -5.14E-03
  CUY S13               7.55385545E-01     -4.00E-03
  A   S2               -1.63013477E-03      1.31E-03
  A   S3               -5.52972473E-03     -1.78E-03
  A   S4               -2.42704715E-02      5.29E-04
  A   S5               -3.47395485E-02      1.76E-04
  A   S6               -5.61067290E-02     -3.26E-04
  A   S7               -6.30021481E-02      3.05E-04
  A   S8               -7.21495646E-02     -1.92E-04
  A   S9               -3.00897499E-02      5.15E-04
  A   S10              -4.33006425E-02     -1.56E-04
  A   S11               1.03976394E-01      1.40E-04
  A   S12              -1.09913157E-01     -8.27E-05
  A   S13              -5.18640833E-02     -1.75E-04
  THI S1                1.00000000E-03      1.63E-17
  THI S3                4.45221478E-02     -8.80E-03
  THI S5                3.25937694E-01      9.42E-03
  THI S7                1.73719072E-01      1.85E-03
  THI S9                4.01050148E-01     -4.76E-03
  THI S11               2.18076154E-01     -1.18E-02
  THI S13               7.76496352E-01      7.30E-03
  THI S15               3.76496353E-01      7.30E-03
  
        EFL          REDU         PIM          OAL         EN PUP       EX PUP
      4.185145     0.000000     0.370868     5.065802     0.000000    -3.228477
  
  Active Constraints -   2:    target        value         diff        cost
  EFL                    =   4.18515E+00   4.18514E+00  -7.555E-07   8.925E-08
  Mn CT S1                                                          -1.226E-08
  
  Weighted Constraints:        target        value        WTC/PTC     contrib
  @ATELIER_LATCOLOR      =   0.00000E+00   1.82163E-02   1.000E-02   3.318E-02
  @ATELIER_RMSSPOT       =   0.00000E+00   6.66349E+00   1.000E-03   4.440E+01
  
  Constraints released:   Mn CT S1 (>)
  
 CYCLE NUMBER 3:
  
  ABERR F. =        0.06965934
  CONST F. =       44.67369392
  ERR. F.  =       44.74335325       (change =        0.23617987)
  
  OPD     0.03323609     0.10366774     0.03564412
  WAV     0.03624103     0.11443130     0.03980531
  
  
  
  Parameter                 Value            Change
  CUY S2                4.33920743E-01      1.40E-05
  CUY S3               -3.51863257E-02     -1.10E-05
  CUY S4                3.59952876E-01     -2.57E-04
  CUY S5                5.88041223E-01     -1.97E-04
  CUY S6                1.32957194E-01      2.35E-05
  CUY S7                1.93457804E-01      2.57E-05
  CUY S8                2.70772263E-02      1.63E-05
  CUY S9               -4.22507333E-01     -2.81E-05
  CUY S10              -1.08703687E+00     -6.57E-06
  CUY S11              -7.96654682E-01      3.01E-06
  CUY S12               6.04099355E-01      1.43E-04
  CUY S13               7.55552050E-01      1.67E-04
  A   S2               -1.62012978E-03      1.00E-05
  A   S3               -5.53845511E-03     -8.73E-06
  A   S4               -2.42654008E-02      5.07E-06
  A   S5               -3.47433320E-02     -3.78E-06
  A   S6               -5.60997542E-02      6.97E-06
  A   S7               -6.30241906E-02     -2.20E-05
  A   S8               -7.21396634E-02      9.90E-06
  A   S9               -3.00946600E-02     -4.91E-06
  A   S10              -4.32974738E-02      3.17E-06
  A   S11               1.03974404E-01     -1.99E-06
  A   S12              -1.09905091E-01      8.07E-06
  A   S13              -5.18653888E-02     -1.31E-06
  THI S1                1.14210958E-03      1.42E-04
  THI S3                4.45343089E-02      1.22E-05
  THI S5                3.25887981E-01     -4.97E-05
  THI S7                1.73817991E-01      9.89E-05
  THI S9                4.01128400E-01      7.83E-05
  THI S11               2.17782193E-01     -2.94E-04
  THI S13               7.76563350E-01      6.70E-05
  THI S15               3.76563351E-01      6.70E-05
  
        EFL          REDU         PIM          OAL         EN PUP       EX PUP
      4.185146     0.000000     0.371066     5.065856     0.000000    -3.228499
  
  Active Constraints -   1:    target        value         diff        cost
  EFL                    =   4.18515E+00   4.18515E+00   3.429E-10   2.012E-04
  
  Weighted Constraints:        target        value        WTC/PTC     contrib
  @ATELIER_LATCOLOR      =   0.00000E+00   1.74260E-02   1.000E-02   3.037E-02
  @ATELIER_RMSSPOT       =   0.00000E+00   6.68157E+00   1.000E-03   4.464E+01
  
 CYCLE NUMBER 4:
  
  ABERR F. =        0.05765187
  CONST F. =       43.84209119
  ERR. F.  =       43.89974306       (change =       -0.84361019)
  
  OPD     0.02499974     0.07554914     0.04164512
  WAV     0.02676361     0.09292885     0.05023337
  
  
  
  Parameter                 Value            Change
  CUY S2                4.34787038E-01      8.66E-04
  CUY S3               -3.31867325E-02      2.00E-03
  CUY S4                3.65019252E-01      5.07E-03
  CUY S5                5.93147268E-01      5.11E-03
  CUY S6                1.33369861E-01      4.13E-04
  CUY S7                1.93778426E-01      3.21E-04
  CUY S8                2.71269647E-02      4.97E-05
  CUY S9               -4.24569593E-01     -2.06E-03
  CUY S10              -1.08698091E+00      5.60E-05
  CUY S11              -7.94753418E-01      1.90E-03
  CUY S12               5.85971565E-01     -1.81E-02
  CUY S13               7.16775093E-01     -3.88E-02
  A   S2               -1.87897108E-03     -2.59E-04
  A   S3               -4.75165392E-03      7.87E-04
  A   S4               -2.34986851E-02      7.67E-04
  A   S5               -3.51727484E-02     -4.29E-04
  A   S6               -5.83147706E-02     -2.22E-03
  A   S7               -6.25390123E-02      4.85E-04
  A   S8               -7.14913873E-02      6.48E-04
  A   S9               -3.07633744E-02     -6.69E-04
  A   S10              -4.33533695E-02     -5.59E-05
  A   S11               1.04064865E-01      9.05E-05
  A   S12              -1.09977871E-01     -7.28E-05
  A   S13              -5.18701900E-02     -4.80E-06
  THI S1                1.46107361E-02      1.35E-02
  THI S3                4.49227383E-02      3.88E-04
  THI S5                3.27163808E-01      1.28E-03
  THI S7                1.71703737E-01     -2.11E-03
  THI S9                3.97031451E-01     -4.10E-03
  THI S11               2.31963587E-01      1.42E-02
  THI S13               7.77670324E-01      1.11E-03
  THI S15               3.77670325E-01      1.11E-03
  
        EFL          REDU         PIM          OAL         EN PUP       EX PUP
      4.185162     0.000000     0.376004     5.090066     0.000000    -3.304715
  
  Active Constraints -   1:    target        value         diff        cost
  EFL                    =   4.18515E+00   4.18516E+00   1.621E-05   7.412E-08
  
  Weighted Constraints:        target        value        WTC/PTC     contrib
  @ATELIER_LATCOLOR      =   0.00000E+00   2.65250E-01   1.000E-02   7.036E+00
  @ATELIER_RMSSPOT       =   0.00000E+00   6.06682E+00   1.000E-03   3.681E+01
  
  Constraints added:      Mn CT S1 (>)
  
 CYCLE NUMBER 5:
  
  ABERR F. =        0.06181327
  CONST F. =       28.14106612
  ERR. F.  =       28.20287940       (change =      -15.69686366)
  
  OPD     0.02719000     0.08687024     0.04521350
  WAV     0.02976960     0.09627528     0.04939768
  
  
  
  Parameter                 Value            Change
  CUY S2                4.34695206E-01     -9.18E-05
  CUY S3               -3.34372159E-02     -2.50E-04
  CUY S4                3.62088115E-01     -2.93E-03
  CUY S5                5.90753361E-01     -2.39E-03
  CUY S6                1.35040390E-01      1.67E-03
  CUY S7                1.95608166E-01      1.83E-03
  CUY S8                2.89611812E-02      1.83E-03
  CUY S9               -4.23334690E-01      1.23E-03
  CUY S10              -1.08736181E+00     -3.81E-04
  CUY S11              -7.95380632E-01     -6.27E-04
  CUY S12               6.10205229E-01      2.42E-02
  CUY S13               7.66459173E-01      4.97E-02
  A   S2               -1.81120974E-03      6.78E-05
  A   S3               -4.83215146E-03     -8.05E-05
  A   S4               -2.34450298E-02      5.37E-05
  A   S5               -3.51934038E-02     -2.07E-05
  A   S6               -5.82460684E-02      6.87E-05
  A   S7               -6.26136434E-02     -7.46E-05
  A   S8               -7.15813076E-02     -8.99E-05
  A   S9               -3.07430319E-02      2.03E-05
  A   S10              -4.32756791E-02      7.77E-05
  A   S11               1.03998000E-01     -6.69E-05
  A   S12              -1.09913933E-01      6.39E-05
  A   S13              -5.17914378E-02      7.88E-05
  THI S1                1.00000000E-03     -1.36E-02
  THI S3                4.32058918E-02     -1.72E-03
  THI S5                3.25400240E-01     -1.76E-03
  THI S7                1.72865019E-01      1.16E-03
  THI S9                3.97749316E-01      7.18E-04
  THI S11               2.29811495E-01     -2.15E-03
  THI S13               7.76561897E-01     -1.11E-03
  THI S15               3.76561898E-01     -1.11E-03
  
        EFL          REDU         PIM          OAL         EN PUP       EX PUP
      4.185169     0.000000     0.364221     5.071594     0.000000    -3.216118
  
  Active Constraints -   2:    target        value         diff        cost
  EFL                    =   4.18515E+00   4.18517E+00   2.312E-05  -2.719E-07
  Mn CT S1                                                          -7.406E-09
  
  Weighted Constraints:        target        value        WTC/PTC     contrib
  @ATELIER_LATCOLOR      =   0.00000E+00   5.90404E-02   1.000E-02   3.486E-01
  @ATELIER_RMSSPOT       =   0.00000E+00   5.27186E+00   1.000E-03   2.779E+01
  
 CYCLE NUMBER 6:
  
  ABERR F. =        0.06074213
  CONST F. =       28.10639594
  ERR. F.  =       28.16713807       (change =       -0.03574132)
  
  OPD     0.02802985     0.08571819     0.04241108
  WAV     0.03114127     0.09508203     0.04685387
  
  
  
  Parameter                 Value            Change
  CUY S2                4.34705631E-01      1.04E-05
  CUY S3               -3.34213730E-02      1.58E-05
  CUY S4                3.62134843E-01      4.67E-05
  CUY S5                5.90798610E-01      4.52E-05
  CUY S6                1.35040993E-01      6.03E-07
  CUY S7                1.95572016E-01     -3.61E-05
  CUY S8                2.89312186E-02     -3.00E-05
  CUY S9               -4.23328369E-01      6.32E-06
  CUY S10              -1.08735794E+00      3.87E-06
  CUY S11              -7.95380043E-01      5.89E-07
  CUY S12               6.10270405E-01      6.52E-05
  CUY S13               7.66596846E-01      1.38E-04
  A   S2               -1.81551481E-03     -4.31E-06
  A   S3               -4.82710236E-03      5.05E-06
  A   S4               -2.34490989E-02     -4.07E-06
  A   S5               -3.51905620E-02      2.84E-06
  A   S6               -5.82498979E-02     -3.83E-06
  A   S7               -6.26093694E-02      4.27E-06
  A   S8               -7.15829026E-02     -1.59E-06
  A   S9               -3.07401663E-02      2.87E-06
  A   S10              -4.32761555E-02     -4.76E-07
  A   S11               1.03998361E-01      3.62E-07
  A   S12              -1.09914887E-01     -9.55E-07
  A   S13              -5.17915519E-02     -1.14E-07
  THI S1                1.00000000E-03      8.67E-19
  THI S3                4.32080666E-02      2.17E-06
  THI S5                3.25413150E-01      1.29E-05
  THI S7                1.72878911E-01      1.39E-05
  THI S9                3.97713336E-01     -3.60E-05
  THI S11               2.29775161E-01     -3.63E-05
  THI S13               7.76541516E-01     -2.04E-05
  THI S15               3.76541517E-01     -2.04E-05
  
        EFL          REDU         PIM          OAL         EN PUP       EX PUP
      4.185146     0.000000     0.364189     5.071530     0.000000    -3.215876
  
  Active Constraints -   2:    target        value         diff        cost
  EFL                    =   4.18515E+00   4.18515E+00   1.129E-10   9.963E-05
  Mn CT S1                                                          -2.679E-05
  
  Weighted Constraints:        target        value        WTC/PTC     contrib
  @ATELIER_LATCOLOR      =   0.00000E+00   5.94191E-02   1.000E-02   3.531E-01
  @ATELIER_RMSSPOT       =   0.00000E+00   5.26814E+00   1.000E-03   2.775E+01
  
 CYCLE NUMBER 7:
  
  ABERR F. =        0.06178130
  CONST F. =       28.04614134
  ERR. F.  =       28.10792264       (change =       -0.05921543)
  
  OPD     0.02744854     0.08684875     0.04500562
  WAV     0.02999509     0.09622931     0.04919506
  
  
  
  Parameter                 Value            Change
  CUY S2                4.34672069E-01     -3.36E-05
  CUY S3               -3.34663753E-02     -4.50E-05
  CUY S4                3.62045020E-01     -8.98E-05
  CUY S5                5.90735454E-01     -6.32E-05
  CUY S6                1.35064416E-01      2.34E-05
  CUY S7                1.95620547E-01      4.85E-05
  CUY S8                2.89699447E-02      3.87E-05
  CUY S9               -4.23338602E-01     -1.02E-05
  CUY S10              -1.08736746E+00     -9.52E-06
  CUY S11              -7.95381935E-01     -1.89E-06
  CUY S12               6.10440956E-01      1.71E-04
  CUY S13               7.66907007E-01      3.10E-04
  A   S2               -1.81429551E-03      1.22E-06
  A   S3               -4.82861243E-03     -1.51E-06
  A   S4               -2.34463350E-02      2.76E-06
  A   S5               -3.51932110E-02     -2.65E-06
  A   S6               -5.82485167E-02      1.38E-06
  A   S7               -6.26153309E-02     -5.96E-06
  A   S8               -7.15807660E-02      2.14E-06
  A   S9               -3.07439581E-02     -3.79E-06
  A   S10              -4.32753621E-02      7.93E-07
  A   S11               1.03998175E-01     -1.86E-07
  A   S12              -1.09916437E-01     -1.55E-06
  A   S13              -5.17920302E-02     -4.78E-07
  THI S1                1.00000000E-03     -2.17E-19
  THI S3                4.32092267E-02      1.16E-06
  THI S5                3.25388627E-01     -2.45E-05
  THI S7                1.72927852E-01      4.89E-05
  THI S9                3.97762513E-01      4.92E-05
  THI S11               2.29922527E-01      1.47E-04
  THI S13               7.76556906E-01      1.54E-05
  THI S15               3.76556907E-01      1.54E-05
  
        EFL          REDU         PIM          OAL         EN PUP       EX PUP
      4.185146     0.000000     0.364026     5.071768     0.000000    -3.215647
  
  Active Constraints -   2:    target        value         diff        cost
  EFL                    =   4.18515E+00   4.18515E+00   9.629E-10   1.220E-04
  Mn CT S1                                                          -1.123E-04
  
  Weighted Constraints:        target        value        WTC/PTC     contrib
  @ATELIER_LATCOLOR      =   0.00000E+00   5.92559E-02   1.000E-02   3.511E-01
  @ATELIER_RMSSPOT       =   0.00000E+00   5.26261E+00   1.000E-03   2.770E+01
  
 CYCLE NUMBER 8:
  
  ABERR F. =        0.06101161
  CONST F. =       28.02323209
  ERR. F.  =       28.08424370       (change =       -0.02367894)
  
  OPD     0.02757295     0.08612402     0.04314426
  WAV     0.03042614     0.09546862     0.04749157
  
  
  
  Parameter                 Value            Change
  CUY S2                4.34676799E-01      4.73E-06
  CUY S3               -3.34581440E-02      8.23E-06
  CUY S4                3.62072743E-01      2.77E-05
  CUY S5                5.90762217E-01      2.68E-05
  CUY S6                1.35073075E-01      8.66E-06
  CUY S7                1.95600432E-01     -2.01E-05
  CUY S8                2.89523107E-02     -1.76E-05
  CUY S9               -4.23327438E-01      1.12E-05
  CUY S10              -1.08736472E+00      2.74E-06
  CUY S11              -7.95381699E-01      2.36E-07
  CUY S12               6.10464507E-01      2.36E-05
  CUY S13               7.66963647E-01      5.66E-05
  A   S2               -1.81541549E-03     -1.12E-06
  A   S3               -4.82777531E-03      8.37E-07
  A   S4               -2.34488222E-02     -2.49E-06
  A   S5               -3.51906642E-02      2.55E-06
  A   S6               -5.82519388E-02     -3.42E-06
  A   S7               -6.26124131E-02      2.92E-06
  A   S8               -7.15827401E-02     -1.97E-06
  A   S9               -3.07423941E-02      1.56E-06
  A   S10              -4.32756228E-02     -2.61E-07
  A   S11               1.03998379E-01      2.04E-07
  A   S12              -1.09917152E-01     -7.15E-07
  A   S13              -5.17921017E-02     -7.15E-08
  THI S1                1.00000000E-03      2.17E-19
  THI S3                4.32100869E-02      8.60E-07
  THI S5                3.25396220E-01      7.59E-06
  THI S7                1.72937008E-01      9.16E-06
  THI S9                3.97742337E-01     -2.02E-05
  THI S11               2.29882366E-01     -4.02E-05
  THI S13               7.76542780E-01     -1.41E-05
  THI S15               3.76542781E-01     -1.41E-05
  
        EFL          REDU         PIM          OAL         EN PUP       EX PUP
      4.185146     0.000000     0.364027     5.071711     0.000000    -3.215513
  
  Active Constraints -   2:    target        value         diff        cost
  EFL                    =   4.18515E+00   4.18515E+00   9.345E-12   9.589E-05
  Mn CT S1                                                          -3.245E-05
  
  Weighted Constraints:        target        value        WTC/PTC     contrib
  @ATELIER_LATCOLOR      =   0.00000E+00   5.95309E-02   1.000E-02   3.544E-01
  @ATELIER_RMSSPOT       =   0.00000E+00   5.26012E+00   1.000E-03   2.767E+01
  
     Normal AUTO Completion - System improvement less than IMP
AUT> GO
 
 
CODE V> BUF PUT B1 I^row J1 "schema"
      Created new worksheet B1.
CODE V> BUF PUT B1 I^row J2 "atelier-codev-target-v1"
CODE V> BUF PUT B1 I^row J1 "status"
CODE V> BUF PUT B1 I^row J2 "ok"
CODE V> BUF PUT B1 I^row J1 "mode"
CODE V> BUF PUT B1 I^row J2 "target"
CODE V> BUF PUT B1 I^row J1 "stage"
CODE V> BUF PUT B1 I^row J2 "A"
CODE V> BUF PUT B1 I^row J1 "source_zmx"
CODE V> BUF PUT B1 I^row J2 "US20140111876A1.zmx"
CODE V> BUF PUT B1 I^row J1 "num_fields"
CODE V> BUF PUT B1 I^row J2 ^numf_out
CODE V> BUF PUT B1 I^row J1 "vignetting_edge"
CODE V> BUF PUT B1 I^row J2 0.2
CODE V> BUF PUT B1 I^row J1 "target.efl_mm"
CODE V> BUF PUT B1 I^row J2 ^target_efl
CODE V> BUF PUT B1 I^row J1 "target.f_number"
CODE V> BUF PUT B1 I^row J2 2.34254284849329
CODE V> BUF PUT B1 I^row J1 "seed_baseline.efl_y_mm"
CODE V> BUF PUT B1 I^row J2 ^seed_baseline_efl_y_mm
CODE V> BUF PUT B1 I^row J1 "seed_baseline.max_lateral_color_um"
CODE V> BUF PUT B1 I^row J2 ^seed_baseline_max_lateral_color_um
CODE V> BUF PUT B1 I^row J1 "seed_baseline.max_rms_spot_diameter_um"
CODE V> BUF PUT B1 I^row J2 ^seed_baseline_max_rms_spot_diameter_um
CODE V> BUF PUT B1 I^row J1 "seed_baseline.max_rms_wavefront_error_waves"
CODE V> BUF PUT B1 I^row J2 ^seed_baseline_max_rms_wavefront_error_waves
CODE V> BUF PUT B1 I^row J1 "seed_baseline.max_distortion_pct"
CODE V> BUF PUT B1 I^row J2 ^seed_baseline_max_distortion_pct
CODE V> BUF PUT B1 I^row J1 "seed_baseline.fno"
CODE V> BUF PUT B1 I^row J2 ^seed_baseline_fno
CODE V> BUF PUT B1 I^row J1 "seed_baseline.epd_mm"
CODE V> BUF PUT B1 I^row J2 ^seed_baseline_epd
CODE V> BUF PUT B1 I^row J1 "seed_baseline.maximh_mm"
CODE V> BUF PUT B1 I^row J2 ^seed_baseline_maximh
CODE V> BUF PUT B1 I^row J1 "config_pre_aut.efl_y_mm"
CODE V> BUF PUT B1 I^row J2 ^config_pre_aut_efl_y_mm
CODE V> BUF PUT B1 I^row J1 "config_pre_aut.max_lateral_color_um"
CODE V> BUF PUT B1 I^row J2 ^config_pre_aut_max_lateral_color_um
CODE V> BUF PUT B1 I^row J1 "config_pre_aut.max_rms_spot_diameter_um"
CODE V> BUF PUT B1 I^row J2 ^config_pre_aut_max_rms_spot_diameter_um
CODE V> BUF PUT B1 I^row J1 "config_pre_aut.max_rms_wavefront_error_waves"
CODE V> BUF PUT B1 I^row J2 ^config_pre_aut_max_rms_wavefront_error_waves
CODE V> BUF PUT B1 I^row J1 "config_pre_aut.max_distortion_pct"
CODE V> BUF PUT B1 I^row J2 ^config_pre_aut_max_distortion_pct
CODE V> BUF PUT B1 I^row J1 "config_pre_aut.fno"
CODE V> BUF PUT B1 I^row J2 ^config_pre_aut_fno
CODE V> BUF PUT B1 I^row J1 "config_pre_aut.epd_mm"
CODE V> BUF PUT B1 I^row J2 ^config_pre_aut_epd
CODE V> BUF PUT B1 I^row J1 "config_pre_aut.maximh_mm"
CODE V> BUF PUT B1 I^row J2 ^config_pre_aut_maximh
CODE V> BUF PUT B1 I^row J1 "post_aut.efl_y_mm"
CODE V> BUF PUT B1 I^row J2 ^post_aut_efl_y_mm
CODE V> BUF PUT B1 I^row J1 "post_aut.max_lateral_color_um"
CODE V> BUF PUT B1 I^row J2 ^post_aut_max_lateral_color_um
CODE V> BUF PUT B1 I^row J1 "post_aut.max_rms_spot_diameter_um"
CODE V> BUF PUT B1 I^row J2 ^post_aut_max_rms_spot_diameter_um
CODE V> BUF PUT B1 I^row J1 "post_aut.max_rms_wavefront_error_waves"
CODE V> BUF PUT B1 I^row J2 ^post_aut_max_rms_wavefront_error_waves
CODE V> BUF PUT B1 I^row J1 "post_aut.max_distortion_pct"
CODE V> BUF PUT B1 I^row J2 ^post_aut_max_distortion_pct
CODE V> BUF PUT B1 I^row J1 "post_aut.fno"
CODE V> BUF PUT B1 I^row J2 ^post_aut_fno
CODE V> BUF PUT B1 I^row J1 "post_aut.epd_mm"
CODE V> BUF PUT B1 I^row J2 ^post_aut_epd
CODE V> BUF PUT B1 I^row J1 "post_aut.maximh_mm"
CODE V> BUF PUT B1 I^row J2 ^post_aut_maximh
CODE V> BUF PUT B1 I^row J1 "efl_target_deviation_pct"
CODE V> BUF PUT B1 I^row J2 ^efl_target_dev_pct
CODE V> BUF PUT B1 I^row J1 "aut_converged"
CODE V> BUF PUT B1 I^row J2 ^aut_converged
CODE V> BUF EXP B1 "D:\atelier-wt-c\.planning\loop\p15-stageb-evidence\fno-matrix-2026-07-11\US20140111876A1_loosen\rung1_fno0234\ray_retry\atelier_codev_target_A_vig0200.tsv"
     Buffer B1 exported to file atelier_codev_target_A_vig0200.tsv
CODE V> BUF DEL B1
CODE V> OUT YES
CODE V> EXI YES
     EXI                                                                              11-Jul-26  14H 14M 14S
                                                 CODE V PC  Version: 11.5             CPU clock:  0H  0M  4S
