  
  
                                   Welcome to
  
                                   C O D E   V
  
                                PC  Version 11.5
                                   Build 27302701
  
                                   11-Jul-2026
  
                            A proprietary product of
  
                              SYNOPSYS, INC
                              Pasadena, California
  
CODE V> OUT NO
     Radius input/output mode
  
    Lens data created by Zemax version 191028
  
    Zemax command MODE ignored
     WARNING - Vignetting angles not used.
     ERROR - No wavelength  2 in zoom position  1
  
     Surface pointer = OBJ
    Zemax surface type  STANDARD
    CODE V surface type SPH
    Zemax command FIMP ignored.
     WARNING - Hiding of rays not used.
    Zemax command MIRR ignored.
    Zemax command SLAB ignored.
    Zemax command MEMA ignored.
    Zemax command POPS ignored.
  
     Surface pointer = 1
    Zemax surface type  STANDARD
    CODE V surface type SPH
    Zemax command FIMP ignored.
     WARNING - Hiding of rays not used.
    Zemax command MIRR ignored.
    Zemax command SLAB ignored.
    Zemax command MEMA ignored.
    Zemax command POPS ignored.
  
     Surface pointer = 2
    Zemax surface type  EVENASPH
    CODE V surface type ASP
    Zemax command FIMP ignored.
     WARNING - Hiding of rays not used.
    Zemax command MIRR ignored.
    Zemax command SLAB ignored.
     WARNING - Partial dispersion of model glass not used.
    Zemax command MEMA ignored.
    Zemax command POPS ignored.
  
     Surface pointer = 3
    Zemax surface type  EVENASPH
    CODE V surface type ASP
    Zemax command FIMP ignored.
     WARNING - Hiding of rays not used.
    Zemax command MIRR ignored.
    Zemax command SLAB ignored.
    Zemax command MEMA ignored.
    Zemax command POPS ignored.
  
     Surface pointer = 4
    Zemax surface type  EVENASPH
    CODE V surface type ASP
    Zemax command FIMP ignored.
     WARNING - Hiding of rays not used.
    Zemax command MIRR ignored.
    Zemax command SLAB ignored.
     WARNING - Partial dispersion of model glass not used.
    Zemax command MEMA ignored.
    Zemax command POPS ignored.
  
     Surface pointer = 5
    Zemax surface type  EVENASPH
    CODE V surface type ASP
    Zemax command FIMP ignored.
     WARNING - Hiding of rays not used.
    Zemax command MIRR ignored.
    Zemax command SLAB ignored.
    Zemax command MEMA ignored.
    Zemax command POPS ignored.
  
     Surface pointer = 6
    Zemax surface type  EVENASPH
    CODE V surface type ASP
    Zemax command FIMP ignored.
     WARNING - Hiding of rays not used.
    Zemax command MIRR ignored.
    Zemax command SLAB ignored.
     WARNING - Partial dispersion of model glass not used.
    Zemax command MEMA ignored.
    Zemax command POPS ignored.
  
     Surface pointer = 7
    Zemax surface type  EVENASPH
    CODE V surface type ASP
    Zemax command FIMP ignored.
     WARNING - Hiding of rays not used.
    Zemax command MIRR ignored.
    Zemax command SLAB ignored.
    Zemax command MEMA ignored.
    Zemax command POPS ignored.
  
     Surface pointer = 8
    Zemax surface type  EVENASPH
    CODE V surface type ASP
    Zemax command FIMP ignored.
     WARNING - Hiding of rays not used.
    Zemax command MIRR ignored.
    Zemax command SLAB ignored.
     WARNING - Partial dispersion of model glass not used.
    Zemax command MEMA ignored.
    Zemax command POPS ignored.
  
     Surface pointer = 9
    Zemax surface type  EVENASPH
    CODE V surface type ASP
    Zemax command FIMP ignored.
     WARNING - Hiding of rays not used.
    Zemax command MIRR ignored.
    Zemax command SLAB ignored.
    Zemax command MEMA ignored.
    Zemax command POPS ignored.
  
     Surface pointer = 10
    Zemax surface type  EVENASPH
    CODE V surface type ASP
    Zemax command FIMP ignored.
     WARNING - Hiding of rays not used.
    Zemax command MIRR ignored.
    Zemax command SLAB ignored.
     WARNING - Partial dispersion of model glass not used.
    Zemax command MEMA ignored.
    Zemax command POPS ignored.
  
     Surface pointer = 11
    Zemax surface type  EVENASPH
    CODE V surface type ASP
    Zemax command FIMP ignored.
     WARNING - Hiding of rays not used.
    Zemax command MIRR ignored.
    Zemax command SLAB ignored.
    Zemax command MEMA ignored.
    Zemax command POPS ignored.
  
     Surface pointer = 12
    Zemax surface type  STANDARD
    CODE V surface type SPH
    Zemax command FIMP ignored.
     WARNING - Hiding of rays not used.
    Zemax command MIRR ignored.
    Zemax command SLAB ignored.
    Zemax command MEMA ignored.
    Zemax command POPS ignored.
  
     Surface pointer = 13
    Zemax surface type  STANDARD
    CODE V surface type SPH
    Zemax command FIMP ignored.
     WARNING - Hiding of rays not used.
    Zemax command MIRR ignored.
    Zemax command SLAB ignored.
     WARNING - Partial dispersion of model glass not used.
    Zemax command MEMA ignored.
    Zemax command POPS ignored.
  
     Surface pointer = 14
    Zemax surface type  STANDARD
    CODE V surface type SPH
    Zemax command FIMP ignored.
     WARNING - Hiding of rays not used.
    Zemax command MIRR ignored.
    Zemax command SLAB ignored.
    Zemax command MEMA ignored.
    Zemax command POPS ignored.
  
     Surface pointer = 15
    Zemax surface type  STANDARD
    CODE V surface type SPH
    Zemax command FIMP ignored.
     WARNING - Hiding of rays not used.
    Zemax command MIRR ignored.
    Zemax command SLAB ignored.
     WARNING - Partial dispersion of model glass not used.
    Zemax command MEMA ignored.
    Zemax command POPS ignored.
  
     Surface pointer = 16
    Zemax surface type  STANDARD
    CODE V surface type SPH
    Zemax command FIMP ignored.
     WARNING - Hiding of rays not used.
    Zemax command MIRR ignored.
    Zemax command SLAB ignored.
    Zemax command MEMA ignored.
    Zemax command POPS ignored.
  
     Surface pointer = IMG
    Zemax surface type  STANDARD
    CODE V surface type SPH
    Zemax command FIMP ignored.
     WARNING - Hiding of rays not used.
    Zemax command MIRR ignored.
    Zemax command SLAB ignored.
    Zemax command MEMA ignored.
    Zemax command POPS ignored.
    Zemax command ! AT ignored.
    Zemax command ! AT ignored.
    Zemax command ! AT ignored.
    Zemax command ! AT ignored.
  
     WARNING - Please check the converted lens carefully.
               Some information will not be converted.
               Changes in either CODE V or ZEMAX may invalidate
               the converted information.
               Due to differences between CODE V and ZEMAX ray
               aiming and vignetting factors, it is recommended
               that you set vignetting for the converted system.
  
               A concise listing of conversion warnings appears
               in the Tabbed Output Window 'Info' tab and in the
               Command Window.
  
CODE V> DEF VAR SA
     ERROR - Ray missed surface   3 for zoom position  1
     ERROR - Ray missed surface   3 for zoom position  1
     ERROR - Ray missed surface   3 for zoom position  1
     ERROR - Ray missed surface   4 for zoom position  1
     ERROR - Total reflection at surface   9 for zoom position  1
     ERROR - Ray missed surface   3 for zoom position  1
     ERROR - Ray missed surface   4 for zoom position  1
     ERROR - Total reflection at surface   9 for zoom position  1
     ERROR - One or more of the reference rays from field  1 is deviated far from
             most of the other rays from this field point.  The reference rays are
             used to determine the numerical aperture and the grid spacing.  Thus, it
             is important that these rays are focused at approximately the same spot
             as the other rays from this field point.  Modifying the vignetting
             may solve this problem and allow the computation to proceed.
CODE V> FNO 3.55161764705296
CODE V> VUY 0 0.2
CODE V> VLY 0 0.2
CODE V> VUX 0 0.2
CODE V> VLX 0 0.2
 
 
CODE V> AUT
     AUT                                                                              11-Jul-26  14H  6M 28S
                                                 CODE V PC  Version: 11.5             CPU clock:  0H  0M  0S
     WARNING - CODE V places the reference sphere at the exit pupil.  However,
               the aberrations of this lens make the OPD data (and any quantity
               that depends upon OPD data) very sensitive to the exact value of
               the reference sphere radius.  You can use the RSL command to
               reposition the reference sphere if that is appropriate for
               your application.
     ***Defocussing frozen to eliminate redundant variable
AUT>   SUR N
AUT>   CHG SA
AUT>   WFR Y
AUT>   WTF FA 10
AUT>   EFL = 17.3271113483923
AUT>   @atelier_latcolor == @lcum(1)
AUT>   @atelier_latcolor = 0
AUT>   WTC 0.01
AUT>   @atelier_rmsspot == @rmssum(1)
AUT>   @atelier_rmsspot = 0
AUT>   WTC 0.001
AUT>   MNT 0.025
AUT>   MNE 0.025
AUT>   MXT 10
AUT>   MNA 0.001
AUT>   MXC 25
AUT>   MNC 3
AUT>   IMP 0.001
AUT> GO
 -------------------------------------------------------------------------------
  
       USER CONSTRAINT DEFINITIONS
            @atelier_rmsspot == @rmssum(1)
  
            @atelier_latcolor == @lcum(1)
  
  
  
       POTENTIALLY ACTIVE SPECIFIC CONSTRAINTS
         EFL                                  =      17.327111
         @ATELIER_LATCOLOR                    =       0.000000     (WTC =    0.01000)
         @ATELIER_RMSSPOT                     =       0.000000     (WTC =    0.00100)
  
       GENERAL CONSTRAINTS
         MXT      10.000000
         MNT       0.025000
         MNE       0.025000
         MNA       0.001000
         MAE       0.002500
         GLA               NFK5  NSK16  NLAF2  SF4
  
       ERROR FUNCTION CONSTRUCTION
         WFR        Y
         WTW       1
         WTA       0.000000
         DEL       0.220000
         WTX F1   10.000000
         WTX F2   10.000000
         WTY F1   10.000000
         WTY F2   10.000000
  
       CONVERGENCE CONTROLS
         MXC        25
         MNC         3
         TAR       0.000000
         IMP       0.001000
  
       OUTPUT CONTROLS
         SUR NO
         CHG S0..17
  
     Recommendations for most stable convergence:
  
       Use object space aperture specifications:
       - NAO for finite conjugate systems
       - EPD for infinite conjugate systems
  
       VARIABLE LIST
  
         NO      PARAMETERS *
          1      CUY S2       CUY S3
          2      CUY S3       CUY S4
          3      CUY S4       CUY S5       CUY S6       CUY S7
          4      CUY S5       CUY S6
          5      CUY S6       CUY S7
          6      CUY S7       CUY S8
          7      CUY S8       CUY S9
          8      CUY S9       CUY S10
          9      CUY S10       CUY S11
         10      CUY S11
         11      A   S2
         12      A   S3
         13      A   S4
         14      A   S5
         15      A   S6
         16      A   S7
         17      A   S8
         18      A   S9
         19      A   S10
         20      A   S11
         21      THI S1
         22      THI S3
         23      THI S5
         24      THI S7
         25      THI S9
         26      THI S11
         27      THI S14
         28      THI S16
  
     * Multiple entries on a line are composite variables.
     Composite variables are either program-generated bendings
     or user-requested couplings.
  
      28 VARIABLES
  
      28 CONSTRAINTS CAN BE ACTIVE
  
     RELATIVE TIME PER CYCLE IS   99.9 UNITS
     WARNING - The macro function SPOTDATA is not supported on multiple threads.
               CODE V will set the multiple processor setting (MPP) to 1 to prevent errors.
               Please refer to the CODE V Setup and Operation Reference Manual for a complete list
               of pre-defined macro functions that are currently limited to running on a single thread.
  
 CYCLE NUMBER 0:
  
  ABERR F. =       72.11905121
  CONST F. =      0.994572E+07
  ERR. F.  =      0.994579E+07
  
  OPD    99.01018333     9.63779318
  WAV   103.68574031    12.56956594
  
  
  
  Parameter                 Value            Change
  CUY S2                1.19017865E-01      0.00E+00
  CUY S3               -2.86938282E-02      0.00E+00
  CUY S4                1.51761189E-01      0.00E+00
  CUY S5               -1.72528316E-02      0.00E+00
  CUY S6               -5.17298461E-02      0.00E+00
  CUY S7               -3.29363406E-02      0.00E+00
  CUY S8               -2.21815462E-03      0.00E+00
  CUY S9                3.94150802E-01      0.00E+00
  CUY S10               1.84182414E-01      0.00E+00
  CUY S11               3.97968767E-02      0.00E+00
  A   S2                1.99550000E-04      0.00E+00
  A   S3                2.21309000E-04      0.00E+00
  A   S4                9.61698000E-04      0.00E+00
  A   S5                9.74953000E-05      0.00E+00
  A   S6                1.75034000E-03      0.00E+00
  A   S7                3.61354000E-03      0.00E+00
  A   S8               -1.32356000E-02      0.00E+00
  A   S9               -9.60889000E-03      0.00E+00
  A   S10               1.79876000E-02      0.00E+00
  A   S11               1.38781000E-02      0.00E+00
  THI S1               -6.00000000E-01      0.00E+00
  THI S3                6.70000000E-02      0.00E+00
  THI S5                1.78000000E-01      0.00E+00
  THI S7                1.89000000E-01      0.00E+00
  THI S9                2.51000000E-01      0.00E+00
  THI S11               7.48000000E-01      0.00E+00
  THI S14               8.10000000E-01      0.00E+00
  THI S16               4.30000000E-02      0.00E+00
  
        EFL          REDU         PIM          OAL         EN PUP       EX PUP
     17.337628     0.000000     0.072205    19.267000     0.000000   -12.926250
  
  Specific Constraints:        target        value         diff      active (**)
  EFL                    =   1.73271E+01   1.73376E+01   1.052E-02    **
  
  Weighted Constraints:        target        value        WTC/PTC     contrib
  @ATELIER_LATCOLOR      =   0.00000E+00   0.00000E+00   1.000E-02   0.000E+00
  @ATELIER_RMSSPOT       =   0.00000E+00   3.15368E+03   1.000E-03   9.946E+06
     WARNING - Frozen Thickness Violations:
  Mx CT S13
  
  Constraints added:      EFL (=)                     Mn CT S1 (>)
 RAY ERROR: REFL  9
  Constraints added:      Mn ET S11 (>)               Mn ET S16 (>)
 RAY ERROR: REFL  9
  Constraints added:      Mn ET S14 (>)
 RAY ERROR: REFL 11
 RAY ERROR: REFL 11
  
 CYCLE NUMBER 1:
  
  ABERR F. =      112.03571192
  CONST F. =      0.116227E+07
  ERR. F.  =      0.116238E+07       (change =     -0.878341E+07)
  
  OPD   157.45453291     5.59136967
  WAV   159.18679274     6.66142982
  
  
  
  Parameter                 Value            Change
  CUY S2                1.20085103E-01      1.07E-03
  CUY S3               -3.38287356E-02     -5.13E-03
  CUY S4                1.42045296E-01     -9.72E-03
  CUY S5               -2.28155283E-02     -5.56E-03
  CUY S6               -6.66976420E-02     -1.50E-02
  CUY S7               -4.79355942E-02     -1.50E-02
  CUY S8               -2.90373523E-03     -6.86E-04
  CUY S9                3.70533317E-01     -2.36E-02
  CUY S10               1.49848590E-01     -3.43E-02
  CUY S11               3.09032296E-02     -8.89E-03
  A   S2                5.50744065E-04      3.51E-04
  A   S3               -1.65403437E-04     -3.87E-04
  A   S4                1.53693658E-03      5.75E-04
  A   S5               -5.48233304E-04     -6.46E-04
  A   S6                2.49668178E-03      7.46E-04
  A   S7                2.53667162E-03     -1.08E-03
  A   S8               -1.22952821E-02      9.40E-04
  A   S9               -9.93698813E-03     -3.28E-04
  A   S10               1.80494239E-02      6.18E-05
  A   S11               1.43606985E-02      4.83E-04
  THI S1                1.00000000E-03      6.01E-01
  THI S3                1.87021241E-01      1.20E-01
  THI S5                1.72174970E-01     -5.83E-03
  THI S7                1.83667804E-01     -5.33E-03
  THI S9                1.53231732E+00      1.28E+00
  THI S11               2.35815850E-01     -5.12E-01
  THI S14               2.50000000E-03     -8.07E-01
  THI S16               2.50000000E-03     -4.05E-02
  
        EFL          REDU         PIM          OAL         EN PUP       EX PUP
     18.114503     0.000000     1.738033    19.938497     0.000000   -14.047264
  
  Active Constraints -   5:    target        value         diff        cost
  EFL                    =   1.73271E+01   1.81145E+01   7.874E-01   8.149E-03
  Mn CT S1                                                           1.889E-05
  Mn ET S11                                                         -2.270E-06
  Mn ET S14                                                         -2.222E-06
  Mn ET S16                                                         -2.347E-06
  
  Weighted Constraints:        target        value        WTC/PTC     contrib
  @ATELIER_LATCOLOR      =   0.00000E+00   0.00000E+00   1.000E-02   0.000E+00
  @ATELIER_RMSSPOT       =   0.00000E+00   1.07808E+03   1.000E-03   1.162E+06
     WARNING - Frozen Thickness Violations:
  Mx CT S13
 RAY ERROR: MISS  3
 RAY ERROR: MISS  3
  
 CYCLE NUMBER 2:
  
  ABERR F. =       13.27457284
  CONST F. =      0.682956E+06
  ERR. F.  =      0.682970E+06       (change =     -0.479408E+06)
  
  OPD    17.05187377     4.93485076
  WAV    19.01396368     5.31104231
  
  
  
  Parameter                 Value            Change
  CUY S2                1.11031393E-01     -9.05E-03
  CUY S3               -4.39145394E-02     -1.01E-02
  CUY S4                1.41275544E-01     -7.70E-04
  CUY S5               -2.36386633E-02     -8.23E-04
  CUY S6               -6.96125625E-02     -2.91E-03
  CUY S7               -4.72333921E-02      7.02E-04
  CUY S8                1.59761084E-03      4.50E-03
  CUY S9                3.73849381E-01      3.32E-03
  CUY S10               1.55755098E-01      5.91E-03
  CUY S11               3.51547479E-02      4.25E-03
  A   S2                6.07133000E-04      5.64E-05
  A   S3               -2.35056835E-04     -6.97E-05
  A   S4                1.62510466E-03      8.82E-05
  A   S5               -6.39199893E-04     -9.10E-05
  A   S6                2.60018130E-03      1.03E-04
  A   S7                2.40372584E-03     -1.33E-04
  A   S8               -1.21639649E-02      1.31E-04
  A   S9               -1.03037217E-02     -3.67E-04
  A   S10               1.84395354E-02      3.90E-04
  A   S11               1.38859972E-02     -4.75E-04
  THI S1                1.00000000E-03      1.00E-15
  THI S3                2.19655454E-01      3.26E-02
  THI S5                1.77148714E-01      4.97E-03
  THI S7                1.89317746E-01      5.65E-03
  THI S9                1.46359105E+00     -6.87E-02
  THI S11              -5.72130396E-02     -2.93E-01
  THI S14               2.50000000E-03      5.32E-15
  THI S16               2.50000000E-03     -9.46E-15
  
        EFL          REDU         PIM          OAL         EN PUP       EX PUP
     17.903272     0.000000     1.872384    19.620000     0.000000   -13.668033
  
  Active Constraints -   5:    target        value         diff        cost
  EFL                    =   1.73271E+01   1.79033E+01   5.762E-01  -1.509E+01
  Mn CT S1                                                          -3.087E-02
  Mn ET S11                                                         -3.513E-04
  Mn ET S14                                                         -3.550E-04
  Mn ET S16                                                         -3.550E-04
  
  Weighted Constraints:        target        value        WTC/PTC     contrib
  @ATELIER_LATCOLOR      =   0.00000E+00   0.00000E+00   1.000E-02   0.000E+00
  @ATELIER_RMSSPOT       =   0.00000E+00   8.26412E+02   1.000E-03   6.830E+05
     WARNING - Frozen Thickness Violations:
  Mx CT S13
  
 CYCLE NUMBER 3:
  
  ABERR F. =       12.71825912
  CONST F. =      0.636548E+06
  ERR. F.  =      0.636561E+06       (change =     -0.464089E+05)
  
  OPD    16.66443148     5.49693643
  WAV    17.41809613     5.97551679
  
  
  
  Parameter                 Value            Change
  CUY S2                1.10517114E-01     -5.14E-04
  CUY S3               -4.47742689E-02     -8.60E-04
  CUY S4                1.43150176E-01      1.87E-03
  CUY S5               -2.21990948E-02      1.44E-03
  CUY S6               -6.05308792E-02      9.08E-03
  CUY S7               -3.52236901E-02      1.20E-02
  CUY S8                5.49236003E-03      3.89E-03
  CUY S9                3.80728879E-01      6.88E-03
  CUY S10               1.64402890E-01      8.65E-03
  CUY S11               3.84089211E-02      3.25E-03
  A   S2                6.53618685E-04      4.65E-05
  A   S3               -2.86326505E-04     -5.13E-05
  A   S4                1.68850983E-03      6.34E-05
  A   S5               -7.02496332E-04     -6.33E-05
  A   S6                2.67223853E-03      7.21E-05
  A   S7                2.31543282E-03     -8.83E-05
  A   S8               -1.20759999E-02      8.80E-05
  A   S9               -1.05521414E-02     -2.48E-04
  A   S10               1.87235836E-02      2.84E-04
  A   S11               1.35254208E-02     -3.61E-04
  THI S1                1.00000000E-03      4.12E-15
  THI S3                2.46737111E-01      2.71E-02
  THI S5                1.81251846E-01      4.10E-03
  THI S7                1.93984338E-01      4.67E-03
  THI S9                1.41297008E+00     -5.06E-02
  THI S11               1.72505824E-01      2.30E-01
  THI S14               2.50000000E-03     -5.34E-15
  THI S16               2.50000000E-03      6.76E-15
  
        EFL          REDU         PIM          OAL         EN PUP       EX PUP
     17.325066     0.000000     1.159561    19.834949     0.000000   -13.863796
  
  Active Constraints -   5:    target        value         diff        cost
  EFL                    =   1.73271E+01   1.73251E+01  -2.045E-03  -2.570E+01
  Mn CT S1                                                          -1.247E-01
  Mn ET S11                                                         -2.305E-02
  Mn ET S14                                                         -1.287E-02
  Mn ET S16                                                         -1.241E-02
  
  Weighted Constraints:        target        value        WTC/PTC     contrib
  @ATELIER_LATCOLOR      =   0.00000E+00   0.00000E+00   1.000E-02   0.000E+00
  @ATELIER_RMSSPOT       =   0.00000E+00   7.97840E+02   1.000E-03   6.365E+05
     WARNING - Frozen Thickness Violations:
  Mx CT S13
  
 CYCLE NUMBER 4:
  
  ABERR F. =       12.79606981
  CONST F. =      0.636540E+06
  ERR. F.  =      0.636553E+06       (change =     -0.749474E+01)
  
  OPD    16.76747380     5.53019725
  WAV    17.52378201     6.01193934
  
  
  
  Parameter                 Value            Change
  CUY S2                1.10504679E-01     -1.24E-05
  CUY S3               -4.47897516E-02     -1.55E-05
  CUY S4                1.43142158E-01     -8.02E-06
  CUY S5               -2.22034354E-02     -4.34E-06
  CUY S6               -6.05513287E-02     -2.04E-05
  CUY S7               -3.52531934E-02     -2.95E-05
  CUY S8                5.47272662E-03     -1.96E-05
  CUY S9                3.80697614E-01     -3.13E-05
  CUY S10               1.64363410E-01     -3.95E-05
  CUY S11               3.83904901E-02     -1.84E-05
  A   S2                6.54903634E-04      1.28E-06
  A   S3               -2.88008635E-04     -1.68E-06
  A   S4                1.68992628E-03      1.42E-06
  A   S5               -7.03519667E-04     -1.02E-06
  A   S6                2.67336882E-03      1.13E-06
  A   S7                2.31424242E-03     -1.19E-06
  A   S8               -1.20748681E-02      1.13E-06
  A   S9               -1.05560931E-02     -3.95E-06
  A   S10               1.87263808E-02      2.80E-06
  A   S11               1.35218887E-02     -3.53E-06
  THI S1                1.00000000E-03     -1.89E-17
  THI S3                2.46610169E-01     -1.27E-04
  THI S5                1.81233607E-01     -1.82E-05
  THI S7                1.93961165E-01     -2.32E-05
  THI S9                1.41260871E+00     -3.61E-04
  THI S11               1.74377659E-01      1.87E-03
  THI S14               2.50000000E-03     -3.34E-17
  THI S16               2.50000000E-03     -6.77E-17
  
        EFL          REDU         PIM          OAL         EN PUP       EX PUP
     17.327111     0.000000     1.159516    19.836291     0.000000   -13.864763
  
  Active Constraints -   5:    target        value         diff        cost
  EFL                    =   1.73271E+01   1.73271E+01  -6.620E-11   2.506E+02
  Mn CT S1                                                          -3.430E-01
  Mn ET S11                                                         -4.807E-01
  Mn ET S14                                                         -1.116E-01
  Mn ET S16                                                         -1.120E-01
  
  Weighted Constraints:        target        value        WTC/PTC     contrib
  @ATELIER_LATCOLOR      =   0.00000E+00   0.00000E+00   1.000E-02   0.000E+00
  @ATELIER_RMSSPOT       =   0.00000E+00   7.97835E+02   1.000E-03   6.365E+05
     WARNING - Frozen Thickness Violations:
  Mx CT S13
  
     Normal AUTO Completion - System improvement less than IMP
AUT> GO
 
 
CODE V> BUF PUT B1 I^row J1 "schema"
      Created new worksheet B1.
CODE V> BUF PUT B1 I^row J2 "atelier-codev-target-v1"
CODE V> BUF PUT B1 I^row J1 "status"
CODE V> BUF PUT B1 I^row J2 "ok"
CODE V> BUF PUT B1 I^row J1 "mode"
CODE V> BUF PUT B1 I^row J2 "target"
CODE V> BUF PUT B1 I^row J1 "stage"
CODE V> BUF PUT B1 I^row J2 "A"
CODE V> BUF PUT B1 I^row J1 "source_zmx"
CODE V> BUF PUT B1 I^row J2 "US-12443014-B2-e1.zmx"
CODE V> BUF PUT B1 I^row J1 "num_fields"
CODE V> BUF PUT B1 I^row J2 ^numf_out
CODE V> BUF PUT B1 I^row J1 "vignetting_edge"
CODE V> BUF PUT B1 I^row J2 0.2
CODE V> BUF PUT B1 I^row J1 "target.efl_mm"
CODE V> BUF PUT B1 I^row J2 ^target_efl
CODE V> BUF PUT B1 I^row J1 "target.f_number"
CODE V> BUF PUT B1 I^row J2 3.55161764705296
CODE V> BUF PUT B1 I^row J1 "seed_baseline.efl_y_mm"
CODE V> BUF PUT B1 I^row J2 ^seed_baseline_efl_y_mm
CODE V> BUF PUT B1 I^row J1 "seed_baseline.max_lateral_color_um"
CODE V> BUF PUT B1 I^row J2 ^seed_baseline_max_lateral_color_um
CODE V> BUF PUT B1 I^row J1 "seed_baseline.max_rms_spot_diameter_um"
CODE V> BUF PUT B1 I^row J2 ^seed_baseline_max_rms_spot_diameter_um
CODE V> BUF PUT B1 I^row J1 "seed_baseline.max_rms_wavefront_error_waves"
CODE V> BUF PUT B1 I^row J2 ^seed_baseline_max_rms_wavefront_error_waves
CODE V> BUF PUT B1 I^row J1 "seed_baseline.max_distortion_pct"
CODE V> BUF PUT B1 I^row J2 ^seed_baseline_max_distortion_pct
CODE V> BUF PUT B1 I^row J1 "seed_baseline.fno"
CODE V> BUF PUT B1 I^row J2 ^seed_baseline_fno
CODE V> BUF PUT B1 I^row J1 "seed_baseline.epd_mm"
CODE V> BUF PUT B1 I^row J2 ^seed_baseline_epd
CODE V> BUF PUT B1 I^row J1 "seed_baseline.maximh_mm"
CODE V> BUF PUT B1 I^row J2 ^seed_baseline_maximh
CODE V> BUF PUT B1 I^row J1 "config_pre_aut.efl_y_mm"
CODE V> BUF PUT B1 I^row J2 ^config_pre_aut_efl_y_mm
CODE V> BUF PUT B1 I^row J1 "config_pre_aut.max_lateral_color_um"
CODE V> BUF PUT B1 I^row J2 ^config_pre_aut_max_lateral_color_um
CODE V> BUF PUT B1 I^row J1 "config_pre_aut.max_rms_spot_diameter_um"
CODE V> BUF PUT B1 I^row J2 ^config_pre_aut_max_rms_spot_diameter_um
CODE V> BUF PUT B1 I^row J1 "config_pre_aut.max_rms_wavefront_error_waves"
CODE V> BUF PUT B1 I^row J2 ^config_pre_aut_max_rms_wavefront_error_waves
CODE V> BUF PUT B1 I^row J1 "config_pre_aut.max_distortion_pct"
CODE V> BUF PUT B1 I^row J2 ^config_pre_aut_max_distortion_pct
CODE V> BUF PUT B1 I^row J1 "config_pre_aut.fno"
CODE V> BUF PUT B1 I^row J2 ^config_pre_aut_fno
CODE V> BUF PUT B1 I^row J1 "config_pre_aut.epd_mm"
CODE V> BUF PUT B1 I^row J2 ^config_pre_aut_epd
CODE V> BUF PUT B1 I^row J1 "config_pre_aut.maximh_mm"
CODE V> BUF PUT B1 I^row J2 ^config_pre_aut_maximh
CODE V> BUF PUT B1 I^row J1 "post_aut.efl_y_mm"
CODE V> BUF PUT B1 I^row J2 ^post_aut_efl_y_mm
CODE V> BUF PUT B1 I^row J1 "post_aut.max_lateral_color_um"
CODE V> BUF PUT B1 I^row J2 ^post_aut_max_lateral_color_um
CODE V> BUF PUT B1 I^row J1 "post_aut.max_rms_spot_diameter_um"
CODE V> BUF PUT B1 I^row J2 ^post_aut_max_rms_spot_diameter_um
CODE V> BUF PUT B1 I^row J1 "post_aut.max_rms_wavefront_error_waves"
CODE V> BUF PUT B1 I^row J2 ^post_aut_max_rms_wavefront_error_waves
CODE V> BUF PUT B1 I^row J1 "post_aut.max_distortion_pct"
CODE V> BUF PUT B1 I^row J2 ^post_aut_max_distortion_pct
CODE V> BUF PUT B1 I^row J1 "post_aut.fno"
CODE V> BUF PUT B1 I^row J2 ^post_aut_fno
CODE V> BUF PUT B1 I^row J1 "post_aut.epd_mm"
CODE V> BUF PUT B1 I^row J2 ^post_aut_epd
CODE V> BUF PUT B1 I^row J1 "post_aut.maximh_mm"
CODE V> BUF PUT B1 I^row J2 ^post_aut_maximh
CODE V> BUF PUT B1 I^row J1 "efl_target_deviation_pct"
CODE V> BUF PUT B1 I^row J2 ^efl_target_dev_pct
CODE V> BUF PUT B1 I^row J1 "aut_converged"
CODE V> BUF PUT B1 I^row J2 ^aut_converged
CODE V> BUF EXP B1 "D:\atelier-wt-c\.planning\loop\p15-stageb-evidence\fno-matrix-2026-07-11\US-12443014-B2-e1_loosen\rung2_fno0355\ray_retry\atelier_codev_target_A_vig0200.tsv"
     Buffer B1 exported to file atelier_codev_target_A_vig0200.tsv
CODE V> BUF DEL B1
CODE V> OUT YES
CODE V> EXI YES
     EXI                                                                              11-Jul-26  14H  6M 29S
                                                 CODE V PC  Version: 11.5             CPU clock:  0H  0M  1S
