  
  
                                   Welcome to
  
                                   C O D E   V
  
                                PC  Version 11.5
                                   Build 27302701
  
                                   11-Jul-2026
  
                            A proprietary product of
  
                              SYNOPSYS, INC
                              Pasadena, California
  
CODE V> OUT NO
     Radius input/output mode
  
    Lens data created by Zemax version 191028
  
    Zemax command MODE ignored
     WARNING - Vignetting angles not used.
     ERROR - No wavelength  2 in zoom position  1
  
     Surface pointer = OBJ
    Zemax surface type  STANDARD
    CODE V surface type SPH
    Zemax command FIMP ignored.
     WARNING - Hiding of rays not used.
    Zemax command MIRR ignored.
    Zemax command SLAB ignored.
    Zemax command MEMA ignored.
    Zemax command POPS ignored.
  
     Surface pointer = 1
    Zemax surface type  STANDARD
    CODE V surface type SPH
    Zemax command FIMP ignored.
     WARNING - Hiding of rays not used.
    Zemax command MIRR ignored.
    Zemax command SLAB ignored.
    Zemax command MEMA ignored.
    Zemax command POPS ignored.
  
     Surface pointer = 2
    Zemax surface type  EVENASPH
    CODE V surface type ASP
    Zemax command FIMP ignored.
     WARNING - Hiding of rays not used.
    Zemax command MIRR ignored.
    Zemax command SLAB ignored.
     WARNING - Partial dispersion of model glass not used.
    Zemax command MEMA ignored.
    Zemax command POPS ignored.
  
     Surface pointer = 3
    Zemax surface type  EVENASPH
    CODE V surface type ASP
    Zemax command FIMP ignored.
     WARNING - Hiding of rays not used.
    Zemax command MIRR ignored.
    Zemax command SLAB ignored.
    Zemax command MEMA ignored.
    Zemax command POPS ignored.
  
     Surface pointer = 4
    Zemax surface type  EVENASPH
    CODE V surface type ASP
    Zemax command FIMP ignored.
     WARNING - Hiding of rays not used.
    Zemax command MIRR ignored.
    Zemax command SLAB ignored.
     WARNING - Partial dispersion of model glass not used.
    Zemax command MEMA ignored.
    Zemax command POPS ignored.
  
     Surface pointer = 5
    Zemax surface type  EVENASPH
    CODE V surface type ASP
    Zemax command FIMP ignored.
     WARNING - Hiding of rays not used.
    Zemax command MIRR ignored.
    Zemax command SLAB ignored.
    Zemax command MEMA ignored.
    Zemax command POPS ignored.
  
     Surface pointer = 6
    Zemax surface type  EVENASPH
    CODE V surface type ASP
    Zemax command FIMP ignored.
     WARNING - Hiding of rays not used.
    Zemax command MIRR ignored.
    Zemax command SLAB ignored.
     WARNING - Partial dispersion of model glass not used.
    Zemax command MEMA ignored.
    Zemax command POPS ignored.
  
     Surface pointer = 7
    Zemax surface type  EVENASPH
    CODE V surface type ASP
    Zemax command FIMP ignored.
     WARNING - Hiding of rays not used.
    Zemax command MIRR ignored.
    Zemax command SLAB ignored.
    Zemax command MEMA ignored.
    Zemax command POPS ignored.
  
     Surface pointer = 8
    Zemax surface type  EVENASPH
    CODE V surface type ASP
    Zemax command FIMP ignored.
     WARNING - Hiding of rays not used.
    Zemax command MIRR ignored.
    Zemax command SLAB ignored.
     WARNING - Partial dispersion of model glass not used.
    Zemax command MEMA ignored.
    Zemax command POPS ignored.
  
     Surface pointer = 9
    Zemax surface type  EVENASPH
    CODE V surface type ASP
    Zemax command FIMP ignored.
     WARNING - Hiding of rays not used.
    Zemax command MIRR ignored.
    Zemax command SLAB ignored.
    Zemax command MEMA ignored.
    Zemax command POPS ignored.
  
     Surface pointer = 10
    Zemax surface type  EVENASPH
    CODE V surface type ASP
    Zemax command FIMP ignored.
     WARNING - Hiding of rays not used.
    Zemax command MIRR ignored.
    Zemax command SLAB ignored.
     WARNING - Partial dispersion of model glass not used.
    Zemax command MEMA ignored.
    Zemax command POPS ignored.
  
     Surface pointer = 11
    Zemax surface type  EVENASPH
    CODE V surface type ASP
    Zemax command FIMP ignored.
     WARNING - Hiding of rays not used.
    Zemax command MIRR ignored.
    Zemax command SLAB ignored.
    Zemax command MEMA ignored.
    Zemax command POPS ignored.
  
     Surface pointer = 12
    Zemax surface type  STANDARD
    CODE V surface type SPH
    Zemax command FIMP ignored.
     WARNING - Hiding of rays not used.
    Zemax command MIRR ignored.
    Zemax command SLAB ignored.
    Zemax command MEMA ignored.
    Zemax command POPS ignored.
  
     Surface pointer = 13
    Zemax surface type  STANDARD
    CODE V surface type SPH
    Zemax command FIMP ignored.
     WARNING - Hiding of rays not used.
    Zemax command MIRR ignored.
    Zemax command SLAB ignored.
     WARNING - Partial dispersion of model glass not used.
    Zemax command MEMA ignored.
    Zemax command POPS ignored.
  
     Surface pointer = 14
    Zemax surface type  STANDARD
    CODE V surface type SPH
    Zemax command FIMP ignored.
     WARNING - Hiding of rays not used.
    Zemax command MIRR ignored.
    Zemax command SLAB ignored.
    Zemax command MEMA ignored.
    Zemax command POPS ignored.
  
     Surface pointer = 15
    Zemax surface type  STANDARD
    CODE V surface type SPH
    Zemax command FIMP ignored.
     WARNING - Hiding of rays not used.
    Zemax command MIRR ignored.
    Zemax command SLAB ignored.
     WARNING - Partial dispersion of model glass not used.
    Zemax command MEMA ignored.
    Zemax command POPS ignored.
  
     Surface pointer = 16
    Zemax surface type  STANDARD
    CODE V surface type SPH
    Zemax command FIMP ignored.
     WARNING - Hiding of rays not used.
    Zemax command MIRR ignored.
    Zemax command SLAB ignored.
    Zemax command MEMA ignored.
    Zemax command POPS ignored.
  
     Surface pointer = IMG
    Zemax surface type  STANDARD
    CODE V surface type SPH
    Zemax command FIMP ignored.
     WARNING - Hiding of rays not used.
    Zemax command MIRR ignored.
    Zemax command SLAB ignored.
    Zemax command MEMA ignored.
    Zemax command POPS ignored.
    Zemax command ! AT ignored.
    Zemax command ! AT ignored.
    Zemax command ! AT ignored.
    Zemax command ! AT ignored.
  
     WARNING - Please check the converted lens carefully.
               Some information will not be converted.
               Changes in either CODE V or ZEMAX may invalidate
               the converted information.
               Due to differences between CODE V and ZEMAX ray
               aiming and vignetting factors, it is recommended
               that you set vignetting for the converted system.
  
               A concise listing of conversion warnings appears
               in the Tabbed Output Window 'Info' tab and in the
               Command Window.
  
CODE V> DEF VAR SA
     ERROR - Ray missed surface   3 for zoom position  1
     ERROR - Ray missed surface   3 for zoom position  1
     ERROR - Ray missed surface   3 for zoom position  1
     ERROR - Ray missed surface   4 for zoom position  1
     ERROR - Total reflection at surface   9 for zoom position  1
     ERROR - Ray missed surface   3 for zoom position  1
     ERROR - Ray missed surface   4 for zoom position  1
     ERROR - Total reflection at surface   9 for zoom position  1
     ERROR - One or more of the reference rays from field  1 is deviated far from
             most of the other rays from this field point.  The reference rays are
             used to determine the numerical aperture and the grid spacing.  Thus, it
             is important that these rays are focused at approximately the same spot
             as the other rays from this field point.  Modifying the vignetting
             may solve this problem and allow the computation to proceed.
CODE V> FNO 3.55161764705296
CODE V> VUY 0 0.5
CODE V> VLY 0 0.5
CODE V> VUX 0 0.5
CODE V> VLX 0 0.5
 
 
CODE V> AUT
     AUT                                                                              11-Jul-26  14H  6M 42S
                                                 CODE V PC  Version: 11.5             CPU clock:  0H  0M  0S
     WARNING - CODE V places the reference sphere at the exit pupil.  However,
               the aberrations of this lens make the OPD data (and any quantity
               that depends upon OPD data) very sensitive to the exact value of
               the reference sphere radius.  You can use the RSL command to
               reposition the reference sphere if that is appropriate for
               your application.
     ***Defocussing frozen to eliminate redundant variable
AUT>   SUR N
AUT>   CHG SA
AUT>   WFR Y
AUT>   WTF FA 10
AUT>   EFL = 17.3271113483923
AUT>   @atelier_latcolor == @lcum(1)
AUT>   @atelier_latcolor = 0
AUT>   WTC 0.01
AUT>   @atelier_rmsspot == @rmssum(1)
AUT>   @atelier_rmsspot = 0
AUT>   WTC 0.001
AUT>   MNT 0.025
AUT>   MNE 0.025
AUT>   MXT 10
AUT>   MNA 0.001
AUT>   MXC 25
AUT>   MNC 3
AUT>   IMP 0.001
AUT> GO
 -------------------------------------------------------------------------------
  
       USER CONSTRAINT DEFINITIONS
            @atelier_rmsspot == @rmssum(1)
  
            @atelier_latcolor == @lcum(1)
  
  
  
       POTENTIALLY ACTIVE SPECIFIC CONSTRAINTS
         EFL                                  =      17.327111
         @ATELIER_LATCOLOR                    =       0.000000     (WTC =    0.01000)
         @ATELIER_RMSSPOT                     =       0.000000     (WTC =    0.00100)
  
       GENERAL CONSTRAINTS
         MXT      10.000000
         MNT       0.025000
         MNE       0.025000
         MNA       0.001000
         MAE       0.002500
         GLA               NFK5  NSK16  NLAF2  SF4
  
       ERROR FUNCTION CONSTRUCTION
         WFR        Y
         WTW       1
         WTA       0.000000
         DEL       0.220000
         WTX F1   10.000000
         WTX F2   10.000000
         WTY F1   10.000000
         WTY F2   10.000000
  
       CONVERGENCE CONTROLS
         MXC        25
         MNC         3
         TAR       0.000000
         IMP       0.001000
  
       OUTPUT CONTROLS
         SUR NO
         CHG S0..17
  
     Recommendations for most stable convergence:
  
       Use object space aperture specifications:
       - NAO for finite conjugate systems
       - EPD for infinite conjugate systems
  
       VARIABLE LIST
  
         NO      PARAMETERS *
          1      CUY S2       CUY S3       CUY S4       CUY S5       CUY S6       CUY S7
          2      CUY S3       CUY S4
          3      CUY S4       CUY S5       CUY S6       CUY S7
          4      CUY S5       CUY S6
          5      CUY S6       CUY S7
          6      CUY S7       CUY S8
          7      CUY S8       CUY S9
          8      CUY S9       CUY S10
          9      CUY S10       CUY S11
         10      CUY S11
         11      A   S2
         12      A   S3
         13      A   S4
         14      A   S5
         15      A   S6
         16      A   S7
         17      A   S8
         18      A   S9
         19      A   S10
         20      A   S11
         21      THI S1
         22      THI S3
         23      THI S5
         24      THI S7
         25      THI S9
         26      THI S11
         27      THI S14
         28      THI S16
  
     * Multiple entries on a line are composite variables.
     Composite variables are either program-generated bendings
     or user-requested couplings.
  
      28 VARIABLES
  
      28 CONSTRAINTS CAN BE ACTIVE
  
     RELATIVE TIME PER CYCLE IS   99.9 UNITS
     WARNING - The macro function SPOTDATA is not supported on multiple threads.
               CODE V will set the multiple processor setting (MPP) to 1 to prevent errors.
               Please refer to the CODE V Setup and Operation Reference Manual for a complete list
               of pre-defined macro functions that are currently limited to running on a single thread.
  
 CYCLE NUMBER 0:
  
  ABERR F. =       71.71232294
  CONST F. =      0.994572E+07
  ERR. F.  =      0.994579E+07
  
  OPD    99.01018333     2.79328790
  WAV   103.68574031     3.01287893
  
  
  
  Parameter                 Value            Change
  CUY S2                1.19017865E-01      0.00E+00
  CUY S3               -2.86938282E-02      0.00E+00
  CUY S4                1.51761189E-01      0.00E+00
  CUY S5               -1.72528316E-02      0.00E+00
  CUY S6               -5.17298461E-02      0.00E+00
  CUY S7               -3.29363406E-02      0.00E+00
  CUY S8               -2.21815462E-03      0.00E+00
  CUY S9                3.94150802E-01      0.00E+00
  CUY S10               1.84182414E-01      0.00E+00
  CUY S11               3.97968767E-02      0.00E+00
  A   S2                1.99550000E-04      0.00E+00
  A   S3                2.21309000E-04      0.00E+00
  A   S4                9.61698000E-04      0.00E+00
  A   S5                9.74953000E-05      0.00E+00
  A   S6                1.75034000E-03      0.00E+00
  A   S7                3.61354000E-03      0.00E+00
  A   S8               -1.32356000E-02      0.00E+00
  A   S9               -9.60889000E-03      0.00E+00
  A   S10               1.79876000E-02      0.00E+00
  A   S11               1.38781000E-02      0.00E+00
  THI S1               -6.00000000E-01      0.00E+00
  THI S3                6.70000000E-02      0.00E+00
  THI S5                1.78000000E-01      0.00E+00
  THI S7                1.89000000E-01      0.00E+00
  THI S9                2.51000000E-01      0.00E+00
  THI S11               7.48000000E-01      0.00E+00
  THI S14               8.10000000E-01      0.00E+00
  THI S16               4.30000000E-02      0.00E+00
  
        EFL          REDU         PIM          OAL         EN PUP       EX PUP
     17.337628     0.000000     0.072205    19.267000     0.000000   -12.926250
  
  Specific Constraints:        target        value         diff      active (**)
  EFL                    =   1.73271E+01   1.73376E+01   1.052E-02    **
  
  Weighted Constraints:        target        value        WTC/PTC     contrib
  @ATELIER_LATCOLOR      =   0.00000E+00   0.00000E+00   1.000E-02   0.000E+00
  @ATELIER_RMSSPOT       =   0.00000E+00   3.15368E+03   1.000E-03   9.946E+06
     WARNING - Frozen Thickness Violations:
  Mx CT S13
  
  Constraints added:      EFL (=)                     Mn CT S1 (>)
 RAY ERROR: REFL  9
  Constraints added:      Mn ET S11 (>)               Mn ET S14 (>)
                          Mn ET S16 (>)
 RAY ERROR: REFL  9
 RAY ERROR: REFL  9
  Constraints released:   Mn CT S1 (>)
  
 CYCLE NUMBER 1:
  
  ABERR F. =        6.12417261
  CONST F. =      0.134829E+07
  ERR. F.  =      0.134830E+07       (change =     -0.859749E+07)
  
  OPD     5.98143869     1.52488870
  WAV    10.46277285     1.56507203
  
  
  
  Parameter                 Value            Change
  CUY S2                1.16996042E-01     -2.02E-03
  CUY S3               -3.33521066E-02     -4.66E-03
  CUY S4                1.44760391E-01     -7.00E-03
  CUY S5               -2.18433529E-02     -4.59E-03
  CUY S6               -6.30362863E-02     -1.13E-02
  CUY S7               -4.60691596E-02     -1.31E-02
  CUY S8               -4.61249296E-03     -2.39E-03
  CUY S9                4.33683005E-01      3.95E-02
  CUY S10               2.25006568E-01      4.08E-02
  CUY S11               4.11346557E-02      1.34E-03
  A   S2                2.80114126E-04      8.06E-05
  A   S3                4.83519212E-05     -1.73E-04
  A   S4                1.16629973E-03      2.05E-04
  A   S5               -1.86082893E-04     -2.84E-04
  A   S6                2.07531742E-03      3.25E-04
  A   S7                3.08129141E-03     -5.32E-04
  A   S8               -1.27042811E-02      5.31E-04
  A   S9               -1.11166239E-02     -1.51E-03
  A   S10               2.14353294E-02      3.45E-03
  A   S11               9.25397006E-03     -4.62E-03
  THI S1                1.87329774E+00      2.47E+00
  THI S3                7.68362708E-02      9.84E-03
  THI S5                1.71889218E-01     -6.11E-03
  THI S7                1.83411563E-01     -5.59E-03
  THI S9                7.03744036E-01      4.53E-01
  THI S11               5.46270252E-01     -2.02E-01
  THI S14               4.06250000E-01     -4.04E-01
  THI S16               2.27500000E-02     -2.02E-02
  
        EFL          REDU         PIM          OAL         EN PUP       EX PUP
     16.942079     0.000000     0.794827    21.585699     0.000000   -14.992243
  
  Active Constraints -   4:    target        value         diff        cost
  EFL                    =   1.73271E+01   1.69421E+01  -3.850E-01  -9.497E-04
  Mn ET S11                                                         -6.172E-06
  Mn ET S14                                                         -6.154E-06
  Mn ET S16                                                         -6.189E-06
  
  Weighted Constraints:        target        value        WTC/PTC     contrib
  @ATELIER_LATCOLOR      =   0.00000E+00   0.00000E+00   1.000E-02   0.000E+00
  @ATELIER_RMSSPOT       =   0.00000E+00   1.16116E+03   1.000E-03   1.348E+06
     WARNING - Frozen Thickness Violations:
  Mx CT S13
  
 CYCLE NUMBER 2:
  
  ABERR F. =        8.80736613
  CONST F. =      0.239146E+06
  ERR. F.  =      0.239155E+06       (change =     -0.110914E+07)
  
  OPD    12.16170086     1.12416522
  WAV    12.63545836     1.20551639
  
  
  
  Parameter                 Value            Change
  CUY S2                1.21797499E-01      4.80E-03
  CUY S3               -3.22648578E-02      1.09E-03
  CUY S4                1.53467603E-01      8.71E-03
  CUY S5               -8.81808548E-03      1.30E-02
  CUY S6               -1.41894300E-02      4.88E-02
  CUY S7                3.24875484E-03      4.93E-02
  CUY S8               -1.96846912E-02     -1.51E-02
  CUY S9                3.79763622E-01     -5.39E-02
  CUY S10               1.83304376E-01     -4.17E-02
  CUY S11               3.70895854E-02     -4.05E-03
  A   S2                7.74201468E-04      4.94E-04
  A   S3               -2.47552197E-04     -2.96E-04
  A   S4                9.25599267E-04     -2.41E-04
  A   S5               -1.10898954E-03     -9.23E-04
  A   S6                3.24972533E-03      1.17E-03
  A   S7                1.11892088E-03     -1.96E-03
  A   S8               -1.05844235E-02      2.12E-03
  A   S9               -4.26899445E-03      6.85E-03
  A   S10               2.03883933E-02     -1.05E-03
  A   S11               7.52516290E-03     -1.73E-03
  THI S1                3.07742600E+00      1.20E+00
  THI S3                1.05113835E-01      2.83E-02
  THI S5                1.71924003E-01      3.48E-05
  THI S7                1.79603664E-01     -3.81E-03
  THI S9                2.93077452E-01     -4.11E-01
  THI S11               6.94010503E-02     -4.77E-01
  THI S14               2.50000000E-03     -4.04E-01
  THI S16               2.50000000E-03     -2.02E-02
  
        EFL          REDU         PIM          OAL         EN PUP       EX PUP
     16.776335     0.000000     1.049994    21.523046     0.000000   -13.981847
  
  Active Constraints -   4:    target        value         diff        cost
  EFL                    =   1.73271E+01   1.67763E+01  -5.508E-01   4.818E-03
  Mn ET S11                                                         -4.880E-06
  Mn ET S14                                                         -4.880E-06
  Mn ET S16                                                         -4.880E-06
  
  Weighted Constraints:        target        value        WTC/PTC     contrib
  @ATELIER_LATCOLOR      =   0.00000E+00   0.00000E+00   1.000E-02   0.000E+00
  @ATELIER_RMSSPOT       =   0.00000E+00   4.89025E+02   1.000E-03   2.391E+05
     WARNING - Frozen Thickness Violations:
  Mx CT S13
 RAY ERROR: REFL  7
  
 CYCLE NUMBER 3:
  
  ABERR F. =        6.29148255
  CONST F. =      0.159107E+06
  ERR. F.  =      0.159113E+06       (change =     -0.800412E+05)
  
  OPD     8.38176019     2.38179831
  WAV     8.74551455     2.43312945
  
  
  
  Parameter                 Value            Change
  CUY S2                1.24446124E-01      2.65E-03
  CUY S3               -2.77805593E-02      4.48E-03
  CUY S4                1.61692041E-01      8.22E-03
  CUY S5                8.77919015E-03      1.76E-02
  CUY S6               -7.74516931E-02     -6.33E-02
  CUY S7               -9.98906986E-02     -1.03E-01
  CUY S8               -8.13509874E-02     -6.17E-02
  CUY S9                3.48474356E-01     -3.13E-02
  CUY S10               1.74523518E-01     -8.78E-03
  CUY S11               4.45185817E-03     -3.26E-02
  A   S2                6.85638799E-04     -8.86E-05
  A   S3               -1.39771043E-04      1.08E-04
  A   S4                8.15665752E-04     -1.10E-04
  A   S5               -9.80041002E-04      1.29E-04
  A   S6                3.09862830E-03     -1.51E-04
  A   S7                1.27338268E-03      1.54E-04
  A   S8               -1.07231313E-02     -1.39E-04
  A   S9               -3.93770566E-03      3.31E-04
  A   S10               2.00937933E-02     -2.95E-04
  A   S11               7.81399487E-03      2.89E-04
  THI S1                1.99227469E+00     -1.09E+00
  THI S3                1.04490611E-01     -6.23E-04
  THI S5                1.46593810E-01     -2.53E-02
  THI S7                1.47466988E-01     -3.21E-02
  THI S9                1.20236607E+00      9.09E-01
  THI S11               8.04462130E-02      1.10E-02
  THI S14               2.50000000E-03      5.67E-13
  THI S16               2.50000000E-03     -3.88E-13
  
        EFL          REDU         PIM          OAL         EN PUP       EX PUP
     16.276970     0.000000     1.627550    21.300138     0.000000   -15.806652
  
  Active Constraints -   4:    target        value         diff        cost
  EFL                    =   1.73271E+01   1.62770E+01  -1.050E+00   1.356E-03
  Mn ET S11                                                         -2.256E-06
  Mn ET S14                                                         -2.120E-06
  Mn ET S16                                                         -2.120E-06
  
  Weighted Constraints:        target        value        WTC/PTC     contrib
  @ATELIER_LATCOLOR      =   0.00000E+00   0.00000E+00   1.000E-02   0.000E+00
  @ATELIER_RMSSPOT       =   0.00000E+00   3.98882E+02   1.000E-03   1.591E+05
     WARNING - Frozen Thickness Violations:
  Mx CT S13
  
  Constraints added:      Mn CT S1 (>)
  
 CYCLE NUMBER 4:
  
  ABERR F. =        3.95798061
  CONST F. =      0.102607E+06
  ERR. F.  =      0.102611E+06       (change =     -0.565022E+05)
  
  OPD     4.74588137     1.55369976
  WAV     5.92818691     1.60675726
  
  
  
  Parameter                 Value            Change
  CUY S2                1.26746121E-01      2.30E-03
  CUY S3                4.82705485E-02      7.61E-02
  CUY S4                2.40382971E-01      7.87E-02
  CUY S5                7.83040753E-03     -9.49E-04
  CUY S6               -7.12265156E-02      6.23E-03
  CUY S7               -8.44808962E-02      1.54E-02
  CUY S8               -7.42532403E-02      7.10E-03
  CUY S9                3.26619583E-01     -2.19E-02
  CUY S10               1.36753973E-01     -3.78E-02
  CUY S11              -8.38635735E-04     -5.29E-03
  A   S2                1.41469231E-03      7.29E-04
  A   S3               -6.28293403E-04     -4.89E-04
  A   S4                1.45994730E-03      6.44E-04
  A   S5               -1.47031761E-03     -4.90E-04
  A   S6                3.57975517E-03      4.81E-04
  A   S7                8.69967816E-04     -4.03E-04
  A   S8               -1.03232324E-02      4.00E-04
  A   S9               -4.23883725E-03     -3.01E-04
  A   S10               1.99508999E-02     -1.43E-04
  A   S11               7.66469985E-03     -1.49E-04
  THI S1                1.00000000E-03     -1.99E+00
  THI S3                6.32895320E-01      5.28E-01
  THI S5                1.66974393E-01      2.04E-02
  THI S7                1.63904487E-01      1.64E-02
  THI S9                5.74174972E-01     -6.28E-01
  THI S11               1.63603369E-02     -6.41E-02
  THI S14               2.50000000E-03      5.68E-13
  THI S16               2.50000000E-03     -3.89E-13
  
        EFL          REDU         PIM          OAL         EN PUP       EX PUP
     17.322141     0.000000     1.594832    19.181810     0.000000   -12.745967
  
  Active Constraints -   5:    target        value         diff        cost
  EFL                    =   1.73271E+01   1.73221E+01  -4.971E-03   4.533E-04
  Mn CT S1                                                          -6.529E-08
  Mn CT S11                                                         -2.503E-07
  Mn ET S14                                                         -5.251E-07
  Mn ET S16                                                         -5.060E-07
  
  Weighted Constraints:        target        value        WTC/PTC     contrib
  @ATELIER_LATCOLOR      =   0.00000E+00   0.00000E+00   1.000E-02   0.000E+00
  @ATELIER_RMSSPOT       =   0.00000E+00   3.20324E+02   1.000E-03   1.026E+05
     WARNING - Frozen Thickness Violations:
  Mx CT S13
 RAY ERROR: REFL 11
     Derivative scaled for variable   2
  
  Constraints released:   Mn CT S1 (>)                Mn CT S11 (>)
                          Mn ET S14 (>)
  Constraints added:      Mn ET S9 (>)
  Constraints released:   Mn ET S16 (>)
  Constraints released:   Mn ET S16 (>)
  
 CYCLE NUMBER 5:
  
  ABERR F. =        2.46412638
  CONST F. =    55707.51022566
  ERR. F.  =    55709.97435204       (change =   -46901.14324216)
  
  OPD     3.00308420     1.16463641
  WAV     3.52880583     1.20843372
  
  
  
  Parameter                 Value            Change
  CUY S2                1.26368187E-01     -3.78E-04
  CUY S3                4.75832601E-02     -6.87E-04
  CUY S4                2.42317965E-01      1.93E-03
  CUY S5                9.22997139E-03      1.40E-03
  CUY S6               -7.18823901E-02     -6.56E-04
  CUY S7               -8.22914685E-02      2.19E-03
  CUY S8               -7.10434371E-02      3.21E-03
  CUY S9                3.18226824E-01     -8.39E-03
  CUY S10               1.32125094E-01     -4.63E-03
  CUY S11               4.70236242E-03      5.54E-03
  A   S2                1.45036192E-03      3.57E-05
  A   S3               -6.70574030E-04     -4.23E-05
  A   S4                1.51174563E-03      5.18E-05
  A   S5               -1.52484994E-03     -5.45E-05
  A   S6                3.63959876E-03      5.98E-05
  A   S7                8.02742014E-04     -6.72E-05
  A   S8               -1.02558127E-02      6.74E-05
  A   S9               -4.39941147E-03     -1.61E-04
  A   S10               2.00952874E-02      1.44E-04
  A   S11               7.48782307E-03     -1.77E-04
  THI S1                2.83069838E-01      2.82E-01
  THI S3                6.26523520E-01     -6.37E-03
  THI S5                1.71756283E-01      4.78E-03
  THI S7                1.67361615E-01      3.46E-03
  THI S9                1.64974110E-01     -4.09E-01
  THI S11               8.96057068E-02      7.32E-02
  THI S14               7.59957021E-02      7.35E-02
  THI S16               7.57428603E-02      7.32E-02
  
        EFL          REDU         PIM          OAL         EN PUP       EX PUP
     17.266017     0.000000     1.324990    19.203287     0.000000   -12.378243
  
  Active Constraints -   2:    target        value         diff        cost
  EFL                    =   1.73271E+01   1.72660E+01  -6.109E-02   1.363E-03
  Mn ET S9                                                          -4.101E-07
  
  Weighted Constraints:        target        value        WTC/PTC     contrib
  @ATELIER_LATCOLOR      =   0.00000E+00   0.00000E+00   1.000E-02   0.000E+00
  @ATELIER_RMSSPOT       =   0.00000E+00   2.36024E+02   1.000E-03   5.571E+04
     WARNING - Frozen Thickness Violations:
  Mx CT S13
  
  Constraints released:   Mn ET S9 (>)
  Constraints added:      Mn ET S5 (>)
  Constraints released:   Mn ET S5 (>)
  
 CYCLE NUMBER 6:
  
  ABERR F. =        2.37810039
  CONST F. =    34476.83567638
  ERR. F.  =    34479.21377676       (change =   -21230.76057528)
  
  OPD     2.72545996     1.58971049
  WAV     3.14616332     1.66366786
  
  
  
  Parameter                 Value            Change
  CUY S2                1.26741990E-01      3.74E-04
  CUY S3                4.84217004E-02      8.38E-04
  CUY S4                2.42431582E-01      1.14E-04
  CUY S5                1.07005318E-02      1.47E-03
  CUY S6               -6.87914452E-02      3.09E-03
  CUY S7               -1.23519024E-01     -4.12E-02
  CUY S8               -4.85013577E-02      2.25E-02
  CUY S9                3.88094150E-01      6.99E-02
  CUY S10               1.24315508E-01     -7.81E-03
  CUY S11              -8.20019117E-03     -1.29E-02
  A   S2                1.39846262E-03     -5.19E-05
  A   S3               -6.05712746E-04      6.49E-05
  A   S4                1.43358503E-03     -7.82E-05
  A   S5               -1.43483288E-03      9.00E-05
  A   S6                3.54097677E-03     -9.86E-05
  A   S7                9.16162856E-04      1.13E-04
  A   S8               -1.03673160E-02     -1.12E-04
  A   S9               -4.17252881E-03      2.27E-04
  A   S10               1.98828245E-02     -2.12E-04
  A   S11               7.75185623E-03      2.64E-04
  THI S1                3.80318383E+00      3.52E+00
  THI S3                7.71529967E-01      1.45E-01
  THI S5                1.28255056E-01     -4.35E-02
  THI S7                1.41127448E-01     -2.62E-02
  THI S9                9.95720811E-01      8.31E-01
  THI S11               6.88686506E-02     -2.07E-02
  THI S14               5.51899026E-02     -2.08E-02
  THI S16               5.50063882E-02     -2.07E-02
  
        EFL          REDU         PIM          OAL         EN PUP       EX PUP
     17.189598     0.000000     1.192127    23.587876     0.000000   -17.020619
  
  Active Constraints -   1:    target        value         diff        cost
  EFL                    =   1.73271E+01   1.71896E+01  -1.375E-01   1.063E-03
  
  Weighted Constraints:        target        value        WTC/PTC     contrib
  @ATELIER_LATCOLOR      =   0.00000E+00   0.00000E+00   1.000E-02   0.000E+00
  @ATELIER_RMSSPOT       =   0.00000E+00   1.85679E+02   1.000E-03   3.448E+04
     WARNING - Frozen Thickness Violations:
  Mx CT S13
  
 CYCLE NUMBER 7:
  
  ABERR F. =        1.71464961
  CONST F. =    63347.90915765
  ERR. F.  =    63349.62380726       (change =    28870.41003049)
  
  OPD     1.39691333     0.69288974
  WAV     2.96200483     0.74508886
  
  
  
  Parameter                 Value            Change
  CUY S2                1.27010675E-01      2.69E-04
  CUY S3                4.89896555E-02      5.68E-04
  CUY S4                2.43440380E-01      1.01E-03
  CUY S5                1.54092113E-02      4.71E-03
  CUY S6               -6.29910121E-02      5.80E-03
  CUY S7               -1.19563022E-01      3.96E-03
  CUY S8               -5.10857623E-02     -2.58E-03
  CUY S9                3.82228655E-01     -5.87E-03
  CUY S10               1.25690744E-01      1.38E-03
  CUY S11              -5.50547809E-03      2.69E-03
  A   S2                1.41900408E-03      2.05E-05
  A   S3               -6.29370595E-04     -2.37E-05
  A   S4                1.45946365E-03      2.59E-05
  A   S5               -1.46320454E-03     -2.84E-05
  A   S6                3.57110093E-03      3.01E-05
  A   S7                8.84966267E-04     -3.12E-05
  A   S8               -1.03326010E-02      3.47E-05
  A   S9               -4.25668736E-03     -8.42E-05
  A   S10               1.99515263E-02      6.87E-05
  A   S11               7.66769557E-03     -8.42E-05
  THI S1                9.27965787E-01     -2.88E+00
  THI S3                1.71434390E+00      9.43E-01
  THI S5                1.35041391E-01      6.79E-03
  THI S7                1.41501677E-01      3.74E-04
  THI S9                9.90010491E-01     -5.71E-03
  THI S11               7.05455636E-02      1.68E-03
  THI S14               5.68662408E-02      1.68E-03
  THI S16               5.66833062E-02      1.68E-03
  
        EFL          REDU         PIM          OAL         EN PUP       EX PUP
     17.323450     0.000000     0.648204    21.660275     0.000000   -14.989458
  
  Active Constraints -   1:    target        value         diff        cost
  EFL                    =   1.73271E+01   1.73235E+01  -3.661E-03   5.341E-04
  
  Weighted Constraints:        target        value        WTC/PTC     contrib
  @ATELIER_LATCOLOR      =   0.00000E+00   0.00000E+00   1.000E-02   0.000E+00
  @ATELIER_RMSSPOT       =   0.00000E+00   2.51690E+02   1.000E-03   6.335E+04
     WARNING - Frozen Thickness Violations:
  Mx CT S13
  
  Constraints added:      Mn CT S11 (>)               Mn ET S14 (>)
                          Mn ET S16 (>)
  
 CYCLE NUMBER 8:
  
  ABERR F. =        2.11225222
  CONST F. =    38461.14479434
  ERR. F.  =    38463.25704656       (change =   -24886.36676070)
  
  OPD     2.56271006     0.51196946
  WAV     3.27536302     0.53743764
  
  
  
  Parameter                 Value            Change
  CUY S2                1.26917516E-01     -9.32E-05
  CUY S3                4.87180208E-02     -2.72E-04
  CUY S4                2.43072578E-01     -3.68E-04
  CUY S5                1.60451343E-02      6.36E-04
  CUY S6               -6.26049694E-02      3.86E-04
  CUY S7               -1.21014177E-01     -1.45E-03
  CUY S8               -5.29274412E-02     -1.84E-03
  CUY S9                3.82074940E-01     -1.54E-04
  CUY S10               1.34383433E-01      8.69E-03
  CUY S11               2.78429856E-03      8.29E-03
  A   S2                1.43832141E-03      1.93E-05
  A   S3               -6.51966505E-04     -2.26E-05
  A   S4                1.49336465E-03      3.39E-05
  A   S5               -1.50134326E-03     -3.81E-05
  A   S6                3.61160946E-03      4.05E-05
  A   S7                8.42876892E-04     -4.21E-05
  A   S8               -1.02831331E-02      4.95E-05
  A   S9               -4.38418822E-03     -1.28E-04
  A   S10               2.00589340E-02      1.07E-04
  A   S11               7.53622833E-03     -1.31E-04
  THI S1                1.19273924E+00      2.65E-01
  THI S3                1.80348641E+00      8.91E-02
  THI S5                1.33704147E-01     -1.34E-03
  THI S7                1.45153529E-01      3.65E-03
  THI S9                9.17659204E-01     -7.24E-02
  THI S11               1.00000000E-03     -6.95E-02
  THI S14               2.50000000E-03     -5.44E-02
  THI S16               2.50000000E-03     -5.42E-02
  
        EFL          REDU         PIM          OAL         EN PUP       EX PUP
     17.327214     0.000000     0.701386    21.820243     0.000000   -14.960245
  
  Active Constraints -   4:    target        value         diff        cost
  EFL                    =   1.73271E+01   1.73272E+01   1.029E-04  -8.917E-04
  Mn ET S11                                                         -7.512E-07
  Mn ET S14                                                         -9.373E-07
  Mn ET S16                                                         -9.396E-07
  
  Weighted Constraints:        target        value        WTC/PTC     contrib
  @ATELIER_LATCOLOR      =   0.00000E+00   0.00000E+00   1.000E-02   0.000E+00
  @ATELIER_RMSSPOT       =   0.00000E+00   1.96115E+02   1.000E-03   3.846E+04
     WARNING - Frozen Thickness Violations:
  Mx CT S13
 RAY ERROR: MISS  5
 RAY ERROR: MISS  5
  
  Constraints added:      Mn CT S1 (>)
 RAY ERROR: MISS  5
 RAY ERROR: MISS  5
 RAY ERROR: MISS  5
 RAY ERROR: MISS  5
  
 CYCLE NUMBER 9:
  
  ABERR F. =        2.41538104
  CONST F. =    38311.56621941
  ERR. F.  =    38313.98160045       (change =     -149.27544611)
  
  OPD     3.08658620     0.52827384
  WAV     3.63768302     0.54537770
  
  
  
  Parameter                 Value            Change
  CUY S2                1.26915350E-01     -2.17E-06
  CUY S3                4.86640237E-02     -5.40E-05
  CUY S4                2.43052772E-01     -1.98E-05
  CUY S5                1.73781920E-02      1.33E-03
  CUY S6               -6.11694102E-02      1.44E-03
  CUY S7               -1.20746799E-01      2.67E-04
  CUY S8               -5.27231236E-02      2.04E-04
  CUY S9                3.82255908E-01      1.81E-04
  CUY S10               1.34737335E-01      3.54E-04
  CUY S11               3.06030958E-03      2.76E-04
  A   S2                1.42805006E-03     -1.03E-05
  A   S3               -6.42372748E-04      9.59E-06
  A   S4                1.51484652E-03      2.15E-05
  A   S5               -1.51335674E-03     -1.20E-05
  A   S6                3.62434188E-03      1.27E-05
  A   S7                8.35699781E-04     -7.18E-06
  A   S8               -1.02708307E-02      1.23E-05
  A   S9               -4.58595960E-03     -2.02E-04
  A   S10               2.01870348E-02      1.28E-04
  A   S11               7.38481341E-03     -1.51E-04
  THI S1                1.11825554E+00     -7.45E-02
  THI S3                1.79665816E+00     -6.83E-03
  THI S5                1.33959019E-01      2.55E-04
  THI S7                1.45338428E-01      1.85E-04
  THI S9                9.07993061E-01     -9.67E-03
  THI S11               2.79519401E-03      1.80E-03
  THI S14               2.50000000E-03      4.77E-18
  THI S16               2.50000000E-03      3.04E-18
  
        EFL          REDU         PIM          OAL         EN PUP       EX PUP
     17.327241     0.000000     0.703579    21.731499     0.000000   -14.874231
  
  Active Constraints -   5:    target        value         diff        cost
  EFL                    =   1.73271E+01   1.73272E+01   1.292E-04   2.703E+00
  Mn CT S1                                                          -1.001E-04
  Mn ET S11                                                         -1.098E-02
  Mn ET S14                                                         -8.934E-03
  Mn ET S16                                                         -8.934E-03
  
  Weighted Constraints:        target        value        WTC/PTC     contrib
  @ATELIER_LATCOLOR      =   0.00000E+00   0.00000E+00   1.000E-02   0.000E+00
  @ATELIER_RMSSPOT       =   0.00000E+00   1.95733E+02   1.000E-03   3.831E+04
     WARNING - Frozen Thickness Violations:
  Mx CT S13
  
  Constraints released:   Mn CT S1 (>)
  Constraints added:      Mn ET S5 (>)
  
 CYCLE NUMBER 10:
  
  ABERR F. =        2.14669575
  CONST F. =    36459.57963236
  ERR. F.  =    36461.72632811       (change =    -1852.25527234)
  
  OPD     2.45949953     1.08144365
  WAV     3.15500803     1.12270951
  
  
  
  Parameter                 Value            Change
  CUY S2                1.27573249E-01      6.58E-04
  CUY S3                4.96781898E-02      1.01E-03
  CUY S4                2.45030117E-01      1.98E-03
  CUY S5                1.00884212E-02     -7.29E-03
  CUY S6               -9.16322467E-02     -3.05E-02
  CUY S7               -1.34057617E-01     -1.33E-02
  CUY S8               -5.36692223E-02     -9.46E-04
  CUY S9                3.77173303E-01     -5.08E-03
  CUY S10               1.22725453E-01     -1.20E-02
  CUY S11              -1.83975872E-02     -2.15E-02
  A   S2                1.33401365E-03     -9.40E-05
  A   S3               -5.37767594E-04      1.05E-04
  A   S4                1.38045096E-03     -1.34E-04
  A   S5               -1.34822414E-03      1.65E-04
  A   S6                3.44821229E-03     -1.76E-04
  A   S7                1.03778246E-03      2.02E-04
  A   S8               -1.04960406E-02     -2.25E-04
  A   S9               -4.40023645E-03      1.86E-04
  A   S10               2.00097049E-02     -1.77E-04
  A   S11               7.62832198E-03      2.44E-04
  THI S1                1.38779988E+00      2.70E-01
  THI S3                1.59623017E+00     -2.00E-01
  THI S5                9.72646899E-02     -3.67E-02
  THI S7                1.24780091E-01     -2.06E-02
  THI S9                5.21823890E-01     -3.86E-01
  THI S11               2.74960586E-03     -4.56E-05
  THI S14               2.50000000E-03     -2.56E-17
  THI S16               2.50000000E-03      2.56E-17
  
        EFL          REDU         PIM          OAL         EN PUP       EX PUP
     17.328191     0.000000     1.225994    21.357148     0.000000   -14.335077
  
  Active Constraints -   5:    target        value         diff        cost
  EFL                    =   1.73271E+01   1.73282E+01   1.080E-03   7.996E-04
  Mn ET S5                                                          -3.871E-06
  Mn CT S11                                                         -1.121E-05
  Mn ET S14                                                         -1.122E-05
  Mn ET S16                                                         -1.122E-05
  
  Weighted Constraints:        target        value        WTC/PTC     contrib
  @ATELIER_LATCOLOR      =   0.00000E+00   0.00000E+00   1.000E-02   0.000E+00
  @ATELIER_RMSSPOT       =   0.00000E+00   1.90944E+02   1.000E-03   3.646E+04
     WARNING - Frozen Thickness Violations:
  Mx CT S13
  
  Constraints added:      Mn ET S9 (>)
 RAY ERROR: MISS  4
  Constraints released:   Mn ET S9 (>)
  Constraints released:   Mn ET S9 (>)
  
 CYCLE NUMBER 11:
  
  ABERR F. =        2.03915776
  CONST F. =    33479.88090143
  ERR. F.  =    33481.92005919       (change =    -2979.80626892)
  
  OPD     2.06041921     1.36492950
  WAV     2.91766343     1.41828692
  
  
  
  Parameter                 Value            Change
  CUY S2                1.27596504E-01      2.33E-05
  CUY S3                4.96711739E-02     -7.02E-06
  CUY S4                2.45054799E-01      2.47E-05
  CUY S5                1.03449456E-02      2.57E-04
  CUY S6               -9.12846674E-02      3.48E-04
  CUY S7               -1.33760262E-01      2.97E-04
  CUY S8               -5.35569699E-02      1.12E-04
  CUY S9                3.77268336E-01      9.50E-05
  CUY S10               1.20565176E-01     -2.16E-03
  CUY S11              -2.07318282E-02     -2.33E-03
  A   S2                1.31191449E-03     -2.21E-05
  A   S3               -5.24259988E-04      1.35E-05
  A   S4                1.39299542E-03      1.25E-05
  A   S5               -1.35716525E-03     -8.94E-06
  A   S6                3.45760865E-03      9.40E-06
  A   S7                1.03292747E-03     -4.85E-06
  A   S8               -1.04869650E-02      9.08E-06
  A   S9               -4.26250155E-03      1.38E-04
  A   S10               1.99204625E-02     -8.92E-05
  A   S11               7.61660468E-03     -1.17E-05
  THI S1                1.38447764E+00     -3.32E-03
  THI S3                1.57567489E+00     -2.06E-02
  THI S5                9.71747042E-02     -9.00E-05
  THI S7                1.24680275E-01     -9.98E-05
  THI S9                4.35025059E-01     -8.68E-02
  THI S11               1.87480293E-03     -8.75E-04
  THI S14               2.50000000E-03      3.47E-18
  THI S16               2.50000000E-03      0.00E+00
  
        EFL          REDU         PIM          OAL         EN PUP       EX PUP
     17.327959     0.000000     1.245847    21.245407     0.000000   -14.139788
  
  Active Constraints -   5:    target        value         diff        cost
  EFL                    =   1.73271E+01   1.73280E+01   8.479E-04   3.576E-01
  Mn ET S5                                                          -2.931E-02
  Mn CT S11                                                         -6.658E-03
  Mn ET S14                                                         -7.545E-03
  Mn ET S16                                                         -8.353E-03
  
  Weighted Constraints:        target        value        WTC/PTC     contrib
  @ATELIER_LATCOLOR      =   0.00000E+00   0.00000E+00   1.000E-02   0.000E+00
  @ATELIER_RMSSPOT       =   0.00000E+00   1.82975E+02   1.000E-03   3.348E+04
     WARNING - Frozen Thickness Violations:
  Mx CT S13
 RAY ERROR: REFL  7
  
 CYCLE NUMBER 12:
  
  ABERR F. =        2.05286038
  CONST F. =    33460.67056266
  ERR. F.  =    33462.72342305       (change =      -19.19663615)
  
  OPD     2.09642241     1.35938684
  WAV     2.93579626     1.41248854
  
  
  
  Parameter                 Value            Change
  CUY S2                1.27592676E-01     -3.83E-06
  CUY S3                4.96757625E-02      4.59E-06
  CUY S4                2.45085039E-01      3.02E-05
  CUY S5                1.03353841E-02     -9.56E-06
  CUY S6               -9.15387716E-02     -2.54E-04
  CUY S7               -1.33903494E-01     -1.43E-04
  CUY S8               -5.34712088E-02      8.58E-05
  CUY S9                3.77368120E-01      9.98E-05
  CUY S10               1.20846263E-01      2.81E-04
  CUY S11              -2.05101934E-02      2.22E-04
  A   S2                1.31301421E-03      1.10E-06
  A   S3               -5.27237316E-04     -2.98E-06
  A   S4                1.38942508E-03     -3.57E-06
  A   S5               -1.35508036E-03      2.08E-06
  A   S6                3.45544111E-03     -2.17E-06
  A   S7                1.03406953E-03      1.14E-06
  A   S8               -1.04892400E-02     -2.27E-06
  A   S9               -4.26771510E-03     -5.21E-06
  A   S10               1.99243755E-02      3.91E-06
  A   S11               7.62313060E-03      6.53E-06
  THI S1                1.38745706E+00      2.98E-03
  THI S3                1.56269093E+00     -1.30E-02
  THI S5                9.75331398E-02      3.58E-04
  THI S7                1.24696434E-01      1.62E-05
  THI S9                4.40441718E-01      5.42E-03
  THI S11               1.00000000E-03     -8.75E-04
  THI S14               2.50000000E-03      1.30E-18
  THI S16               2.50000000E-03     -3.04E-18
  
        EFL          REDU         PIM          OAL         EN PUP       EX PUP
     17.327112     0.000000     1.253494    21.240319     0.000000   -14.142936
  
  Active Constraints -   5:    target        value         diff        cost
  EFL                    =   1.73271E+01   1.73271E+01   6.525E-07   1.009E+00
  Mn ET S5                                                          -1.005E-02
  Mn CT S11                                                         -8.751E-04
  Mn ET S14                                                         -3.032E-02
  Mn ET S16                                                         -3.317E-02
  
  Weighted Constraints:        target        value        WTC/PTC     contrib
  @ATELIER_LATCOLOR      =   0.00000E+00   0.00000E+00   1.000E-02   0.000E+00
  @ATELIER_RMSSPOT       =   0.00000E+00   1.82923E+02   1.000E-03   3.346E+04
     WARNING - Frozen Thickness Violations:
  Mx CT S13
  
     Normal AUTO Completion - System improvement less than IMP
AUT> GO
 
 
CODE V> BUF PUT B1 I^row J1 "schema"
      Created new worksheet B1.
CODE V> BUF PUT B1 I^row J2 "atelier-codev-target-v1"
CODE V> BUF PUT B1 I^row J1 "status"
CODE V> BUF PUT B1 I^row J2 "ok"
CODE V> BUF PUT B1 I^row J1 "mode"
CODE V> BUF PUT B1 I^row J2 "target"
CODE V> BUF PUT B1 I^row J1 "stage"
CODE V> BUF PUT B1 I^row J2 "A"
CODE V> BUF PUT B1 I^row J1 "source_zmx"
CODE V> BUF PUT B1 I^row J2 "US-12443014-B2-e1.zmx"
CODE V> BUF PUT B1 I^row J1 "num_fields"
CODE V> BUF PUT B1 I^row J2 ^numf_out
CODE V> BUF PUT B1 I^row J1 "vignetting_edge"
CODE V> BUF PUT B1 I^row J2 0.5
CODE V> BUF PUT B1 I^row J1 "target.efl_mm"
CODE V> BUF PUT B1 I^row J2 ^target_efl
CODE V> BUF PUT B1 I^row J1 "target.f_number"
CODE V> BUF PUT B1 I^row J2 3.55161764705296
CODE V> BUF PUT B1 I^row J1 "seed_baseline.efl_y_mm"
CODE V> BUF PUT B1 I^row J2 ^seed_baseline_efl_y_mm
CODE V> BUF PUT B1 I^row J1 "seed_baseline.max_lateral_color_um"
CODE V> BUF PUT B1 I^row J2 ^seed_baseline_max_lateral_color_um
CODE V> BUF PUT B1 I^row J1 "seed_baseline.max_rms_spot_diameter_um"
CODE V> BUF PUT B1 I^row J2 ^seed_baseline_max_rms_spot_diameter_um
CODE V> BUF PUT B1 I^row J1 "seed_baseline.max_rms_wavefront_error_waves"
CODE V> BUF PUT B1 I^row J2 ^seed_baseline_max_rms_wavefront_error_waves
CODE V> BUF PUT B1 I^row J1 "seed_baseline.max_distortion_pct"
CODE V> BUF PUT B1 I^row J2 ^seed_baseline_max_distortion_pct
CODE V> BUF PUT B1 I^row J1 "seed_baseline.fno"
CODE V> BUF PUT B1 I^row J2 ^seed_baseline_fno
CODE V> BUF PUT B1 I^row J1 "seed_baseline.epd_mm"
CODE V> BUF PUT B1 I^row J2 ^seed_baseline_epd
CODE V> BUF PUT B1 I^row J1 "seed_baseline.maximh_mm"
CODE V> BUF PUT B1 I^row J2 ^seed_baseline_maximh
CODE V> BUF PUT B1 I^row J1 "config_pre_aut.efl_y_mm"
CODE V> BUF PUT B1 I^row J2 ^config_pre_aut_efl_y_mm
CODE V> BUF PUT B1 I^row J1 "config_pre_aut.max_lateral_color_um"
CODE V> BUF PUT B1 I^row J2 ^config_pre_aut_max_lateral_color_um
CODE V> BUF PUT B1 I^row J1 "config_pre_aut.max_rms_spot_diameter_um"
CODE V> BUF PUT B1 I^row J2 ^config_pre_aut_max_rms_spot_diameter_um
CODE V> BUF PUT B1 I^row J1 "config_pre_aut.max_rms_wavefront_error_waves"
CODE V> BUF PUT B1 I^row J2 ^config_pre_aut_max_rms_wavefront_error_waves
CODE V> BUF PUT B1 I^row J1 "config_pre_aut.max_distortion_pct"
CODE V> BUF PUT B1 I^row J2 ^config_pre_aut_max_distortion_pct
CODE V> BUF PUT B1 I^row J1 "config_pre_aut.fno"
CODE V> BUF PUT B1 I^row J2 ^config_pre_aut_fno
CODE V> BUF PUT B1 I^row J1 "config_pre_aut.epd_mm"
CODE V> BUF PUT B1 I^row J2 ^config_pre_aut_epd
CODE V> BUF PUT B1 I^row J1 "config_pre_aut.maximh_mm"
CODE V> BUF PUT B1 I^row J2 ^config_pre_aut_maximh
CODE V> BUF PUT B1 I^row J1 "post_aut.efl_y_mm"
CODE V> BUF PUT B1 I^row J2 ^post_aut_efl_y_mm
CODE V> BUF PUT B1 I^row J1 "post_aut.max_lateral_color_um"
CODE V> BUF PUT B1 I^row J2 ^post_aut_max_lateral_color_um
CODE V> BUF PUT B1 I^row J1 "post_aut.max_rms_spot_diameter_um"
CODE V> BUF PUT B1 I^row J2 ^post_aut_max_rms_spot_diameter_um
CODE V> BUF PUT B1 I^row J1 "post_aut.max_rms_wavefront_error_waves"
CODE V> BUF PUT B1 I^row J2 ^post_aut_max_rms_wavefront_error_waves
CODE V> BUF PUT B1 I^row J1 "post_aut.max_distortion_pct"
CODE V> BUF PUT B1 I^row J2 ^post_aut_max_distortion_pct
CODE V> BUF PUT B1 I^row J1 "post_aut.fno"
CODE V> BUF PUT B1 I^row J2 ^post_aut_fno
CODE V> BUF PUT B1 I^row J1 "post_aut.epd_mm"
CODE V> BUF PUT B1 I^row J2 ^post_aut_epd
CODE V> BUF PUT B1 I^row J1 "post_aut.maximh_mm"
CODE V> BUF PUT B1 I^row J2 ^post_aut_maximh
CODE V> BUF PUT B1 I^row J1 "efl_target_deviation_pct"
CODE V> BUF PUT B1 I^row J2 ^efl_target_dev_pct
CODE V> BUF PUT B1 I^row J1 "aut_converged"
CODE V> BUF PUT B1 I^row J2 ^aut_converged
CODE V> BUF EXP B1 "D:\atelier-wt-c\.planning\loop\p15-stageb-evidence\fno-matrix-2026-07-11\US-12443014-B2-e1_loosen\rung2_fno0355\ray_retry\atelier_codev_target_A_vig0500.tsv"
     Buffer B1 exported to file atelier_codev_target_A_vig0500.tsv
CODE V> BUF DEL B1
CODE V> OUT YES
CODE V> EXI YES
     EXI                                                                              11-Jul-26  14H  6M 46S
                                                 CODE V PC  Version: 11.5             CPU clock:  0H  0M  4S
