  
  
                                   Welcome to
  
                                   C O D E   V
  
                                PC  Version 11.5
                                   Build 27302701
  
                                   11-Jul-2026
  
                            A proprietary product of
  
                              SYNOPSYS, INC
                              Pasadena, California
  
CODE V> OUT NO
     Radius input/output mode
  
    Lens data created by Zemax version 191028
  
    Zemax command MODE ignored
     WARNING - Vignetting angles not used.
     ERROR - No wavelength  2 in zoom position  1
  
     Surface pointer = OBJ
    Zemax surface type  STANDARD
    CODE V surface type SPH
    Zemax command FIMP ignored.
     WARNING - Hiding of rays not used.
    Zemax command MIRR ignored.
    Zemax command SLAB ignored.
    Zemax command MEMA ignored.
    Zemax command POPS ignored.
  
     Surface pointer = 1
    Zemax surface type  EVENASPH
    CODE V surface type ASP
    Zemax command FIMP ignored.
     WARNING - Hiding of rays not used.
    Zemax command MIRR ignored.
    Zemax command SLAB ignored.
     WARNING - Partial dispersion of model glass not used.
    Zemax command MEMA ignored.
    Zemax command POPS ignored.
  
     Surface pointer = 2
    Zemax surface type  EVENASPH
    CODE V surface type ASP
    Zemax command FIMP ignored.
     WARNING - Hiding of rays not used.
    Zemax command MIRR ignored.
    Zemax command SLAB ignored.
    Zemax command MEMA ignored.
    Zemax command POPS ignored.
  
     Surface pointer = 3
    Zemax surface type  EVENASPH
    CODE V surface type ASP
    Zemax command FIMP ignored.
     WARNING - Hiding of rays not used.
    Zemax command MIRR ignored.
    Zemax command SLAB ignored.
     WARNING - Partial dispersion of model glass not used.
    Zemax command MEMA ignored.
    Zemax command POPS ignored.
  
     Surface pointer = 4
    Zemax surface type  EVENASPH
    CODE V surface type ASP
    Zemax command FIMP ignored.
     WARNING - Hiding of rays not used.
    Zemax command MIRR ignored.
    Zemax command SLAB ignored.
    Zemax command MEMA ignored.
    Zemax command POPS ignored.
  
     Surface pointer = 5
    Zemax surface type  STANDARD
    CODE V surface type SPH
    Zemax command FIMP ignored.
     WARNING - Hiding of rays not used.
    Zemax command MIRR ignored.
    Zemax command SLAB ignored.
    Zemax command MEMA ignored.
    Zemax command POPS ignored.
  
     Surface pointer = 6
    Zemax surface type  EVENASPH
    CODE V surface type ASP
    Zemax command FIMP ignored.
     WARNING - Hiding of rays not used.
    Zemax command MIRR ignored.
    Zemax command SLAB ignored.
     WARNING - Partial dispersion of model glass not used.
    Zemax command MEMA ignored.
    Zemax command POPS ignored.
  
     Surface pointer = 7
    Zemax surface type  EVENASPH
    CODE V surface type ASP
    Zemax command FIMP ignored.
     WARNING - Hiding of rays not used.
    Zemax command MIRR ignored.
    Zemax command SLAB ignored.
    Zemax command MEMA ignored.
    Zemax command POPS ignored.
  
     Surface pointer = 8
    Zemax surface type  EVENASPH
    CODE V surface type ASP
    Zemax command FIMP ignored.
     WARNING - Hiding of rays not used.
    Zemax command MIRR ignored.
    Zemax command SLAB ignored.
     WARNING - Partial dispersion of model glass not used.
    Zemax command MEMA ignored.
    Zemax command POPS ignored.
  
     Surface pointer = 9
    Zemax surface type  EVENASPH
    CODE V surface type ASP
    Zemax command FIMP ignored.
     WARNING - Hiding of rays not used.
    Zemax command MIRR ignored.
    Zemax command SLAB ignored.
    Zemax command MEMA ignored.
    Zemax command POPS ignored.
  
     Surface pointer = 10
    Zemax surface type  STANDARD
    CODE V surface type SPH
    Zemax command FIMP ignored.
     WARNING - Hiding of rays not used.
    Zemax command MIRR ignored.
    Zemax command SLAB ignored.
     WARNING - Partial dispersion of model glass not used.
    Zemax command MEMA ignored.
    Zemax command POPS ignored.
  
     Surface pointer = 11
    Zemax surface type  STANDARD
    CODE V surface type SPH
    Zemax command FIMP ignored.
     WARNING - Hiding of rays not used.
    Zemax command MIRR ignored.
    Zemax command SLAB ignored.
    Zemax command MEMA ignored.
    Zemax command POPS ignored.
  
     Surface pointer = IMG
    Zemax surface type  STANDARD
    CODE V surface type SPH
    Zemax command FIMP ignored.
     WARNING - Hiding of rays not used.
    Zemax command MIRR ignored.
    Zemax command SLAB ignored.
    Zemax command MEMA ignored.
    Zemax command POPS ignored.
    Zemax command ! AT ignored.
    Zemax command ! AT ignored.
    Zemax command ! AT ignored.
    Zemax command ! AT ignored.
  
     WARNING - Please check the converted lens carefully.
               Some information will not be converted.
               Changes in either CODE V or ZEMAX may invalidate
               the converted information.
               Due to differences between CODE V and ZEMAX ray
               aiming and vignetting factors, it is recommended
               that you set vignetting for the converted system.
  
               A concise listing of conversion warnings appears
               in the Tabbed Output Window 'Info' tab and in the
               Command Window.
  
CODE V> DEF VAR SA
 
 
CODE V> FNO 2.9429874025441
CODE V> VUY 0 0.5
CODE V> VLY 0 0.5
CODE V> VUX 0 0.5
CODE V> VLX 0 0.5
 
 
CODE V> AUT
     AUT                                                                              11-Jul-26  14H 26M 55S
                                                 CODE V PC  Version: 11.5             CPU clock:  0H  0M  1S
     WARNING - CODE V places the reference sphere at the exit pupil.  However,
               the aberrations of this lens make the OPD data (and any quantity
               that depends upon OPD data) very sensitive to the exact value of
               the reference sphere radius.  You can use the RSL command to
               reposition the reference sphere if that is appropriate for
               your application.
     ***Defocussing frozen to eliminate redundant variable
AUT>   SUR N
AUT>   CHG SA
AUT>   WFR Y
AUT>   WTF FA 10
AUT>   EFL = 19.6731294141371
AUT>   @atelier_latcolor == @lcum(1)
AUT>   @atelier_latcolor = 0
AUT>   WTC 0.01
AUT>   @atelier_rmsspot == @rmssum(1)
AUT>   @atelier_rmsspot = 0
AUT>   WTC 0.001
AUT>   MNT 0.025
AUT>   MNE 0.025
AUT>   MXT 10
AUT>   MNA 0.001
AUT>   MXC 25
AUT>   MNC 3
AUT>   IMP 0.001
AUT> GO
 -------------------------------------------------------------------------------
  
       USER CONSTRAINT DEFINITIONS
            @atelier_rmsspot == @rmssum(1)
  
            @atelier_latcolor == @lcum(1)
  
  
  
       POTENTIALLY ACTIVE SPECIFIC CONSTRAINTS
         EFL                                  =      19.673129
         @ATELIER_LATCOLOR                    =       0.000000     (WTC =    0.01000)
         @ATELIER_RMSSPOT                     =       0.000000     (WTC =    0.00100)
  
       GENERAL CONSTRAINTS
         MXT      10.000000
         MNT       0.025000
         MNE       0.025000
         MNA       0.001000
         MAE       0.002500
         GLA               NFK5  NSK16  NLAF2  SF4
  
       ERROR FUNCTION CONSTRUCTION
         WFR        Y
         WTW       1
         WTA       0.000000
         DEL       0.220000
         WTX F1   10.000000
         WTX F2   10.000000
         WTY F1   10.000000
         WTY F2   10.000000
  
       CONVERGENCE CONTROLS
         MXC        25
         MNC         3
         TAR       0.000000
         IMP       0.001000
  
       OUTPUT CONTROLS
         SUR NO
         CHG S0..12
  
     Recommendations for most stable convergence:
  
       Use object space aperture specifications:
       - NAO for finite conjugate systems
       - EPD for infinite conjugate systems
  
       VARIABLE LIST
  
         NO      PARAMETERS *
          1      CUY S1       CUY S2
          2      CUY S2       CUY S3
          3      CUY S3       CUY S4
          4      CUY S4
          5      CUY S6       CUY S7
          6      CUY S7
          7      CUY S8       CUY S9
          8      CUY S9
          9      A   S1
         10      A   S2
         11      A   S3
         12      A   S4
         13      A   S6
         14      A   S7
         15      A   S8
         16      A   S9
         17      THI S2
         18      THI S4
         19      THI S5
         20      THI S7
         21      THI S9
         22      THI S11
  
     * Multiple entries on a line are composite variables.
     Composite variables are either program-generated bendings
     or user-requested couplings.
  
      22 VARIABLES
  
      22 CONSTRAINTS CAN BE ACTIVE
  
     RELATIVE TIME PER CYCLE IS   58.4 UNITS
     WARNING - The macro function SPOTDATA is not supported on multiple threads.
               CODE V will set the multiple processor setting (MPP) to 1 to prevent errors.
               Please refer to the CODE V Setup and Operation Reference Manual for a complete list
               of pre-defined macro functions that are currently limited to running on a single thread.
  
 CYCLE NUMBER 0:
  
  ABERR F. =      102.73641997
  CONST F. =      0.300947E+07
  ERR. F.  =      0.300957E+07
  
  OPD   142.84252792    13.23506207
  WAV   146.48006120    13.54713892
  
  
  
  Parameter                 Value            Change
  CUY S1                1.11756817E-01      0.00E+00
  CUY S2               -7.53068755E-02      0.00E+00
  CUY S3               -5.15198351E-02      0.00E+00
  CUY S4                6.86059276E-02      0.00E+00
  CUY S6                1.06734977E-01      0.00E+00
  CUY S7                1.25134520E-02      0.00E+00
  CUY S8               -2.57440016E-02      0.00E+00
  CUY S9                1.05652404E-01      0.00E+00
  A   S1               -7.30400000E-04      0.00E+00
  A   S2               -1.16320000E-03      0.00E+00
  A   S3               -1.60550000E-02      0.00E+00
  A   S4               -1.55430000E-02      0.00E+00
  A   S6                0.00000000E+00      0.00E+00
  A   S7                0.00000000E+00      0.00E+00
  A   S8                0.00000000E+00      0.00E+00
  A   S9                0.00000000E+00      0.00E+00
  THI S2                5.00000000E-02      0.00E+00
  THI S4                2.20000000E-01      0.00E+00
  THI S5                6.09600000E+00      0.00E+00
  THI S7                3.83000000E+00      0.00E+00
  THI S9                4.00000000E+00      0.00E+00
  THI S11               6.76000000E-01      0.00E+00
  
        EFL          REDU         PIM          OAL         EN PUP       EX PUP
     19.682882     0.000000     0.690427    20.780000     3.129062   -10.505106
  
  Specific Constraints:        target        value         diff      active (**)
  EFL                    =   1.96731E+01   1.96829E+01   9.753E-03    **
  
  Weighted Constraints:        target        value        WTC/PTC     contrib
  @ATELIER_LATCOLOR      =   0.00000E+00   0.00000E+00   1.000E-02   0.000E+00
  @ATELIER_RMSSPOT       =   0.00000E+00   1.73478E+03   1.000E-03   3.009E+06
  
  Constraints added:      EFL (=)
 RAY ERROR: REFL  9
  Constraints added:      Mn ET S11 (>)
 RAY ERROR: REFL  9
  
 CYCLE NUMBER 1:
  
  ABERR F. =      155.68652795
  CONST F. =      0.383113E+06
  ERR. F.  =      0.383269E+06       (change =     -0.262630E+07)
  
  OPD   219.84141318     4.73070268
  WAV   220.40143628     4.87445634
  
  
  
  Parameter                 Value            Change
  CUY S1                1.11327906E-01     -4.29E-04
  CUY S2               -7.34593117E-02      1.85E-03
  CUY S3               -4.53183595E-02      6.20E-03
  CUY S4                7.25194269E-02      3.91E-03
  CUY S6                1.06945797E-01      2.11E-04
  CUY S7                1.27693150E-02      2.56E-04
  CUY S8               -1.65034475E-02      9.24E-03
  CUY S9                1.15422818E-01      9.77E-03
  A   S1                6.44257326E-04      1.37E-03
  A   S2               -3.61822417E-04      8.01E-04
  A   S3               -1.52958698E-02      7.59E-04
  A   S4               -1.58596671E-02     -3.17E-04
  A   S6                4.78606663E-04      4.79E-04
  A   S7               -4.57906879E-04     -4.58E-04
  A   S8                6.76820716E-04      6.77E-04
  A   S9                2.01621362E-03      2.02E-03
  THI S2                5.64040589E-02      6.40E-03
  THI S4                5.28841530E-02     -1.67E-01
  THI S5                1.11196754E+01      5.02E+00
  THI S7                3.85342303E+00      2.34E-02
  THI S9                1.25027246E+00     -2.75E+00
  THI S11               2.50000000E-03     -6.73E-01
  
        EFL          REDU         PIM          OAL         EN PUP       EX PUP
     19.674498     0.000000     1.353848    22.916659     2.903956   -10.065405
  
  Active Constraints -   2:    target        value         diff        cost
  EFL                    =   1.96731E+01   1.96745E+01   1.369E-03   1.519E-02
  Mn ET S11                                                         -2.594E-08
  
  Weighted Constraints:        target        value        WTC/PTC     contrib
  @ATELIER_LATCOLOR      =   0.00000E+00   0.00000E+00   1.000E-02   0.000E+00
  @ATELIER_RMSSPOT       =   0.00000E+00   6.18961E+02   1.000E-03   3.831E+05
  
  Constraints added:      Mn ET S4 (>)                Mn ET S9 (>)
  
 CYCLE NUMBER 2:
  
  ABERR F. =       60.81039709
  CONST F. =      0.138991E+06
  ERR. F.  =      0.139052E+06       (change =     -0.244216E+06)
  
  OPD    85.49061393     4.18408261
  WAV    86.29908240     4.23489506
  
  
  
  Parameter                 Value            Change
  CUY S1                1.07712823E-01     -3.62E-03
  CUY S2               -7.51351096E-02     -1.68E-03
  CUY S3               -4.08593004E-02      4.46E-03
  CUY S4                7.51381687E-02      2.62E-03
  CUY S6                1.06895237E-01     -5.06E-05
  CUY S7                1.30602175E-02      2.91E-04
  CUY S8                5.68182306E-03      2.22E-02
  CUY S9                1.40672415E-01      2.52E-02
  A   S1                1.22850920E-03      5.84E-04
  A   S2               -2.30321635E-04      1.32E-04
  A   S3               -1.42224440E-02      1.07E-03
  A   S4               -1.52698724E-02      5.90E-04
  A   S6               -2.53851384E-03     -3.02E-03
  A   S7               -2.97406087E-03     -2.52E-03
  A   S8                1.36459954E-02      1.30E-02
  A   S9                1.29659908E-02      1.09E-02
  THI S2                7.65252687E-02      2.01E-02
  THI S4                3.07496377E-02     -2.21E-02
  THI S5                1.14090760E+01      2.89E-01
  THI S7                3.82998051E+00     -2.34E-02
  THI S9                6.66964433E-01     -5.83E-01
  THI S11               2.50000000E-03     -1.24E-14
  
        EFL          REDU         PIM          OAL         EN PUP       EX PUP
     19.676374     0.000000     1.820542    22.597296     2.890208    -9.419180
  
  Active Constraints -   4:    target        value         diff        cost
  EFL                    =   1.96731E+01   1.96764E+01   3.245E-03   3.791E-03
  Mn ET S4                                                          -5.092E-06
  Mn ET S9                                                          -8.098E-06
  Mn ET S11                                                         -8.124E-06
  
  Weighted Constraints:        target        value        WTC/PTC     contrib
  @ATELIER_LATCOLOR      =   0.00000E+00   0.00000E+00   1.000E-02   0.000E+00
  @ATELIER_RMSSPOT       =   0.00000E+00   3.72815E+02   1.000E-03   1.390E+05
 RAY ERROR: REFL  9
  
  Constraints released:   Mn ET S11 (>)
  
 CYCLE NUMBER 3:
  
  ABERR F. =        3.92548968
  CONST F. =    45307.72821536
  ERR. F.  =    45311.65370504       (change =   -93740.54766170)
  
  OPD     3.73186544     3.58705903
  WAV     4.63857994     3.65070419
  
  
  
  Parameter                 Value            Change
  CUY S1                1.01581688E-01     -6.13E-03
  CUY S2               -7.45995525E-02      5.36E-04
  CUY S3               -2.12085153E-02      1.97E-02
  CUY S4                8.85674497E-02      1.34E-02
  CUY S6                1.07566446E-01      6.71E-04
  CUY S7                1.54593811E-02      2.40E-03
  CUY S8               -4.74763539E-02     -5.32E-02
  CUY S9                9.68848346E-02     -4.38E-02
  A   S1                1.18126395E-03     -4.72E-05
  A   S2               -1.21938968E-05      2.18E-04
  A   S3               -1.43646135E-02     -1.42E-04
  A   S4               -1.50345004E-02      2.35E-04
  A   S6               -3.39033333E-03     -8.52E-04
  A   S7               -2.02835234E-03      9.46E-04
  A   S8                1.08760652E-02     -2.77E-03
  A   S9                1.36949141E-02      7.29E-04
  THI S2                3.27732401E-01      2.51E-01
  THI S4                4.65704099E-02      1.58E-02
  THI S5                1.16091459E+01      2.00E-01
  THI S7                3.68487186E+00     -1.45E-01
  THI S9                8.91559231E-01      2.25E-01
  THI S11               1.52824506E-01      1.50E-01
  
        EFL          REDU         PIM          OAL         EN PUP       EX PUP
     19.528202     0.000000     0.828250    23.143880     3.273126    -9.255156
  
  Active Constraints -   3:    target        value         diff        cost
  EFL                    =   1.96731E+01   1.95282E+01  -1.449E-01   9.104E-03
  Mn ET S4                                                          -4.016E-06
  Mn ET S9                                                          -1.242E-06
  
  Weighted Constraints:        target        value        WTC/PTC     contrib
  @ATELIER_LATCOLOR      =   0.00000E+00   0.00000E+00   1.000E-02   0.000E+00
  @ATELIER_RMSSPOT       =   0.00000E+00   2.12856E+02   1.000E-03   4.531E+04
  
 CYCLE NUMBER 4:
  
  ABERR F. =        4.31373419
  CONST F. =    28806.99358584
  ERR. F.  =    28811.30732003       (change =   -16500.34638501)
  
  OPD     5.05122759     2.86664432
  WAV     5.67205948     2.92034281
  
  
  
  Parameter                 Value            Change
  CUY S1                1.02418824E-01      8.37E-04
  CUY S2               -7.44796867E-02      1.20E-04
  CUY S3               -2.25217498E-02     -1.31E-03
  CUY S4                8.79936109E-02     -5.74E-04
  CUY S6                1.06956456E-01     -6.10E-04
  CUY S7                1.50690756E-02     -3.90E-04
  CUY S8               -5.20240109E-02     -4.55E-03
  CUY S9                9.34324770E-02     -3.45E-03
  A   S1                1.16814209E-03     -1.31E-05
  A   S2                9.81646642E-07      1.32E-05
  A   S3               -1.43750860E-02     -1.05E-05
  A   S4               -1.50077601E-02      2.67E-05
  A   S6               -3.66080021E-03     -2.70E-04
  A   S7               -3.04001310E-03     -1.01E-03
  A   S8                1.14518842E-02      5.76E-04
  A   S9                1.49119933E-02      1.22E-03
  THI S2                3.22997986E-01     -4.73E-03
  THI S4                4.49312069E-02     -1.64E-03
  THI S5                1.15403018E+01     -6.88E-02
  THI S7                3.68981883E+00      4.95E-03
  THI S9                8.49426961E-01     -4.21E-02
  THI S11               1.03588727E-01     -4.92E-02
  
        EFL          REDU         PIM          OAL         EN PUP       EX PUP
     19.673132     0.000000     0.939137    23.031477     3.267167    -9.135285
  
  Active Constraints -   3:    target        value         diff        cost
  EFL                    =   1.96731E+01   1.96731E+01   2.242E-06  -1.227E-02
  Mn ET S4                                                          -5.446E-05
  Mn ET S9                                                          -5.913E-07
  
  Weighted Constraints:        target        value        WTC/PTC     contrib
  @ATELIER_LATCOLOR      =   0.00000E+00   0.00000E+00   1.000E-02   0.000E+00
  @ATELIER_RMSSPOT       =   0.00000E+00   1.69726E+02   1.000E-03   2.881E+04
 RAY ERROR: REFL  9
  
  Constraints released:   Mn ET S4 (>)                Mn ET S9 (>)
  
 CYCLE NUMBER 5:
  
  ABERR F. =        2.95598157
  CONST F. =    21267.80696709
  ERR. F.  =    21270.76294866       (change =    -7540.54437138)
  
  OPD     1.74863394     3.56818801
  WAV     2.47767300     3.60870590
  
  
  
  Parameter                 Value            Change
  CUY S1                9.90066631E-02     -3.41E-03
  CUY S2               -7.73913691E-02     -2.91E-03
  CUY S3               -1.95437115E-02      2.98E-03
  CUY S4                9.06836563E-02      2.69E-03
  CUY S6                1.07603736E-01      6.47E-04
  CUY S7                1.58663138E-02      7.97E-04
  CUY S8               -3.69377070E-02      1.51E-02
  CUY S9                1.07755889E-01      1.43E-02
  A   S1                1.08470707E-03     -8.34E-05
  A   S2                6.62449047E-05      6.53E-05
  A   S3               -1.44893558E-02     -1.14E-04
  A   S4               -1.49841860E-02      2.36E-05
  A   S6               -3.00928505E-03      6.52E-04
  A   S7               -2.08750158E-03      9.53E-04
  A   S8                1.23773748E-02      9.25E-04
  A   S9                1.25331794E-02     -2.38E-03
  THI S2                3.55158741E-01      3.22E-02
  THI S4                6.19974128E-01      5.75E-01
  THI S5                1.22491025E+01      7.09E-01
  THI S7                3.59281593E+00     -9.70E-02
  THI S9                1.18324133E+00      3.34E-01
  THI S11               4.37403098E-01      3.34E-01
  
        EFL          REDU         PIM          OAL         EN PUP       EX PUP
     19.672635     0.000000     0.109005    24.584293     4.186041    -9.749867
  
  Active Constraints -   1:    target        value         diff        cost
  EFL                    =   1.96731E+01   1.96726E+01  -4.949E-04   1.464E-03
  
  Weighted Constraints:        target        value        WTC/PTC     contrib
  @ATELIER_LATCOLOR      =   0.00000E+00   0.00000E+00   1.000E-02   0.000E+00
  @ATELIER_RMSSPOT       =   0.00000E+00   1.45835E+02   1.000E-03   2.127E+04
  
 CYCLE NUMBER 6:
  
  ABERR F. =        2.95645854
  CONST F. =      0.183148E+06
  ERR. F.  =      0.183151E+06       (change =      0.161880E+06)
  
  OPD     1.74956289     3.56796446
  WAV     2.47993393     3.60848658
  
  
  
  Parameter                 Value            Change
  CUY S1                9.89959633E-02     -1.07E-05
  CUY S2               -7.74020917E-02     -1.07E-05
  CUY S3               -1.95437516E-02     -4.01E-08
  CUY S4                9.06836484E-02     -7.87E-09
  CUY S6                1.07603710E-01     -2.65E-08
  CUY S7                1.58663056E-02     -8.18E-09
  CUY S8               -3.69378515E-02     -1.44E-07
  CUY S9                1.07755793E-01     -9.58E-08
  A   S1                1.08470708E-03      1.12E-11
  A   S2                6.62448965E-05     -8.22E-12
  A   S3               -1.44893558E-02      7.93E-12
  A   S4               -1.49841860E-02     -6.31E-12
  A   S6               -3.00928509E-03     -3.58E-11
  A   S7               -2.08750164E-03     -6.25E-11
  A   S8                1.23773738E-02     -1.02E-09
  A   S9                1.25331796E-02      1.88E-10
  THI S2                3.55158678E-01     -6.34E-08
  THI S4                6.19973704E-01     -4.24E-07
  THI S5                1.22491020E+01     -5.76E-07
  THI S7                3.59281387E+00     -2.06E-06
  THI S9                1.18324132E+00     -1.52E-08
  THI S11               4.37403083E-01     -1.52E-08
  
        EFL          REDU         PIM          OAL         EN PUP       EX PUP
     19.673122     0.000000     0.109367    24.584290     4.185969    -9.749864
  
  Active Constraints -   1:    target        value         diff        cost
  EFL                    =   1.96731E+01   1.96731E+01  -7.301E-06   3.173E+04
  
  Weighted Constraints:        target        value        WTC/PTC     contrib
  @ATELIER_LATCOLOR      =   0.00000E+00   0.00000E+00   1.000E-02   0.000E+00
  @ATELIER_RMSSPOT       =   0.00000E+00   4.27957E+02   1.000E-03   1.831E+05
  
  Constraints added:      Mn ET S4 (>)
 RAY ERROR: MISS  8
 RAY ERROR: MISS  8
 RAY ERROR: MISS  8
  Constraints added:      Mn ET S9 (>)
  Constraints released:   Mn ET S4 (>)
  Constraints released:   Mn ET S4 (>)
  
 CYCLE NUMBER 7:
  
  ABERR F. =        4.24160632
  CONST F. =    47219.69407320
  ERR. F.  =    47223.93567952       (change =  -135926.63942993)
  
  OPD     2.64672016     5.23049078
  WAV     3.10674379     5.28676444
  
  
  
  Parameter                 Value            Change
  CUY S1                9.90154598E-02      1.95E-05
  CUY S2               -7.73567773E-02      4.53E-05
  CUY S3               -1.94998205E-02      4.39E-05
  CUY S4                9.06989679E-02      1.53E-05
  CUY S6                1.07624384E-01      2.07E-05
  CUY S7                1.58792709E-02      1.30E-05
  CUY S8               -3.68010389E-02      1.37E-04
  CUY S9                1.07849368E-01      9.36E-05
  A   S1                1.08272430E-03     -1.98E-06
  A   S2                6.78230944E-05      1.58E-06
  A   S3               -1.44905798E-02     -1.22E-06
  A   S4               -1.49828418E-02      1.34E-06
  A   S6               -3.10238800E-03     -9.31E-05
  A   S7               -2.02534389E-03      6.22E-05
  A   S8                1.24984090E-02      1.21E-04
  A   S9                1.16008221E-02     -9.32E-04
  THI S2                3.55321804E-01      1.63E-04
  THI S4                5.42196919E-01     -7.78E-02
  THI S5                1.21713107E+01     -7.78E-02
  THI S7                3.59319723E+00      3.83E-04
  THI S9                1.17550212E+00     -7.74E-03
  THI S11               4.29540905E-01     -7.86E-03
  
        EFL          REDU         PIM          OAL         EN PUP       EX PUP
     19.673058     0.000000     0.183130    24.421529     4.064331    -9.713599
  
  Active Constraints -   2:    target        value         diff        cost
  EFL                    =   1.96731E+01   1.96731E+01  -7.134E-05   4.202E+01
  Mn ET S9                                                          -8.351E-04
  
  Weighted Constraints:        target        value        WTC/PTC     contrib
  @ATELIER_LATCOLOR      =   0.00000E+00   0.00000E+00   1.000E-02   0.000E+00
  @ATELIER_RMSSPOT       =   0.00000E+00   2.17301E+02   1.000E-03   4.722E+04
  
  Constraints released:   Mn ET S9 (>)
  Constraints released:   Mn ET S9 (>)
  
 CYCLE NUMBER 8:
  
  ABERR F. =        3.82978759
  CONST F. =    37117.74942696
  ERR. F.  =    37121.57921455       (change =   -10102.35646497)
  
  OPD     4.42711805     2.92576735
  WAV     4.66480606     2.95790254
  
  
  
  Parameter                 Value            Change
  CUY S1                9.91158092E-02      1.00E-04
  CUY S2               -7.74101294E-02     -5.34E-05
  CUY S3               -1.94987783E-02      1.04E-06
  CUY S4                9.08565934E-02      1.58E-04
  CUY S6                1.07598370E-01     -2.60E-05
  CUY S7                1.58648723E-02     -1.44E-05
  CUY S8               -3.65957784E-02      2.05E-04
  CUY S9                1.08080030E-01      2.31E-04
  A   S1                1.07117368E-03     -1.16E-05
  A   S2                7.68266929E-05      9.00E-06
  A   S3               -1.45157251E-02     -2.51E-05
  A   S4               -1.49528653E-02      3.00E-05
  A   S6               -2.95603064E-03      1.46E-04
  A   S7               -2.14631594E-03     -1.21E-04
  A   S8                1.17603214E-02     -7.38E-04
  A   S9                1.32197482E-02      1.62E-03
  THI S2                3.59417789E-01      4.10E-03
  THI S4                4.39164752E-01     -1.03E-01
  THI S5                1.18974719E+01     -2.74E-01
  THI S7                3.59319613E+00     -1.10E-06
  THI S9                1.28509362E+00      1.10E-01
  THI S11               5.39132403E-01      1.10E-01
  
        EFL          REDU         PIM          OAL         EN PUP       EX PUP
     19.673128     0.000000     0.225046    24.158344     3.911688    -9.712727
  
  Active Constraints -   1:    target        value         diff        cost
  EFL                    =   1.96731E+01   1.96731E+01  -1.404E-06   3.607E-02
  
  Weighted Constraints:        target        value        WTC/PTC     contrib
  @ATELIER_LATCOLOR      =   0.00000E+00   0.00000E+00   1.000E-02   0.000E+00
  @ATELIER_RMSSPOT       =   0.00000E+00   1.92660E+02   1.000E-03   3.712E+04
  
  Constraints added:      Mn ET S4 (>)
  Constraints added:      Mn ET S9 (>)
  Constraints released:   Mn ET S4 (>)                Mn ET S9 (>)
  
 CYCLE NUMBER 9:
  
  ABERR F. =        3.09736085
  CONST F. =    28657.74574318
  ERR. F.  =    28660.84310402       (change =    -8460.73611052)
  
  OPD     3.66457187     2.15482778
  WAV     3.93786260     2.18985051
  
  
  
  Parameter                 Value            Change
  CUY S1                9.73727502E-02     -1.74E-03
  CUY S2               -7.89037953E-02     -1.49E-03
  CUY S3               -1.90707667E-02      4.28E-04
  CUY S4                9.10070424E-02      1.50E-04
  CUY S6                1.07822707E-01      2.24E-04
  CUY S7                1.60079754E-02      1.43E-04
  CUY S8               -3.57443233E-02      8.51E-04
  CUY S9                1.08615223E-01      5.35E-04
  A   S1                1.07517356E-03      4.00E-06
  A   S2                7.25197844E-05     -4.31E-06
  A   S3               -1.45118700E-02      3.86E-06
  A   S4               -1.49583601E-02     -5.49E-06
  A   S6               -3.02703145E-03     -7.10E-05
  A   S7               -2.10958464E-03      3.67E-05
  A   S8                1.17927207E-02      3.24E-05
  A   S9                1.31743047E-02     -4.54E-05
  THI S2                3.60788548E-01      1.37E-03
  THI S4                4.95814438E-01      5.66E-02
  THI S5                1.19240891E+01      2.66E-02
  THI S7                3.59704174E+00      3.85E-03
  THI S9                1.27015599E+00     -1.49E-02
  THI S11               5.24194775E-01     -1.49E-02
  
        EFL          REDU         PIM          OAL         EN PUP       EX PUP
     19.672258     0.000000     0.229455    24.231890     3.991524    -9.725492
  
  Active Constraints -   1:    target        value         diff        cost
  EFL                    =   1.96731E+01   1.96723E+01  -8.716E-04   2.017E+00
  
  Weighted Constraints:        target        value        WTC/PTC     contrib
  @ATELIER_LATCOLOR      =   0.00000E+00   0.00000E+00   1.000E-02   0.000E+00
  @ATELIER_RMSSPOT       =   0.00000E+00   1.69286E+02   1.000E-03   2.866E+04
  
 CYCLE NUMBER 10:
  
  ABERR F. =        3.08531846
  CONST F. =    28044.73978436
  ERR. F.  =    28047.82510282       (change =     -613.01800120)
  
  OPD     3.80882794     1.83409148
  WAV     4.08281567     1.88050907
  
  
  
  Parameter                 Value            Change
  CUY S1                9.81758154E-02      8.03E-04
  CUY S2               -7.82228946E-02      6.81E-04
  CUY S3               -1.92760882E-02     -2.05E-04
  CUY S4                9.09389913E-02     -6.81E-05
  CUY S6                1.07685638E-01     -1.37E-04
  CUY S7                1.59187434E-02     -8.92E-05
  CUY S8               -3.60786156E-02     -3.34E-04
  CUY S9                1.08419417E-01     -1.96E-04
  A   S1                1.07880089E-03      3.63E-06
  A   S2                6.84229706E-05     -4.10E-06
  A   S3               -1.45079639E-02      3.91E-06
  A   S4               -1.49637511E-02     -5.39E-06
  A   S6               -2.97934482E-03      4.77E-05
  A   S7               -1.94545456E-03      1.64E-04
  A   S8                1.18266202E-02      3.39E-05
  A   S9                1.31259138E-02     -4.84E-05
  THI S2                3.60215414E-01     -5.73E-04
  THI S4                4.93870643E-01     -1.94E-03
  THI S5                1.19512820E+01      2.72E-02
  THI S7                3.59495997E+00     -2.08E-03
  THI S9                1.22783485E+00     -4.23E-02
  THI S11               4.81873639E-01     -4.23E-02
  
        EFL          REDU         PIM          OAL         EN PUP       EX PUP
     19.673155     0.000000     0.249615    24.212163     3.992438    -9.685929
  
  Active Constraints -   1:    target        value         diff        cost
  EFL                    =   1.96731E+01   1.96732E+01   2.513E-05   2.206E-01
  
  Weighted Constraints:        target        value        WTC/PTC     contrib
  @ATELIER_LATCOLOR      =   0.00000E+00   0.00000E+00   1.000E-02   0.000E+00
  @ATELIER_RMSSPOT       =   0.00000E+00   1.67466E+02   1.000E-03   2.804E+04
  
 CYCLE NUMBER 11:
  
  ABERR F. =        3.02546860
  CONST F. =    27453.21644074
  ERR. F.  =    27456.24190934       (change =     -591.58319348)
  
  OPD     3.71576275     1.82604929
  WAV     3.99592731     1.87217976
  
  
  
  Parameter                 Value            Change
  CUY S1                9.81482940E-02     -2.75E-05
  CUY S2               -7.82404991E-02     -1.76E-05
  CUY S3               -1.92576559E-02      1.84E-05
  CUY S4                9.09464909E-02      7.50E-06
  CUY S6                1.07678981E-01     -6.66E-06
  CUY S7                1.59133952E-02     -5.35E-06
  CUY S8               -3.60411562E-02      3.75E-05
  CUY S9                1.08477511E-01      5.81E-05
  A   S1                1.07899035E-03      1.89E-07
  A   S2                6.79945957E-05     -4.28E-07
  A   S3               -1.45074196E-02      5.44E-07
  A   S4               -1.49642736E-02     -5.22E-07
  A   S6               -2.97735533E-03      1.99E-06
  A   S7               -1.94623607E-03     -7.82E-07
  A   S8                1.18331271E-02      6.51E-06
  A   S9                1.31144543E-02     -1.15E-05
  THI S2                3.60293451E-01      7.80E-05
  THI S4                4.96728263E-01      2.86E-03
  THI S5                1.19533684E+01      2.09E-03
  THI S7                3.59506967E+00      1.10E-04
  THI S9                1.22862926E+00      7.94E-04
  THI S11               4.82668041E-01      7.94E-04
  
        EFL          REDU         PIM          OAL         EN PUP       EX PUP
     19.673129     0.000000     0.246660    24.218089     3.996857    -9.686445
  
  Active Constraints -   1:    target        value         diff        cost
  EFL                    =   1.96731E+01   1.96731E+01  -6.601E-09   4.268E+00
  
  Weighted Constraints:        target        value        WTC/PTC     contrib
  @ATELIER_LATCOLOR      =   0.00000E+00   0.00000E+00   1.000E-02   0.000E+00
  @ATELIER_RMSSPOT       =   0.00000E+00   1.65690E+02   1.000E-03   2.745E+04
  
 CYCLE NUMBER 12:
  
  ABERR F. =        3.30388035
  CONST F. =    26702.64050615
  ERR. F.  =    26705.94438650       (change =     -750.29752284)
  
  OPD     4.20038888     1.74668186
  WAV     4.44551003     1.79046857
  
  
  
  Parameter                 Value            Change
  CUY S1                9.70144042E-02     -1.13E-03
  CUY S2               -7.94989945E-02     -1.26E-03
  CUY S3               -1.94686556E-02     -2.11E-04
  CUY S4                9.08740320E-02     -7.25E-05
  CUY S6                1.08089795E-01      4.11E-04
  CUY S7                1.61821327E-02      2.69E-04
  CUY S8               -3.68550801E-02     -8.14E-04
  CUY S9                1.06831947E-01     -1.65E-03
  A   S1                1.04036299E-03     -3.86E-05
  A   S2                2.75315948E-05     -4.05E-05
  A   S3               -1.45109358E-02     -3.52E-06
  A   S4               -1.49139774E-02      5.03E-05
  A   S6               -2.94372345E-03      3.36E-05
  A   S7               -1.98444524E-03     -3.82E-05
  A   S8                1.19942002E-02      1.61E-04
  A   S9                1.28284810E-02     -2.86E-04
  THI S2                3.63278017E-01      2.98E-03
  THI S4                4.91701693E-01     -5.03E-03
  THI S5                1.20867592E+01      1.33E-01
  THI S7                3.59290645E+00     -2.16E-03
  THI S9                1.25523637E+00      2.66E-02
  THI S11               5.09275155E-01      2.66E-02
  
        EFL          REDU         PIM          OAL         EN PUP       EX PUP
     19.673133     0.000000     0.189211    24.373882     3.987063    -9.813950
  
  Active Constraints -   1:    target        value         diff        cost
  EFL                    =   1.96731E+01   1.96731E+01   3.574E-06  -5.460E-01
  
  Weighted Constraints:        target        value        WTC/PTC     contrib
  @ATELIER_LATCOLOR      =   0.00000E+00   0.00000E+00   1.000E-02   0.000E+00
  @ATELIER_RMSSPOT       =   0.00000E+00   1.63409E+02   1.000E-03   2.670E+04
  
 CYCLE NUMBER 13:
  
  ABERR F. =        3.28205400
  CONST F. =    26396.94866057
  ERR. F.  =    26400.23071457       (change =     -305.71367192)
  
  OPD     4.16416557     1.75255531
  WAV     4.41021458     1.79605019
  
  
  
  Parameter                 Value            Change
  CUY S1                9.70203616E-02      5.96E-06
  CUY S2               -7.94816031E-02      1.74E-05
  CUY S3               -1.94489110E-02      1.97E-05
  CUY S4                9.08812387E-02      7.21E-06
  CUY S6                1.08061495E-01     -2.83E-05
  CUY S7                1.61610038E-02     -2.11E-05
  CUY S8               -3.67943183E-02      6.08E-05
  CUY S9                1.06897645E-01      6.57E-05
  A   S1                1.04044836E-03      8.54E-08
  A   S2                2.76149471E-05      8.34E-08
  A   S3               -1.45108246E-02      1.11E-07
  A   S4               -1.49140943E-02     -1.17E-07
  A   S6               -2.94251240E-03      1.21E-06
  A   S7               -1.98627793E-03     -1.83E-06
  A   S8                1.20066395E-02      1.24E-05
  A   S9                1.28060959E-02     -2.24E-05
  THI S2                3.63255450E-01     -2.26E-05
  THI S4                4.93666937E-01      1.97E-03
  THI S5                1.20887363E+01      1.98E-03
  THI S7                3.59305060E+00      1.44E-04
  THI S9                1.25582426E+00      5.88E-04
  THI S11               5.09863042E-01      5.88E-04
  
        EFL          REDU         PIM          OAL         EN PUP       EX PUP
     19.673129     0.000000     0.186486    24.378534     3.990121    -9.814723
  
  Active Constraints -   1:    target        value         diff        cost
  EFL                    =   1.96731E+01   1.96731E+01   4.905E-10   2.576E+00
  
  Weighted Constraints:        target        value        WTC/PTC     contrib
  @ATELIER_LATCOLOR      =   0.00000E+00   0.00000E+00   1.000E-02   0.000E+00
  @ATELIER_RMSSPOT       =   0.00000E+00   1.62471E+02   1.000E-03   2.640E+04
  
 CYCLE NUMBER 14:
  
  ABERR F. =        2.74188018
  CONST F. =    21798.36737002
  ERR. F.  =    21801.10925020       (change =    -4599.12146437)
  
  OPD     3.55808645     1.17645732
  WAV     3.81393065     1.21718104
  
  
  
  Parameter                 Value            Change
  CUY S1                9.67079423E-02     -3.12E-04
  CUY S2               -8.01447426E-02     -6.63E-04
  CUY S3               -2.00041276E-02     -5.55E-04
  CUY S4                9.07021982E-02     -1.79E-04
  CUY S6                1.08493786E-01      4.32E-04
  CUY S7                1.64307032E-02      2.70E-04
  CUY S8               -3.86177865E-02     -1.82E-03
  CUY S9                1.04170040E-01     -2.73E-03
  A   S1                1.03746491E-03     -2.98E-06
  A   S2                1.60458414E-05     -1.16E-05
  A   S3               -1.45147158E-02     -3.89E-06
  A   S4               -1.49101595E-02      3.93E-06
  A   S6               -2.74795798E-03      1.95E-04
  A   S7               -2.35414388E-03     -3.68E-04
  A   S8                1.32320165E-02      1.23E-03
  A   S9                1.06785886E-02     -2.13E-03
  THI S2                3.65846178E-01      2.59E-03
  THI S4                4.75719145E-01     -1.79E-02
  THI S5                1.19104945E+01     -1.78E-01
  THI S7                3.58999384E+00     -3.06E-03
  THI S9                1.31084705E+00      5.50E-02
  THI S11               5.64885830E-01      5.50E-02
  
        EFL          REDU         PIM          OAL         EN PUP       EX PUP
     19.673164     0.000000     0.229909    24.236901     3.964659    -9.851785
  
  Active Constraints -   1:    target        value         diff        cost
  EFL                    =   1.96731E+01   1.96732E+01   3.415E-05   1.042E+00
  
  Weighted Constraints:        target        value        WTC/PTC     contrib
  @ATELIER_LATCOLOR      =   0.00000E+00   0.00000E+00   1.000E-02   0.000E+00
  @ATELIER_RMSSPOT       =   0.00000E+00   1.47643E+02   1.000E-03   2.180E+04
  
 CYCLE NUMBER 15:
  
  ABERR F. =        2.63190728
  CONST F. =    21354.94122979
  ERR. F.  =    21357.57313708       (change =     -443.53611313)
  
  OPD     3.41850391     1.08845996
  WAV     3.68297363     1.12806687
  
  
  
  Parameter                 Value            Change
  CUY S1                9.67285781E-02      2.06E-05
  CUY S2               -8.00989727E-02      4.58E-05
  CUY S3               -1.99620546E-02      4.21E-05
  CUY S4                9.07167257E-02      1.45E-05
  CUY S6                1.08336534E-01     -1.57E-04
  CUY S7                1.62843216E-02     -1.46E-04
  CUY S8               -3.84841906E-02      1.34E-04
  CUY S9                1.04190234E-01      2.02E-05
  A   S1                1.03799794E-03      5.33E-07
  A   S2                1.52403012E-05     -8.06E-07
  A   S3               -1.45145940E-02      1.22E-07
  A   S4               -1.49111971E-02     -1.04E-06
  A   S6               -2.75241856E-03     -4.46E-06
  A   S7               -2.35231375E-03      1.83E-06
  A   S8                1.33647917E-02      1.33E-04
  A   S9                1.03353795E-02     -3.43E-04
  THI S2                3.65956539E-01      1.10E-04
  THI S4                4.79937089E-01      4.22E-03
  THI S5                1.19129486E+01      2.45E-03
  THI S7                3.59032174E+00      3.28E-04
  THI S9                1.31357966E+00      2.73E-03
  THI S11               5.67618447E-01      2.73E-03
  
        EFL          REDU         PIM          OAL         EN PUP       EX PUP
     19.673129     0.000000     0.223684    24.246744     3.971526    -9.860652
  
  Active Constraints -   1:    target        value         diff        cost
  EFL                    =   1.96731E+01   1.96731E+01  -5.182E-09   1.143E+00
  
  Weighted Constraints:        target        value        WTC/PTC     contrib
  @ATELIER_LATCOLOR      =   0.00000E+00   0.00000E+00   1.000E-02   0.000E+00
  @ATELIER_RMSSPOT       =   0.00000E+00   1.46133E+02   1.000E-03   2.135E+04
  
 CYCLE NUMBER 16:
  
  ABERR F. =        0.99264711
  CONST F. =    19848.89244044
  ERR. F.  =    19849.88508755       (change =    -1507.68804953)
  
  OPD     0.43487969     0.95909026
  WAV     1.35859817     0.99329234
  
  
  
  Parameter                 Value            Change
  CUY S1                9.75556835E-02      8.27E-04
  CUY S2               -7.88692327E-02      1.23E-03
  CUY S3               -1.89547826E-02      1.01E-03
  CUY S4                9.12502939E-02      5.34E-04
  CUY S6                1.06289338E-01     -2.05E-03
  CUY S7                1.40269563E-02     -2.26E-03
  CUY S8               -3.45377792E-02      3.95E-03
  CUY S9                1.13420485E-01      9.23E-03
  A   S1                1.07583037E-03      3.78E-05
  A   S2                2.77316905E-07     -1.50E-05
  A   S3               -1.45404003E-02     -2.58E-05
  A   S4               -1.48714318E-02      3.98E-05
  A   S6               -2.67364245E-03      7.88E-05
  A   S7               -1.79450310E-03      5.58E-04
  A   S8                8.74072205E-03     -4.62E-03
  A   S9                2.41176854E-03     -7.92E-03
  THI S2                3.73288094E-01      7.33E-03
  THI S4                4.53920372E-01     -2.60E-02
  THI S5                1.22177506E+01      3.05E-01
  THI S7                3.60048502E+00      1.02E-02
  THI S9                1.45476663E+00      1.41E-01
  THI S11               7.08805418E-01      1.41E-01
  
        EFL          REDU         PIM          OAL         EN PUP       EX PUP
     19.658394     0.000000    -0.113760    24.684211     3.949171    -9.867961
  
  Active Constraints -   1:    target        value         diff        cost
  EFL                    =   1.96731E+01   1.96584E+01  -1.474E-02   1.155E-03
  
  Weighted Constraints:        target        value        WTC/PTC     contrib
  @ATELIER_LATCOLOR      =   0.00000E+00   0.00000E+00   1.000E-02   0.000E+00
  @ATELIER_RMSSPOT       =   0.00000E+00   1.40886E+02   1.000E-03   1.985E+04
  
 CYCLE NUMBER 17:
  
  ABERR F. =        1.58231403
  CONST F. =    13243.34626476
  ERR. F.  =    13244.92857879       (change =    -6604.95650876)
  
  OPD     1.72395800     1.15343604
  WAV     2.07616748     1.18404114
  
  
  
  Parameter                 Value            Change
  CUY S1                9.75721063E-02      1.64E-05
  CUY S2               -7.88888204E-02     -1.96E-05
  CUY S3               -1.89893190E-02     -3.45E-05
  CUY S4                9.12541391E-02      3.85E-06
  CUY S6                1.06287747E-01     -1.59E-06
  CUY S7                1.40257360E-02     -1.22E-06
  CUY S8               -3.45323568E-02      5.42E-06
  CUY S9                1.13417951E-01     -2.53E-06
  A   S1                1.07338375E-03     -2.45E-06
  A   S2                2.31665975E-06      2.04E-06
  A   S3               -1.45422016E-02     -1.80E-06
  A   S4               -1.48691786E-02      2.25E-06
  A   S6               -2.73869204E-03     -6.50E-05
  A   S7               -1.65934188E-03      1.35E-04
  A   S8                8.10619365E-03     -6.35E-04
  A   S9                2.56029100E-03      1.49E-04
  THI S2                3.73442032E-01      1.54E-04
  THI S4                3.53713736E-01     -1.00E-01
  THI S5                1.21226447E+01     -9.51E-02
  THI S7                3.60027666E+00     -2.08E-04
  THI S9                1.43809816E+00     -1.67E-02
  THI S11               6.92136945E-01     -1.67E-02
  
        EFL          REDU         PIM          OAL         EN PUP       EX PUP
     19.673129     0.000000    -0.008936    24.472175     3.794336    -9.815214
  
  Active Constraints -   1:    target        value         diff        cost
  EFL                    =   1.96731E+01   1.96731E+01   4.649E-08   1.526E+01
  
  Weighted Constraints:        target        value        WTC/PTC     contrib
  @ATELIER_LATCOLOR      =   0.00000E+00   0.00000E+00   1.000E-02   0.000E+00
  @ATELIER_RMSSPOT       =   0.00000E+00   1.15080E+02   1.000E-03   1.324E+04
  
 CYCLE NUMBER 18:
  
  ABERR F. =        1.12370950
  CONST F. =     9502.44296953
  ERR. F.  =     9503.56667903       (change =    -3741.36189976)
  
  OPD     0.80122889     0.90132206
  WAV     1.65125052     0.93269216
  
  
  
  Parameter                 Value            Change
  CUY S1                9.53277933E-02     -2.24E-03
  CUY S2               -8.08084826E-02     -1.92E-03
  CUY S3               -1.84356291E-02      5.54E-04
  CUY S4                9.14487261E-02      1.95E-04
  CUY S6                1.06566810E-01      2.79E-04
  CUY S7                1.42014192E-02      1.76E-04
  CUY S8               -3.27551141E-02      1.78E-03
  CUY S9                1.14658679E-01      1.24E-03
  A   S1                1.07849906E-03      5.12E-06
  A   S2               -2.85621723E-06     -5.17E-06
  A   S3               -1.45371548E-02      5.05E-06
  A   S4               -1.48771988E-02     -8.02E-06
  A   S6               -2.70622167E-03      3.25E-05
  A   S7               -1.68892934E-03     -2.96E-05
  A   S8                8.17779929E-03      7.16E-05
  A   S9                2.32452557E-03     -2.36E-04
  THI S2                3.75256008E-01      1.81E-03
  THI S4                2.53948220E-01     -9.98E-02
  THI S5                1.21938075E+01      7.12E-02
  THI S7                3.60501837E+00      4.74E-03
  THI S9                1.45442383E+00      1.63E-02
  THI S11               7.08462613E-01      1.63E-02
  
        EFL          REDU         PIM          OAL         EN PUP       EX PUP
     19.673069     0.000000     0.020867    24.466454     3.631961    -9.886181
  
  Active Constraints -   1:    target        value         diff        cost
  EFL                    =   1.96731E+01   1.96731E+01  -6.073E-05   1.220E+00
  
  Weighted Constraints:        target        value        WTC/PTC     contrib
  @ATELIER_LATCOLOR      =   0.00000E+00   0.00000E+00   1.000E-02   0.000E+00
  @ATELIER_RMSSPOT       =   0.00000E+00   9.74805E+01   1.000E-03   9.502E+03
  
  Constraints added:      Mn ET S4 (>)
  
 CYCLE NUMBER 19:
  
  ABERR F. =        0.65558889
  CONST F. =     5183.10994764
  ERR. F.  =     5183.76553653       (change =    -4319.80114250)
  
  OPD     0.36306997     0.74768855
  WAV     0.65843267     0.77122995
  
  
  
  Parameter                 Value            Change
  CUY S1                9.27853094E-02     -2.54E-03
  CUY S2               -8.30459223E-02     -2.24E-03
  CUY S3               -2.14014304E-02     -2.97E-03
  CUY S4                8.81377403E-02     -3.31E-03
  CUY S6                1.06893550E-01      3.27E-04
  CUY S7                1.44120017E-02      2.11E-04
  CUY S8               -4.78273428E-02     -1.51E-02
  CUY S9                1.02979913E-01     -1.17E-02
  A   S1                1.07402945E-03     -4.47E-06
  A   S2                2.99957777E-05      3.29E-05
  A   S3               -1.45730540E-02     -3.59E-05
  A   S4               -1.48229852E-02      5.42E-05
  A   S6               -2.81074431E-03     -1.05E-04
  A   S7               -1.54830235E-03      1.41E-04
  A   S8                8.85809106E-03      6.80E-04
  A   S9                4.12375220E-03      1.80E-03
  THI S2                5.26042830E-01      1.51E-01
  THI S4                4.54106718E-02     -2.09E-01
  THI S5                1.22071060E+01      1.33E-02
  THI S7                3.50116903E+00     -1.04E-01
  THI S9                1.48583594E+00      3.14E-02
  THI S11               7.39874721E-01      3.14E-02
  
        EFL          REDU         PIM          OAL         EN PUP       EX PUP
     19.666139     0.000000    -0.099555    24.349564     3.536820    -9.786576
  
  Active Constraints -   2:    target        value         diff        cost
  EFL                    =   1.96731E+01   1.96661E+01  -6.990E-03   4.538E-05
  Mn ET S4                                                          -2.431E-08
  
  Weighted Constraints:        target        value        WTC/PTC     contrib
  @ATELIER_LATCOLOR      =   0.00000E+00   0.00000E+00   1.000E-02   0.000E+00
  @ATELIER_RMSSPOT       =   0.00000E+00   7.19938E+01   1.000E-03   5.183E+03
  
  Constraints released:   Mn ET S4 (>)
  
 CYCLE NUMBER 20:
  
  ABERR F. =        0.56302284
  CONST F. =     4971.62135621
  ERR. F.  =     4972.18437905       (change =     -211.58115748)
  
  OPD     0.30961983     0.67094635
  WAV     0.49067098     0.69367675
  
  
  
  Parameter                 Value            Change
  CUY S1                9.34103152E-02      6.25E-04
  CUY S2               -9.41845128E-02     -1.11E-02
  CUY S3               -3.05477697E-02     -9.15E-03
  CUY S4                9.08206937E-02      2.68E-03
  CUY S6                1.19151641E-01      1.23E-02
  CUY S7                3.20288303E-02      1.76E-02
  CUY S8               -4.15994537E-02      6.23E-03
  CUY S9                1.04878269E-01      1.90E-03
  A   S1                1.08520044E-03      1.12E-05
  A   S2                3.43497116E-05      4.35E-06
  A   S3               -1.45829587E-02     -9.90E-06
  A   S4               -1.48056416E-02      1.73E-05
  A   S6               -2.76481320E-03      4.59E-05
  A   S7               -1.47266640E-03      7.56E-05
  A   S8                7.70217124E-03     -1.16E-03
  A   S9                2.53938167E-03     -1.58E-03
  THI S2                5.20166534E-01     -5.88E-03
  THI S4                4.78311830E-02      2.42E-03
  THI S5                1.21354622E+01     -7.16E-02
  THI S7                3.56211533E+00      6.09E-02
  THI S9                1.45728471E+00     -2.86E-02
  THI S11               7.11323493E-01     -2.86E-02
  
        EFL          REDU         PIM          OAL         EN PUP       EX PUP
     19.644747     0.000000    -0.129658    24.306860     3.546987    -9.715028
  
  Active Constraints -   2:    target        value         diff        cost
  EFL                    =   1.96731E+01   1.96447E+01  -2.838E-02   9.965E-05
  Mn ET S4                                                           6.268E-07
  
  Weighted Constraints:        target        value        WTC/PTC     contrib
  @ATELIER_LATCOLOR      =   0.00000E+00   0.00000E+00   1.000E-02   0.000E+00
  @ATELIER_RMSSPOT       =   0.00000E+00   7.05097E+01   1.000E-03   4.972E+03
 RAY ERROR: REFL  9
 RAY ERROR: REFL  9
 RAY ERROR: REFL  9
 RAY ERROR: REFL  9
 RAY ERROR: REFL  9
 RAY ERROR: REFL  9
  
 CYCLE NUMBER 21:
  
  ABERR F. =        0.59095040
  CONST F. =     4713.33422003
  ERR. F.  =     4713.92517043       (change =     -258.25920862)
  
  OPD     0.23410596     0.74761160
  WAV     0.42638550     0.77547161
  
  
  
  Parameter                 Value            Change
  CUY S1                9.34233346E-02      1.30E-05
  CUY S2               -9.41308006E-02      5.37E-05
  CUY S3               -3.05163653E-02      3.14E-05
  CUY S4                9.07921216E-02     -2.86E-05
  CUY S6                1.19102598E-01     -4.90E-05
  CUY S7                3.18943612E-02     -1.34E-04
  CUY S8               -4.36684544E-02     -2.07E-03
  CUY S9                1.02849474E-01     -2.03E-03
  A   S1                1.08509548E-03     -1.05E-07
  A   S2                3.47289133E-05      3.79E-07
  A   S3               -1.45832819E-02     -3.23E-07
  A   S4               -1.48052519E-02      3.90E-07
  A   S6               -2.77041041E-03     -5.60E-06
  A   S7               -1.45923182E-03      1.34E-05
  A   S8                7.46936409E-03     -2.33E-04
  A   S9                3.37530116E-03      8.36E-04
  THI S2                5.20058135E-01     -1.08E-04
  THI S4                4.78087479E-02     -2.24E-05
  THI S5                1.21315987E+01     -3.86E-03
  THI S7                3.56178556E+00     -3.30E-04
  THI S9                1.45535015E+00     -1.93E-03
  THI S11               7.09388931E-01     -1.93E-03
  
        EFL          REDU         PIM          OAL         EN PUP       EX PUP
     19.645478     0.000000    -0.128062    24.300601     3.546801    -9.716460
  
  Active Constraints -   2:    target        value         diff        cost
  EFL                    =   1.96731E+01   1.96455E+01  -2.765E-02   1.403E-01
  Mn ET S4                                                          -2.829E-02
  
  Weighted Constraints:        target        value        WTC/PTC     contrib
  @ATELIER_LATCOLOR      =   0.00000E+00   0.00000E+00   1.000E-02   0.000E+00
  @ATELIER_RMSSPOT       =   0.00000E+00   6.86537E+01   1.000E-03   4.713E+03
 RAY ERROR: REFL  9
  
  Constraints released:   Mn ET S4 (>)
  
 CYCLE NUMBER 22:
  
  ABERR F. =        0.58734833
  CONST F. =     4535.14438529
  ERR. F.  =     4535.73173362       (change =     -178.19343681)
  
  OPD     0.17482509     0.75969330
  WAV     0.38894742     0.78799393
  
  
  
  Parameter                 Value            Change
  CUY S1                9.34408151E-02      1.75E-05
  CUY S2               -9.40508319E-02      8.00E-05
  CUY S3               -3.04400485E-02      7.63E-05
  CUY S4                9.08111194E-02      1.90E-05
  CUY S6                1.18428699E-01     -6.74E-04
  CUY S7                3.12344056E-02     -6.60E-04
  CUY S8               -4.33126576E-02      3.56E-04
  CUY S9                1.03168500E-01      3.19E-04
  A   S1                1.08476036E-03     -3.35E-07
  A   S2                3.53771627E-05      6.48E-07
  A   S3               -1.45837085E-02     -4.27E-07
  A   S4               -1.48047809E-02      4.71E-07
  A   S6               -2.78076871E-03     -1.04E-05
  A   S7               -1.46415683E-03     -4.93E-06
  A   S8                7.47243703E-03      3.07E-06
  A   S9                3.35346983E-03     -2.18E-05
  THI S2                5.20211358E-01      1.53E-04
  THI S4                4.87354113E-02      9.27E-04
  THI S5                1.21259329E+01     -5.67E-03
  THI S7                3.56214098E+00      3.55E-04
  THI S9                1.45244295E+00     -2.91E-03
  THI S11               7.06481736E-01     -2.91E-03
  
        EFL          REDU         PIM          OAL         EN PUP       EX PUP
     19.672977     0.000000    -0.114830    24.293464     3.548529    -9.712114
  
  Active Constraints -   1:    target        value         diff        cost
  EFL                    =   1.96731E+01   1.96730E+01  -1.524E-04   7.541E-02
  
  Weighted Constraints:        target        value        WTC/PTC     contrib
  @ATELIER_LATCOLOR      =   0.00000E+00   0.00000E+00   1.000E-02   0.000E+00
  @ATELIER_RMSSPOT       =   0.00000E+00   6.73435E+01   1.000E-03   4.535E+03
  
  Constraints added:      Mn ET S4 (>)
  
 CYCLE NUMBER 23:
  
  ABERR F. =        0.58481899
  CONST F. =     4413.16905496
  ERR. F.  =     4413.75387395       (change =     -121.97785967)
  
  OPD     0.17488413     0.75327991
  WAV     0.39945145     0.78132993
  
  
  
  Parameter                 Value            Change
  CUY S1                9.34068974E-02     -3.39E-05
  CUY S2               -9.41409953E-02     -9.02E-05
  CUY S3               -3.05614951E-02     -1.21E-04
  CUY S4                9.07416133E-02     -6.95E-05
  CUY S6                1.18494918E-01      6.62E-05
  CUY S7                3.12802194E-02      4.58E-05
  CUY S8               -4.28109908E-02      5.02E-04
  CUY S9                1.03749409E-01      5.81E-04
  A   S1                1.08498395E-03      2.24E-07
  A   S2                3.51976613E-05     -1.80E-07
  A   S3               -1.45834341E-02      2.74E-07
  A   S4               -1.48051826E-02     -4.02E-07
  A   S6               -2.77911879E-03      1.65E-06
  A   S7               -1.46268756E-03      1.47E-06
  A   S8                7.47991384E-03      7.48E-06
  A   S9                3.34092406E-03     -1.25E-05
  THI S2                5.20184921E-01     -2.64E-05
  THI S4                4.78063598E-02     -9.29E-04
  THI S5                1.21290425E+01      3.11E-03
  THI S7                3.56095418E+00     -1.19E-03
  THI S9                1.45337771E+00      9.35E-04
  THI S11               7.07416489E-01      9.35E-04
  
        EFL          REDU         PIM          OAL         EN PUP       EX PUP
     19.673130     0.000000    -0.114232    24.295366     3.546873    -9.710391
  
  Active Constraints -   2:    target        value         diff        cost
  EFL                    =   1.96731E+01   1.96731E+01   7.061E-07   1.262E-01
  Mn ET S4                                                          -1.704E-03
  
  Weighted Constraints:        target        value        WTC/PTC     contrib
  @ATELIER_LATCOLOR      =   0.00000E+00   0.00000E+00   1.000E-02   0.000E+00
  @ATELIER_RMSSPOT       =   0.00000E+00   6.64317E+01   1.000E-03   4.413E+03
  
  Constraints released:   Mn ET S4 (>)
  Constraints released:   Mn ET S4 (>)
  
 CYCLE NUMBER 24:
  
  ABERR F. =        0.58481897
  CONST F. =     4413.20365531
  ERR. F.  =     4413.78847428       (change =        0.03460033)
  
  OPD     0.17488034     0.75328200
  WAV     0.39944480     0.78133210
  
  
  
  Parameter                 Value            Change
  CUY S1                9.34069074E-02      1.00E-08
  CUY S2               -9.41409589E-02      3.65E-08
  CUY S3               -3.05614550E-02      4.01E-08
  CUY S4                9.07416284E-02      1.51E-08
  CUY S6                1.18494967E-01      4.90E-08
  CUY S7                3.12803334E-02      1.14E-07
  CUY S8               -4.28106241E-02      3.67E-07
  CUY S9                1.03749748E-01      3.39E-07
  A   S1                1.08498377E-03     -1.72E-10
  A   S2                3.51977818E-05      1.21E-10
  A   S3               -1.45834343E-02     -1.87E-10
  A   S4               -1.48051823E-02      2.79E-10
  A   S6               -2.77911977E-03     -9.81E-10
  A   S7               -1.46269117E-03     -3.61E-09
  A   S8                7.47990810E-03     -5.74E-09
  A   S9                3.34093418E-03      1.01E-08
  THI S2                5.20185065E-01      1.45E-07
  THI S4                4.78114565E-02      5.10E-06
  THI S5                1.21290399E+01     -2.56E-06
  THI S7                3.56095449E+00      3.09E-07
  THI S9                1.45337714E+00     -5.66E-07
  THI S11               7.07415923E-01     -5.66E-07
  
        EFL          REDU         PIM          OAL         EN PUP       EX PUP
     19.673129     0.000000    -0.114234    24.295368     3.546881    -9.710388
  
  Active Constraints -   1:    target        value         diff        cost
  EFL                    =   1.96731E+01   1.96731E+01   1.658E-08   3.059E-01
  
  Weighted Constraints:        target        value        WTC/PTC     contrib
  @ATELIER_LATCOLOR      =   0.00000E+00   0.00000E+00   1.000E-02   0.000E+00
  @ATELIER_RMSSPOT       =   0.00000E+00   6.64319E+01   1.000E-03   4.413E+03
  
     Normal AUTO Completion - System improvement less than IMP
AUT> GO
 
 
CODE V> BUF PUT B1 I^row J1 "schema"
      Created new worksheet B1.
CODE V> BUF PUT B1 I^row J2 "atelier-codev-target-v1"
CODE V> BUF PUT B1 I^row J1 "status"
CODE V> BUF PUT B1 I^row J2 "ok"
CODE V> BUF PUT B1 I^row J1 "mode"
CODE V> BUF PUT B1 I^row J2 "target"
CODE V> BUF PUT B1 I^row J1 "stage"
CODE V> BUF PUT B1 I^row J2 "A"
CODE V> BUF PUT B1 I^row J1 "source_zmx"
CODE V> BUF PUT B1 I^row J2 "US-11940597-B2-e6.zmx"
CODE V> BUF PUT B1 I^row J1 "num_fields"
CODE V> BUF PUT B1 I^row J2 ^numf_out
CODE V> BUF PUT B1 I^row J1 "vignetting_edge"
CODE V> BUF PUT B1 I^row J2 0.5
CODE V> BUF PUT B1 I^row J1 "target.efl_mm"
CODE V> BUF PUT B1 I^row J2 ^target_efl
CODE V> BUF PUT B1 I^row J1 "target.f_number"
CODE V> BUF PUT B1 I^row J2 2.9429874025441
CODE V> BUF PUT B1 I^row J1 "seed_baseline.efl_y_mm"
CODE V> BUF PUT B1 I^row J2 ^seed_baseline_efl_y_mm
CODE V> BUF PUT B1 I^row J1 "seed_baseline.max_lateral_color_um"
CODE V> BUF PUT B1 I^row J2 ^seed_baseline_max_lateral_color_um
CODE V> BUF PUT B1 I^row J1 "seed_baseline.max_rms_spot_diameter_um"
CODE V> BUF PUT B1 I^row J2 ^seed_baseline_max_rms_spot_diameter_um
CODE V> BUF PUT B1 I^row J1 "seed_baseline.max_rms_wavefront_error_waves"
CODE V> BUF PUT B1 I^row J2 ^seed_baseline_max_rms_wavefront_error_waves
CODE V> BUF PUT B1 I^row J1 "seed_baseline.max_distortion_pct"
CODE V> BUF PUT B1 I^row J2 ^seed_baseline_max_distortion_pct
CODE V> BUF PUT B1 I^row J1 "seed_baseline.fno"
CODE V> BUF PUT B1 I^row J2 ^seed_baseline_fno
CODE V> BUF PUT B1 I^row J1 "seed_baseline.epd_mm"
CODE V> BUF PUT B1 I^row J2 ^seed_baseline_epd
CODE V> BUF PUT B1 I^row J1 "seed_baseline.maximh_mm"
CODE V> BUF PUT B1 I^row J2 ^seed_baseline_maximh
CODE V> BUF PUT B1 I^row J1 "config_pre_aut.efl_y_mm"
CODE V> BUF PUT B1 I^row J2 ^config_pre_aut_efl_y_mm
CODE V> BUF PUT B1 I^row J1 "config_pre_aut.max_lateral_color_um"
CODE V> BUF PUT B1 I^row J2 ^config_pre_aut_max_lateral_color_um
CODE V> BUF PUT B1 I^row J1 "config_pre_aut.max_rms_spot_diameter_um"
CODE V> BUF PUT B1 I^row J2 ^config_pre_aut_max_rms_spot_diameter_um
CODE V> BUF PUT B1 I^row J1 "config_pre_aut.max_rms_wavefront_error_waves"
CODE V> BUF PUT B1 I^row J2 ^config_pre_aut_max_rms_wavefront_error_waves
CODE V> BUF PUT B1 I^row J1 "config_pre_aut.max_distortion_pct"
CODE V> BUF PUT B1 I^row J2 ^config_pre_aut_max_distortion_pct
CODE V> BUF PUT B1 I^row J1 "config_pre_aut.fno"
CODE V> BUF PUT B1 I^row J2 ^config_pre_aut_fno
CODE V> BUF PUT B1 I^row J1 "config_pre_aut.epd_mm"
CODE V> BUF PUT B1 I^row J2 ^config_pre_aut_epd
CODE V> BUF PUT B1 I^row J1 "config_pre_aut.maximh_mm"
CODE V> BUF PUT B1 I^row J2 ^config_pre_aut_maximh
CODE V> BUF PUT B1 I^row J1 "post_aut.efl_y_mm"
CODE V> BUF PUT B1 I^row J2 ^post_aut_efl_y_mm
CODE V> BUF PUT B1 I^row J1 "post_aut.max_lateral_color_um"
CODE V> BUF PUT B1 I^row J2 ^post_aut_max_lateral_color_um
CODE V> BUF PUT B1 I^row J1 "post_aut.max_rms_spot_diameter_um"
CODE V> BUF PUT B1 I^row J2 ^post_aut_max_rms_spot_diameter_um
CODE V> BUF PUT B1 I^row J1 "post_aut.max_rms_wavefront_error_waves"
CODE V> BUF PUT B1 I^row J2 ^post_aut_max_rms_wavefront_error_waves
CODE V> BUF PUT B1 I^row J1 "post_aut.max_distortion_pct"
CODE V> BUF PUT B1 I^row J2 ^post_aut_max_distortion_pct
CODE V> BUF PUT B1 I^row J1 "post_aut.fno"
CODE V> BUF PUT B1 I^row J2 ^post_aut_fno
CODE V> BUF PUT B1 I^row J1 "post_aut.epd_mm"
CODE V> BUF PUT B1 I^row J2 ^post_aut_epd
CODE V> BUF PUT B1 I^row J1 "post_aut.maximh_mm"
CODE V> BUF PUT B1 I^row J2 ^post_aut_maximh
CODE V> BUF PUT B1 I^row J1 "efl_target_deviation_pct"
CODE V> BUF PUT B1 I^row J2 ^efl_target_dev_pct
CODE V> BUF PUT B1 I^row J1 "aut_converged"
CODE V> BUF PUT B1 I^row J2 ^aut_converged
CODE V> BUF EXP B1 "D:\atelier-wt-c\.planning\loop\p15-stageb-evidence\fno-matrix-2026-07-11\US-11940597-B2-e6_tighten\rung1_fno0294\ray_retry\atelier_codev_target_A_vig0500.tsv"
     Buffer B1 exported to file atelier_codev_target_A_vig0500.tsv
CODE V> BUF DEL B1
CODE V> OUT YES
CODE V> EXI YES
     EXI                                                                              11-Jul-26  14H 27M  0S
                                                 CODE V PC  Version: 11.5             CPU clock:  0H  0M  6S
