  
  
                                   Welcome to
  
                                   C O D E   V
  
                                PC  Version 11.5
                                   Build 27302701
  
                                   11-Jul-2026
  
                            A proprietary product of
  
                              SYNOPSYS, INC
                              Pasadena, California
  
CODE V> OUT NO
     Radius input/output mode
  
    Lens data created by Zemax version 191028
  
    Zemax command MODE ignored
     WARNING - Vignetting angles not used.
     ERROR - No wavelength  2 in zoom position  1
  
     Surface pointer = OBJ
    Zemax surface type  STANDARD
    CODE V surface type SPH
    Zemax command FIMP ignored.
     WARNING - Hiding of rays not used.
    Zemax command MIRR ignored.
    Zemax command SLAB ignored.
    Zemax command MEMA ignored.
    Zemax command POPS ignored.
  
     Surface pointer = 1
    Zemax surface type  EVENASPH
    CODE V surface type ASP
    Zemax command FIMP ignored.
     WARNING - Hiding of rays not used.
    Zemax command MIRR ignored.
    Zemax command SLAB ignored.
     WARNING - Partial dispersion of model glass not used.
    Zemax command MEMA ignored.
    Zemax command POPS ignored.
  
     Surface pointer = 2
    Zemax surface type  EVENASPH
    CODE V surface type ASP
    Zemax command FIMP ignored.
     WARNING - Hiding of rays not used.
    Zemax command MIRR ignored.
    Zemax command SLAB ignored.
    Zemax command MEMA ignored.
    Zemax command POPS ignored.
  
     Surface pointer = 3
    Zemax surface type  EVENASPH
    CODE V surface type ASP
    Zemax command FIMP ignored.
     WARNING - Hiding of rays not used.
    Zemax command MIRR ignored.
    Zemax command SLAB ignored.
     WARNING - Partial dispersion of model glass not used.
    Zemax command MEMA ignored.
    Zemax command POPS ignored.
  
     Surface pointer = 4
    Zemax surface type  EVENASPH
    CODE V surface type ASP
    Zemax command FIMP ignored.
     WARNING - Hiding of rays not used.
    Zemax command MIRR ignored.
    Zemax command SLAB ignored.
    Zemax command MEMA ignored.
    Zemax command POPS ignored.
  
     Surface pointer = 5
    Zemax surface type  STANDARD
    CODE V surface type SPH
    Zemax command FIMP ignored.
     WARNING - Hiding of rays not used.
    Zemax command MIRR ignored.
    Zemax command SLAB ignored.
    Zemax command MEMA ignored.
    Zemax command POPS ignored.
  
     Surface pointer = 6
    Zemax surface type  EVENASPH
    CODE V surface type ASP
    Zemax command FIMP ignored.
     WARNING - Hiding of rays not used.
    Zemax command MIRR ignored.
    Zemax command SLAB ignored.
     WARNING - Partial dispersion of model glass not used.
    Zemax command MEMA ignored.
    Zemax command POPS ignored.
  
     Surface pointer = 7
    Zemax surface type  EVENASPH
    CODE V surface type ASP
    Zemax command FIMP ignored.
     WARNING - Hiding of rays not used.
    Zemax command MIRR ignored.
    Zemax command SLAB ignored.
    Zemax command MEMA ignored.
    Zemax command POPS ignored.
  
     Surface pointer = 8
    Zemax surface type  EVENASPH
    CODE V surface type ASP
    Zemax command FIMP ignored.
     WARNING - Hiding of rays not used.
    Zemax command MIRR ignored.
    Zemax command SLAB ignored.
     WARNING - Partial dispersion of model glass not used.
    Zemax command MEMA ignored.
    Zemax command POPS ignored.
  
     Surface pointer = 9
    Zemax surface type  EVENASPH
    CODE V surface type ASP
    Zemax command FIMP ignored.
     WARNING - Hiding of rays not used.
    Zemax command MIRR ignored.
    Zemax command SLAB ignored.
    Zemax command MEMA ignored.
    Zemax command POPS ignored.
  
     Surface pointer = 10
    Zemax surface type  STANDARD
    CODE V surface type SPH
    Zemax command FIMP ignored.
     WARNING - Hiding of rays not used.
    Zemax command MIRR ignored.
    Zemax command SLAB ignored.
     WARNING - Partial dispersion of model glass not used.
    Zemax command MEMA ignored.
    Zemax command POPS ignored.
  
     Surface pointer = 11
    Zemax surface type  STANDARD
    CODE V surface type SPH
    Zemax command FIMP ignored.
     WARNING - Hiding of rays not used.
    Zemax command MIRR ignored.
    Zemax command SLAB ignored.
    Zemax command MEMA ignored.
    Zemax command POPS ignored.
  
     Surface pointer = IMG
    Zemax surface type  STANDARD
    CODE V surface type SPH
    Zemax command FIMP ignored.
     WARNING - Hiding of rays not used.
    Zemax command MIRR ignored.
    Zemax command SLAB ignored.
    Zemax command MEMA ignored.
    Zemax command POPS ignored.
    Zemax command ! AT ignored.
    Zemax command ! AT ignored.
    Zemax command ! AT ignored.
    Zemax command ! AT ignored.
  
     WARNING - Please check the converted lens carefully.
               Some information will not be converted.
               Changes in either CODE V or ZEMAX may invalidate
               the converted information.
               Due to differences between CODE V and ZEMAX ray
               aiming and vignetting factors, it is recommended
               that you set vignetting for the converted system.
  
               A concise listing of conversion warnings appears
               in the Tabbed Output Window 'Info' tab and in the
               Command Window.
  
CODE V> DEF VAR SA
 
 
CODE V> FNO 2.9429874025441
CODE V> VUY 0 0.2
CODE V> VLY 0 0.2
CODE V> VUX 0 0.2
CODE V> VLX 0 0.2
 
 
CODE V> AUT
     AUT                                                                              11-Jul-26  14H 26M 39S
                                                 CODE V PC  Version: 11.5             CPU clock:  0H  0M  1S
     WARNING - CODE V places the reference sphere at the exit pupil.  However,
               the aberrations of this lens make the OPD data (and any quantity
               that depends upon OPD data) very sensitive to the exact value of
               the reference sphere radius.  You can use the RSL command to
               reposition the reference sphere if that is appropriate for
               your application.
     ***Defocussing frozen to eliminate redundant variable
AUT>   SUR N
AUT>   CHG SA
AUT>   WFR Y
AUT>   WTF FA 10
AUT>   EFL = 19.6731294141371
AUT>   @atelier_latcolor == @lcum(1)
AUT>   @atelier_latcolor = 0
AUT>   WTC 0.01
AUT>   @atelier_rmsspot == @rmssum(1)
AUT>   @atelier_rmsspot = 0
AUT>   WTC 0.001
AUT>   MNT 0.025
AUT>   MNE 0.025
AUT>   MXT 10
AUT>   MNA 0.001
AUT>   MXC 25
AUT>   MNC 3
AUT>   IMP 0.001
AUT> GO
 -------------------------------------------------------------------------------
  
       USER CONSTRAINT DEFINITIONS
            @atelier_rmsspot == @rmssum(1)
  
            @atelier_latcolor == @lcum(1)
  
  
  
       POTENTIALLY ACTIVE SPECIFIC CONSTRAINTS
         EFL                                  =      19.673129
         @ATELIER_LATCOLOR                    =       0.000000     (WTC =    0.01000)
         @ATELIER_RMSSPOT                     =       0.000000     (WTC =    0.00100)
  
       GENERAL CONSTRAINTS
         MXT      10.000000
         MNT       0.025000
         MNE       0.025000
         MNA       0.001000
         MAE       0.002500
         GLA               NFK5  NSK16  NLAF2  SF4
  
       ERROR FUNCTION CONSTRUCTION
         WFR        Y
         WTW       1
         WTA       0.000000
         DEL       0.220000
         WTX F1   10.000000
         WTX F2   10.000000
         WTY F1   10.000000
         WTY F2   10.000000
  
       CONVERGENCE CONTROLS
         MXC        25
         MNC         3
         TAR       0.000000
         IMP       0.001000
  
       OUTPUT CONTROLS
         SUR NO
         CHG S0..12
  
     Recommendations for most stable convergence:
  
       Use object space aperture specifications:
       - NAO for finite conjugate systems
       - EPD for infinite conjugate systems
  
       VARIABLE LIST
  
         NO      PARAMETERS *
          1      CUY S1       CUY S2
          2      CUY S2       CUY S3
          3      CUY S3       CUY S4
          4      CUY S4
          5      CUY S6       CUY S7
          6      CUY S7
          7      CUY S8       CUY S9
          8      CUY S9
          9      A   S1
         10      A   S2
         11      A   S3
         12      A   S4
         13      A   S6
         14      A   S7
         15      A   S8
         16      A   S9
         17      THI S2
         18      THI S4
         19      THI S5
         20      THI S7
         21      THI S9
         22      THI S11
  
     * Multiple entries on a line are composite variables.
     Composite variables are either program-generated bendings
     or user-requested couplings.
  
      22 VARIABLES
  
      22 CONSTRAINTS CAN BE ACTIVE
  
     RELATIVE TIME PER CYCLE IS   58.4 UNITS
     WARNING - The macro function SPOTDATA is not supported on multiple threads.
               CODE V will set the multiple processor setting (MPP) to 1 to prevent errors.
               Please refer to the CODE V Setup and Operation Reference Manual for a complete list
               of pre-defined macro functions that are currently limited to running on a single thread.
  
 CYCLE NUMBER 0:
  
  ABERR F. =      124.26618427
  CONST F. =      0.329756E+07
  ERR. F.  =      0.329768E+07
  
  OPD   142.84252792    98.94672722
  WAV   146.48006120   100.58572101
  
  
  
  Parameter                 Value            Change
  CUY S1                1.11756817E-01      0.00E+00
  CUY S2               -7.53068755E-02      0.00E+00
  CUY S3               -5.15198351E-02      0.00E+00
  CUY S4                6.86059276E-02      0.00E+00
  CUY S6                1.06734977E-01      0.00E+00
  CUY S7                1.25134520E-02      0.00E+00
  CUY S8               -2.57440016E-02      0.00E+00
  CUY S9                1.05652404E-01      0.00E+00
  A   S1               -7.30400000E-04      0.00E+00
  A   S2               -1.16320000E-03      0.00E+00
  A   S3               -1.60550000E-02      0.00E+00
  A   S4               -1.55430000E-02      0.00E+00
  A   S6                0.00000000E+00      0.00E+00
  A   S7                0.00000000E+00      0.00E+00
  A   S8                0.00000000E+00      0.00E+00
  A   S9                0.00000000E+00      0.00E+00
  THI S2                5.00000000E-02      0.00E+00
  THI S4                2.20000000E-01      0.00E+00
  THI S5                6.09600000E+00      0.00E+00
  THI S7                3.83000000E+00      0.00E+00
  THI S9                4.00000000E+00      0.00E+00
  THI S11               6.76000000E-01      0.00E+00
  
        EFL          REDU         PIM          OAL         EN PUP       EX PUP
     19.682882     0.000000     0.690427    20.780000     3.129062   -10.505106
  
  Specific Constraints:        target        value         diff      active (**)
  EFL                    =   1.96731E+01   1.96829E+01   9.753E-03    **
  
  Weighted Constraints:        target        value        WTC/PTC     contrib
  @ATELIER_LATCOLOR      =   0.00000E+00   0.00000E+00   1.000E-02   0.000E+00
  @ATELIER_RMSSPOT       =   0.00000E+00   1.81592E+03   1.000E-03   3.298E+06
  
  Constraints added:      EFL (=)
 RAY ERROR: REFL  9
  Constraints added:      Mn CT S2 (>)                Mn ET S4 (>)
 RAY ERROR: REFL  9
 RAY ERROR: REFL  9
  Constraints released:   Mn CT S2 (>)
  
 CYCLE NUMBER 1:
  
  ABERR F. =       18.03504928
  CONST F. =      0.508466E+06
  ERR. F.  =      0.508484E+06       (change =     -0.278920E+07)
  
  OPD    22.47178296    10.98779653
  WAV    23.33793678    11.43153596
  
  
  
  Parameter                 Value            Change
  CUY S1                4.59494573E-02     -6.58E-02
  CUY S2               -1.07616412E-01     -3.23E-02
  CUY S3               -2.68200304E-02      2.47E-02
  CUY S4                4.70745036E-02     -2.15E-02
  CUY S6                1.06636950E-01     -9.80E-05
  CUY S7                4.77388644E-02      3.52E-02
  CUY S8               -2.58365976E-02     -9.26E-05
  CUY S9                1.05493949E-01     -1.58E-04
  A   S1               -6.97491350E-04      3.29E-05
  A   S2               -1.24541573E-03     -8.22E-05
  A   S3               -1.60462191E-02      8.78E-06
  A   S4               -1.56046668E-02     -6.17E-05
  A   S6               -6.44556980E-05     -6.45E-05
  A   S7                3.34380567E-05      3.34E-05
  A   S8               -1.34296544E-04     -1.34E-04
  A   S9                5.50141348E-05      5.50E-05
  THI S2                7.58696706E-01      7.09E-01
  THI S4                2.53807250E-03     -2.17E-01
  THI S5                6.08969657E+00     -6.30E-03
  THI S7                3.92245489E+00      9.25E-02
  THI S9                4.04072519E+00      4.07E-02
  THI S11               7.16725190E-01      4.07E-02
  
        EFL          REDU         PIM          OAL         EN PUP       EX PUP
     20.646005     0.000000     0.098801    21.398111     3.545281   -10.122915
  
  Active Constraints -   2:    target        value         diff        cost
  EFL                    =   1.96731E+01   2.06460E+01   9.729E-01  -1.196E-02
  Mn ET S4                                                          -1.611E-04
  
  Weighted Constraints:        target        value        WTC/PTC     contrib
  @ATELIER_LATCOLOR      =   0.00000E+00   0.00000E+00   1.000E-02   0.000E+00
  @ATELIER_RMSSPOT       =   0.00000E+00   7.13068E+02   1.000E-03   5.085E+05
  
  Constraints added:      Mn ET S11 (>)
  
  Singular variable no.  5 will move only to satisfy constraints.
  Singular variable no.  7 will move only to satisfy constraints.
  Singular variable no.  8 will move only to satisfy constraints.
  Singular variable no. 13 will move only to satisfy constraints.
  Singular variable no. 15 will move only to satisfy constraints.
  Singular variable no. 19 will move only to satisfy constraints.
  Singular variable no. 21 will move only to satisfy constraints.
  
  Singular variable no.  5 will move only to satisfy constraints.
  Singular variable no.  7 will move only to satisfy constraints.
  Singular variable no.  8 will move only to satisfy constraints.
  Singular variable no. 13 will move only to satisfy constraints.
  Singular variable no. 15 will move only to satisfy constraints.
  Singular variable no. 19 will move only to satisfy constraints.
  Singular variable no. 21 will move only to satisfy constraints.
  
 CYCLE NUMBER 2:
  
  ABERR F. =        2.77660332
  CONST F. =      0.273151E+06
  ERR. F.  =      0.273154E+06       (change =     -0.235331E+06)
  
  OPD     1.61214408     3.23317771
  WAV     2.35414947     3.49909097
  
  
  
  Parameter                 Value            Change
  CUY S1                5.71754758E-02      1.12E-02
  CUY S2               -9.06846702E-02      1.69E-02
  CUY S3               -5.59678356E-02     -2.91E-02
  CUY S4                1.17471160E-02     -3.53E-02
  CUY S6                1.06636964E-01      1.47E-08
  CUY S7                4.05741540E-02     -7.16E-03
  CUY S8               -2.58366186E-02     -2.10E-08
  CUY S9                1.05493601E-01     -3.48E-07
  A   S1               -3.91345855E-04      3.06E-04
  A   S2               -1.29249718E-03     -4.71E-05
  A   S3               -1.58676432E-02      1.79E-04
  A   S4               -1.57814126E-02     -1.77E-04
  A   S6               -6.46693009E-05     -2.14E-07
  A   S7                1.23945274E-03      1.21E-03
  A   S8               -1.34614930E-04     -3.18E-07
  A   S9               -4.67576441E-04     -5.23E-04
  THI S2                9.52170951E-01      1.93E-01
  THI S4                2.50000132E-03     -3.81E-05
  THI S5                6.08922445E+00     -4.72E-04
  THI S7                3.73907625E+00     -1.83E-01
  THI S9                4.03901153E+00     -1.71E-03
  THI S11               2.50000000E-03     -7.14E-01
  
        EFL          REDU         PIM          OAL         EN PUP       EX PUP
     19.732188     0.000000    -0.119547    21.405983     3.858065   -10.163302
  
  Active Constraints -   3:    target        value         diff        cost
  EFL                    =   1.96731E+01   1.97322E+01   5.906E-02   3.439E-04
  Mn ET S4                                                          -5.802E-07
  Mn ET S11                                                         -1.899E-07
  
  Weighted Constraints:        target        value        WTC/PTC     contrib
  @ATELIER_LATCOLOR      =   0.00000E+00   0.00000E+00   1.000E-02   0.000E+00
  @ATELIER_RMSSPOT       =   0.00000E+00   5.22638E+02   1.000E-03   2.732E+05
  
  Constraints released:   Mn ET S4 (>)
  
 CYCLE NUMBER 3:
  
  ABERR F. =        4.20989710
  CONST F. =    61012.63366655
  ERR. F.  =    61016.84356365       (change =  -212136.75376252)
  
  OPD     5.15972042     2.37484179
  WAV     5.67006373     2.54572648
  
  
  
  Parameter                 Value            Change
  CUY S1                6.94922219E-02      1.23E-02
  CUY S2               -6.79458157E-02      2.27E-02
  CUY S3               -4.89322711E-02      7.04E-03
  CUY S4                1.02280512E-02     -1.52E-03
  CUY S6                1.00278210E-01     -6.36E-03
  CUY S7                3.58214153E-02     -4.75E-03
  CUY S8               -3.40468300E-02     -8.21E-03
  CUY S9                9.88472151E-02     -6.65E-03
  A   S1                1.23529987E-05      4.04E-04
  A   S2               -1.14640376E-03      1.46E-04
  A   S3               -1.59432344E-02     -7.56E-05
  A   S4               -1.57470828E-02      3.43E-05
  A   S6               -1.28113704E-03     -1.22E-03
  A   S7                1.28420149E-03      4.47E-05
  A   S8               -1.66997188E-04     -3.24E-05
  A   S9               -5.36987360E-03     -4.90E-03
  THI S2                1.07658513E+00      1.24E-01
  THI S4                2.73103365E-01      2.71E-01
  THI S5                8.58815384E+00      2.50E+00
  THI S7                3.72472493E+00     -1.44E-02
  THI S9                2.95448381E+00     -1.08E+00
  THI S11               2.50000000E-03     -4.15E-16
  
        EFL          REDU         PIM          OAL         EN PUP       EX PUP
     19.624950     0.000000    -0.639217    23.201051     4.497030    -9.913751
  
  Active Constraints -   2:    target        value         diff        cost
  EFL                    =   1.96731E+01   1.96250E+01  -4.818E-02   1.099E-04
  Mn ET S11                                                         -7.468E-09
  
  Weighted Constraints:        target        value        WTC/PTC     contrib
  @ATELIER_LATCOLOR      =   0.00000E+00   0.00000E+00   1.000E-02   0.000E+00
  @ATELIER_RMSSPOT       =   0.00000E+00   2.47007E+02   1.000E-03   6.101E+04
 RAY ERROR: REFL  9
  
  Constraints added:      Mn ET S4 (>)
  Constraints released:   Mn CT S4 (>)
  
 CYCLE NUMBER 4:
  
  ABERR F. =        1.91302896
  CONST F. =    10807.45823344
  ERR. F.  =    10809.37126240       (change =   -50207.47230125)
  
  OPD     0.89459836     2.48825529
  WAV     1.06993440     2.54994882
  
  
  
  Parameter                 Value            Change
  CUY S1                7.04511746E-02      9.59E-04
  CUY S2               -6.49420789E-02      3.00E-03
  CUY S3               -6.70833546E-02     -1.82E-02
  CUY S4               -1.00796280E-02     -2.03E-02
  CUY S6                1.03573493E-01      3.30E-03
  CUY S7                3.83376125E-02      2.52E-03
  CUY S8               -1.26245354E-02      2.14E-02
  CUY S9                1.17213096E-01      1.84E-02
  A   S1               -3.02849309E-06     -1.54E-05
  A   S2               -1.13160940E-03      1.48E-05
  A   S3               -1.59697576E-02     -2.65E-05
  A   S4               -1.57177809E-02      2.93E-05
  A   S6               -1.31501726E-03     -3.39E-05
  A   S7                1.27588391E-03     -8.32E-06
  A   S8                2.64673811E-04      4.32E-04
  A   S9               -5.20905164E-03      1.61E-04
  THI S2                1.05641611E+00     -2.02E-02
  THI S4                8.68893889E-02     -1.86E-01
  THI S5                8.32142111E+00     -2.67E-01
  THI S7                3.72012860E+00     -4.60E-03
  THI S9                2.90102467E+00     -5.35E-02
  THI S11               2.50000000E-03      2.31E-16
  
        EFL          REDU         PIM          OAL         EN PUP       EX PUP
     19.545244     0.000000    -0.175602    22.669880     4.174070    -9.840153
  
  Active Constraints -   2:    target        value         diff        cost
  EFL                    =   1.96731E+01   1.95452E+01  -1.279E-01   2.565E-04
  Mn ET S11                                                         -1.054E-06
  
  Weighted Constraints:        target        value        WTC/PTC     contrib
  @ATELIER_LATCOLOR      =   0.00000E+00   0.00000E+00   1.000E-02   0.000E+00
  @ATELIER_RMSSPOT       =   0.00000E+00   1.03959E+02   1.000E-03   1.081E+04
 RAY ERROR: REFL  9
  
  Constraints released:   Mn ET S11 (>)
  Constraints released:   Mn ET S11 (>)
  
 CYCLE NUMBER 5:
  
  ABERR F. =        2.56254239
  CONST F. =     8719.65014280
  ERR. F.  =     8722.21268519       (change =    -2087.15857721)
  
  OPD     2.09987197     2.88257584
  WAV     2.22262275     2.93389440
  
  
  
  Parameter                 Value            Change
  CUY S1                7.33193629E-02      2.87E-03
  CUY S2               -5.74750228E-02      7.47E-03
  CUY S3               -6.63906378E-02      6.93E-04
  CUY S4               -1.11139309E-02     -1.03E-03
  CUY S6                8.41705564E-02     -1.94E-02
  CUY S7                1.57301959E-02     -2.26E-02
  CUY S8                5.33370204E-02      6.60E-02
  CUY S9                1.67684786E-01      5.05E-02
  A   S1                1.55116649E-05      1.85E-05
  A   S2               -1.14573586E-03     -1.41E-05
  A   S3               -1.59503507E-02      1.94E-05
  A   S4               -1.57328384E-02     -1.51E-05
  A   S6               -1.19146665E-03      1.24E-04
  A   S7                1.55757869E-03      2.82E-04
  A   S8                8.47406391E-05     -1.80E-04
  A   S9               -5.64867354E-03     -4.40E-04
  THI S2                1.09048746E+00      3.41E-02
  THI S4                1.56269595E-01      6.94E-02
  THI S5                8.39568237E+00      7.43E-02
  THI S7                3.77341736E+00      5.33E-02
  THI S9                3.07354035E+00      1.73E-01
  THI S11               3.85699337E-02      3.61E-02
  
        EFL          REDU         PIM          OAL         EN PUP       EX PUP
     19.490465     0.000000    -0.086762    23.073397     4.331284   -10.649512
  
  Active Constraints -   1:    target        value         diff        cost
  EFL                    =   1.96731E+01   1.94905E+01  -1.827E-01  -4.337E-04
  
  Weighted Constraints:        target        value        WTC/PTC     contrib
  @ATELIER_LATCOLOR      =   0.00000E+00   0.00000E+00   1.000E-02   0.000E+00
  @ATELIER_RMSSPOT       =   0.00000E+00   9.33791E+01   1.000E-03   8.720E+03
  
 CYCLE NUMBER 6:
  
  ABERR F. =        1.97267810
  CONST F. =     9588.84512644
  ERR. F.  =     9590.81780455       (change =      868.60511936)
  
  OPD     1.11938961     2.46260660
  WAV     1.36971726     2.52433077
  
  
  
  Parameter                 Value            Change
  CUY S1                7.54884498E-02      2.17E-03
  CUY S2               -6.48307699E-02     -7.36E-03
  CUY S3               -8.10324474E-02     -1.46E-02
  CUY S4               -1.65110354E-02     -5.40E-03
  CUY S6                8.76268025E-02      3.46E-03
  CUY S7                1.77925009E-02      2.06E-03
  CUY S8                4.82165230E-02     -5.12E-03
  CUY S9                1.77364389E-01      9.68E-03
  A   S1               -1.72072709E-05     -3.27E-05
  A   S2               -1.13286620E-03      1.29E-05
  A   S3               -1.60138983E-02     -6.35E-05
  A   S4               -1.58298188E-02     -9.70E-05
  A   S6               -1.07968522E-03      1.12E-04
  A   S7                1.48107987E-03     -7.65E-05
  A   S8                1.97490880E-04      1.13E-04
  A   S9               -6.17067897E-03     -5.22E-04
  THI S2                1.06760712E+00     -2.29E-02
  THI S4                2.70347492E-01      1.14E-01
  THI S5                7.86105574E+00     -5.35E-01
  THI S7                3.88560884E+00      1.12E-01
  THI S9                2.99408422E+00     -7.95E-02
  THI S11               4.26723079E-03     -3.43E-02
  
        EFL          REDU         PIM          OAL         EN PUP       EX PUP
     19.674037     0.000000     0.009531    22.662703     4.497379    -9.873848
  
  Active Constraints -   1:    target        value         diff        cost
  EFL                    =   1.96731E+01   1.96740E+01   9.081E-04  -1.204E-04
  
  Weighted Constraints:        target        value        WTC/PTC     contrib
  @ATELIER_LATCOLOR      =   0.00000E+00   0.00000E+00   1.000E-02   0.000E+00
  @ATELIER_RMSSPOT       =   0.00000E+00   9.79226E+01   1.000E-03   9.589E+03
  
  Constraints added:      Mn ET S11 (>)
  
 CYCLE NUMBER 7:
  
  ABERR F. =        2.03943768
  CONST F. =     9291.99544417
  ERR. F.  =     9294.03488185       (change =     -296.78292270)
  
  OPD     1.50631966     2.35871153
  WAV     1.70323836     2.42974984
  
  
  
  Parameter                 Value            Change
  CUY S1                7.53421930E-02     -1.46E-04
  CUY S2               -6.47209511E-02      1.10E-04
  CUY S3               -8.02166114E-02      8.16E-04
  CUY S4               -1.59153659E-02      5.96E-04
  CUY S6                8.79427860E-02      3.16E-04
  CUY S7                1.83147356E-02      5.22E-04
  CUY S8                4.90780240E-02      8.62E-04
  CUY S9                1.77873607E-01      5.09E-04
  A   S1               -1.63790778E-05      8.28E-07
  A   S2               -1.13465475E-03     -1.79E-06
  A   S3               -1.60131264E-02      7.72E-07
  A   S4               -1.58391693E-02     -9.35E-06
  A   S6               -1.06157468E-03      1.81E-05
  A   S7                1.46054934E-03     -2.05E-05
  A   S8                3.06874528E-04      1.09E-04
  A   S9               -6.16258878E-03      8.09E-06
  THI S2                1.06877370E+00      1.17E-03
  THI S4                2.98599292E-01      2.83E-02
  THI S5                7.87017917E+00      9.12E-03
  THI S7                3.88269640E+00     -2.91E-03
  THI S9                3.00392071E+00      9.84E-03
  THI S11               2.50000000E-03     -1.77E-03
  
        EFL          REDU         PIM          OAL         EN PUP       EX PUP
     19.673126     0.000000    -0.015577    22.708169     4.539851    -9.892812
  
  Active Constraints -   2:    target        value         diff        cost
  EFL                    =   1.96731E+01   1.96731E+01  -3.290E-06   2.902E-01
  Mn ET S11                                                         -1.435E-04
  
  Weighted Constraints:        target        value        WTC/PTC     contrib
  @ATELIER_LATCOLOR      =   0.00000E+00   0.00000E+00   1.000E-02   0.000E+00
  @ATELIER_RMSSPOT       =   0.00000E+00   9.63950E+01   1.000E-03   9.292E+03
  
  Constraints released:   Mn ET S11 (>)
  Constraints added:      Mn CT S4 (>)
  Constraints released:   Mn CT S4 (>)
  
 CYCLE NUMBER 8:
  
  ABERR F. =        2.36771277
  CONST F. =     7380.23218966
  ERR. F.  =     7382.59990243       (change =    -1911.43497942)
  
  OPD     2.29166969     2.29907518
  WAV     2.50931988     2.36433335
  
  
  
  Parameter                 Value            Change
  CUY S1                7.58117675E-02      4.70E-04
  CUY S2               -6.31997209E-02      1.52E-03
  CUY S3               -8.06601061E-02     -4.43E-04
  CUY S4               -1.75749192E-02     -1.66E-03
  CUY S6                8.69029935E-02     -1.04E-03
  CUY S7                1.79143379E-02     -4.00E-04
  CUY S8                5.04453501E-02      1.37E-03
  CUY S9                1.80827324E-01      2.95E-03
  A   S1               -1.20493038E-05      4.33E-06
  A   S2               -1.12756502E-03      7.09E-06
  A   S3               -1.59880088E-02      2.51E-05
  A   S4               -1.58338539E-02      5.32E-06
  A   S6               -1.08666729E-03     -2.51E-05
  A   S7                1.49553874E-03      3.50E-05
  A   S8                2.84081610E-04     -2.28E-05
  A   S9               -6.10764199E-03      5.49E-05
  THI S2                1.06366073E+00     -5.11E-03
  THI S4                1.35128633E-01     -1.63E-01
  THI S5                8.03025933E+00      1.60E-01
  THI S7                3.95535378E+00      7.27E-02
  THI S9                2.98905606E+00     -1.49E-02
  THI S11               1.52415574E-02      1.27E-02
  
        EFL          REDU         PIM          OAL         EN PUP       EX PUP
     19.669968     0.000000    -0.064683    22.757459     4.290923    -9.886589
  
  Active Constraints -   1:    target        value         diff        cost
  EFL                    =   1.96731E+01   1.96700E+01  -3.162E-03  -1.953E-02
  
  Weighted Constraints:        target        value        WTC/PTC     contrib
  @ATELIER_LATCOLOR      =   0.00000E+00   0.00000E+00   1.000E-02   0.000E+00
  @ATELIER_RMSSPOT       =   0.00000E+00   8.59083E+01   1.000E-03   7.380E+03
  
  Constraints added:      Mn ET S11 (>)
  Constraints released:   Mn ET S11 (>)
  
 CYCLE NUMBER 9:
  
  ABERR F. =        2.36731426
  CONST F. =     7254.06195803
  ERR. F.  =     7256.42927229       (change =     -126.17063014)
  
  OPD     2.19813449     2.38219384
  WAV     2.44123086     2.43935574
  
  
  
  Parameter                 Value            Change
  CUY S1                7.49690107E-02     -8.43E-04
  CUY S2               -6.34324316E-02     -2.33E-04
  CUY S3               -7.98910841E-02      7.69E-04
  CUY S4               -1.74053466E-02      1.70E-04
  CUY S6                8.70925190E-02      1.90E-04
  CUY S7                1.77086286E-02     -2.06E-04
  CUY S8                4.72752340E-02     -3.17E-03
  CUY S9                1.78025760E-01     -2.80E-03
  A   S1               -1.23537201E-05     -3.04E-07
  A   S2               -1.12971320E-03     -2.15E-06
  A   S3               -1.59883714E-02     -3.63E-07
  A   S4               -1.58363237E-02     -2.47E-06
  A   S6               -1.11980915E-03     -3.31E-05
  A   S7                1.53369308E-03      3.82E-05
  A   S8                2.60587656E-04     -2.35E-05
  A   S9               -6.05589990E-03      5.17E-05
  THI S2                1.05941819E+00     -4.24E-03
  THI S4                1.52550660E-01      1.74E-02
  THI S5                8.02838970E+00     -1.87E-03
  THI S7                3.95418716E+00     -1.17E-03
  THI S9                2.97754911E+00     -1.15E-02
  THI S11               1.26618890E-02     -2.58E-03
  
        EFL          REDU         PIM          OAL         EN PUP       EX PUP
     19.673130     0.000000    -0.042355    22.756095     4.302436    -9.870868
  
  Active Constraints -   1:    target        value         diff        cost
  EFL                    =   1.96731E+01   1.96731E+01   7.398E-07   1.125E-02
  
  Weighted Constraints:        target        value        WTC/PTC     contrib
  @ATELIER_LATCOLOR      =   0.00000E+00   0.00000E+00   1.000E-02   0.000E+00
  @ATELIER_RMSSPOT       =   0.00000E+00   8.51708E+01   1.000E-03   7.254E+03
  
  Constraints added:      Mn ET S11 (>)
  Constraints released:   Mn ET S11 (>)
  
 CYCLE NUMBER 10:
  
  ABERR F. =        2.41682632
  CONST F. =     7230.36120030
  ERR. F.  =     7232.77802662       (change =      -23.65124567)
  
  OPD     2.38745634     2.28461842
  WAV     2.63519982     2.34531249
  
  
  
  Parameter                 Value            Change
  CUY S1                7.50764536E-02      1.07E-04
  CUY S2               -6.27589057E-02      6.74E-04
  CUY S3               -7.89503696E-02      9.41E-04
  CUY S4               -1.70188364E-02      3.87E-04
  CUY S6                8.69861299E-02     -1.06E-04
  CUY S7                1.76289291E-02     -7.97E-05
  CUY S8                4.78040533E-02      5.29E-04
  CUY S9                1.78665016E-01      6.39E-04
  A   S1               -1.10924745E-05      1.26E-06
  A   S2               -1.12899462E-03      7.19E-07
  A   S3               -1.59866721E-02      1.70E-06
  A   S4               -1.58357250E-02      5.99E-07
  A   S6               -1.11685401E-03      2.96E-06
  A   S7                1.52874637E-03     -4.95E-06
  A   S8                2.92561455E-04      3.20E-05
  A   S9               -6.07214801E-03     -1.62E-05
  THI S2                1.06045932E+00      1.04E-03
  THI S4                1.49952079E-01     -2.60E-03
  THI S5                8.04042281E+00      1.20E-02
  THI S7                3.95300392E+00     -1.18E-03
  THI S9                2.98203806E+00      4.49E-03
  THI S11               2.24993689E-02      9.84E-03
  
        EFL          REDU         PIM          OAL         EN PUP       EX PUP
     19.673130     0.000000    -0.052688    22.769876     4.299917    -9.875498
  
  Active Constraints -   1:    target        value         diff        cost
  EFL                    =   1.96731E+01   1.96731E+01   7.137E-07  -4.180E-01
  
  Weighted Constraints:        target        value        WTC/PTC     contrib
  @ATELIER_LATCOLOR      =   0.00000E+00   0.00000E+00   1.000E-02   0.000E+00
  @ATELIER_RMSSPOT       =   0.00000E+00   8.50315E+01   1.000E-03   7.230E+03
  
 CYCLE NUMBER 11:
  
  ABERR F. =        2.41681921
  CONST F. =     7230.41248633
  ERR. F.  =     7232.82930555       (change =        0.05127893)
  
  OPD     2.38745732     2.28461281
  WAV     2.63518243     2.34530720
  
  
  
  Parameter                 Value            Change
  CUY S1                7.50762799E-02     -1.74E-07
  CUY S2               -6.27603663E-02     -1.46E-06
  CUY S3               -7.89514183E-02     -1.05E-06
  CUY S4               -1.70185677E-02      2.69E-07
  CUY S6                8.69871338E-02      1.00E-06
  CUY S7                1.76299992E-02      1.07E-06
  CUY S8                4.78036411E-02     -4.12E-07
  CUY S9                1.78664718E-01     -2.98E-07
  A   S1               -1.10927040E-05     -2.30E-10
  A   S2               -1.12899415E-03      4.66E-10
  A   S3               -1.59866724E-02     -3.04E-10
  A   S4               -1.58357272E-02     -2.27E-09
  A   S6               -1.11685660E-03     -2.59E-09
  A   S7                1.52875166E-03      5.29E-09
  A   S8                2.92552045E-04     -9.41E-09
  A   S9               -6.07213496E-03      1.31E-08
  THI S2                1.06045904E+00     -2.75E-07
  THI S4                1.49950664E-01     -1.41E-06
  THI S5                8.04042166E+00     -1.15E-06
  THI S7                3.95300258E+00     -1.34E-06
  THI S9                2.98203710E+00     -9.67E-07
  THI S11               2.24984271E-02     -9.42E-07
  
        EFL          REDU         PIM          OAL         EN PUP       EX PUP
     19.673128     0.000000    -0.052695    22.769871     4.299917    -9.875489
  
  Active Constraints -   1:    target        value         diff        cost
  EFL                    =   1.96731E+01   1.96731E+01  -1.046E-06  -6.269E-02
  
  Weighted Constraints:        target        value        WTC/PTC     contrib
  @ATELIER_LATCOLOR      =   0.00000E+00   0.00000E+00   1.000E-02   0.000E+00
  @ATELIER_RMSSPOT       =   0.00000E+00   8.50318E+01   1.000E-03   7.230E+03
  
     Normal AUTO Completion - System improvement less than IMP
AUT> GO
 
 
CODE V> BUF PUT B1 I^row J1 "schema"
      Created new worksheet B1.
CODE V> BUF PUT B1 I^row J2 "atelier-codev-target-v1"
CODE V> BUF PUT B1 I^row J1 "status"
CODE V> BUF PUT B1 I^row J2 "ok"
CODE V> BUF PUT B1 I^row J1 "mode"
CODE V> BUF PUT B1 I^row J2 "target"
CODE V> BUF PUT B1 I^row J1 "stage"
CODE V> BUF PUT B1 I^row J2 "A"
CODE V> BUF PUT B1 I^row J1 "source_zmx"
CODE V> BUF PUT B1 I^row J2 "US-11940597-B2-e6.zmx"
CODE V> BUF PUT B1 I^row J1 "num_fields"
CODE V> BUF PUT B1 I^row J2 ^numf_out
CODE V> BUF PUT B1 I^row J1 "vignetting_edge"
CODE V> BUF PUT B1 I^row J2 0.2
CODE V> BUF PUT B1 I^row J1 "target.efl_mm"
CODE V> BUF PUT B1 I^row J2 ^target_efl
CODE V> BUF PUT B1 I^row J1 "target.f_number"
CODE V> BUF PUT B1 I^row J2 2.9429874025441
CODE V> BUF PUT B1 I^row J1 "seed_baseline.efl_y_mm"
CODE V> BUF PUT B1 I^row J2 ^seed_baseline_efl_y_mm
CODE V> BUF PUT B1 I^row J1 "seed_baseline.max_lateral_color_um"
CODE V> BUF PUT B1 I^row J2 ^seed_baseline_max_lateral_color_um
CODE V> BUF PUT B1 I^row J1 "seed_baseline.max_rms_spot_diameter_um"
CODE V> BUF PUT B1 I^row J2 ^seed_baseline_max_rms_spot_diameter_um
CODE V> BUF PUT B1 I^row J1 "seed_baseline.max_rms_wavefront_error_waves"
CODE V> BUF PUT B1 I^row J2 ^seed_baseline_max_rms_wavefront_error_waves
CODE V> BUF PUT B1 I^row J1 "seed_baseline.max_distortion_pct"
CODE V> BUF PUT B1 I^row J2 ^seed_baseline_max_distortion_pct
CODE V> BUF PUT B1 I^row J1 "seed_baseline.fno"
CODE V> BUF PUT B1 I^row J2 ^seed_baseline_fno
CODE V> BUF PUT B1 I^row J1 "seed_baseline.epd_mm"
CODE V> BUF PUT B1 I^row J2 ^seed_baseline_epd
CODE V> BUF PUT B1 I^row J1 "seed_baseline.maximh_mm"
CODE V> BUF PUT B1 I^row J2 ^seed_baseline_maximh
CODE V> BUF PUT B1 I^row J1 "config_pre_aut.efl_y_mm"
CODE V> BUF PUT B1 I^row J2 ^config_pre_aut_efl_y_mm
CODE V> BUF PUT B1 I^row J1 "config_pre_aut.max_lateral_color_um"
CODE V> BUF PUT B1 I^row J2 ^config_pre_aut_max_lateral_color_um
CODE V> BUF PUT B1 I^row J1 "config_pre_aut.max_rms_spot_diameter_um"
CODE V> BUF PUT B1 I^row J2 ^config_pre_aut_max_rms_spot_diameter_um
CODE V> BUF PUT B1 I^row J1 "config_pre_aut.max_rms_wavefront_error_waves"
CODE V> BUF PUT B1 I^row J2 ^config_pre_aut_max_rms_wavefront_error_waves
CODE V> BUF PUT B1 I^row J1 "config_pre_aut.max_distortion_pct"
CODE V> BUF PUT B1 I^row J2 ^config_pre_aut_max_distortion_pct
CODE V> BUF PUT B1 I^row J1 "config_pre_aut.fno"
CODE V> BUF PUT B1 I^row J2 ^config_pre_aut_fno
CODE V> BUF PUT B1 I^row J1 "config_pre_aut.epd_mm"
CODE V> BUF PUT B1 I^row J2 ^config_pre_aut_epd
CODE V> BUF PUT B1 I^row J1 "config_pre_aut.maximh_mm"
CODE V> BUF PUT B1 I^row J2 ^config_pre_aut_maximh
CODE V> BUF PUT B1 I^row J1 "post_aut.efl_y_mm"
CODE V> BUF PUT B1 I^row J2 ^post_aut_efl_y_mm
CODE V> BUF PUT B1 I^row J1 "post_aut.max_lateral_color_um"
CODE V> BUF PUT B1 I^row J2 ^post_aut_max_lateral_color_um
CODE V> BUF PUT B1 I^row J1 "post_aut.max_rms_spot_diameter_um"
CODE V> BUF PUT B1 I^row J2 ^post_aut_max_rms_spot_diameter_um
CODE V> BUF PUT B1 I^row J1 "post_aut.max_rms_wavefront_error_waves"
CODE V> BUF PUT B1 I^row J2 ^post_aut_max_rms_wavefront_error_waves
CODE V> BUF PUT B1 I^row J1 "post_aut.max_distortion_pct"
CODE V> BUF PUT B1 I^row J2 ^post_aut_max_distortion_pct
CODE V> BUF PUT B1 I^row J1 "post_aut.fno"
CODE V> BUF PUT B1 I^row J2 ^post_aut_fno
CODE V> BUF PUT B1 I^row J1 "post_aut.epd_mm"
CODE V> BUF PUT B1 I^row J2 ^post_aut_epd
CODE V> BUF PUT B1 I^row J1 "post_aut.maximh_mm"
CODE V> BUF PUT B1 I^row J2 ^post_aut_maximh
CODE V> BUF PUT B1 I^row J1 "efl_target_deviation_pct"
CODE V> BUF PUT B1 I^row J2 ^efl_target_dev_pct
CODE V> BUF PUT B1 I^row J1 "aut_converged"
CODE V> BUF PUT B1 I^row J2 ^aut_converged
CODE V> BUF EXP B1 "D:\atelier-wt-c\.planning\loop\p15-stageb-evidence\fno-matrix-2026-07-11\US-11940597-B2-e6_tighten\rung1_fno0294\ray_retry\atelier_codev_target_A_vig0200.tsv"
     Buffer B1 exported to file atelier_codev_target_A_vig0200.tsv
CODE V> BUF DEL B1
CODE V> OUT YES
CODE V> EXI YES
     EXI                                                                              11-Jul-26  14H 26M 42S
                                                 CODE V PC  Version: 11.5             CPU clock:  0H  0M  4S
