  
  
                                   Welcome to
  
                                   C O D E   V
  
                                PC  Version 11.5
                                   Build 27302701
  
                                   11-Jul-2026
  
                            A proprietary product of
  
                              SYNOPSYS, INC
                              Pasadena, California
  
CODE V> OUT NO
     Radius input/output mode
  
    Lens data created by Zemax version 210628
  
    Zemax command MODE ignored
    Zemax command AUTH ignored
    Zemax command PFIL ignored
    Zemax command LANG ignored
     WARNING - Glass catalog list not used.
     WARNING - Ray aiming not used.
     WARNING - Pupil shift for ray aiming not used.
    Zemax command SDMA ignored
    Zemax command OMMA ignored
    Zemax command HYPR ignored
     WARNING - Vignetting angles not used.
    Zemax command XAIM ignored
    Zemax command YAIM ignored
    Zemax command ZAIM ignored
    Zemax command POLS ignored
    Zemax command GLRS ignored
    Zemax command GSTD ignored
    Zemax command NSCD ignored
    Zemax command COFN ignored
    Zemax command COFN ignored
    Zemax command LUID ignored
  
     Surface pointer = OBJ
    Zemax command SSID ignored.
    Zemax surface type  STANDARD
    CODE V surface type SPH
    Zemax command FIMP ignored.
     WARNING - Hiding of rays not used.
    Zemax command MIRR ignored.
    Zemax command SLAB ignored.
    Zemax command MEMA ignored.
    Zemax command POPS ignored.
  
     Surface pointer = 1
    Zemax command SSID ignored.
    Zemax surface type  EVENASPH
    CODE V surface type ASP
    Zemax command FIMP ignored.
     WARNING - Hiding of rays not used.
    Zemax command MIRR ignored.
    Zemax command SLAB ignored.
    Zemax command MEMA ignored.
    Zemax command POPS ignored.
  
     Surface pointer = 2
    Zemax command SSID ignored.
    Zemax surface type  STANDARD
    CODE V surface type SPH
    Zemax command FIMP ignored.
     WARNING - Hiding of rays not used.
    Zemax command MIRR ignored.
    Zemax command SLAB ignored.
    Zemax command MEMA ignored.
    Zemax command POPS ignored.
  
     Surface pointer = 3
    Zemax command SSID ignored.
    Zemax surface type  EVENASPH
    CODE V surface type ASP
    Zemax command FIMP ignored.
     WARNING - Hiding of rays not used.
    Zemax command MIRR ignored.
    Zemax command SLAB ignored.
     WARNING - Partial dispersion of model glass not used.
    Zemax command MEMA ignored.
    Zemax command POPS ignored.
  
     Surface pointer = 4
    Zemax command SSID ignored.
    Zemax surface type  EVENASPH
    CODE V surface type ASP
    Zemax command FIMP ignored.
     WARNING - Hiding of rays not used.
    Zemax command MIRR ignored.
    Zemax command SLAB ignored.
    Zemax command MEMA ignored.
    Zemax command POPS ignored.
  
     Surface pointer = 5
    Zemax command SSID ignored.
    Zemax surface type  EVENASPH
    CODE V surface type ASP
    Zemax command FIMP ignored.
     WARNING - Hiding of rays not used.
    Zemax command MIRR ignored.
    Zemax command SLAB ignored.
     WARNING - Partial dispersion of model glass not used.
    Zemax command MEMA ignored.
    Zemax command POPS ignored.
  
     Surface pointer = 6
    Zemax command SSID ignored.
    Zemax surface type  EVENASPH
    CODE V surface type ASP
    Zemax command FIMP ignored.
     WARNING - Hiding of rays not used.
    Zemax command MIRR ignored.
    Zemax command SLAB ignored.
    Zemax command MEMA ignored.
    Zemax command POPS ignored.
  
     Surface pointer = 7
    Zemax command SSID ignored.
    Zemax surface type  EVENASPH
    CODE V surface type ASP
    Zemax command FIMP ignored.
     WARNING - Hiding of rays not used.
    Zemax command MIRR ignored.
    Zemax command SLAB ignored.
    Zemax command MEMA ignored.
    Zemax command POPS ignored.
  
     Surface pointer = 8
    Zemax command SSID ignored.
    Zemax surface type  EVENASPH
    CODE V surface type ASP
    Zemax command FIMP ignored.
     WARNING - Hiding of rays not used.
    Zemax command MIRR ignored.
    Zemax command SLAB ignored.
    Zemax command MEMA ignored.
    Zemax command POPS ignored.
  
     Surface pointer = 9
    Zemax command SSID ignored.
    Zemax surface type  EVENASPH
    CODE V surface type ASP
    Zemax command FIMP ignored.
     WARNING - Hiding of rays not used.
    Zemax command MIRR ignored.
    Zemax command SLAB ignored.
    Zemax command MEMA ignored.
    Zemax command POPS ignored.
  
     Surface pointer = 10
    Zemax command SSID ignored.
    Zemax surface type  EVENASPH
    CODE V surface type ASP
    Zemax command FIMP ignored.
     WARNING - Hiding of rays not used.
    Zemax command MIRR ignored.
    Zemax command SLAB ignored.
    Zemax command MEMA ignored.
    Zemax command POPS ignored.
  
     Surface pointer = 11
    Zemax command SSID ignored.
    Zemax surface type  XASPHERE
    CODE V surface type SPS ODD
    Zemax command FIMP ignored.
     WARNING - Hiding of rays not used.
    Zemax command MIRR ignored.
    Zemax command SLAB ignored.
     WARNING - Maximum term number not used.
    Zemax command MEMA ignored.
    Zemax command POPS ignored.
  
     Surface pointer = 12
    Zemax command SSID ignored.
    Zemax surface type  XASPHERE
    CODE V surface type SPS ODD
    Zemax command FIMP ignored.
     WARNING - Hiding of rays not used.
    Zemax command MIRR ignored.
    Zemax command SLAB ignored.
     WARNING - Maximum term number not used.
    Zemax command MEMA ignored.
    Zemax command POPS ignored.
  
     Surface pointer = 13
    Zemax command SSID ignored.
    Zemax surface type  XASPHERE
    CODE V surface type SPS ODD
    Zemax command FIMP ignored.
     WARNING - Hiding of rays not used.
    Zemax command MIRR ignored.
    Zemax command SLAB ignored.
     WARNING - Maximum term number not used.
    Zemax command MEMA ignored.
    Zemax command POPS ignored.
  
     Surface pointer = 14
    Zemax command SSID ignored.
    Zemax surface type  XASPHERE
    CODE V surface type SPS ODD
    Zemax command FIMP ignored.
     WARNING - Hiding of rays not used.
    Zemax command MIRR ignored.
    Zemax command SLAB ignored.
     WARNING - Maximum term number not used.
    Zemax command MEMA ignored.
    Zemax command POPS ignored.
  
     Surface pointer = 15
    Zemax command SSID ignored.
    Zemax surface type  STANDARD
    CODE V surface type SPH
    Zemax command FIMP ignored.
     WARNING - Hiding of rays not used.
    Zemax command MIRR ignored.
    Zemax command SLAB ignored.
     WARNING - Partial dispersion of model glass not used.
    Zemax command MEMA ignored.
    Zemax command POPS ignored.
  
     Surface pointer = 16
    Zemax command SSID ignored.
    Zemax surface type  STANDARD
    CODE V surface type SPH
    Zemax command FIMP ignored.
     WARNING - Hiding of rays not used.
    Zemax command MIRR ignored.
    Zemax command SLAB ignored.
    Zemax command MEMA ignored.
    Zemax command POPS ignored.
  
     Surface pointer = 17
    Zemax command SSID ignored.
    Zemax surface type  STANDARD
    CODE V surface type SPH
    Zemax command FIMP ignored.
     WARNING - Hiding of rays not used.
    Zemax command MIRR ignored.
    Zemax command SLAB ignored.
    Zemax command MEMA ignored.
    Zemax command POPS ignored.
  
     Surface pointer = IMG
    Zemax command SSID ignored.
    Zemax surface type  STANDARD
    CODE V surface type SPH
    Zemax command FIMP ignored.
     WARNING - Hiding of rays not used.
    Zemax command MIRR ignored.
    Zemax command SLAB ignored.
    Zemax command MEMA ignored.
    Zemax command POPS ignored.
  
     WARNING - Please check the converted lens carefully.
               Some information will not be converted.
               Changes in either CODE V or ZEMAX may invalidate
               the converted information.
               Due to differences between CODE V and ZEMAX ray
               aiming and vignetting factors, it is recommended
               that you set vignetting for the converted system.
  
               A concise listing of conversion warnings appears
               in the Tabbed Output Window 'Info' tab and in the
               Command Window.
  
CODE V> DEF VAR SA
 
 
CODE V> FNO 2.03819783060469
 
 
CODE V> AUT
     AUT                                                                              11-Jul-26  14H  9M 25S
                                                 CODE V PC  Version: 11.5             CPU clock:  0H  0M  1S
AUT>   SUR N
AUT>   CHG SA
AUT>   WFR Y
AUT>   WTF FA 10
AUT>   EFL = 4.70602808468692
AUT>   @atelier_latcolor == @lcum(1)
AUT>   @atelier_latcolor = 0
AUT>   WTC 0.01
AUT>   @atelier_rmsspot == @rmssum(1)
AUT>   @atelier_rmsspot = 0
AUT>   WTC 0.001
AUT>   MNT 0.025
AUT>   MNE 0.025
AUT>   MXT 10
AUT>   MNA 0.001
AUT>   MXC 25
AUT>   MNC 3
AUT>   IMP 0.001
AUT> GO
 -------------------------------------------------------------------------------
  
       USER CONSTRAINT DEFINITIONS
            @atelier_rmsspot == @rmssum(1)
  
            @atelier_latcolor == @lcum(1)
  
  
  
       POTENTIALLY ACTIVE SPECIFIC CONSTRAINTS
         EFL                                  =       4.706028
         @ATELIER_LATCOLOR                    =       0.000000     (WTC =    0.01000)
         @ATELIER_RMSSPOT                     =       0.000000     (WTC =    0.00100)
  
       GENERAL CONSTRAINTS
         MXT      10.000000
         MNT       0.025000
         MNE       0.025000
         MNA       0.001000
         MAE       0.002500
         GLA               NFK5  NSK16  NLAF2  SF4
  
       ERROR FUNCTION CONSTRUCTION
         WFR        Y
         WTW       1          1          1          1          1
         WTA       0.000000
         DEL       0.220000
         WTX F1   10.000000
         WTX F2   10.000000
         WTX F3   10.000000
         WTY F1   10.000000
         WTY F2   10.000000
         WTY F3   10.000000
  
       CONVERGENCE CONTROLS
         MXC        25
         MNC         3
         TAR       0.000000
         IMP       0.001000
  
       OUTPUT CONTROLS
         SUR NO
         CHG S0..18
  
     Recommendations for most stable convergence:
  
       Use object space aperture specifications:
       - NAO for finite conjugate systems
       - EPD for infinite conjugate systems
  
       VARIABLE LIST
  
         NO      PARAMETERS *
          1      CUY S3       CUY S4
          2      CUY S4       CUY S5
          3      CUY S5       CUY S6
          4      CUY S6       CUY S7
          5      CUY S7       CUY S8
          6      CUY S8       CUY S9
          7      CUY S9       CUY S10
          8      CUY S10
          9      A   S3
         10      A   S4
         11      A   S5
         12      A   S6
         13      A   S7
         14      A   S8
         15      A   S9
         16      A   S10
         17      THI S2
         18      THI S4
         19      THI S6
         20      THI S8
         21      THI S10
         22      THI S12
         23      THI S14
         24      THI S16
         25      THI S18
  
     * Multiple entries on a line are composite variables.
     Composite variables are either program-generated bendings
     or user-requested couplings.
  
      25 VARIABLES
  
      25 CONSTRAINTS CAN BE ACTIVE
  
     RELATIVE TIME PER CYCLE IS  344.6 UNITS
     WARNING - The macro function SPOTDATA is not supported on multiple threads.
               CODE V will set the multiple processor setting (MPP) to 1 to prevent errors.
               Please refer to the CODE V Setup and Operation Reference Manual for a complete list
               of pre-defined macro functions that are currently limited to running on a single thread.
  
 CYCLE NUMBER 0:
  
  ABERR F. =        0.20796781
  CONST F. =      429.38356219
  ERR. F.  =      429.59153000
  
  OPD     0.12050284     0.18018596     0.22906497
  WAV     0.12771156     0.18759868     0.32945633
  
  
  
  Parameter                 Value            Change
  CUY S3                4.38461876E-01      0.00E+00
  CUY S4                1.55033952E-01      0.00E+00
  CUY S5                2.87306786E-01      0.00E+00
  CUY S6                4.05695971E-01      0.00E+00
  CUY S7                2.81529154E-02      0.00E+00
  CUY S8               -2.32964473E-01      0.00E+00
  CUY S9               -4.91593747E-01      0.00E+00
  CUY S10              -3.43489163E-01      0.00E+00
  A   S3                1.40041000E-04      0.00E+00
  A   S4               -1.77404000E-02      0.00E+00
  A   S5               -1.04752000E-01      0.00E+00
  A   S6               -7.17227000E-02      0.00E+00
  A   S7                2.70142000E-02      0.00E+00
  A   S8                4.51043000E-03      0.00E+00
  A   S9                9.52605000E-03      0.00E+00
  A   S10               2.75271000E-02      0.00E+00
  THI S2               -4.75900000E-01      0.00E+00
  THI S4                4.00200000E-01      0.00E+00
  THI S6                1.63300000E-01      0.00E+00
  THI S8                5.97900000E-01      0.00E+00
  THI S10               5.00000000E-02      0.00E+00
  THI S12               6.61800000E-01      0.00E+00
  THI S14               2.31100000E-01      0.00E+00
  THI S16               5.50000000E-01      0.00E+00
  THI S18               0.00000000E+00      0.00E+00
  
        EFL          REDU         PIM          OAL         EN PUP       EX PUP
      4.699441     0.000000    -0.011325     6.000000     0.475900    -3.099869
  
  Specific Constraints:        target        value         diff      active (**)
  EFL                    =   4.70603E+00   4.69944E+00  -6.587E-03    **
  
  Weighted Constraints:        target        value        WTC/PTC     contrib
  @ATELIER_LATCOLOR      =   0.00000E+00   1.64791E+00   1.000E-02   2.716E+02
  @ATELIER_RMSSPOT       =   0.00000E+00   1.25627E+01   1.000E-03   1.578E+02
     WARNING - Frozen Thickness Violations:
  Mn ET S17
  
  Constraints added:      EFL (=)                     Mn CT S2 (>)
 RAY ERROR: MISS  6
 RAY ERROR: REFL 14
 RAY ERROR: REFL 14
 RAY ERROR: REFL 14
 RAY ERROR: REFL 14
  
 CYCLE NUMBER 1:
  
  ABERR F. =        0.23164950
  CONST F. =      599.06815586
  ERR. F.  =      599.29980536       (change =      169.70827536)
  
  OPD     0.11530411     0.23826872     0.23632397
  WAV     0.12155791     0.24538018     0.34794416
  
  
  
  Parameter                 Value            Change
  CUY S3                4.37852775E-01     -6.09E-04
  CUY S4                1.56814876E-01      1.78E-03
  CUY S5                2.87408767E-01      1.02E-04
  CUY S6                4.02378951E-01     -3.32E-03
  CUY S7                2.83857894E-02      2.33E-04
  CUY S8               -2.35030120E-01     -2.07E-03
  CUY S9               -4.95136422E-01     -3.54E-03
  CUY S10              -3.44025635E-01     -5.36E-04
  A   S3                1.36603491E-05     -1.26E-04
  A   S4               -1.74907391E-02      2.50E-04
  A   S5               -1.04682683E-01      6.93E-05
  A   S6               -7.12493239E-02      4.73E-04
  A   S7                2.70000620E-02     -1.41E-05
  A   S8                4.35067512E-03     -1.60E-04
  A   S9                9.47436817E-03     -5.17E-05
  A   S10               2.72585244E-02     -2.69E-04
  THI S2               -4.16287500E-01      5.96E-02
  THI S4                3.97084370E-01     -3.12E-03
  THI S6                1.63391058E-01      9.11E-05
  THI S8                5.90343284E-01     -7.56E-03
  THI S10               5.18847034E-02      1.88E-03
  THI S12               6.55960345E-01     -5.84E-03
  THI S14               2.31562988E-01      4.63E-04
  THI S16               5.50462988E-01      4.63E-04
  THI S18               4.62988180E-04      4.63E-04
  
        EFL          REDU         PIM          OAL         EN PUP       EX PUP
      4.700276     0.000000    -0.001504     6.046002     0.475900    -3.119185
  
  Active Constraints -   2:    target        value         diff        cost
  EFL                    =   4.70603E+00   4.70028E+00  -5.752E-03  -1.262E-05
  Mn CT S2                                                          -4.881E-05
  
  Weighted Constraints:        target        value        WTC/PTC     contrib
  @ATELIER_LATCOLOR      =   0.00000E+00   1.96024E+00   1.000E-02   3.843E+02
  @ATELIER_RMSSPOT       =   0.00000E+00   1.46565E+01   1.000E-03   2.148E+02
     WARNING - Frozen Thickness Violations:
  Mn ET S17
 RAY ERROR: MISS  6
 RAY ERROR: REFL 10
 RAY ERROR: REFL 14
  
 CYCLE NUMBER 2:
  
  ABERR F. =        0.34526295
  CONST F. =      756.13474451
  ERR. F.  =      756.48000746       (change =      157.18020210)
  
  OPD     0.09100850     0.39968412     0.36907977
  WAV     0.09748372     0.41381268     0.47983873
  
  
  
  Parameter                 Value            Change
  CUY S3                4.37892853E-01      4.01E-05
  CUY S4                1.56596494E-01     -2.18E-04
  CUY S5                2.87375910E-01     -3.29E-05
  CUY S6                4.02510132E-01      1.31E-04
  CUY S7                2.81778337E-02     -2.08E-04
  CUY S8               -2.35378485E-01     -3.48E-04
  CUY S9               -4.95409908E-01     -2.73E-04
  CUY S10              -3.44095821E-01     -7.02E-05
  A   S3                2.44957217E-05      1.08E-05
  A   S4               -1.75054308E-02     -1.47E-05
  A   S5               -1.04663142E-01      1.95E-05
  A   S6               -7.12739323E-02     -2.46E-05
  A   S7                2.70419851E-02      4.19E-05
  A   S8                4.32361793E-03     -2.71E-05
  A   S9                9.49798199E-03      2.36E-05
  A   S10               2.72495360E-02     -8.99E-06
  THI S2               -3.64126563E-01      5.22E-02
  THI S4                3.96926205E-01     -1.58E-04
  THI S6                1.63297806E-01     -9.33E-05
  THI S8                5.89986448E-01     -3.57E-04
  THI S10               5.24346456E-02      5.50E-04
  THI S12               6.54700848E-01     -1.26E-03
  THI S14               2.34162303E-01      2.60E-03
  THI S16               5.53062303E-01      2.60E-03
  THI S18               3.06230253E-03      2.60E-03
  
        EFL          REDU         PIM          OAL         EN PUP       EX PUP
      4.700994     0.000000    -0.005639     6.102044     0.475900    -3.147008
  
  Active Constraints -   2:    target        value         diff        cost
  EFL                    =   4.70603E+00   4.70099E+00  -5.034E-03  -1.501E-03
  Mn CT S2                                                          -5.396E-02
  
  Weighted Constraints:        target        value        WTC/PTC     contrib
  @ATELIER_LATCOLOR      =   0.00000E+00   2.15793E+00   1.000E-02   4.657E+02
  @ATELIER_RMSSPOT       =   0.00000E+00   1.70431E+01   1.000E-03   2.905E+02
 RAY ERROR: MISS  6
 RAY ERROR: REFL 10
  
 CYCLE NUMBER 3:
  
  ABERR F. =        0.32565234
  CONST F. =     1122.83206789
  ERR. F.  =     1123.15772023       (change =      366.67771277)
  
  OPD     0.06281757     0.38147057     0.35012357
  WAV     0.06974271     0.39509259     0.45086817
  
  
  
  Parameter                 Value            Change
  CUY S3                4.37986422E-01      9.36E-05
  CUY S4                1.56076156E-01     -5.20E-04
  CUY S5                2.87239044E-01     -1.37E-04
  CUY S6                4.03529067E-01      1.02E-03
  CUY S7                2.84345943E-02      2.57E-04
  CUY S8               -2.36271582E-01     -8.93E-04
  CUY S9               -4.96087285E-01     -6.77E-04
  CUY S10              -3.44136485E-01     -4.07E-05
  A   S3                6.23204798E-05      3.78E-05
  A   S4               -1.75738526E-02     -6.84E-05
  A   S5               -1.04542456E-01      1.21E-04
  A   S6               -7.11148321E-02      1.59E-04
  A   S7                2.68507126E-02     -1.91E-04
  A   S8                4.21655561E-03     -1.07E-04
  A   S9                9.54129562E-03      4.33E-05
  A   S10               2.72209762E-02     -2.86E-05
  THI S2               -2.72844922E-01      9.13E-02
  THI S4                3.96473696E-01     -4.53E-04
  THI S6                1.62441950E-01     -8.56E-04
  THI S8                5.88878330E-01     -1.11E-03
  THI S10               5.10068660E-02     -1.43E-03
  THI S12               6.55806662E-01      1.11E-03
  THI S14               2.32968078E-01     -1.19E-03
  THI S16               5.51868078E-01     -1.19E-03
  THI S18               1.86807796E-03     -1.19E-03
  
        EFL          REDU         PIM          OAL         EN PUP       EX PUP
      4.702252     0.000000    -0.001942     6.188199     0.475900    -3.183760
  
  Active Constraints -   2:    target        value         diff        cost
  EFL                    =   4.70603E+00   4.70225E+00  -3.776E-03   2.545E-02
  Mn CT S2                                                          -5.189E-02
  
  Weighted Constraints:        target        value        WTC/PTC     contrib
  @ATELIER_LATCOLOR      =   0.00000E+00   2.65276E+00   1.000E-02   7.037E+02
  @ATELIER_RMSSPOT       =   0.00000E+00   2.04724E+01   1.000E-03   4.191E+02
     WARNING - Frozen Thickness Violations:
  Mn ET S17
 RAY ERROR: MISS  6
 RAY ERROR: REFL  4
  
 CYCLE NUMBER 4:
  
  ABERR F. =        0.48206219
  CONST F. =     1562.28091913
  ERR. F.  =     1562.76298132       (change =      439.60526109)
  
  OPD     0.13520187     0.51509692     0.51756610
  WAV     0.14813333     0.53768033     0.72923320
  
  
  
  Parameter                 Value            Change
  CUY S3                4.38009173E-01      2.28E-05
  CUY S4                1.56211770E-01      1.36E-04
  CUY S5                2.86812039E-01     -4.27E-04
  CUY S6                4.02885518E-01     -6.44E-04
  CUY S7                2.81942406E-02     -2.40E-04
  CUY S8               -2.36529013E-01     -2.57E-04
  CUY S9               -4.96320629E-01     -2.33E-04
  CUY S10              -3.44269307E-01     -1.33E-04
  A   S3                6.95194321E-05      7.20E-06
  A   S4               -1.75879654E-02     -1.41E-05
  A   S5               -1.04512631E-01      2.98E-05
  A   S6               -7.11423754E-02     -2.75E-05
  A   S7                2.69123841E-02      6.17E-05
  A   S8                4.19465179E-03     -2.19E-05
  A   S9                9.58023595E-03      3.89E-05
  A   S10               2.71983533E-02     -2.26E-05
  THI S2               -2.04383691E-01      6.85E-02
  THI S4                3.96233859E-01     -2.40E-04
  THI S6                1.62087597E-01     -3.54E-04
  THI S8                5.88162291E-01     -7.16E-04
  THI S10               5.15086110E-02      5.02E-04
  THI S12               6.55170945E-01     -6.36E-04
  THI S14               2.33709936E-01      7.42E-04
  THI S16               5.52609936E-01      7.42E-04
  THI S18               2.60993559E-03      7.42E-04
  
        EFL          REDU         PIM          OAL         EN PUP       EX PUP
      4.703195     0.000000    -0.001636     6.256699     0.475900    -3.216429
  
  Active Constraints -   2:    target        value         diff        cost
  EFL                    =   4.70603E+00   4.70320E+00  -2.833E-03   1.591E-01
  Mn CT S2                                                          -2.060E-01
  
  Weighted Constraints:        target        value        WTC/PTC     contrib
  @ATELIER_LATCOLOR      =   0.00000E+00   3.14546E+00   1.000E-02   9.894E+02
  @ATELIER_RMSSPOT       =   0.00000E+00   2.39351E+01   1.000E-03   5.729E+02
 RAY ERROR: MISS  6
 RAY ERROR: REFL  4
 RAY ERROR: REFL 14
 RAY ERROR: REFL 10
 RAY ERROR: MISS 11
 RAY ERROR: REFL 14
  
 CYCLE NUMBER 5:
  
  ABERR F. =        0.43122363
  CONST F. =     1517.23708975
  ERR. F.  =     1517.66831337       (change =      -45.09466795)
  
  OPD     0.07452392     0.47466937     0.47282883
  WAV     0.08320065     0.49289597     0.64142201
  
  
  
  Parameter                 Value            Change
  CUY S3                4.37858479E-01     -1.51E-04
  CUY S4                1.56231525E-01      1.98E-05
  CUY S5                2.86732764E-01     -7.93E-05
  CUY S6                4.02604990E-01     -2.81E-04
  CUY S7                2.90620705E-02      8.68E-04
  CUY S8               -2.35439643E-01      1.09E-03
  CUY S9               -4.96132522E-01      1.88E-04
  CUY S10              -3.44324764E-01     -5.55E-05
  A   S3                5.38669077E-05     -1.57E-05
  A   S4               -1.75679216E-02      2.00E-05
  A   S5               -1.04525689E-01     -1.31E-05
  A   S6               -7.11336076E-02      8.77E-06
  A   S7                2.68935921E-02     -1.88E-05
  A   S8                4.23065764E-03      3.60E-05
  A   S9                9.64815208E-03      6.79E-05
  A   S10               2.71973591E-02     -9.94E-07
  THI S2               -2.01174571E-01      3.21E-03
  THI S4                3.95950196E-01     -2.84E-04
  THI S6                1.62156830E-01      6.92E-05
  THI S8                5.86920632E-01     -1.24E-03
  THI S10               5.15140944E-02      5.48E-06
  THI S12               6.55077853E-01     -9.31E-05
  THI S14               2.33717475E-01      7.54E-06
  THI S16               5.52617475E-01      7.54E-06
  THI S18               2.61747530E-03      7.54E-06
  
        EFL          REDU         PIM          OAL         EN PUP       EX PUP
      4.703235     0.000000    -0.000512     6.258380     0.475900    -3.217269
  
  Active Constraints -   2:    target        value         diff        cost
  EFL                    =   4.70603E+00   4.70323E+00  -2.793E-03  -5.774E-02
  Mn CT S2                                                          -1.073E-02
  
  Weighted Constraints:        target        value        WTC/PTC     contrib
  @ATELIER_LATCOLOR      =   0.00000E+00   3.06121E+00   1.000E-02   9.371E+02
  @ATELIER_RMSSPOT       =   0.00000E+00   2.40860E+01   1.000E-03   5.801E+02
 RAY ERROR: MISS  6
 RAY ERROR: REFL  4
  
 CYCLE NUMBER 6:
  
  ABERR F. =        8.87656208
  CONST F. =     2054.87351750
  ERR. F.  =     2063.75007958       (change =      546.08176620)
  
  OPD     0.07911672     0.49318006    15.13824015
  WAV     0.08868445     0.51272402    15.59081700
  
  
  
  Parameter                 Value            Change
  CUY S3                4.37861536E-01      3.06E-06
  CUY S4                1.56250287E-01      1.88E-05
  CUY S5                2.86658001E-01     -7.48E-05
  CUY S6                4.02510378E-01     -9.46E-05
  CUY S7                2.90197301E-02     -4.23E-05
  CUY S8               -2.35494338E-01     -5.47E-05
  CUY S9               -4.96173937E-01     -4.14E-05
  CUY S10              -3.44314697E-01      1.01E-05
  A   S3                5.51306946E-05      1.26E-06
  A   S4               -1.75707350E-02     -2.81E-06
  A   S5               -1.04518100E-01      7.59E-06
  A   S6               -7.11439137E-02     -1.03E-05
  A   S7                2.69007574E-02      7.17E-06
  A   S8                4.22672207E-03     -3.94E-06
  A   S9                9.65567318E-03      7.52E-06
  A   S10               2.71920355E-02     -5.32E-06
  THI S2               -1.50630928E-01      5.05E-02
  THI S4                3.95902042E-01     -4.82E-05
  THI S6                1.62106233E-01     -5.06E-05
  THI S8                5.86685406E-01     -2.35E-04
  THI S10               5.15469874E-02      3.29E-05
  THI S12               6.54987888E-01     -9.00E-05
  THI S14               2.33762223E-01      4.47E-05
  THI S16               5.52662223E-01      4.47E-05
  THI S18               2.66222343E-03      4.47E-05
  
        EFL          REDU         PIM          OAL         EN PUP       EX PUP
      4.703933     0.000000     0.000057     6.308622     0.475900    -3.240965
  
  Active Constraints -   2:    target        value         diff        cost
  EFL                    =   4.70603E+00   4.70393E+00  -2.095E-03   3.022E-01
  Mn CT S2                                                          -5.609E-01
  
  Weighted Constraints:        target        value        WTC/PTC     contrib
  @ATELIER_LATCOLOR      =   0.00000E+00   3.47543E+00   1.000E-02   1.208E+03
  @ATELIER_RMSSPOT       =   0.00000E+00   2.91035E+01   1.000E-03   8.470E+02
 RAY ERROR: REFL  4
 RAY ERROR: REFL  4
 RAY ERROR: REFL  4
 RAY ERROR: REFL  4
 RAY ERROR: REFL 14
 RAY ERROR: REFL 14
 RAY ERROR: REFL 10
 RAY ERROR: REFL 14
  
 CYCLE NUMBER 7:
  
  ABERR F. =        7.49169375
  CONST F. =     1828.93273039
  ERR. F.  =     1836.42442415       (change =     -227.32565543)
  
  OPD     0.25894068     0.24315607    12.79188467
  WAV     0.27659120     0.27360722    13.14697681
  
  
  
  Parameter                 Value            Change
  CUY S3                4.37260353E-01     -6.01E-04
  CUY S4                1.56285064E-01      3.48E-05
  CUY S5                2.87142202E-01      4.84E-04
  CUY S6                4.02185399E-01     -3.25E-04
  CUY S7                3.05784344E-02      1.56E-03
  CUY S8               -2.32666072E-01      2.83E-03
  CUY S9               -4.95356686E-01      8.17E-04
  CUY S10              -3.44741528E-01     -4.27E-04
  A   S3                1.33227329E-06     -5.38E-05
  A   S4               -1.74975360E-02      7.32E-05
  A   S5               -1.04571641E-01     -5.35E-05
  A   S6               -7.11085622E-02      3.54E-05
  A   S7                2.68361045E-02     -6.47E-05
  A   S8                4.34754955E-03      1.21E-04
  A   S9                8.99488646E-03     -6.61E-04
  A   S10               2.71392855E-02     -5.27E-05
  THI S2               -1.49446312E-01      1.18E-03
  THI S4                3.94586720E-01     -1.32E-03
  THI S6                1.61853475E-01     -2.53E-04
  THI S8                5.83184805E-01     -3.50E-03
  THI S10               5.19036613E-02      3.57E-04
  THI S12               6.54518072E-01     -4.70E-04
  THI S14               2.34616768E-01      8.55E-04
  THI S16               5.53516768E-01      8.55E-04
  THI S18               3.51676793E-03      8.55E-04
  
        EFL          REDU         PIM          OAL         EN PUP       EX PUP
      4.703905     0.000000     0.002982     6.306334     0.475900    -3.241760
  
  Active Constraints -   2:    target        value         diff        cost
  EFL                    =   4.70603E+00   4.70390E+00  -2.123E-03   6.481E-02
  Mn CT S2                                                          -7.254E-02
  
  Weighted Constraints:        target        value        WTC/PTC     contrib
  @ATELIER_LATCOLOR      =   0.00000E+00   3.04448E+00   1.000E-02   9.269E+02
  @ATELIER_RMSSPOT       =   0.00000E+00   3.00341E+01   1.000E-03   9.020E+02
 RAY ERROR: MISS  6
 RAY ERROR: REFL  4
 RAY ERROR: REFL  4
 RAY ERROR: REFL  4
 RAY ERROR: REFL  4
 RAY ERROR: REFL 10
 RAY ERROR: REFL 14
 RAY ERROR: REFL 14
  
 CYCLE NUMBER 8:
  
  ABERR F. =        8.39422162
  CONST F. =     1824.44075486
  ERR. F.  =     1832.83497647       (change =       -3.58944767)
  
  OPD     0.24349330     0.24426894    14.33487525
  WAV     0.26090141     0.27556722    14.73180667
  
  
  
  Parameter                 Value            Change
  CUY S3                4.37251153E-01     -9.20E-06
  CUY S4                1.56312699E-01      2.76E-05
  CUY S5                2.87127453E-01     -1.47E-05
  CUY S6                4.02115119E-01     -7.03E-05
  CUY S7                3.06002606E-02      2.18E-05
  CUY S8               -2.32602755E-01      6.33E-05
  CUY S9               -4.95344601E-01      1.21E-05
  CUY S10              -3.44757545E-01     -1.60E-05
  A   S3                7.62208690E-07     -5.70E-07
  A   S4               -1.74968130E-02      7.23E-07
  A   S5               -1.04572394E-01     -7.53E-07
  A   S6               -7.11080675E-02      4.95E-07
  A   S7                2.68354831E-02     -6.21E-07
  A   S8                4.34889379E-03      1.34E-06
  A   S9                8.94662369E-03     -4.83E-05
  A   S10               2.71371876E-02     -2.10E-06
  THI S2               -1.48270950E-01      1.18E-03
  THI S4                3.94562708E-01     -2.40E-05
  THI S6                1.61828625E-01     -2.49E-05
  THI S8                5.83117087E-01     -6.77E-05
  THI S10               5.20359031E-02      1.32E-04
  THI S12               6.54428053E-01     -9.00E-05
  THI S14               2.35097058E-01      4.80E-04
  THI S16               5.53997058E-01      4.80E-04
  THI S18               3.99705794E-03      4.80E-04
  
        EFL          REDU         PIM          OAL         EN PUP       EX PUP
      4.703921     0.000000     0.002146     6.308396     0.475900    -3.243297
  
  Active Constraints -   2:    target        value         diff        cost
  EFL                    =   4.70603E+00   4.70392E+00  -2.107E-03   2.107E-01
  Mn CT S2                                                          -1.311E+00
  
  Weighted Constraints:        target        value        WTC/PTC     contrib
  @ATELIER_LATCOLOR      =   0.00000E+00   3.03057E+00   1.000E-02   9.184E+02
  @ATELIER_RMSSPOT       =   0.00000E+00   3.00999E+01   1.000E-03   9.060E+02
 RAY ERROR: MISS  6
 RAY ERROR: REFL  4
 RAY ERROR: REFL  4
 RAY ERROR: REFL  4
 RAY ERROR: REFL  4
 RAY ERROR: REFL  4
 RAY ERROR: REFL  4
  
 CYCLE NUMBER 9:
  
  ABERR F. =       10.65001651
  CONST F. =     1776.45560562
  ERR. F.  =     1787.10562213       (change =      -45.72935434)
  
  OPD     0.20805802     0.45791135    17.99953250
  WAV     0.21486407     0.47548736    18.86872316
  
  
  
  Parameter                 Value            Change
  CUY S3                4.37283769E-01      3.26E-05
  CUY S4                1.56081283E-01     -2.31E-04
  CUY S5                2.86875149E-01     -2.52E-04
  CUY S6                4.02029911E-01     -8.52E-05
  CUY S7                3.03113368E-02     -2.89E-04
  CUY S8               -2.32997756E-01     -3.95E-04
  CUY S9               -4.95604165E-01     -2.60E-04
  CUY S10              -3.44845267E-01     -8.77E-05
  A   S3                5.59163356E-06      4.83E-06
  A   S4               -1.75058404E-02     -9.03E-06
  A   S5               -1.04559339E-01      1.31E-05
  A   S6               -7.11214438E-02     -1.34E-05
  A   S7                2.68501992E-02      1.47E-05
  A   S8                4.33485278E-03     -1.40E-05
  A   S9                8.97529100E-03      2.87E-05
  A   S10               2.71254476E-02     -1.17E-05
  THI S2               -1.43606233E-01      4.66E-03
  THI S4                3.94343534E-01     -2.19E-04
  THI S6                1.61675486E-01     -1.53E-04
  THI S8                5.82464440E-01     -6.53E-04
  THI S10               5.32020417E-02      1.17E-03
  THI S12               6.54459092E-01      3.10E-05
  THI S14               2.42362318E-01      7.27E-03
  THI S16               5.61262318E-01      7.27E-03
  THI S18               1.12623180E-02      7.27E-03
  
        EFL          REDU         PIM          OAL         EN PUP       EX PUP
      4.703987     0.000000    -0.012531     6.327763     0.475900    -3.260161
  
  Active Constraints -   2:    target        value         diff        cost
  EFL                    =   4.70603E+00   4.70399E+00  -2.041E-03   1.997E-01
  Mn CT S2                                                          -6.001E-01
  
  Weighted Constraints:        target        value        WTC/PTC     contrib
  @ATELIER_LATCOLOR      =   0.00000E+00   2.96616E+00   1.000E-02   8.798E+02
  @ATELIER_RMSSPOT       =   0.00000E+00   2.99440E+01   1.000E-03   8.966E+02
 RAY ERROR: MISS  6
 RAY ERROR: REFL  4
 RAY ERROR: REFL  4
 RAY ERROR: REFL  4
 RAY ERROR: REFL  4
 RAY ERROR: REFL  4
 RAY ERROR: REFL  4
  
 CYCLE NUMBER 10:
  
  ABERR F. =        8.75354513
  CONST F. =     1767.21236782
  ERR. F.  =     1775.96591295       (change =      -11.13970918)
  
  OPD     0.20413368     0.45882018    14.16477557
  WAV     0.21089011     0.47620700    16.08051656
  
  
  
  Parameter                 Value            Change
  CUY S3                4.37288029E-01      4.26E-06
  CUY S4                1.56085878E-01      4.59E-06
  CUY S5                2.86847528E-01     -2.76E-05
  CUY S6                4.02014284E-01     -1.56E-05
  CUY S7                3.02948570E-02     -1.65E-05
  CUY S8               -2.33044071E-01     -4.63E-05
  CUY S9               -4.95631374E-01     -2.72E-05
  CUY S10              -3.44857786E-01     -1.25E-05
  A   S3                6.57092615E-06      9.79E-07
  A   S4               -1.75078359E-02     -2.00E-06
  A   S5               -1.04556018E-01      3.32E-06
  A   S6               -7.11261554E-02     -4.71E-06
  A   S7                2.68546435E-02      4.44E-06
  A   S8                4.33187268E-03     -2.98E-06
  A   S9                8.97909957E-03      3.81E-06
  A   S10               2.71230590E-02     -2.39E-06
  THI S2               -1.41346760E-01      2.26E-03
  THI S4                3.94311543E-01     -3.20E-05
  THI S6                1.61589332E-01     -8.62E-05
  THI S8                5.82370453E-01     -9.40E-05
  THI S10               5.30827299E-02     -1.19E-04
  THI S12               6.54503408E-01      4.43E-05
  THI S14               2.42209123E-01     -1.53E-04
  THI S16               5.61109123E-01     -1.53E-04
  THI S18               1.11091230E-02     -1.53E-04
  
        EFL          REDU         PIM          OAL         EN PUP       EX PUP
      4.704019     0.000000    -0.012032     6.329429     0.475900    -3.260777
  
  Active Constraints -   2:    target        value         diff        cost
  EFL                    =   4.70603E+00   4.70402E+00  -2.009E-03   2.848E-02
  Mn CT S2                                                          -1.878E+00
  
  Weighted Constraints:        target        value        WTC/PTC     contrib
  @ATELIER_LATCOLOR      =   0.00000E+00   2.97786E+00   1.000E-02   8.868E+02
  @ATELIER_RMSSPOT       =   0.00000E+00   2.96723E+01   1.000E-03   8.804E+02
 RAY ERROR: MISS  6
 RAY ERROR: REFL  4
 RAY ERROR: REFL  4
 RAY ERROR: REFL  4
 RAY ERROR: REFL  4
 RAY ERROR: REFL  4
 RAY ERROR: REFL  4
  
 CYCLE NUMBER 11:
  
  ABERR F. =        4.60843585
  CONST F. =     1749.94853693
  ERR. F.  =     1754.55697278       (change =      -21.40894017)
  
  OPD     0.16705239     0.43220166     3.10497260
  WAV     0.17243658     0.45016573    10.83227320
  
  
  
  Parameter                 Value            Change
  CUY S3                4.37287850E-01     -1.79E-07
  CUY S4                1.55993166E-01     -9.27E-05
  CUY S5                2.86758261E-01     -8.93E-05
  CUY S6                4.02087781E-01      7.35E-05
  CUY S7                3.03663413E-02      7.15E-05
  CUY S8               -2.33042128E-01      1.94E-06
  CUY S9               -4.95630039E-01      1.34E-06
  CUY S10              -3.44856831E-01      9.55E-07
  A   S3                6.53005034E-06     -4.09E-08
  A   S4               -1.75077536E-02      8.23E-08
  A   S5               -1.04556155E-01     -1.37E-07
  A   S6               -7.11259635E-02      1.92E-07
  A   S7                2.68544656E-02     -1.78E-07
  A   S8                4.33199398E-03      1.21E-07
  A   S9                8.97889854E-03     -2.01E-07
  A   S10               2.71231843E-02      1.25E-07
  THI S2               -1.39122592E-01      2.22E-03
  THI S4                3.94312884E-01      1.34E-06
  THI S6                1.61592495E-01      3.16E-06
  THI S8                5.82373954E-01      3.50E-06
  THI S10               4.92516708E-02     -3.83E-03
  THI S12               6.54839606E-01      3.36E-04
  THI S14               2.42523561E-01      3.14E-04
  THI S16               5.61423561E-01      3.14E-04
  THI S18               1.14235612E-02      3.14E-04
  
        EFL          REDU         PIM          OAL         EN PUP       EX PUP
      4.704050     0.000000    -0.010848     6.328795     0.475900    -3.260461
  
  Active Constraints -   2:    target        value         diff        cost
  EFL                    =   4.70603E+00   4.70405E+00  -1.978E-03  -8.917E-02
  Mn CT S2                                                          -2.919E-01
  
  Weighted Constraints:        target        value        WTC/PTC     contrib
  @ATELIER_LATCOLOR      =   0.00000E+00   2.98435E+00   1.000E-02   8.906E+02
  @ATELIER_RMSSPOT       =   0.00000E+00   2.93141E+01   1.000E-03   8.593E+02
 RAY ERROR: REFL  4
 RAY ERROR: REFL  4
 RAY ERROR: REFL  4
 RAY ERROR: REFL  4
 RAY ERROR: REFL  4
 RAY ERROR: REFL  4
 RAY ERROR: REFL  4
 RAY ERROR: REFL  4
 RAY ERROR: REFL  4
 RAY ERROR: REFL  4
 RAY ERROR: REFL  4
  
 CYCLE NUMBER 12:
  
  ABERR F. =        4.69895387
  CONST F. =     1750.45649395
  ERR. F.  =     1755.15544783       (change =        0.59847504)
  
  OPD     0.16676914     0.43206108     3.18963571
  WAV     0.17214644     0.45001550    11.03904851
  
  
  
  Parameter                 Value            Change
  CUY S3                4.37287896E-01      4.65E-08
  CUY S4                1.55993213E-01      4.70E-08
  CUY S5                2.86757910E-01     -3.51E-07
  CUY S6                4.02087541E-01     -2.40E-07
  CUY S7                3.03657157E-02     -6.26E-07
  CUY S8               -2.33043328E-01     -1.20E-06
  CUY S9               -4.95630795E-01     -7.56E-07
  CUY S10              -3.44857099E-01     -2.68E-07
  A   S3                6.54296611E-06      1.29E-08
  A   S4               -1.75078047E-02     -5.11E-08
  A   S5               -1.04556064E-01      9.16E-08
  A   S6               -7.11260742E-02     -1.11E-07
  A   S7                2.68545814E-02      1.16E-07
  A   S8                4.33189234E-03     -1.02E-07
  A   S9                8.97907196E-03      1.73E-07
  A   S10               2.71230949E-02     -8.94E-08
  THI S2               -1.38985754E-01      1.37E-04
  THI S4                3.94311683E-01     -1.20E-06
  THI S6                1.61591479E-01     -1.02E-06
  THI S8                5.82372795E-01     -1.16E-06
  THI S10               4.92516761E-02      5.29E-09
  THI S12               6.54839267E-01     -3.39E-07
  THI S14               2.42514982E-01     -8.58E-06
  THI S16               5.61414982E-01     -8.58E-06
  THI S18               1.14149815E-02     -8.58E-06
  
        EFL          REDU         PIM          OAL         EN PUP       EX PUP
      4.704052     0.000000    -0.010827     6.328911     0.475900    -3.260508
  
  Active Constraints -   2:    target        value         diff        cost
  EFL                    =   4.70603E+00   4.70405E+00  -1.976E-03   9.507E-01
  Mn CT S2                                                          -1.833E+02
  
  Weighted Constraints:        target        value        WTC/PTC     contrib
  @ATELIER_LATCOLOR      =   0.00000E+00   2.98503E+00   1.000E-02   8.910E+02
  @ATELIER_RMSSPOT       =   0.00000E+00   2.93158E+01   1.000E-03   8.594E+02
 RAY ERROR: MISS 11
 RAY ERROR: REFL  4
 RAY ERROR: REFL  4
 RAY ERROR: REFL  4
 RAY ERROR: MISS 11
 RAY ERROR: REFL  4
 RAY ERROR: REFL  4
 RAY ERROR: REFL  4
 RAY ERROR: REFL  4
 RAY ERROR: REFL  4
 RAY ERROR: REFL  4
 RAY ERROR: REFL  4
 RAY ERROR: REFL  4
  
 CYCLE NUMBER 13:
  
  ABERR F. =        4.74398439
  CONST F. =     1748.11198035
  ERR. F.  =     1752.85596474       (change =       -2.29948309)
  
  OPD     0.16545442     0.42921476     3.30940032
  WAV     0.17080943     0.44689744    11.11933914
  
  
  
  Parameter                 Value            Change
  CUY S3                4.37287894E-01     -2.75E-09
  CUY S4                1.55992548E-01     -6.65E-07
  CUY S5                2.86757259E-01     -6.50E-07
  CUY S6                4.02086903E-01     -6.38E-07
  CUY S7                3.03650836E-02     -6.32E-07
  CUY S8               -2.33043295E-01      3.28E-08
  CUY S9               -4.95630768E-01      2.64E-08
  CUY S10              -3.44857278E-01     -1.79E-07
  A   S3                6.54243772E-06     -5.28E-10
  A   S4               -1.75078033E-02      1.39E-09
  A   S5               -1.04556066E-01     -2.30E-09
  A   S6               -7.11260715E-02      2.69E-09
  A   S7                2.68545786E-02     -2.78E-09
  A   S8                4.33189476E-03      2.42E-09
  A   S9                8.97906703E-03     -4.93E-09
  A   S10               2.71230972E-02      2.34E-09
  THI S2               -1.38951578E-01      3.42E-05
  THI S4                3.94311715E-01      3.14E-08
  THI S6                1.61591514E-01      3.45E-08
  THI S8                5.82372826E-01      3.12E-08
  THI S10               5.00056779E-02      7.54E-04
  THI S12               6.54840426E-01      1.16E-06
  THI S14               2.42262921E-01     -2.52E-04
  THI S16               5.61162921E-01     -2.52E-04
  THI S18               1.11629209E-02     -2.52E-04
  
        EFL          REDU         PIM          OAL         EN PUP       EX PUP
      4.704053     0.000000    -0.010733     6.329196     0.475900    -3.260433
  
  Active Constraints -   2:    target        value         diff        cost
  EFL                    =   4.70603E+00   4.70405E+00  -1.975E-03   9.442E-02
  Mn CT S2                                                          -1.786E+00
  
  Weighted Constraints:        target        value        WTC/PTC     contrib
  @ATELIER_LATCOLOR      =   0.00000E+00   2.98661E+00   1.000E-02   8.920E+02
  @ATELIER_RMSSPOT       =   0.00000E+00   2.92597E+01   1.000E-03   8.561E+02
 RAY ERROR: MISS  5
 RAY ERROR: REFL  6
 RAY ERROR: REFL  4
 RAY ERROR: REFL  4
 RAY ERROR: MISS 10
 RAY ERROR: REFL  6
 RAY ERROR: MISS( 15)   9
 RAY ERROR: REFL 10
 RAY ERROR: REFL 14
 RAY ERROR: MISS 11
 RAY ERROR: REFL  4
 RAY ERROR: REFL  4
 RAY ERROR: REFL  4
 RAY ERROR: REFL  4
 RAY ERROR: REFL  4
  
 CYCLE NUMBER 14:
  
  ABERR F. =        4.75799418
  CONST F. =     1744.86027120
  ERR. F.  =     1749.61826538       (change =       -3.23769936)
  
  OPD     0.16459670     0.42896438     3.34822107
  WAV     0.16993076     0.44661407    11.14365398
  
  
  
  Parameter                 Value            Change
  CUY S3                4.37288058E-01      1.64E-07
  CUY S4                1.55992693E-01      1.45E-07
  CUY S5                2.86756863E-01     -3.96E-07
  CUY S6                4.02086528E-01     -3.75E-07
  CUY S7                3.03636335E-02     -1.45E-06
  CUY S8               -2.33046662E-01     -3.37E-06
  CUY S9               -4.95633806E-01     -3.04E-06
  CUY S10              -3.44858389E-01     -1.11E-06
  A   S3                6.57603395E-06      3.36E-08
  A   S4               -1.75079660E-02     -1.63E-07
  A   S5               -1.04555756E-01      3.10E-07
  A   S6               -7.11264595E-02     -3.88E-07
  A   S7                2.68549822E-02      4.04E-07
  A   S8                4.33154229E-03     -3.52E-07
  A   S9                8.97963589E-03      5.69E-07
  A   S10               2.71227848E-02     -3.12E-07
  THI S2               -1.38943036E-01      8.54E-06
  THI S4                3.94307879E-01     -3.84E-06
  THI S6                1.61587406E-01     -4.11E-06
  THI S8                5.82371095E-01     -1.73E-06
  THI S10               4.99851377E-02     -2.05E-05
  THI S12               6.54840210E-01     -2.16E-07
  THI S14               2.42239538E-01     -2.34E-05
  THI S16               5.61139538E-01     -2.34E-05
  THI S18               1.11395380E-02     -2.34E-05
  
        EFL          REDU         PIM          OAL         EN PUP       EX PUP
      4.704053     0.000000    -0.010670     6.329128     0.475900    -3.260373
  
  Active Constraints -   2:    target        value         diff        cost
  EFL                    =   4.70603E+00   4.70405E+00  -1.975E-03   3.723E-01
  Mn CT S2                                                          -9.072E+03
  
  Weighted Constraints:        target        value        WTC/PTC     contrib
  @ATELIER_LATCOLOR      =   0.00000E+00   2.98712E+00   1.000E-02   8.923E+02
  @ATELIER_RMSSPOT       =   0.00000E+00   2.91988E+01   1.000E-03   8.526E+02
 RAY ERROR: MISS  6
 RAY ERROR: REFL  4
 RAY ERROR: REFL  4
 RAY ERROR: REFL  4
 RAY ERROR: REFL  4
 RAY ERROR: REFL  4
 RAY ERROR: REFL  4
 RAY ERROR: REFL  4
 RAY ERROR: REFL  4
 RAY ERROR: REFL  4
 RAY ERROR: REFL  4
 RAY ERROR: REFL  4
 RAY ERROR: REFL  4
 RAY ERROR: REFL  4
 RAY ERROR: REFL  4
 RAY ERROR: REFL  4
  
 CYCLE NUMBER 15:
  
  ABERR F. =        4.76438338
  CONST F. =     1744.64816467
  ERR. F.  =     1749.41254805       (change =       -0.20571733)
  
  OPD     0.16301781     0.42756745     3.36634566
  WAV     0.16830982     0.44519205    11.15472538
  
  
  
  Parameter                 Value            Change
  CUY S3                4.37288067E-01      8.77E-09
  CUY S4                1.55992665E-01     -2.80E-08
  CUY S5                2.86756791E-01     -7.19E-08
  CUY S6                4.02086410E-01     -1.18E-07
  CUY S7                3.03634953E-02     -1.38E-07
  CUY S8               -2.33046708E-01     -4.61E-08
  CUY S9               -4.95633789E-01      1.72E-08
  CUY S10              -3.44858377E-01      1.19E-08
  A   S3                6.57770115E-06      1.67E-09
  A   S4               -1.75079708E-02     -4.77E-09
  A   S5               -1.04555758E-01     -1.50E-09
  A   S6               -7.11264577E-02      1.81E-09
  A   S7                2.68549804E-02     -1.84E-09
  A   S8                4.33154388E-03      1.59E-09
  A   S9                8.97963269E-03     -3.19E-09
  A   S10               2.71227864E-02      1.59E-09
  THI S2               -1.38938765E-01      4.27E-06
  THI S4                3.94307899E-01      1.99E-08
  THI S6                1.61587429E-01      2.29E-08
  THI S8                5.82371002E-01     -9.32E-08
  THI S10               4.99852370E-02      9.94E-08
  THI S12               6.54840160E-01     -4.97E-08
  THI S14               2.42206041E-01     -3.35E-05
  THI S16               5.61106041E-01     -3.35E-05
  THI S18               1.11060407E-02     -3.35E-05
  
        EFL          REDU         PIM          OAL         EN PUP       EX PUP
      4.704053     0.000000    -0.010603     6.329065     0.475900    -3.260308
  
  Active Constraints -   2:    target        value         diff        cost
  EFL                    =   4.70603E+00   4.70405E+00  -1.975E-03   6.360E-02
  Mn CT S2                                                          -1.914E+00
  
  Weighted Constraints:        target        value        WTC/PTC     contrib
  @ATELIER_LATCOLOR      =   0.00000E+00   2.98752E+00   1.000E-02   8.925E+02
  @ATELIER_RMSSPOT       =   0.00000E+00   2.91911E+01   1.000E-03   8.521E+02
  
     Normal AUTO Completion - System improvement less than IMP
AUT> GO
     WARNING - One or more of the reference rays from field  3 is deviated far from
               most of the other rays from this field point.  The reference rays are
               used to determine the numerical aperture and the grid spacing.  Thus, it
               is important that these rays are focused at approximately the same spot
               as the other rays from this field point.  Modifying the vignetting
               may solve this problem and make the calculation more accurate.
 
 
CODE V> BUF PUT B1 I^row J1 "schema"
      Created new worksheet B1.
CODE V> BUF PUT B1 I^row J2 "atelier-codev-target-v1"
CODE V> BUF PUT B1 I^row J1 "status"
CODE V> BUF PUT B1 I^row J2 "ok"
CODE V> BUF PUT B1 I^row J1 "mode"
CODE V> BUF PUT B1 I^row J2 "target"
CODE V> BUF PUT B1 I^row J1 "stage"
CODE V> BUF PUT B1 I^row J2 "A"
CODE V> BUF PUT B1 I^row J1 "source_zmx"
CODE V> BUF PUT B1 I^row J2 "US10281683B2.zmx"
CODE V> BUF PUT B1 I^row J1 "num_fields"
CODE V> BUF PUT B1 I^row J2 ^numf_out
CODE V> BUF PUT B1 I^row J1 "vignetting_edge"
CODE V> BUF PUT B1 I^row J2 0
CODE V> BUF PUT B1 I^row J1 "target.efl_mm"
CODE V> BUF PUT B1 I^row J2 ^target_efl
CODE V> BUF PUT B1 I^row J1 "target.f_number"
CODE V> BUF PUT B1 I^row J2 2.03819783060469
CODE V> BUF PUT B1 I^row J1 "seed_baseline.efl_y_mm"
CODE V> BUF PUT B1 I^row J2 ^seed_baseline_efl_y_mm
CODE V> BUF PUT B1 I^row J1 "seed_baseline.max_lateral_color_um"
CODE V> BUF PUT B1 I^row J2 ^seed_baseline_max_lateral_color_um
CODE V> BUF PUT B1 I^row J1 "seed_baseline.max_rms_spot_diameter_um"
CODE V> BUF PUT B1 I^row J2 ^seed_baseline_max_rms_spot_diameter_um
CODE V> BUF PUT B1 I^row J1 "seed_baseline.max_rms_wavefront_error_waves"
CODE V> BUF PUT B1 I^row J2 ^seed_baseline_max_rms_wavefront_error_waves
CODE V> BUF PUT B1 I^row J1 "seed_baseline.max_distortion_pct"
CODE V> BUF PUT B1 I^row J2 ^seed_baseline_max_distortion_pct
CODE V> BUF PUT B1 I^row J1 "seed_baseline.fno"
CODE V> BUF PUT B1 I^row J2 ^seed_baseline_fno
CODE V> BUF PUT B1 I^row J1 "seed_baseline.epd_mm"
CODE V> BUF PUT B1 I^row J2 ^seed_baseline_epd
CODE V> BUF PUT B1 I^row J1 "seed_baseline.maximh_mm"
CODE V> BUF PUT B1 I^row J2 ^seed_baseline_maximh
CODE V> BUF PUT B1 I^row J1 "config_pre_aut.efl_y_mm"
CODE V> BUF PUT B1 I^row J2 ^config_pre_aut_efl_y_mm
CODE V> BUF PUT B1 I^row J1 "config_pre_aut.max_lateral_color_um"
CODE V> BUF PUT B1 I^row J2 ^config_pre_aut_max_lateral_color_um
CODE V> BUF PUT B1 I^row J1 "config_pre_aut.max_rms_spot_diameter_um"
CODE V> BUF PUT B1 I^row J2 ^config_pre_aut_max_rms_spot_diameter_um
CODE V> BUF PUT B1 I^row J1 "config_pre_aut.max_rms_wavefront_error_waves"
CODE V> BUF PUT B1 I^row J2 ^config_pre_aut_max_rms_wavefront_error_waves
CODE V> BUF PUT B1 I^row J1 "config_pre_aut.max_distortion_pct"
CODE V> BUF PUT B1 I^row J2 ^config_pre_aut_max_distortion_pct
CODE V> BUF PUT B1 I^row J1 "config_pre_aut.fno"
CODE V> BUF PUT B1 I^row J2 ^config_pre_aut_fno
CODE V> BUF PUT B1 I^row J1 "config_pre_aut.epd_mm"
CODE V> BUF PUT B1 I^row J2 ^config_pre_aut_epd
CODE V> BUF PUT B1 I^row J1 "config_pre_aut.maximh_mm"
CODE V> BUF PUT B1 I^row J2 ^config_pre_aut_maximh
CODE V> BUF PUT B1 I^row J1 "post_aut.efl_y_mm"
CODE V> BUF PUT B1 I^row J2 ^post_aut_efl_y_mm
CODE V> BUF PUT B1 I^row J1 "post_aut.max_lateral_color_um"
CODE V> BUF PUT B1 I^row J2 ^post_aut_max_lateral_color_um
CODE V> BUF PUT B1 I^row J1 "post_aut.max_rms_spot_diameter_um"
CODE V> BUF PUT B1 I^row J2 ^post_aut_max_rms_spot_diameter_um
CODE V> BUF PUT B1 I^row J1 "post_aut.max_rms_wavefront_error_waves"
CODE V> BUF PUT B1 I^row J2 ^post_aut_max_rms_wavefront_error_waves
CODE V> BUF PUT B1 I^row J1 "post_aut.max_distortion_pct"
CODE V> BUF PUT B1 I^row J2 ^post_aut_max_distortion_pct
CODE V> BUF PUT B1 I^row J1 "post_aut.fno"
CODE V> BUF PUT B1 I^row J2 ^post_aut_fno
CODE V> BUF PUT B1 I^row J1 "post_aut.epd_mm"
CODE V> BUF PUT B1 I^row J2 ^post_aut_epd
CODE V> BUF PUT B1 I^row J1 "post_aut.maximh_mm"
CODE V> BUF PUT B1 I^row J2 ^post_aut_maximh
CODE V> BUF PUT B1 I^row J1 "efl_target_deviation_pct"
CODE V> BUF PUT B1 I^row J2 ^efl_target_dev_pct
CODE V> BUF PUT B1 I^row J1 "aut_converged"
CODE V> BUF PUT B1 I^row J2 ^aut_converged
CODE V> BUF EXP B1 "D:\atelier-wt-c\.planning\loop\p15-stageb-evidence\fno-matrix-2026-07-11\US10281683B2_loosen\rung1_fno0204\atelier_codev_target_A_vig0000.tsv"
     Buffer B1 exported to file atelier_codev_target_A_vig0000.tsv
CODE V> BUF DEL B1
CODE V> OUT YES
CODE V> EXI YES
     EXI                                                                              11-Jul-26  14H  9M 48S
                                                 CODE V PC  Version: 11.5             CPU clock:  0H  0M 24S
