  
  
                                   Welcome to
  
                                   C O D E   V
  
                                PC  Version 11.5
                                   Build 27302701
  
                                   11-Jul-2026
  
                            A proprietary product of
  
                              SYNOPSYS, INC
                              Pasadena, California
  
CODE V> OUT NO
     Radius input/output mode
  
    Lens data created by Zemax version 210628
  
    Zemax command MODE ignored
    Zemax command AUTH ignored
    ZEMAX NOTE 0 table5
    Zemax command PFIL ignored
    Zemax command LANG ignored
     WARNING - Glass catalog list not used.
     WARNING - Ray aiming not used.
     WARNING - Pupil shift for ray aiming not used.
    Zemax command SDMA ignored
    Zemax command OMMA ignored
    Zemax command HYPR ignored
     WARNING - Vignetting angles not used.
    Zemax command XAIM ignored
    Zemax command YAIM ignored
    Zemax command ZAIM ignored
    Zemax command FCOM ignored
    Zemax command FCOM ignored
    Zemax command POLS ignored
    Zemax command GLRS ignored
    Zemax command GSTD ignored
    Zemax command NSCD ignored
    Zemax command COFN ignored
    Zemax command COFN ignored
    Zemax command LUID ignored
  
     Surface pointer = OBJ
    Zemax command SSID ignored.
    Zemax surface type  STANDARD
    CODE V surface type SPH
    Zemax command FIMP ignored.
     WARNING - Hiding of rays not used.
    Zemax command MIRR ignored.
    Zemax command SLAB ignored.
    Zemax command MEMA ignored.
    Zemax command POPS ignored.
  
     Surface pointer = 1
    Zemax command SSID ignored.
    Zemax surface type  STANDARD
    CODE V surface type SPH
    Zemax command FIMP ignored.
     WARNING - Hiding of rays not used.
    Zemax command MIRR ignored.
    Zemax command SLAB ignored.
    Zemax command MEMA ignored.
    Zemax command POPS ignored.
  
     Surface pointer = 2
    Zemax command SSID ignored.
    Zemax surface type  EVENASPH
    CODE V surface type ASP
    Zemax command FIMP ignored.
     WARNING - Hiding of rays not used.
    Zemax command MIRR ignored.
    Zemax command SLAB ignored.
     WARNING - Partial dispersion of model glass not used.
    Zemax command MEMA ignored.
    Zemax command POPS ignored.
  
     Surface pointer = 3
    Zemax command SSID ignored.
    Zemax surface type  EVENASPH
    CODE V surface type ASP
    Zemax command FIMP ignored.
     WARNING - Hiding of rays not used.
    Zemax command MIRR ignored.
    Zemax command SLAB ignored.
    Zemax command MEMA ignored.
    Zemax command POPS ignored.
  
     Surface pointer = 4
    Zemax command SSID ignored.
    Zemax surface type  EVENASPH
    CODE V surface type ASP
    Zemax command FIMP ignored.
     WARNING - Hiding of rays not used.
    Zemax command MIRR ignored.
    Zemax command SLAB ignored.
     WARNING - Partial dispersion of model glass not used.
    Zemax command MEMA ignored.
    Zemax command POPS ignored.
  
     Surface pointer = 5
    Zemax command SSID ignored.
    Zemax surface type  EVENASPH
    CODE V surface type ASP
    Zemax command FIMP ignored.
     WARNING - Hiding of rays not used.
    Zemax command MIRR ignored.
    Zemax command SLAB ignored.
    Zemax command MEMA ignored.
    Zemax command POPS ignored.
  
     Surface pointer = 6
    Zemax command SSID ignored.
    Zemax surface type  EVENASPH
    CODE V surface type ASP
    Zemax command FIMP ignored.
     WARNING - Hiding of rays not used.
    Zemax command MIRR ignored.
    Zemax command SLAB ignored.
     WARNING - Partial dispersion of model glass not used.
    Zemax command MEMA ignored.
    Zemax command POPS ignored.
  
     Surface pointer = 7
    Zemax command SSID ignored.
    Zemax surface type  EVENASPH
    CODE V surface type ASP
    Zemax command FIMP ignored.
     WARNING - Hiding of rays not used.
    Zemax command MIRR ignored.
    Zemax command SLAB ignored.
    Zemax command MEMA ignored.
    Zemax command POPS ignored.
  
     Surface pointer = 8
    Zemax command SSID ignored.
    Zemax surface type  EVENASPH
    CODE V surface type ASP
    Zemax command FIMP ignored.
     WARNING - Hiding of rays not used.
    Zemax command MIRR ignored.
    Zemax command SLAB ignored.
     WARNING - Partial dispersion of model glass not used.
    Zemax command MEMA ignored.
    Zemax command POPS ignored.
  
     Surface pointer = 9
    Zemax command SSID ignored.
    Zemax surface type  EVENASPH
    CODE V surface type ASP
    Zemax command FIMP ignored.
     WARNING - Hiding of rays not used.
    Zemax command MIRR ignored.
    Zemax command SLAB ignored.
    Zemax command MEMA ignored.
    Zemax command POPS ignored.
  
     Surface pointer = 10
    Zemax command SSID ignored.
    Zemax surface type  EVENASPH
    CODE V surface type ASP
    Zemax command FIMP ignored.
     WARNING - Hiding of rays not used.
    Zemax command MIRR ignored.
    Zemax command SLAB ignored.
     WARNING - Partial dispersion of model glass not used.
    Zemax command MEMA ignored.
    Zemax command POPS ignored.
  
     Surface pointer = 11
    Zemax command SSID ignored.
    Zemax surface type  EVENASPH
    CODE V surface type ASP
    Zemax command FIMP ignored.
     WARNING - Hiding of rays not used.
    Zemax command MIRR ignored.
    Zemax command SLAB ignored.
    Zemax command MEMA ignored.
    Zemax command POPS ignored.
  
     Surface pointer = 12
    Zemax command SSID ignored.
    Zemax surface type  EVENASPH
    CODE V surface type ASP
    Zemax command FIMP ignored.
     WARNING - Hiding of rays not used.
    Zemax command MIRR ignored.
    Zemax command SLAB ignored.
     WARNING - Partial dispersion of model glass not used.
    Zemax command MEMA ignored.
    Zemax command POPS ignored.
  
     Surface pointer = 13
    Zemax command SSID ignored.
    Zemax surface type  EVENASPH
    CODE V surface type ASP
    Zemax command FIMP ignored.
     WARNING - Hiding of rays not used.
    Zemax command MIRR ignored.
    Zemax command SLAB ignored.
    Zemax command MEMA ignored.
    Zemax command POPS ignored.
  
     Surface pointer = 14
    Zemax command SSID ignored.
    Zemax surface type  STANDARD
    CODE V surface type SPH
    Zemax command FIMP ignored.
     WARNING - Hiding of rays not used.
    Zemax command MIRR ignored.
    Zemax command SLAB ignored.
     WARNING - Partial dispersion of model glass not used.
    Zemax command MEMA ignored.
    Zemax command POPS ignored.
  
     Surface pointer = 15
    Zemax command SSID ignored.
    Zemax surface type  STANDARD
    CODE V surface type SPH
    Zemax command FIMP ignored.
     WARNING - Hiding of rays not used.
    Zemax command MIRR ignored.
    Zemax command SLAB ignored.
    Zemax command MEMA ignored.
    Zemax command POPS ignored.
  
     Surface pointer = IMG
    Zemax command SSID ignored.
    Zemax surface type  STANDARD
    CODE V surface type SPH
    Zemax command FIMP ignored.
     WARNING - Hiding of rays not used.
    Zemax command MIRR ignored.
    Zemax command SLAB ignored.
    Zemax command MEMA ignored.
    Zemax command POPS ignored.
  
     WARNING - Please check the converted lens carefully.
               Some information will not be converted.
               Changes in either CODE V or ZEMAX may invalidate
               the converted information.
               Due to differences between CODE V and ZEMAX ray
               aiming and vignetting factors, it is recommended
               that you set vignetting for the converted system.
  
               A concise listing of conversion warnings appears
               in the Tabbed Output Window 'Info' tab and in the
               Command Window.
  
CODE V> DEF VAR SA
 
 
CODE V> FNO 2.12531355162114
CODE V> VUY 0 0.2 0.2
CODE V> VLY 0 0.2 0.2
CODE V> VUX 0 0.2 0.2
CODE V> VLX 0 0.2 0.2
 
 
CODE V> AUT
     AUT                                                                              11-Jul-26  14H  2M 11S
                                                 CODE V PC  Version: 11.5             CPU clock:  0H  0M  0S
     ***Defocussing frozen to eliminate redundant variable
AUT>   SUR N
AUT>   CHG SA
AUT>   WFR Y
AUT>   WTF FA 10
AUT>   EFL = 3.95031061876715
AUT>   @atelier_latcolor == @lcum(1)
AUT>   @atelier_latcolor = 0
AUT>   WTC 0.01
AUT>   @atelier_rmsspot == @rmssum(1)
AUT>   @atelier_rmsspot = 0
AUT>   WTC 0.001
AUT>   MNT 0.025
AUT>   MNE 0.025
AUT>   MXT 10
AUT>   MNA 0.001
AUT>   MXC 25
AUT>   MNC 3
AUT>   IMP 0.001
AUT> GO
 -------------------------------------------------------------------------------
  
       USER CONSTRAINT DEFINITIONS
            @atelier_rmsspot == @rmssum(1)
  
            @atelier_latcolor == @lcum(1)
  
  
  
       POTENTIALLY ACTIVE SPECIFIC CONSTRAINTS
         EFL                                  =       3.950311
         @ATELIER_LATCOLOR                    =       0.000000     (WTC =    0.01000)
         @ATELIER_RMSSPOT                     =       0.000000     (WTC =    0.00100)
  
       GENERAL CONSTRAINTS
         MXT      10.000000
         MNT       0.025000
         MNE       0.025000
         MNA       0.001000
         MAE       0.002500
         GLA               NFK5  NSK16  NLAF2  SF4
  
       ERROR FUNCTION CONSTRUCTION
         WFR        Y
         WTW       1          1          1
         WTA       0.000000
         DEL       0.220000
         WTX F1   10.000000
         WTX F2   10.000000
         WTX F3   10.000000
         WTY F1   10.000000
         WTY F2   10.000000
         WTY F3   10.000000
  
       CONVERGENCE CONTROLS
         MXC        25
         MNC         3
         TAR       0.000000
         IMP       0.001000
  
       OUTPUT CONTROLS
         SUR NO
         CHG S0..16
  
     Recommendations for most stable convergence:
  
       Use object space aperture specifications:
       - NAO for finite conjugate systems
       - EPD for infinite conjugate systems
  
       VARIABLE LIST
  
         NO      PARAMETERS *
          1      CUY S2       CUY S3       CUY S4       CUY S5       CUY S6       CUY S7
          2      CUY S3       CUY S4
          3      CUY S4       CUY S5       CUY S6       CUY S7
          4      CUY S5       CUY S6
          5      CUY S6       CUY S7
          6      CUY S7       CUY S8
          7      CUY S8       CUY S9
          8      CUY S9       CUY S10
          9      CUY S10       CUY S11
         10      CUY S11       CUY S12
         11      CUY S12       CUY S13
         12      CUY S13
         13      A   S2
         14      A   S3
         15      A   S4
         16      A   S5
         17      A   S6
         18      A   S7
         19      A   S8
         20      A   S9
         21      A   S10
         22      A   S11
         23      A   S12
         24      A   S13
         25      THI S1
         26      THI S3
         27      THI S5
         28      THI S7
         29      THI S9
         30      THI S11
         31      THI S13
         32      THI S15
  
     * Multiple entries on a line are composite variables.
     Composite variables are either program-generated bendings
     or user-requested couplings.
  
      32 VARIABLES
  
      32 CONSTRAINTS CAN BE ACTIVE
  
     RELATIVE TIME PER CYCLE IS  267.8 UNITS
     WARNING - The macro function SPOTDATA is not supported on multiple threads.
               CODE V will set the multiple processor setting (MPP) to 1 to prevent errors.
               Please refer to the CODE V Setup and Operation Reference Manual for a complete list
               of pre-defined macro functions that are currently limited to running on a single thread.
  
 CYCLE NUMBER 0:
  
  ABERR F. =        0.47917118
  CONST F. =     1362.14735761
  ERR. F.  =     1362.62652879
  
  OPD     0.51124787     0.41322405     0.43883508
  WAV     0.52939119     0.51303317     0.45767599
  
  
  
  Parameter                 Value            Change
  CUY S2                2.86779467E-01      0.00E+00
  CUY S3                3.39097999E-01      0.00E+00
  CUY S4                5.35045479E-01      0.00E+00
  CUY S5                4.17188152E-01      0.00E+00
  CUY S6                2.69832704E-01      0.00E+00
  CUY S7               -2.26398008E-01      0.00E+00
  CUY S8               -1.07758621E+00      0.00E+00
  CUY S9               -4.46827525E-01      0.00E+00
  CUY S10               4.91159136E-01      0.00E+00
  CUY S11              -2.29779412E-01      0.00E+00
  CUY S12               7.27272727E-01      0.00E+00
  CUY S13               1.05263158E+00      0.00E+00
  A   S2               -3.19920000E-02      0.00E+00
  A   S3               -1.02200000E-01      0.00E+00
  A   S4               -5.50540000E-02      0.00E+00
  A   S5               -2.35400000E-02      0.00E+00
  A   S6               -3.39600000E-02      0.00E+00
  A   S7                3.57620000E-03      0.00E+00
  A   S8                2.39310000E-01      0.00E+00
  A   S9                5.80790000E-02      0.00E+00
  A   S10              -8.97320000E-03      0.00E+00
  A   S11               4.48830000E-02      0.00E+00
  A   S12              -4.97410000E-02      0.00E+00
  A   S13              -6.33600000E-02      0.00E+00
  THI S1               -7.00000000E-02      0.00E+00
  THI S3                1.47000000E-01      0.00E+00
  THI S5                1.76000000E-01      0.00E+00
  THI S7                4.86000000E-01      0.00E+00
  THI S9                5.00000000E-02      0.00E+00
  THI S11               9.90000000E-02      0.00E+00
  THI S13               8.00000000E-01      0.00E+00
  THI S15               4.35000000E-01      0.00E+00
  
        EFL          REDU         PIM          OAL         EN PUP       EX PUP
      3.952029     0.000000     0.463432     5.847000     0.000000    -4.568638
  
  Specific Constraints:        target        value         diff      active (**)
  EFL                    =   3.95031E+00   3.95203E+00   1.718E-03    **
  
  Weighted Constraints:        target        value        WTC/PTC     contrib
  @ATELIER_LATCOLOR      =   0.00000E+00   2.02488E+00   1.000E-02   4.100E+02
  @ATELIER_RMSSPOT       =   0.00000E+00   3.08566E+01   1.000E-03   9.521E+02
  
  Constraints added:      EFL (=)                     Mn CT S1 (>)
  
 CYCLE NUMBER 1:
  
  ABERR F. =        0.38090902
  CONST F. =     1641.02423653
  ERR. F.  =     1641.40514554       (change =      278.77861676)
  
  OPD     0.38507976     0.28519187     0.35887788
  WAV     0.40685304     0.45195774     0.37728070
  
  
  
  Parameter                 Value            Change
  CUY S2                2.86962780E-01      1.83E-04
  CUY S3                3.38863248E-01     -2.35E-04
  CUY S4                5.34957552E-01     -8.79E-05
  CUY S5                4.18283557E-01      1.10E-03
  CUY S6                2.71076952E-01      1.24E-03
  CUY S7               -2.26196759E-01      2.01E-04
  CUY S8               -1.07821150E+00     -6.25E-04
  CUY S9               -4.47368270E-01     -5.41E-04
  CUY S10               4.91744197E-01      5.85E-04
  CUY S11              -2.28072120E-01      1.71E-03
  CUY S12               7.35009115E-01      7.74E-03
  CUY S13               1.06296074E+00      1.03E-02
  A   S2               -3.19648927E-02      2.71E-05
  A   S3               -1.02225342E-01     -2.53E-05
  A   S4               -5.48392194E-02      2.15E-04
  A   S5               -2.35632506E-02     -2.33E-05
  A   S6               -3.37399545E-02      2.20E-04
  A   S7                3.55774313E-03     -1.85E-05
  A   S8                2.39265792E-01     -4.42E-05
  A   S9                5.80719846E-02     -7.02E-06
  A   S10              -8.97641309E-03     -3.21E-06
  A   S11               4.48813285E-02     -1.67E-06
  A   S12              -4.97421359E-02     -1.14E-06
  A   S13              -6.33606347E-02     -6.35E-07
  THI S1                1.00000000E-03      7.10E-02
  THI S3                1.46695698E-01     -3.04E-04
  THI S5                1.75884435E-01     -1.16E-04
  THI S7                4.87027592E-01      1.03E-03
  THI S9                4.76782532E-02     -2.32E-03
  THI S11               9.85889088E-02     -4.11E-04
  THI S13               7.99620369E-01     -3.80E-04
  THI S15               4.34654434E-01     -3.46E-04
  
        EFL          REDU         PIM          OAL         EN PUP       EX PUP
      3.950311     0.000000     0.458079     5.915495     0.000000    -4.659336
  
  Active Constraints -   2:    target        value         diff        cost
  EFL                    =   3.95031E+00   3.95031E+00  -9.507E-08   6.454E-03
  Mn CT S1                                                          -1.859E+01
  
  Weighted Constraints:        target        value        WTC/PTC     contrib
  @ATELIER_LATCOLOR      =   0.00000E+00   2.46426E+00   1.000E-02   6.073E+02
  @ATELIER_RMSSPOT       =   0.00000E+00   3.21523E+01   1.000E-03   1.034E+03
  
 CYCLE NUMBER 2:
  
  ABERR F. =        0.15000539
  CONST F. =      560.90678502
  ERR. F.  =      561.05679041       (change =    -1080.34835514)
  
  OPD     0.12311513     0.14209488     0.13501506
  WAV     0.13639316     0.20308860     0.14691586
  
  
  
  Parameter                 Value            Change
  CUY S2                2.87266100E-01      3.03E-04
  CUY S3                3.42389996E-01      3.53E-03
  CUY S4                5.39327135E-01      4.37E-03
  CUY S5                4.17558456E-01     -7.25E-04
  CUY S6                2.70834701E-01     -2.42E-04
  CUY S7               -2.28822842E-01     -2.63E-03
  CUY S8               -1.08480177E+00     -6.59E-03
  CUY S9               -4.51533165E-01     -4.16E-03
  CUY S10               4.80463440E-01     -1.13E-02
  CUY S11              -1.99183545E-01      2.89E-02
  CUY S12               7.87092726E-01      5.21E-02
  CUY S13               1.07837587E+00      1.54E-02
  A   S2               -3.30961120E-02     -1.13E-03
  A   S3               -1.01522525E-01      7.03E-04
  A   S4               -5.44039352E-02      4.35E-04
  A   S5               -2.34602330E-02      1.03E-04
  A   S6               -3.60345580E-02     -2.29E-03
  A   S7                2.99853665E-03     -5.59E-04
  A   S8                2.39939348E-01      6.74E-04
  A   S9                5.74931578E-02     -5.79E-04
  A   S10              -8.54732121E-03      4.29E-04
  A   S11               4.57777802E-02      8.96E-04
  A   S12              -4.96885470E-02      5.36E-05
  A   S13              -6.27101580E-02      6.50E-04
  THI S1                1.00000000E-03      0.00E+00
  THI S3                1.47580438E-01      8.85E-04
  THI S5                1.70309214E-01     -5.58E-03
  THI S7                4.80512961E-01     -6.51E-03
  THI S9                3.03793322E-02     -1.73E-02
  THI S11               1.18203095E-01      1.96E-02
  THI S13               8.37569856E-01      3.79E-02
  THI S15               4.72594541E-01      3.79E-02
  
        EFL          REDU         PIM          OAL         EN PUP       EX PUP
      3.950289     0.000000     0.421400     5.944555     0.000000    -4.677773
  
  Active Constraints -   2:    target        value         diff        cost
  EFL                    =   3.95031E+00   3.95029E+00  -2.181E-05   1.997E-07
  Mn CT S1                                                          -1.079E-07
  
  Weighted Constraints:        target        value        WTC/PTC     contrib
  @ATELIER_LATCOLOR      =   0.00000E+00   1.45685E+00   1.000E-02   2.122E+02
  @ATELIER_RMSSPOT       =   0.00000E+00   1.86726E+01   1.000E-03   3.487E+02
  
  Constraints added:      Mn CT S11 (>)
  Constraints released:   Mn CT S11 (>)
  
 CYCLE NUMBER 3:
  
  ABERR F. =        0.25734842
  CONST F. =      550.89790858
  ERR. F.  =      551.15525700       (change =       -9.90153340)
  
  OPD     0.34005351     0.13658577     0.21542394
  WAV     0.36163366     0.18150365     0.23010268
  
  
  
  Parameter                 Value            Change
  CUY S2                2.86932169E-01     -3.34E-04
  CUY S3                3.42687987E-01      2.98E-04
  CUY S4                5.39073327E-01     -2.54E-04
  CUY S5                4.15219501E-01     -2.34E-03
  CUY S6                2.67636599E-01     -3.20E-03
  CUY S7               -2.30484043E-01     -1.66E-03
  CUY S8               -1.08400895E+00      7.93E-04
  CUY S9               -4.50437638E-01      1.10E-03
  CUY S10               4.80649909E-01      1.86E-04
  CUY S11              -1.99237052E-01     -5.35E-05
  CUY S12               7.94409893E-01      7.32E-03
  CUY S13               1.08668692E+00      8.31E-03
  A   S2               -3.31720117E-02     -7.59E-05
  A   S3               -1.01438903E-01      8.36E-05
  A   S4               -5.44461787E-02     -4.22E-05
  A   S5               -2.35476445E-02     -8.74E-05
  A   S6               -3.60981843E-02     -6.36E-05
  A   S7                3.03218109E-03      3.36E-05
  A   S8                2.39921209E-01     -1.81E-05
  A   S9                5.75055258E-02      1.24E-05
  A   S10              -8.51880491E-03      2.85E-05
  A   S11               4.57459484E-02     -3.18E-05
  A   S12              -4.96390805E-02      4.95E-05
  A   S13              -6.27373129E-02     -2.72E-05
  THI S1                1.00000000E-03     -2.82E-18
  THI S3                1.47859327E-01      2.79E-04
  THI S5                1.70478909E-01      1.70E-04
  THI S7                4.79370329E-01     -1.14E-03
  THI S9                3.10178336E-02      6.39E-04
  THI S11               1.11132219E-01     -7.07E-03
  THI S13               8.38634661E-01      1.06E-03
  THI S15               4.73659411E-01      1.06E-03
  
        EFL          REDU         PIM          OAL         EN PUP       EX PUP
      3.950311     0.000000     0.430706     5.938493     0.000000    -4.677903
  
  Active Constraints -   2:    target        value         diff        cost
  EFL                    =   3.95031E+00   3.95031E+00   4.205E-07   8.208E-04
  Mn CT S1                                                          -3.885E-04
  
  Weighted Constraints:        target        value        WTC/PTC     contrib
  @ATELIER_LATCOLOR      =   0.00000E+00   1.43128E+00   1.000E-02   2.049E+02
  @ATELIER_RMSSPOT       =   0.00000E+00   1.86022E+01   1.000E-03   3.460E+02
  
  Constraints released:   Mn CT S1 (>)
  
 CYCLE NUMBER 4:
  
  ABERR F. =        0.21876457
  CONST F. =      505.09581743
  ERR. F.  =      505.31458201       (change =      -45.84067500)
  
  OPD     0.27249454     0.12857028     0.19255967
  WAV     0.29048068     0.17969113     0.20643858
  
  
  
  Parameter                 Value            Change
  CUY S2                2.87152340E-01      2.20E-04
  CUY S3                3.42859167E-01      1.71E-04
  CUY S4                5.38738434E-01     -3.35E-04
  CUY S5                4.15049889E-01     -1.70E-04
  CUY S6                2.67108447E-01     -5.28E-04
  CUY S7               -2.31208589E-01     -7.25E-04
  CUY S8               -1.08420346E+00     -1.95E-04
  CUY S9               -4.50597765E-01     -1.60E-04
  CUY S10               4.81378018E-01      7.28E-04
  CUY S11              -1.98578830E-01      6.58E-04
  CUY S12               7.92401586E-01     -2.01E-03
  CUY S13               1.08448272E+00     -2.20E-03
  A   S2               -3.31594579E-02      1.26E-05
  A   S3               -1.01451120E-01     -1.22E-05
  A   S4               -5.44338266E-02      1.24E-05
  A   S5               -2.35592376E-02     -1.16E-05
  A   S6               -3.60847856E-02      1.34E-05
  A   S7                3.01374548E-03     -1.84E-05
  A   S8                2.39929751E-01      8.54E-06
  A   S9                5.74993559E-02     -6.17E-06
  A   S10              -8.52663637E-03     -7.83E-06
  A   S11               4.57192574E-02     -2.67E-05
  A   S12              -4.96151410E-02      2.39E-05
  A   S13              -6.26291868E-02      1.08E-04
  THI S1                2.43793408E-03      1.44E-03
  THI S3                1.47756780E-01     -1.03E-04
  THI S5                1.70311671E-01     -1.67E-04
  THI S7                4.79569711E-01      1.99E-04
  THI S9                3.09116562E-02     -1.06E-04
  THI S11               1.11710248E-01      5.78E-04
  THI S13               8.39730960E-01      1.10E-03
  THI S15               4.74755710E-01      1.10E-03
  
        EFL          REDU         PIM          OAL         EN PUP       EX PUP
      3.950311     0.000000     0.428900     5.941429     0.000000    -4.679387
  
  Active Constraints -   1:    target        value         diff        cost
  EFL                    =   3.95031E+00   3.95031E+00  -4.861E-08  -2.328E-03
  
  Weighted Constraints:        target        value        WTC/PTC     contrib
  @ATELIER_LATCOLOR      =   0.00000E+00   1.41335E+00   1.000E-02   1.998E+02
  @ATELIER_RMSSPOT       =   0.00000E+00   1.74740E+01   1.000E-03   3.053E+02
  
  Constraints added:      Mn CT S1 (>)
  
 CYCLE NUMBER 5:
  
  ABERR F. =        0.22009761
  CONST F. =      509.02233005
  ERR. F.  =      509.24242766       (change =        3.92784565)
  
  OPD     0.27690645     0.12160812     0.19718511
  WAV     0.29499351     0.16968803     0.21093804
  
  
  
  Parameter                 Value            Change
  CUY S2                2.87051449E-01     -1.01E-04
  CUY S3                3.42672279E-01     -1.87E-04
  CUY S4                5.38622288E-01     -1.16E-04
  CUY S5                4.15173321E-01      1.23E-04
  CUY S6                2.67273473E-01      1.65E-04
  CUY S7               -2.31342266E-01     -1.34E-04
  CUY S8               -1.08412477E+00      7.87E-05
  CUY S9               -4.50346200E-01      2.52E-04
  CUY S10               4.81351467E-01     -2.66E-05
  CUY S11              -1.98663598E-01     -8.48E-05
  CUY S12               7.92813622E-01      4.12E-04
  CUY S13               1.08495804E+00      4.75E-04
  A   S2               -3.31422696E-02      1.72E-05
  A   S3               -1.01468246E-01     -1.71E-05
  A   S4               -5.43985332E-02      3.53E-05
  A   S5               -2.35165162E-02      4.27E-05
  A   S6               -3.61292880E-02     -4.45E-05
  A   S7                3.06509465E-03      5.13E-05
  A   S8                2.39913962E-01     -1.58E-05
  A   S9                5.75120803E-02      1.27E-05
  A   S10              -8.52042089E-03      6.22E-06
  A   S11               4.57126603E-02     -6.60E-06
  A   S12              -4.96071542E-02      7.99E-06
  A   S13              -6.26350299E-02     -5.84E-06
  THI S1                1.00000000E-03     -1.44E-03
  THI S3                1.47794301E-01      3.75E-05
  THI S5                1.70356771E-01      4.51E-05
  THI S7                4.79521340E-01     -4.84E-05
  THI S9                3.12056445E-02      2.94E-04
  THI S11               1.11421413E-01     -2.89E-04
  THI S13               8.39508893E-01     -2.22E-04
  THI S15               4.74533644E-01     -2.22E-04
  
        EFL          REDU         PIM          OAL         EN PUP       EX PUP
      3.950311     0.000000     0.429289     5.939808     0.000000    -4.677315
  
  Active Constraints -   2:    target        value         diff        cost
  EFL                    =   3.95031E+00   3.95031E+00   1.708E-09   3.374E-03
  Mn CT S1                                                          -1.554E-04
  
  Weighted Constraints:        target        value        WTC/PTC     contrib
  @ATELIER_LATCOLOR      =   0.00000E+00   1.40636E+00   1.000E-02   1.978E+02
  @ATELIER_RMSSPOT       =   0.00000E+00   1.76419E+01   1.000E-03   3.112E+02
  
  Constraints released:   Mn CT S1 (>)
  Constraints released:   Mn CT S1 (>)
  
 CYCLE NUMBER 6:
  
  ABERR F. =        0.20219292
  CONST F. =      495.82057470
  ERR. F.  =      496.02276761       (change =      -13.21966004)
  
  OPD     0.24758013     0.11256439     0.18489481
  WAV     0.26405426     0.16748640     0.19840048
  
  
  
  Parameter                 Value            Change
  CUY S2                2.86987733E-01     -6.37E-05
  CUY S3                3.42574042E-01     -9.82E-05
  CUY S4                5.38431674E-01     -1.91E-04
  CUY S5                4.15097616E-01     -7.57E-05
  CUY S6                2.67100112E-01     -1.73E-04
  CUY S7               -2.31641726E-01     -2.99E-04
  CUY S8               -1.08418897E+00     -6.42E-05
  CUY S9               -4.50380648E-01     -3.44E-05
  CUY S10               4.81380162E-01      2.87E-05
  CUY S11              -1.98643895E-01      1.97E-05
  CUY S12               7.93817609E-01      1.00E-03
  CUY S13               1.08649590E+00      1.54E-03
  A   S2               -3.31358593E-02      6.41E-06
  A   S3               -1.01474607E-01     -6.36E-06
  A   S4               -5.43880295E-02      1.05E-05
  A   S5               -2.35193943E-02     -2.88E-06
  A   S6               -3.61249360E-02      4.35E-06
  A   S7                3.05929512E-03     -5.80E-06
  A   S8                2.39916811E-01      2.85E-06
  A   S9                5.75101468E-02     -1.93E-06
  A   S10              -8.51260557E-03      7.82E-06
  A   S11               4.57067393E-02     -5.92E-06
  A   S12              -4.96009993E-02      6.15E-06
  A   S13              -6.26383168E-02     -3.29E-06
  THI S1                1.05123737E-03      5.12E-05
  THI S3                1.47711025E-01     -8.33E-05
  THI S5                1.70230237E-01     -1.27E-04
  THI S7                4.79605678E-01      8.43E-05
  THI S9                3.16505685E-02      4.45E-04
  THI S11               1.11556651E-01      1.35E-04
  THI S13               8.39836992E-01      3.28E-04
  THI S15               4.74861742E-01      3.28E-04
  
        EFL          REDU         PIM          OAL         EN PUP       EX PUP
      3.950312     0.000000     0.428797     5.940642     0.000000    -4.676348
  
  Active Constraints -   1:    target        value         diff        cost
  EFL                    =   3.95031E+00   3.95031E+00   1.051E-06  -6.426E-04
  
  Weighted Constraints:        target        value        WTC/PTC     contrib
  @ATELIER_LATCOLOR      =   0.00000E+00   1.40326E+00   1.000E-02   1.969E+02
  @ATELIER_RMSSPOT       =   0.00000E+00   1.72889E+01   1.000E-03   2.989E+02
  
 CYCLE NUMBER 7:
  
  ABERR F. =        0.20220396
  CONST F. =      495.82240742
  ERR. F.  =      496.02461138       (change =        0.00184377)
  
  OPD     0.24759849     0.11256428     0.18490598
  WAV     0.26407350     0.16748299     0.19841202
  
  
  
  Parameter                 Value            Change
  CUY S2                2.86987659E-01     -7.37E-08
  CUY S3                3.42574005E-01     -3.63E-08
  CUY S4                5.38431511E-01     -1.62E-07
  CUY S5                4.15097321E-01     -2.95E-07
  CUY S6                2.67099874E-01     -2.38E-07
  CUY S7               -2.31641838E-01     -1.12E-07
  CUY S8               -1.08418886E+00      1.11E-07
  CUY S9               -4.50380538E-01      1.10E-07
  CUY S10               4.81380165E-01      3.41E-09
  CUY S11              -1.98643801E-01      9.39E-08
  CUY S12               7.93819127E-01      1.52E-06
  CUY S13               1.08649744E+00      1.54E-06
  A   S2               -3.31358667E-02     -7.44E-09
  A   S3               -1.01474600E-01      7.21E-09
  A   S4               -5.43880407E-02     -1.12E-08
  A   S5               -2.35193921E-02      2.26E-09
  A   S6               -3.61249394E-02     -3.40E-09
  A   S7                3.05929960E-03      4.48E-09
  A   S8                2.39916809E-01     -2.11E-09
  A   S9                5.75101484E-02      1.61E-09
  A   S10              -8.51259761E-03      7.95E-09
  A   S11               4.57067325E-02     -6.82E-09
  A   S12              -4.96009915E-02      7.77E-09
  A   S13              -6.26383237E-02     -6.85E-09
  THI S1                1.05159000E-03      3.53E-07
  THI S3                1.47711062E-01      3.67E-08
  THI S5                1.70230287E-01      5.09E-08
  THI S7                4.79605595E-01     -8.25E-08
  THI S9                3.16511630E-02      5.94E-07
  THI S11               1.11556510E-01     -1.41E-07
  THI S13               8.39836761E-01     -2.31E-07
  THI S15               4.74861511E-01     -2.31E-07
  
        EFL          REDU         PIM          OAL         EN PUP       EX PUP
      3.950311     0.000000     0.428797     5.940643     0.000000    -4.676351
  
  Active Constraints -   1:    target        value         diff        cost
  EFL                    =   3.95031E+00   3.95031E+00   2.689E-09  -4.523E-03
  
  Weighted Constraints:        target        value        WTC/PTC     contrib
  @ATELIER_LATCOLOR      =   0.00000E+00   1.40326E+00   1.000E-02   1.969E+02
  @ATELIER_RMSSPOT       =   0.00000E+00   1.72890E+01   1.000E-03   2.989E+02
  
     Normal AUTO Completion - System improvement less than IMP
AUT> GO
 
 
CODE V> BUF PUT B1 I^row J1 "schema"
      Created new worksheet B1.
CODE V> BUF PUT B1 I^row J2 "atelier-codev-target-v1"
CODE V> BUF PUT B1 I^row J1 "status"
CODE V> BUF PUT B1 I^row J2 "ok"
CODE V> BUF PUT B1 I^row J1 "mode"
CODE V> BUF PUT B1 I^row J2 "target"
CODE V> BUF PUT B1 I^row J1 "stage"
CODE V> BUF PUT B1 I^row J2 "A"
CODE V> BUF PUT B1 I^row J1 "source_zmx"
CODE V> BUF PUT B1 I^row J2 "US8908290B1.zmx"
CODE V> BUF PUT B1 I^row J1 "num_fields"
CODE V> BUF PUT B1 I^row J2 ^numf_out
CODE V> BUF PUT B1 I^row J1 "vignetting_edge"
CODE V> BUF PUT B1 I^row J2 0.2
CODE V> BUF PUT B1 I^row J1 "target.efl_mm"
CODE V> BUF PUT B1 I^row J2 ^target_efl
CODE V> BUF PUT B1 I^row J1 "target.f_number"
CODE V> BUF PUT B1 I^row J2 2.12531355162114
CODE V> BUF PUT B1 I^row J1 "seed_baseline.efl_y_mm"
CODE V> BUF PUT B1 I^row J2 ^seed_baseline_efl_y_mm
CODE V> BUF PUT B1 I^row J1 "seed_baseline.max_lateral_color_um"
CODE V> BUF PUT B1 I^row J2 ^seed_baseline_max_lateral_color_um
CODE V> BUF PUT B1 I^row J1 "seed_baseline.max_rms_spot_diameter_um"
CODE V> BUF PUT B1 I^row J2 ^seed_baseline_max_rms_spot_diameter_um
CODE V> BUF PUT B1 I^row J1 "seed_baseline.max_rms_wavefront_error_waves"
CODE V> BUF PUT B1 I^row J2 ^seed_baseline_max_rms_wavefront_error_waves
CODE V> BUF PUT B1 I^row J1 "seed_baseline.max_distortion_pct"
CODE V> BUF PUT B1 I^row J2 ^seed_baseline_max_distortion_pct
CODE V> BUF PUT B1 I^row J1 "seed_baseline.fno"
CODE V> BUF PUT B1 I^row J2 ^seed_baseline_fno
CODE V> BUF PUT B1 I^row J1 "seed_baseline.epd_mm"
CODE V> BUF PUT B1 I^row J2 ^seed_baseline_epd
CODE V> BUF PUT B1 I^row J1 "seed_baseline.maximh_mm"
CODE V> BUF PUT B1 I^row J2 ^seed_baseline_maximh
CODE V> BUF PUT B1 I^row J1 "config_pre_aut.efl_y_mm"
CODE V> BUF PUT B1 I^row J2 ^config_pre_aut_efl_y_mm
CODE V> BUF PUT B1 I^row J1 "config_pre_aut.max_lateral_color_um"
CODE V> BUF PUT B1 I^row J2 ^config_pre_aut_max_lateral_color_um
CODE V> BUF PUT B1 I^row J1 "config_pre_aut.max_rms_spot_diameter_um"
CODE V> BUF PUT B1 I^row J2 ^config_pre_aut_max_rms_spot_diameter_um
CODE V> BUF PUT B1 I^row J1 "config_pre_aut.max_rms_wavefront_error_waves"
CODE V> BUF PUT B1 I^row J2 ^config_pre_aut_max_rms_wavefront_error_waves
CODE V> BUF PUT B1 I^row J1 "config_pre_aut.max_distortion_pct"
CODE V> BUF PUT B1 I^row J2 ^config_pre_aut_max_distortion_pct
CODE V> BUF PUT B1 I^row J1 "config_pre_aut.fno"
CODE V> BUF PUT B1 I^row J2 ^config_pre_aut_fno
CODE V> BUF PUT B1 I^row J1 "config_pre_aut.epd_mm"
CODE V> BUF PUT B1 I^row J2 ^config_pre_aut_epd
CODE V> BUF PUT B1 I^row J1 "config_pre_aut.maximh_mm"
CODE V> BUF PUT B1 I^row J2 ^config_pre_aut_maximh
CODE V> BUF PUT B1 I^row J1 "post_aut.efl_y_mm"
CODE V> BUF PUT B1 I^row J2 ^post_aut_efl_y_mm
CODE V> BUF PUT B1 I^row J1 "post_aut.max_lateral_color_um"
CODE V> BUF PUT B1 I^row J2 ^post_aut_max_lateral_color_um
CODE V> BUF PUT B1 I^row J1 "post_aut.max_rms_spot_diameter_um"
CODE V> BUF PUT B1 I^row J2 ^post_aut_max_rms_spot_diameter_um
CODE V> BUF PUT B1 I^row J1 "post_aut.max_rms_wavefront_error_waves"
CODE V> BUF PUT B1 I^row J2 ^post_aut_max_rms_wavefront_error_waves
CODE V> BUF PUT B1 I^row J1 "post_aut.max_distortion_pct"
CODE V> BUF PUT B1 I^row J2 ^post_aut_max_distortion_pct
CODE V> BUF PUT B1 I^row J1 "post_aut.fno"
CODE V> BUF PUT B1 I^row J2 ^post_aut_fno
CODE V> BUF PUT B1 I^row J1 "post_aut.epd_mm"
CODE V> BUF PUT B1 I^row J2 ^post_aut_epd
CODE V> BUF PUT B1 I^row J1 "post_aut.maximh_mm"
CODE V> BUF PUT B1 I^row J2 ^post_aut_maximh
CODE V> BUF PUT B1 I^row J1 "efl_target_deviation_pct"
CODE V> BUF PUT B1 I^row J2 ^efl_target_dev_pct
CODE V> BUF PUT B1 I^row J1 "aut_converged"
CODE V> BUF PUT B1 I^row J2 ^aut_converged
CODE V> BUF EXP B1 "D:\atelier-wt-c\.planning\loop\p15-stageb-evidence\fno-matrix-2026-07-11\US8908290B1_loosen\rung1_fno0213\ray_retry\atelier_codev_target_A_vig0200.tsv"
     Buffer B1 exported to file atelier_codev_target_A_vig0200.tsv
CODE V> BUF DEL B1
CODE V> OUT YES
CODE V> EXI YES
     EXI                                                                              11-Jul-26  14H  2M 15S
                                                 CODE V PC  Version: 11.5             CPU clock:  0H  0M  4S
