  
  
                                   Welcome to
  
                                   C O D E   V
  
                                PC  Version 11.5
                                   Build 27302701
  
                                   11-Jul-2026
  
                            A proprietary product of
  
                              SYNOPSYS, INC
                              Pasadena, California
  
CODE V> OUT NO
     Radius input/output mode
  
    Lens data created by Zemax version 191028
  
    Zemax command MODE ignored
     WARNING - Vignetting angles not used.
     ERROR - No wavelength  2 in zoom position  1
  
     Surface pointer = OBJ
    Zemax surface type  STANDARD
    CODE V surface type SPH
    Zemax command FIMP ignored.
     WARNING - Hiding of rays not used.
    Zemax command MIRR ignored.
    Zemax command SLAB ignored.
    Zemax command MEMA ignored.
    Zemax command POPS ignored.
  
     Surface pointer = 1
    Zemax surface type  EVENASPH
    CODE V surface type ASP
    Zemax command FIMP ignored.
     WARNING - Hiding of rays not used.
    Zemax command MIRR ignored.
    Zemax command SLAB ignored.
     WARNING - Partial dispersion of model glass not used.
    Zemax command MEMA ignored.
    Zemax command POPS ignored.
  
     Surface pointer = 2
    Zemax surface type  EVENASPH
    CODE V surface type ASP
    Zemax command FIMP ignored.
     WARNING - Hiding of rays not used.
    Zemax command MIRR ignored.
    Zemax command SLAB ignored.
    Zemax command MEMA ignored.
    Zemax command POPS ignored.
  
     Surface pointer = 3
    Zemax surface type  EVENASPH
    CODE V surface type ASP
    Zemax command FIMP ignored.
     WARNING - Hiding of rays not used.
    Zemax command MIRR ignored.
    Zemax command SLAB ignored.
     WARNING - Partial dispersion of model glass not used.
    Zemax command MEMA ignored.
    Zemax command POPS ignored.
  
     Surface pointer = 4
    Zemax surface type  EVENASPH
    CODE V surface type ASP
    Zemax command FIMP ignored.
     WARNING - Hiding of rays not used.
    Zemax command MIRR ignored.
    Zemax command SLAB ignored.
    Zemax command MEMA ignored.
    Zemax command POPS ignored.
  
     Surface pointer = 5
    Zemax surface type  STANDARD
    CODE V surface type SPH
    Zemax command FIMP ignored.
     WARNING - Hiding of rays not used.
    Zemax command MIRR ignored.
    Zemax command SLAB ignored.
    Zemax command MEMA ignored.
    Zemax command POPS ignored.
  
     Surface pointer = 6
    Zemax surface type  EVENASPH
    CODE V surface type ASP
    Zemax command FIMP ignored.
     WARNING - Hiding of rays not used.
    Zemax command MIRR ignored.
    Zemax command SLAB ignored.
     WARNING - Partial dispersion of model glass not used.
    Zemax command MEMA ignored.
    Zemax command POPS ignored.
  
     Surface pointer = 7
    Zemax surface type  EVENASPH
    CODE V surface type ASP
    Zemax command FIMP ignored.
     WARNING - Hiding of rays not used.
    Zemax command MIRR ignored.
    Zemax command SLAB ignored.
    Zemax command MEMA ignored.
    Zemax command POPS ignored.
  
     Surface pointer = 8
    Zemax surface type  EVENASPH
    CODE V surface type ASP
    Zemax command FIMP ignored.
     WARNING - Hiding of rays not used.
    Zemax command MIRR ignored.
    Zemax command SLAB ignored.
     WARNING - Partial dispersion of model glass not used.
    Zemax command MEMA ignored.
    Zemax command POPS ignored.
  
     Surface pointer = 9
    Zemax surface type  EVENASPH
    CODE V surface type ASP
    Zemax command FIMP ignored.
     WARNING - Hiding of rays not used.
    Zemax command MIRR ignored.
    Zemax command SLAB ignored.
    Zemax command MEMA ignored.
    Zemax command POPS ignored.
  
     Surface pointer = 10
    Zemax surface type  STANDARD
    CODE V surface type SPH
    Zemax command FIMP ignored.
     WARNING - Hiding of rays not used.
    Zemax command MIRR ignored.
    Zemax command SLAB ignored.
     WARNING - Partial dispersion of model glass not used.
    Zemax command MEMA ignored.
    Zemax command POPS ignored.
  
     Surface pointer = 11
    Zemax surface type  STANDARD
    CODE V surface type SPH
    Zemax command FIMP ignored.
     WARNING - Hiding of rays not used.
    Zemax command MIRR ignored.
    Zemax command SLAB ignored.
    Zemax command MEMA ignored.
    Zemax command POPS ignored.
  
     Surface pointer = IMG
    Zemax surface type  STANDARD
    CODE V surface type SPH
    Zemax command FIMP ignored.
     WARNING - Hiding of rays not used.
    Zemax command MIRR ignored.
    Zemax command SLAB ignored.
    Zemax command MEMA ignored.
    Zemax command POPS ignored.
    Zemax command ! AT ignored.
    Zemax command ! AT ignored.
    Zemax command ! AT ignored.
    Zemax command ! AT ignored.
  
     WARNING - Please check the converted lens carefully.
               Some information will not be converted.
               Changes in either CODE V or ZEMAX may invalidate
               the converted information.
               Due to differences between CODE V and ZEMAX ray
               aiming and vignetting factors, it is recommended
               that you set vignetting for the converted system.
  
               A concise listing of conversion warnings appears
               in the Tabbed Output Window 'Info' tab and in the
               Command Window.
  
CODE V> DEF VAR SA
 
 
CODE V> VUY 0 0.5
CODE V> VLY 0 0.5
CODE V> VUX 0 0.5
CODE V> VLX 0 0.5
 
 
CODE V> AUT
     AUT                                                                              11-Jul-26  14H  3M  4S
                                                 CODE V PC  Version: 11.5             CPU clock:  0H  0M  0S
     WARNING - CODE V places the reference sphere at the exit pupil.  However,
               the aberrations of this lens make the OPD data (and any quantity
               that depends upon OPD data) very sensitive to the exact value of
               the reference sphere radius.  You can use the RSL command to
               reposition the reference sphere if that is appropriate for
               your application.
     ***Defocussing frozen to eliminate redundant variable
AUT>   SUR N
AUT>   CHG SA
AUT>   WFR Y
AUT>   WTF FA 10
AUT>   EFL = 19.6731294141371
AUT>   @atelier_latcolor == @lcum(1)
AUT>   @atelier_latcolor = 0
AUT>   WTC 0.01
AUT>   @atelier_rmsspot == @rmssum(1)
AUT>   @atelier_rmsspot = 0
AUT>   WTC 0.001
AUT>   MNT 0.025
AUT>   MNE 0.025
AUT>   MXT 10
AUT>   MNA 0.001
AUT>   MXC 25
AUT>   MNC 3
AUT>   IMP 0.001
AUT> GO
 -------------------------------------------------------------------------------
  
       USER CONSTRAINT DEFINITIONS
            @atelier_rmsspot == @rmssum(1)
  
            @atelier_latcolor == @lcum(1)
  
  
  
       POTENTIALLY ACTIVE SPECIFIC CONSTRAINTS
         EFL                                  =      19.673129
         @ATELIER_LATCOLOR                    =       0.000000     (WTC =    0.01000)
         @ATELIER_RMSSPOT                     =       0.000000     (WTC =    0.00100)
  
       GENERAL CONSTRAINTS
         MXT      10.000000
         MNT       0.025000
         MNE       0.025000
         MNA       0.001000
         MAE       0.002500
         GLA               NFK5  NSK16  NLAF2  SF4
  
       ERROR FUNCTION CONSTRUCTION
         WFR        Y
         WTW       1
         WTA       0.000000
         DEL       0.220000
         WTX F1   10.000000
         WTX F2   10.000000
         WTY F1   10.000000
         WTY F2   10.000000
  
       CONVERGENCE CONTROLS
         MXC        25
         MNC         3
         TAR       0.000000
         IMP       0.001000
  
       OUTPUT CONTROLS
         SUR NO
         CHG S0..12
  
     Recommendations for most stable convergence:
  
       Use object space aperture specifications:
       - NAO for finite conjugate systems
       - EPD for infinite conjugate systems
  
       VARIABLE LIST
  
         NO      PARAMETERS *
          1      CUY S1       CUY S2
          2      CUY S2       CUY S3
          3      CUY S3       CUY S4
          4      CUY S4
          5      CUY S6       CUY S7
          6      CUY S7
          7      CUY S8       CUY S9
          8      CUY S9
          9      A   S1
         10      A   S2
         11      A   S3
         12      A   S4
         13      A   S6
         14      A   S7
         15      A   S8
         16      A   S9
         17      THI S2
         18      THI S4
         19      THI S5
         20      THI S7
         21      THI S9
         22      THI S11
  
     * Multiple entries on a line are composite variables.
     Composite variables are either program-generated bendings
     or user-requested couplings.
  
      22 VARIABLES
  
      22 CONSTRAINTS CAN BE ACTIVE
  
     RELATIVE TIME PER CYCLE IS   58.4 UNITS
     WARNING - The macro function SPOTDATA is not supported on multiple threads.
               CODE V will set the multiple processor setting (MPP) to 1 to prevent errors.
               Please refer to the CODE V Setup and Operation Reference Manual for a complete list
               of pre-defined macro functions that are currently limited to running on a single thread.
  
 CYCLE NUMBER 0:
  
  ABERR F. =       32.77872475
  CONST F. =      0.229460E+07
  ERR. F.  =      0.229463E+07
  
  OPD    45.04482787     6.53561744
  WAV    46.69909764     6.72477894
  
  
  
  Parameter                 Value            Change
  CUY S1                1.11756817E-01      0.00E+00
  CUY S2               -7.53068755E-02      0.00E+00
  CUY S3               -5.15198351E-02      0.00E+00
  CUY S4                6.86059276E-02      0.00E+00
  CUY S6                1.06734977E-01      0.00E+00
  CUY S7                1.25134520E-02      0.00E+00
  CUY S8               -2.57440016E-02      0.00E+00
  CUY S9                1.05652404E-01      0.00E+00
  A   S1               -7.30400000E-04      0.00E+00
  A   S2               -1.16320000E-03      0.00E+00
  A   S3               -1.60550000E-02      0.00E+00
  A   S4               -1.55430000E-02      0.00E+00
  A   S6                0.00000000E+00      0.00E+00
  A   S7                0.00000000E+00      0.00E+00
  A   S8                0.00000000E+00      0.00E+00
  A   S9                0.00000000E+00      0.00E+00
  THI S2                5.00000000E-02      0.00E+00
  THI S4                2.20000000E-01      0.00E+00
  THI S5                6.09600000E+00      0.00E+00
  THI S7                3.83000000E+00      0.00E+00
  THI S9                4.00000000E+00      0.00E+00
  THI S11               6.76000000E-01      0.00E+00
  
        EFL          REDU         PIM          OAL         EN PUP       EX PUP
     19.682882     0.000000     0.690427    20.780000     3.129062   -10.505106
  
  Specific Constraints:        target        value         diff      active (**)
  EFL                    =   1.96731E+01   1.96829E+01   9.753E-03    **
  
  Weighted Constraints:        target        value        WTC/PTC     contrib
  @ATELIER_LATCOLOR      =   0.00000E+00   0.00000E+00   1.000E-02   0.000E+00
  @ATELIER_RMSSPOT       =   0.00000E+00   1.51479E+03   1.000E-03   2.295E+06
  
  Constraints added:      EFL (=)
  Constraints added:      Mn ET S4 (>)                Mn ET S11 (>)
  Constraints added:      Mn ET S9 (>)
  Constraints released:   Mn ET S4 (>)
  
 CYCLE NUMBER 1:
  
  ABERR F. =        5.74944856
  CONST F. =      0.239990E+06
  ERR. F.  =      0.239996E+06       (change =     -0.205463E+07)
  
  OPD     7.62937461     2.20008325
  WAV     7.99051030     2.30838842
  
  
  
  Parameter                 Value            Change
  CUY S1                1.12080729E-01      3.24E-04
  CUY S2               -7.09320902E-02      4.37E-03
  CUY S3               -4.59940257E-02      5.53E-03
  CUY S4                6.94458502E-02      8.40E-04
  CUY S6                1.09595302E-01      2.86E-03
  CUY S7                1.45754931E-02      2.06E-03
  CUY S8                1.02320007E-02      3.60E-02
  CUY S9                1.40416027E-01      3.48E-02
  A   S1               -3.14346806E-04      4.16E-04
  A   S2               -1.68375725E-03     -5.21E-04
  A   S3               -1.57579576E-02      2.97E-04
  A   S4               -1.58676058E-02     -3.25E-04
  A   S6                2.87095233E-04      2.87E-04
  A   S7               -3.29890932E-04     -3.30E-04
  A   S8                1.61056189E-04      1.61E-04
  A   S9                4.14160545E-04      4.14E-04
  THI S2                8.59000229E-03     -4.14E-02
  THI S4                2.40777269E-02     -1.96E-01
  THI S5                1.83980255E+01      1.23E+01
  THI S7                3.77130072E+00     -5.87E-02
  THI S9                6.19870411E-01     -3.38E+00
  THI S11               2.50000000E-03     -6.73E-01
  
        EFL          REDU         PIM          OAL         EN PUP       EX PUP
     20.023353     0.000000    -0.799599    29.405864     2.794438   -13.315534
  
  Active Constraints -   4:    target        value         diff        cost
  EFL                    =   1.96731E+01   2.00234E+01   3.502E-01   2.455E-04
  Mn ET S4                                                          -1.215E-08
  Mn ET S9                                                          -1.972E-09
  Mn ET S11                                                         -1.620E-08
  
  Weighted Constraints:        target        value        WTC/PTC     contrib
  @ATELIER_LATCOLOR      =   0.00000E+00   0.00000E+00   1.000E-02   0.000E+00
  @ATELIER_RMSSPOT       =   0.00000E+00   4.89888E+02   1.000E-03   2.400E+05
 RAY ERROR: REFL  9
 RAY ERROR: REFL  9
 RAY ERROR: REFL  9
 RAY ERROR: REFL  9
 RAY ERROR: REFL  9
 RAY ERROR: REFL  9
 RAY ERROR: REFL  9
 RAY ERROR: REFL  9
 RAY ERROR: REFL  9
  
  Constraints released:   Mn ET S9 (>)                Mn ET S11 (>)
  
 CYCLE NUMBER 2:
  
  ABERR F. =        2.81361960
  CONST F. =      0.231685E+06
  ERR. F.  =      0.231687E+06       (change =     -0.830869E+04)
  
  OPD     2.70745705     2.75177585
  WAV     2.92502643     2.86486430
  
  
  
  Parameter                 Value            Change
  CUY S1                1.09104774E-01     -2.98E-03
  CUY S2               -7.35990850E-02     -2.67E-03
  CUY S3               -4.51695817E-02      8.24E-04
  CUY S4                6.98696911E-02      4.24E-04
  CUY S6                1.10294834E-01      7.00E-04
  CUY S7                1.49054430E-02      3.30E-04
  CUY S8                1.26104521E-02      2.38E-03
  CUY S9                1.47950006E-01      7.53E-03
  A   S1               -2.99705591E-04      1.46E-05
  A   S2               -1.70102056E-03     -1.73E-05
  A   S3               -1.57492017E-02      8.76E-06
  A   S4               -1.58809202E-02     -1.33E-05
  A   S6                3.03852218E-04      1.68E-05
  A   S7               -3.53024222E-04     -2.31E-05
  A   S8                3.00707351E-04      1.40E-04
  A   S9                8.75227263E-04      4.61E-04
  THI S2                1.19978203E-02      3.41E-03
  THI S4                2.43670469E-02      2.89E-04
  THI S5                1.87638419E+01      3.66E-01
  THI S7                3.78573972E+00      1.44E-02
  THI S9                8.24214301E-01      2.04E-01
  THI S11               2.06843890E-01      2.04E-01
  
        EFL          REDU         PIM          OAL         EN PUP       EX PUP
     20.013474     0.000000    -1.112836    29.994161     2.789190   -13.205629
  
  Active Constraints -   2:    target        value         diff        cost
  EFL                    =   1.96731E+01   2.00135E+01   3.403E-01  -6.565E-01
  Mn ET S4                                                          -3.009E-02
  
  Weighted Constraints:        target        value        WTC/PTC     contrib
  @ATELIER_LATCOLOR      =   0.00000E+00   0.00000E+00   1.000E-02   0.000E+00
  @ATELIER_RMSSPOT       =   0.00000E+00   4.81336E+02   1.000E-03   2.317E+05
 RAY ERROR: REFL  9
 RAY ERROR: REFL  9
 RAY ERROR: REFL  9
 RAY ERROR: REFL  9
 RAY ERROR: REFL  9
 RAY ERROR: REFL  9
  
 CYCLE NUMBER 3:
  
  ABERR F. =        2.84259060
  CONST F. =      0.233506E+06
  ERR. F.  =      0.233509E+06       (change =      0.182131E+04)
  
  OPD     2.77920165     2.73526926
  WAV     3.00011602     2.84867151
  
  
  
  Parameter                 Value            Change
  CUY S1                1.09213285E-01      1.09E-04
  CUY S2               -7.34908398E-02      1.08E-04
  CUY S3               -4.51702800E-02     -6.98E-07
  CUY S4                6.98692932E-02     -3.98E-07
  CUY S6                1.10294461E-01     -3.72E-07
  CUY S7                1.49052099E-02     -2.33E-07
  CUY S8                1.26080735E-02     -2.38E-06
  CUY S9                1.47942057E-01     -7.95E-06
  A   S1               -3.00268017E-04     -5.62E-07
  A   S2               -1.70042438E-03      5.96E-07
  A   S3               -1.57501944E-02     -9.93E-07
  A   S4               -1.58806058E-02      3.14E-07
  A   S6                3.02968872E-04     -8.83E-07
  A   S7               -3.52553538E-04      4.71E-07
  A   S8                3.02287860E-04      1.58E-06
  A   S9                8.54525148E-04     -2.07E-05
  THI S2                1.19945501E-02     -3.27E-06
  THI S4                2.43880726E-02      2.10E-05
  THI S5                1.87519039E+01     -1.19E-02
  THI S7                3.78573355E+00     -6.17E-06
  THI S9                8.23954681E-01     -2.60E-04
  THI S11               2.06584270E-01     -2.60E-04
  
        EFL          REDU         PIM          OAL         EN PUP       EX PUP
     20.008034     0.000000    -1.111869    29.981975     2.789613   -13.199907
  
  Active Constraints -   2:    target        value         diff        cost
  EFL                    =   1.96731E+01   2.00080E+01   3.349E-01  -1.041E+02
  Mn ET S4                                                          -2.771E-02
  
  Weighted Constraints:        target        value        WTC/PTC     contrib
  @ATELIER_LATCOLOR      =   0.00000E+00   0.00000E+00   1.000E-02   0.000E+00
  @ATELIER_RMSSPOT       =   0.00000E+00   4.83224E+02   1.000E-03   2.335E+05
 RAY ERROR: REFL  9
  
 CYCLE NUMBER 4:
  
  ABERR F. =        3.64391890
  CONST F. =      0.113601E+06
  ERR. F.  =      0.113605E+06       (change =     -0.119904E+06)
  
  OPD     3.39964100     3.58315894
  WAV     3.94816836     3.62325260
  
  
  
  Parameter                 Value            Change
  CUY S1                6.33882492E-02     -4.58E-02
  CUY S2               -1.15296836E-01     -4.18E-02
  CUY S3               -3.71798755E-02      7.99E-03
  CUY S4                7.25802415E-02      2.71E-03
  CUY S6                1.15679579E-01      5.39E-03
  CUY S7                1.57914368E-02      8.86E-04
  CUY S8                3.35510861E-02      2.09E-02
  CUY S9                2.07430476E-01      5.95E-02
  A   S1               -2.81938919E-04      1.83E-05
  A   S2               -1.71977297E-03     -1.93E-05
  A   S3               -1.57017506E-02      4.84E-05
  A   S4               -1.58907490E-02     -1.01E-05
  A   S6               -3.20750606E-04     -6.24E-04
  A   S7               -7.07849093E-05      2.82E-04
  A   S8                1.10938147E-03      8.07E-04
  A   S9               -8.99662164E-03     -9.85E-03
  THI S2                6.58575194E-02      5.39E-02
  THI S4                2.69992491E-02      2.61E-03
  THI S5                1.74429517E+01     -1.31E+00
  THI S7                3.98391202E+00      1.98E-01
  THI S9                6.80989446E-01     -1.43E-01
  THI S11               6.36190347E-02     -1.43E-01
  
        EFL          REDU         PIM          OAL         EN PUP       EX PUP
     19.514060     0.000000    -0.111543    28.784710     2.708770    -9.947644
  
  Active Constraints -   2:    target        value         diff        cost
  EFL                    =   1.96731E+01   1.95141E+01  -1.591E-01   6.103E-01
  Mn ET S4                                                          -5.018E-02
  
  Weighted Constraints:        target        value        WTC/PTC     contrib
  @ATELIER_LATCOLOR      =   0.00000E+00   0.00000E+00   1.000E-02   0.000E+00
  @ATELIER_RMSSPOT       =   0.00000E+00   3.37047E+02   1.000E-03   1.136E+05
 RAY ERROR: REFL  9
  
  Constraints released:   Mn ET S4 (>)
  
 CYCLE NUMBER 5:
  
  ABERR F. =        4.81225322
  CONST F. =    50985.04424614
  ERR. F.  =    50989.85649936       (change =   -62614.69494239)
  
  OPD     3.45945646     5.80793672
  WAV     3.58176067     5.83970434
  
  
  
  Parameter                 Value            Change
  CUY S1                6.78386345E-02      4.45E-03
  CUY S2               -1.06795902E-01      8.50E-03
  CUY S3               -3.00187010E-02      7.16E-03
  CUY S4                7.52502369E-02      2.67E-03
  CUY S6                1.21403836E-01      5.72E-03
  CUY S7                2.04053102E-02      4.61E-03
  CUY S8                1.90754034E-02     -1.45E-02
  CUY S9                1.83624759E-01     -2.38E-02
  A   S1               -3.25164249E-04     -4.32E-05
  A   S2               -1.68169531E-03      3.81E-05
  A   S3               -1.57345439E-02     -3.28E-05
  A   S4               -1.58634849E-02      2.73E-05
  A   S6               -4.90541532E-04     -1.70E-04
  A   S7               -8.52871361E-06      6.23E-05
  A   S8                1.30441241E-03      1.95E-04
  A   S9               -9.45399162E-03     -4.57E-04
  THI S2                8.49869774E-02      1.91E-02
  THI S4                4.32418029E-02      1.62E-02
  THI S5                1.72346173E+01     -2.08E-01
  THI S7                3.49658898E+00     -4.87E-01
  THI S9                6.38708088E-01     -4.23E-02
  THI S11               2.13376774E-02     -4.23E-02
  
        EFL          REDU         PIM          OAL         EN PUP       EX PUP
     19.673144     0.000000     0.045926    28.082143     2.772998   -10.485893
  
  Active Constraints -   1:    target        value         diff        cost
  EFL                    =   1.96731E+01   1.96731E+01   1.438E-05   2.482E-01
  
  Weighted Constraints:        target        value        WTC/PTC     contrib
  @ATELIER_LATCOLOR      =   0.00000E+00   0.00000E+00   1.000E-02   0.000E+00
  @ATELIER_RMSSPOT       =   0.00000E+00   2.25799E+02   1.000E-03   5.099E+04
  
 CYCLE NUMBER 6:
  
  ABERR F. =        1.57837675
  CONST F. =    45369.91662200
  ERR. F.  =    45371.49499876       (change =    -5618.36150060)
  
  OPD     1.42680982     1.44220010
  WAV     1.91865341     1.47245863
  
  
  
  Parameter                 Value            Change
  CUY S1                6.15179733E-02     -6.32E-03
  CUY S2               -1.07651087E-01     -8.55E-04
  CUY S3               -2.26500371E-02      7.37E-03
  CUY S4                7.56730290E-02      4.23E-04
  CUY S6                1.30051702E-01      8.65E-03
  CUY S7                3.18659386E-02      1.15E-02
  CUY S8                5.31377265E-02      3.41E-02
  CUY S9                2.19700626E-01      3.61E-02
  A   S1                3.52799670E-05      3.60E-04
  A   S2               -1.98690102E-03     -3.05E-04
  A   S3               -1.54818145E-02      2.53E-04
  A   S4               -1.47924434E-02      1.07E-03
  A   S6               -3.12139312E-04      1.78E-04
  A   S7               -2.61944691E-04     -2.53E-04
  A   S8                1.51291725E-03      2.09E-04
  A   S9               -9.55937634E-03     -1.05E-04
  THI S2                1.29116383E-01      4.41E-02
  THI S4                1.22511566E+00      1.18E+00
  THI S5                1.80502426E+01      8.16E-01
  THI S7                2.95774235E+00     -5.39E-01
  THI S9                7.12563055E-01      7.39E-02
  THI S11               9.51926441E-02      7.39E-02
  
        EFL          REDU         PIM          OAL         EN PUP       EX PUP
     19.640049     0.000000    -0.799617    29.658780     4.430879   -10.624081
  
  Active Constraints -   1:    target        value         diff        cost
  EFL                    =   1.96731E+01   1.96400E+01  -3.308E-02   1.550E-04
  
  Weighted Constraints:        target        value        WTC/PTC     contrib
  @ATELIER_LATCOLOR      =   0.00000E+00   0.00000E+00   1.000E-02   0.000E+00
  @ATELIER_RMSSPOT       =   0.00000E+00   2.13002E+02   1.000E-03   4.537E+04
  
 CYCLE NUMBER 7:
  
  ABERR F. =        3.12395581
  CONST F. =    34381.11494178
  ERR. F.  =    34384.23889758       (change =   -10987.25610117)
  
  OPD     0.43687859     4.37288685
  WAV     0.54667012     4.40732901
  
  
  
  Parameter                 Value            Change
  CUY S1                6.39253170E-02      2.41E-03
  CUY S2               -9.32102568E-02      1.44E-02
  CUY S3               -1.96022656E-02      3.05E-03
  CUY S4                6.57570259E-02     -9.92E-03
  CUY S6                1.85967424E-01      5.59E-02
  CUY S7                1.18581463E-01      8.67E-02
  CUY S8               -4.52149842E-02     -9.84E-02
  CUY S9                1.64206537E-01     -5.55E-02
  A   S1                2.07818702E-05     -1.45E-05
  A   S2               -1.96225854E-03      2.46E-05
  A   S3               -1.55054980E-02     -2.37E-05
  A   S4               -1.47669831E-02      2.55E-05
  A   S6               -3.92473097E-04     -8.03E-05
  A   S7               -1.51481650E-04      1.10E-04
  A   S8                8.33984259E-05     -1.43E-03
  A   S9               -8.45523341E-03      1.10E-03
  THI S2                1.23733768E-01     -5.38E-03
  THI S4                1.06437160E+00     -1.61E-01
  THI S5                1.80832686E+01      3.30E-02
  THI S7                2.89642135E+00     -6.13E-02
  THI S9                7.17407879E-01      4.84E-03
  THI S11               1.00037468E-01      4.84E-03
  
        EFL          REDU         PIM          OAL         EN PUP       EX PUP
     18.975650     0.000000    -1.184979    29.469203     4.189162    -7.561922
  
  Active Constraints -   1:    target        value         diff        cost
  EFL                    =   1.96731E+01   1.89756E+01  -6.975E-01   8.422E-05
  
  Weighted Constraints:        target        value        WTC/PTC     contrib
  @ATELIER_LATCOLOR      =   0.00000E+00   0.00000E+00   1.000E-02   0.000E+00
  @ATELIER_RMSSPOT       =   0.00000E+00   1.85421E+02   1.000E-03   3.438E+04
 RAY ERROR: MISS  6
  
  Constraints added:      Mn ET S11 (>)
 RAY ERROR: MISS  6
  Constraints released:   Mn ET S11 (>)
  
 CYCLE NUMBER 8:
  
  ABERR F. =        2.79962886
  CONST F. =    31989.81516442
  ERR. F.  =    31992.61479328       (change =    -2391.62410430)
  
  OPD     1.73618412     3.51731987
  WAV     1.82530627     3.55444366
  
  
  
  Parameter                 Value            Change
  CUY S1                6.51287133E-02      1.20E-03
  CUY S2               -9.92324906E-02     -6.02E-03
  CUY S3               -2.78459759E-02     -8.24E-03
  CUY S4                6.49081509E-02     -8.49E-04
  CUY S6                1.83774116E-01     -2.19E-03
  CUY S7                1.15746888E-01     -2.83E-03
  CUY S8               -4.50554603E-02      1.60E-04
  CUY S9                1.64930882E-01      7.24E-04
  A   S1                8.28912922E-06     -1.25E-05
  A   S2               -1.94822705E-03      1.40E-05
  A   S3               -1.55187922E-02     -1.33E-05
  A   S4               -1.47455512E-02      2.14E-05
  A   S6               -3.73851270E-04      1.86E-05
  A   S7               -1.96858983E-04     -4.54E-05
  A   S8                4.06442804E-05     -4.28E-05
  A   S9               -8.43666603E-03      1.86E-05
  THI S2                1.20955989E-01     -2.78E-03
  THI S4                1.04448483E+00     -1.99E-02
  THI S5                1.80665416E+01     -1.67E-02
  THI S7                2.92215435E+00      2.57E-02
  THI S9                7.12989734E-01     -4.42E-03
  THI S11               9.56193226E-02     -4.42E-03
  
        EFL          REDU         PIM          OAL         EN PUP       EX PUP
     19.673130     0.000000    -0.942431    29.451126     4.161048    -7.542940
  
  Active Constraints -   1:    target        value         diff        cost
  EFL                    =   1.96731E+01   1.96731E+01   6.540E-07   2.281E-01
  
  Weighted Constraints:        target        value        WTC/PTC     contrib
  @ATELIER_LATCOLOR      =   0.00000E+00   0.00000E+00   1.000E-02   0.000E+00
  @ATELIER_RMSSPOT       =   0.00000E+00   1.78857E+02   1.000E-03   3.199E+04
  
 CYCLE NUMBER 9:
  
  ABERR F. =        1.25665197
  CONST F. =    28332.64791351
  ERR. F.  =    28333.90456548       (change =    -3658.71022780)
  
  OPD     0.35397871     1.72124838
  WAV     0.37613279     1.75704977
  
  
  
  Parameter                 Value            Change
  CUY S1                6.34622021E-02     -1.67E-03
  CUY S2               -9.30797349E-02      6.15E-03
  CUY S3               -3.91312304E-02     -1.13E-02
  CUY S4                4.54668746E-02     -1.94E-02
  CUY S6                1.84963886E-01      1.19E-03
  CUY S7                1.14049043E-01     -1.70E-03
  CUY S8               -4.32780468E-02      1.78E-03
  CUY S9                1.68218224E-01      3.29E-03
  A   S1                3.05768757E-05      2.23E-05
  A   S2               -1.96723310E-03     -1.90E-05
  A   S3               -1.55019825E-02      1.68E-05
  A   S4               -1.47588148E-02     -1.33E-05
  A   S6               -3.12250366E-04      6.16E-05
  A   S7               -3.32245133E-04     -1.35E-04
  A   S8               -1.81201181E-04     -2.22E-04
  A   S9               -8.36778866E-03      6.89E-05
  THI S2                1.41468262E-01      2.05E-02
  THI S4                8.93890478E-01     -1.51E-01
  THI S5                1.79054631E+01     -1.61E-01
  THI S7                3.00569717E+00      8.35E-02
  THI S9                6.82920174E-01     -3.01E-02
  THI S11               6.55497630E-02     -3.01E-02
  
        EFL          REDU         PIM          OAL         EN PUP       EX PUP
     19.545355     0.000000    -0.745380    29.213439     3.935909    -7.531137
  
  Active Constraints -   1:    target        value         diff        cost
  EFL                    =   1.96731E+01   1.95454E+01  -1.278E-01   2.931E-02
  
  Weighted Constraints:        target        value        WTC/PTC     contrib
  @ATELIER_LATCOLOR      =   0.00000E+00   0.00000E+00   1.000E-02   0.000E+00
  @ATELIER_RMSSPOT       =   0.00000E+00   1.68323E+02   1.000E-03   2.833E+04
  
 CYCLE NUMBER 10:
  
  ABERR F. =        0.81047842
  CONST F. =    23291.50454978
  ERR. F.  =    23292.31502820       (change =    -5041.58953728)
  
  OPD     0.26182595     1.08511153
  WAV     0.28620624     1.13998562
  
  
  
  Parameter                 Value            Change
  CUY S1                5.02815382E-02     -1.32E-02
  CUY S2               -9.85913069E-02     -5.51E-03
  CUY S3               -3.02340118E-02      8.90E-03
  CUY S4                4.73526464E-02      1.89E-03
  CUY S6                1.82234207E-01     -2.73E-03
  CUY S7                1.13336294E-01     -7.13E-04
  CUY S8               -4.45881410E-02     -1.31E-03
  CUY S9                1.65422574E-01     -2.80E-03
  A   S1               -1.42356508E-05     -4.48E-05
  A   S2               -1.90245038E-03      6.48E-05
  A   S3               -1.55644919E-02     -6.25E-05
  A   S4               -1.47164388E-02      4.24E-05
  A   S6               -1.70155763E-04      1.42E-04
  A   S7               -3.09871591E-04      2.24E-05
  A   S8               -2.32220718E-05      1.58E-04
  A   S9               -8.42664318E-03     -5.89E-05
  THI S2                2.04023845E-01      6.26E-02
  THI S4                1.01723867E+00      1.23E-01
  THI S5                1.78732830E+01     -3.22E-02
  THI S7                3.00180362E+00     -3.89E-03
  THI S9                7.40849731E-01      5.79E-02
  THI S11               1.23479320E-01      5.79E-02
  
        EFL          REDU         PIM          OAL         EN PUP       EX PUP
     19.672965     0.000000    -0.801679    29.421199     4.123661    -7.555808
  
  Active Constraints -   1:    target        value         diff        cost
  EFL                    =   1.96731E+01   1.96730E+01  -1.640E-04   2.105E-05
  
  Weighted Constraints:        target        value        WTC/PTC     contrib
  @ATELIER_LATCOLOR      =   0.00000E+00   0.00000E+00   1.000E-02   0.000E+00
  @ATELIER_RMSSPOT       =   0.00000E+00   1.52616E+02   1.000E-03   2.329E+04
  
 CYCLE NUMBER 11:
  
  ABERR F. =        2.53022199
  CONST F. =    18962.36518106
  ERR. F.  =    18964.89540305       (change =    -4327.41962515)
  
  OPD     0.18976171     3.56520737
  WAV     0.20990324     3.58012862
  
  
  
  Parameter                 Value            Change
  CUY S1                6.35524357E-02      1.33E-02
  CUY S2               -9.50017576E-02      3.59E-03
  CUY S3               -3.59581192E-02     -5.72E-03
  CUY S4                5.26215397E-02      5.27E-03
  CUY S6                2.22083176E-01      3.98E-02
  CUY S7                1.61772636E-01      4.84E-02
  CUY S8               -4.26750470E-02      1.91E-03
  CUY S9                1.69575590E-01      4.15E-03
  A   S1                9.94721831E-05      1.14E-04
  A   S2               -1.85270972E-03      4.97E-05
  A   S3               -1.56381060E-02     -7.36E-05
  A   S4               -1.49221412E-02     -2.06E-04
  A   S6                6.32807265E-05      2.33E-04
  A   S7               -3.34855787E-04     -2.50E-05
  A   S8               -2.53080908E-04     -2.30E-04
  A   S9               -8.37327026E-03      5.34E-05
  THI S2                1.68502449E-01     -3.55E-02
  THI S4                8.25407007E-01     -1.92E-01
  THI S5                1.84825026E+01      6.09E-01
  THI S7                2.76562213E+00     -2.36E-01
  THI S9                6.88605369E-01     -5.22E-02
  THI S11               7.12349577E-02     -5.22E-02
  
        EFL          REDU         PIM          OAL         EN PUP       EX PUP
     19.463681     0.000000    -0.734687    29.514640     3.893697    -7.560040
  
  Active Constraints -   1:    target        value         diff        cost
  EFL                    =   1.96731E+01   1.94637E+01  -2.094E-01   8.596E-06
  
  Weighted Constraints:        target        value        WTC/PTC     contrib
  @ATELIER_LATCOLOR      =   0.00000E+00   0.00000E+00   1.000E-02   0.000E+00
  @ATELIER_RMSSPOT       =   0.00000E+00   1.37704E+02   1.000E-03   1.896E+04
 RAY ERROR: REFL  9
     Derivative scaled for variable  13
  
 CYCLE NUMBER 12:
  
  ABERR F. =        2.09592779
  CONST F. =    17690.05272797
  ERR. F.  =    17692.14865576       (change =    -1272.74674730)
  
  OPD     1.13758320     2.69342180
  WAV     1.29876537     2.70855038
  
  
  
  Parameter                 Value            Change
  CUY S1                5.98492832E-02     -3.70E-03
  CUY S2               -9.39639829E-02      1.04E-03
  CUY S3               -3.55469554E-02      4.11E-04
  CUY S4                4.87419753E-02     -3.88E-03
  CUY S6                2.20803174E-01     -1.28E-03
  CUY S7                1.54713856E-01     -7.06E-03
  CUY S8               -3.44790349E-02      8.20E-03
  CUY S9                1.81488750E-01      1.19E-02
  A   S1                6.83449300E-05     -3.11E-05
  A   S2               -1.92909177E-03     -7.64E-05
  A   S3               -1.55879656E-02      5.01E-05
  A   S4               -1.49045622E-02      1.76E-05
  A   S6                1.12924087E-04      4.96E-05
  A   S7               -1.71864138E-04      1.63E-04
  A   S8               -4.41572664E-04     -1.88E-04
  A   S9               -8.16168454E-03      2.12E-04
  THI S2                2.01030552E-01      3.25E-02
  THI S4                5.41393982E-01     -2.84E-01
  THI S5                1.84129125E+01     -6.96E-02
  THI S7                2.66512072E+00     -1.01E-01
  THI S9                6.58314610E-01     -3.03E-02
  THI S11               4.09441991E-02     -3.03E-02
  
        EFL          REDU         PIM          OAL         EN PUP       EX PUP
     19.655875     0.000000    -0.435394    29.062772     3.532219    -7.562039
  
  Active Constraints -   1:    target        value         diff        cost
  EFL                    =   1.96731E+01   1.96559E+01  -1.725E-02  -5.148E-02
  
  Weighted Constraints:        target        value        WTC/PTC     contrib
  @ATELIER_LATCOLOR      =   0.00000E+00   0.00000E+00   1.000E-02   0.000E+00
  @ATELIER_RMSSPOT       =   0.00000E+00   1.33004E+02   1.000E-03   1.769E+04
  
 CYCLE NUMBER 13:
  
  ABERR F. =        1.25541462
  CONST F. =    15044.04997643
  ERR. F.  =    15045.30539105       (change =    -2646.84326470)
  
  OPD     0.56979160     1.65558705
  WAV     0.65491793     1.67622047
  
  
  
  Parameter                 Value            Change
  CUY S1                6.02210646E-02      3.72E-04
  CUY S2               -9.47908314E-02     -8.27E-04
  CUY S3               -3.80393768E-02     -2.49E-03
  CUY S4                4.75301700E-02     -1.21E-03
  CUY S6                2.19932580E-01     -8.71E-04
  CUY S7                1.51358522E-01     -3.36E-03
  CUY S8               -1.21490928E-02      2.23E-02
  CUY S9                1.95060303E-01      1.36E-02
  A   S1                6.39151084E-05     -4.43E-06
  A   S2               -1.92567114E-03      3.42E-06
  A   S3               -1.55908793E-02     -2.91E-06
  A   S4               -1.49012982E-02      3.26E-06
  A   S6               -1.80499627E-05     -1.31E-04
  A   S7               -8.08399953E-05      9.10E-05
  A   S8                7.49295621E-05      5.17E-04
  A   S9               -8.68159272E-03     -5.20E-04
  THI S2                1.99250992E-01     -1.78E-03
  THI S4                4.88913787E-01     -5.25E-02
  THI S5                1.83884341E+01     -2.45E-02
  THI S7                2.63548372E+00     -2.96E-02
  THI S9                6.35525895E-01     -2.28E-02
  THI S11               1.81554844E-02     -2.28E-02
  
        EFL          REDU         PIM          OAL         EN PUP       EX PUP
     19.650695     0.000000    -0.297506    28.931608     3.460381    -7.900844
  
  Active Constraints -   1:    target        value         diff        cost
  EFL                    =   1.96731E+01   1.96507E+01  -2.243E-02  -1.340E-01
  
  Weighted Constraints:        target        value        WTC/PTC     contrib
  @ATELIER_LATCOLOR      =   0.00000E+00   0.00000E+00   1.000E-02   0.000E+00
  @ATELIER_RMSSPOT       =   0.00000E+00   1.22654E+02   1.000E-03   1.504E+04
  
  Constraints added:      Mn ET S4 (>)
  Constraints released:   Mn ET S4 (>)
  Constraints added:      Mn ET S11 (>)
  Constraints released:   Mn ET S11 (>)
  Constraints added:      Mn ET S4 (>)
  Constraints released:   Mn ET S4 (>)
  Constraints added:      Mn ET S11 (>)
  Constraints released:   Mn ET S11 (>)
  Constraints added:      Mn ET S4 (>)
  
 CYCLE NUMBER 14:
  
  ABERR F. =        1.52126444
  CONST F. =    13915.34601246
  ERR. F.  =    13916.86727689       (change =    -1128.43811416)
  
  OPD     1.34691200     1.65079495
  WAV     1.38337063     1.67450643
  
  
  
  Parameter                 Value            Change
  CUY S1                6.01327518E-02     -8.83E-05
  CUY S2               -9.31964806E-02      1.59E-03
  CUY S3               -3.62299149E-02      1.81E-03
  CUY S4                4.76664828E-02      1.36E-04
  CUY S6                2.20361443E-01      4.29E-04
  CUY S7                1.51768184E-01      4.10E-04
  CUY S8               -1.28662164E-02     -7.17E-04
  CUY S9                1.94678551E-01     -3.82E-04
  A   S1                6.28866486E-05     -1.03E-06
  A   S2               -1.92468683E-03      9.84E-07
  A   S3               -1.55917321E-02     -8.53E-07
  A   S4               -1.49006581E-02      6.40E-07
  A   S6               -1.37537298E-05      4.30E-06
  A   S7               -5.80878879E-05      2.28E-05
  A   S8                6.17285405E-05     -1.32E-05
  A   S9               -8.63683694E-03      4.48E-05
  THI S2                1.98469035E-01     -7.82E-04
  THI S4                1.06163526E-02     -4.78E-01
  THI S5                1.83807373E+01     -7.70E-03
  THI S7                2.63543640E+00     -4.73E-05
  THI S9                6.25894505E-01     -9.63E-03
  THI S11               8.52409409E-03     -9.63E-03
  
        EFL          REDU         PIM          OAL         EN PUP       EX PUP
     19.673133     0.000000    -0.137700    28.435154     2.837118    -7.882809
  
  Active Constraints -   2:    target        value         diff        cost
  EFL                    =   1.96731E+01   1.96731E+01   4.062E-06  -3.949E-01
  Mn ET S4                                                           2.710E-02
  
  Weighted Constraints:        target        value        WTC/PTC     contrib
  @ATELIER_LATCOLOR      =   0.00000E+00   0.00000E+00   1.000E-02   0.000E+00
  @ATELIER_RMSSPOT       =   0.00000E+00   1.17963E+02   1.000E-03   1.392E+04
 RAY ERROR: REFL  9
  
  Constraints released:   Mn ET S4 (>)
  
 CYCLE NUMBER 15:
  
  ABERR F. =        1.49406378
  CONST F. =    12620.01112827
  ERR. F.  =    12621.50519205       (change =    -1295.36208485)
  
  OPD     1.66522883     1.25911966
  WAV     1.70739850     1.28659525
  
  
  
  Parameter                 Value            Change
  CUY S1                5.98911620E-02     -2.42E-04
  CUY S2               -9.60419657E-02     -2.85E-03
  CUY S3               -3.86184996E-02     -2.39E-03
  CUY S4                4.82925770E-02      6.26E-04
  CUY S6                2.20809709E-01      4.48E-04
  CUY S7                1.47835915E-01     -3.93E-03
  CUY S8               -1.98058785E-02     -6.94E-03
  CUY S9                1.84548557E-01     -1.01E-02
  A   S1                7.28701873E-05      9.98E-06
  A   S2               -1.93134882E-03     -6.66E-06
  A   S3               -1.55848119E-02      6.92E-06
  A   S4               -1.48880675E-02      1.26E-05
  A   S6                7.18222324E-06      2.09E-05
  A   S7               -9.16825635E-05     -3.36E-05
  A   S8                1.79274638E-04      1.18E-04
  A   S9               -8.80951144E-03     -1.73E-04
  THI S2                1.99643516E-01      1.17E-03
  THI S4                1.04904432E-01      9.43E-02
  THI S5                1.81653608E+01     -2.15E-01
  THI S7                2.64692773E+00      1.15E-02
  THI S9                6.30035122E-01      4.14E-03
  THI S11               1.26647114E-02      4.14E-03
  
        EFL          REDU         PIM          OAL         EN PUP       EX PUP
     19.673175     0.000000    -0.015438    28.330872     2.959210    -8.128018
  
  Active Constraints -   1:    target        value         diff        cost
  EFL                    =   1.96731E+01   1.96732E+01   4.529E-05   7.404E-03
  
  Weighted Constraints:        target        value        WTC/PTC     contrib
  @ATELIER_LATCOLOR      =   0.00000E+00   0.00000E+00   1.000E-02   0.000E+00
  @ATELIER_RMSSPOT       =   0.00000E+00   1.12339E+02   1.000E-03   1.262E+04
 RAY ERROR: MISS  6
  
  Constraints added:      Mn ET S4 (>)
 RAY ERROR: MISS  6
  Constraints added:      Mn ET S11 (>)
 RAY ERROR: MISS  6
  
 CYCLE NUMBER 16:
  
  ABERR F. =        2.44198468
  CONST F. =    12133.27141783
  ERR. F.  =    12135.71340251       (change =     -485.79178954)
  
  OPD     2.74372777     2.03845670
  WAV     2.81469792     2.06089410
  
  
  
  Parameter                 Value            Change
  CUY S1                5.82871184E-02     -1.60E-03
  CUY S2               -9.58864104E-02      1.56E-04
  CUY S3               -3.44775030E-02      4.14E-03
  CUY S4                5.04820966E-02      2.19E-03
  CUY S6                2.21920845E-01      1.11E-03
  CUY S7                1.51645886E-01      3.81E-03
  CUY S8               -1.55600191E-02      4.25E-03
  CUY S9                1.91449555E-01      6.90E-03
  A   S1                6.38051695E-05     -9.07E-06
  A   S2               -1.92177678E-03      9.57E-06
  A   S3               -1.55926550E-02     -7.84E-06
  A   S4               -1.48671721E-02      2.09E-05
  A   S6                3.39108197E-05      2.67E-05
  A   S7               -5.65997804E-07      9.11E-05
  A   S8                4.50844767E-06     -1.75E-04
  A   S9               -8.55749382E-03      2.52E-04
  THI S2                1.87130221E-01     -1.25E-02
  THI S4                1.28608430E-02     -9.20E-02
  THI S5                1.82196900E+01      5.43E-02
  THI S7                2.63104360E+00     -1.59E-02
  THI S9                5.98197745E-01     -3.18E-02
  THI S11               2.50000000E-03     -1.02E-02
  
        EFL          REDU         PIM          OAL         EN PUP       EX PUP
     19.673354     0.000000    -0.004472    28.232922     2.819898    -7.918888
  
  Active Constraints -   3:    target        value         diff        cost
  EFL                    =   1.96731E+01   1.96734E+01   2.245E-04   9.580E-02
  Mn ET S4                                                          -1.499E-04
  Mn ET S11                                                         -2.421E-03
  
  Weighted Constraints:        target        value        WTC/PTC     contrib
  @ATELIER_LATCOLOR      =   0.00000E+00   0.00000E+00   1.000E-02   0.000E+00
  @ATELIER_RMSSPOT       =   0.00000E+00   1.10151E+02   1.000E-03   1.213E+04
 RAY ERROR: REFL  9
  
  Constraints released:   Mn ET S4 (>)                Mn ET S11 (>)
  
 CYCLE NUMBER 17:
  
  ABERR F. =        1.91456224
  CONST F. =     9960.11839555
  ERR. F.  =     9962.03295779       (change =    -2173.68044472)
  
  OPD     2.16477077     1.57894777
  WAV     2.21795653     1.60111042
  
  
  
  Parameter                 Value            Change
  CUY S1                5.79165420E-02     -3.71E-04
  CUY S2               -9.68280276E-02     -9.42E-04
  CUY S3               -3.45321874E-02     -5.47E-05
  CUY S4                5.09531247E-02      4.71E-04
  CUY S6                2.22266336E-01      3.45E-04
  CUY S7                1.51515515E-01     -1.30E-04
  CUY S8               -3.33756547E-02     -1.78E-02
  CUY S9                1.72434438E-01     -1.90E-02
  A   S1                6.71491131E-05      3.34E-06
  A   S2               -1.92463763E-03     -2.86E-06
  A   S3               -1.55898423E-02      2.81E-06
  A   S4               -1.48706641E-02     -3.49E-06
  A   S6                7.89489473E-05      4.50E-05
  A   S7               -2.36007431E-05     -2.30E-05
  A   S8                5.91724894E-05      5.47E-05
  A   S9               -8.67625952E-03     -1.19E-04
  THI S2                1.88050506E-01      9.20E-04
  THI S4                4.65688631E-02      3.37E-02
  THI S5                1.82766692E+01      5.70E-02
  THI S7                2.63563266E+00      4.59E-03
  THI S9                6.02534600E-01      4.34E-03
  THI S11               6.83685457E-03      4.34E-03
  
        EFL          REDU         PIM          OAL         EN PUP       EX PUP
     19.673211     0.000000    -0.052210    28.333456     2.863154    -8.005219
  
  Active Constraints -   1:    target        value         diff        cost
  EFL                    =   1.96731E+01   1.96732E+01   8.177E-05   2.209E-01
  
  Weighted Constraints:        target        value        WTC/PTC     contrib
  @ATELIER_LATCOLOR      =   0.00000E+00   0.00000E+00   1.000E-02   0.000E+00
  @ATELIER_RMSSPOT       =   0.00000E+00   9.98004E+01   1.000E-03   9.960E+03
  
  Constraints added:      Mn ET S4 (>)
 RAY ERROR: MISS  6
  
 CYCLE NUMBER 18:
  
  ABERR F. =        2.06235357
  CONST F. =     9509.52936510
  ERR. F.  =     9511.59171866       (change =     -450.44123913)
  
  OPD     2.53281005     1.37499827
  WAV     2.59827081     1.39873185
  
  
  
  Parameter                 Value            Change
  CUY S1                5.89833466E-02      1.07E-03
  CUY S2               -9.52299250E-02      1.60E-03
  CUY S3               -3.30778310E-02      1.45E-03
  CUY S4                5.23100844E-02      1.36E-03
  CUY S6                2.22435952E-01      1.70E-04
  CUY S7                1.51262537E-01     -2.53E-04
  CUY S8               -3.28646914E-02      5.11E-04
  CUY S9                1.72012832E-01     -4.22E-04
  A   S1                7.50411307E-05      7.89E-06
  A   S2               -1.91571050E-03      8.93E-06
  A   S3               -1.55966884E-02     -6.85E-06
  A   S4               -1.48674081E-02      3.26E-06
  A   S6                8.98887344E-05      1.09E-05
  A   S7               -5.25603092E-05     -2.90E-05
  A   S8                2.19728405E-04      1.61E-04
  A   S9               -8.48613484E-03      1.90E-04
  THI S2                1.89375933E-01      1.33E-03
  THI S4                3.10039264E-02     -1.56E-02
  THI S5                1.83079495E+01      3.13E-02
  THI S7                2.64633322E+00      1.07E-02
  THI S9                6.11234929E-01      8.70E-03
  THI S11               1.55371835E-02      8.70E-03
  
        EFL          REDU         PIM          OAL         EN PUP       EX PUP
     19.672042     0.000000    -0.062962    28.369897     2.849402    -8.072911
  
  Active Constraints -   2:    target        value         diff        cost
  EFL                    =   1.96731E+01   1.96720E+01  -1.087E-03   5.728E-02
  Mn ET S4                                                          -2.163E-04
  
  Weighted Constraints:        target        value        WTC/PTC     contrib
  @ATELIER_LATCOLOR      =   0.00000E+00   0.00000E+00   1.000E-02   0.000E+00
  @ATELIER_RMSSPOT       =   0.00000E+00   9.75168E+01   1.000E-03   9.510E+03
  
  Constraints released:   Mn ET S4 (>)
  Constraints released:   Mn ET S4 (>)
  
 CYCLE NUMBER 19:
  
  ABERR F. =        2.06410395
  CONST F. =     9511.96728769
  ERR. F.  =     9514.03139165       (change =        2.43967298)
  
  OPD     2.53525698     1.37561335
  WAV     2.60078529     1.39934854
  
  
  
  Parameter                 Value            Change
  CUY S1                5.89833170E-02     -2.96E-08
  CUY S2               -9.52357584E-02     -5.83E-06
  CUY S3               -3.30837722E-02     -5.94E-06
  CUY S4                5.23099433E-02     -1.41E-07
  CUY S6                2.22435858E-01     -9.44E-08
  CUY S7                1.51268215E-01      5.68E-06
  CUY S8               -3.28675046E-02     -2.81E-06
  CUY S9                1.72010587E-01     -2.24E-06
  A   S1                7.50404809E-05     -6.50E-10
  A   S2               -1.91571088E-03     -3.81E-10
  A   S3               -1.55966880E-02      4.34E-10
  A   S4               -1.48674120E-02     -3.91E-09
  A   S6                8.98933494E-05      4.62E-09
  A   S7               -5.24874391E-05      7.29E-08
  A   S8                2.19715459E-04     -1.29E-08
  A   S9               -8.48617023E-03     -3.54E-08
  THI S2                1.89351287E-01     -2.46E-05
  THI S4                3.10072609E-02      3.33E-06
  THI S5                1.83076472E+01     -3.02E-04
  THI S7                2.64632018E+00     -1.30E-05
  THI S9                6.11232239E-01     -2.69E-06
  THI S11               1.55344936E-02     -2.69E-06
  
        EFL          REDU         PIM          OAL         EN PUP       EX PUP
     19.673127     0.000000    -0.062541    28.369558     2.849374    -8.072604
  
  Active Constraints -   1:    target        value         diff        cost
  EFL                    =   1.96731E+01   1.96731E+01  -2.152E-06   7.536E-01
  
  Weighted Constraints:        target        value        WTC/PTC     contrib
  @ATELIER_LATCOLOR      =   0.00000E+00   0.00000E+00   1.000E-02   0.000E+00
  @ATELIER_RMSSPOT       =   0.00000E+00   9.75293E+01   1.000E-03   9.512E+03
  
 CYCLE NUMBER 20:
  
  ABERR F. =        1.69064031
  CONST F. =     9090.42614917
  ERR. F.  =     9092.11678948       (change =     -421.91460217)
  
  OPD     1.90237115     1.40478041
  WAV     1.95079750     1.42654259
  
  
  
  Parameter                 Value            Change
  CUY S1                5.88127437E-02     -1.71E-04
  CUY S2               -9.51981266E-02      3.76E-05
  CUY S3               -3.27606409E-02      3.23E-04
  CUY S4                5.24909384E-02      1.81E-04
  CUY S6                2.22519881E-01      8.40E-05
  CUY S7                1.51175593E-01     -9.26E-05
  CUY S8               -3.21849065E-02      6.83E-04
  CUY S9                1.76790904E-01      4.78E-03
  A   S1                8.11016763E-05      6.06E-06
  A   S2               -1.92280282E-03     -7.09E-06
  A   S3               -1.55889916E-02      7.70E-06
  A   S4               -1.48585917E-02      8.82E-06
  A   S6                9.76628699E-05      7.77E-06
  A   S7               -8.39149342E-05     -3.14E-05
  A   S8                5.40428421E-05     -1.66E-04
  A   S9               -8.37354229E-03      1.13E-04
  THI S2                1.90047643E-01      6.96E-04
  THI S4                7.68456559E-02      4.58E-02
  THI S5                1.83451501E+01      3.75E-02
  THI S7                2.64863581E+00      2.32E-03
  THI S9                6.33914018E-01      2.27E-02
  THI S11               3.82162728E-02      2.27E-02
  
        EFL          REDU         PIM          OAL         EN PUP       EX PUP
     19.673157     0.000000    -0.116676    28.478593     2.908453    -7.958478
  
  Active Constraints -   1:    target        value         diff        cost
  EFL                    =   1.96731E+01   1.96732E+01   2.805E-05   2.281E-01
  
  Weighted Constraints:        target        value        WTC/PTC     contrib
  @ATELIER_LATCOLOR      =   0.00000E+00   0.00000E+00   1.000E-02   0.000E+00
  @ATELIER_RMSSPOT       =   0.00000E+00   9.53437E+01   1.000E-03   9.090E+03
  
  Constraints added:      Mn ET S4 (>)                Mn ET S11 (>)
  Constraints released:   Mn ET S4 (>)                Mn ET S11 (>)
  
 CYCLE NUMBER 21:
  
  ABERR F. =        1.76227834
  CONST F. =     8983.76920630
  ERR. F.  =     8985.53148464       (change =     -106.58530484)
  
  OPD     1.99534482     1.44797763
  WAV     2.04577969     1.46943698
  
  
  
  Parameter                 Value            Change
  CUY S1                5.89109611E-02      9.82E-05
  CUY S2               -9.49867677E-02      2.11E-04
  CUY S3               -3.24887042E-02      2.72E-04
  CUY S4                5.26862876E-02      1.95E-04
  CUY S6                2.22580300E-01      6.04E-05
  CUY S7                1.51132290E-01     -4.33E-05
  CUY S8               -3.15509014E-02      6.34E-04
  CUY S9                1.77313293E-01      5.22E-04
  A   S1                8.05773433E-05     -5.24E-07
  A   S2               -1.92240937E-03      3.93E-07
  A   S3               -1.55891351E-02     -1.44E-07
  A   S4               -1.48603906E-02     -1.80E-06
  A   S6                9.93583596E-05      1.70E-06
  A   S7               -7.74698441E-05      6.45E-06
  A   S8                6.44542495E-05      1.04E-05
  A   S9               -8.35574384E-03      1.78E-05
  THI S2                1.89469083E-01     -5.79E-04
  THI S4                6.93377129E-02     -7.51E-03
  THI S5                1.83339557E+01     -1.12E-02
  THI S7                2.64580187E+00     -2.83E-03
  THI S9                6.33144996E-01     -7.69E-04
  THI S11               3.74472508E-02     -7.69E-04
  
        EFL          REDU         PIM          OAL         EN PUP       EX PUP
     19.673129     0.000000    -0.107243    28.455709     2.898496    -7.963663
  
  Active Constraints -   1:    target        value         diff        cost
  EFL                    =   1.96731E+01   1.96731E+01  -6.335E-09   7.544E-02
  
  Weighted Constraints:        target        value        WTC/PTC     contrib
  @ATELIER_LATCOLOR      =   0.00000E+00   0.00000E+00   1.000E-02   0.000E+00
  @ATELIER_RMSSPOT       =   0.00000E+00   9.47827E+01   1.000E-03   8.984E+03
  
 CYCLE NUMBER 22:
  
  ABERR F. =        1.24511105
  CONST F. =     8262.43202107
  ERR. F.  =     8263.67713211       (change =     -721.85435253)
  
  OPD     1.17760687     1.28318359
  WAV     1.21691261     1.29885015
  
  
  
  Parameter                 Value            Change
  CUY S1                5.69323109E-02     -1.98E-03
  CUY S2               -9.92111758E-02     -4.22E-03
  CUY S3               -4.28549770E-02     -1.04E-02
  CUY S4                4.39352046E-02     -8.75E-03
  CUY S6                2.29974903E-01      7.39E-03
  CUY S7                1.62835793E-01      1.17E-02
  CUY S8               -4.38044621E-02     -1.23E-02
  CUY S9                1.71290523E-01     -6.02E-03
  A   S1                6.39384544E-05     -1.66E-05
  A   S2               -1.89777719E-03      2.46E-05
  A   S3               -1.56119538E-02     -2.28E-05
  A   S4               -1.48402303E-02      2.02E-05
  A   S6                2.07794741E-04      1.08E-04
  A   S7               -1.74272226E-04     -9.68E-05
  A   S8               -3.28463533E-04     -3.93E-04
  A   S9               -8.64962929E-03     -2.94E-04
  THI S2                1.98358872E-01      8.89E-03
  THI S4                2.64989216E-01      1.96E-01
  THI S5                1.85099099E+01      1.76E-01
  THI S7                2.68622525E+00      4.04E-02
  THI S9                6.44972077E-01      1.18E-02
  THI S11               4.92743318E-02      1.18E-02
  
        EFL          REDU         PIM          OAL         EN PUP       EX PUP
     19.631366     0.000000    -0.223062    28.888455     3.148243    -7.723414
  
  Active Constraints -   1:    target        value         diff        cost
  EFL                    =   1.96731E+01   1.96314E+01  -4.176E-02   6.011E-05
  
  Weighted Constraints:        target        value        WTC/PTC     contrib
  @ATELIER_LATCOLOR      =   0.00000E+00   0.00000E+00   1.000E-02   0.000E+00
  @ATELIER_RMSSPOT       =   0.00000E+00   9.08979E+01   1.000E-03   8.262E+03
  
 CYCLE NUMBER 23:
  
  ABERR F. =        1.84903113
  CONST F. =     7933.34360755
  ERR. F.  =     7935.19263868       (change =     -328.48449343)
  
  OPD     1.35515571     2.21917171
  WAV     1.39192229     2.23092957
  
  
  
  Parameter                 Value            Change
  CUY S1                5.67715325E-02     -1.61E-04
  CUY S2               -9.90781852E-02      1.33E-04
  CUY S3               -4.23789744E-02      4.76E-04
  CUY S4                4.40660922E-02      1.31E-04
  CUY S6                2.30293921E-01      3.19E-04
  CUY S7                1.62811054E-01     -2.47E-05
  CUY S8               -4.24843235E-02      1.32E-03
  CUY S9                1.74114372E-01      2.82E-03
  A   S1                7.03584874E-05      6.42E-06
  A   S2               -1.90213889E-03     -4.36E-06
  A   S3               -1.56078470E-02      4.11E-06
  A   S4               -1.48492377E-02     -9.01E-06
  A   S6                2.23929993E-04      1.61E-05
  A   S7               -3.28700475E-04     -1.54E-04
  A   S8               -4.15390232E-04     -8.69E-05
  A   S9               -8.59405253E-03      5.56E-05
  THI S2                1.99199908E-01      8.41E-04
  THI S4                3.04852647E-01      3.99E-02
  THI S5                1.82856834E+01     -2.24E-01
  THI S7                2.66207069E+00     -2.42E-02
  THI S9                6.29795078E-01     -1.52E-02
  THI S11               3.40973326E-02     -1.52E-02
  
        EFL          REDU         PIM          OAL         EN PUP       EX PUP
     19.673111     0.000000    -0.134875    28.665602     3.200240    -7.629671
  
  Active Constraints -   1:    target        value         diff        cost
  EFL                    =   1.96731E+01   1.96731E+01  -1.836E-05   1.849E-01
  
  Weighted Constraints:        target        value        WTC/PTC     contrib
  @ATELIER_LATCOLOR      =   0.00000E+00   0.00000E+00   1.000E-02   0.000E+00
  @ATELIER_RMSSPOT       =   0.00000E+00   8.90693E+01   1.000E-03   7.933E+03
  
 CYCLE NUMBER 24:
  
  ABERR F. =        1.64112920
  CONST F. =     7728.90172747
  ERR. F.  =     7730.54285667       (change =     -204.64978201)
  
  OPD     1.27520746     1.92228972
  WAV     1.30760687     1.93443342
  
  
  
  Parameter                 Value            Change
  CUY S1                5.67344641E-02     -3.71E-05
  CUY S2               -9.96577765E-02     -5.80E-04
  CUY S3               -4.28697697E-02     -4.91E-04
  CUY S4                4.41680313E-02      1.02E-04
  CUY S6                2.30380633E-01      8.67E-05
  CUY S7                1.62101761E-01     -7.09E-04
  CUY S8               -4.31296711E-02     -6.45E-04
  CUY S9                1.73235233E-01     -8.79E-04
  A   S1                7.53966008E-05      5.04E-06
  A   S2               -1.90569481E-03     -3.56E-06
  A   S3               -1.56037596E-02      4.09E-06
  A   S4               -1.48474960E-02      1.74E-06
  A   S6                2.16831465E-04     -7.10E-06
  A   S7               -3.47141727E-04     -1.84E-05
  A   S8               -4.06923443E-04      8.47E-06
  A   S9               -8.60750210E-03     -1.34E-05
  THI S2                1.99652326E-01      4.52E-04
  THI S4                2.85445457E-01     -1.94E-02
  THI S5                1.82655204E+01     -2.02E-02
  THI S7                2.66373307E+00      1.66E-03
  THI S9                6.31115318E-01      1.32E-03
  THI S11               3.54175733E-02      1.32E-03
  
        EFL          REDU         PIM          OAL         EN PUP       EX PUP
     19.672307     0.000000    -0.110152    28.629467     3.175826    -7.662537
  
  Active Constraints -   1:    target        value         diff        cost
  EFL                    =   1.96731E+01   1.96723E+01  -8.226E-04  -1.494E-02
  
  Weighted Constraints:        target        value        WTC/PTC     contrib
  @ATELIER_LATCOLOR      =   0.00000E+00   0.00000E+00   1.000E-02   0.000E+00
  @ATELIER_RMSSPOT       =   0.00000E+00   8.79142E+01   1.000E-03   7.729E+03
 RAY ERROR: REFL  9
  
 CYCLE NUMBER 25:
  
  ABERR F. =        2.03987893
  CONST F. =     6822.84189158
  ERR. F.  =     6824.88177051       (change =     -905.66108617)
  
  OPD     2.18207339     1.84606506
  WAV     2.24044427     1.85887953
  
  
  
  Parameter                 Value            Change
  CUY S1                5.63833469E-02     -3.51E-04
  CUY S2               -1.02056909E-01     -2.40E-03
  CUY S3               -4.36317816E-02     -7.62E-04
  CUY S4                4.55427909E-02      1.37E-03
  CUY S6                2.31112633E-01      7.32E-04
  CUY S7                1.60737247E-01     -1.36E-03
  CUY S8               -4.49811671E-02     -1.85E-03
  CUY S9                1.68637595E-01     -4.60E-03
  A   S1                7.24814807E-05     -2.92E-06
  A   S2               -1.90257619E-03      3.12E-06
  A   S3               -1.56063913E-02     -2.63E-06
  A   S4               -1.48447490E-02      2.75E-06
  A   S6                2.46905694E-04      3.01E-05
  A   S7               -2.92226544E-04      5.49E-05
  A   S8               -2.72764334E-04      1.34E-04
  A   S9               -8.77248165E-03     -1.65E-04
  THI S2                1.95568437E-01     -4.08E-03
  THI S4                1.79882997E-01     -1.06E-01
  THI S5                1.82266116E+01     -3.89E-02
  THI S7                2.65567938E+00     -8.05E-03
  THI S9                6.10855400E-01     -2.03E-02
  THI S11               1.51576544E-02     -2.03E-02
  
        EFL          REDU         PIM          OAL         EN PUP       EX PUP
     19.663859     0.000000     0.003106    28.452598     3.034663    -7.809196
  
  Active Constraints -   1:    target        value         diff        cost
  EFL                    =   1.96731E+01   1.96639E+01  -9.270E-03   1.427E-02
  
  Weighted Constraints:        target        value        WTC/PTC     contrib
  @ATELIER_LATCOLOR      =   0.00000E+00   0.00000E+00   1.000E-02   0.000E+00
  @ATELIER_RMSSPOT       =   0.00000E+00   8.26005E+01   1.000E-03   6.823E+03
  
     Normal AUTO Completion - Maximum cycle limit reached
AUT> GO
 
 
CODE V> BUF PUT B1 I^row J1 "schema"
      Created new worksheet B1.
CODE V> BUF PUT B1 I^row J2 "atelier-codev-target-v1"
CODE V> BUF PUT B1 I^row J1 "status"
CODE V> BUF PUT B1 I^row J2 "ok"
CODE V> BUF PUT B1 I^row J1 "mode"
CODE V> BUF PUT B1 I^row J2 "target"
CODE V> BUF PUT B1 I^row J1 "stage"
CODE V> BUF PUT B1 I^row J2 "A"
CODE V> BUF PUT B1 I^row J1 "source_zmx"
CODE V> BUF PUT B1 I^row J2 "US-11940597-B2-e6.zmx"
CODE V> BUF PUT B1 I^row J1 "num_fields"
CODE V> BUF PUT B1 I^row J2 ^numf_out
CODE V> BUF PUT B1 I^row J1 "vignetting_edge"
CODE V> BUF PUT B1 I^row J2 0.5
CODE V> BUF PUT B1 I^row J1 "target.efl_mm"
CODE V> BUF PUT B1 I^row J2 ^target_efl
CODE V> BUF PUT B1 I^row J1 "seed_baseline.efl_y_mm"
CODE V> BUF PUT B1 I^row J2 ^seed_baseline_efl_y_mm
CODE V> BUF PUT B1 I^row J1 "seed_baseline.max_lateral_color_um"
CODE V> BUF PUT B1 I^row J2 ^seed_baseline_max_lateral_color_um
CODE V> BUF PUT B1 I^row J1 "seed_baseline.max_rms_spot_diameter_um"
CODE V> BUF PUT B1 I^row J2 ^seed_baseline_max_rms_spot_diameter_um
CODE V> BUF PUT B1 I^row J1 "seed_baseline.max_rms_wavefront_error_waves"
CODE V> BUF PUT B1 I^row J2 ^seed_baseline_max_rms_wavefront_error_waves
CODE V> BUF PUT B1 I^row J1 "seed_baseline.max_distortion_pct"
CODE V> BUF PUT B1 I^row J2 ^seed_baseline_max_distortion_pct
CODE V> BUF PUT B1 I^row J1 "seed_baseline.fno"
CODE V> BUF PUT B1 I^row J2 ^seed_baseline_fno
CODE V> BUF PUT B1 I^row J1 "seed_baseline.epd_mm"
CODE V> BUF PUT B1 I^row J2 ^seed_baseline_epd
CODE V> BUF PUT B1 I^row J1 "seed_baseline.maximh_mm"
CODE V> BUF PUT B1 I^row J2 ^seed_baseline_maximh
CODE V> BUF PUT B1 I^row J1 "config_pre_aut.efl_y_mm"
CODE V> BUF PUT B1 I^row J2 ^config_pre_aut_efl_y_mm
CODE V> BUF PUT B1 I^row J1 "config_pre_aut.max_lateral_color_um"
CODE V> BUF PUT B1 I^row J2 ^config_pre_aut_max_lateral_color_um
CODE V> BUF PUT B1 I^row J1 "config_pre_aut.max_rms_spot_diameter_um"
CODE V> BUF PUT B1 I^row J2 ^config_pre_aut_max_rms_spot_diameter_um
CODE V> BUF PUT B1 I^row J1 "config_pre_aut.max_rms_wavefront_error_waves"
CODE V> BUF PUT B1 I^row J2 ^config_pre_aut_max_rms_wavefront_error_waves
CODE V> BUF PUT B1 I^row J1 "config_pre_aut.max_distortion_pct"
CODE V> BUF PUT B1 I^row J2 ^config_pre_aut_max_distortion_pct
CODE V> BUF PUT B1 I^row J1 "config_pre_aut.fno"
CODE V> BUF PUT B1 I^row J2 ^config_pre_aut_fno
CODE V> BUF PUT B1 I^row J1 "config_pre_aut.epd_mm"
CODE V> BUF PUT B1 I^row J2 ^config_pre_aut_epd
CODE V> BUF PUT B1 I^row J1 "config_pre_aut.maximh_mm"
CODE V> BUF PUT B1 I^row J2 ^config_pre_aut_maximh
CODE V> BUF PUT B1 I^row J1 "post_aut.efl_y_mm"
CODE V> BUF PUT B1 I^row J2 ^post_aut_efl_y_mm
CODE V> BUF PUT B1 I^row J1 "post_aut.max_lateral_color_um"
CODE V> BUF PUT B1 I^row J2 ^post_aut_max_lateral_color_um
CODE V> BUF PUT B1 I^row J1 "post_aut.max_rms_spot_diameter_um"
CODE V> BUF PUT B1 I^row J2 ^post_aut_max_rms_spot_diameter_um
CODE V> BUF PUT B1 I^row J1 "post_aut.max_rms_wavefront_error_waves"
CODE V> BUF PUT B1 I^row J2 ^post_aut_max_rms_wavefront_error_waves
CODE V> BUF PUT B1 I^row J1 "post_aut.max_distortion_pct"
CODE V> BUF PUT B1 I^row J2 ^post_aut_max_distortion_pct
CODE V> BUF PUT B1 I^row J1 "post_aut.fno"
CODE V> BUF PUT B1 I^row J2 ^post_aut_fno
CODE V> BUF PUT B1 I^row J1 "post_aut.epd_mm"
CODE V> BUF PUT B1 I^row J2 ^post_aut_epd
CODE V> BUF PUT B1 I^row J1 "post_aut.maximh_mm"
CODE V> BUF PUT B1 I^row J2 ^post_aut_maximh
CODE V> BUF PUT B1 I^row J1 "efl_target_deviation_pct"
CODE V> BUF PUT B1 I^row J2 ^efl_target_dev_pct
CODE V> BUF PUT B1 I^row J1 "aut_converged"
CODE V> BUF PUT B1 I^row J2 ^aut_converged
CODE V> BUF EXP B1 "D:\atelier-wt-c\.planning\loop\p15-stageb-evidence\fno-matrix-2026-07-11\US-11940597-B2-e6_loosen\rung0_native\ray_retry\atelier_codev_target_A_vig0500.tsv"
     Buffer B1 exported to file atelier_codev_target_A_vig0500.tsv
CODE V> BUF DEL B1
CODE V> OUT YES
CODE V> EXI YES
     EXI                                                                              11-Jul-26  14H  3M  8S
                                                 CODE V PC  Version: 11.5             CPU clock:  0H  0M  4S
