  
  
                                   Welcome to
  
                                   C O D E   V
  
                                PC  Version 11.5
                                   Build 27302701
  
                                   11-Jul-2026
  
                            A proprietary product of
  
                              SYNOPSYS, INC
                              Pasadena, California
  
CODE V> OUT NO
     Radius input/output mode
  
    Lens data created by Zemax version 210628
  
    Zemax command MODE ignored
    Zemax command AUTH ignored
    ZEMAX NOTE 0 table5
    Zemax command PFIL ignored
    Zemax command LANG ignored
     WARNING - Glass catalog list not used.
     WARNING - Ray aiming not used.
     WARNING - Pupil shift for ray aiming not used.
    Zemax command SDMA ignored
    Zemax command OMMA ignored
    Zemax command HYPR ignored
     WARNING - Vignetting angles not used.
    Zemax command XAIM ignored
    Zemax command YAIM ignored
    Zemax command ZAIM ignored
    Zemax command FCOM ignored
    Zemax command FCOM ignored
    Zemax command POLS ignored
    Zemax command GLRS ignored
    Zemax command GSTD ignored
    Zemax command NSCD ignored
    Zemax command COFN ignored
    Zemax command COFN ignored
    Zemax command LUID ignored
  
     Surface pointer = OBJ
    Zemax command SSID ignored.
    Zemax surface type  STANDARD
    CODE V surface type SPH
    Zemax command FIMP ignored.
     WARNING - Hiding of rays not used.
    Zemax command MIRR ignored.
    Zemax command SLAB ignored.
    Zemax command MEMA ignored.
    Zemax command POPS ignored.
  
     Surface pointer = 1
    Zemax command SSID ignored.
    Zemax surface type  STANDARD
    CODE V surface type SPH
    Zemax command FIMP ignored.
     WARNING - Hiding of rays not used.
    Zemax command MIRR ignored.
    Zemax command SLAB ignored.
    Zemax command MEMA ignored.
    Zemax command POPS ignored.
  
     Surface pointer = 2
    Zemax command SSID ignored.
    Zemax surface type  EVENASPH
    CODE V surface type ASP
    Zemax command FIMP ignored.
     WARNING - Hiding of rays not used.
    Zemax command MIRR ignored.
    Zemax command SLAB ignored.
     WARNING - Partial dispersion of model glass not used.
    Zemax command MEMA ignored.
    Zemax command POPS ignored.
  
     Surface pointer = 3
    Zemax command SSID ignored.
    Zemax surface type  EVENASPH
    CODE V surface type ASP
    Zemax command FIMP ignored.
     WARNING - Hiding of rays not used.
    Zemax command MIRR ignored.
    Zemax command SLAB ignored.
    Zemax command MEMA ignored.
    Zemax command POPS ignored.
  
     Surface pointer = 4
    Zemax command SSID ignored.
    Zemax surface type  EVENASPH
    CODE V surface type ASP
    Zemax command FIMP ignored.
     WARNING - Hiding of rays not used.
    Zemax command MIRR ignored.
    Zemax command SLAB ignored.
     WARNING - Partial dispersion of model glass not used.
    Zemax command MEMA ignored.
    Zemax command POPS ignored.
  
     Surface pointer = 5
    Zemax command SSID ignored.
    Zemax surface type  EVENASPH
    CODE V surface type ASP
    Zemax command FIMP ignored.
     WARNING - Hiding of rays not used.
    Zemax command MIRR ignored.
    Zemax command SLAB ignored.
    Zemax command MEMA ignored.
    Zemax command POPS ignored.
  
     Surface pointer = 6
    Zemax command SSID ignored.
    Zemax surface type  EVENASPH
    CODE V surface type ASP
    Zemax command FIMP ignored.
     WARNING - Hiding of rays not used.
    Zemax command MIRR ignored.
    Zemax command SLAB ignored.
     WARNING - Partial dispersion of model glass not used.
    Zemax command MEMA ignored.
    Zemax command POPS ignored.
  
     Surface pointer = 7
    Zemax command SSID ignored.
    Zemax surface type  EVENASPH
    CODE V surface type ASP
    Zemax command FIMP ignored.
     WARNING - Hiding of rays not used.
    Zemax command MIRR ignored.
    Zemax command SLAB ignored.
    Zemax command MEMA ignored.
    Zemax command POPS ignored.
  
     Surface pointer = 8
    Zemax command SSID ignored.
    Zemax surface type  EVENASPH
    CODE V surface type ASP
    Zemax command FIMP ignored.
     WARNING - Hiding of rays not used.
    Zemax command MIRR ignored.
    Zemax command SLAB ignored.
     WARNING - Partial dispersion of model glass not used.
    Zemax command MEMA ignored.
    Zemax command POPS ignored.
  
     Surface pointer = 9
    Zemax command SSID ignored.
    Zemax surface type  EVENASPH
    CODE V surface type ASP
    Zemax command FIMP ignored.
     WARNING - Hiding of rays not used.
    Zemax command MIRR ignored.
    Zemax command SLAB ignored.
    Zemax command MEMA ignored.
    Zemax command POPS ignored.
  
     Surface pointer = 10
    Zemax command SSID ignored.
    Zemax surface type  EVENASPH
    CODE V surface type ASP
    Zemax command FIMP ignored.
     WARNING - Hiding of rays not used.
    Zemax command MIRR ignored.
    Zemax command SLAB ignored.
     WARNING - Partial dispersion of model glass not used.
    Zemax command MEMA ignored.
    Zemax command POPS ignored.
  
     Surface pointer = 11
    Zemax command SSID ignored.
    Zemax surface type  EVENASPH
    CODE V surface type ASP
    Zemax command FIMP ignored.
     WARNING - Hiding of rays not used.
    Zemax command MIRR ignored.
    Zemax command SLAB ignored.
    Zemax command MEMA ignored.
    Zemax command POPS ignored.
  
     Surface pointer = 12
    Zemax command SSID ignored.
    Zemax surface type  EVENASPH
    CODE V surface type ASP
    Zemax command FIMP ignored.
     WARNING - Hiding of rays not used.
    Zemax command MIRR ignored.
    Zemax command SLAB ignored.
     WARNING - Partial dispersion of model glass not used.
    Zemax command MEMA ignored.
    Zemax command POPS ignored.
  
     Surface pointer = 13
    Zemax command SSID ignored.
    Zemax surface type  EVENASPH
    CODE V surface type ASP
    Zemax command FIMP ignored.
     WARNING - Hiding of rays not used.
    Zemax command MIRR ignored.
    Zemax command SLAB ignored.
    Zemax command MEMA ignored.
    Zemax command POPS ignored.
  
     Surface pointer = 14
    Zemax command SSID ignored.
    Zemax surface type  STANDARD
    CODE V surface type SPH
    Zemax command FIMP ignored.
     WARNING - Hiding of rays not used.
    Zemax command MIRR ignored.
    Zemax command SLAB ignored.
     WARNING - Partial dispersion of model glass not used.
    Zemax command MEMA ignored.
    Zemax command POPS ignored.
  
     Surface pointer = 15
    Zemax command SSID ignored.
    Zemax surface type  STANDARD
    CODE V surface type SPH
    Zemax command FIMP ignored.
     WARNING - Hiding of rays not used.
    Zemax command MIRR ignored.
    Zemax command SLAB ignored.
    Zemax command MEMA ignored.
    Zemax command POPS ignored.
  
     Surface pointer = IMG
    Zemax command SSID ignored.
    Zemax surface type  STANDARD
    CODE V surface type SPH
    Zemax command FIMP ignored.
     WARNING - Hiding of rays not used.
    Zemax command MIRR ignored.
    Zemax command SLAB ignored.
    Zemax command MEMA ignored.
    Zemax command POPS ignored.
  
     WARNING - Please check the converted lens carefully.
               Some information will not be converted.
               Changes in either CODE V or ZEMAX may invalidate
               the converted information.
               Due to differences between CODE V and ZEMAX ray
               aiming and vignetting factors, it is recommended
               that you set vignetting for the converted system.
  
               A concise listing of conversion warnings appears
               in the Tabbed Output Window 'Info' tab and in the
               Command Window.
  
CODE V> DEF VAR SA
 
 
CODE V> FNO 1.8
CODE V> VUY 0 0.4 0.4
CODE V> VLY 0 0.4 0.4
CODE V> VUX 0 0.4 0.4
CODE V> VLX 0 0.4 0.4
 
 
CODE V> AUT
     AUT                                                                              11-Jul-26  14H 21M 46S
                                                 CODE V PC  Version: 11.5             CPU clock:  0H  0M  1S
     ***Defocussing frozen to eliminate redundant variable
AUT>   SUR N
AUT>   CHG SA
AUT>   WFR Y
AUT>   WTF FA 10
AUT>   EFL = 3.95031061876715
AUT>   @atelier_latcolor == @lcum(1)
AUT>   @atelier_latcolor = 0
AUT>   WTC 0.01
AUT>   @atelier_rmsspot == @rmssum(1)
AUT>   @atelier_rmsspot = 0
AUT>   WTC 0.001
AUT>   MNT 0.025
AUT>   MNE 0.025
AUT>   MXT 10
AUT>   MNA 0.001
AUT>   MXC 25
AUT>   MNC 3
AUT>   IMP 0.001
AUT> GO
 -------------------------------------------------------------------------------
  
       USER CONSTRAINT DEFINITIONS
            @atelier_rmsspot == @rmssum(1)
  
            @atelier_latcolor == @lcum(1)
  
  
  
       POTENTIALLY ACTIVE SPECIFIC CONSTRAINTS
         EFL                                  =       3.950311
         @ATELIER_LATCOLOR                    =       0.000000     (WTC =    0.01000)
         @ATELIER_RMSSPOT                     =       0.000000     (WTC =    0.00100)
  
       GENERAL CONSTRAINTS
         MXT      10.000000
         MNT       0.025000
         MNE       0.025000
         MNA       0.001000
         MAE       0.002500
         GLA               NFK5  NSK16  NLAF2  SF4
  
       ERROR FUNCTION CONSTRUCTION
         WFR        Y
         WTW       1          1          1
         WTA       0.000000
         DEL       0.220000
         WTX F1   10.000000
         WTX F2   10.000000
         WTX F3   10.000000
         WTY F1   10.000000
         WTY F2   10.000000
         WTY F3   10.000000
  
       CONVERGENCE CONTROLS
         MXC        25
         MNC         3
         TAR       0.000000
         IMP       0.001000
  
       OUTPUT CONTROLS
         SUR NO
         CHG S0..16
  
     Recommendations for most stable convergence:
  
       Use object space aperture specifications:
       - NAO for finite conjugate systems
       - EPD for infinite conjugate systems
  
       VARIABLE LIST
  
         NO      PARAMETERS *
          1      CUY S2       CUY S3       CUY S4       CUY S5       CUY S6       CUY S7
          2      CUY S3       CUY S4
          3      CUY S4       CUY S5       CUY S6       CUY S7
          4      CUY S5       CUY S6
          5      CUY S6       CUY S7
          6      CUY S7       CUY S8
          7      CUY S8       CUY S9
          8      CUY S9       CUY S10
          9      CUY S10       CUY S11
         10      CUY S11       CUY S12
         11      CUY S12       CUY S13
         12      CUY S13
         13      A   S2
         14      A   S3
         15      A   S4
         16      A   S5
         17      A   S6
         18      A   S7
         19      A   S8
         20      A   S9
         21      A   S10
         22      A   S11
         23      A   S12
         24      A   S13
         25      THI S1
         26      THI S3
         27      THI S5
         28      THI S7
         29      THI S9
         30      THI S11
         31      THI S13
         32      THI S15
  
     * Multiple entries on a line are composite variables.
     Composite variables are either program-generated bendings
     or user-requested couplings.
  
      32 VARIABLES
  
      32 CONSTRAINTS CAN BE ACTIVE
  
     RELATIVE TIME PER CYCLE IS  267.8 UNITS
     WARNING - The macro function SPOTDATA is not supported on multiple threads.
               CODE V will set the multiple processor setting (MPP) to 1 to prevent errors.
               Please refer to the CODE V Setup and Operation Reference Manual for a complete list
               of pre-defined macro functions that are currently limited to running on a single thread.
  
 CYCLE NUMBER 0:
  
  ABERR F. =        1.58291779
  CONST F. =    51323.48324037
  ERR. F.  =    51325.06615816
  
  OPD     1.25614950     0.37010489     0.38986405
  WAV     3.57777979     0.44860914     0.40636293
  
  
  
  Parameter                 Value            Change
  CUY S2                2.86779467E-01      0.00E+00
  CUY S3                3.39097999E-01      0.00E+00
  CUY S4                5.35045479E-01      0.00E+00
  CUY S5                4.17188152E-01      0.00E+00
  CUY S6                2.69832704E-01      0.00E+00
  CUY S7               -2.26398008E-01      0.00E+00
  CUY S8               -1.07758621E+00      0.00E+00
  CUY S9               -4.46827525E-01      0.00E+00
  CUY S10               4.91159136E-01      0.00E+00
  CUY S11              -2.29779412E-01      0.00E+00
  CUY S12               7.27272727E-01      0.00E+00
  CUY S13               1.05263158E+00      0.00E+00
  A   S2               -3.19920000E-02      0.00E+00
  A   S3               -1.02200000E-01      0.00E+00
  A   S4               -5.50540000E-02      0.00E+00
  A   S5               -2.35400000E-02      0.00E+00
  A   S6               -3.39600000E-02      0.00E+00
  A   S7                3.57620000E-03      0.00E+00
  A   S8                2.39310000E-01      0.00E+00
  A   S9                5.80790000E-02      0.00E+00
  A   S10              -8.97320000E-03      0.00E+00
  A   S11               4.48830000E-02      0.00E+00
  A   S12              -4.97410000E-02      0.00E+00
  A   S13              -6.33600000E-02      0.00E+00
  THI S1               -7.00000000E-02      0.00E+00
  THI S3                1.47000000E-01      0.00E+00
  THI S5                1.76000000E-01      0.00E+00
  THI S7                4.86000000E-01      0.00E+00
  THI S9                5.00000000E-02      0.00E+00
  THI S11               9.90000000E-02      0.00E+00
  THI S13               8.00000000E-01      0.00E+00
  THI S15               4.35000000E-01      0.00E+00
  
        EFL          REDU         PIM          OAL         EN PUP       EX PUP
      3.952029     0.000000     0.463432     5.847000     0.000000    -4.568638
  
  Specific Constraints:        target        value         diff      active (**)
  EFL                    =   3.95031E+00   3.95203E+00   1.718E-03    **
  
  Weighted Constraints:        target        value        WTC/PTC     contrib
  @ATELIER_LATCOLOR      =   0.00000E+00   2.02488E+00   1.000E-02   4.100E+02
  @ATELIER_RMSSPOT       =   0.00000E+00   2.25640E+02   1.000E-03   5.091E+04
  
  Constraints added:      EFL (=)                     Mn CT S1 (>)
  
 CYCLE NUMBER 1:
  
  ABERR F. =        1.35867215
  CONST F. =    10769.74414446
  ERR. F.  =    10771.10281660       (change =   -40553.96334156)
  
  OPD     0.65653313     0.39922834     0.44602587
  WAV     3.04688050     0.87388417     0.48931338
  
  
  
  Parameter                 Value            Change
  CUY S2                2.85548664E-01     -1.23E-03
  CUY S3                3.39362686E-01      2.65E-04
  CUY S4                5.33866094E-01     -1.18E-03
  CUY S5                4.11117645E-01     -6.07E-03
  CUY S6                2.52695941E-01     -1.71E-02
  CUY S7               -2.61442647E-01     -3.50E-02
  CUY S8               -1.09665164E+00     -1.91E-02
  CUY S9               -4.35980413E-01      1.08E-02
  CUY S10               5.02750753E-01      1.16E-02
  CUY S11              -1.52610585E-01      7.72E-02
  CUY S12               8.04579895E-01      7.73E-02
  CUY S13               1.05447882E+00      1.85E-03
  A   S2               -3.20666014E-02     -7.46E-05
  A   S3               -1.02159635E-01      4.04E-05
  A   S4               -5.51463980E-02     -9.24E-05
  A   S5               -2.34749205E-02      6.51E-05
  A   S6               -3.35394369E-02      4.21E-04
  A   S7                3.51839517E-03     -5.78E-05
  A   S8                2.39408376E-01      9.84E-05
  A   S9                5.80649785E-02     -1.40E-05
  A   S10              -8.84965221E-03      1.24E-04
  A   S11               4.49927471E-02      1.10E-04
  A   S12              -4.96994067E-02      4.16E-05
  A   S13              -6.33268680E-02      3.31E-05
  THI S1                1.00000000E-03      7.10E-02
  THI S3                1.46476193E-01     -5.24E-04
  THI S5                1.76342703E-01      3.43E-04
  THI S7                4.85544213E-01     -4.56E-04
  THI S9                4.95294305E-02     -4.71E-04
  THI S11               1.54814043E-01      5.58E-02
  THI S13               7.99492891E-01     -5.07E-04
  THI S15               4.79299846E-01      4.43E-02
  
        EFL          REDU         PIM          OAL         EN PUP       EX PUP
      3.960205     0.000000     0.423672     5.972199     0.000000    -4.696050
  
  Active Constraints -   2:    target        value         diff        cost
  EFL                    =   3.95031E+00   3.96020E+00   9.894E-03   1.949E-04
  Mn CT S1                                                          -5.034E-04
  
  Weighted Constraints:        target        value        WTC/PTC     contrib
  @ATELIER_LATCOLOR      =   0.00000E+00   2.23205E+00   1.000E-02   4.982E+02
  @ATELIER_RMSSPOT       =   0.00000E+00   1.01349E+02   1.000E-03   1.027E+04
  
 CYCLE NUMBER 2:
  
  ABERR F. =        1.30441104
  CONST F. =    12868.60261713
  ERR. F.  =    12869.90702816       (change =     2098.80421156)
  
  OPD     0.78418395     0.39596305     0.41017069
  WAV     2.89349216     0.83101961     0.45394635
  
  
  
  Parameter                 Value            Change
  CUY S2                2.85941786E-01      3.93E-04
  CUY S3                3.39050366E-01     -3.12E-04
  CUY S4                5.34117816E-01      2.52E-04
  CUY S5                4.12376785E-01      1.26E-03
  CUY S6                2.54136102E-01      1.44E-03
  CUY S7               -2.60361752E-01      1.08E-03
  CUY S8               -1.09724777E+00     -5.96E-04
  CUY S9               -4.36693753E-01     -7.13E-04
  CUY S10               5.03959075E-01      1.21E-03
  CUY S11              -1.52204157E-01      4.06E-04
  CUY S12               8.04726229E-01      1.46E-04
  CUY S13               1.05510336E+00      6.25E-04
  A   S2               -3.20649026E-02      1.70E-06
  A   S3               -1.02160939E-01     -1.30E-06
  A   S4               -5.51442473E-02      2.15E-06
  A   S5               -2.34772559E-02     -2.34E-06
  A   S6               -3.35371124E-02      2.32E-06
  A   S7                3.51673328E-03     -1.66E-06
  A   S8                2.39409288E-01      9.12E-07
  A   S9                5.80646285E-02     -3.50E-07
  A   S10              -8.84901040E-03      6.42E-07
  A   S11               4.49877502E-02     -5.00E-06
  A   S12              -4.96991549E-02      2.52E-07
  A   S13              -6.33271239E-02     -2.56E-07
  THI S1                1.00000000E-03     -8.67E-19
  THI S3                1.47898127E-01      1.42E-03
  THI S5                1.75894062E-01     -4.49E-04
  THI S7                4.85810370E-01      2.66E-04
  THI S9                4.84720255E-02     -1.06E-03
  THI S11               1.56949437E-01      2.14E-03
  THI S13               7.99599880E-01      1.07E-04
  THI S15               4.79406874E-01      1.07E-04
  
        EFL          REDU         PIM          OAL         EN PUP       EX PUP
      3.950311     0.000000     0.411879     5.974624     0.000000    -4.695614
  
  Active Constraints -   2:    target        value         diff        cost
  EFL                    =   3.95031E+00   3.95031E+00   1.097E-08  -1.380E+02
  Mn CT S1                                                          -2.473E-03
  
  Weighted Constraints:        target        value        WTC/PTC     contrib
  @ATELIER_LATCOLOR      =   0.00000E+00   2.13217E+00   1.000E-02   4.546E+02
  @ATELIER_RMSSPOT       =   0.00000E+00   1.11418E+02   1.000E-03   1.241E+04
  
 CYCLE NUMBER 3:
  
  ABERR F. =        1.29473091
  CONST F. =    13371.35991392
  ERR. F.  =    13372.65464483       (change =      502.74761667)
  
  OPD     0.68631302     0.37302621     0.42211044
  WAV     2.90280739     0.79299542     0.46312528
  
  
  
  Parameter                 Value            Change
  CUY S2                2.85970259E-01      2.85E-05
  CUY S3                3.39127725E-01      7.74E-05
  CUY S4                5.34233761E-01      1.16E-04
  CUY S5                4.12350186E-01     -2.66E-05
  CUY S6                2.54344193E-01      2.08E-04
  CUY S7               -2.60035507E-01      3.26E-04
  CUY S8               -1.09726402E+00     -1.62E-05
  CUY S9               -4.36727820E-01     -3.41E-05
  CUY S10               5.04064119E-01      1.05E-04
  CUY S11              -1.51385051E-01      8.19E-04
  CUY S12               8.05579558E-01      8.53E-04
  CUY S13               1.05519449E+00      9.11E-05
  A   S2               -3.20735971E-02     -8.69E-06
  A   S3               -1.02152775E-01      8.16E-06
  A   S4               -5.51514352E-02     -7.19E-06
  A   S5               -2.34723816E-02      4.87E-06
  A   S6               -3.35439775E-02     -6.87E-06
  A   S7                3.52580144E-03      9.07E-06
  A   S8                2.39405519E-01     -3.77E-06
  A   S9                5.80675911E-02      2.96E-06
  A   S10              -8.86342743E-03     -1.44E-05
  A   S11               4.50087996E-02      2.10E-05
  A   S12              -4.97000921E-02     -9.37E-07
  A   S13              -6.33255427E-02      1.58E-06
  THI S1                1.00000000E-03      2.17E-19
  THI S3                1.48077207E-01      1.79E-04
  THI S5                1.75971901E-01      7.78E-05
  THI S7                4.85714774E-01     -9.56E-05
  THI S9                4.82386247E-02     -2.33E-04
  THI S11               1.55939727E-01     -1.01E-03
  THI S13               7.98687537E-01     -9.12E-04
  THI S15               4.78494532E-01     -9.12E-04
  
        EFL          REDU         PIM          OAL         EN PUP       EX PUP
      3.950311     0.000000     0.413410     5.972630     0.000000    -4.694220
  
  Active Constraints -   2:    target        value         diff        cost
  EFL                    =   3.95031E+00   3.95031E+00  -2.205E-09   2.124E-01
  Mn CT S1                                                          -1.682E-02
  
  Weighted Constraints:        target        value        WTC/PTC     contrib
  @ATELIER_LATCOLOR      =   0.00000E+00   2.14857E+00   1.000E-02   4.616E+02
  @ATELIER_RMSSPOT       =   0.00000E+00   1.13621E+02   1.000E-03   1.291E+04
  
 CYCLE NUMBER 4:
  
  ABERR F. =        1.15387943
  CONST F. =    11275.22244834
  ERR. F.  =    11276.37632776       (change =    -2096.27831707)
  
  OPD     0.72441383     0.64210221     0.42452351
  WAV     2.47795041     0.73466529     0.43745192
  
  
  
  Parameter                 Value            Change
  CUY S2                2.87455688E-01      1.49E-03
  CUY S3                3.44410043E-01      5.28E-03
  CUY S4                5.41148446E-01      6.91E-03
  CUY S5                4.11490651E-01     -8.60E-04
  CUY S6                2.55377054E-01      1.03E-03
  CUY S7               -2.53614355E-01      6.42E-03
  CUY S8               -1.10084633E+00     -3.58E-03
  CUY S9               -4.43695449E-01     -6.97E-03
  CUY S10               4.95779973E-01     -8.28E-03
  CUY S11              -2.44112232E-01     -9.27E-02
  CUY S12               7.05604688E-01     -1.00E-01
  CUY S13               1.05277214E+00     -2.42E-03
  A   S2               -3.25735313E-02     -5.00E-04
  A   S3               -1.01716861E-01      4.36E-04
  A   S4               -5.56019942E-02     -4.51E-04
  A   S5               -2.31465450E-02      3.26E-04
  A   S6               -3.39540148E-02     -4.10E-04
  A   S7                3.93006585E-03      4.04E-04
  A   S8                2.39189396E-01     -2.16E-04
  A   S9                5.81921726E-02      1.25E-04
  A   S10              -1.00596825E-02     -1.20E-03
  A   S11               4.61674464E-02      1.16E-03
  A   S12              -4.94557335E-02      2.44E-04
  A   S13              -6.35173433E-02     -1.92E-04
  THI S1                1.00000000E-03      0.00E+00
  THI S3                1.52375248E-01      4.30E-03
  THI S5                1.78416418E-01      2.44E-03
  THI S7                4.77728282E-01     -7.99E-03
  THI S9                2.81143254E-02     -2.01E-02
  THI S11               2.19142324E-01      6.32E-02
  THI S13               7.56349874E-01     -4.23E-02
  THI S15               4.36156869E-01     -4.23E-02
  
        EFL          REDU         PIM          OAL         EN PUP       EX PUP
      3.928697     0.000000     0.387021     5.972126     0.000000    -4.522170
  
  Active Constraints -   2:    target        value         diff        cost
  EFL                    =   3.95031E+00   3.92870E+00  -2.161E-02   5.735E-04
  Mn CT S1                                                          -2.347E-05
  
  Weighted Constraints:        target        value        WTC/PTC     contrib
  @ATELIER_LATCOLOR      =   0.00000E+00   2.00644E+00   1.000E-02   4.026E+02
  @ATELIER_RMSSPOT       =   0.00000E+00   1.04272E+02   1.000E-03   1.087E+04
 RAY ERROR: REFL 13
 RAY ERROR: REFL 13
  
  Constraints added:      Mn ET S13 (>)
 RAY ERROR: MISS 13
  Constraints released:   Mn ET S13 (>)
  
 CYCLE NUMBER 5:
  
  ABERR F. =        1.29983976
  CONST F. =     8822.03208564
  ERR. F.  =     8823.33192539       (change =    -2453.04440237)
  
  OPD     1.40100929     0.62394896     0.43386827
  WAV     2.62039537     0.71444482     0.46927182
  
  
  
  Parameter                 Value            Change
  CUY S2                2.85574227E-01     -1.88E-03
  CUY S3                3.42723284E-01     -1.69E-03
  CUY S4                5.37478262E-01     -3.67E-03
  CUY S5                4.08018962E-01     -3.47E-03
  CUY S6                2.50939486E-01     -4.44E-03
  CUY S7               -2.58752903E-01     -5.14E-03
  CUY S8               -1.10084807E+00     -1.73E-06
  CUY S9               -4.43338078E-01      3.57E-04
  CUY S10               4.94764430E-01     -1.02E-03
  CUY S11              -2.45036824E-01     -9.25E-04
  CUY S12               7.05178996E-01     -4.26E-04
  CUY S13               1.05247207E+00     -3.00E-04
  A   S2               -3.24700169E-02      1.04E-04
  A   S3               -1.01797181E-01     -8.03E-05
  A   S4               -5.54696984E-02      1.32E-04
  A   S5               -2.32915493E-02     -1.45E-04
  A   S6               -3.38091412E-02      1.45E-04
  A   S7                3.81469270E-03     -1.15E-04
  A   S8                2.39321561E-01      1.32E-04
  A   S9                5.80726032E-02     -1.20E-04
  A   S10              -9.86161918E-03      1.98E-04
  A   S11               4.58574386E-02     -3.10E-04
  A   S12              -4.92500756E-02      2.06E-04
  A   S13              -6.35167124E-02      6.31E-07
  THI S1                1.00000000E-03      3.90E-18
  THI S3                1.52546109E-01      1.71E-04
  THI S5                1.83062204E-01      4.65E-03
  THI S7                4.78527618E-01      7.99E-04
  THI S9                5.49528522E-02      2.68E-02
  THI S11               2.18581665E-01     -5.61E-04
  THI S13               7.61869649E-01      5.52E-03
  THI S15               4.41676645E-01      5.52E-03
  
        EFL          REDU         PIM          OAL         EN PUP       EX PUP
      3.939284     0.000000     0.395214     6.009540     0.000000    -4.615002
  
  Active Constraints -   2:    target        value         diff        cost
  EFL                    =   3.95031E+00   3.93928E+00  -1.103E-02   2.321E+00
  Mn CT S1                                                          -2.539E-04
  
  Weighted Constraints:        target        value        WTC/PTC     contrib
  @ATELIER_LATCOLOR      =   0.00000E+00   1.93583E+00   1.000E-02   3.747E+02
  @ATELIER_RMSSPOT       =   0.00000E+00   9.19091E+01   1.000E-03   8.447E+03
 RAY ERROR: REFL 13
  
 CYCLE NUMBER 6:
  
  ABERR F. =        1.19007375
  CONST F. =    14757.98546851
  ERR. F.  =    14759.17554226       (change =     5935.84361686)
  
  OPD     0.98717897     0.61514735     0.36859002
  WAV     2.47370847     0.84621427     0.41659783
  
  
  
  Parameter                 Value            Change
  CUY S2                2.85169596E-01     -4.05E-04
  CUY S3                3.42509108E-01     -2.14E-04
  CUY S4                5.36741443E-01     -7.37E-04
  CUY S5                4.03617709E-01     -4.40E-03
  CUY S6                2.43900116E-01     -7.04E-03
  CUY S7               -2.62320994E-01     -3.57E-03
  CUY S8               -1.10070204E+00      1.46E-04
  CUY S9               -4.43088678E-01      2.49E-04
  CUY S10               4.94484118E-01     -2.80E-04
  CUY S11              -2.45266458E-01     -2.30E-04
  CUY S12               7.05107152E-01     -7.18E-05
  CUY S13               1.05235343E+00     -1.19E-04
  A   S2               -3.22597541E-02      2.10E-04
  A   S3               -1.01939435E-01     -1.42E-04
  A   S4               -5.52247881E-02      2.45E-04
  A   S5               -2.35415449E-02     -2.50E-04
  A   S6               -3.35639097E-02      2.45E-04
  A   S7                3.64945187E-03     -1.65E-04
  A   S8                2.39499209E-01      1.78E-04
  A   S9                5.79218938E-02     -1.51E-04
  A   S10              -9.60825177E-03      2.53E-04
  A   S11               4.60113347E-02      1.54E-04
  A   S12              -4.91790181E-02      7.11E-05
  A   S13              -6.34428421E-02      7.39E-05
  THI S1                1.00000000E-03     -4.55E-18
  THI S3                1.38367933E-01     -1.42E-02
  THI S5                1.85658902E-01      2.60E-03
  THI S7                4.39287440E-01     -3.92E-02
  THI S9                5.69349518E-02      1.98E-03
  THI S11               2.18234873E-01     -3.47E-04
  THI S13               7.72311504E-01      1.04E-02
  THI S15               4.52118499E-01      1.04E-02
  
        EFL          REDU         PIM          OAL         EN PUP       EX PUP
      3.950271     0.000000     0.441704     5.970796     0.000000    -4.573600
  
  Active Constraints -   2:    target        value         diff        cost
  EFL                    =   3.95031E+00   3.95027E+00  -3.941E-05   8.579E+00
  Mn CT S1                                                          -2.447E-04
  
  Weighted Constraints:        target        value        WTC/PTC     contrib
  @ATELIER_LATCOLOR      =   0.00000E+00   1.93976E+00   1.000E-02   3.763E+02
  @ATELIER_RMSSPOT       =   0.00000E+00   1.19924E+02   1.000E-03   1.438E+04
  
  Constraints released:   Mn CT S1 (>)
  Constraints released:   Mn CT S1 (>)
  
 CYCLE NUMBER 7:
  
  ABERR F. =        1.49847483
  CONST F. =    13190.75201962
  ERR. F.  =    13192.25049445       (change =    -1566.92504780)
  
  OPD     1.52442661     0.46406882     0.56006290
  WAV     3.15214388     0.57870700     0.59054321
  
  
  
  Parameter                 Value            Change
  CUY S2                2.85714635E-01      5.45E-04
  CUY S3                3.44266502E-01      1.76E-03
  CUY S4                5.38917653E-01      2.18E-03
  CUY S5                3.93557511E-01     -1.01E-02
  CUY S6                2.34281538E-01     -9.62E-03
  CUY S7               -2.59958339E-01      2.36E-03
  CUY S8               -1.10047849E+00      2.24E-04
  CUY S9               -4.44594895E-01     -1.51E-03
  CUY S10               4.94371127E-01     -1.13E-04
  CUY S11              -2.42542138E-01      2.72E-03
  CUY S12               7.07989310E-01      2.88E-03
  CUY S13               1.05283029E+00      4.77E-04
  A   S2               -3.19439505E-02      3.16E-04
  A   S3               -1.02581669E-01     -6.42E-04
  A   S4               -5.57083014E-02     -4.84E-04
  A   S5               -2.33350232E-02      2.07E-04
  A   S6               -3.40308637E-02     -4.67E-04
  A   S7                4.62508923E-03      9.76E-04
  A   S8                2.39286933E-01     -2.12E-04
  A   S9                5.74659824E-02     -4.56E-04
  A   S10              -9.77460853E-03     -1.66E-04
  A   S11               4.61252675E-02      1.14E-04
  A   S12              -4.91672402E-02      1.18E-05
  A   S13              -6.29494555E-02      4.93E-04
  THI S1                5.63111284E-03      4.63E-03
  THI S3                1.39793838E-01      1.43E-03
  THI S5                1.84065122E-01     -1.59E-03
  THI S7                4.20462761E-01     -1.88E-02
  THI S9                7.00450807E-02      1.31E-02
  THI S11               2.19860876E-01      1.63E-03
  THI S13               7.57295617E-01     -1.50E-02
  THI S15               4.37102612E-01     -1.50E-02
  
        EFL          REDU         PIM          OAL         EN PUP       EX PUP
      3.950308     0.000000     0.473822     5.956154     0.000000    -4.583468
  
  Active Constraints -   1:    target        value         diff        cost
  EFL                    =   3.95031E+00   3.95031E+00  -2.698E-06   2.926E-01
  
  Weighted Constraints:        target        value        WTC/PTC     contrib
  @ATELIER_LATCOLOR      =   0.00000E+00   1.96642E+00   1.000E-02   3.867E+02
  @ATELIER_RMSSPOT       =   0.00000E+00   1.13155E+02   1.000E-03   1.280E+04
 RAY ERROR: REFL 13
  
  Constraints added:      Mn CT S1 (>)
 RAY ERROR: REFL 13
  
 CYCLE NUMBER 8:
  
  ABERR F. =        1.17679284
  CONST F. =    10200.80179942
  ERR. F.  =    10201.97859226       (change =    -2990.27190219)
  
  OPD     0.87116675     0.35283913     0.38349636
  WAV     2.61217034     0.53091748     0.41622674
  
  
  
  Parameter                 Value            Change
  CUY S2                2.84984749E-01     -7.30E-04
  CUY S3                3.43722937E-01     -5.44E-04
  CUY S4                5.37626656E-01     -1.29E-03
  CUY S5                3.92667552E-01     -8.90E-04
  CUY S6                2.32811691E-01     -1.47E-03
  CUY S7               -2.62362160E-01     -2.40E-03
  CUY S8               -1.10096735E+00     -4.89E-04
  CUY S9               -4.44945170E-01     -3.50E-04
  CUY S10               4.94028658E-01     -3.42E-04
  CUY S11              -2.43039097E-01     -4.97E-04
  CUY S12               7.07799471E-01     -1.90E-04
  CUY S13               1.05292459E+00      9.43E-05
  A   S2               -3.18592549E-02      8.47E-05
  A   S3               -1.02650910E-01     -6.92E-05
  A   S4               -5.55993068E-02      1.09E-04
  A   S5               -2.34566446E-02     -1.22E-04
  A   S6               -3.39088437E-02      1.22E-04
  A   S7                4.52223090E-03     -1.03E-04
  A   S8                2.39397483E-01      1.11E-04
  A   S9                5.73625768E-02     -1.03E-04
  A   S10              -9.60261401E-03      1.72E-04
  A   S11               4.58083125E-02     -3.17E-04
  A   S12              -4.88732712E-02      2.94E-04
  A   S13              -6.29883084E-02     -3.89E-05
  THI S1                1.00000000E-03     -4.63E-03
  THI S3                1.41476660E-01      1.68E-03
  THI S5                1.83249862E-01     -8.15E-04
  THI S7                4.22059328E-01      1.60E-03
  THI S9                8.36488320E-02      1.36E-02
  THI S11               2.20371886E-01      5.11E-04
  THI S13               7.60761492E-01      3.47E-03
  THI S15               4.40568487E-01      3.47E-03
  
        EFL          REDU         PIM          OAL         EN PUP       EX PUP
      3.950288     0.000000     0.471841     5.971568     0.000000    -4.623185
  
  Active Constraints -   2:    target        value         diff        cost
  EFL                    =   3.95031E+00   3.95029E+00  -2.289E-05   8.639E-01
  Mn CT S1                                                          -1.323E-04
  
  Weighted Constraints:        target        value        WTC/PTC     contrib
  @ATELIER_LATCOLOR      =   0.00000E+00   1.97790E+00   1.000E-02   3.912E+02
  @ATELIER_RMSSPOT       =   0.00000E+00   9.90434E+01   1.000E-03   9.810E+03
 RAY ERROR: REFL 13
  
  Constraints released:   Mn CT S1 (>)
  
 CYCLE NUMBER 9:
  
  ABERR F. =        1.16502647
  CONST F. =    10112.78451520
  ERR. F.  =    10113.94954167       (change =      -88.02905059)
  
  OPD     0.84370306     0.35291826     0.37688433
  WAV     2.59040931     0.53551238     0.41024168
  
  
  
  Parameter                 Value            Change
  CUY S2                2.84951775E-01     -3.30E-05
  CUY S3                3.43679158E-01     -4.38E-05
  CUY S4                5.37548784E-01     -7.79E-05
  CUY S5                3.92628008E-01     -3.95E-05
  CUY S6                2.32746453E-01     -6.52E-05
  CUY S7               -2.62470949E-01     -1.09E-04
  CUY S8               -1.10098748E+00     -2.01E-05
  CUY S9               -4.44957804E-01     -1.26E-05
  CUY S10               4.94010153E-01     -1.85E-05
  CUY S11              -2.43063003E-01     -2.39E-05
  CUY S12               7.07789401E-01     -1.01E-05
  CUY S13               1.05292673E+00      2.14E-06
  A   S2               -3.18548451E-02      4.41E-06
  A   S3               -1.02654413E-01     -3.50E-06
  A   S4               -5.55937562E-02      5.55E-06
  A   S5               -2.34627244E-02     -6.08E-06
  A   S6               -3.39027759E-02      6.07E-06
  A   S7                4.51735391E-03     -4.88E-06
  A   S8                2.39402672E-01      5.19E-06
  A   S9                5.73577433E-02     -4.83E-06
  A   S10              -9.59445735E-03      8.16E-06
  A   S11               4.57945772E-02     -1.37E-05
  A   S12              -4.88626445E-02      1.06E-05
  A   S13              -6.29889316E-02     -6.23E-07
  THI S1                1.09538579E-03      9.54E-05
  THI S3                1.41544913E-01      6.83E-05
  THI S5                1.83230641E-01     -1.92E-05
  THI S7                4.22142234E-01      8.29E-05
  THI S9                8.42758581E-02      6.27E-04
  THI S11               2.20390097E-01      1.82E-05
  THI S13               7.60947030E-01      1.86E-04
  THI S15               4.40754025E-01      1.86E-04
  
        EFL          REDU         PIM          OAL         EN PUP       EX PUP
      3.950299     0.000000     0.471700     5.972626     0.000000    -4.625581
  
  Active Constraints -   1:    target        value         diff        cost
  EFL                    =   3.95031E+00   3.95030E+00  -1.145E-05   9.881E-01
  
  Weighted Constraints:        target        value        WTC/PTC     contrib
  @ATELIER_LATCOLOR      =   0.00000E+00   1.97823E+00   1.000E-02   3.913E+02
  @ATELIER_RMSSPOT       =   0.00000E+00   9.85974E+01   1.000E-03   9.721E+03
  
 CYCLE NUMBER 10:
  
  ABERR F. =        1.29912739
  CONST F. =     9178.60773599
  ERR. F.  =     9179.90686338       (change =     -934.04267829)
  
  OPD     1.33185241     0.56371355     0.31516330
  WAV     2.69651761     0.73158547     0.35921530
  
  
  
  Parameter                 Value            Change
  CUY S2                2.85899567E-01      9.48E-04
  CUY S3                3.43213206E-01     -4.66E-04
  CUY S4                5.37821092E-01      2.72E-04
  CUY S5                3.79910773E-01     -1.27E-02
  CUY S6                2.20818731E-01     -1.19E-02
  CUY S7               -2.57024564E-01      5.45E-03
  CUY S8               -1.09864635E+00      2.34E-03
  CUY S9               -4.46448111E-01     -1.49E-03
  CUY S10               4.93959054E-01     -5.11E-05
  CUY S11              -2.38152246E-01      4.91E-03
  CUY S12               7.11448161E-01      3.66E-03
  CUY S13               1.05280389E+00     -1.23E-04
  A   S2               -3.16057146E-02      2.49E-04
  A   S3               -1.02992273E-01     -3.38E-04
  A   S4               -5.34877362E-02      2.11E-03
  A   S5               -2.27577730E-02      7.05E-04
  A   S6               -3.59234126E-02     -2.02E-03
  A   S7                2.20005202E-03     -2.32E-03
  A   S8                2.38643359E-01     -7.59E-04
  A   S9                5.69902756E-02     -3.67E-04
  A   S10              -9.85753027E-03     -2.63E-04
  A   S11               4.59762058E-02      1.82E-04
  A   S12              -4.80909344E-02      7.72E-04
  A   S13              -6.23712194E-02      6.18E-04
  THI S1                5.49944862E-03      4.40E-03
  THI S3                1.44070455E-01      2.53E-03
  THI S5                1.80049907E-01     -3.18E-03
  THI S7                4.31469982E-01      9.33E-03
  THI S9                9.80198257E-02      1.37E-02
  THI S11               2.21453467E-01      1.06E-03
  THI S13               7.97581818E-01      3.66E-02
  THI S15               4.77388813E-01      3.66E-02
  
        EFL          REDU         PIM          OAL         EN PUP       EX PUP
      3.950285     0.000000     0.414359     6.037145     0.000000    -4.712684
  
  Active Constraints -   1:    target        value         diff        cost
  EFL                    =   3.95031E+00   3.95029E+00  -2.535E-05   2.884E-01
  
  Weighted Constraints:        target        value        WTC/PTC     contrib
  @ATELIER_LATCOLOR      =   0.00000E+00   1.62458E+00   1.000E-02   2.639E+02
  @ATELIER_RMSSPOT       =   0.00000E+00   9.44176E+01   1.000E-03   8.915E+03
 RAY ERROR: MISS  2
  
  Constraints added:      Mn CT S1 (>)                Mn ET S13 (>)
 RAY ERROR: REFL 13
  Constraints released:   Mn CT S1 (>)                Mn ET S13 (>)
  Constraints released:   Mn CT S1 (>)                Mn ET S13 (>)
  
 CYCLE NUMBER 11:
  
  ABERR F. =        1.41324865
  CONST F. =     8737.20961736
  ERR. F.  =     8738.62286601       (change =     -441.28399737)
  
  OPD     1.64015848     0.65539185     0.38182169
  WAV     2.79388400     0.85188484     0.43207495
  
  
  
  Parameter                 Value            Change
  CUY S2                2.85632218E-01     -2.67E-04
  CUY S3                3.42887412E-01     -3.26E-04
  CUY S4                5.37198919E-01     -6.22E-04
  CUY S5                3.79322098E-01     -5.89E-04
  CUY S6                2.20041537E-01     -7.77E-04
  CUY S7               -2.57899574E-01     -8.75E-04
  CUY S8               -1.09879797E+00     -1.52E-04
  CUY S9               -4.46527159E-01     -7.90E-05
  CUY S10               4.93913983E-01     -4.51E-05
  CUY S11              -2.38228164E-01     -7.59E-05
  CUY S12               7.11362926E-01     -8.52E-05
  CUY S13               1.05280171E+00     -2.18E-06
  A   S2               -3.15607984E-02      4.49E-05
  A   S3               -1.03023365E-01     -3.11E-05
  A   S4               -5.34335946E-02      5.41E-05
  A   S5               -2.28129853E-02     -5.52E-05
  A   S6               -3.58702703E-02      5.31E-05
  A   S7                2.16308963E-03     -3.70E-05
  A   S8                2.38680303E-01      3.69E-05
  A   S9                5.69571632E-02     -3.31E-05
  A   S10              -9.80196920E-03      5.56E-05
  A   S11               4.59112750E-02     -6.49E-05
  A   S12              -4.80639684E-02      2.70E-05
  A   S13              -6.23664777E-02      4.74E-06
  THI S1                3.46237895E-03     -2.04E-03
  THI S3                1.44485686E-01      4.15E-04
  THI S5                1.79770644E-01     -2.79E-04
  THI S7                4.32313154E-01      8.43E-04
  THI S9                9.93499991E-02      1.33E-03
  THI S11               2.21556705E-01      1.03E-04
  THI S13               8.00065773E-01      2.48E-03
  THI S15               4.79872768E-01      2.48E-03
  
        EFL          REDU         PIM          OAL         EN PUP       EX PUP
      3.950296     0.000000     0.412031     6.040004     0.000000    -4.717263
  
  Active Constraints -   1:    target        value         diff        cost
  EFL                    =   3.95031E+00   3.95030E+00  -1.458E-05   7.556E-01
  
  Weighted Constraints:        target        value        WTC/PTC     contrib
  @ATELIER_LATCOLOR      =   0.00000E+00   1.62302E+00   1.000E-02   2.634E+02
  @ATELIER_RMSSPOT       =   0.00000E+00   9.20532E+01   1.000E-03   8.474E+03
 RAY ERROR: REFL 13
  
 CYCLE NUMBER 12:
  
  ABERR F. =        1.42359057
  CONST F. =     8682.36675531
  ERR. F.  =     8683.79034589       (change =      -54.83252013)
  
  OPD     1.66725908     0.66473240     0.38790372
  WAV     2.80114740     0.86512367     0.43898029
  
  
  
  Parameter                 Value            Change
  CUY S2                2.85591269E-01     -4.09E-05
  CUY S3                3.42841666E-01     -4.57E-05
  CUY S4                5.37106609E-01     -9.23E-05
  CUY S5                3.79268148E-01     -5.40E-05
  CUY S6                2.19960362E-01     -8.12E-05
  CUY S7               -2.58032710E-01     -1.33E-04
  CUY S8               -1.09881966E+00     -2.17E-05
  CUY S9               -4.46536192E-01     -9.03E-06
  CUY S10               4.93909012E-01     -4.97E-06
  CUY S11              -2.38237065E-01     -8.90E-06
  CUY S12               7.11357168E-01     -5.76E-06
  CUY S13               1.05280378E+00      2.07E-06
  A   S2               -3.15520568E-02      8.74E-06
  A   S3               -1.03028785E-01     -5.42E-06
  A   S4               -5.34239720E-02      9.62E-06
  A   S5               -2.28225505E-02     -9.57E-06
  A   S6               -3.58610472E-02      9.22E-06
  A   S7                2.15746897E-03     -5.62E-06
  A   S8                2.38685760E-01      5.46E-06
  A   S9                5.69524209E-02     -4.74E-06
  A   S10              -9.79410315E-03      7.87E-06
  A   S11               4.59035280E-02     -7.75E-06
  A   S12              -4.80615926E-02      2.38E-06
  A   S13              -6.23655135E-02      9.64E-07
  THI S1                3.21045764E-03     -2.52E-04
  THI S3                1.44539034E-01      5.33E-05
  THI S5                1.79734339E-01     -3.63E-05
  THI S7                4.32198429E-01     -1.15E-04
  THI S9                9.94575878E-02      1.08E-04
  THI S11               2.21567093E-01      1.04E-05
  THI S13               8.00042040E-01     -2.37E-05
  THI S15               4.79849035E-01     -2.37E-05
  
        EFL          REDU         PIM          OAL         EN PUP       EX PUP
      3.950303     0.000000     0.412402     6.039749     0.000000    -4.717146
  
  Active Constraints -   1:    target        value         diff        cost
  EFL                    =   3.95031E+00   3.95030E+00  -7.308E-06   7.451E-01
  
  Weighted Constraints:        target        value        WTC/PTC     contrib
  @ATELIER_LATCOLOR      =   0.00000E+00   1.62584E+00   1.000E-02   2.643E+02
  @ATELIER_RMSSPOT       =   0.00000E+00   9.17498E+01   1.000E-03   8.418E+03
 RAY ERROR: REFL 13
  
 CYCLE NUMBER 13:
  
  ABERR F. =        1.42384968
  CONST F. =     8676.87873538
  ERR. F.  =     8678.30258506       (change =       -5.48776082)
  
  OPD     1.66803844     0.66546867     0.38847599
  WAV     2.80086250     0.86594594     0.43963619
  
  
  
  Parameter                 Value            Change
  CUY S2                2.85590039E-01     -1.23E-06
  CUY S3                3.42840569E-01     -1.10E-06
  CUY S4                5.37103274E-01     -3.33E-06
  CUY S5                3.79266079E-01     -2.07E-06
  CUY S6                2.19951435E-01     -8.93E-06
  CUY S7               -2.58047555E-01     -1.48E-05
  CUY S8               -1.09882449E+00     -4.83E-06
  CUY S9               -4.46537427E-01     -1.24E-06
  CUY S10               4.93907445E-01     -1.57E-06
  CUY S11              -2.38239320E-01     -2.26E-06
  CUY S12               7.11355703E-01     -1.47E-06
  CUY S13               1.05280384E+00      6.81E-08
  A   S2               -3.15515140E-02      5.43E-07
  A   S3               -1.03029004E-01     -2.18E-07
  A   S4               -5.34227040E-02      1.27E-06
  A   S5               -2.28202130E-02      2.34E-06
  A   S6               -3.58600198E-02      1.03E-06
  A   S7                2.15724190E-03     -2.27E-07
  A   S8                2.38687100E-01      1.34E-06
  A   S9                5.69511940E-02     -1.23E-06
  A   S10              -9.79218307E-03      1.92E-06
  A   S11               4.59016739E-02     -1.85E-06
  A   S12              -4.80610465E-02      5.46E-07
  A   S13              -6.23652704E-02      2.43E-07
  THI S1                3.25445368E-03      4.40E-05
  THI S3                1.44549824E-01      1.08E-05
  THI S5                1.79728952E-01     -5.39E-06
  THI S7                4.32152800E-01     -4.56E-05
  THI S9                9.94905517E-02      3.30E-05
  THI S11               2.21567683E-01      5.90E-07
  THI S13               8.00033288E-01     -8.75E-06
  THI S15               4.79840283E-01     -8.75E-06
  
        EFL          REDU         PIM          OAL         EN PUP       EX PUP
      3.950307     0.000000     0.412480     6.039778     0.000000    -4.717273
  
  Active Constraints -   1:    target        value         diff        cost
  EFL                    =   3.95031E+00   3.95031E+00  -3.652E-06   8.908E-01
  
  Weighted Constraints:        target        value        WTC/PTC     contrib
  @ATELIER_LATCOLOR      =   0.00000E+00   1.62653E+00   1.000E-02   2.646E+02
  @ATELIER_RMSSPOT       =   0.00000E+00   9.17187E+01   1.000E-03   8.412E+03
  
     Normal AUTO Completion - System improvement less than IMP
AUT> GO
 
 
CODE V> BUF PUT B1 I^row J1 "schema"
      Created new worksheet B1.
CODE V> BUF PUT B1 I^row J2 "atelier-codev-target-v1"
CODE V> BUF PUT B1 I^row J1 "status"
CODE V> BUF PUT B1 I^row J2 "ok"
CODE V> BUF PUT B1 I^row J1 "mode"
CODE V> BUF PUT B1 I^row J2 "target"
CODE V> BUF PUT B1 I^row J1 "stage"
CODE V> BUF PUT B1 I^row J2 "A"
CODE V> BUF PUT B1 I^row J1 "source_zmx"
CODE V> BUF PUT B1 I^row J2 "US8908290B1.zmx"
CODE V> BUF PUT B1 I^row J1 "num_fields"
CODE V> BUF PUT B1 I^row J2 ^numf_out
CODE V> BUF PUT B1 I^row J1 "vignetting_edge"
CODE V> BUF PUT B1 I^row J2 0.4
CODE V> BUF PUT B1 I^row J1 "target.efl_mm"
CODE V> BUF PUT B1 I^row J2 ^target_efl
CODE V> BUF PUT B1 I^row J1 "target.f_number"
CODE V> BUF PUT B1 I^row J2 1.8
CODE V> BUF PUT B1 I^row J1 "seed_baseline.efl_y_mm"
CODE V> BUF PUT B1 I^row J2 ^seed_baseline_efl_y_mm
CODE V> BUF PUT B1 I^row J1 "seed_baseline.max_lateral_color_um"
CODE V> BUF PUT B1 I^row J2 ^seed_baseline_max_lateral_color_um
CODE V> BUF PUT B1 I^row J1 "seed_baseline.max_rms_spot_diameter_um"
CODE V> BUF PUT B1 I^row J2 ^seed_baseline_max_rms_spot_diameter_um
CODE V> BUF PUT B1 I^row J1 "seed_baseline.max_rms_wavefront_error_waves"
CODE V> BUF PUT B1 I^row J2 ^seed_baseline_max_rms_wavefront_error_waves
CODE V> BUF PUT B1 I^row J1 "seed_baseline.max_distortion_pct"
CODE V> BUF PUT B1 I^row J2 ^seed_baseline_max_distortion_pct
CODE V> BUF PUT B1 I^row J1 "seed_baseline.fno"
CODE V> BUF PUT B1 I^row J2 ^seed_baseline_fno
CODE V> BUF PUT B1 I^row J1 "seed_baseline.epd_mm"
CODE V> BUF PUT B1 I^row J2 ^seed_baseline_epd
CODE V> BUF PUT B1 I^row J1 "seed_baseline.maximh_mm"
CODE V> BUF PUT B1 I^row J2 ^seed_baseline_maximh
CODE V> BUF PUT B1 I^row J1 "config_pre_aut.efl_y_mm"
CODE V> BUF PUT B1 I^row J2 ^config_pre_aut_efl_y_mm
CODE V> BUF PUT B1 I^row J1 "config_pre_aut.max_lateral_color_um"
CODE V> BUF PUT B1 I^row J2 ^config_pre_aut_max_lateral_color_um
CODE V> BUF PUT B1 I^row J1 "config_pre_aut.max_rms_spot_diameter_um"
CODE V> BUF PUT B1 I^row J2 ^config_pre_aut_max_rms_spot_diameter_um
CODE V> BUF PUT B1 I^row J1 "config_pre_aut.max_rms_wavefront_error_waves"
CODE V> BUF PUT B1 I^row J2 ^config_pre_aut_max_rms_wavefront_error_waves
CODE V> BUF PUT B1 I^row J1 "config_pre_aut.max_distortion_pct"
CODE V> BUF PUT B1 I^row J2 ^config_pre_aut_max_distortion_pct
CODE V> BUF PUT B1 I^row J1 "config_pre_aut.fno"
CODE V> BUF PUT B1 I^row J2 ^config_pre_aut_fno
CODE V> BUF PUT B1 I^row J1 "config_pre_aut.epd_mm"
CODE V> BUF PUT B1 I^row J2 ^config_pre_aut_epd
CODE V> BUF PUT B1 I^row J1 "config_pre_aut.maximh_mm"
CODE V> BUF PUT B1 I^row J2 ^config_pre_aut_maximh
CODE V> BUF PUT B1 I^row J1 "post_aut.efl_y_mm"
CODE V> BUF PUT B1 I^row J2 ^post_aut_efl_y_mm
CODE V> BUF PUT B1 I^row J1 "post_aut.max_lateral_color_um"
CODE V> BUF PUT B1 I^row J2 ^post_aut_max_lateral_color_um
CODE V> BUF PUT B1 I^row J1 "post_aut.max_rms_spot_diameter_um"
CODE V> BUF PUT B1 I^row J2 ^post_aut_max_rms_spot_diameter_um
CODE V> BUF PUT B1 I^row J1 "post_aut.max_rms_wavefront_error_waves"
CODE V> BUF PUT B1 I^row J2 ^post_aut_max_rms_wavefront_error_waves
CODE V> BUF PUT B1 I^row J1 "post_aut.max_distortion_pct"
CODE V> BUF PUT B1 I^row J2 ^post_aut_max_distortion_pct
CODE V> BUF PUT B1 I^row J1 "post_aut.fno"
CODE V> BUF PUT B1 I^row J2 ^post_aut_fno
CODE V> BUF PUT B1 I^row J1 "post_aut.epd_mm"
CODE V> BUF PUT B1 I^row J2 ^post_aut_epd
CODE V> BUF PUT B1 I^row J1 "post_aut.maximh_mm"
CODE V> BUF PUT B1 I^row J2 ^post_aut_maximh
CODE V> BUF PUT B1 I^row J1 "efl_target_deviation_pct"
CODE V> BUF PUT B1 I^row J2 ^efl_target_dev_pct
CODE V> BUF PUT B1 I^row J1 "aut_converged"
CODE V> BUF PUT B1 I^row J2 ^aut_converged
CODE V> BUF EXP B1 "D:\atelier-wt-c\.planning\loop\p15-stageb-evidence\fno-matrix-2026-07-11\US8908290B1_tighten\rung3_fno0180\ray_retry\atelier_codev_target_A_vig0400.tsv"
     Buffer B1 exported to file atelier_codev_target_A_vig0400.tsv
CODE V> BUF DEL B1
CODE V> OUT YES
CODE V> EXI YES
     EXI                                                                              11-Jul-26  14H 21M 52S
                                                 CODE V PC  Version: 11.5             CPU clock:  0H  0M  7S
