  
  
                                   Welcome to
  
                                   C O D E   V
  
                                PC  Version 11.5
                                   Build 27302701
  
                                   11-Jul-2026
  
                            A proprietary product of
  
                              SYNOPSYS, INC
                              Pasadena, California
  
CODE V> OUT NO
     Radius input/output mode
  
    Lens data created by Zemax version 210628
  
    Zemax command MODE ignored
    Zemax command AUTH ignored
    ZEMAX NOTE 0 table5
    Zemax command PFIL ignored
    Zemax command LANG ignored
     WARNING - Glass catalog list not used.
     WARNING - Ray aiming not used.
     WARNING - Pupil shift for ray aiming not used.
    Zemax command SDMA ignored
    Zemax command OMMA ignored
    Zemax command HYPR ignored
     WARNING - Vignetting angles not used.
    Zemax command XAIM ignored
    Zemax command YAIM ignored
    Zemax command ZAIM ignored
    Zemax command FCOM ignored
    Zemax command FCOM ignored
    Zemax command POLS ignored
    Zemax command GLRS ignored
    Zemax command GSTD ignored
    Zemax command NSCD ignored
    Zemax command COFN ignored
    Zemax command COFN ignored
    Zemax command LUID ignored
  
     Surface pointer = OBJ
    Zemax command SSID ignored.
    Zemax surface type  STANDARD
    CODE V surface type SPH
    Zemax command FIMP ignored.
     WARNING - Hiding of rays not used.
    Zemax command MIRR ignored.
    Zemax command SLAB ignored.
    Zemax command MEMA ignored.
    Zemax command POPS ignored.
  
     Surface pointer = 1
    Zemax command SSID ignored.
    Zemax surface type  STANDARD
    CODE V surface type SPH
    Zemax command FIMP ignored.
     WARNING - Hiding of rays not used.
    Zemax command MIRR ignored.
    Zemax command SLAB ignored.
    Zemax command MEMA ignored.
    Zemax command POPS ignored.
  
     Surface pointer = 2
    Zemax command SSID ignored.
    Zemax surface type  EVENASPH
    CODE V surface type ASP
    Zemax command FIMP ignored.
     WARNING - Hiding of rays not used.
    Zemax command MIRR ignored.
    Zemax command SLAB ignored.
     WARNING - Partial dispersion of model glass not used.
    Zemax command MEMA ignored.
    Zemax command POPS ignored.
  
     Surface pointer = 3
    Zemax command SSID ignored.
    Zemax surface type  EVENASPH
    CODE V surface type ASP
    Zemax command FIMP ignored.
     WARNING - Hiding of rays not used.
    Zemax command MIRR ignored.
    Zemax command SLAB ignored.
    Zemax command MEMA ignored.
    Zemax command POPS ignored.
  
     Surface pointer = 4
    Zemax command SSID ignored.
    Zemax surface type  EVENASPH
    CODE V surface type ASP
    Zemax command FIMP ignored.
     WARNING - Hiding of rays not used.
    Zemax command MIRR ignored.
    Zemax command SLAB ignored.
     WARNING - Partial dispersion of model glass not used.
    Zemax command MEMA ignored.
    Zemax command POPS ignored.
  
     Surface pointer = 5
    Zemax command SSID ignored.
    Zemax surface type  EVENASPH
    CODE V surface type ASP
    Zemax command FIMP ignored.
     WARNING - Hiding of rays not used.
    Zemax command MIRR ignored.
    Zemax command SLAB ignored.
    Zemax command MEMA ignored.
    Zemax command POPS ignored.
  
     Surface pointer = 6
    Zemax command SSID ignored.
    Zemax surface type  EVENASPH
    CODE V surface type ASP
    Zemax command FIMP ignored.
     WARNING - Hiding of rays not used.
    Zemax command MIRR ignored.
    Zemax command SLAB ignored.
     WARNING - Partial dispersion of model glass not used.
    Zemax command MEMA ignored.
    Zemax command POPS ignored.
  
     Surface pointer = 7
    Zemax command SSID ignored.
    Zemax surface type  EVENASPH
    CODE V surface type ASP
    Zemax command FIMP ignored.
     WARNING - Hiding of rays not used.
    Zemax command MIRR ignored.
    Zemax command SLAB ignored.
    Zemax command MEMA ignored.
    Zemax command POPS ignored.
  
     Surface pointer = 8
    Zemax command SSID ignored.
    Zemax surface type  EVENASPH
    CODE V surface type ASP
    Zemax command FIMP ignored.
     WARNING - Hiding of rays not used.
    Zemax command MIRR ignored.
    Zemax command SLAB ignored.
     WARNING - Partial dispersion of model glass not used.
    Zemax command MEMA ignored.
    Zemax command POPS ignored.
  
     Surface pointer = 9
    Zemax command SSID ignored.
    Zemax surface type  EVENASPH
    CODE V surface type ASP
    Zemax command FIMP ignored.
     WARNING - Hiding of rays not used.
    Zemax command MIRR ignored.
    Zemax command SLAB ignored.
    Zemax command MEMA ignored.
    Zemax command POPS ignored.
  
     Surface pointer = 10
    Zemax command SSID ignored.
    Zemax surface type  EVENASPH
    CODE V surface type ASP
    Zemax command FIMP ignored.
     WARNING - Hiding of rays not used.
    Zemax command MIRR ignored.
    Zemax command SLAB ignored.
     WARNING - Partial dispersion of model glass not used.
    Zemax command MEMA ignored.
    Zemax command POPS ignored.
  
     Surface pointer = 11
    Zemax command SSID ignored.
    Zemax surface type  EVENASPH
    CODE V surface type ASP
    Zemax command FIMP ignored.
     WARNING - Hiding of rays not used.
    Zemax command MIRR ignored.
    Zemax command SLAB ignored.
    Zemax command MEMA ignored.
    Zemax command POPS ignored.
  
     Surface pointer = 12
    Zemax command SSID ignored.
    Zemax surface type  EVENASPH
    CODE V surface type ASP
    Zemax command FIMP ignored.
     WARNING - Hiding of rays not used.
    Zemax command MIRR ignored.
    Zemax command SLAB ignored.
     WARNING - Partial dispersion of model glass not used.
    Zemax command MEMA ignored.
    Zemax command POPS ignored.
  
     Surface pointer = 13
    Zemax command SSID ignored.
    Zemax surface type  EVENASPH
    CODE V surface type ASP
    Zemax command FIMP ignored.
     WARNING - Hiding of rays not used.
    Zemax command MIRR ignored.
    Zemax command SLAB ignored.
    Zemax command MEMA ignored.
    Zemax command POPS ignored.
  
     Surface pointer = 14
    Zemax command SSID ignored.
    Zemax surface type  STANDARD
    CODE V surface type SPH
    Zemax command FIMP ignored.
     WARNING - Hiding of rays not used.
    Zemax command MIRR ignored.
    Zemax command SLAB ignored.
     WARNING - Partial dispersion of model glass not used.
    Zemax command MEMA ignored.
    Zemax command POPS ignored.
  
     Surface pointer = 15
    Zemax command SSID ignored.
    Zemax surface type  STANDARD
    CODE V surface type SPH
    Zemax command FIMP ignored.
     WARNING - Hiding of rays not used.
    Zemax command MIRR ignored.
    Zemax command SLAB ignored.
    Zemax command MEMA ignored.
    Zemax command POPS ignored.
  
     Surface pointer = IMG
    Zemax command SSID ignored.
    Zemax surface type  STANDARD
    CODE V surface type SPH
    Zemax command FIMP ignored.
     WARNING - Hiding of rays not used.
    Zemax command MIRR ignored.
    Zemax command SLAB ignored.
    Zemax command MEMA ignored.
    Zemax command POPS ignored.
  
     WARNING - Please check the converted lens carefully.
               Some information will not be converted.
               Changes in either CODE V or ZEMAX may invalidate
               the converted information.
               Due to differences between CODE V and ZEMAX ray
               aiming and vignetting factors, it is recommended
               that you set vignetting for the converted system.
  
               A concise listing of conversion warnings appears
               in the Tabbed Output Window 'Info' tab and in the
               Command Window.
  
CODE V> DEF VAR SA
 
 
CODE V> FNO 1.8
CODE V> VUY 0 0.2 0.2
CODE V> VLY 0 0.2 0.2
CODE V> VUX 0 0.2 0.2
CODE V> VLX 0 0.2 0.2
 
 
CODE V> AUT
     AUT                                                                              11-Jul-26  14H 21M 28S
                                                 CODE V PC  Version: 11.5             CPU clock:  0H  0M  0S
     ***Defocussing frozen to eliminate redundant variable
AUT>   SUR N
AUT>   CHG SA
AUT>   WFR Y
AUT>   WTF FA 10
AUT>   EFL = 3.95031061876715
AUT>   @atelier_latcolor == @lcum(1)
AUT>   @atelier_latcolor = 0
AUT>   WTC 0.01
AUT>   @atelier_rmsspot == @rmssum(1)
AUT>   @atelier_rmsspot = 0
AUT>   WTC 0.001
AUT>   MNT 0.025
AUT>   MNE 0.025
AUT>   MXT 10
AUT>   MNA 0.001
AUT>   MXC 25
AUT>   MNC 3
AUT>   IMP 0.001
AUT> GO
 -------------------------------------------------------------------------------
  
       USER CONSTRAINT DEFINITIONS
            @atelier_rmsspot == @rmssum(1)
  
            @atelier_latcolor == @lcum(1)
  
  
  
       POTENTIALLY ACTIVE SPECIFIC CONSTRAINTS
         EFL                                  =       3.950311
         @ATELIER_LATCOLOR                    =       0.000000     (WTC =    0.01000)
         @ATELIER_RMSSPOT                     =       0.000000     (WTC =    0.00100)
  
       GENERAL CONSTRAINTS
         MXT      10.000000
         MNT       0.025000
         MNE       0.025000
         MNA       0.001000
         MAE       0.002500
         GLA               NFK5  NSK16  NLAF2  SF4
  
       ERROR FUNCTION CONSTRUCTION
         WFR        Y
         WTW       1          1          1
         WTA       0.000000
         DEL       0.220000
         WTX F1   10.000000
         WTX F2   10.000000
         WTX F3   10.000000
         WTY F1   10.000000
         WTY F2   10.000000
         WTY F3   10.000000
  
       CONVERGENCE CONTROLS
         MXC        25
         MNC         3
         TAR       0.000000
         IMP       0.001000
  
       OUTPUT CONTROLS
         SUR NO
         CHG S0..16
  
     Recommendations for most stable convergence:
  
       Use object space aperture specifications:
       - NAO for finite conjugate systems
       - EPD for infinite conjugate systems
  
       VARIABLE LIST
  
         NO      PARAMETERS *
          1      CUY S2       CUY S3       CUY S4       CUY S5       CUY S6       CUY S7
          2      CUY S3       CUY S4
          3      CUY S4       CUY S5       CUY S6       CUY S7
          4      CUY S5       CUY S6
          5      CUY S6       CUY S7
          6      CUY S7       CUY S8
          7      CUY S8       CUY S9
          8      CUY S9       CUY S10
          9      CUY S10       CUY S11
         10      CUY S11       CUY S12
         11      CUY S12       CUY S13
         12      CUY S13
         13      A   S2
         14      A   S3
         15      A   S4
         16      A   S5
         17      A   S6
         18      A   S7
         19      A   S8
         20      A   S9
         21      A   S10
         22      A   S11
         23      A   S12
         24      A   S13
         25      THI S1
         26      THI S3
         27      THI S5
         28      THI S7
         29      THI S9
         30      THI S11
         31      THI S13
         32      THI S15
  
     * Multiple entries on a line are composite variables.
     Composite variables are either program-generated bendings
     or user-requested couplings.
  
      32 VARIABLES
  
      32 CONSTRAINTS CAN BE ACTIVE
  
     RELATIVE TIME PER CYCLE IS  267.8 UNITS
     WARNING - The macro function SPOTDATA is not supported on multiple threads.
               CODE V will set the multiple processor setting (MPP) to 1 to prevent errors.
               Please refer to the CODE V Setup and Operation Reference Manual for a complete list
               of pre-defined macro functions that are currently limited to running on a single thread.
  
 CYCLE NUMBER 0:
  
  ABERR F. =        1.61100069
  CONST F. =    47659.55454455
  ERR. F.  =    47661.16554524
  
  OPD     1.25614950     0.47613989     0.50389705
  WAV     3.57777979     0.65863320     0.52829967
  
  
  
  Parameter                 Value            Change
  CUY S2                2.86779467E-01      0.00E+00
  CUY S3                3.39097999E-01      0.00E+00
  CUY S4                5.35045479E-01      0.00E+00
  CUY S5                4.17188152E-01      0.00E+00
  CUY S6                2.69832704E-01      0.00E+00
  CUY S7               -2.26398008E-01      0.00E+00
  CUY S8               -1.07758621E+00      0.00E+00
  CUY S9               -4.46827525E-01      0.00E+00
  CUY S10               4.91159136E-01      0.00E+00
  CUY S11              -2.29779412E-01      0.00E+00
  CUY S12               7.27272727E-01      0.00E+00
  CUY S13               1.05263158E+00      0.00E+00
  A   S2               -3.19920000E-02      0.00E+00
  A   S3               -1.02200000E-01      0.00E+00
  A   S4               -5.50540000E-02      0.00E+00
  A   S5               -2.35400000E-02      0.00E+00
  A   S6               -3.39600000E-02      0.00E+00
  A   S7                3.57620000E-03      0.00E+00
  A   S8                2.39310000E-01      0.00E+00
  A   S9                5.80790000E-02      0.00E+00
  A   S10              -8.97320000E-03      0.00E+00
  A   S11               4.48830000E-02      0.00E+00
  A   S12              -4.97410000E-02      0.00E+00
  A   S13              -6.33600000E-02      0.00E+00
  THI S1               -7.00000000E-02      0.00E+00
  THI S3                1.47000000E-01      0.00E+00
  THI S5                1.76000000E-01      0.00E+00
  THI S7                4.86000000E-01      0.00E+00
  THI S9                5.00000000E-02      0.00E+00
  THI S11               9.90000000E-02      0.00E+00
  THI S13               8.00000000E-01      0.00E+00
  THI S15               4.35000000E-01      0.00E+00
  
        EFL          REDU         PIM          OAL         EN PUP       EX PUP
      3.952029     0.000000     0.463432     5.847000     0.000000    -4.568638
  
  Specific Constraints:        target        value         diff      active (**)
  EFL                    =   3.95031E+00   3.95203E+00   1.718E-03    **
  
  Weighted Constraints:        target        value        WTC/PTC     contrib
  @ATELIER_LATCOLOR      =   0.00000E+00   2.02488E+00   1.000E-02   4.100E+02
  @ATELIER_RMSSPOT       =   0.00000E+00   2.17370E+02   1.000E-03   4.725E+04
  
  Constraints added:      EFL (=)                     Mn CT S1 (>)
  
 CYCLE NUMBER 1:
  
  ABERR F. =        2.62161964
  CONST F. =    30731.02551412
  ERR. F.  =    30733.64713376       (change =   -16927.51841148)
  
  OPD     0.57408746     3.33187900     0.26810776
  WAV     3.85849910     3.84215478     0.29033224
  
  
  
  Parameter                 Value            Change
  CUY S2                2.87693161E-01      9.14E-04
  CUY S3                3.39832044E-01      7.34E-04
  CUY S4                5.41153462E-01      6.11E-03
  CUY S5                4.22799990E-01      5.61E-03
  CUY S6                2.74994690E-01      5.16E-03
  CUY S7               -2.29820985E-01     -3.42E-03
  CUY S8               -1.08590686E+00     -8.32E-03
  CUY S9               -4.39788542E-01      7.04E-03
  CUY S10               5.01225626E-01      1.01E-02
  CUY S11              -1.57646871E-01      7.21E-02
  CUY S12               8.00881789E-01      7.36E-02
  CUY S13               1.05573270E+00      3.10E-03
  A   S2               -3.21368339E-02     -1.45E-04
  A   S3               -1.02108788E-01      9.12E-05
  A   S4               -5.51401268E-02     -8.61E-05
  A   S5               -1.89897323E-02      4.55E-03
  A   S6               -3.40139121E-02     -5.39E-05
  A   S7                3.54863085E-03     -2.76E-05
  A   S8                2.39279180E-01     -3.08E-05
  A   S9                5.81707791E-02      9.18E-05
  A   S10              -8.90969082E-03      6.35E-05
  A   S11               4.49325757E-02      4.96E-05
  A   S12              -4.97165135E-02      2.45E-05
  A   S13              -6.33433918E-02      1.66E-05
  THI S1                1.00000000E-03      7.10E-02
  THI S3                1.50577637E-01      3.58E-03
  THI S5                1.75480100E-01     -5.20E-04
  THI S7                6.04696849E-01      1.19E-01
  THI S9                4.91777465E-02     -8.22E-04
  THI S11               9.83871342E-02     -6.13E-04
  THI S13               7.99360579E-01     -6.39E-04
  THI S15               4.34385844E-01     -6.14E-04
  
        EFL          REDU         PIM          OAL         EN PUP       EX PUP
      3.945866     0.000000     0.299453     6.037680     0.000000    -4.817940
  
  Active Constraints -   2:    target        value         diff        cost
  EFL                    =   3.95031E+00   3.94587E+00  -4.445E-03  -1.364E-03
  Mn CT S1                                                          -4.108E-03
  
  Weighted Constraints:        target        value        WTC/PTC     contrib
  @ATELIER_LATCOLOR      =   0.00000E+00   7.19007E+00   1.000E-02   5.170E+03
  @ATELIER_RMSSPOT       =   0.00000E+00   1.59879E+02   1.000E-03   2.556E+04
  
  Constraints released:   Mn CT S1 (>)
  
 CYCLE NUMBER 2:
  
  ABERR F. =        1.55865304
  CONST F. =    19344.64173667
  ERR. F.  =    19346.20038971       (change =   -11387.44674405)
  
  OPD     0.55653415     0.77271772     0.74163937
  WAV     3.15002352     1.60612750     0.78565267
  
  
  
  Parameter                 Value            Change
  CUY S2                2.46326862E-01     -4.14E-02
  CUY S3                2.98459837E-01     -4.14E-02
  CUY S4                5.26787977E-01     -1.44E-02
  CUY S5                4.08420470E-01     -1.44E-02
  CUY S6                2.60642775E-01     -1.44E-02
  CUY S7               -2.40610489E-01     -1.08E-02
  CUY S8               -1.08235928E+00      3.55E-03
  CUY S9               -4.39783015E-01      5.53E-06
  CUY S10               5.01229890E-01      4.26E-06
  CUY S11              -1.57727538E-01     -8.07E-05
  CUY S12               8.07113922E-01      6.23E-03
  CUY S13               1.06204403E+00      6.31E-03
  A   S2               -3.15758406E-02      5.61E-04
  A   S3               -1.03409566E-01     -1.30E-03
  A   S4               -5.51404819E-02     -3.55E-07
  A   S5               -2.18030347E-02     -2.81E-03
  A   S6               -3.40141387E-02     -2.27E-07
  A   S7                3.54851909E-03     -1.12E-07
  A   S8                2.39279066E-01     -1.14E-07
  A   S9                5.81713187E-02      5.40E-07
  A   S10              -8.90939406E-03      2.97E-07
  A   S11               4.49327336E-02      1.58E-07
  A   S12              -4.96200106E-02      9.65E-05
  A   S13              -6.33433164E-02      7.54E-08
  THI S1                1.00622262E-03      6.22E-06
  THI S3                1.50595776E-01      1.81E-05
  THI S5                1.75477929E-01     -2.17E-06
  THI S7                5.58665419E-01     -4.60E-02
  THI S9                4.91704141E-02     -7.33E-06
  THI S11               9.83802366E-02     -6.90E-06
  THI S13               7.99355383E-01     -5.20E-06
  THI S15               4.34380887E-01     -4.96E-06
  
        EFL          REDU         PIM          OAL         EN PUP       EX PUP
      3.950271     0.000000     0.410588     5.991651     0.000000    -4.796366
  
  Active Constraints -   1:    target        value         diff        cost
  EFL                    =   3.95031E+00   3.95027E+00  -3.922E-05   4.388E-04
  
  Weighted Constraints:        target        value        WTC/PTC     contrib
  @ATELIER_LATCOLOR      =   0.00000E+00   3.93767E+00   1.000E-02   1.551E+03
  @ATELIER_RMSSPOT       =   0.00000E+00   1.33395E+02   1.000E-03   1.779E+04
  
  Constraints added:      Mn CT S1 (>)
  
  Singular variable no. 18 will move only to satisfy constraints.
  Singular variable no. 19 will move only to satisfy constraints.
  Singular variable no. 22 will move only to satisfy constraints.
  Singular variable no. 27 will move only to satisfy constraints.
  Singular variable no. 29 will move only to satisfy constraints.
  Singular variable no. 30 will move only to satisfy constraints.
  Singular variable no. 31 will move only to satisfy constraints.
  Singular variable no. 32 will move only to satisfy constraints.
  
  Singular variable no. 18 will move only to satisfy constraints.
  Singular variable no. 19 will move only to satisfy constraints.
  Singular variable no. 22 will move only to satisfy constraints.
  Singular variable no. 27 will move only to satisfy constraints.
  Singular variable no. 29 will move only to satisfy constraints.
  Singular variable no. 30 will move only to satisfy constraints.
  Singular variable no. 31 will move only to satisfy constraints.
  Singular variable no. 32 will move only to satisfy constraints.
  
 CYCLE NUMBER 3:
  
  ABERR F. =        1.29231141
  CONST F. =     8331.45862294
  ERR. F.  =     8332.75093435       (change =   -11013.44945535)
  
  OPD     1.02132131     0.71412913     0.88110732
  WAV     2.42548616     0.87691660     1.01932289
  
  
  
  Parameter                 Value            Change
  CUY S2                2.46804208E-01      4.77E-04
  CUY S3                3.15357660E-01      1.69E-02
  CUY S4                5.44929691E-01      1.81E-02
  CUY S5                4.07771466E-01     -6.49E-04
  CUY S6                2.60538182E-01     -1.05E-04
  CUY S7               -2.38085264E-01      2.53E-03
  CUY S8               -1.09502430E+00     -1.27E-02
  CUY S9               -4.62542021E-01     -2.28E-02
  CUY S10               4.77156486E-01     -2.41E-02
  CUY S11              -2.43765052E-01     -8.60E-02
  CUY S12               7.30145875E-01     -7.70E-02
  CUY S13               1.05529469E+00     -6.75E-03
  A   S2               -3.24415310E-02     -8.66E-04
  A   S3               -1.06055136E-01     -2.65E-03
  A   S4               -5.04932028E-02      4.65E-03
  A   S5               -1.91647211E-02      2.64E-03
  A   S6               -3.43220449E-02     -3.08E-04
  A   S7                3.54851910E-03      7.30E-12
  A   S8                2.39279066E-01     -1.29E-11
  A   S9                5.78856200E-02     -2.86E-04
  A   S10              -7.78193622E-03      1.13E-03
  A   S11               4.49327336E-02      1.82E-11
  A   S12              -5.11131267E-02     -1.49E-03
  A   S13              -6.25262818E-02      8.17E-04
  THI S1                1.00000000E-03     -6.22E-06
  THI S3                1.20294176E-01     -3.03E-02
  THI S5                1.75477930E-01      1.80E-10
  THI S7                4.77140375E-01     -8.15E-02
  THI S9                4.91704126E-02     -1.53E-09
  THI S11               9.83802369E-02      3.29E-10
  THI S13               7.99355384E-01      7.02E-10
  THI S15               4.34380887E-01      6.36E-10
  
        EFL          REDU         PIM          OAL         EN PUP       EX PUP
      3.947097     0.000000     0.531409     5.879819     0.000000    -4.720890
  
  Active Constraints -   2:    target        value         diff        cost
  EFL                    =   3.95031E+00   3.94710E+00  -3.213E-03   3.129E-04
  Mn CT S1                                                          -2.277E-06
  
  Weighted Constraints:        target        value        WTC/PTC     contrib
  @ATELIER_LATCOLOR      =   0.00000E+00   2.63515E+00   1.000E-02   6.944E+02
  @ATELIER_RMSSPOT       =   0.00000E+00   8.73903E+01   1.000E-03   7.637E+03
 RAY ERROR: REFL  7
  
  Constraints released:   Mn CT S1 (>)
 RAY ERROR: REFL  7
  
 CYCLE NUMBER 4:
  
  ABERR F. =        1.19705263
  CONST F. =     8125.35272693
  ERR. F.  =     8126.54977957       (change =     -206.20115479)
  
  OPD     0.91059851     0.41279713     0.73819814
  WAV     2.42789474     0.63048276     0.87229645
  
  
  
  Parameter                 Value            Change
  CUY S2                2.47355301E-01      5.51E-04
  CUY S3                3.15539054E-01      1.81E-04
  CUY S4                5.45029199E-01      9.95E-05
  CUY S5                4.07101614E-01     -6.70E-04
  CUY S6                2.59798327E-01     -7.40E-04
  CUY S7               -2.36862103E-01      1.22E-03
  CUY S8               -1.09371584E+00      1.31E-03
  CUY S9               -4.61764743E-01      7.77E-04
  CUY S10               4.77810653E-01      6.54E-04
  CUY S11              -2.42454416E-01      1.31E-03
  CUY S12               7.31494061E-01      1.35E-03
  CUY S13               1.05589937E+00      6.05E-04
  A   S2               -3.23536687E-02      8.79E-05
  A   S3               -1.06186490E-01     -1.31E-04
  A   S4               -5.06185600E-02     -1.25E-04
  A   S5               -1.92079145E-02     -4.32E-05
  A   S6               -3.36962918E-02      6.26E-04
  A   S7                3.53151619E-03     -1.70E-05
  A   S8                2.39301422E-01      2.24E-05
  A   S9                5.78054655E-02     -8.02E-05
  A   S10              -7.89210038E-03     -1.10E-04
  A   S11               4.51843106E-02      2.52E-04
  A   S12              -5.14019031E-02     -2.89E-04
  A   S13              -6.24384263E-02      8.79E-05
  THI S1                1.00000000E-03      1.52E-18
  THI S3                1.22534216E-01      2.24E-03
  THI S5                1.75237215E-01     -2.41E-04
  THI S7                4.77680753E-01      5.40E-04
  THI S9                5.25073209E-02      3.34E-03
  THI S11               9.64109299E-02     -1.97E-03
  THI S13               7.90410725E-01     -8.94E-03
  THI S15               4.25436229E-01     -8.94E-03
  
        EFL          REDU         PIM          OAL         EN PUP       EX PUP
      3.948690     0.000000     0.540845     5.874781     0.000000    -4.722741
  
  Active Constraints -   2:    target        value         diff        cost
  EFL                    =   3.95031E+00   3.94869E+00  -1.620E-03   3.177E-01
  Mn CT S1                                                           2.175E-01
  
  Weighted Constraints:        target        value        WTC/PTC     contrib
  @ATELIER_LATCOLOR      =   0.00000E+00   2.64122E+00   1.000E-02   6.976E+02
  @ATELIER_RMSSPOT       =   0.00000E+00   8.61844E+01   1.000E-03   7.428E+03
  
 CYCLE NUMBER 5:
  
  ABERR F. =        1.22754537
  CONST F. =     7821.51582289
  ERR. F.  =     7822.74336825       (change =     -303.80641131)
  
  OPD     0.93194895     0.45068528     0.78078971
  WAV     2.44848403     0.71740413     0.92205443
  
  
  
  Parameter                 Value            Change
  CUY S2                2.47324971E-01     -3.03E-05
  CUY S3                3.15473943E-01     -6.51E-05
  CUY S4                5.44597768E-01     -4.31E-04
  CUY S5                4.06744402E-01     -3.57E-04
  CUY S6                2.59214608E-01     -5.84E-04
  CUY S7               -2.37514433E-01     -6.52E-04
  CUY S8               -1.09362584E+00      9.00E-05
  CUY S9               -4.61621119E-01      1.44E-04
  CUY S10               4.77835392E-01      2.47E-05
  CUY S11              -2.41531436E-01      9.23E-04
  CUY S12               7.32433402E-01      9.39E-04
  CUY S13               1.05600941E+00      1.10E-04
  A   S2               -3.23284545E-02      2.52E-05
  A   S3               -1.06205160E-01     -1.87E-05
  A   S4               -5.06135134E-02      5.05E-06
  A   S5               -1.92380008E-02     -3.01E-05
  A   S6               -3.36999902E-02     -3.70E-06
  A   S7                3.50739300E-03     -2.41E-05
  A   S8                2.39312677E-01      1.13E-05
  A   S9                5.77805882E-02     -2.49E-05
  A   S10              -7.88735522E-03      4.75E-06
  A   S11               4.51731530E-02     -1.12E-05
  A   S12              -5.13956488E-02      6.25E-06
  A   S13              -6.24400901E-02     -1.66E-06
  THI S1                1.00000000E-03      1.52E-18
  THI S3                1.21202285E-01     -1.33E-03
  THI S5                1.75167449E-01     -6.98E-05
  THI S7                4.77653861E-01     -2.69E-05
  THI S9                5.27662088E-02      2.59E-04
  THI S11               9.57648017E-02     -6.46E-04
  THI S13               7.90834265E-01      4.24E-04
  THI S15               4.25859769E-01      4.24E-04
  
        EFL          REDU         PIM          OAL         EN PUP       EX PUP
      3.950311     0.000000     0.542831     5.873389     0.000000    -4.720920
  
  Active Constraints -   2:    target        value         diff        cost
  EFL                    =   3.95031E+00   3.95031E+00  -3.490E-09   7.072E-01
  Mn CT S1                                                          -3.946E-03
  
  Weighted Constraints:        target        value        WTC/PTC     contrib
  @ATELIER_LATCOLOR      =   0.00000E+00   2.61498E+00   1.000E-02   6.838E+02
  @ATELIER_RMSSPOT       =   0.00000E+00   8.44849E+01   1.000E-03   7.138E+03
  
 CYCLE NUMBER 6:
  
  ABERR F. =        1.22753039
  CONST F. =     8214.70749422
  ERR. F.  =     8215.93502461       (change =      393.19165635)
  
  OPD     0.93192510     0.45065406     0.78076623
  WAV     2.44848645     0.71735349     0.92202705
  
  
  
  Parameter                 Value            Change
  CUY S2                2.47325082E-01      1.10E-07
  CUY S3                3.15474177E-01      2.33E-07
  CUY S4                5.44598039E-01      2.70E-07
  CUY S5                4.06744515E-01      1.13E-07
  CUY S6                2.59214761E-01      1.53E-07
  CUY S7               -2.37514218E-01      2.15E-07
  CUY S8               -1.09362601E+00     -1.76E-07
  CUY S9               -4.61621394E-01     -2.75E-07
  CUY S10               4.77835005E-01     -3.87E-07
  CUY S11              -2.41532081E-01     -6.45E-07
  CUY S12               7.32432707E-01     -6.94E-07
  CUY S13               1.05600895E+00     -4.60E-07
  A   S2               -3.23284715E-02     -1.70E-08
  A   S3               -1.06205141E-01      1.94E-08
  A   S4               -5.06135222E-02     -8.78E-09
  A   S5               -1.92379774E-02      2.34E-08
  A   S6               -3.36999849E-02      5.22E-09
  A   S7                3.50740256E-03      9.56E-09
  A   S8                2.39312665E-01     -1.15E-08
  A   S9                5.77805964E-02      8.17E-09
  A   S10              -7.88736336E-03     -8.14E-09
  A   S11               4.51731697E-02      1.67E-08
  A   S12              -5.13956597E-02     -1.09E-08
  A   S13              -6.24400827E-02      7.38E-09
  THI S1                1.00000000E-03      0.00E+00
  THI S3                1.21202399E-01      1.13E-07
  THI S5                1.75167591E-01      1.41E-07
  THI S7                4.77653971E-01      1.09E-07
  THI S9                5.27654825E-02     -7.26E-07
  THI S11               9.57652546E-02      4.53E-07
  THI S13               7.90833472E-01     -7.93E-07
  THI S15               4.25858976E-01     -7.93E-07
  
        EFL          REDU         PIM          OAL         EN PUP       EX PUP
      3.950311     0.000000     0.542832     5.873388     0.000000    -4.720920
  
  Active Constraints -   2:    target        value         diff        cost
  EFL                    =   3.95031E+00   3.95031E+00  -5.617E-09  -7.838E-02
  Mn CT S1                                                          -2.032E-02
  
  Weighted Constraints:        target        value        WTC/PTC     contrib
  @ATELIER_LATCOLOR      =   0.00000E+00   2.61500E+00   1.000E-02   6.838E+02
  @ATELIER_RMSSPOT       =   0.00000E+00   8.67807E+01   1.000E-03   7.531E+03
  
 CYCLE NUMBER 7:
  
  ABERR F. =        1.13232993
  CONST F. =     7656.23625953
  ERR. F.  =     7657.36858946       (change =     -558.56643515)
  
  OPD     1.06103773     0.39064631     0.69414712
  WAV     2.16950745     0.71618883     0.84444749
  
  
  
  Parameter                 Value            Change
  CUY S2                2.43260067E-01     -4.07E-03
  CUY S3                3.13685726E-01     -1.79E-03
  CUY S4                5.44137173E-01     -4.61E-04
  CUY S5                3.95105017E-01     -1.16E-02
  CUY S6                2.38748118E-01     -2.05E-02
  CUY S7               -2.51993661E-01     -1.45E-02
  CUY S8               -1.10069539E+00     -7.07E-03
  CUY S9               -4.67673579E-01     -6.05E-03
  CUY S10               4.69618804E-01     -8.22E-03
  CUY S11              -2.58976471E-01     -1.74E-02
  CUY S12               7.10481723E-01     -2.20E-02
  CUY S13               1.04249461E+00     -1.35E-02
  A   S2               -3.30657243E-02     -7.37E-04
  A   S3               -1.06929682E-01     -7.25E-04
  A   S4               -5.12338570E-02     -6.20E-04
  A   S5               -1.98468765E-02     -6.09E-04
  A   S6               -3.63949363E-02     -2.69E-03
  A   S7                3.04471013E-03     -4.63E-04
  A   S8                2.40326598E-01      1.01E-03
  A   S9                5.74221342E-02     -3.58E-04
  A   S10              -8.45798764E-03     -5.71E-04
  A   S11               4.72613437E-02      2.09E-03
  A   S12              -5.13284204E-02      6.72E-05
  A   S13              -6.24540849E-02     -1.40E-05
  THI S1                1.00000000E-03     -1.41E-17
  THI S3                1.36701762E-01      1.55E-02
  THI S5                1.62237969E-01     -1.29E-02
  THI S7                4.68178876E-01     -9.48E-03
  THI S9                2.85479607E-02     -2.42E-02
  THI S11               1.08234753E-01      1.25E-02
  THI S13               7.95606673E-01      4.77E-03
  THI S15               4.30632177E-01      4.77E-03
  
        EFL          REDU         PIM          OAL         EN PUP       EX PUP
      3.949058     0.000000     0.565644     5.859508     0.000000    -4.694787
  
  Active Constraints -   2:    target        value         diff        cost
  EFL                    =   3.95031E+00   3.94906E+00  -1.253E-03   3.375E-04
  Mn CT S1                                                          -1.869E-06
  
  Weighted Constraints:        target        value        WTC/PTC     contrib
  @ATELIER_LATCOLOR      =   0.00000E+00   3.03476E+00   1.000E-02   9.210E+02
  @ATELIER_RMSSPOT       =   0.00000E+00   8.20686E+01   1.000E-03   6.735E+03
  
  Constraints released:   Mn CT S1 (>)
  Constraints released:   Mn CT S1 (>)
  
 CYCLE NUMBER 8:
  
  ABERR F. =        1.12591944
  CONST F. =     7646.82610454
  ERR. F.  =     7647.95202398       (change =       -9.41656548)
  
  OPD     1.01659298     0.41630329     0.65693845
  WAV     2.19988776     0.70580573     0.79382727
  
  
  
  Parameter                 Value            Change
  CUY S2                2.43278687E-01      1.86E-05
  CUY S3                3.15016978E-01      1.33E-03
  CUY S4                5.45582030E-01      1.44E-03
  CUY S5                3.95165944E-01      6.09E-05
  CUY S6                2.38832973E-01      8.49E-05
  CUY S7               -2.51823865E-01      1.70E-04
  CUY S8               -1.10076710E+00     -7.17E-05
  CUY S9               -4.67780195E-01     -1.07E-04
  CUY S10               4.69693878E-01      7.51E-05
  CUY S11              -2.58137730E-01      8.39E-04
  CUY S12               7.11186216E-01      7.04E-04
  CUY S13               1.04240065E+00     -9.40E-05
  A   S2               -3.29469206E-02      1.19E-04
  A   S3               -1.06834350E-01      9.53E-05
  A   S4               -5.10951190E-02      1.39E-04
  A   S5               -1.97232701E-02      1.24E-04
  A   S6               -3.63084795E-02      8.65E-05
  A   S7                3.05889824E-03      1.42E-05
  A   S8                2.40305166E-01     -2.14E-05
  A   S9                5.74450585E-02      2.29E-05
  A   S10              -8.54259046E-03     -8.46E-05
  A   S11               4.73323983E-02      7.11E-05
  A   S12              -5.14789207E-02     -1.51E-04
  A   S13              -6.25284723E-02     -7.44E-05
  THI S1                1.09187493E-03      9.19E-05
  THI S3                1.35307134E-01     -1.39E-03
  THI S5                1.62643925E-01      4.06E-04
  THI S7                4.66856453E-01     -1.32E-03
  THI S9                2.93771663E-02      8.29E-04
  THI S11               1.08571776E-01      3.37E-04
  THI S13               7.93960852E-01     -1.65E-03
  THI S15               4.28986356E-01     -1.65E-03
  
        EFL          REDU         PIM          OAL         EN PUP       EX PUP
      3.950311     0.000000     0.570130     5.856809     0.000000    -4.692694
  
  Active Constraints -   1:    target        value         diff        cost
  EFL                    =   3.95031E+00   3.95031E+00  -9.286E-09   2.308E-01
  
  Weighted Constraints:        target        value        WTC/PTC     contrib
  @ATELIER_LATCOLOR      =   0.00000E+00   3.00224E+00   1.000E-02   9.013E+02
  @ATELIER_RMSSPOT       =   0.00000E+00   8.21309E+01   1.000E-03   6.745E+03
 RAY ERROR: REFL 13
  
 CYCLE NUMBER 9:
  
  ABERR F. =        1.12609431
  CONST F. =     7617.28790072
  ERR. F.  =     7618.41399504       (change =      -29.53802894)
  
  OPD     1.01511502     0.41082188     0.65505680
  WAV     2.20305603     0.70830813     0.79059573
  
  
  
  Parameter                 Value            Change
  CUY S2                2.43287529E-01      8.84E-06
  CUY S3                3.14974250E-01     -4.27E-05
  CUY S4                5.45534566E-01     -4.75E-05
  CUY S5                3.95172624E-01      6.68E-06
  CUY S6                2.38798058E-01     -3.49E-05
  CUY S7               -2.51941262E-01     -1.17E-04
  CUY S8               -1.10084308E+00     -7.60E-05
  CUY S9               -4.67769759E-01      1.04E-05
  CUY S10               4.69697001E-01      3.12E-06
  CUY S11              -2.58134469E-01      3.26E-06
  CUY S12               7.11187835E-01      1.62E-06
  CUY S13               1.04239785E+00     -2.81E-06
  A   S2               -3.29777580E-02     -3.08E-05
  A   S3               -1.06837648E-01     -3.30E-06
  A   S4               -5.11283489E-02     -3.32E-05
  A   S5               -1.97269390E-02     -3.67E-06
  A   S6               -3.63144308E-02     -5.95E-06
  A   S7                3.05839451E-03     -5.04E-07
  A   S8                2.40305881E-01      7.15E-07
  A   S9                5.74443254E-02     -7.33E-07
  A   S10              -8.52820821E-03      1.44E-05
  A   S11               4.73190214E-02     -1.34E-05
  A   S12              -5.14713550E-02      7.57E-06
  A   S13              -6.25464243E-02     -1.80E-05
  THI S1                1.11375433E-03      2.19E-05
  THI S3                1.35349268E-01      4.21E-05
  THI S5                1.62689853E-01      4.59E-05
  THI S7                4.66668323E-01     -1.88E-04
  THI S9                2.93420132E-02     -3.52E-05
  THI S11               1.08557230E-01     -1.45E-05
  THI S13               7.93346965E-01     -6.14E-04
  THI S15               4.28372469E-01     -6.14E-04
  
        EFL          REDU         PIM          OAL         EN PUP       EX PUP
      3.950310     0.000000     0.570896     5.856067     0.000000    -4.691865
  
  Active Constraints -   1:    target        value         diff        cost
  EFL                    =   3.95031E+00   3.95031E+00  -1.287E-07  -1.882E+00
  
  Weighted Constraints:        target        value        WTC/PTC     contrib
  @ATELIER_LATCOLOR      =   0.00000E+00   3.00776E+00   1.000E-02   9.047E+02
  @ATELIER_RMSSPOT       =   0.00000E+00   8.19306E+01   1.000E-03   6.713E+03
 RAY ERROR: MISS 13
  
 CYCLE NUMBER 10:
  
  ABERR F. =        1.12669771
  CONST F. =     7613.35568060
  ERR. F.  =     7614.48237830       (change =       -3.93161673)
  
  OPD     1.01642477     0.41127880     0.65641568
  WAV     2.20204745     0.71153907     0.79261237
  
  
  
  Parameter                 Value            Change
  CUY S2                2.43286993E-01     -5.36E-07
  CUY S3                3.14961127E-01     -1.31E-05
  CUY S4                5.45510542E-01     -2.40E-05
  CUY S5                3.95177294E-01      4.67E-06
  CUY S6                2.38803072E-01      5.01E-06
  CUY S7               -2.51951429E-01     -1.02E-05
  CUY S8               -1.10083999E+00      3.10E-06
  CUY S9               -4.67763897E-01      5.86E-06
  CUY S10               4.69706405E-01      9.40E-06
  CUY S11              -2.58124938E-01      9.53E-06
  CUY S12               7.11188887E-01      1.05E-06
  CUY S13               1.04239629E+00     -1.55E-06
  A   S2               -3.29775815E-02      1.77E-07
  A   S3               -1.06840283E-01     -2.63E-06
  A   S4               -5.11267583E-02      1.59E-06
  A   S5               -1.97299095E-02     -2.97E-06
  A   S6               -3.63115659E-02      2.86E-06
  A   S7                3.05557453E-03     -2.82E-06
  A   S8                2.40307581E-01      1.70E-06
  A   S9                5.74435292E-02     -7.96E-07
  A   S10              -8.52850373E-03     -2.96E-07
  A   S11               4.73198992E-02      8.78E-07
  A   S12              -5.14700855E-02      1.27E-06
  A   S13              -6.25470916E-02     -6.67E-07
  THI S1                1.11828363E-03      4.53E-06
  THI S3                1.35371976E-01      2.27E-05
  THI S5                1.62705239E-01      1.54E-05
  THI S7                4.66719899E-01      5.16E-05
  THI S9                2.93451900E-02      3.18E-06
  THI S11               1.08548035E-01     -9.19E-06
  THI S13               7.93297009E-01     -5.00E-05
  THI S15               4.28322513E-01     -5.00E-05
  
        EFL          REDU         PIM          OAL         EN PUP       EX PUP
      3.950311     0.000000     0.570898     5.856106     0.000000    -4.691942
  
  Active Constraints -   1:    target        value         diff        cost
  EFL                    =   3.95031E+00   3.95031E+00  -6.409E-08  -1.447E-01
  
  Weighted Constraints:        target        value        WTC/PTC     contrib
  @ATELIER_LATCOLOR      =   0.00000E+00   3.00795E+00   1.000E-02   9.048E+02
  @ATELIER_RMSSPOT       =   0.00000E+00   8.19059E+01   1.000E-03   6.709E+03
  
     Normal AUTO Completion - System improvement less than IMP
AUT> GO
 
 
CODE V> BUF PUT B1 I^row J1 "schema"
      Created new worksheet B1.
CODE V> BUF PUT B1 I^row J2 "atelier-codev-target-v1"
CODE V> BUF PUT B1 I^row J1 "status"
CODE V> BUF PUT B1 I^row J2 "ok"
CODE V> BUF PUT B1 I^row J1 "mode"
CODE V> BUF PUT B1 I^row J2 "target"
CODE V> BUF PUT B1 I^row J1 "stage"
CODE V> BUF PUT B1 I^row J2 "A"
CODE V> BUF PUT B1 I^row J1 "source_zmx"
CODE V> BUF PUT B1 I^row J2 "US8908290B1.zmx"
CODE V> BUF PUT B1 I^row J1 "num_fields"
CODE V> BUF PUT B1 I^row J2 ^numf_out
CODE V> BUF PUT B1 I^row J1 "vignetting_edge"
CODE V> BUF PUT B1 I^row J2 0.2
CODE V> BUF PUT B1 I^row J1 "target.efl_mm"
CODE V> BUF PUT B1 I^row J2 ^target_efl
CODE V> BUF PUT B1 I^row J1 "target.f_number"
CODE V> BUF PUT B1 I^row J2 1.8
CODE V> BUF PUT B1 I^row J1 "seed_baseline.efl_y_mm"
CODE V> BUF PUT B1 I^row J2 ^seed_baseline_efl_y_mm
CODE V> BUF PUT B1 I^row J1 "seed_baseline.max_lateral_color_um"
CODE V> BUF PUT B1 I^row J2 ^seed_baseline_max_lateral_color_um
CODE V> BUF PUT B1 I^row J1 "seed_baseline.max_rms_spot_diameter_um"
CODE V> BUF PUT B1 I^row J2 ^seed_baseline_max_rms_spot_diameter_um
CODE V> BUF PUT B1 I^row J1 "seed_baseline.max_rms_wavefront_error_waves"
CODE V> BUF PUT B1 I^row J2 ^seed_baseline_max_rms_wavefront_error_waves
CODE V> BUF PUT B1 I^row J1 "seed_baseline.max_distortion_pct"
CODE V> BUF PUT B1 I^row J2 ^seed_baseline_max_distortion_pct
CODE V> BUF PUT B1 I^row J1 "seed_baseline.fno"
CODE V> BUF PUT B1 I^row J2 ^seed_baseline_fno
CODE V> BUF PUT B1 I^row J1 "seed_baseline.epd_mm"
CODE V> BUF PUT B1 I^row J2 ^seed_baseline_epd
CODE V> BUF PUT B1 I^row J1 "seed_baseline.maximh_mm"
CODE V> BUF PUT B1 I^row J2 ^seed_baseline_maximh
CODE V> BUF PUT B1 I^row J1 "config_pre_aut.efl_y_mm"
CODE V> BUF PUT B1 I^row J2 ^config_pre_aut_efl_y_mm
CODE V> BUF PUT B1 I^row J1 "config_pre_aut.max_lateral_color_um"
CODE V> BUF PUT B1 I^row J2 ^config_pre_aut_max_lateral_color_um
CODE V> BUF PUT B1 I^row J1 "config_pre_aut.max_rms_spot_diameter_um"
CODE V> BUF PUT B1 I^row J2 ^config_pre_aut_max_rms_spot_diameter_um
CODE V> BUF PUT B1 I^row J1 "config_pre_aut.max_rms_wavefront_error_waves"
CODE V> BUF PUT B1 I^row J2 ^config_pre_aut_max_rms_wavefront_error_waves
CODE V> BUF PUT B1 I^row J1 "config_pre_aut.max_distortion_pct"
CODE V> BUF PUT B1 I^row J2 ^config_pre_aut_max_distortion_pct
CODE V> BUF PUT B1 I^row J1 "config_pre_aut.fno"
CODE V> BUF PUT B1 I^row J2 ^config_pre_aut_fno
CODE V> BUF PUT B1 I^row J1 "config_pre_aut.epd_mm"
CODE V> BUF PUT B1 I^row J2 ^config_pre_aut_epd
CODE V> BUF PUT B1 I^row J1 "config_pre_aut.maximh_mm"
CODE V> BUF PUT B1 I^row J2 ^config_pre_aut_maximh
CODE V> BUF PUT B1 I^row J1 "post_aut.efl_y_mm"
CODE V> BUF PUT B1 I^row J2 ^post_aut_efl_y_mm
CODE V> BUF PUT B1 I^row J1 "post_aut.max_lateral_color_um"
CODE V> BUF PUT B1 I^row J2 ^post_aut_max_lateral_color_um
CODE V> BUF PUT B1 I^row J1 "post_aut.max_rms_spot_diameter_um"
CODE V> BUF PUT B1 I^row J2 ^post_aut_max_rms_spot_diameter_um
CODE V> BUF PUT B1 I^row J1 "post_aut.max_rms_wavefront_error_waves"
CODE V> BUF PUT B1 I^row J2 ^post_aut_max_rms_wavefront_error_waves
CODE V> BUF PUT B1 I^row J1 "post_aut.max_distortion_pct"
CODE V> BUF PUT B1 I^row J2 ^post_aut_max_distortion_pct
CODE V> BUF PUT B1 I^row J1 "post_aut.fno"
CODE V> BUF PUT B1 I^row J2 ^post_aut_fno
CODE V> BUF PUT B1 I^row J1 "post_aut.epd_mm"
CODE V> BUF PUT B1 I^row J2 ^post_aut_epd
CODE V> BUF PUT B1 I^row J1 "post_aut.maximh_mm"
CODE V> BUF PUT B1 I^row J2 ^post_aut_maximh
CODE V> BUF PUT B1 I^row J1 "efl_target_deviation_pct"
CODE V> BUF PUT B1 I^row J2 ^efl_target_dev_pct
CODE V> BUF PUT B1 I^row J1 "aut_converged"
CODE V> BUF PUT B1 I^row J2 ^aut_converged
CODE V> BUF EXP B1 "D:\atelier-wt-c\.planning\loop\p15-stageb-evidence\fno-matrix-2026-07-11\US8908290B1_tighten\rung3_fno0180\ray_retry\atelier_codev_target_A_vig0200.tsv"
     Buffer B1 exported to file atelier_codev_target_A_vig0200.tsv
CODE V> BUF DEL B1
CODE V> OUT YES
CODE V> EXI YES
     EXI                                                                              11-Jul-26  14H 21M 35S
                                                 CODE V PC  Version: 11.5             CPU clock:  0H  0M  7S
