  
  
                                   Welcome to
  
                                   C O D E   V
  
                                PC  Version 11.5
                                   Build 27302701
  
                                   11-Jul-2026
  
                            A proprietary product of
  
                              SYNOPSYS, INC
                              Pasadena, California
  
CODE V> OUT NO
     Radius input/output mode
  
    Lens data created by Zemax version 210628
  
    Zemax command MODE ignored
    Zemax command AUTH ignored
    ZEMAX NOTE 0 table5
    Zemax command PFIL ignored
    Zemax command LANG ignored
     WARNING - Glass catalog list not used.
     WARNING - Ray aiming not used.
     WARNING - Pupil shift for ray aiming not used.
    Zemax command SDMA ignored
    Zemax command OMMA ignored
    Zemax command HYPR ignored
     WARNING - Vignetting angles not used.
    Zemax command XAIM ignored
    Zemax command YAIM ignored
    Zemax command ZAIM ignored
    Zemax command FCOM ignored
    Zemax command FCOM ignored
    Zemax command POLS ignored
    Zemax command GLRS ignored
    Zemax command GSTD ignored
    Zemax command NSCD ignored
    Zemax command COFN ignored
    Zemax command COFN ignored
    Zemax command LUID ignored
  
     Surface pointer = OBJ
    Zemax command SSID ignored.
    Zemax surface type  STANDARD
    CODE V surface type SPH
    Zemax command FIMP ignored.
     WARNING - Hiding of rays not used.
    Zemax command MIRR ignored.
    Zemax command SLAB ignored.
    Zemax command MEMA ignored.
    Zemax command POPS ignored.
  
     Surface pointer = 1
    Zemax command SSID ignored.
    Zemax surface type  STANDARD
    CODE V surface type SPH
    Zemax command FIMP ignored.
     WARNING - Hiding of rays not used.
    Zemax command MIRR ignored.
    Zemax command SLAB ignored.
    Zemax command MEMA ignored.
    Zemax command POPS ignored.
  
     Surface pointer = 2
    Zemax command SSID ignored.
    Zemax surface type  EVENASPH
    CODE V surface type ASP
    Zemax command FIMP ignored.
     WARNING - Hiding of rays not used.
    Zemax command MIRR ignored.
    Zemax command SLAB ignored.
     WARNING - Partial dispersion of model glass not used.
    Zemax command MEMA ignored.
    Zemax command POPS ignored.
  
     Surface pointer = 3
    Zemax command SSID ignored.
    Zemax surface type  EVENASPH
    CODE V surface type ASP
    Zemax command FIMP ignored.
     WARNING - Hiding of rays not used.
    Zemax command MIRR ignored.
    Zemax command SLAB ignored.
    Zemax command MEMA ignored.
    Zemax command POPS ignored.
  
     Surface pointer = 4
    Zemax command SSID ignored.
    Zemax surface type  EVENASPH
    CODE V surface type ASP
    Zemax command FIMP ignored.
     WARNING - Hiding of rays not used.
    Zemax command MIRR ignored.
    Zemax command SLAB ignored.
     WARNING - Partial dispersion of model glass not used.
    Zemax command MEMA ignored.
    Zemax command POPS ignored.
  
     Surface pointer = 5
    Zemax command SSID ignored.
    Zemax surface type  EVENASPH
    CODE V surface type ASP
    Zemax command FIMP ignored.
     WARNING - Hiding of rays not used.
    Zemax command MIRR ignored.
    Zemax command SLAB ignored.
    Zemax command MEMA ignored.
    Zemax command POPS ignored.
  
     Surface pointer = 6
    Zemax command SSID ignored.
    Zemax surface type  EVENASPH
    CODE V surface type ASP
    Zemax command FIMP ignored.
     WARNING - Hiding of rays not used.
    Zemax command MIRR ignored.
    Zemax command SLAB ignored.
     WARNING - Partial dispersion of model glass not used.
    Zemax command MEMA ignored.
    Zemax command POPS ignored.
  
     Surface pointer = 7
    Zemax command SSID ignored.
    Zemax surface type  EVENASPH
    CODE V surface type ASP
    Zemax command FIMP ignored.
     WARNING - Hiding of rays not used.
    Zemax command MIRR ignored.
    Zemax command SLAB ignored.
    Zemax command MEMA ignored.
    Zemax command POPS ignored.
  
     Surface pointer = 8
    Zemax command SSID ignored.
    Zemax surface type  EVENASPH
    CODE V surface type ASP
    Zemax command FIMP ignored.
     WARNING - Hiding of rays not used.
    Zemax command MIRR ignored.
    Zemax command SLAB ignored.
     WARNING - Partial dispersion of model glass not used.
    Zemax command MEMA ignored.
    Zemax command POPS ignored.
  
     Surface pointer = 9
    Zemax command SSID ignored.
    Zemax surface type  EVENASPH
    CODE V surface type ASP
    Zemax command FIMP ignored.
     WARNING - Hiding of rays not used.
    Zemax command MIRR ignored.
    Zemax command SLAB ignored.
    Zemax command MEMA ignored.
    Zemax command POPS ignored.
  
     Surface pointer = 10
    Zemax command SSID ignored.
    Zemax surface type  EVENASPH
    CODE V surface type ASP
    Zemax command FIMP ignored.
     WARNING - Hiding of rays not used.
    Zemax command MIRR ignored.
    Zemax command SLAB ignored.
     WARNING - Partial dispersion of model glass not used.
    Zemax command MEMA ignored.
    Zemax command POPS ignored.
  
     Surface pointer = 11
    Zemax command SSID ignored.
    Zemax surface type  EVENASPH
    CODE V surface type ASP
    Zemax command FIMP ignored.
     WARNING - Hiding of rays not used.
    Zemax command MIRR ignored.
    Zemax command SLAB ignored.
    Zemax command MEMA ignored.
    Zemax command POPS ignored.
  
     Surface pointer = 12
    Zemax command SSID ignored.
    Zemax surface type  EVENASPH
    CODE V surface type ASP
    Zemax command FIMP ignored.
     WARNING - Hiding of rays not used.
    Zemax command MIRR ignored.
    Zemax command SLAB ignored.
     WARNING - Partial dispersion of model glass not used.
    Zemax command MEMA ignored.
    Zemax command POPS ignored.
  
     Surface pointer = 13
    Zemax command SSID ignored.
    Zemax surface type  EVENASPH
    CODE V surface type ASP
    Zemax command FIMP ignored.
     WARNING - Hiding of rays not used.
    Zemax command MIRR ignored.
    Zemax command SLAB ignored.
    Zemax command MEMA ignored.
    Zemax command POPS ignored.
  
     Surface pointer = 14
    Zemax command SSID ignored.
    Zemax surface type  STANDARD
    CODE V surface type SPH
    Zemax command FIMP ignored.
     WARNING - Hiding of rays not used.
    Zemax command MIRR ignored.
    Zemax command SLAB ignored.
     WARNING - Partial dispersion of model glass not used.
    Zemax command MEMA ignored.
    Zemax command POPS ignored.
  
     Surface pointer = 15
    Zemax command SSID ignored.
    Zemax surface type  STANDARD
    CODE V surface type SPH
    Zemax command FIMP ignored.
     WARNING - Hiding of rays not used.
    Zemax command MIRR ignored.
    Zemax command SLAB ignored.
    Zemax command MEMA ignored.
    Zemax command POPS ignored.
  
     Surface pointer = IMG
    Zemax command SSID ignored.
    Zemax surface type  STANDARD
    CODE V surface type SPH
    Zemax command FIMP ignored.
     WARNING - Hiding of rays not used.
    Zemax command MIRR ignored.
    Zemax command SLAB ignored.
    Zemax command MEMA ignored.
    Zemax command POPS ignored.
  
     WARNING - Please check the converted lens carefully.
               Some information will not be converted.
               Changes in either CODE V or ZEMAX may invalidate
               the converted information.
               Due to differences between CODE V and ZEMAX ray
               aiming and vignetting factors, it is recommended
               that you set vignetting for the converted system.
  
               A concise listing of conversion warnings appears
               in the Tabbed Output Window 'Info' tab and in the
               Command Window.
  
CODE V> DEF VAR SA
 
 
CODE V> FNO 1.8
     ERROR - Ray missed surface   6 for zoom position  1
     ERROR - One or more of the reference rays from field  2 is deviated far from
             most of the other rays from this field point.  The reference rays are
             used to determine the numerical aperture and the grid spacing.  Thus, it
             is important that these rays are focused at approximately the same spot
             as the other rays from this field point.  Modifying the vignetting
             may solve this problem and allow the computation to proceed.
CODE V> AUT
     AUT                                                                              11-Jul-26  14H 21M 25S
                                                 CODE V PC  Version: 11.5             CPU clock:  0H  0M  1S
     WARNING - CODE V places the reference sphere at the exit pupil.  However,
               the aberrations of this lens make the OPD data (and any quantity
               that depends upon OPD data) very sensitive to the exact value of
               the reference sphere radius.  You can use the RSL command to
               reposition the reference sphere if that is appropriate for
               your application.
     ***Defocussing frozen to eliminate redundant variable
AUT>   SUR N
AUT>   CHG SA
AUT>   WFR Y
AUT>   WTF FA 10
AUT>   EFL = 3.95031061876715
AUT>   @atelier_latcolor == @lcum(1)
AUT>   @atelier_latcolor = 0
AUT>   WTC 0.01
AUT>   @atelier_rmsspot == @rmssum(1)
AUT>   @atelier_rmsspot = 0
AUT>   WTC 0.001
AUT>   MNT 0.025
AUT>   MNE 0.025
AUT>   MXT 10
AUT>   MNA 0.001
AUT>   MXC 25
AUT>   MNC 3
AUT>   IMP 0.001
AUT> GO
 -------------------------------------------------------------------------------
  
       USER CONSTRAINT DEFINITIONS
            @atelier_rmsspot == @rmssum(1)
  
            @atelier_latcolor == @lcum(1)
  
  
  
       POTENTIALLY ACTIVE SPECIFIC CONSTRAINTS
         EFL                                  =       3.950311
         @ATELIER_LATCOLOR                    =       0.000000     (WTC =    0.01000)
         @ATELIER_RMSSPOT                     =       0.000000     (WTC =    0.00100)
  
       GENERAL CONSTRAINTS
         MXT      10.000000
         MNT       0.025000
         MNE       0.025000
         MNA       0.001000
         MAE       0.002500
         GLA               NFK5  NSK16  NLAF2  SF4
  
       ERROR FUNCTION CONSTRUCTION
         WFR        Y
         WTW       1          1          1
         WTA       0.000000
         DEL       0.220000
         WTX F1   10.000000
         WTX F2   10.000000
         WTX F3   10.000000
         WTY F1   10.000000
         WTY F2   10.000000
         WTY F3   10.000000
  
       CONVERGENCE CONTROLS
         MXC        25
         MNC         3
         TAR       0.000000
         IMP       0.001000
  
       OUTPUT CONTROLS
         SUR NO
         CHG S0..16
  
     Recommendations for most stable convergence:
  
       Use object space aperture specifications:
       - NAO for finite conjugate systems
       - EPD for infinite conjugate systems
  
       VARIABLE LIST
  
         NO      PARAMETERS *
          1      CUY S2       CUY S3       CUY S4       CUY S5       CUY S6       CUY S7
          2      CUY S3       CUY S4
          3      CUY S4       CUY S5       CUY S6       CUY S7
          4      CUY S5       CUY S6
          5      CUY S6       CUY S7
          6      CUY S7       CUY S8
          7      CUY S8       CUY S9
          8      CUY S9       CUY S10
          9      CUY S10       CUY S11
         10      CUY S11       CUY S12
         11      CUY S12       CUY S13
         12      CUY S13
         13      A   S2
         14      A   S3
         15      A   S4
         16      A   S5
         17      A   S6
         18      A   S7
         19      A   S8
         20      A   S9
         21      A   S10
         22      A   S11
         23      A   S12
         24      A   S13
         25      THI S1
         26      THI S3
         27      THI S5
         28      THI S7
         29      THI S9
         30      THI S11
         31      THI S13
         32      THI S15
  
     * Multiple entries on a line are composite variables.
     Composite variables are either program-generated bendings
     or user-requested couplings.
  
      32 VARIABLES
  
      32 CONSTRAINTS CAN BE ACTIVE
  
     RELATIVE TIME PER CYCLE IS  267.8 UNITS
     ERROR - Ray missed surface   6 for zoom position  1
 RAY ERROR: MISS  6
           Aperture and Field at 0.900 of spec.
     WARNING - The macro function SPOTDATA is not supported on multiple threads.
               CODE V will set the multiple processor setting (MPP) to 1 to prevent errors.
               Please refer to the CODE V Setup and Operation Reference Manual for a complete list
               of pre-defined macro functions that are currently limited to running on a single thread.
  
 CYCLE NUMBER 0:
  
  ABERR F. =        0.56709369
  CONST F. =    28298.54399390
  ERR. F.  =    28299.11108759
  
  OPD     0.51276895     0.51420541     0.49013486
  WAV     0.54297270     0.75485361     0.54532264
  
  
  
  Parameter                 Value            Change
  CUY S2                2.86779467E-01      0.00E+00
  CUY S3                3.39097999E-01      0.00E+00
  CUY S4                5.35045479E-01      0.00E+00
  CUY S5                4.17188152E-01      0.00E+00
  CUY S6                2.69832704E-01      0.00E+00
  CUY S7               -2.26398008E-01      0.00E+00
  CUY S8               -1.07758621E+00      0.00E+00
  CUY S9               -4.46827525E-01      0.00E+00
  CUY S10               4.91159136E-01      0.00E+00
  CUY S11              -2.29779412E-01      0.00E+00
  CUY S12               7.27272727E-01      0.00E+00
  CUY S13               1.05263158E+00      0.00E+00
  A   S2               -3.19920000E-02      0.00E+00
  A   S3               -1.02200000E-01      0.00E+00
  A   S4               -5.50540000E-02      0.00E+00
  A   S5               -2.35400000E-02      0.00E+00
  A   S6               -3.39600000E-02      0.00E+00
  A   S7                3.57620000E-03      0.00E+00
  A   S8                2.39310000E-01      0.00E+00
  A   S9                5.80790000E-02      0.00E+00
  A   S10              -8.97320000E-03      0.00E+00
  A   S11               4.48830000E-02      0.00E+00
  A   S12              -4.97410000E-02      0.00E+00
  A   S13              -6.33600000E-02      0.00E+00
  THI S1               -7.00000000E-02      0.00E+00
  THI S3                1.47000000E-01      0.00E+00
  THI S5                1.76000000E-01      0.00E+00
  THI S7                4.86000000E-01      0.00E+00
  THI S9                5.00000000E-02      0.00E+00
  THI S11               9.90000000E-02      0.00E+00
  THI S13               8.00000000E-01      0.00E+00
  THI S15               4.35000000E-01      0.00E+00
  
        EFL          REDU         PIM          OAL         EN PUP       EX PUP
      3.952029     0.000000     0.463432     5.847000     0.000000    -4.568638
  
  Specific Constraints:        target        value         diff      active (**)
  EFL                    =   3.95031E+00   3.95203E+00   1.718E-03    **
  
  Weighted Constraints:        target        value        WTC/PTC     contrib
  @ATELIER_LATCOLOR      =   0.00000E+00   1.98434E+00   1.000E-02   3.938E+02
  @ATELIER_RMSSPOT       =   0.00000E+00   1.67047E+02   1.000E-03   2.790E+04
  
  Constraints added:      EFL (=)                     Mn CT S1 (>)
  
 CYCLE NUMBER 1:
  
  ABERR F. =        3.11986958
  CONST F. =    15436.47105176
  ERR. F.  =    15439.59092134       (change =   -12859.52016625)
  
  OPD     1.21698638     2.51934882     1.87036765
  WAV     1.37835879     6.37609386     2.12617545
  
  
  
  Parameter                 Value            Change
  CUY S2                2.81020977E-01     -5.76E-03
  CUY S3                3.31437336E-01     -7.66E-03
  CUY S4                5.21657295E-01     -1.34E-02
  CUY S5                4.07580658E-01     -9.61E-03
  CUY S6                2.55074264E-01     -1.48E-02
  CUY S7               -2.44858792E-01     -1.85E-02
  CUY S8               -1.07941098E+00     -1.82E-03
  CUY S9               -4.46829425E-01     -1.90E-06
  CUY S10               4.91157251E-01     -1.88E-06
  CUY S11              -2.30522494E-01     -7.43E-04
  CUY S12               7.26529659E-01     -7.43E-04
  CUY S13               1.05117813E+00     -1.45E-03
  A   S2               -3.15079097E-02      4.84E-04
  A   S3               -1.02209378E-01     -9.38E-06
  A   S4               -5.44467917E-02      6.07E-04
  A   S5               -2.41402847E-02     -6.00E-04
  A   S6               -3.39666449E-02     -6.64E-06
  A   S7                3.10082020E-03     -4.75E-04
  A   S8                2.39611414E-01      3.01E-04
  A   S9                5.81339699E-02      5.50E-05
  A   S10              -8.56136990E-03      4.12E-04
  A   S11               4.52091012E-02      3.26E-04
  A   S12              -5.07760178E-02     -1.04E-03
  A   S13              -6.21821249E-02      1.18E-03
  THI S1                1.00000000E-03      7.10E-02
  THI S3                1.46905742E-01     -9.43E-05
  THI S5                1.75915430E-01     -8.46E-05
  THI S7                4.85906861E-01     -9.31E-05
  THI S9                4.99162601E-02     -8.37E-05
  THI S11               1.03821206E-01      4.82E-03
  THI S13               8.10109023E-01      1.01E-02
  THI S15               4.45109023E-01      1.01E-02
  
        EFL          REDU         PIM          OAL         EN PUP       EX PUP
      3.950293     0.000000     0.476766     5.932575     0.000000    -4.721825
  
  Active Constraints -   2:    target        value         diff        cost
  EFL                    =   3.95031E+00   3.95029E+00  -1.761E-05   2.085E-03
  Mn CT S1                                                          -5.467E-05
  
  Weighted Constraints:        target        value        WTC/PTC     contrib
  @ATELIER_LATCOLOR      =   0.00000E+00   1.49260E+00   1.000E-02   2.228E+02
  @ATELIER_RMSSPOT       =   0.00000E+00   1.23344E+02   1.000E-03   1.521E+04
     ERROR - Ray missed surface   7 for zoom position  1
 RAY ERROR: MISS  7
           Aperture and Field at 0.900 of spec.
 RAY ERROR: MISS  7
 RAY ERROR: REFL  7
  
 CYCLE NUMBER 2:
  
  ABERR F. =        3.25428608
  CONST F. =    14689.11103879
  ERR. F.  =    14692.36532487       (change =     -747.22559647)
  
  OPD     1.13511886     2.55022583     1.92235569
  WAV     1.29634392     6.75067028     2.19148641
  
  
  
  Parameter                 Value            Change
  CUY S2                2.80682905E-01     -3.38E-04
  CUY S3                3.31091043E-01     -3.46E-04
  CUY S4                5.20698444E-01     -9.59E-04
  CUY S5                4.06365819E-01     -1.21E-03
  CUY S6                2.53437337E-01     -1.64E-03
  CUY S7               -2.46429743E-01     -1.57E-03
  CUY S8               -1.07965386E+00     -2.43E-04
  CUY S9               -4.46910623E-01     -8.12E-05
  CUY S10               4.91167397E-01      1.01E-05
  CUY S11              -2.30632636E-01     -1.10E-04
  CUY S12               7.26433255E-01     -9.64E-05
  CUY S13               1.05121131E+00      3.32E-05
  A   S2               -3.16059842E-02     -9.81E-05
  A   S3               -1.02176860E-01      3.25E-05
  A   S4               -5.45796232E-02     -1.33E-04
  A   S5               -2.41965310E-02     -5.62E-05
  A   S6               -3.39195446E-02      4.71E-05
  A   S7                3.00124265E-03     -9.96E-05
  A   S8                2.39666235E-01      5.48E-05
  A   S9                5.80853608E-02     -4.86E-05
  A   S10              -8.53582638E-03      2.55E-05
  A   S11               4.51289943E-02     -8.01E-05
  A   S12              -5.06952435E-02      8.08E-05
  A   S13              -6.22272505E-02     -4.51E-05
  THI S1                1.00000000E-03      6.94E-18
  THI S3                1.47454044E-01      5.48E-04
  THI S5                1.75517387E-01     -3.98E-04
  THI S7                4.84459915E-01     -1.45E-03
  THI S9                4.93160363E-02     -6.00E-04
  THI S11               1.03951818E-01      1.31E-04
  THI S13               8.08319450E-01     -1.79E-03
  THI S15               4.43319450E-01     -1.79E-03
  
        EFL          REDU         PIM          OAL         EN PUP       EX PUP
      3.950294     0.000000     0.482427     5.929019     0.000000    -4.718194
  
  Active Constraints -   2:    target        value         diff        cost
  EFL                    =   3.95031E+00   3.95029E+00  -1.711E-05   7.284E-01
  Mn CT S1                                                          -5.270E-02
  
  Weighted Constraints:        target        value        WTC/PTC     contrib
  @ATELIER_LATCOLOR      =   0.00000E+00   1.53358E+00   1.000E-02   2.352E+02
  @ATELIER_RMSSPOT       =   0.00000E+00   1.20224E+02   1.000E-03   1.445E+04
     ERROR - Ray missed surface   7 for zoom position  1
 RAY ERROR: MISS  7
           Aperture and Field at 0.900 of spec.
  
  Constraints released:   Mn CT S1 (>)
  Constraints released:   Mn CT S1 (>)
  
 CYCLE NUMBER 3:
  
  ABERR F. =        2.94203665
  CONST F. =    14205.43513012
  ERR. F.  =    14208.37716677       (change =     -483.98815810)
  
  OPD     0.71394399     2.15916663     1.54979048
  WAV     0.84228473     6.36146520     1.78387999
  
  
  
  Parameter                 Value            Change
  CUY S2                2.80645443E-01     -3.75E-05
  CUY S3                3.31634227E-01      5.43E-04
  CUY S4                5.21178985E-01      4.81E-04
  CUY S5                4.06127452E-01     -2.38E-04
  CUY S6                2.53236335E-01     -2.01E-04
  CUY S7               -2.46459584E-01     -2.98E-05
  CUY S8               -1.07968596E+00     -3.21E-05
  CUY S9               -4.46915686E-01     -5.06E-06
  CUY S10               4.91307436E-01      1.40E-04
  CUY S11              -2.30547490E-01      8.51E-05
  CUY S12               7.26529994E-01      9.67E-05
  CUY S13               1.05126114E+00      4.98E-05
  A   S2               -3.18435318E-02     -2.38E-04
  A   S3               -1.01872026E-01      3.05E-04
  A   S4               -5.49311208E-02     -3.51E-04
  A   S5               -2.44888562E-02     -2.92E-04
  A   S6               -3.39341145E-02     -1.46E-05
  A   S7                3.01476400E-03      1.35E-05
  A   S8                2.39677683E-01      1.14E-05
  A   S9                5.80649414E-02     -2.04E-05
  A   S10              -8.49470691E-03      4.11E-05
  A   S11               4.50995174E-02     -2.95E-05
  A   S12              -5.06697934E-02      2.55E-05
  A   S13              -6.23492218E-02     -1.22E-04
  THI S1                1.07106419E-03      7.11E-05
  THI S3                1.47315245E-01     -1.39E-04
  THI S5                1.74659230E-01     -8.58E-04
  THI S7                4.81285696E-01     -3.17E-03
  THI S9                4.78261613E-02     -1.49E-03
  THI S11               1.03976852E-01      2.50E-05
  THI S13               8.03956922E-01     -4.36E-03
  THI S15               4.38956922E-01     -4.36E-03
  
        EFL          REDU         PIM          OAL         EN PUP       EX PUP
      3.950311     0.000000     0.491447     5.919091     0.000000    -4.704510
  
  Active Constraints -   1:    target        value         diff        cost
  EFL                    =   3.95031E+00   3.95031E+00  -9.833E-10   9.701E-01
  
  Weighted Constraints:        target        value        WTC/PTC     contrib
  @ATELIER_LATCOLOR      =   0.00000E+00   1.57828E+00   1.000E-02   2.491E+02
  @ATELIER_RMSSPOT       =   0.00000E+00   1.18137E+02   1.000E-03   1.396E+04
     ERROR - Ray missed surface   7 for zoom position  1
 RAY ERROR: MISS  7
           Aperture and Field at 0.900 of spec.
  
  
  Parameter                 Value            Change
  CUY S2                2.80645443E-01      0.00E+00
  CUY S3                3.31634227E-01      0.00E+00
  CUY S4                5.21178985E-01      0.00E+00
  CUY S5                4.06127452E-01      0.00E+00
  CUY S6                2.53236335E-01      0.00E+00
  CUY S7               -2.46459584E-01      0.00E+00
  CUY S8               -1.07968596E+00      0.00E+00
  CUY S9               -4.46915686E-01      0.00E+00
  CUY S10               4.91307436E-01      0.00E+00
  CUY S11              -2.30547490E-01      0.00E+00
  CUY S12               7.26529994E-01      0.00E+00
  CUY S13               1.05126114E+00      0.00E+00
  A   S2               -3.18435318E-02      0.00E+00
  A   S3               -1.01872026E-01      0.00E+00
  A   S4               -5.49311208E-02      0.00E+00
  A   S5               -2.44888562E-02      0.00E+00
  A   S6               -3.39341145E-02      0.00E+00
  A   S7                3.01476400E-03      0.00E+00
  A   S8                2.39677683E-01      0.00E+00
  A   S9                5.80649414E-02      0.00E+00
  A   S10              -8.49470691E-03      0.00E+00
  A   S11               4.50995174E-02      0.00E+00
  A   S12              -5.06697934E-02      0.00E+00
  A   S13              -6.23492218E-02      0.00E+00
  THI S1                1.07106419E-03      0.00E+00
  THI S3                1.47315245E-01      0.00E+00
  THI S5                1.74659230E-01      0.00E+00
  THI S7                4.81285696E-01      0.00E+00
  THI S9                4.78261613E-02      0.00E+00
  THI S11               1.03976852E-01      0.00E+00
  THI S13               8.03956922E-01      0.00E+00
  THI S15               4.38956922E-01      0.00E+00
  
        EFL          REDU         PIM          OAL         EN PUP       EX PUP
      3.950311     0.000000     0.491447     5.919091     0.000000    -4.704510
  
     Abnormal AUTO Completion - Unable to scale up Pupil and Field specifications
        Listed specific constraint values may not be valid.
AUT> GO
     ERROR - Ray missed surface   7 for zoom position  1
     ERROR - One or more of the reference rays from field  2 is deviated far from
             most of the other rays from this field point.  The reference rays are
             used to determine the numerical aperture and the grid spacing.  Thus, it
             is important that these rays are focused at approximately the same spot
             as the other rays from this field point.  Modifying the vignetting
             may solve this problem and allow the computation to proceed.
CODE V> BUF PUT B1 I^row J1 "schema"
      Created new worksheet B1.
CODE V> BUF PUT B1 I^row J2 "atelier-codev-target-v1"
CODE V> BUF PUT B1 I^row J1 "status"
CODE V> BUF PUT B1 I^row J2 "ok"
CODE V> BUF PUT B1 I^row J1 "mode"
CODE V> BUF PUT B1 I^row J2 "target"
CODE V> BUF PUT B1 I^row J1 "stage"
CODE V> BUF PUT B1 I^row J2 "A"
CODE V> BUF PUT B1 I^row J1 "source_zmx"
CODE V> BUF PUT B1 I^row J2 "US8908290B1.zmx"
CODE V> BUF PUT B1 I^row J1 "num_fields"
CODE V> BUF PUT B1 I^row J2 ^numf_out
CODE V> BUF PUT B1 I^row J1 "vignetting_edge"
CODE V> BUF PUT B1 I^row J2 0
CODE V> BUF PUT B1 I^row J1 "target.efl_mm"
CODE V> BUF PUT B1 I^row J2 ^target_efl
CODE V> BUF PUT B1 I^row J1 "target.f_number"
CODE V> BUF PUT B1 I^row J2 1.8
CODE V> BUF PUT B1 I^row J1 "seed_baseline.efl_y_mm"
CODE V> BUF PUT B1 I^row J2 ^seed_baseline_efl_y_mm
CODE V> BUF PUT B1 I^row J1 "seed_baseline.max_lateral_color_um"
CODE V> BUF PUT B1 I^row J2 ^seed_baseline_max_lateral_color_um
CODE V> BUF PUT B1 I^row J1 "seed_baseline.max_rms_spot_diameter_um"
CODE V> BUF PUT B1 I^row J2 ^seed_baseline_max_rms_spot_diameter_um
CODE V> BUF PUT B1 I^row J1 "seed_baseline.max_rms_wavefront_error_waves"
CODE V> BUF PUT B1 I^row J2 ^seed_baseline_max_rms_wavefront_error_waves
CODE V> BUF PUT B1 I^row J1 "seed_baseline.max_distortion_pct"
CODE V> BUF PUT B1 I^row J2 ^seed_baseline_max_distortion_pct
CODE V> BUF PUT B1 I^row J1 "seed_baseline.fno"
CODE V> BUF PUT B1 I^row J2 ^seed_baseline_fno
CODE V> BUF PUT B1 I^row J1 "seed_baseline.epd_mm"
CODE V> BUF PUT B1 I^row J2 ^seed_baseline_epd
CODE V> BUF PUT B1 I^row J1 "seed_baseline.maximh_mm"
CODE V> BUF PUT B1 I^row J2 ^seed_baseline_maximh
CODE V> BUF PUT B1 I^row J1 "config_pre_aut.efl_y_mm"
CODE V> BUF PUT B1 I^row J2 ^config_pre_aut_efl_y_mm
CODE V> BUF PUT B1 I^row J1 "config_pre_aut.max_lateral_color_um"
CODE V> BUF PUT B1 I^row J2 ^config_pre_aut_max_lateral_color_um
CODE V> BUF PUT B1 I^row J1 "config_pre_aut.max_rms_spot_diameter_um"
CODE V> BUF PUT B1 I^row J2 ^config_pre_aut_max_rms_spot_diameter_um
CODE V> BUF PUT B1 I^row J1 "config_pre_aut.max_rms_wavefront_error_waves"
CODE V> BUF PUT B1 I^row J2 ^config_pre_aut_max_rms_wavefront_error_waves
CODE V> BUF PUT B1 I^row J1 "config_pre_aut.max_distortion_pct"
CODE V> BUF PUT B1 I^row J2 ^config_pre_aut_max_distortion_pct
CODE V> BUF PUT B1 I^row J1 "config_pre_aut.fno"
CODE V> BUF PUT B1 I^row J2 ^config_pre_aut_fno
CODE V> BUF PUT B1 I^row J1 "config_pre_aut.epd_mm"
CODE V> BUF PUT B1 I^row J2 ^config_pre_aut_epd
CODE V> BUF PUT B1 I^row J1 "config_pre_aut.maximh_mm"
CODE V> BUF PUT B1 I^row J2 ^config_pre_aut_maximh
CODE V> BUF PUT B1 I^row J1 "post_aut.efl_y_mm"
CODE V> BUF PUT B1 I^row J2 ^post_aut_efl_y_mm
CODE V> BUF PUT B1 I^row J1 "post_aut.max_lateral_color_um"
CODE V> BUF PUT B1 I^row J2 ^post_aut_max_lateral_color_um
CODE V> BUF PUT B1 I^row J1 "post_aut.max_rms_spot_diameter_um"
CODE V> BUF PUT B1 I^row J2 ^post_aut_max_rms_spot_diameter_um
CODE V> BUF PUT B1 I^row J1 "post_aut.max_rms_wavefront_error_waves"
CODE V> BUF PUT B1 I^row J2 ^post_aut_max_rms_wavefront_error_waves
CODE V> BUF PUT B1 I^row J1 "post_aut.max_distortion_pct"
CODE V> BUF PUT B1 I^row J2 ^post_aut_max_distortion_pct
CODE V> BUF PUT B1 I^row J1 "post_aut.fno"
CODE V> BUF PUT B1 I^row J2 ^post_aut_fno
CODE V> BUF PUT B1 I^row J1 "post_aut.epd_mm"
CODE V> BUF PUT B1 I^row J2 ^post_aut_epd
CODE V> BUF PUT B1 I^row J1 "post_aut.maximh_mm"
CODE V> BUF PUT B1 I^row J2 ^post_aut_maximh
CODE V> BUF PUT B1 I^row J1 "efl_target_deviation_pct"
CODE V> BUF PUT B1 I^row J2 ^efl_target_dev_pct
CODE V> BUF PUT B1 I^row J1 "aut_converged"
CODE V> BUF PUT B1 I^row J2 ^aut_converged
CODE V> BUF EXP B1 "D:\atelier-wt-c\.planning\loop\p15-stageb-evidence\fno-matrix-2026-07-11\US8908290B1_tighten\rung3_fno0180\atelier_codev_target_A_vig0000.tsv"
     Buffer B1 exported to file atelier_codev_target_A_vig0000.tsv
CODE V> BUF DEL B1
CODE V> OUT YES
CODE V> EXI YES
     EXI                                                                              11-Jul-26  14H 21M 26S
                                                 CODE V PC  Version: 11.5             CPU clock:  0H  0M  2S
