  
  
                                   Welcome to
  
                                   C O D E   V
  
                                PC  Version 11.5
                                   Build 27302701
  
                                   11-Jul-2026
  
                            A proprietary product of
  
                              SYNOPSYS, INC
                              Pasadena, California
  
CODE V> OUT NO
     Radius input/output mode
  
    Lens data created by Zemax version 210628
  
    Zemax command MODE ignored
    Zemax command AUTH ignored
    Zemax command PFIL ignored
    Zemax command LANG ignored
     WARNING - Glass catalog list not used.
     WARNING - Ray aiming not used.
     WARNING - Pupil shift for ray aiming not used.
    Zemax command SDMA ignored
    Zemax command OMMA ignored
    Zemax command HYPR ignored
     WARNING - Vignetting angles not used.
    Zemax command XAIM ignored
    Zemax command YAIM ignored
    Zemax command ZAIM ignored
    Zemax command POLS ignored
    Zemax command GLRS ignored
    Zemax command GSTD ignored
    Zemax command NSCD ignored
    Zemax command COFN ignored
    Zemax command COFN ignored
    Zemax command LUID ignored
  
     Surface pointer = OBJ
    Zemax command SSID ignored.
    Zemax surface type  STANDARD
    CODE V surface type SPH
    Zemax command FIMP ignored.
     WARNING - Hiding of rays not used.
    Zemax command MIRR ignored.
    Zemax command SLAB ignored.
    Zemax command MEMA ignored.
    Zemax command POPS ignored.
  
     Surface pointer = 1
    Zemax command SSID ignored.
    Zemax surface type  EVENASPH
    CODE V surface type ASP
    Zemax command FIMP ignored.
     WARNING - Hiding of rays not used.
    Zemax command MIRR ignored.
    Zemax command SLAB ignored.
    Zemax command MEMA ignored.
    Zemax command POPS ignored.
  
     Surface pointer = 2
    Zemax command SSID ignored.
    Zemax surface type  STANDARD
    CODE V surface type SPH
    Zemax command FIMP ignored.
     WARNING - Hiding of rays not used.
    Zemax command MIRR ignored.
    Zemax command SLAB ignored.
    Zemax command MEMA ignored.
    Zemax command POPS ignored.
  
     Surface pointer = 3
    Zemax command SSID ignored.
    Zemax surface type  EVENASPH
    CODE V surface type ASP
    Zemax command FIMP ignored.
     WARNING - Hiding of rays not used.
    Zemax command MIRR ignored.
    Zemax command SLAB ignored.
     WARNING - Partial dispersion of model glass not used.
    Zemax command MEMA ignored.
    Zemax command POPS ignored.
  
     Surface pointer = 4
    Zemax command SSID ignored.
    Zemax surface type  EVENASPH
    CODE V surface type ASP
    Zemax command FIMP ignored.
     WARNING - Hiding of rays not used.
    Zemax command MIRR ignored.
    Zemax command SLAB ignored.
    Zemax command MEMA ignored.
    Zemax command POPS ignored.
  
     Surface pointer = 5
    Zemax command SSID ignored.
    Zemax surface type  EVENASPH
    CODE V surface type ASP
    Zemax command FIMP ignored.
     WARNING - Hiding of rays not used.
    Zemax command MIRR ignored.
    Zemax command SLAB ignored.
     WARNING - Partial dispersion of model glass not used.
    Zemax command MEMA ignored.
    Zemax command POPS ignored.
  
     Surface pointer = 6
    Zemax command SSID ignored.
    Zemax surface type  EVENASPH
    CODE V surface type ASP
    Zemax command FIMP ignored.
     WARNING - Hiding of rays not used.
    Zemax command MIRR ignored.
    Zemax command SLAB ignored.
    Zemax command MEMA ignored.
    Zemax command POPS ignored.
  
     Surface pointer = 7
    Zemax command SSID ignored.
    Zemax surface type  EVENASPH
    CODE V surface type ASP
    Zemax command FIMP ignored.
     WARNING - Hiding of rays not used.
    Zemax command MIRR ignored.
    Zemax command SLAB ignored.
    Zemax command MEMA ignored.
    Zemax command POPS ignored.
  
     Surface pointer = 8
    Zemax command SSID ignored.
    Zemax surface type  EVENASPH
    CODE V surface type ASP
    Zemax command FIMP ignored.
     WARNING - Hiding of rays not used.
    Zemax command MIRR ignored.
    Zemax command SLAB ignored.
    Zemax command MEMA ignored.
    Zemax command POPS ignored.
  
     Surface pointer = 9
    Zemax command SSID ignored.
    Zemax surface type  EVENASPH
    CODE V surface type ASP
    Zemax command FIMP ignored.
     WARNING - Hiding of rays not used.
    Zemax command MIRR ignored.
    Zemax command SLAB ignored.
    Zemax command MEMA ignored.
    Zemax command POPS ignored.
  
     Surface pointer = 10
    Zemax command SSID ignored.
    Zemax surface type  EVENASPH
    CODE V surface type ASP
    Zemax command FIMP ignored.
     WARNING - Hiding of rays not used.
    Zemax command MIRR ignored.
    Zemax command SLAB ignored.
    Zemax command MEMA ignored.
    Zemax command POPS ignored.
  
     Surface pointer = 11
    Zemax command SSID ignored.
    Zemax surface type  XASPHERE
    CODE V surface type SPS ODD
    Zemax command FIMP ignored.
     WARNING - Hiding of rays not used.
    Zemax command MIRR ignored.
    Zemax command SLAB ignored.
     WARNING - Maximum term number not used.
    Zemax command MEMA ignored.
    Zemax command POPS ignored.
  
     Surface pointer = 12
    Zemax command SSID ignored.
    Zemax surface type  XASPHERE
    CODE V surface type SPS ODD
    Zemax command FIMP ignored.
     WARNING - Hiding of rays not used.
    Zemax command MIRR ignored.
    Zemax command SLAB ignored.
     WARNING - Maximum term number not used.
    Zemax command MEMA ignored.
    Zemax command POPS ignored.
  
     Surface pointer = 13
    Zemax command SSID ignored.
    Zemax surface type  XASPHERE
    CODE V surface type SPS ODD
    Zemax command FIMP ignored.
     WARNING - Hiding of rays not used.
    Zemax command MIRR ignored.
    Zemax command SLAB ignored.
     WARNING - Maximum term number not used.
    Zemax command MEMA ignored.
    Zemax command POPS ignored.
  
     Surface pointer = 14
    Zemax command SSID ignored.
    Zemax surface type  XASPHERE
    CODE V surface type SPS ODD
    Zemax command FIMP ignored.
     WARNING - Hiding of rays not used.
    Zemax command MIRR ignored.
    Zemax command SLAB ignored.
     WARNING - Maximum term number not used.
    Zemax command MEMA ignored.
    Zemax command POPS ignored.
  
     Surface pointer = 15
    Zemax command SSID ignored.
    Zemax surface type  STANDARD
    CODE V surface type SPH
    Zemax command FIMP ignored.
     WARNING - Hiding of rays not used.
    Zemax command MIRR ignored.
    Zemax command SLAB ignored.
     WARNING - Partial dispersion of model glass not used.
    Zemax command MEMA ignored.
    Zemax command POPS ignored.
  
     Surface pointer = 16
    Zemax command SSID ignored.
    Zemax surface type  STANDARD
    CODE V surface type SPH
    Zemax command FIMP ignored.
     WARNING - Hiding of rays not used.
    Zemax command MIRR ignored.
    Zemax command SLAB ignored.
    Zemax command MEMA ignored.
    Zemax command POPS ignored.
  
     Surface pointer = 17
    Zemax command SSID ignored.
    Zemax surface type  STANDARD
    CODE V surface type SPH
    Zemax command FIMP ignored.
     WARNING - Hiding of rays not used.
    Zemax command MIRR ignored.
    Zemax command SLAB ignored.
    Zemax command MEMA ignored.
    Zemax command POPS ignored.
  
     Surface pointer = IMG
    Zemax command SSID ignored.
    Zemax surface type  STANDARD
    CODE V surface type SPH
    Zemax command FIMP ignored.
     WARNING - Hiding of rays not used.
    Zemax command MIRR ignored.
    Zemax command SLAB ignored.
    Zemax command MEMA ignored.
    Zemax command POPS ignored.
  
     WARNING - Please check the converted lens carefully.
               Some information will not be converted.
               Changes in either CODE V or ZEMAX may invalidate
               the converted information.
               Due to differences between CODE V and ZEMAX ray
               aiming and vignetting factors, it is recommended
               that you set vignetting for the converted system.
  
               A concise listing of conversion warnings appears
               in the Tabbed Output Window 'Info' tab and in the
               Command Window.
  
CODE V> DEF VAR SA
 
 
CODE V> FNO 2.47277040822922
CODE V> VUY 0 0.4 0.4
CODE V> VLY 0 0.4 0.4
CODE V> VUX 0 0.4 0.4
CODE V> VLX 0 0.4 0.4
 
 
CODE V> AUT
     AUT                                                                              11-Jul-26  14H 11M 31S
                                                 CODE V PC  Version: 11.5             CPU clock:  0H  0M  0S
AUT>   SUR N
AUT>   CHG SA
AUT>   WFR Y
AUT>   WTF FA 10
AUT>   EFL = 4.70602808468692
AUT>   @atelier_latcolor == @lcum(1)
AUT>   @atelier_latcolor = 0
AUT>   WTC 0.01
AUT>   @atelier_rmsspot == @rmssum(1)
AUT>   @atelier_rmsspot = 0
AUT>   WTC 0.001
AUT>   MNT 0.025
AUT>   MNE 0.025
AUT>   MXT 10
AUT>   MNA 0.001
AUT>   MXC 25
AUT>   MNC 3
AUT>   IMP 0.001
AUT> GO
 -------------------------------------------------------------------------------
  
       USER CONSTRAINT DEFINITIONS
            @atelier_rmsspot == @rmssum(1)
  
            @atelier_latcolor == @lcum(1)
  
  
  
       POTENTIALLY ACTIVE SPECIFIC CONSTRAINTS
         EFL                                  =       4.706028
         @ATELIER_LATCOLOR                    =       0.000000     (WTC =    0.01000)
         @ATELIER_RMSSPOT                     =       0.000000     (WTC =    0.00100)
  
       GENERAL CONSTRAINTS
         MXT      10.000000
         MNT       0.025000
         MNE       0.025000
         MNA       0.001000
         MAE       0.002500
         GLA               NFK5  NSK16  NLAF2  SF4
  
       ERROR FUNCTION CONSTRUCTION
         WFR        Y
         WTW       1          1          1          1          1
         WTA       0.000000
         DEL       0.220000
         WTX F1   10.000000
         WTX F2   10.000000
         WTX F3   10.000000
         WTY F1   10.000000
         WTY F2   10.000000
         WTY F3   10.000000
  
       CONVERGENCE CONTROLS
         MXC        25
         MNC         3
         TAR       0.000000
         IMP       0.001000
  
       OUTPUT CONTROLS
         SUR NO
         CHG S0..18
  
     Recommendations for most stable convergence:
  
       Use object space aperture specifications:
       - NAO for finite conjugate systems
       - EPD for infinite conjugate systems
  
       VARIABLE LIST
  
         NO      PARAMETERS *
          1      CUY S3       CUY S4
          2      CUY S4       CUY S5
          3      CUY S5       CUY S6
          4      CUY S6       CUY S7
          5      CUY S7       CUY S8
          6      CUY S8       CUY S9
          7      CUY S9       CUY S10
          8      CUY S10
          9      A   S3
         10      A   S4
         11      A   S5
         12      A   S6
         13      A   S7
         14      A   S8
         15      A   S9
         16      A   S10
         17      THI S2
         18      THI S4
         19      THI S6
         20      THI S8
         21      THI S10
         22      THI S12
         23      THI S14
         24      THI S16
         25      THI S18
  
     * Multiple entries on a line are composite variables.
     Composite variables are either program-generated bendings
     or user-requested couplings.
  
      25 VARIABLES
  
      25 CONSTRAINTS CAN BE ACTIVE
  
     RELATIVE TIME PER CYCLE IS  344.6 UNITS
     WARNING - The macro function SPOTDATA is not supported on multiple threads.
               CODE V will set the multiple processor setting (MPP) to 1 to prevent errors.
               Please refer to the CODE V Setup and Operation Reference Manual for a complete list
               of pre-defined macro functions that are currently limited to running on a single thread.
  
 CYCLE NUMBER 0:
  
  ABERR F. =        0.09323183
  CONST F. =      292.42958184
  ERR. F.  =      292.52281367
  
  OPD     0.08990450     0.10376826     0.07872609
  WAV     0.09311327     0.10714890     0.08338831
  
  
  
  Parameter                 Value            Change
  CUY S3                4.38461876E-01      0.00E+00
  CUY S4                1.55033952E-01      0.00E+00
  CUY S5                2.87306786E-01      0.00E+00
  CUY S6                4.05695971E-01      0.00E+00
  CUY S7                2.81529154E-02      0.00E+00
  CUY S8               -2.32964473E-01      0.00E+00
  CUY S9               -4.91593747E-01      0.00E+00
  CUY S10              -3.43489163E-01      0.00E+00
  A   S3                1.40041000E-04      0.00E+00
  A   S4               -1.77404000E-02      0.00E+00
  A   S5               -1.04752000E-01      0.00E+00
  A   S6               -7.17227000E-02      0.00E+00
  A   S7                2.70142000E-02      0.00E+00
  A   S8                4.51043000E-03      0.00E+00
  A   S9                9.52605000E-03      0.00E+00
  A   S10               2.75271000E-02      0.00E+00
  THI S2               -4.75900000E-01      0.00E+00
  THI S4                4.00200000E-01      0.00E+00
  THI S6                1.63300000E-01      0.00E+00
  THI S8                5.97900000E-01      0.00E+00
  THI S10               5.00000000E-02      0.00E+00
  THI S12               6.61800000E-01      0.00E+00
  THI S14               2.31100000E-01      0.00E+00
  THI S16               5.50000000E-01      0.00E+00
  THI S18               0.00000000E+00      0.00E+00
  
        EFL          REDU         PIM          OAL         EN PUP       EX PUP
      4.699441     0.000000    -0.011325     6.000000     0.475900    -3.099869
  
  Specific Constraints:        target        value         diff      active (**)
  EFL                    =   4.70603E+00   4.69944E+00  -6.587E-03    **
  
  Weighted Constraints:        target        value        WTC/PTC     contrib
  @ATELIER_LATCOLOR      =   0.00000E+00   1.64791E+00   1.000E-02   2.716E+02
  @ATELIER_RMSSPOT       =   0.00000E+00   4.56807E+00   1.000E-03   2.087E+01
     WARNING - Frozen Thickness Violations:
  Mn ET S17
  
  Constraints added:      EFL (=)                     Mn CT S2 (>)
  
 CYCLE NUMBER 1:
  
  ABERR F. =        0.12466245
  CONST F. =     1492.15198576
  ERR. F.  =     1492.27664821       (change =     1199.75383454)
  
  OPD     0.05609024     0.15531714     0.12923556
  WAV     0.06243665     0.16049735     0.14005452
  
  
  
  Parameter                 Value            Change
  CUY S3                4.25513465E-01     -1.29E-02
  CUY S4                1.54508953E-01     -5.25E-04
  CUY S5                2.94011938E-01      6.71E-03
  CUY S6                3.99135107E-01     -6.56E-03
  CUY S7                2.58776653E-02     -2.28E-03
  CUY S8               -2.47207658E-01     -1.42E-02
  CUY S9               -5.05057312E-01     -1.35E-02
  CUY S10              -3.46408847E-01     -2.92E-03
  A   S3               -4.08405694E-03     -4.22E-03
  A   S4               -2.52487043E-02     -7.51E-03
  A   S5               -1.05704348E-01     -9.52E-04
  A   S6               -6.97405144E-02      1.98E-03
  A   S7                2.63377690E-02     -6.76E-04
  A   S8                3.92289079E-03     -5.88E-04
  A   S9                6.85384750E-03     -2.67E-03
  A   S10               2.71062586E-02     -4.21E-04
  THI S2                1.00000000E-03      4.77E-01
  THI S4                3.87492004E-01     -1.27E-02
  THI S6                1.62151700E-01     -1.15E-03
  THI S8                5.69641058E-01     -2.83E-02
  THI S10               6.02862182E-02      1.03E-02
  THI S12               6.51822069E-01     -9.98E-03
  THI S14               2.46238749E-01      1.51E-02
  THI S16               5.65138749E-01      1.51E-02
  THI S18               1.51387486E-02      1.51E-02
  
        EFL          REDU         PIM          OAL         EN PUP       EX PUP
      4.706044     0.000000     0.010111     6.465371     0.475900    -3.333155
  
  Active Constraints -   2:    target        value         diff        cost
  EFL                    =   4.70603E+00   4.70604E+00   1.560E-05   7.028E-08
  Mn CT S2                                                          -1.297E-06
  
  Weighted Constraints:        target        value        WTC/PTC     contrib
  @ATELIER_LATCOLOR      =   0.00000E+00   3.67347E+00   1.000E-02   1.349E+03
  @ATELIER_RMSSPOT       =   0.00000E+00   1.19463E+01   1.000E-03   1.427E+02
  
 CYCLE NUMBER 2:
  
  ABERR F. =        0.15972501
  CONST F. =     1442.23283700
  ERR. F.  =     1442.39256201       (change =      -49.88408620)
  
  OPD     0.08498779     0.17274879     0.18939462
  WAV     0.09191636     0.17842157     0.19963518
  
  
  
  Parameter                 Value            Change
  CUY S3                4.25632702E-01      1.19E-04
  CUY S4                1.54438417E-01     -7.05E-05
  CUY S5                2.93605203E-01     -4.07E-04
  CUY S6                3.98910594E-01     -2.25E-04
  CUY S7                3.20746680E-02      6.20E-03
  CUY S8               -2.42101963E-01      5.11E-03
  CUY S9               -5.06069884E-01     -1.01E-03
  CUY S10              -3.46233221E-01      1.76E-04
  A   S3               -4.06569021E-03      1.84E-05
  A   S4               -2.52699691E-02     -2.13E-05
  A   S5               -1.05690803E-01      1.35E-05
  A   S6               -6.97498266E-02     -9.31E-06
  A   S7                2.63536188E-02      1.58E-05
  A   S8                3.89476146E-03     -2.81E-05
  A   S9                6.60041974E-03     -2.53E-04
  A   S10               2.71159219E-02      9.66E-06
  THI S2                1.00000000E-03      2.98E-14
  THI S4                3.87258622E-01     -2.33E-04
  THI S6                1.62054744E-01     -9.70E-05
  THI S8                5.59843545E-01     -9.80E-03
  THI S10               6.06335724E-02      3.47E-04
  THI S12               6.54408608E-01      2.59E-03
  THI S14               2.47668753E-01      1.43E-03
  THI S16               5.66568753E-01      1.43E-03
  THI S18               1.65687526E-02      1.43E-03
  
        EFL          REDU         PIM          OAL         EN PUP       EX PUP
      4.706029     0.000000     0.007485     6.461037     0.475900    -3.329171
  
  Active Constraints -   2:    target        value         diff        cost
  EFL                    =   4.70603E+00   4.70603E+00   4.648E-07  -4.890E-03
  Mn CT S2                                                          -1.444E-03
  
  Weighted Constraints:        target        value        WTC/PTC     contrib
  @ATELIER_LATCOLOR      =   0.00000E+00   3.54636E+00   1.000E-02   1.258E+03
  @ATELIER_RMSSPOT       =   0.00000E+00   1.35855E+01   1.000E-03   1.846E+02
  
 CYCLE NUMBER 3:
  
  ABERR F. =        0.33993733
  CONST F. =     1292.72624741
  ERR. F.  =     1293.06618474       (change =     -149.32637727)
  
  OPD     0.49142586     0.25866254     0.14755348
  WAV     0.51757120     0.26801158     0.15315499
  
  
  
  Parameter                 Value            Change
  CUY S3                4.25911358E-01      2.79E-04
  CUY S4                1.54303878E-01     -1.35E-04
  CUY S5                2.94649835E-01      1.04E-03
  CUY S6                4.00512842E-01      1.60E-03
  CUY S7                3.20339632E-02     -4.07E-05
  CUY S8               -2.42697255E-01     -5.95E-04
  CUY S9               -5.06226970E-01     -1.57E-04
  CUY S10              -3.45942858E-01      2.90E-04
  A   S3               -3.98887790E-03      7.68E-05
  A   S4               -2.53318069E-02     -6.18E-05
  A   S5               -1.05644119E-01      4.67E-05
  A   S6               -6.97880949E-02     -3.83E-05
  A   S7                2.64779426E-02      1.24E-04
  A   S8                3.65466895E-03     -2.40E-04
  A   S9                6.06903852E-03     -5.31E-04
  A   S10               2.71518889E-02      3.60E-05
  THI S2                1.00000000E-03     -6.94E-18
  THI S4                3.86673591E-01     -5.85E-04
  THI S6                1.61844557E-01     -2.10E-04
  THI S8                5.57978805E-01     -1.86E-03
  THI S10               6.15940097E-02      9.60E-04
  THI S12               6.54284212E-01     -1.24E-04
  THI S14               2.58156819E-01      1.05E-02
  THI S16               5.77056819E-01      1.05E-02
  THI S18               2.70568185E-02      1.05E-02
  
        EFL          REDU         PIM          OAL         EN PUP       EX PUP
      4.706028     0.000000    -0.013501     6.480189     0.475900    -3.348740
  
  Active Constraints -   2:    target        value         diff        cost
  EFL                    =   4.70603E+00   4.70603E+00   2.264E-09  -3.088E-02
  Mn CT S2                                                          -1.370E-03
  
  Weighted Constraints:        target        value        WTC/PTC     contrib
  @ATELIER_LATCOLOR      =   0.00000E+00   3.30404E+00   1.000E-02   1.092E+03
  @ATELIER_RMSSPOT       =   0.00000E+00   1.41795E+01   1.000E-03   2.011E+02
  
 CYCLE NUMBER 4:
  
  ABERR F. =        0.28160129
  CONST F. =     1213.64768812
  ERR. F.  =     1213.92928941       (change =      -79.13689533)
  
  OPD     0.39119912     0.21934584     0.15996265
  WAV     0.41047562     0.22733837     0.16995696
  
  
  
  Parameter                 Value            Change
  CUY S3                4.26068900E-01      1.58E-04
  CUY S4                1.53958301E-01     -3.46E-04
  CUY S5                2.95213462E-01      5.64E-04
  CUY S6                4.01840593E-01      1.33E-03
  CUY S7                3.22598840E-02      2.26E-04
  CUY S8               -2.42653015E-01      4.42E-05
  CUY S9               -5.05855069E-01      3.72E-04
  CUY S10              -3.45591686E-01      3.51E-04
  A   S3               -4.01559009E-03     -2.67E-05
  A   S4               -2.52892104E-02      4.26E-05
  A   S5               -1.05706267E-01     -6.21E-05
  A   S6               -6.97147981E-02      7.33E-05
  A   S7                2.64077099E-02     -7.02E-05
  A   S8                3.71690651E-03      6.22E-05
  A   S9                5.97993158E-03     -8.91E-05
  A   S10               2.72299953E-02      7.81E-05
  THI S2                1.00000000E-03      9.32E-18
  THI S4                3.86144879E-01     -5.29E-04
  THI S6                1.57177922E-01     -4.67E-03
  THI S8                5.57589898E-01     -3.89E-04
  THI S10               6.09609531E-02     -6.33E-04
  THI S12               6.54175377E-01     -1.09E-04
  THI S14               2.57851771E-01     -3.05E-04
  THI S16               5.76751771E-01     -3.05E-04
  THI S18               2.67517712E-02     -3.05E-04
  
        EFL          REDU         PIM          OAL         EN PUP       EX PUP
      4.706028     0.000000    -0.010917     6.473253     0.475900    -3.343891
  
  Active Constraints -   2:    target        value         diff        cost
  EFL                    =   4.70603E+00   4.70603E+00   3.771E-09  -5.564E-02
  Mn CT S2                                                          -1.084E-03
  
  Weighted Constraints:        target        value        WTC/PTC     contrib
  @ATELIER_LATCOLOR      =   0.00000E+00   3.19822E+00   1.000E-02   1.023E+03
  @ATELIER_RMSSPOT       =   0.00000E+00   1.38126E+01   1.000E-03   1.908E+02
  
 CYCLE NUMBER 5:
  
  ABERR F. =        0.27086347
  CONST F. =     1108.41833894
  ERR. F.  =     1108.68920241       (change =     -105.24008700)
  
  OPD     0.39945870     0.21240960     0.07932093
  WAV     0.41587758     0.22132977     0.08534753
  
  
  
  Parameter                 Value            Change
  CUY S3                4.25686039E-01     -3.83E-04
  CUY S4                1.53382154E-01     -5.76E-04
  CUY S5                2.96650909E-01      1.44E-03
  CUY S6                4.03875107E-01      2.03E-03
  CUY S7                3.24721530E-02      2.12E-04
  CUY S8               -2.44411733E-01     -1.76E-03
  CUY S9               -5.06688040E-01     -8.33E-04
  CUY S10              -3.44106976E-01      1.48E-03
  A   S3               -4.08216951E-03     -6.66E-05
  A   S4               -2.51980356E-02      9.12E-05
  A   S5               -1.05779937E-01     -7.37E-05
  A   S6               -6.96691743E-02      4.56E-05
  A   S7                2.63436244E-02     -6.41E-05
  A   S8                3.84346424E-03      1.27E-04
  A   S9                5.28417114E-03     -6.96E-04
  A   S10               2.73726973E-02      1.43E-04
  THI S2                1.00000000E-03      0.00E+00
  THI S4                3.87455239E-01      1.31E-03
  THI S6                1.57479476E-01      3.02E-04
  THI S8                5.57641319E-01      5.14E-05
  THI S10               6.02662383E-02     -6.95E-04
  THI S12               6.62899345E-01      8.72E-03
  THI S14               2.57714790E-01     -1.37E-04
  THI S16               5.76614790E-01     -1.37E-04
  THI S18               2.66147896E-02     -1.37E-04
  
        EFL          REDU         PIM          OAL         EN PUP       EX PUP
      4.706028     0.000000    -0.020265     6.482671     0.475900    -3.343293
  
  Active Constraints -   2:    target        value         diff        cost
  EFL                    =   4.70603E+00   4.70603E+00   7.803E-08  -6.160E-03
  Mn CT S2                                                          -8.748E-04
  
  Weighted Constraints:        target        value        WTC/PTC     contrib
  @ATELIER_LATCOLOR      =   0.00000E+00   2.93566E+00   1.000E-02   8.618E+02
  @ATELIER_RMSSPOT       =   0.00000E+00   1.57037E+01   1.000E-03   2.466E+02
  
  Constraints released:   Mn CT S2 (>)
  Constraints released:   Mn CT S2 (>)
  
 CYCLE NUMBER 6:
  
  ABERR F. =        0.38155316
  CONST F. =     1056.83436846
  ERR. F.  =     1057.21592161       (change =      -51.47328080)
  
  OPD     0.57822909     0.25362013     0.13870868
  WAV     0.60402874     0.26361881     0.14573651
  
  
  
  Parameter                 Value            Change
  CUY S3                4.25918841E-01      2.33E-04
  CUY S4                1.53205599E-01     -1.77E-04
  CUY S5                2.95978711E-01     -6.72E-04
  CUY S6                4.03742825E-01     -1.32E-04
  CUY S7                3.61404527E-02      3.67E-03
  CUY S8               -2.41778417E-01      2.63E-03
  CUY S9               -5.07417666E-01     -7.30E-04
  CUY S10              -3.43793095E-01      3.14E-04
  A   S3               -4.01269282E-03      6.95E-05
  A   S4               -2.52527135E-02     -5.47E-05
  A   S5               -1.05748693E-01      3.12E-05
  A   S6               -6.96943322E-02     -2.52E-05
  A   S7                2.63775093E-02      3.39E-05
  A   S8                3.80803848E-03     -3.54E-05
  A   S9                5.27907229E-03     -5.10E-06
  A   S10               2.73885382E-02      1.58E-05
  THI S2                1.21928146E-03      2.19E-04
  THI S4                3.87260754E-01     -1.94E-04
  THI S6                1.55198962E-01     -2.28E-03
  THI S8                5.52961841E-01     -4.68E-03
  THI S10               6.18376481E-02      1.57E-03
  THI S12               6.65184788E-01      2.29E-03
  THI S14               2.60889025E-01      3.17E-03
  THI S16               5.79789025E-01      3.17E-03
  THI S18               2.97890249E-02      3.17E-03
  
        EFL          REDU         PIM          OAL         EN PUP       EX PUP
      4.706028     0.000000    -0.028186     6.485941     0.475900    -3.345270
  
  Active Constraints -   1:    target        value         diff        cost
  EFL                    =   4.70603E+00   4.70603E+00   6.683E-08  -6.940E-03
  
  Weighted Constraints:        target        value        WTC/PTC     contrib
  @ATELIER_LATCOLOR      =   0.00000E+00   2.80476E+00   1.000E-02   7.867E+02
  @ATELIER_RMSSPOT       =   0.00000E+00   1.64367E+01   1.000E-03   2.702E+02
  
  Constraints added:      Mn CT S2 (>)
  
 CYCLE NUMBER 7:
  
  ABERR F. =        0.37301269
  CONST F. =     1040.85079924
  ERR. F.  =     1041.22381193       (change =      -15.99210968)
  
  OPD     0.56424454     0.24886987     0.13901580
  WAV     0.58893130     0.25871157     0.14637471
  
  
  
  Parameter                 Value            Change
  CUY S3                4.26301680E-01      3.83E-04
  CUY S4                1.53526006E-01      3.20E-04
  CUY S5                2.95861793E-01     -1.17E-04
  CUY S6                4.03754673E-01      1.18E-05
  CUY S7                3.61693485E-02      2.89E-05
  CUY S8               -2.41796870E-01     -1.85E-05
  CUY S9               -5.07355575E-01      6.21E-05
  CUY S10              -3.43721039E-01      7.21E-05
  A   S3               -4.01931120E-03     -6.62E-06
  A   S4               -2.52380611E-02      1.47E-05
  A   S5               -1.05814670E-01     -6.60E-05
  A   S6               -6.97027560E-02     -8.42E-06
  A   S7                2.64201505E-02      4.26E-05
  A   S8                3.87773980E-03      6.97E-05
  A   S9                5.25763939E-03     -2.14E-05
  A   S10               2.74028030E-02      1.43E-05
  THI S2                1.00000000E-03     -2.19E-04
  THI S4                3.87177809E-01     -8.29E-05
  THI S6                1.54919682E-01     -2.79E-04
  THI S8                5.52820747E-01     -1.41E-04
  THI S10               6.20731258E-02      2.35E-04
  THI S12               6.65089489E-01     -9.53E-05
  THI S14               2.60835342E-01     -5.37E-05
  THI S16               5.79735342E-01     -5.37E-05
  THI S18               2.97353422E-02     -5.37E-05
  
        EFL          REDU         PIM          OAL         EN PUP       EX PUP
      4.706028     0.000000    -0.028306     6.485252     0.475900    -3.344795
  
  Active Constraints -   2:    target        value         diff        cost
  EFL                    =   4.70603E+00   4.70603E+00   7.923E-10  -5.389E-03
  Mn CT S2                                                          -6.789E-04
  
  Weighted Constraints:        target        value        WTC/PTC     contrib
  @ATELIER_LATCOLOR      =   0.00000E+00   2.78728E+00   1.000E-02   7.769E+02
  @ATELIER_RMSSPOT       =   0.00000E+00   1.62467E+01   1.000E-03   2.640E+02
  
 CYCLE NUMBER 8:
  
  ABERR F. =        0.13576037
  CONST F. =      589.25645137
  ERR. F.  =      589.39221174       (change =     -451.83160019)
  
  OPD     0.17964639     0.07078543     0.11158291
  WAV     0.20033219     0.07306358     0.12401552
  
  
  
  Parameter                 Value            Change
  CUY S3                4.20503186E-01     -5.80E-03
  CUY S4                1.27355604E-01     -2.62E-02
  CUY S5                2.52343641E-01     -4.35E-02
  CUY S6                3.80022510E-01     -2.37E-02
  CUY S7               -7.26402380E-03     -4.34E-02
  CUY S8               -2.92691640E-01     -5.09E-02
  CUY S9               -4.81049450E-01      2.63E-02
  CUY S10              -3.19837684E-01      2.39E-02
  A   S3                8.16892118E-04      4.84E-03
  A   S4               -1.83763738E-02      6.86E-03
  A   S5               -9.79674567E-02      7.85E-03
  A   S6               -7.18267198E-02     -2.12E-03
  A   S7                1.28670747E-02     -1.36E-02
  A   S8               -5.58370916E-03     -9.46E-03
  A   S9                4.32514247E-03     -9.32E-04
  A   S10               2.59708928E-02     -1.43E-03
  THI S2                1.00000000E-03     -7.35E-17
  THI S4                2.92734213E-01     -9.44E-02
  THI S6                1.93474141E-01      3.86E-02
  THI S8                6.20214256E-01      6.74E-02
  THI S10               2.58424787E-02     -3.62E-02
  THI S12               6.35764437E-01     -2.93E-02
  THI S14               2.62098376E-01      1.26E-03
  THI S16               5.80998376E-01      1.26E-03
  THI S18               3.09983759E-02      1.26E-03
  
        EFL          REDU         PIM          OAL         EN PUP       EX PUP
      4.706370     0.000000     0.030593     6.433726     0.475900    -3.332410
  
  Active Constraints -   2:    target        value         diff        cost
  EFL                    =   4.70603E+00   4.70637E+00   3.422E-04  -3.117E-07
  Mn CT S2                                                          -1.014E-08
  
  Weighted Constraints:        target        value        WTC/PTC     contrib
  @ATELIER_LATCOLOR      =   0.00000E+00   1.90303E+00   1.000E-02   3.622E+02
  @ATELIER_RMSSPOT       =   0.00000E+00   1.50699E+01   1.000E-03   2.271E+02
  
 CYCLE NUMBER 9:
  
  ABERR F. =        0.09364528
  CONST F. =      522.17171491
  ERR. F.  =      522.26536019       (change =      -67.12685155)
  
  OPD     0.05913095     0.05894257     0.13085903
  WAV     0.06300979     0.06500189     0.14257059
  
  
  
  Parameter                 Value            Change
  CUY S3                4.29637988E-01      9.13E-03
  CUY S4                1.29968696E-01      2.61E-03
  CUY S5                2.58854663E-01      6.51E-03
  CUY S6                3.97951573E-01      1.79E-02
  CUY S7                1.64727976E-02      2.37E-02
  CUY S8               -2.99958791E-01     -7.27E-03
  CUY S9               -4.88836602E-01     -7.79E-03
  CUY S10              -3.01712703E-01      1.81E-02
  A   S3                2.76684110E-04     -5.40E-04
  A   S4               -1.66708218E-02      1.71E-03
  A   S5               -9.71411268E-02      8.26E-04
  A   S6               -7.24813363E-02     -6.55E-04
  A   S7                1.03589858E-02     -2.51E-03
  A   S8               -3.97074933E-03      1.61E-03
  A   S9                4.01977540E-03     -3.05E-04
  A   S10               2.57280620E-02     -2.43E-04
  THI S2                1.00000000E-03     -1.18E-16
  THI S4                3.16690108E-01      2.40E-02
  THI S6                1.89168703E-01     -4.31E-03
  THI S8                5.46201596E-01     -7.40E-02
  THI S10               1.25754157E-01      9.99E-02
  THI S12               6.45601446E-01      9.84E-03
  THI S14               2.35437033E-01     -2.67E-02
  THI S16               5.54337033E-01     -2.67E-02
  THI S18               4.33703216E-03     -2.67E-02
  
        EFL          REDU         PIM          OAL         EN PUP       EX PUP
      4.709385     0.000000     0.013512     6.435790     0.475900    -3.279155
  
  Active Constraints -   2:    target        value         diff        cost
  EFL                    =   4.70603E+00   4.70939E+00   3.357E-03  -3.596E-07
  Mn CT S2                                                          -1.777E-08
  
  Weighted Constraints:        target        value        WTC/PTC     contrib
  @ATELIER_LATCOLOR      =   0.00000E+00   1.94161E+00   1.000E-02   3.770E+02
  @ATELIER_RMSSPOT       =   0.00000E+00   1.20493E+01   1.000E-03   1.452E+02
  
 CYCLE NUMBER 10:
  
  ABERR F. =        0.06211187
  CONST F. =      174.29971030
  ERR. F.  =      174.36182217       (change =     -347.90353803)
  
  OPD     0.03106915     0.03819213     0.08914397
  WAV     0.03495152     0.03987219     0.09982649
  
  
  
  Parameter                 Value            Change
  CUY S3                4.34664992E-01      5.03E-03
  CUY S4                1.35016358E-01      5.05E-03
  CUY S5                2.24893410E-01     -3.40E-02
  CUY S6                3.60961105E-01     -3.70E-02
  CUY S7                1.26944474E-02     -3.78E-03
  CUY S8               -2.96151163E-01      3.81E-03
  CUY S9               -4.84328854E-01      4.51E-03
  CUY S10              -3.02863932E-01     -1.15E-03
  A   S3                1.80388724E-03      1.53E-03
  A   S4               -1.69564955E-02     -2.86E-04
  A   S5               -9.84426873E-02     -1.30E-03
  A   S6               -7.17179436E-02      7.63E-04
  A   S7                8.62633190E-03     -1.73E-03
  A   S8               -2.62627556E-03      1.34E-03
  A   S9                5.10520471E-03      1.09E-03
  A   S10               2.40167556E-02     -1.71E-03
  THI S2                1.00000000E-03      2.45E-16
  THI S4                3.49135704E-01      3.24E-02
  THI S6                1.83158953E-01     -6.01E-03
  THI S8                5.84899143E-01      3.87E-02
  THI S10               1.07079384E-01     -1.87E-02
  THI S12               6.34893625E-01     -1.07E-02
  THI S14               2.27966379E-01     -7.47E-03
  THI S16               5.46866379E-01     -7.47E-03
  THI S18              -3.13362102E-03     -7.47E-03
  
        EFL          REDU         PIM          OAL         EN PUP       EX PUP
      4.706003     0.000000     0.009743     6.456600     0.475900    -3.286507
  
  Active Constraints -   2:    target        value         diff        cost
  EFL                    =   4.70603E+00   4.70600E+00  -2.543E-05   3.415E-08
  Mn CT S2                                                          -3.797E-10
  
  Weighted Constraints:        target        value        WTC/PTC     contrib
  @ATELIER_LATCOLOR      =   0.00000E+00   7.54008E-01   1.000E-02   5.685E+01
  @ATELIER_RMSSPOT       =   0.00000E+00   1.08373E+01   1.000E-03   1.174E+02
     WARNING - Frozen Thickness Violations:
  Mn ET S17
  
 CYCLE NUMBER 11:
  
  ABERR F. =        0.05784229
  CONST F. =      152.72202199
  ERR. F.  =      152.77986429       (change =      -21.58195788)
  
  OPD     0.03421070     0.05374031     0.07214864
  WAV     0.03785390     0.05816514     0.07742392
  
  
  
  Parameter                 Value            Change
  CUY S3                4.36031868E-01      1.37E-03
  CUY S4                1.33912004E-01     -1.10E-03
  CUY S5                2.31269590E-01      6.38E-03
  CUY S6                3.70548725E-01      9.59E-03
  CUY S7                2.96548050E-02      1.70E-02
  CUY S8               -2.87484917E-01      8.67E-03
  CUY S9               -4.91052063E-01     -6.72E-03
  CUY S10              -3.01011354E-01      1.85E-03
  A   S3                1.85836625E-03      5.45E-05
  A   S4               -1.70565391E-02     -1.00E-04
  A   S5               -9.84536308E-02     -1.09E-05
  A   S6               -7.17344550E-02     -1.65E-05
  A   S7                8.77179455E-03      1.45E-04
  A   S8               -3.28196877E-03     -6.56E-04
  A   S9                2.39908942E-03     -2.71E-03
  A   S10               2.40456290E-02      2.89E-05
  THI S2                1.00000000E-03     -3.14E-17
  THI S4                3.46945743E-01     -2.19E-03
  THI S6                1.82212875E-01     -9.46E-04
  THI S8                5.70328846E-01     -1.46E-02
  THI S10               1.07642632E-01      5.63E-04
  THI S12               6.33036922E-01     -1.86E-03
  THI S14               2.25085354E-01     -2.88E-03
  THI S16               5.43985354E-01     -2.88E-03
  THI S18              -6.01464609E-03     -2.88E-03
  
        EFL          REDU         PIM          OAL         EN PUP       EX PUP
      4.706073     0.000000     0.006224     6.431838     0.475900    -3.257582
  
  Active Constraints -   2:    target        value         diff        cost
  EFL                    =   4.70603E+00   4.70607E+00   4.531E-05  -1.191E-06
  Mn CT S2                                                          -4.602E-08
  
  Weighted Constraints:        target        value        WTC/PTC     contrib
  @ATELIER_LATCOLOR      =   0.00000E+00   1.07512E+00   1.000E-02   1.156E+02
  @ATELIER_RMSSPOT       =   0.00000E+00   6.09380E+00   1.000E-03   3.713E+01
     WARNING - Frozen Thickness Violations:
  Mn ET S17
  
  Constraints released:   Mn CT S2 (>)
  
 CYCLE NUMBER 12:
  
  ABERR F. =        0.06822390
  CONST F. =       46.79383699
  ERR. F.  =       46.86206090       (change =     -105.91780339)
  
  OPD     0.06444500     0.03310936     0.08760710
  WAV     0.07096319     0.03473479     0.09359666
  
  
  
  Parameter                 Value            Change
  CUY S3                4.36912056E-01      8.80E-04
  CUY S4                1.36056624E-01      2.14E-03
  CUY S5                2.27959235E-01     -3.31E-03
  CUY S6                3.65315543E-01     -5.23E-03
  CUY S7                2.29496502E-02     -6.71E-03
  CUY S8               -2.89713868E-01     -2.23E-03
  CUY S9               -4.88090291E-01      2.96E-03
  CUY S10              -3.02591844E-01     -1.58E-03
  A   S3                1.83800826E-03     -2.04E-05
  A   S4               -1.71128793E-02     -5.63E-05
  A   S5               -9.83070488E-02      1.47E-04
  A   S6               -7.18734017E-02     -1.39E-04
  A   S7                8.83173809E-03      5.99E-05
  A   S8               -3.38931750E-03     -1.07E-04
  A   S9                2.73646410E-03      3.37E-04
  A   S10               2.38484540E-02     -1.97E-04
  THI S2                1.03686430E-02      9.37E-03
  THI S4                3.44732967E-01     -2.21E-03
  THI S6                1.91145273E-01      8.93E-03
  THI S8                5.72726655E-01      2.40E-03
  THI S10               1.08767104E-01      1.12E-03
  THI S12               6.31509369E-01     -1.53E-03
  THI S14               2.26049058E-01      9.64E-04
  THI S16               5.44949058E-01      9.64E-04
  THI S18              -5.05094285E-03      9.64E-04
  
        EFL          REDU         PIM          OAL         EN PUP       EX PUP
      4.706027     0.000000     0.009913     6.451848     0.475900    -3.277350
  
  Active Constraints -   1:    target        value         diff        cost
  EFL                    =   4.70603E+00   4.70603E+00  -1.055E-06  -3.442E-06
  
  Weighted Constraints:        target        value        WTC/PTC     contrib
  @ATELIER_LATCOLOR      =   0.00000E+00   4.07475E-01   1.000E-02   1.660E+01
  @ATELIER_RMSSPOT       =   0.00000E+00   5.49457E+00   1.000E-03   3.019E+01
     WARNING - Frozen Thickness Violations:
  Mn ET S17
  
  Constraints added:      Mn CT S2 (>)
  Constraints released:   Mn CT S2 (>)
  
 CYCLE NUMBER 13:
  
  ABERR F. =        0.05892981
  CONST F. =       44.73548701
  ERR. F.  =       44.79441682       (change =       -2.06764408)
  
  OPD     0.04528727     0.03375361     0.08034952
  WAV     0.05027645     0.03561573     0.08598746
  
  
  
  Parameter                 Value            Change
  CUY S3                4.36846399E-01     -6.57E-05
  CUY S4                1.35927170E-01     -1.29E-04
  CUY S5                2.28332595E-01      3.73E-04
  CUY S6                3.65797786E-01      4.82E-04
  CUY S7                2.36123010E-02      6.63E-04
  CUY S8               -2.89265986E-01      4.48E-04
  CUY S9               -4.88213691E-01     -1.23E-04
  CUY S10              -3.02505238E-01      8.66E-05
  A   S3                1.80720525E-03     -3.08E-05
  A   S4               -1.70971825E-02      1.57E-05
  A   S5               -9.83201392E-02     -1.31E-05
  A   S6               -7.18629245E-02      1.05E-05
  A   S7                8.82054722E-03     -1.12E-05
  A   S8               -3.37689435E-03      1.24E-05
  A   S9                2.71075786E-03     -2.57E-05
  A   S10               2.38577859E-02      9.33E-06
  THI S2                8.98277688E-03     -1.39E-03
  THI S4                3.45106856E-01      3.74E-04
  THI S6                1.90876149E-01     -2.69E-04
  THI S8                5.71984454E-01     -7.42E-04
  THI S10               1.08659328E-01     -1.08E-04
  THI S12               6.31753707E-01      2.44E-04
  THI S14               2.25882669E-01     -1.66E-04
  THI S16               5.44782669E-01     -1.66E-04
  THI S18              -5.21733127E-03     -1.66E-04
  
        EFL          REDU         PIM          OAL         EN PUP       EX PUP
      4.706028     0.000000     0.009878     6.449629     0.475900    -3.275583
  
  Active Constraints -   1:    target        value         diff        cost
  EFL                    =   4.70603E+00   4.70603E+00   7.541E-09   1.010E-03
  
  Weighted Constraints:        target        value        WTC/PTC     contrib
  @ATELIER_LATCOLOR      =   0.00000E+00   3.82773E-01   1.000E-02   1.465E+01
  @ATELIER_RMSSPOT       =   0.00000E+00   5.48488E+00   1.000E-03   3.008E+01
     WARNING - Frozen Thickness Violations:
  Mn ET S17
  
  Constraints added:      Mn CT S2 (>)
  Constraints released:   Mn CT S2 (>)
  
 CYCLE NUMBER 14:
  
  ABERR F. =        0.06784782
  CONST F. =       44.22595579
  ERR. F.  =       44.29380360       (change =       -0.50061321)
  
  OPD     0.06263476     0.03337730     0.08804113
  WAV     0.06878300     0.03509267     0.09417517
  
  
  
  Parameter                 Value            Change
  CUY S3                4.36903679E-01      5.73E-05
  CUY S4                1.35936027E-01      8.86E-06
  CUY S5                2.28587712E-01      2.55E-04
  CUY S6                3.66108220E-01      3.10E-04
  CUY S7                2.35692469E-02     -4.31E-05
  CUY S8               -2.89253900E-01      1.21E-05
  CUY S9               -4.88148632E-01      6.51E-05
  CUY S10              -3.02499818E-01      5.42E-06
  A   S3                1.81505306E-03      7.85E-06
  A   S4               -1.71175286E-02     -2.03E-05
  A   S5               -9.83030966E-02      1.70E-05
  A   S6               -7.18741349E-02     -1.12E-05
  A   S7                8.85444370E-03      3.39E-05
  A   S8               -3.40836766E-03     -3.15E-05
  A   S9                2.69598525E-03     -1.48E-05
  A   S10               2.38569953E-02     -7.91E-07
  THI S2                8.43413168E-03     -5.49E-04
  THI S4                3.44999862E-01     -1.07E-04
  THI S6                1.90769332E-01     -1.07E-04
  THI S8                5.71694166E-01     -2.90E-04
  THI S10               1.08865262E-01      2.06E-04
  THI S12               6.31599507E-01     -1.54E-04
  THI S14               2.26164265E-01      2.82E-04
  THI S16               5.45064265E-01      2.82E-04
  THI S18              -4.93573501E-03      2.82E-04
  
        EFL          REDU         PIM          OAL         EN PUP       EX PUP
      4.706028     0.000000     0.009517     6.449191     0.475900    -3.275745
  
  Active Constraints -   1:    target        value         diff        cost
  EFL                    =   4.70603E+00   4.70603E+00  -5.063E-12   1.255E-03
  
  Weighted Constraints:        target        value        WTC/PTC     contrib
  @ATELIER_LATCOLOR      =   0.00000E+00   3.72678E-01   1.000E-02   1.389E+01
  @ATELIER_RMSSPOT       =   0.00000E+00   5.50791E+00   1.000E-03   3.034E+01
     WARNING - Frozen Thickness Violations:
  Mn ET S17
  
 CYCLE NUMBER 15:
  
  ABERR F. =        0.06319110
  CONST F. =       42.67497958
  ERR. F.  =       42.73817069       (change =       -1.55563292)
  
  OPD     0.05539570     0.03353444     0.08312148
  WAV     0.06092374     0.03536448     0.08884775
  
  
  
  Parameter                 Value            Change
  CUY S3                4.36870297E-01     -3.34E-05
  CUY S4                1.35901849E-01     -3.42E-05
  CUY S5                2.28690894E-01      1.03E-04
  CUY S6                3.66253265E-01      1.45E-04
  CUY S7                2.36690300E-02      9.98E-05
  CUY S8               -2.89149972E-01      1.04E-04
  CUY S9               -4.88084395E-01      6.42E-05
  CUY S10              -3.02460527E-01      3.93E-05
  A   S3                1.80776105E-03     -7.29E-06
  A   S4               -1.71101440E-02      7.38E-06
  A   S5               -9.83092844E-02     -6.19E-06
  A   S6               -7.18692935E-02      4.84E-06
  A   S7                8.84753118E-03     -6.91E-06
  A   S8               -3.40251234E-03      5.86E-06
  A   S9                2.68393408E-03     -1.21E-05
  A   S10               2.38613128E-02      4.32E-06
  THI S2                8.48792479E-03      5.38E-05
  THI S4                3.45176718E-01      1.77E-04
  THI S6                1.90789871E-01      2.05E-05
  THI S8                5.71878495E-01      1.84E-04
  THI S10               1.08806624E-01     -5.86E-05
  THI S12               6.31749250E-01      1.50E-04
  THI S14               2.26089177E-01     -7.51E-05
  THI S16               5.44989177E-01     -7.51E-05
  THI S18              -5.01082332E-03     -7.51E-05
  
        EFL          REDU         PIM          OAL         EN PUP       EX PUP
      4.706028     0.000000     0.009307     6.449567     0.475900    -3.275760
  
  Active Constraints -   1:    target        value         diff        cost
  EFL                    =   4.70603E+00   4.70603E+00   6.989E-10   4.382E-04
  
  Weighted Constraints:        target        value        WTC/PTC     contrib
  @ATELIER_LATCOLOR      =   0.00000E+00   3.66393E-01   1.000E-02   1.342E+01
  @ATELIER_RMSSPOT       =   0.00000E+00   5.40838E+00   1.000E-03   2.925E+01
     WARNING - Frozen Thickness Violations:
  Mn ET S17
  
  Constraints added:      Mn CT S2 (>)
  Constraints released:   Mn CT S2 (>)
  
 CYCLE NUMBER 16:
  
  ABERR F. =        0.05898192
  CONST F. =       42.01941291
  ERR. F.  =       42.07839484       (change =       -0.65977585)
  
  OPD     0.03847046     0.03633286     0.08308082
  WAV     0.04271234     0.03852180     0.08867049
  
  
  
  Parameter                 Value            Change
  CUY S3                4.36860961E-01     -9.34E-06
  CUY S4                1.35873464E-01     -2.84E-05
  CUY S5                2.28953573E-01      2.63E-04
  CUY S6                3.66555678E-01      3.02E-04
  CUY S7                2.36458446E-02     -2.32E-05
  CUY S8               -2.89164616E-01     -1.46E-05
  CUY S9               -4.88042020E-01      4.24E-05
  CUY S10              -3.02445087E-01      1.54E-05
  A   S3                1.79187097E-03     -1.59E-05
  A   S4               -1.70892932E-02      2.09E-05
  A   S5               -9.83293173E-02     -2.00E-05
  A   S6               -7.18478495E-02      2.14E-05
  A   S7                8.82747327E-03     -2.01E-05
  A   S8               -3.38493187E-03      1.76E-05
  A   S9                2.67718759E-03     -6.75E-06
  A   S10               2.38655588E-02      4.25E-06
  THI S2                8.13845856E-03     -3.49E-04
  THI S4                3.45165477E-01     -1.12E-05
  THI S6                1.90646296E-01     -1.44E-04
  THI S8                5.71773041E-01     -1.05E-04
  THI S10               1.08766826E-01     -3.98E-05
  THI S12               6.31592226E-01     -1.57E-04
  THI S14               2.26118147E-01      2.90E-05
  THI S16               5.45018147E-01      2.90E-05
  THI S18              -4.98185389E-03      2.90E-05
  
        EFL          REDU         PIM          OAL         EN PUP       EX PUP
      4.706028     0.000000     0.009473     6.448819     0.475900    -3.275449
  
  Active Constraints -   1:    target        value         diff        cost
  EFL                    =   4.70603E+00   4.70603E+00   4.337E-10   2.182E-04
  
  Weighted Constraints:        target        value        WTC/PTC     contrib
  @ATELIER_LATCOLOR      =   0.00000E+00   3.59740E-01   1.000E-02   1.294E+01
  @ATELIER_RMSSPOT       =   0.00000E+00   5.39241E+00   1.000E-03   2.908E+01
     WARNING - Frozen Thickness Violations:
  Mn ET S17
  
  Constraints added:      Mn CT S2 (>)
  
 CYCLE NUMBER 17:
  
  ABERR F. =        0.07348954
  CONST F. =       40.95183662
  ERR. F.  =       41.02532617       (change =       -1.05306867)
  
  OPD     0.08062835     0.03393144     0.08612480
  WAV     0.08718236     0.03574000     0.09195875
  
  
  
  Parameter                 Value            Change
  CUY S3                4.36942075E-01      8.11E-05
  CUY S4                1.35874725E-01      1.26E-06
  CUY S5                2.28560295E-01     -3.93E-04
  CUY S6                3.66214717E-01     -3.41E-04
  CUY S7                2.34375688E-02     -2.08E-04
  CUY S8               -2.89557697E-01     -3.93E-04
  CUY S9               -4.88247686E-01     -2.06E-04
  CUY S10              -3.02446789E-01     -1.70E-06
  A   S3                1.80424851E-03      1.24E-05
  A   S4               -1.71070424E-02     -1.77E-05
  A   S5               -9.83175301E-02      1.18E-05
  A   S6               -7.18572790E-02     -9.43E-06
  A   S7                8.84345142E-03      1.60E-05
  A   S8               -3.42404622E-03     -3.91E-05
  A   S9                2.65334755E-03     -2.38E-05
  A   S10               2.38638034E-02     -1.76E-06
  THI S2                1.00000000E-03     -7.14E-03
  THI S4                3.45771587E-01      6.06E-04
  THI S6                1.90467180E-01     -1.79E-04
  THI S8                5.71268308E-01     -5.05E-04
  THI S10               1.09038098E-01      2.71E-04
  THI S12               6.32051468E-01      4.59E-04
  THI S14               2.26675320E-01      5.57E-04
  THI S16               5.45575320E-01      5.57E-04
  THI S18              -4.42468083E-03      5.57E-04
  
        EFL          REDU         PIM          OAL         EN PUP       EX PUP
      4.706028     0.000000     0.007905     6.443447     0.475900    -3.273312
  
  Active Constraints -   2:    target        value         diff        cost
  EFL                    =   4.70603E+00   4.70603E+00   4.111E-10  -6.165E-04
  Mn CT S2                                                           7.742E-04
  
  Weighted Constraints:        target        value        WTC/PTC     contrib
  @ATELIER_LATCOLOR      =   0.00000E+00   3.23964E-01   1.000E-02   1.050E+01
  @ATELIER_RMSSPOT       =   0.00000E+00   5.51875E+00   1.000E-03   3.046E+01
     WARNING - Frozen Thickness Violations:
  Mn ET S17
  
 CYCLE NUMBER 18:
  
  ABERR F. =        0.07183745
  CONST F. =       39.64429031
  ERR. F.  =       39.71612776       (change =       -1.30919841)
  
  OPD     0.07800401     0.03385364     0.08468623
  WAV     0.08434303     0.03568111     0.09041223
  
  
  
  Parameter                 Value            Change
  CUY S3                4.36934563E-01     -7.51E-06
  CUY S4                1.35868667E-01     -6.06E-06
  CUY S5                2.28552146E-01     -8.15E-06
  CUY S6                3.66212277E-01     -2.44E-06
  CUY S7                2.35210755E-02      8.35E-05
  CUY S8               -2.89472254E-01      8.54E-05
  CUY S9               -4.88232968E-01      1.47E-05
  CUY S10              -3.02437769E-01      9.02E-06
  A   S3                1.80247544E-03     -1.77E-06
  A   S4               -1.71050207E-02      2.02E-06
  A   S5               -9.83192990E-02     -1.77E-06
  A   S6               -7.18559141E-02      1.36E-06
  A   S7                8.84128139E-03     -2.17E-06
  A   S8               -3.42150657E-03      2.54E-06
  A   S9                2.65046941E-03     -2.88E-06
  A   S10               2.38649014E-02      1.10E-06
  THI S2                1.00000000E-03      8.67E-19
  THI S4                3.45795805E-01      2.42E-05
  THI S6                1.90477845E-01      1.07E-05
  THI S8                5.71330205E-01      6.19E-05
  THI S10               1.09021296E-01     -1.68E-05
  THI S12               6.32058198E-01      6.73E-06
  THI S14               2.26652291E-01     -2.30E-05
  THI S16               5.45552291E-01     -2.30E-05
  THI S18              -4.44770951E-03     -2.30E-05
  
        EFL          REDU         PIM          OAL         EN PUP       EX PUP
      4.706028     0.000000     0.007857     6.443488     0.475900    -3.273270
  
  Active Constraints -   2:    target        value         diff        cost
  EFL                    =   4.70603E+00   4.70603E+00   3.731E-11  -2.919E-03
  Mn CT S2                                                          -1.718E-04
  
  Weighted Constraints:        target        value        WTC/PTC     contrib
  @ATELIER_LATCOLOR      =   0.00000E+00   3.22605E-01   1.000E-02   1.041E+01
  @ATELIER_RMSSPOT       =   0.00000E+00   5.40712E+00   1.000E-03   2.924E+01
     WARNING - Frozen Thickness Violations:
  Mn ET S17
  
 CYCLE NUMBER 19:
  
  ABERR F. =        0.06319715
  CONST F. =       39.02686073
  ERR. F.  =       39.09005788       (change =       -0.62606988)
  
  OPD     0.05962404     0.03503343     0.07971350
  WAV     0.06464550     0.03713609     0.08525572
  
  
  
  Parameter                 Value            Change
  CUY S3                4.36920773E-01     -1.38E-05
  CUY S4                1.35840636E-01     -2.80E-05
  CUY S5                2.28841265E-01      2.89E-04
  CUY S6                3.66551097E-01      3.39E-04
  CUY S7                2.35429172E-02      2.18E-05
  CUY S8               -2.89439902E-01      3.24E-05
  CUY S9               -4.88157806E-01      7.52E-05
  CUY S10              -3.02400919E-01      3.68E-05
  A   S3                1.78721101E-03     -1.53E-05
  A   S4               -1.70850945E-02      1.99E-05
  A   S5               -9.83349636E-02     -1.57E-05
  A   S6               -7.18437567E-02      1.22E-05
  A   S7                8.82552826E-03     -1.58E-05
  A   S8               -3.40261048E-03      1.89E-05
  A   S9                2.63693903E-03     -1.35E-05
  A   S10               2.38734498E-02      8.55E-06
  THI S2                1.00000000E-03      0.00E+00
  THI S4                3.46176066E-01      3.80E-04
  THI S6                1.90579061E-01      1.01E-04
  THI S8                5.71178013E-01     -1.52E-04
  THI S10               1.08876998E-01     -1.44E-04
  THI S12               6.32026820E-01     -3.14E-05
  THI S14               2.26585843E-01     -6.64E-05
  THI S16               5.45485843E-01     -6.64E-05
  THI S18              -4.51415720E-03     -6.64E-05
  
        EFL          REDU         PIM          OAL         EN PUP       EX PUP
      4.706028     0.000000     0.007871     6.443509     0.475900    -3.273242
  
  Active Constraints -   2:    target        value         diff        cost
  EFL                    =   4.70603E+00   4.70603E+00  -3.695E-12  -4.917E-03
  Mn CT S2                                                          -1.446E-04
  
  Weighted Constraints:        target        value        WTC/PTC     contrib
  @ATELIER_LATCOLOR      =   0.00000E+00   3.14436E-01   1.000E-02   9.887E+00
  @ATELIER_RMSSPOT       =   0.00000E+00   5.39814E+00   1.000E-03   2.914E+01
     WARNING - Frozen Thickness Violations:
  Mn ET S17
  
 CYCLE NUMBER 20:
  
  ABERR F. =        0.07248679
  CONST F. =       37.36072776
  ERR. F.  =       37.43321454       (change =       -1.65684334)
  
  OPD     0.07520680     0.03486370     0.08843114
  WAV     0.08132675     0.03688263     0.09412774
  
  
  
  Parameter                 Value            Change
  CUY S3                4.36968873E-01      4.81E-05
  CUY S4                1.35846060E-01      5.42E-06
  CUY S5                2.29194173E-01      3.53E-04
  CUY S6                3.66933940E-01      3.83E-04
  CUY S7                2.34229568E-02     -1.20E-04
  CUY S8               -2.89542309E-01     -1.02E-04
  CUY S9               -4.88134382E-01      2.34E-05
  CUY S10              -3.02366167E-01      3.48E-05
  A   S3                1.81294085E-03      2.57E-05
  A   S4               -1.71107312E-02     -2.56E-05
  A   S5               -9.83124837E-02      2.25E-05
  A   S6               -7.18578701E-02     -1.41E-05
  A   S7                8.86760878E-03      4.21E-05
  A   S8               -3.35186159E-03      5.07E-05
  A   S9                2.62368434E-03     -1.33E-05
  A   S10               2.38766818E-02      3.23E-06
  THI S2                1.00000000E-03      0.00E+00
  THI S4                3.46053852E-01     -1.22E-04
  THI S6                1.90525272E-01     -5.38E-05
  THI S8                5.70995754E-01     -1.82E-04
  THI S10               1.09173837E-01      2.97E-04
  THI S12               6.31772314E-01     -2.55E-04
  THI S14               2.26636571E-01      5.07E-05
  THI S16               5.45536571E-01      5.07E-05
  THI S18              -4.46342978E-03      5.07E-05
  
        EFL          REDU         PIM          OAL         EN PUP       EX PUP
      4.706028     0.000000     0.007843     6.443294     0.475900    -3.273229
  
  Active Constraints -   2:    target        value         diff        cost
  EFL                    =   4.70603E+00   4.70603E+00   2.662E-11  -1.518E-04
  Mn CT S2                                                          -1.326E-04
  
  Weighted Constraints:        target        value        WTC/PTC     contrib
  @ATELIER_LATCOLOR      =   0.00000E+00   3.06690E-01   1.000E-02   9.406E+00
  @ATELIER_RMSSPOT       =   0.00000E+00   5.28723E+00   1.000E-03   2.795E+01
     WARNING - Frozen Thickness Violations:
  Mn ET S17
  
 CYCLE NUMBER 21:
  
  ABERR F. =        0.07199382
  CONST F. =       37.25440448
  ERR. F.  =       37.32639829       (change =       -0.10681625)
  
  OPD     0.07462004     0.03485270     0.08779966
  WAV     0.08068906     0.03687707     0.09346859
  
  
  
  Parameter                 Value            Change
  CUY S3                4.36967767E-01     -1.11E-06
  CUY S4                1.35845857E-01     -2.03E-07
  CUY S5                2.29191842E-01     -2.33E-06
  CUY S6                3.66931756E-01     -2.18E-06
  CUY S7                2.34283663E-02      5.41E-06
  CUY S8               -2.89556366E-01     -1.41E-05
  CUY S9               -4.88153557E-01     -1.92E-05
  CUY S10              -3.02364882E-01      1.29E-06
  A   S3                1.81242457E-03     -5.16E-07
  A   S4               -1.71070495E-02      3.68E-06
  A   S5               -9.83150791E-02     -2.60E-06
  A   S6               -7.18575506E-02      3.19E-07
  A   S7                8.86487578E-03     -2.73E-06
  A   S8               -3.35697791E-03     -5.12E-06
  A   S9                2.62234769E-03     -1.34E-06
  A   S10               2.38765926E-02     -8.92E-08
  THI S2                1.00000000E-03      0.00E+00
  THI S4                3.46051125E-01     -2.73E-06
  THI S6                1.90526560E-01      1.29E-06
  THI S8                5.71001197E-01      5.44E-06
  THI S10               1.09163955E-01     -9.88E-06
  THI S12               6.31783978E-01      1.17E-05
  THI S14               2.26633484E-01     -3.09E-06
  THI S16               5.45533484E-01     -3.09E-06
  THI S18              -4.46651672E-03     -3.09E-06
  
        EFL          REDU         PIM          OAL         EN PUP       EX PUP
      4.706028     0.000000     0.007828     6.443294     0.475900    -3.273203
  
  Active Constraints -   2:    target        value         diff        cost
  EFL                    =   4.70603E+00   4.70603E+00  -2.377E-11  -7.872E-04
  Mn CT S2                                                          -6.687E-04
  
  Weighted Constraints:        target        value        WTC/PTC     contrib
  @ATELIER_LATCOLOR      =   0.00000E+00   3.06345E-01   1.000E-02   9.385E+00
  @ATELIER_RMSSPOT       =   0.00000E+00   5.27917E+00   1.000E-03   2.787E+01
     WARNING - Frozen Thickness Violations:
  Mn ET S17
  
 CYCLE NUMBER 22:
  
  ABERR F. =        0.06933766
  CONST F. =       37.17376452
  ERR. F.  =       37.24310218       (change =       -0.08329612)
  
  OPD     0.07159259     0.03540069     0.08400937
  WAV     0.07736559     0.03749248     0.08954810
  
  
  
  Parameter                 Value            Change
  CUY S3                4.36936558E-01     -3.12E-05
  CUY S4                1.35810866E-01     -3.50E-05
  CUY S5                2.29221792E-01      3.00E-05
  CUY S6                3.66986462E-01      5.47E-05
  CUY S7                2.35990996E-02      1.71E-04
  CUY S8               -2.89377011E-01      1.79E-04
  CUY S9               -4.88109736E-01      4.38E-05
  CUY S10              -3.02341871E-01      2.30E-05
  A   S3                1.80162364E-03     -1.08E-05
  A   S4               -1.71145502E-02     -7.50E-06
  A   S5               -9.83108977E-02      4.18E-06
  A   S6               -7.18494444E-02      8.11E-06
  A   S7                8.86924902E-03      4.37E-06
  A   S8               -3.35327223E-03      3.71E-06
  A   S9                2.61589774E-03     -6.45E-06
  A   S10               2.38801118E-02      3.52E-06
  THI S2                1.00000000E-03     -2.17E-19
  THI S4                3.46073455E-01      2.23E-05
  THI S6                1.90579301E-01      5.27E-05
  THI S8                5.71027997E-01      2.68E-05
  THI S10               1.09106153E-01     -5.78E-05
  THI S12               6.31916912E-01      1.33E-04
  THI S14               2.26632636E-01     -8.48E-07
  THI S16               5.45532636E-01     -8.48E-07
  THI S18              -4.46736457E-03     -8.48E-07
  
        EFL          REDU         PIM          OAL         EN PUP       EX PUP
      4.706028     0.000000     0.007647     6.443469     0.475900    -3.273201
  
  Active Constraints -   2:    target        value         diff        cost
  EFL                    =   4.70603E+00   4.70603E+00  -3.946E-12  -1.627E-03
  Mn CT S2                                                          -1.477E-04
  
  Weighted Constraints:        target        value        WTC/PTC     contrib
  @ATELIER_LATCOLOR      =   0.00000E+00   3.02037E-01   1.000E-02   9.123E+00
  @ATELIER_RMSSPOT       =   0.00000E+00   5.29633E+00   1.000E-03   2.805E+01
     WARNING - Frozen Thickness Violations:
  Mn ET S17
  
 CYCLE NUMBER 23:
  
  ABERR F. =        0.07576145
  CONST F. =       36.86432180
  ERR. F.  =       36.94008325       (change =       -0.30301893)
  
  OPD     0.08362098     0.03469343     0.08857199
  WAV     0.09027161     0.03665862     0.09436559
  
  
  
  Parameter                 Value            Change
  CUY S3                4.37022071E-01      8.55E-05
  CUY S4                1.35877148E-01      6.63E-05
  CUY S5                2.29343225E-01      1.21E-04
  CUY S6                3.67136903E-01      1.50E-04
  CUY S7                2.35443284E-02     -5.48E-05
  CUY S8               -2.89413476E-01     -3.65E-05
  CUY S9               -4.88071776E-01      3.80E-05
  CUY S10              -3.02323941E-01      1.79E-05
  A   S3                1.81825921E-03      1.66E-05
  A   S4               -1.71327895E-02     -1.82E-05
  A   S5               -9.83092944E-02      1.60E-06
  A   S6               -7.18629547E-02     -1.35E-05
  A   S7                8.90082874E-03      3.16E-05
  A   S8               -3.34736394E-03      5.91E-06
  A   S9                2.60950083E-03     -6.40E-06
  A   S10               2.38831910E-02      3.08E-06
  THI S2                1.00000000E-03      2.17E-19
  THI S4                3.46015006E-01     -5.84E-05
  THI S6                1.90510600E-01     -6.87E-05
  THI S8                5.70846389E-01     -1.82E-04
  THI S10               1.09120728E-01      1.46E-05
  THI S12               6.31846735E-01     -7.02E-05
  THI S14               2.26701627E-01      6.90E-05
  THI S16               5.45601627E-01      6.90E-05
  THI S18              -4.39837355E-03      6.90E-05
  
        EFL          REDU         PIM          OAL         EN PUP       EX PUP
      4.706028     0.000000     0.007646     6.443243     0.475900    -3.273194
  
  Active Constraints -   2:    target        value         diff        cost
  EFL                    =   4.70603E+00   4.70603E+00   2.312E-11   7.560E-04
  Mn CT S2                                                          -1.393E-04
  
  Weighted Constraints:        target        value        WTC/PTC     contrib
  @ATELIER_LATCOLOR      =   0.00000E+00   2.97160E-01   1.000E-02   8.830E+00
  @ATELIER_RMSSPOT       =   0.00000E+00   5.29470E+00   1.000E-03   2.803E+01
     WARNING - Frozen Thickness Violations:
  Mn ET S17
  
 CYCLE NUMBER 24:
  
  ABERR F. =        0.07091645
  CONST F. =       36.38996679
  ERR. F.  =       36.46088323       (change =       -0.47920002)
  
  OPD     0.08007614     0.03523834     0.07983413
  WAV     0.08637033     0.03725654     0.08543742
  
  
  
  Parameter                 Value            Change
  CUY S3                4.36992995E-01     -2.91E-05
  CUY S4                1.35849315E-01     -2.78E-05
  CUY S5                2.29221902E-01     -1.21E-04
  CUY S6                3.67002094E-01     -1.35E-04
  CUY S7                2.35736588E-02      2.93E-05
  CUY S8               -2.89415841E-01     -2.36E-06
  CUY S9               -4.88049274E-01      2.25E-05
  CUY S10              -3.02227771E-01      9.62E-05
  A   S3                1.81076228E-03     -7.50E-06
  A   S4               -1.71156964E-02      1.71E-05
  A   S5               -9.83180631E-02     -8.77E-06
  A   S6               -7.18577363E-02      5.22E-06
  A   S7                8.88926575E-03     -1.16E-05
  A   S8               -3.40232489E-03     -5.50E-05
  A   S9                2.57886704E-03     -3.06E-05
  A   S10               2.39001973E-02      1.70E-05
  THI S2                1.00000000E-03      0.00E+00
  THI S4                3.46071908E-01      5.69E-05
  THI S6                1.90690622E-01      1.80E-04
  THI S8                5.71324920E-01      4.79E-04
  THI S10               1.09055393E-01     -6.53E-05
  THI S12               6.32036934E-01      1.90E-04
  THI S14               2.26578925E-01     -1.23E-04
  THI S16               5.45478925E-01     -1.23E-04
  THI S18              -4.52107581E-03     -1.23E-04
  
        EFL          REDU         PIM          OAL         EN PUP       EX PUP
      4.706028     0.000000     0.007270     6.443838     0.475900    -3.273149
  
  Active Constraints -   2:    target        value         diff        cost
  EFL                    =   4.70603E+00   4.70603E+00   1.454E-10  -3.434E-03
  Mn CT S2                                                          -1.481E-03
  
  Weighted Constraints:        target        value        WTC/PTC     contrib
  @ATELIER_LATCOLOR      =   0.00000E+00   2.86401E-01   1.000E-02   8.203E+00
  @ATELIER_RMSSPOT       =   0.00000E+00   5.30918E+00   1.000E-03   2.819E+01
     WARNING - Frozen Thickness Violations:
  Mn ET S17
  
 CYCLE NUMBER 25:
  
  ABERR F. =        0.07493043
  CONST F. =       36.10851950
  ERR. F.  =       36.18344992       (change =       -0.27743331)
  
  OPD     0.08742847     0.03483527     0.08258213
  WAV     0.09424124     0.03678663     0.08817995
  
  
  
  Parameter                 Value            Change
  CUY S3                4.37026743E-01      3.37E-05
  CUY S4                1.35871965E-01      2.26E-05
  CUY S5                2.29297482E-01      7.56E-05
  CUY S6                3.67092708E-01      9.06E-05
  CUY S7                2.35476109E-02     -2.60E-05
  CUY S8               -2.89426578E-01     -1.07E-05
  CUY S9               -4.88027939E-01      2.13E-05
  CUY S10              -3.02222937E-01      4.83E-06
  A   S3                1.81868348E-03      7.92E-06
  A   S4               -1.71264016E-02     -1.07E-05
  A   S5               -9.83104471E-02      7.62E-06
  A   S6               -7.18635647E-02     -5.83E-06
  A   S7                8.90477765E-03      1.55E-05
  A   S8               -3.39366462E-03      8.66E-06
  A   S9                2.57562243E-03     -3.24E-06
  A   S10               2.39005542E-02      3.57E-07
  THI S2                1.00000000E-03      0.00E+00
  THI S4                3.46037639E-01     -3.43E-05
  THI S6                1.90667524E-01     -2.31E-05
  THI S8                5.71276457E-01     -4.85E-05
  THI S10               1.09155349E-01      1.00E-04
  THI S12               6.31958237E-01     -7.87E-05
  THI S14               2.26617337E-01      3.84E-05
  THI S16               5.45517337E-01      3.84E-05
  THI S18              -4.48266333E-03      3.84E-05
  
        EFL          REDU         PIM          OAL         EN PUP       EX PUP
      4.706028     0.000000     0.007218     6.443830     0.475900    -3.273218
  
  Active Constraints -   2:    target        value         diff        cost
  EFL                    =   4.70603E+00   4.70603E+00   4.666E-12   1.203E-03
  Mn CT S2                                                          -1.371E-04
  
  Weighted Constraints:        target        value        WTC/PTC     contrib
  @ATELIER_LATCOLOR      =   0.00000E+00   2.84249E-01   1.000E-02   8.080E+00
  @ATELIER_RMSSPOT       =   0.00000E+00   5.29422E+00   1.000E-03   2.803E+01
     WARNING - Frozen Thickness Violations:
  Mn ET S17
  
     Normal AUTO Completion - Maximum cycle limit reached
AUT> GO
 
 
CODE V> BUF PUT B1 I^row J1 "schema"
      Created new worksheet B1.
CODE V> BUF PUT B1 I^row J2 "atelier-codev-target-v1"
CODE V> BUF PUT B1 I^row J1 "status"
CODE V> BUF PUT B1 I^row J2 "ok"
CODE V> BUF PUT B1 I^row J1 "mode"
CODE V> BUF PUT B1 I^row J2 "target"
CODE V> BUF PUT B1 I^row J1 "stage"
CODE V> BUF PUT B1 I^row J2 "A"
CODE V> BUF PUT B1 I^row J1 "source_zmx"
CODE V> BUF PUT B1 I^row J2 "US10281683B2.zmx"
CODE V> BUF PUT B1 I^row J1 "num_fields"
CODE V> BUF PUT B1 I^row J2 ^numf_out
CODE V> BUF PUT B1 I^row J1 "vignetting_edge"
CODE V> BUF PUT B1 I^row J2 0.4
CODE V> BUF PUT B1 I^row J1 "target.efl_mm"
CODE V> BUF PUT B1 I^row J2 ^target_efl
CODE V> BUF PUT B1 I^row J1 "target.f_number"
CODE V> BUF PUT B1 I^row J2 2.47277040822922
CODE V> BUF PUT B1 I^row J1 "seed_baseline.efl_y_mm"
CODE V> BUF PUT B1 I^row J2 ^seed_baseline_efl_y_mm
CODE V> BUF PUT B1 I^row J1 "seed_baseline.max_lateral_color_um"
CODE V> BUF PUT B1 I^row J2 ^seed_baseline_max_lateral_color_um
CODE V> BUF PUT B1 I^row J1 "seed_baseline.max_rms_spot_diameter_um"
CODE V> BUF PUT B1 I^row J2 ^seed_baseline_max_rms_spot_diameter_um
CODE V> BUF PUT B1 I^row J1 "seed_baseline.max_rms_wavefront_error_waves"
CODE V> BUF PUT B1 I^row J2 ^seed_baseline_max_rms_wavefront_error_waves
CODE V> BUF PUT B1 I^row J1 "seed_baseline.max_distortion_pct"
CODE V> BUF PUT B1 I^row J2 ^seed_baseline_max_distortion_pct
CODE V> BUF PUT B1 I^row J1 "seed_baseline.fno"
CODE V> BUF PUT B1 I^row J2 ^seed_baseline_fno
CODE V> BUF PUT B1 I^row J1 "seed_baseline.epd_mm"
CODE V> BUF PUT B1 I^row J2 ^seed_baseline_epd
CODE V> BUF PUT B1 I^row J1 "seed_baseline.maximh_mm"
CODE V> BUF PUT B1 I^row J2 ^seed_baseline_maximh
CODE V> BUF PUT B1 I^row J1 "config_pre_aut.efl_y_mm"
CODE V> BUF PUT B1 I^row J2 ^config_pre_aut_efl_y_mm
CODE V> BUF PUT B1 I^row J1 "config_pre_aut.max_lateral_color_um"
CODE V> BUF PUT B1 I^row J2 ^config_pre_aut_max_lateral_color_um
CODE V> BUF PUT B1 I^row J1 "config_pre_aut.max_rms_spot_diameter_um"
CODE V> BUF PUT B1 I^row J2 ^config_pre_aut_max_rms_spot_diameter_um
CODE V> BUF PUT B1 I^row J1 "config_pre_aut.max_rms_wavefront_error_waves"
CODE V> BUF PUT B1 I^row J2 ^config_pre_aut_max_rms_wavefront_error_waves
CODE V> BUF PUT B1 I^row J1 "config_pre_aut.max_distortion_pct"
CODE V> BUF PUT B1 I^row J2 ^config_pre_aut_max_distortion_pct
CODE V> BUF PUT B1 I^row J1 "config_pre_aut.fno"
CODE V> BUF PUT B1 I^row J2 ^config_pre_aut_fno
CODE V> BUF PUT B1 I^row J1 "config_pre_aut.epd_mm"
CODE V> BUF PUT B1 I^row J2 ^config_pre_aut_epd
CODE V> BUF PUT B1 I^row J1 "config_pre_aut.maximh_mm"
CODE V> BUF PUT B1 I^row J2 ^config_pre_aut_maximh
CODE V> BUF PUT B1 I^row J1 "post_aut.efl_y_mm"
CODE V> BUF PUT B1 I^row J2 ^post_aut_efl_y_mm
CODE V> BUF PUT B1 I^row J1 "post_aut.max_lateral_color_um"
CODE V> BUF PUT B1 I^row J2 ^post_aut_max_lateral_color_um
CODE V> BUF PUT B1 I^row J1 "post_aut.max_rms_spot_diameter_um"
CODE V> BUF PUT B1 I^row J2 ^post_aut_max_rms_spot_diameter_um
CODE V> BUF PUT B1 I^row J1 "post_aut.max_rms_wavefront_error_waves"
CODE V> BUF PUT B1 I^row J2 ^post_aut_max_rms_wavefront_error_waves
CODE V> BUF PUT B1 I^row J1 "post_aut.max_distortion_pct"
CODE V> BUF PUT B1 I^row J2 ^post_aut_max_distortion_pct
CODE V> BUF PUT B1 I^row J1 "post_aut.fno"
CODE V> BUF PUT B1 I^row J2 ^post_aut_fno
CODE V> BUF PUT B1 I^row J1 "post_aut.epd_mm"
CODE V> BUF PUT B1 I^row J2 ^post_aut_epd
CODE V> BUF PUT B1 I^row J1 "post_aut.maximh_mm"
CODE V> BUF PUT B1 I^row J2 ^post_aut_maximh
CODE V> BUF PUT B1 I^row J1 "efl_target_deviation_pct"
CODE V> BUF PUT B1 I^row J2 ^efl_target_dev_pct
CODE V> BUF PUT B1 I^row J1 "aut_converged"
CODE V> BUF PUT B1 I^row J2 ^aut_converged
CODE V> BUF EXP B1 "D:\atelier-wt-c\.planning\loop\p15-stageb-evidence\fno-matrix-2026-07-11\US10281683B2_loosen\rung2_fno0247\ray_retry\atelier_codev_target_A_vig0400.tsv"
     Buffer B1 exported to file atelier_codev_target_A_vig0400.tsv
CODE V> BUF DEL B1
CODE V> OUT YES
CODE V> EXI YES
     EXI                                                                              11-Jul-26  14H 11M 58S
                                                 CODE V PC  Version: 11.5             CPU clock:  0H  0M 27S
