  
  
                                   Welcome to
  
                                   C O D E   V
  
                                PC  Version 11.5
                                   Build 27302701
  
                                   11-Jul-2026
  
                            A proprietary product of
  
                              SYNOPSYS, INC
                              Pasadena, California
  
CODE V> OUT NO
     Radius input/output mode
  
    Lens data created by Zemax version 200706
  
    Zemax command MODE ignored
    ZEMAX NOTE 0 table5
    Zemax command PFIL ignored
    Zemax command LANG ignored
     WARNING - Glass catalog list not used.
     WARNING - Ray aiming not used.
     WARNING - Pupil shift for ray aiming not used.
    Zemax command SDMA ignored
    Zemax command OMMA ignored
    Zemax command HYPR ignored
     WARNING - Vignetting angles not used.
    Zemax command POLS ignored
    Zemax command GLRS ignored
    Zemax command GSTD ignored
    Zemax command NSCD ignored
    Zemax command COFN ignored
    Zemax command COFN ignored
  
     Surface pointer = OBJ
    Zemax surface type  STANDARD
    CODE V surface type SPH
    Zemax command FIMP ignored.
     WARNING - Hiding of rays not used.
    Zemax command MIRR ignored.
    Zemax command SLAB ignored.
    Zemax command MEMA ignored.
    Zemax command POPS ignored.
  
     Surface pointer = 1
    Zemax surface type  EVENASPH
    CODE V surface type ASP
    Zemax command FIMP ignored.
     WARNING - Hiding of rays not used.
    Zemax command MIRR ignored.
    Zemax command SLAB ignored.
     WARNING - Partial dispersion of model glass not used.
    Zemax command MEMA ignored.
    Zemax command POPS ignored.
  
     Surface pointer = 2
    Zemax surface type  EVENASPH
    CODE V surface type ASP
    Zemax command FIMP ignored.
     WARNING - Hiding of rays not used.
    Zemax command MIRR ignored.
    Zemax command SLAB ignored.
    Zemax command MEMA ignored.
    Zemax command POPS ignored.
  
     Surface pointer = 3
    Zemax surface type  STANDARD
    CODE V surface type SPH
    Zemax command FIMP ignored.
     WARNING - Hiding of rays not used.
    Zemax command MIRR ignored.
    Zemax command SLAB ignored.
    Zemax command MEMA ignored.
    Zemax command POPS ignored.
  
     Surface pointer = 4
    Zemax surface type  EVENASPH
    CODE V surface type ASP
    Zemax command FIMP ignored.
     WARNING - Hiding of rays not used.
    Zemax command MIRR ignored.
    Zemax command SLAB ignored.
     WARNING - Partial dispersion of model glass not used.
    Zemax command MEMA ignored.
    Zemax command POPS ignored.
  
     Surface pointer = 5
    Zemax surface type  EVENASPH
    CODE V surface type ASP
    Zemax command FIMP ignored.
     WARNING - Hiding of rays not used.
    Zemax command MIRR ignored.
    Zemax command SLAB ignored.
    Zemax command MEMA ignored.
    Zemax command POPS ignored.
  
     Surface pointer = 6
    Zemax surface type  EVENASPH
    CODE V surface type ASP
    Zemax command FIMP ignored.
     WARNING - Hiding of rays not used.
    Zemax command MIRR ignored.
    Zemax command SLAB ignored.
     WARNING - Partial dispersion of model glass not used.
    Zemax command MEMA ignored.
    Zemax command POPS ignored.
  
     Surface pointer = 7
    Zemax surface type  EVENASPH
    CODE V surface type ASP
    Zemax command FIMP ignored.
     WARNING - Hiding of rays not used.
    Zemax command MIRR ignored.
    Zemax command SLAB ignored.
    Zemax command MEMA ignored.
    Zemax command POPS ignored.
  
     Surface pointer = 8
    Zemax surface type  EVENASPH
    CODE V surface type ASP
    Zemax command FIMP ignored.
     WARNING - Hiding of rays not used.
    Zemax command MIRR ignored.
    Zemax command SLAB ignored.
     WARNING - Partial dispersion of model glass not used.
    Zemax command MEMA ignored.
    Zemax command POPS ignored.
  
     Surface pointer = 9
    Zemax surface type  EVENASPH
    CODE V surface type ASP
    Zemax command FIMP ignored.
     WARNING - Hiding of rays not used.
    Zemax command MIRR ignored.
    Zemax command SLAB ignored.
    Zemax command MEMA ignored.
    Zemax command POPS ignored.
  
     Surface pointer = 10
    Zemax surface type  EVENASPH
    CODE V surface type ASP
    Zemax command FIMP ignored.
     WARNING - Hiding of rays not used.
    Zemax command MIRR ignored.
    Zemax command SLAB ignored.
     WARNING - Partial dispersion of model glass not used.
    Zemax command MEMA ignored.
    Zemax command POPS ignored.
  
     Surface pointer = 11
    Zemax surface type  EVENASPH
    CODE V surface type ASP
    Zemax command FIMP ignored.
     WARNING - Hiding of rays not used.
    Zemax command MIRR ignored.
    Zemax command SLAB ignored.
    Zemax command MEMA ignored.
    Zemax command POPS ignored.
  
     Surface pointer = 12
    Zemax surface type  EVENASPH
    CODE V surface type ASP
    Zemax command FIMP ignored.
     WARNING - Hiding of rays not used.
    Zemax command MIRR ignored.
    Zemax command SLAB ignored.
     WARNING - Partial dispersion of model glass not used.
    Zemax command MEMA ignored.
    Zemax command POPS ignored.
  
     Surface pointer = 13
    Zemax surface type  EVENASPH
    CODE V surface type ASP
    Zemax command FIMP ignored.
     WARNING - Hiding of rays not used.
    Zemax command MIRR ignored.
    Zemax command SLAB ignored.
    Zemax command MEMA ignored.
    Zemax command POPS ignored.
  
     Surface pointer = 14
    Zemax surface type  STANDARD
    CODE V surface type SPH
    Zemax command FIMP ignored.
     WARNING - Hiding of rays not used.
    Zemax command MIRR ignored.
    Zemax command SLAB ignored.
     WARNING - Partial dispersion of model glass not used.
    Zemax command MEMA ignored.
    Zemax command POPS ignored.
  
     Surface pointer = 15
    Zemax surface type  STANDARD
    CODE V surface type SPH
    Zemax command FIMP ignored.
     WARNING - Hiding of rays not used.
    Zemax command MIRR ignored.
    Zemax command SLAB ignored.
    Zemax command MEMA ignored.
    Zemax command POPS ignored.
  
     Surface pointer = IMG
    Zemax surface type  STANDARD
    CODE V surface type SPH
    Zemax command FIMP ignored.
     WARNING - Hiding of rays not used.
    Zemax command MIRR ignored.
    Zemax command SLAB ignored.
    Zemax command MEMA ignored.
    Zemax command POPS ignored.
  
     WARNING - Please check the converted lens carefully.
               Some information will not be converted.
               Changes in either CODE V or ZEMAX may invalidate
               the converted information.
               Due to differences between CODE V and ZEMAX ray
               aiming and vignetting factors, it is recommended
               that you set vignetting for the converted system.
  
               A concise listing of conversion warnings appears
               in the Tabbed Output Window 'Info' tab and in the
               Command Window.
  
CODE V> DEF VAR SA
     ERROR - Total reflection at surface   9 for zoom position  1
     ERROR - One or more of the reference rays from field  2 is deviated far from
             most of the other rays from this field point.  The reference rays are
             used to determine the numerical aperture and the grid spacing.  Thus, it
             is important that these rays are focused at approximately the same spot
             as the other rays from this field point.  Modifying the vignetting
             may solve this problem and allow the computation to proceed.
CODE V> FNO 2.4
 
 
CODE V> AUT
     AUT                                                                              11-Jul-26  14H 18M 34S
                                                 CODE V PC  Version: 11.5             CPU clock:  0H  0M  0S
     ***Defocussing frozen to eliminate redundant variable
AUT>   SUR N
AUT>   CHG SA
AUT>   WFR Y
AUT>   WTF FA 10
AUT>   EFL = 2.41636308716203
AUT>   @atelier_latcolor == @lcum(1)
AUT>   @atelier_latcolor = 0
AUT>   WTC 0.01
AUT>   @atelier_rmsspot == @rmssum(1)
AUT>   @atelier_rmsspot = 0
AUT>   WTC 0.001
AUT>   MNT 0.025
AUT>   MNE 0.025
AUT>   MXT 10
AUT>   MNA 0.001
AUT>   MXC 25
AUT>   MNC 3
AUT>   IMP 0.001
AUT> GO
 -------------------------------------------------------------------------------
  
       USER CONSTRAINT DEFINITIONS
            @atelier_rmsspot == @rmssum(1)
  
            @atelier_latcolor == @lcum(1)
  
  
  
       POTENTIALLY ACTIVE SPECIFIC CONSTRAINTS
         EFL                                  =       2.416363
         @ATELIER_LATCOLOR                    =       0.000000     (WTC =    0.01000)
         @ATELIER_RMSSPOT                     =       0.000000     (WTC =    0.00100)
  
       GENERAL CONSTRAINTS
         MXT      10.000000
         MNT       0.025000
         MNE       0.025000
         MNA       0.001000
         MAE       0.002500
         GLA               NFK5  NSK16  NLAF2  SF4
  
       ERROR FUNCTION CONSTRUCTION
         WFR        Y
         WTW       1          1          1
         WTA       0.000000
         DEL       0.220000
         WTX F1   10.000000
         WTX F2   10.000000
         WTX F3   10.000000
         WTY F1   10.000000
         WTY F2   10.000000
         WTY F3   10.000000
  
       CONVERGENCE CONTROLS
         MXC        25
         MNC         3
         TAR       0.000000
         IMP       0.001000
  
       OUTPUT CONTROLS
         SUR NO
         CHG S0..16
  
     Recommendations for most stable convergence:
  
       Use object space aperture specifications:
       - NAO for finite conjugate systems
       - EPD for infinite conjugate systems
  
       VARIABLE LIST
  
         NO      PARAMETERS *
          1      CUY S1       CUY S2
          2      CUY S2       CUY S4
          3      CUY S4       CUY S5       CUY S6       CUY S7
          4      CUY S5       CUY S6
          5      CUY S6       CUY S7
          6      CUY S7       CUY S8
          7      CUY S8       CUY S9
          8      CUY S9       CUY S10
          9      CUY S10       CUY S11
         10      CUY S11       CUY S12
         11      CUY S12       CUY S13
         12      CUY S13
         13      A   S1
         14      A   S2
         15      A   S4
         16      A   S5
         17      A   S6
         18      A   S7
         19      A   S8
         20      A   S9
         21      A   S10
         22      A   S11
         23      A   S12
         24      A   S13
         25      THI S2
         26      THI S3
         27      THI S5
         28      THI S7
         29      THI S9
         30      THI S11
         31      THI S13
         32      THI S15
  
     * Multiple entries on a line are composite variables.
     Composite variables are either program-generated bendings
     or user-requested couplings.
  
      32 VARIABLES
  
      32 CONSTRAINTS CAN BE ACTIVE
  
     RELATIVE TIME PER CYCLE IS  267.8 UNITS
     WARNING - The macro function SPOTDATA is not supported on multiple threads.
               CODE V will set the multiple processor setting (MPP) to 1 to prevent errors.
               Please refer to the CODE V Setup and Operation Reference Manual for a complete list
               of pre-defined macro functions that are currently limited to running on a single thread.
  
 CYCLE NUMBER 0:
  
  ABERR F. =        0.07161566
  CONST F. =      179.21668283
  ERR. F.  =      179.28829850
  
  OPD     0.04880558     0.09040316     0.04697135
  WAV     0.05258451     0.11042326     0.05525730
  
  
  
  Parameter                 Value            Change
  CUY S1                5.44069641E-01      0.00E+00
  CUY S2                4.29184549E-01      0.00E+00
  CUY S4                5.00075011E-02      0.00E+00
  CUY S5               -6.94444444E-01      0.00E+00
  CUY S6               -4.82625483E-01      0.00E+00
  CUY S7               -1.67546285E-02      0.00E+00
  CUY S8                6.02046960E-01      0.00E+00
  CUY S9                5.10725230E-01      0.00E+00
  CUY S10              -7.02740689E-01      0.00E+00
  CUY S11              -1.60771704E+00      0.00E+00
  CUY S12               4.62962963E-01      0.00E+00
  CUY S13               1.33333333E+00      0.00E+00
  A   S1                1.18490000E-03      0.00E+00
  A   S2                3.39250000E-01      0.00E+00
  A   S4               -1.27120000E-01      0.00E+00
  A   S5                6.07450000E-01      0.00E+00
  A   S6                3.93150000E-01      0.00E+00
  A   S7                1.85590000E-01      0.00E+00
  A   S8               -2.75420000E-01      0.00E+00
  A   S9                1.04900000E-01      0.00E+00
  A   S10              -2.22350000E-01      0.00E+00
  A   S11               1.83910000E-01      0.00E+00
  A   S12               1.76650000E-01      0.00E+00
  A   S13               3.90070000E-02      0.00E+00
  THI S2                8.00000000E-02      0.00E+00
  THI S3                6.10000000E-02      0.00E+00
  THI S5                3.70000000E-02      0.00E+00
  THI S7                4.00000000E-02      0.00E+00
  THI S9                3.00000000E-01      0.00E+00
  THI S11               4.00000000E-02      0.00E+00
  THI S13               6.00000000E-01      0.00E+00
  THI S15               2.84000000E-01      0.00E+00
  
        EFL          REDU         PIM          OAL         EN PUP       EX PUP
      2.417572     0.000000     0.260236     4.216000     0.377876    -3.362370
  
  Specific Constraints:        target        value         diff      active (**)
  EFL                    =   2.41636E+00   2.41757E+00   1.209E-03    **
  
  Weighted Constraints:        target        value        WTC/PTC     contrib
  @ATELIER_LATCOLOR      =   0.00000E+00   1.25424E+00   1.000E-02   1.573E+02
  @ATELIER_RMSSPOT       =   0.00000E+00   4.68013E+00   1.000E-03   2.190E+01
  
  Constraints added:      EFL (=)
  
 CYCLE NUMBER 1:
  
  ABERR F. =        0.06152155
  CONST F. =       20.90360603
  ERR. F.  =       20.96512757       (change =     -158.32317092)
  
  OPD     0.03927031     0.07725228     0.04878980
  WAV     0.04358181     0.08958173     0.05380173
  
  
  
  Parameter                 Value            Change
  CUY S1                5.51401760E-01      7.33E-03
  CUY S2                4.33267633E-01      4.08E-03
  CUY S4                4.91131313E-02     -8.94E-04
  CUY S5               -6.95450953E-01     -1.01E-03
  CUY S6               -4.81157245E-01      1.47E-03
  CUY S7               -9.83947626E-03      6.92E-03
  CUY S8                5.82664112E-01     -1.94E-02
  CUY S9                4.89404438E-01     -2.13E-02
  CUY S10              -7.02553975E-01      1.87E-04
  CUY S11              -1.59652627E+00      1.12E-02
  CUY S12               4.70743372E-01      7.78E-03
  CUY S13               1.32344171E+00     -9.89E-03
  A   S1                2.17781882E-03      9.93E-04
  A   S2                3.37524250E-01     -1.73E-03
  A   S4               -1.27419099E-01     -2.99E-04
  A   S5                6.03221246E-01     -4.23E-03
  A   S6                3.92910792E-01     -2.39E-04
  A   S7                1.86797092E-01      1.21E-03
  A   S8               -2.75434665E-01     -1.47E-05
  A   S9                1.04901508E-01      1.51E-06
  A   S10              -2.22359949E-01     -9.95E-06
  A   S11               1.83868073E-01     -4.19E-05
  A   S12               1.76648338E-01     -1.66E-06
  A   S13               3.90063919E-02     -6.08E-07
  THI S2                8.02101332E-02      2.10E-04
  THI S3                6.06738961E-02     -3.26E-04
  THI S5                3.69096407E-02     -9.04E-05
  THI S7                3.99093839E-02     -9.06E-05
  THI S9                3.00630095E-01      6.30E-04
  THI S11               3.95713318E-02     -4.29E-04
  THI S13               5.99662434E-01     -3.38E-04
  THI S15               2.83820097E-01     -1.80E-04
  
        EFL          REDU         PIM          OAL         EN PUP       EX PUP
      2.416362     0.000000     0.263095     4.215567     0.378723    -3.402750
  
  Active Constraints -   1:    target        value         diff        cost
  EFL                    =   2.41636E+00   2.41636E+00  -8.200E-07  -1.300E-07
  
  Weighted Constraints:        target        value        WTC/PTC     contrib
  @ATELIER_LATCOLOR      =   0.00000E+00   1.09713E-01   1.000E-02   1.204E+00
  @ATELIER_RMSSPOT       =   0.00000E+00   4.43846E+00   1.000E-03   1.970E+01
  
 CYCLE NUMBER 2:
  
  ABERR F. =        0.06214399
  CONST F. =       20.35868667
  ERR. F.  =       20.42083067       (change =       -0.54429691)
  
  OPD     0.03247744     0.07914731     0.05244205
  WAV     0.03547652     0.09227963     0.05768789
  
  
  
  Parameter                 Value            Change
  CUY S1                5.51573175E-01      1.71E-04
  CUY S2                4.33871612E-01      6.04E-04
  CUY S4                4.96398190E-02      5.27E-04
  CUY S5               -6.98467058E-01     -3.02E-03
  CUY S6               -4.84965211E-01     -3.81E-03
  CUY S7               -1.11154313E-02     -1.28E-03
  CUY S8                5.82278149E-01     -3.86E-04
  CUY S9                4.89208561E-01     -1.96E-04
  CUY S10              -7.03213361E-01     -6.59E-04
  CUY S11              -1.58308756E+00      1.34E-02
  CUY S12               4.50060092E-01     -2.07E-02
  CUY S13               1.25270481E+00     -7.07E-02
  A   S1                2.16515193E-03     -1.27E-05
  A   S2                3.38945603E-01      1.42E-03
  A   S4               -1.28036138E-01     -6.17E-04
  A   S5                6.02777609E-01     -4.44E-04
  A   S6                3.93681823E-01      7.71E-04
  A   S7                1.86574051E-01     -2.23E-04
  A   S8               -2.75192878E-01      2.42E-04
  A   S9                1.05105276E-01      2.04E-04
  A   S10              -2.22672881E-01     -3.13E-04
  A   S11               1.83738795E-01     -1.29E-04
  A   S12               1.76611911E-01     -3.64E-05
  A   S13               3.90041369E-02     -2.26E-06
  THI S2                7.92451629E-02     -9.65E-04
  THI S3                5.93527403E-02     -1.32E-03
  THI S5                3.68917903E-02     -1.79E-05
  THI S7                4.04672313E-02      5.58E-04
  THI S9                3.00460974E-01     -1.69E-04
  THI S11               3.43025631E-02     -5.27E-03
  THI S13               6.01497830E-01      1.84E-03
  THI S15               2.85654624E-01      1.83E-03
  
        EFL          REDU         PIM          OAL         EN PUP       EX PUP
      2.414649     0.000000     0.278784     4.210218     0.377569    -3.541225
  
  Active Constraints -   1:    target        value         diff        cost
  EFL                    =   2.41636E+00   2.41465E+00  -1.714E-03  -7.374E-08
  
  Weighted Constraints:        target        value        WTC/PTC     contrib
  @ATELIER_LATCOLOR      =   0.00000E+00   1.61731E-03   1.000E-02   2.616E-04
  @ATELIER_RMSSPOT       =   0.00000E+00   4.51203E+00   1.000E-03   2.036E+01
  
 CYCLE NUMBER 3:
  
  ABERR F. =        0.06279083
  CONST F. =       19.79842799
  ERR. F.  =       19.86121883       (change =       -0.55961184)
  
  OPD     0.02988975     0.08010920     0.05374527
  WAV     0.03296682     0.09398515     0.05946999
  
  
  
  Parameter                 Value            Change
  CUY S1                5.51557214E-01     -1.60E-05
  CUY S2                4.33869444E-01     -2.17E-06
  CUY S4                4.96560930E-02      1.63E-05
  CUY S5               -6.98410961E-01      5.61E-05
  CUY S6               -4.84908271E-01      5.69E-05
  CUY S7               -1.11112799E-02      4.15E-06
  CUY S8                5.82159068E-01     -1.19E-04
  CUY S9                4.89116332E-01     -9.22E-05
  CUY S10              -7.03206930E-01      6.43E-06
  CUY S11              -1.58318104E+00     -9.35E-05
  CUY S12               4.49302512E-01     -7.58E-04
  CUY S13               1.25227649E+00     -4.28E-04
  A   S1                2.20494679E-03      3.98E-05
  A   S2                3.38827274E-01     -1.18E-04
  A   S4               -1.27975477E-01      6.07E-05
  A   S5                6.02859611E-01      8.20E-05
  A   S6                3.93678677E-01     -3.15E-06
  A   S7                1.86573042E-01     -1.01E-06
  A   S8               -2.75179082E-01      1.38E-05
  A   S9                1.05104563E-01     -7.13E-07
  A   S10              -2.22662511E-01      1.04E-05
  A   S11               1.83728174E-01     -1.06E-05
  A   S12               1.76611247E-01     -6.64E-07
  A   S13               3.90067796E-02      2.64E-06
  THI S2                7.92244363E-02     -2.07E-05
  THI S3                5.92560277E-02     -9.67E-05
  THI S5                3.69082683E-02      1.65E-05
  THI S7                4.04398447E-02     -2.74E-05
  THI S9                3.00467781E-01      6.81E-06
  THI S11               3.41391422E-02     -1.63E-04
  THI S13               6.01494479E-01     -3.35E-06
  THI S15               2.85658076E-01      3.45E-06
  
        EFL          REDU         PIM          OAL         EN PUP       EX PUP
      2.416364     0.000000     0.279993     4.209930     0.377542    -3.538516
  
  Active Constraints -   1:    target        value         diff        cost
  EFL                    =   2.41636E+00   2.41636E+00   7.633E-07   2.748E-04
  
  Weighted Constraints:        target        value        WTC/PTC     contrib
  @ATELIER_LATCOLOR      =   0.00000E+00   2.13851E-03   1.000E-02   4.573E-04
  @ATELIER_RMSSPOT       =   0.00000E+00   4.44949E+00   1.000E-03   1.980E+01
  
 CYCLE NUMBER 4:
  
  ABERR F. =        0.06273403
  CONST F. =       19.89062950
  ERR. F.  =       19.95336353       (change =        0.09214471)
  
  OPD     0.02989806     0.08003335     0.05370989
  WAV     0.03297603     0.09387154     0.05941453
  
  
  
  Parameter                 Value            Change
  CUY S1                5.51559040E-01      1.83E-06
  CUY S2                4.33868842E-01     -6.02E-07
  CUY S4                4.96537762E-02     -2.32E-06
  CUY S5               -6.98414145E-01     -3.18E-06
  CUY S6               -4.84911050E-01     -2.78E-06
  CUY S7               -1.11110046E-02      2.75E-07
  CUY S8                5.82142950E-01     -1.61E-05
  CUY S9                4.89098438E-01     -1.79E-05
  CUY S10              -7.03205921E-01      1.01E-06
  CUY S11              -1.58316606E+00      1.50E-05
  CUY S12               4.49338068E-01      3.56E-05
  CUY S13               1.25232974E+00      5.33E-05
  A   S1                2.20397209E-03     -9.75E-07
  A   S2                3.38828942E-01      1.67E-06
  A   S4               -1.27978378E-01     -2.90E-06
  A   S5                6.02853930E-01     -5.68E-06
  A   S6                3.93679300E-01      6.23E-07
  A   S7                1.86573361E-01      3.20E-07
  A   S8               -2.75179307E-01     -2.25E-07
  A   S9                1.05104792E-01      2.29E-07
  A   S10              -2.22662850E-01     -3.39E-07
  A   S11               1.83728728E-01      5.54E-07
  A   S12               1.76611237E-01     -1.07E-08
  A   S13               3.90067856E-02      6.01E-09
  THI S2                7.92257125E-02      1.28E-06
  THI S3                5.92598033E-02      3.78E-06
  THI S5                3.69068591E-02     -1.41E-06
  THI S7                4.04404555E-02      6.11E-07
  THI S9                3.00467368E-01     -4.13E-07
  THI S11               3.41485696E-02      9.43E-06
  THI S13               6.01496792E-01      2.31E-06
  THI S15               2.85657023E-01     -1.05E-06
  
        EFL          REDU         PIM          OAL         EN PUP       EX PUP
      2.416363     0.000000     0.279974     4.209946     0.377544    -3.538418
  
  Active Constraints -   1:    target        value         diff        cost
  EFL                    =   2.41636E+00   2.41636E+00   8.385E-12   3.991E-05
  
  Weighted Constraints:        target        value        WTC/PTC     contrib
  @ATELIER_LATCOLOR      =   0.00000E+00   2.24667E-03   1.000E-02   5.048E-04
  @ATELIER_RMSSPOT       =   0.00000E+00   4.45983E+00   1.000E-03   1.989E+01
  
 CYCLE NUMBER 5:
  
  ABERR F. =        0.06156341
  CONST F. =       19.30046721
  ERR. F.  =       19.36203062       (change =       -0.59133292)
  
  OPD     0.03248295     0.07667518     0.05484159
  WAV     0.03603962     0.08907961     0.05970313
  
  
  
  Parameter                 Value            Change
  CUY S1                5.50948639E-01     -6.10E-04
  CUY S2                4.33549129E-01     -3.20E-04
  CUY S4                4.98753762E-02      2.22E-04
  CUY S5               -6.96580378E-01      1.83E-03
  CUY S6               -4.83142802E-01      1.77E-03
  CUY S7               -1.11516616E-02     -4.07E-05
  CUY S8                5.79476808E-01     -2.67E-03
  CUY S9                4.86483859E-01     -2.61E-03
  CUY S10              -7.03485983E-01     -2.80E-04
  CUY S11              -1.58605092E+00     -2.88E-03
  CUY S12               4.56829419E-01      7.49E-03
  CUY S13               1.27221576E+00      1.99E-02
  A   S1                2.31874794E-03      1.15E-04
  A   S2                3.38615299E-01     -2.14E-04
  A   S4               -1.27548978E-01      4.29E-04
  A   S5                6.03027888E-01      1.74E-04
  A   S6                3.93727979E-01      4.87E-05
  A   S7                1.86481818E-01     -9.15E-05
  A   S8               -2.75421398E-01     -2.42E-04
  A   S9                1.04815339E-01     -2.89E-04
  A   S10              -2.22889848E-01     -2.27E-04
  A   S11               1.83655149E-01     -7.36E-05
  A   S12               1.76603829E-01     -7.41E-06
  A   S13               3.90058063E-02     -9.79E-07
  THI S2                7.97802410E-02      5.55E-04
  THI S3                6.01119831E-02      8.52E-04
  THI S5                3.71350944E-02      2.28E-04
  THI S7                4.02255783E-02     -2.15E-04
  THI S9                3.00995110E-01      5.28E-04
  THI S11               3.51233125E-02      9.75E-04
  THI S13               6.02382995E-01      8.86E-04
  THI S15               2.86558911E-01      9.02E-04
  
        EFL          REDU         PIM          OAL         EN PUP       EX PUP
      2.416363     0.000000     0.275155     4.213754     0.378165    -3.508666
  
  Active Constraints -   1:    target        value         diff        cost
  EFL                    =   2.41636E+00   2.41636E+00  -5.462E-08  -6.975E-08
  
  Weighted Constraints:        target        value        WTC/PTC     contrib
  @ATELIER_LATCOLOR      =   0.00000E+00   3.17004E-02   1.000E-02   1.005E-01
  @ATELIER_RMSSPOT       =   0.00000E+00   4.38178E+00   1.000E-03   1.920E+01
  
 CYCLE NUMBER 6:
  
  ABERR F. =        0.06350143
  CONST F. =       18.36766470
  ERR. F.  =       18.43116613       (change =       -0.93086449)
  
  OPD     0.03644910     0.07726574     0.05658749
  WAV     0.03995277     0.09066537     0.06226940
  
  
  
  Parameter                 Value            Change
  CUY S1                5.50985513E-01      3.69E-05
  CUY S2                4.33611089E-01      6.20E-05
  CUY S4                4.99081501E-02      3.28E-05
  CUY S5               -6.96615578E-01     -3.52E-05
  CUY S6               -4.83177746E-01     -3.49E-05
  CUY S7               -1.11423132E-02      9.35E-06
  CUY S8                5.79656965E-01      1.80E-04
  CUY S9                4.86532998E-01      4.91E-05
  CUY S10              -7.03666966E-01     -1.81E-04
  CUY S11              -1.58619293E+00     -1.42E-04
  CUY S12               4.56705688E-01     -1.24E-04
  CUY S13               1.27233476E+00      1.19E-04
  A   S1                2.34576379E-03      2.70E-05
  A   S2                3.38535035E-01     -8.03E-05
  A   S4               -1.27477346E-01      7.16E-05
  A   S5                6.02945268E-01     -8.26E-05
  A   S6                3.93736146E-01      8.17E-06
  A   S7                1.86476210E-01     -5.61E-06
  A   S8               -2.75413612E-01      7.79E-06
  A   S9                1.04820619E-01      5.28E-06
  A   S10              -2.22874850E-01      1.50E-05
  A   S11               1.83649819E-01     -5.33E-06
  A   S12               1.76588559E-01     -1.53E-05
  A   S13               3.90115785E-02      5.77E-06
  THI S2                7.97467280E-02     -3.35E-05
  THI S3                6.00614825E-02     -5.05E-05
  THI S5                3.71606356E-02      2.55E-05
  THI S7                4.02460558E-02      2.05E-05
  THI S9                3.00988050E-01     -7.06E-06
  THI S11               3.53085261E-02      1.85E-04
  THI S13               6.02547556E-01      1.65E-04
  THI S15               2.86723470E-01      1.65E-04
  
        EFL          REDU         PIM          OAL         EN PUP       EX PUP
      2.416363     0.000000     0.274657     4.214059     0.378127    -3.507897
  
  Active Constraints -   1:    target        value         diff        cost
  EFL                    =   2.41636E+00   2.41636E+00  -5.389E-11   7.647E-05
  
  Weighted Constraints:        target        value        WTC/PTC     contrib
  @ATELIER_LATCOLOR      =   0.00000E+00   3.40755E-02   1.000E-02   1.161E-01
  @ATELIER_RMSSPOT       =   0.00000E+00   4.27218E+00   1.000E-03   1.825E+01
  
 CYCLE NUMBER 7:
  
  ABERR F. =        0.06416604
  CONST F. =       17.17088820
  ERR. F.  =       17.23505423       (change =       -1.19611189)
  
  OPD     0.03400254     0.08173443     0.05526465
  WAV     0.03773666     0.09391964     0.05973155
  
  
  
  Parameter                 Value            Change
  CUY S1                5.50956574E-01     -2.89E-05
  CUY S2                4.33548094E-01     -6.30E-05
  CUY S4                4.98777994E-02     -3.04E-05
  CUY S5               -6.96503993E-01      1.12E-04
  CUY S6               -4.83063462E-01      1.14E-04
  CUY S7               -1.11327961E-02      9.52E-06
  CUY S8                5.79516432E-01     -1.41E-04
  CUY S9                4.86416196E-01     -1.17E-04
  CUY S10              -7.03689790E-01     -2.28E-05
  CUY S11              -1.58631302E+00     -1.20E-04
  CUY S12               4.57060489E-01      3.55E-04
  CUY S13               1.27264196E+00      3.07E-04
  A   S1                2.29654075E-03     -4.92E-05
  A   S2                3.38645225E-01      1.10E-04
  A   S4               -1.27670011E-01     -1.93E-04
  A   S5                6.03083205E-01      1.38E-04
  A   S6                3.93725591E-01     -1.06E-05
  A   S7                1.86475280E-01     -9.31E-07
  A   S8               -2.75378065E-01      3.55E-05
  A   S9                1.04823967E-01      3.35E-06
  A   S10              -2.22869219E-01      5.63E-06
  A   S11               1.83627848E-01     -2.20E-05
  A   S12               1.76549381E-01     -3.92E-05
  A   S13               3.90174081E-02      5.83E-06
  THI S2                7.97166399E-02     -3.01E-05
  THI S3                5.99000087E-02     -1.61E-04
  THI S5                3.71544315E-02     -6.20E-06
  THI S7                4.02885216E-02      4.25E-05
  THI S9                3.00995449E-01      7.40E-06
  THI S11               3.47126102E-02     -5.96E-04
  THI S13               6.02285579E-01     -2.62E-04
  THI S15               2.86461492E-01     -2.62E-04
  
        EFL          REDU         PIM          OAL         EN PUP       EX PUP
      2.416363     0.000000     0.275592     4.213053     0.378088    -3.508670
  
  Active Constraints -   1:    target        value         diff        cost
  EFL                    =   2.41636E+00   2.41636E+00  -5.025E-07   6.016E-05
  
  Weighted Constraints:        target        value        WTC/PTC     contrib
  @ATELIER_LATCOLOR      =   0.00000E+00   3.01563E-02   1.000E-02   9.094E-02
  @ATELIER_RMSSPOT       =   0.00000E+00   4.13279E+00   1.000E-03   1.708E+01
  
 CYCLE NUMBER 8:
  
  ABERR F. =        0.07009029
  CONST F. =       17.14988345
  ERR. F.  =       17.21997375       (change =       -0.01508049)
  
  OPD     0.04293486     0.08913299     0.05906624
  WAV     0.04705069     0.10020061     0.06280964
  
  
  
  Parameter                 Value            Change
  CUY S1                5.50943000E-01     -1.36E-05
  CUY S2                4.33531171E-01     -1.69E-05
  CUY S4                4.98765167E-02     -1.28E-06
  CUY S5               -6.96364114E-01      1.40E-04
  CUY S6               -4.82922526E-01      1.41E-04
  CUY S7               -1.11287897E-02      4.01E-06
  CUY S8                5.79408922E-01     -1.08E-04
  CUY S9                4.86239456E-01     -1.77E-04
  CUY S10              -7.03876128E-01     -1.86E-04
  CUY S11              -1.58649083E+00     -1.78E-04
  CUY S12               4.57055638E-01     -4.85E-06
  CUY S13               1.27264812E+00      6.16E-06
  A   S1                2.26508258E-03     -3.15E-05
  A   S2                3.38811388E-01      1.66E-04
  A   S4               -1.27935204E-01     -2.65E-04
  A   S5                6.03122741E-01      3.95E-05
  A   S6                3.93724175E-01     -1.42E-06
  A   S7                1.86475233E-01     -4.63E-08
  A   S8               -2.75387657E-01     -9.59E-06
  A   S9                1.04825516E-01      1.55E-06
  A   S10              -2.22879483E-01     -1.03E-05
  A   S11               1.83616881E-01     -1.10E-05
  A   S12               1.76468972E-01     -8.04E-05
  A   S13               3.90195040E-02      2.10E-06
  THI S2                7.97076545E-02     -8.99E-06
  THI S3                5.97926979E-02     -1.07E-04
  THI S5                3.71409449E-02     -1.35E-05
  THI S7                4.02760430E-02     -1.25E-05
  THI S9                3.00991798E-01     -3.65E-06
  THI S11               3.45109708E-02     -2.02E-04
  THI S13               6.02233745E-01     -5.18E-05
  THI S15               2.86409658E-01     -5.18E-05
  
        EFL          REDU         PIM          OAL         EN PUP       EX PUP
      2.416363     0.000000     0.275940     4.212654     0.378077    -3.508902
  
  Active Constraints -   1:    target        value         diff        cost
  EFL                    =   2.41636E+00   2.41636E+00   9.197E-13   8.355E-05
  
  Weighted Constraints:        target        value        WTC/PTC     contrib
  @ATELIER_LATCOLOR      =   0.00000E+00   4.07028E-02   1.000E-02   1.657E-01
  @ATELIER_RMSSPOT       =   0.00000E+00   4.12119E+00   1.000E-03   1.698E+01
  
     Normal AUTO Completion - System improvement less than IMP
AUT> GO
 
 
CODE V> BUF PUT B1 I^row J1 "schema"
      Created new worksheet B1.
CODE V> BUF PUT B1 I^row J2 "atelier-codev-target-v1"
CODE V> BUF PUT B1 I^row J1 "status"
CODE V> BUF PUT B1 I^row J2 "ok"
CODE V> BUF PUT B1 I^row J1 "mode"
CODE V> BUF PUT B1 I^row J2 "target"
CODE V> BUF PUT B1 I^row J1 "stage"
CODE V> BUF PUT B1 I^row J2 "A"
CODE V> BUF PUT B1 I^row J1 "source_zmx"
CODE V> BUF PUT B1 I^row J2 "US10330891B2.zmx"
CODE V> BUF PUT B1 I^row J1 "num_fields"
CODE V> BUF PUT B1 I^row J2 ^numf_out
CODE V> BUF PUT B1 I^row J1 "vignetting_edge"
CODE V> BUF PUT B1 I^row J2 0
CODE V> BUF PUT B1 I^row J1 "target.efl_mm"
CODE V> BUF PUT B1 I^row J2 ^target_efl
CODE V> BUF PUT B1 I^row J1 "target.f_number"
CODE V> BUF PUT B1 I^row J2 2.4
CODE V> BUF PUT B1 I^row J1 "seed_baseline.efl_y_mm"
CODE V> BUF PUT B1 I^row J2 ^seed_baseline_efl_y_mm
CODE V> BUF PUT B1 I^row J1 "seed_baseline.max_lateral_color_um"
CODE V> BUF PUT B1 I^row J2 ^seed_baseline_max_lateral_color_um
CODE V> BUF PUT B1 I^row J1 "seed_baseline.max_rms_spot_diameter_um"
CODE V> BUF PUT B1 I^row J2 ^seed_baseline_max_rms_spot_diameter_um
CODE V> BUF PUT B1 I^row J1 "seed_baseline.max_rms_wavefront_error_waves"
CODE V> BUF PUT B1 I^row J2 ^seed_baseline_max_rms_wavefront_error_waves
CODE V> BUF PUT B1 I^row J1 "seed_baseline.max_distortion_pct"
CODE V> BUF PUT B1 I^row J2 ^seed_baseline_max_distortion_pct
CODE V> BUF PUT B1 I^row J1 "seed_baseline.fno"
CODE V> BUF PUT B1 I^row J2 ^seed_baseline_fno
CODE V> BUF PUT B1 I^row J1 "seed_baseline.epd_mm"
CODE V> BUF PUT B1 I^row J2 ^seed_baseline_epd
CODE V> BUF PUT B1 I^row J1 "seed_baseline.maximh_mm"
CODE V> BUF PUT B1 I^row J2 ^seed_baseline_maximh
CODE V> BUF PUT B1 I^row J1 "config_pre_aut.efl_y_mm"
CODE V> BUF PUT B1 I^row J2 ^config_pre_aut_efl_y_mm
CODE V> BUF PUT B1 I^row J1 "config_pre_aut.max_lateral_color_um"
CODE V> BUF PUT B1 I^row J2 ^config_pre_aut_max_lateral_color_um
CODE V> BUF PUT B1 I^row J1 "config_pre_aut.max_rms_spot_diameter_um"
CODE V> BUF PUT B1 I^row J2 ^config_pre_aut_max_rms_spot_diameter_um
CODE V> BUF PUT B1 I^row J1 "config_pre_aut.max_rms_wavefront_error_waves"
CODE V> BUF PUT B1 I^row J2 ^config_pre_aut_max_rms_wavefront_error_waves
CODE V> BUF PUT B1 I^row J1 "config_pre_aut.max_distortion_pct"
CODE V> BUF PUT B1 I^row J2 ^config_pre_aut_max_distortion_pct
CODE V> BUF PUT B1 I^row J1 "config_pre_aut.fno"
CODE V> BUF PUT B1 I^row J2 ^config_pre_aut_fno
CODE V> BUF PUT B1 I^row J1 "config_pre_aut.epd_mm"
CODE V> BUF PUT B1 I^row J2 ^config_pre_aut_epd
CODE V> BUF PUT B1 I^row J1 "config_pre_aut.maximh_mm"
CODE V> BUF PUT B1 I^row J2 ^config_pre_aut_maximh
CODE V> BUF PUT B1 I^row J1 "post_aut.efl_y_mm"
CODE V> BUF PUT B1 I^row J2 ^post_aut_efl_y_mm
CODE V> BUF PUT B1 I^row J1 "post_aut.max_lateral_color_um"
CODE V> BUF PUT B1 I^row J2 ^post_aut_max_lateral_color_um
CODE V> BUF PUT B1 I^row J1 "post_aut.max_rms_spot_diameter_um"
CODE V> BUF PUT B1 I^row J2 ^post_aut_max_rms_spot_diameter_um
CODE V> BUF PUT B1 I^row J1 "post_aut.max_rms_wavefront_error_waves"
CODE V> BUF PUT B1 I^row J2 ^post_aut_max_rms_wavefront_error_waves
CODE V> BUF PUT B1 I^row J1 "post_aut.max_distortion_pct"
CODE V> BUF PUT B1 I^row J2 ^post_aut_max_distortion_pct
CODE V> BUF PUT B1 I^row J1 "post_aut.fno"
CODE V> BUF PUT B1 I^row J2 ^post_aut_fno
CODE V> BUF PUT B1 I^row J1 "post_aut.epd_mm"
CODE V> BUF PUT B1 I^row J2 ^post_aut_epd
CODE V> BUF PUT B1 I^row J1 "post_aut.maximh_mm"
CODE V> BUF PUT B1 I^row J2 ^post_aut_maximh
CODE V> BUF PUT B1 I^row J1 "efl_target_deviation_pct"
CODE V> BUF PUT B1 I^row J2 ^efl_target_dev_pct
CODE V> BUF PUT B1 I^row J1 "aut_converged"
CODE V> BUF PUT B1 I^row J2 ^aut_converged
CODE V> BUF EXP B1 "D:\atelier-wt-c\.planning\loop\p15-stageb-evidence\fno-matrix-2026-07-11\US10330891B2_loosen\rung3_fno0240\atelier_codev_target_A_vig0000.tsv"
     Buffer B1 exported to file atelier_codev_target_A_vig0000.tsv
CODE V> BUF DEL B1
CODE V> OUT YES
CODE V> EXI YES
     EXI                                                                              11-Jul-26  14H 18M 38S
                                                 CODE V PC  Version: 11.5             CPU clock:  0H  0M  4S
