  
  
                                   Welcome to
  
                                   C O D E   V
  
                                PC  Version 11.5
                                   Build 27302701
  
                                   11-Jul-2026
  
                            A proprietary product of
  
                              SYNOPSYS, INC
                              Pasadena, California
  
CODE V> OUT NO
     Radius input/output mode
  
    Lens data created by Zemax version 200706
  
    Zemax command MODE ignored
    ZEMAX NOTE 0 table5
    Zemax command PFIL ignored
    Zemax command LANG ignored
     WARNING - Glass catalog list not used.
     WARNING - Ray aiming not used.
     WARNING - Pupil shift for ray aiming not used.
    Zemax command SDMA ignored
    Zemax command OMMA ignored
    Zemax command HYPR ignored
     WARNING - Vignetting angles not used.
    Zemax command POLS ignored
    Zemax command GLRS ignored
    Zemax command GSTD ignored
    Zemax command NSCD ignored
    Zemax command COFN ignored
    Zemax command COFN ignored
  
     Surface pointer = OBJ
    Zemax surface type  STANDARD
    CODE V surface type SPH
    Zemax command FIMP ignored.
     WARNING - Hiding of rays not used.
    Zemax command MIRR ignored.
    Zemax command SLAB ignored.
    Zemax command MEMA ignored.
    Zemax command POPS ignored.
  
     Surface pointer = 1
    Zemax surface type  EVENASPH
    CODE V surface type ASP
    Zemax command FIMP ignored.
     WARNING - Hiding of rays not used.
    Zemax command MIRR ignored.
    Zemax command SLAB ignored.
     WARNING - Partial dispersion of model glass not used.
    Zemax command MEMA ignored.
    Zemax command POPS ignored.
  
     Surface pointer = 2
    Zemax surface type  EVENASPH
    CODE V surface type ASP
    Zemax command FIMP ignored.
     WARNING - Hiding of rays not used.
    Zemax command MIRR ignored.
    Zemax command SLAB ignored.
    Zemax command MEMA ignored.
    Zemax command POPS ignored.
  
     Surface pointer = 3
    Zemax surface type  EVENASPH
    CODE V surface type ASP
    Zemax command FIMP ignored.
     WARNING - Hiding of rays not used.
    Zemax command MIRR ignored.
    Zemax command SLAB ignored.
    Zemax command MEMA ignored.
    Zemax command POPS ignored.
  
     Surface pointer = 4
    Zemax surface type  EVENASPH
    CODE V surface type ASP
    Zemax command FIMP ignored.
     WARNING - Hiding of rays not used.
    Zemax command MIRR ignored.
    Zemax command SLAB ignored.
     WARNING - Partial dispersion of model glass not used.
    Zemax command MEMA ignored.
    Zemax command POPS ignored.
  
     Surface pointer = 5
    Zemax surface type  EVENASPH
    CODE V surface type ASP
    Zemax command FIMP ignored.
     WARNING - Hiding of rays not used.
    Zemax command MIRR ignored.
    Zemax command SLAB ignored.
    Zemax command MEMA ignored.
    Zemax command POPS ignored.
  
     Surface pointer = 6
    Zemax surface type  EVENASPH
    CODE V surface type ASP
    Zemax command FIMP ignored.
     WARNING - Hiding of rays not used.
    Zemax command MIRR ignored.
    Zemax command SLAB ignored.
     WARNING - Partial dispersion of model glass not used.
    Zemax command MEMA ignored.
    Zemax command POPS ignored.
  
     Surface pointer = 7
    Zemax surface type  EVENASPH
    CODE V surface type ASP
    Zemax command FIMP ignored.
     WARNING - Hiding of rays not used.
    Zemax command MIRR ignored.
    Zemax command SLAB ignored.
    Zemax command MEMA ignored.
    Zemax command POPS ignored.
  
     Surface pointer = 8
    Zemax surface type  EVENASPH
    CODE V surface type ASP
    Zemax command FIMP ignored.
     WARNING - Hiding of rays not used.
    Zemax command MIRR ignored.
    Zemax command SLAB ignored.
     WARNING - Partial dispersion of model glass not used.
    Zemax command MEMA ignored.
    Zemax command POPS ignored.
  
     Surface pointer = 9
    Zemax surface type  EVENASPH
    CODE V surface type ASP
    Zemax command FIMP ignored.
     WARNING - Hiding of rays not used.
    Zemax command MIRR ignored.
    Zemax command SLAB ignored.
    Zemax command MEMA ignored.
    Zemax command POPS ignored.
  
     Surface pointer = 10
    Zemax surface type  EVENASPH
    CODE V surface type ASP
    Zemax command FIMP ignored.
     WARNING - Hiding of rays not used.
    Zemax command MIRR ignored.
    Zemax command SLAB ignored.
     WARNING - Partial dispersion of model glass not used.
    Zemax command MEMA ignored.
    Zemax command POPS ignored.
  
     Surface pointer = 11
    Zemax surface type  EVENASPH
    CODE V surface type ASP
    Zemax command FIMP ignored.
     WARNING - Hiding of rays not used.
    Zemax command MIRR ignored.
    Zemax command SLAB ignored.
    Zemax command MEMA ignored.
    Zemax command POPS ignored.
  
     Surface pointer = 12
    Zemax surface type  EVENASPH
    CODE V surface type ASP
    Zemax command FIMP ignored.
     WARNING - Hiding of rays not used.
    Zemax command MIRR ignored.
    Zemax command SLAB ignored.
     WARNING - Partial dispersion of model glass not used.
    Zemax command MEMA ignored.
    Zemax command POPS ignored.
  
     Surface pointer = 13
    Zemax surface type  EVENASPH
    CODE V surface type ASP
    Zemax command FIMP ignored.
     WARNING - Hiding of rays not used.
    Zemax command MIRR ignored.
    Zemax command SLAB ignored.
    Zemax command MEMA ignored.
    Zemax command POPS ignored.
  
     Surface pointer = 14
    Zemax surface type  EVENASPH
    CODE V surface type ASP
    Zemax command FIMP ignored.
     WARNING - Hiding of rays not used.
    Zemax command MIRR ignored.
    Zemax command SLAB ignored.
     WARNING - Partial dispersion of model glass not used.
    Zemax command MEMA ignored.
    Zemax command POPS ignored.
  
     Surface pointer = 15
    Zemax surface type  EVENASPH
    CODE V surface type ASP
    Zemax command FIMP ignored.
     WARNING - Hiding of rays not used.
    Zemax command MIRR ignored.
    Zemax command SLAB ignored.
    Zemax command MEMA ignored.
    Zemax command POPS ignored.
  
     Surface pointer = 16
    Zemax surface type  STANDARD
    CODE V surface type SPH
    Zemax command FIMP ignored.
     WARNING - Hiding of rays not used.
    Zemax command MIRR ignored.
    Zemax command SLAB ignored.
     WARNING - Partial dispersion of model glass not used.
    Zemax command MEMA ignored.
    Zemax command POPS ignored.
  
     Surface pointer = 17
    Zemax surface type  STANDARD
    CODE V surface type SPH
    Zemax command FIMP ignored.
     WARNING - Hiding of rays not used.
    Zemax command MIRR ignored.
    Zemax command SLAB ignored.
    Zemax command MEMA ignored.
    Zemax command POPS ignored.
  
     Surface pointer = IMG
    Zemax surface type  STANDARD
    CODE V surface type SPH
    Zemax command FIMP ignored.
     WARNING - Hiding of rays not used.
    Zemax command MIRR ignored.
    Zemax command SLAB ignored.
    Zemax command MEMA ignored.
    Zemax command POPS ignored.
  
     WARNING - Please check the converted lens carefully.
               Some information will not be converted.
               Changes in either CODE V or ZEMAX may invalidate
               the converted information.
               Due to differences between CODE V and ZEMAX ray
               aiming and vignetting factors, it is recommended
               that you set vignetting for the converted system.
  
               A concise listing of conversion warnings appears
               in the Tabbed Output Window 'Info' tab and in the
               Command Window.
  
CODE V> DEF VAR SA
 
 
CODE V> FNO 2.37302819223561
 
 
CODE V> AUT
     AUT                                                                              11-Jul-26  14H  0M 59S
                                                 CODE V PC  Version: 11.5             CPU clock:  0H  0M  0S
     ***Defocussing frozen to eliminate redundant variable
AUT>   SUR N
AUT>   CHG SA
AUT>   WFR Y
AUT>   WTF FA 10
AUT>   EFL = 3.62125467684373
AUT>   @atelier_latcolor == @lcum(1)
AUT>   @atelier_latcolor = 0
AUT>   WTC 0.01
AUT>   @atelier_rmsspot == @rmssum(1)
AUT>   @atelier_rmsspot = 0
AUT>   WTC 0.001
AUT>   MNT 0.025
AUT>   MNE 0.025
AUT>   MXT 10
AUT>   MNA 0.001
AUT>   MXC 25
AUT>   MNC 3
AUT>   IMP 0.001
AUT> GO
 -------------------------------------------------------------------------------
  
       USER CONSTRAINT DEFINITIONS
            @atelier_rmsspot == @rmssum(1)
  
            @atelier_latcolor == @lcum(1)
  
  
  
       POTENTIALLY ACTIVE SPECIFIC CONSTRAINTS
         EFL                                  =       3.621255
         @ATELIER_LATCOLOR                    =       0.000000     (WTC =    0.01000)
         @ATELIER_RMSSPOT                     =       0.000000     (WTC =    0.00100)
  
       GENERAL CONSTRAINTS
         MXT      10.000000
         MNT       0.025000
         MNE       0.025000
         MNA       0.001000
         MAE       0.002500
         GLA               NFK5  NSK16  NLAF2  SF4
  
       ERROR FUNCTION CONSTRUCTION
         WFR        Y
         WTW       1          1          1
         WTA       0.000000
         DEL       0.220000
         WTX F1   10.000000
         WTX F2   10.000000
         WTX F3   10.000000
         WTY F1   10.000000
         WTY F2   10.000000
         WTY F3   10.000000
  
       CONVERGENCE CONTROLS
         MXC        25
         MNC         3
         TAR       0.000000
         IMP       0.001000
  
       OUTPUT CONTROLS
         SUR NO
         CHG S0..18
  
     Recommendations for most stable convergence:
  
       Use object space aperture specifications:
       - NAO for finite conjugate systems
       - EPD for infinite conjugate systems
  
       VARIABLE LIST
  
         NO      PARAMETERS *
          1      CUY S1       CUY S2
          2      CUY S2       CUY S4
          3      CUY S4       CUY S5       CUY S6       CUY S7
          4      CUY S5       CUY S6
          5      CUY S6       CUY S7
          6      CUY S7       CUY S8
          7      CUY S8       CUY S9       CUY S10       CUY S11       CUY S12       CUY S13
          8      CUY S9       CUY S10
          9      CUY S10       CUY S11       CUY S12       CUY S13
         10      CUY S11       CUY S12
         11      CUY S12       CUY S13
         12      CUY S13       CUY S14
         13      CUY S14       CUY S15
         14      CUY S15
         15      A   S1
         16      A   S2
         17      A   S4
         18      A   S5
         19      A   S6
         20      A   S7
         21      A   S8
         22      A   S9
         23      A   S10
         24      A   S11
         25      A   S12
         26      A   S13
         27      A   S14
         28      A   S15
         29      THI S2
         30      THI S3
         31      THI S5
         32      THI S7
         33      THI S9
         34      THI S11
         35      THI S13
         36      THI S15
         37      THI S17
  
     * Multiple entries on a line are composite variables.
     Composite variables are either program-generated bendings
     or user-requested couplings.
  
      37 VARIABLES
  
      37 CONSTRAINTS CAN BE ACTIVE
  
     RELATIVE TIME PER CYCLE IS  341.5 UNITS
     WARNING - The macro function SPOTDATA is not supported on multiple threads.
               CODE V will set the multiple processor setting (MPP) to 1 to prevent errors.
               Please refer to the CODE V Setup and Operation Reference Manual for a complete list
               of pre-defined macro functions that are currently limited to running on a single thread.
  
 CYCLE NUMBER 0:
  
  ABERR F. =        0.28385721
  CONST F. =      120.20564543
  ERR. F.  =      120.48950265
  
  OPD     0.36709644     0.15408374     0.26305679
  WAV     0.38466234     0.16666024     0.28285735
  
  
  
  Parameter                 Value            Change
  CUY S1                2.97619048E-01      0.00E+00
  CUY S2                3.01114122E-01      0.00E+00
  CUY S4                4.64252553E-01      0.00E+00
  CUY S5                5.71755289E-02      0.00E+00
  CUY S6                1.33014099E-01      0.00E+00
  CUY S7                2.70855905E-01      0.00E+00
  CUY S8                3.59285740E-02      0.00E+00
  CUY S9               -2.09336404E-01      0.00E+00
  CUY S10              -5.70125428E-01      0.00E+00
  CUY S11              -2.83045570E-01      0.00E+00
  CUY S12               5.44959128E-01      0.00E+00
  CUY S13               2.14316331E-01      0.00E+00
  CUY S14               6.33312223E-01      0.00E+00
  CUY S15               9.22509225E-01      0.00E+00
  A   S1               -2.03450000E-02      0.00E+00
  A   S2               -1.06220000E-01      0.00E+00
  A   S4               -1.12260000E-01      0.00E+00
  A   S5               -6.38950000E-02      0.00E+00
  A   S6               -1.30850000E-02      0.00E+00
  A   S7                7.19730000E-03      0.00E+00
  A   S8               -4.96610000E-02      0.00E+00
  A   S9               -9.93470000E-02      0.00E+00
  A   S10              -7.42580000E-02      0.00E+00
  A   S11              -1.52140000E-01      0.00E+00
  A   S12               5.34730000E-02      0.00E+00
  A   S13               6.37650000E-02      0.00E+00
  A   S14              -1.84750000E-01      0.00E+00
  A   S15              -1.34770000E-01      0.00E+00
  THI S2                8.60000000E-02      0.00E+00
  THI S3               -1.70000000E-02      0.00E+00
  THI S5                5.00000000E-02      0.00E+00
  THI S7                3.05000000E-01      0.00E+00
  THI S9                1.62000000E-01      0.00E+00
  THI S11               5.10000000E-02      0.00E+00
  THI S13               5.18000000E-01      0.00E+00
  THI S15               6.10000000E-01      0.00E+00
  THI S17               1.69000000E-01      0.00E+00
  
        EFL          REDU         PIM          OAL         EN PUP       EX PUP
      3.622518     0.000000     0.148083     5.226000     0.306555    -2.730948
  
  Specific Constraints:        target        value         diff      active (**)
  EFL                    =   3.62125E+00   3.62252E+00   1.263E-03    **
  
  Weighted Constraints:        target        value        WTC/PTC     contrib
  @ATELIER_LATCOLOR      =   0.00000E+00   6.15114E-01   1.000E-02   3.784E+01
  @ATELIER_RMSSPOT       =   0.00000E+00   9.07575E+00   1.000E-03   8.237E+01
  
  Constraints added:      EFL (=)                     Mn CT S3 (>)
  
 CYCLE NUMBER 1:
  
  ABERR F. =        0.05728062
  CONST F. =       17.96262480
  ERR. F.  =       18.01990542       (change =     -102.46959723)
  
  OPD     0.02423324     0.04758435     0.04974343
  WAV     0.02822360     0.08902131     0.07509407
  
  
  
  Parameter                 Value            Change
  CUY S1                2.99264023E-01      1.64E-03
  CUY S2                3.05298995E-01      4.18E-03
  CUY S4                4.65118631E-01      8.66E-04
  CUY S5                5.45952221E-02     -2.58E-03
  CUY S6                1.30341060E-01     -2.67E-03
  CUY S7                2.67533107E-01     -3.32E-03
  CUY S8                3.31353804E-02     -2.79E-03
  CUY S9               -2.11384612E-01     -2.05E-03
  CUY S10              -5.72184676E-01     -2.06E-03
  CUY S11              -2.83071651E-01     -2.61E-05
  CUY S12               5.52507931E-01      7.55E-03
  CUY S13               2.18840278E-01      4.52E-03
  CUY S14               6.26310513E-01     -7.00E-03
  CUY S15               9.19169013E-01     -3.34E-03
  A   S1               -2.04000538E-02     -5.51E-05
  A   S2               -1.06202210E-01      1.78E-05
  A   S4               -1.12194850E-01      6.52E-05
  A   S5               -6.40641860E-02     -1.69E-04
  A   S6               -1.27241782E-02      3.61E-04
  A   S7                6.75824190E-03     -4.39E-04
  A   S8               -4.89985023E-02      6.62E-04
  A   S9               -9.94820863E-02     -1.35E-04
  A   S10              -7.43270767E-02     -6.91E-05
  A   S11              -1.51967015E-01      1.73E-04
  A   S12               5.37694108E-02      2.96E-04
  A   S13               6.38165108E-02      5.15E-05
  A   S14              -1.84776222E-01     -2.62E-05
  A   S15              -1.34655340E-01      1.15E-04
  THI S2                6.66039745E-02     -1.94E-02
  THI S3                1.00000000E-03      1.80E-02
  THI S5                5.26672439E-02      2.67E-03
  THI S7                3.05550980E-01      5.51E-04
  THI S9                1.65330019E-01      3.33E-03
  THI S11               5.10437688E-02      4.38E-05
  THI S13               5.21518117E-01      3.52E-03
  THI S15               6.15275788E-01      5.28E-03
  THI S17               1.74275788E-01      5.28E-03
  
        EFL          REDU         PIM          OAL         EN PUP       EX PUP
      3.621253     0.000000     0.132223     5.239990     0.285839    -2.747292
  
  Active Constraints -   2:    target        value         diff        cost
  EFL                    =   3.62125E+00   3.62125E+00  -2.137E-06   1.211E-07
  Mn CT S3                                                          -2.057E-08
  
  Weighted Constraints:        target        value        WTC/PTC     contrib
  @ATELIER_LATCOLOR      =   0.00000E+00   1.53827E-01   1.000E-02   2.366E+00
  @ATELIER_RMSSPOT       =   0.00000E+00   3.94922E+00   1.000E-03   1.560E+01
  
  Constraints released:   Mn CT S3 (>)
  Constraints released:   Mn CT S3 (>)
  
 CYCLE NUMBER 2:
  
  ABERR F. =        0.05596680
  CONST F. =       17.80837080
  ERR. F.  =       17.86433760       (change =       -0.15556782)
  
  OPD     0.02647467     0.04794472     0.05379935
  WAV     0.03082495     0.07871062     0.07585633
  
  
  
  Parameter                 Value            Change
  CUY S1                2.99238645E-01     -2.54E-05
  CUY S2                3.04878649E-01     -4.20E-04
  CUY S4                4.64703814E-01     -4.15E-04
  CUY S5                5.45665475E-02     -2.87E-05
  CUY S6                1.30304152E-01     -3.69E-05
  CUY S7                2.67593886E-01      6.08E-05
  CUY S8                3.32331327E-02      9.78E-05
  CUY S9               -2.11369265E-01      1.53E-05
  CUY S10              -5.72201245E-01     -1.66E-05
  CUY S11              -2.83066254E-01      5.40E-06
  CUY S12               5.52504736E-01     -3.19E-06
  CUY S13               2.18814111E-01     -2.62E-05
  CUY S14               6.26588215E-01      2.78E-04
  CUY S15               9.19483769E-01      3.15E-04
  A   S1               -2.04099774E-02     -9.92E-06
  A   S2               -1.06192521E-01      9.69E-06
  A   S4               -1.12204224E-01     -9.37E-06
  A   S5               -6.40552983E-02      8.89E-06
  A   S6               -1.27309537E-02     -6.78E-06
  A   S7                6.76414967E-03      5.91E-06
  A   S8               -4.90080720E-02     -9.57E-06
  A   S9               -9.94725365E-02      9.55E-06
  A   S10              -7.43170337E-02      1.00E-05
  A   S11              -1.51953517E-01      1.35E-05
  A   S12               5.37754688E-02      6.06E-06
  A   S13               6.38104910E-02     -6.02E-06
  A   S14              -1.84767797E-01      8.42E-06
  A   S15              -1.34651387E-01      3.95E-06
  THI S2                6.66550360E-02      5.11E-05
  THI S3                1.02139713E-03      2.14E-05
  THI S5                5.26565443E-02     -1.07E-05
  THI S7                3.05598522E-01      4.75E-05
  THI S9                1.65518928E-01      1.89E-04
  THI S11               5.11347801E-02      9.10E-05
  THI S13               5.21266393E-01     -2.52E-04
  THI S15               6.15099209E-01     -1.77E-04
  THI S17               1.74076672E-01     -1.99E-04
  
        EFL          REDU         PIM          OAL         EN PUP       EX PUP
      3.621255     0.000000     0.132507     5.239951     0.285894    -2.747158
  
  Active Constraints -   1:    target        value         diff        cost
  EFL                    =   3.62125E+00   3.62125E+00   1.163E-11   2.523E-05
  
  Weighted Constraints:        target        value        WTC/PTC     contrib
  @ATELIER_LATCOLOR      =   0.00000E+00   1.51767E-01   1.000E-02   2.303E+00
  @ATELIER_RMSSPOT       =   0.00000E+00   3.93765E+00   1.000E-03   1.551E+01
  
 CYCLE NUMBER 3:
  
  ABERR F. =        0.05662883
  CONST F. =       16.98199925
  ERR. F.  =       17.03862808       (change =       -0.82570953)
  
  OPD     0.02830809     0.04924314     0.05560188
  WAV     0.03277252     0.07730070     0.07664011
  
  
  
  Parameter                 Value            Change
  CUY S1                2.99225192E-01     -1.35E-05
  CUY S2                3.04900908E-01      2.23E-05
  CUY S4                4.64736528E-01      3.27E-05
  CUY S5                5.45602798E-02     -6.27E-06
  CUY S6                1.30294947E-01     -9.21E-06
  CUY S7                2.67582339E-01     -1.15E-05
  CUY S8                3.32290238E-02     -4.11E-06
  CUY S9               -2.11366528E-01      2.74E-06
  CUY S10              -5.72205418E-01     -4.17E-06
  CUY S11              -2.83065399E-01      8.55E-07
  CUY S12               5.52510604E-01      5.87E-06
  CUY S13               2.18812095E-01     -2.02E-06
  CUY S14               6.26447522E-01     -1.41E-04
  CUY S15               9.19185615E-01     -2.98E-04
  A   S1               -2.04011410E-02      8.84E-06
  A   S2               -1.06181625E-01      1.09E-05
  A   S4               -1.12211808E-01     -7.58E-06
  A   S5               -6.40446624E-02      1.06E-05
  A   S6               -1.27366116E-02     -5.66E-06
  A   S7                6.76963888E-03      5.49E-06
  A   S8               -4.90118618E-02     -3.79E-06
  A   S9               -9.94687056E-02      3.83E-06
  A   S10              -7.43177088E-02     -6.75E-07
  A   S11              -1.51952870E-01      6.47E-07
  A   S12               5.37767870E-02      1.32E-06
  A   S13               6.38090221E-02     -1.47E-06
  A   S14              -1.84765825E-01      1.97E-06
  A   S15              -1.34651019E-01      3.68E-07
  THI S2                6.66734419E-02      1.84E-05
  THI S3                1.04155473E-03      2.02E-05
  THI S5                5.26474313E-02     -9.11E-06
  THI S7                3.05591011E-01     -7.51E-06
  THI S9                1.65513063E-01     -5.86E-06
  THI S11               5.11869041E-02      5.21E-05
  THI S13               5.21174919E-01     -9.15E-05
  THI S15               6.15148828E-01      4.96E-05
  THI S17               1.74126999E-01      5.03E-05
  
        EFL          REDU         PIM          OAL         EN PUP       EX PUP
      3.621255     0.000000     0.132584     5.239977     0.285913    -2.747547
  
  Active Constraints -   1:    target        value         diff        cost
  EFL                    =   3.62125E+00   3.62125E+00   1.608E-12   1.576E-04
  
  Weighted Constraints:        target        value        WTC/PTC     contrib
  @ATELIER_LATCOLOR      =   0.00000E+00   1.50609E-01   1.000E-02   2.268E+00
  @ATELIER_RMSSPOT       =   0.00000E+00   3.83584E+00   1.000E-03   1.471E+01
  
 CYCLE NUMBER 4:
  
  ABERR F. =        0.05366186
  CONST F. =       16.52781207
  ERR. F.  =       16.58147394       (change =       -0.45715414)
  
  OPD     0.02500876     0.04456842     0.05165270
  WAV     0.02928903     0.07516023     0.07410049
  
  
  
  Parameter                 Value            Change
  CUY S1                2.99227861E-01      2.67E-06
  CUY S2                3.04986863E-01      8.60E-05
  CUY S4                4.64820395E-01      8.39E-05
  CUY S5                5.45614537E-02      1.17E-06
  CUY S6                1.30296679E-01      1.73E-06
  CUY S7                2.67571925E-01     -1.04E-05
  CUY S8                3.32215411E-02     -7.48E-06
  CUY S9               -2.11359100E-01      7.43E-06
  CUY S10              -5.72196666E-01      8.75E-06
  CUY S11              -2.83045809E-01      1.96E-05
  CUY S12               5.52552136E-01      4.15E-05
  CUY S13               2.18848056E-01      3.60E-05
  CUY S14               6.26114999E-01     -3.33E-04
  CUY S15               9.18496171E-01     -6.89E-04
  A   S1               -2.03670984E-02      3.40E-05
  A   S2               -1.06208956E-01     -2.73E-05
  A   S4               -1.12210428E-01      1.38E-06
  A   S5               -6.40465591E-02     -1.90E-06
  A   S6               -1.27356023E-02      1.01E-06
  A   S7                6.76867765E-03     -9.61E-07
  A   S8               -4.90111548E-02      7.07E-07
  A   S9               -9.94694035E-02     -6.98E-07
  A   S10              -7.43248570E-02     -7.15E-06
  A   S11              -1.51954469E-01     -1.60E-06
  A   S12               5.37801628E-02      3.38E-06
  A   S13               6.38056451E-02     -3.38E-06
  A   S14              -1.84762993E-01      2.83E-06
  A   S15              -1.34653872E-01     -2.85E-06
  THI S2                6.67424213E-02      6.90E-05
  THI S3                1.12186776E-03      8.03E-05
  THI S5                5.26230874E-02     -2.43E-05
  THI S7                3.05532651E-01     -5.84E-05
  THI S9                1.65462390E-01     -5.07E-05
  THI S11               5.12767444E-02      8.98E-05
  THI S13               5.20973472E-01     -2.01E-04
  THI S15               6.15325649E-01      1.77E-04
  THI S17               1.74303820E-01      1.77E-04
  
        EFL          REDU         PIM          OAL         EN PUP       EX PUP
      3.621255     0.000000     0.132702     5.240058     0.285987    -2.748407
  
  Active Constraints -   1:    target        value         diff        cost
  EFL                    =   3.62125E+00   3.62125E+00  -1.730E-07   1.810E-04
  
  Weighted Constraints:        target        value        WTC/PTC     contrib
  @ATELIER_LATCOLOR      =   0.00000E+00   1.48077E-01   1.000E-02   2.193E+00
  @ATELIER_RMSSPOT       =   0.00000E+00   3.78618E+00   1.000E-03   1.434E+01
  
  Constraints added:      Mn CT S3 (>)
  Constraints released:   Mn CT S3 (>)
  
 CYCLE NUMBER 5:
  
  ABERR F. =        0.05394938
  CONST F. =       16.03600752
  ERR. F.  =       16.08995690       (change =       -0.49151704)
  
  OPD     0.02551598     0.04567286     0.05242170
  WAV     0.02983308     0.07451035     0.07440629
  
  
  
  Parameter                 Value            Change
  CUY S1                2.99222956E-01     -4.91E-06
  CUY S2                3.04979792E-01     -7.07E-06
  CUY S4                4.64816666E-01     -3.73E-06
  CUY S5                5.45584378E-02     -3.02E-06
  CUY S6                1.30292354E-01     -4.33E-06
  CUY S7                2.67561056E-01     -1.09E-05
  CUY S8                3.32145023E-02     -7.04E-06
  CUY S9               -2.11357385E-01      1.71E-06
  CUY S10              -5.72196366E-01      3.00E-07
  CUY S11              -2.83042318E-01      3.49E-06
  CUY S12               5.52555710E-01      3.57E-06
  CUY S13               2.18846352E-01     -1.70E-06
  CUY S14               6.26109725E-01     -5.27E-06
  CUY S15               9.18479240E-01     -1.69E-05
  A   S1               -2.03685886E-02     -1.49E-06
  A   S2               -1.06207360E-01      1.60E-06
  A   S4               -1.12212310E-01     -1.88E-06
  A   S5               -6.40440747E-02      2.48E-06
  A   S6               -1.27371949E-02     -1.59E-06
  A   S7                6.76997978E-03      1.30E-06
  A   S8               -4.90126305E-02     -1.48E-06
  A   S9               -9.94676719E-02      1.73E-06
  A   S10              -7.43244520E-02      4.05E-07
  A   S11              -1.51952933E-01      1.54E-06
  A   S12               5.37810396E-02      8.77E-07
  A   S13               6.38047639E-02     -8.81E-07
  A   S14              -1.84766027E-01     -3.03E-06
  A   S15              -1.34652105E-01      1.77E-06
  THI S2                6.67706091E-02      2.82E-05
  THI S3                1.15948356E-03      3.76E-05
  THI S5                5.26311695E-02      8.08E-06
  THI S7                3.05541313E-01      8.66E-06
  THI S9                1.65485075E-01      2.27E-05
  THI S11               5.13030502E-02      2.63E-05
  THI S13               5.20928015E-01     -4.55E-05
  THI S15               6.15311709E-01     -1.39E-05
  THI S17               1.74289881E-01     -1.39E-05
  
        EFL          REDU         PIM          OAL         EN PUP       EX PUP
      3.621255     0.000000     0.132719     5.240130     0.286017    -2.748470
  
  Active Constraints -   1:    target        value         diff        cost
  EFL                    =   3.62125E+00   3.62125E+00  -2.132E-14   3.326E-04
  
  Weighted Constraints:        target        value        WTC/PTC     contrib
  @ATELIER_LATCOLOR      =   0.00000E+00   1.47193E-01   1.000E-02   2.167E+00
  @ATELIER_RMSSPOT       =   0.00000E+00   3.72417E+00   1.000E-03   1.387E+01
  
  Constraints added:      Mn CT S3 (>)
  
 CYCLE NUMBER 6:
  
  ABERR F. =        0.05547811
  CONST F. =       16.01625043
  ERR. F.  =       16.07172854       (change =       -0.01822836)
  
  OPD     0.02798292     0.04855357     0.05550174
  WAV     0.03246860     0.07364176     0.07595177
  
  
  
  Parameter                 Value            Change
  CUY S1                2.99206856E-01     -1.61E-05
  CUY S2                3.05044883E-01      6.51E-05
  CUY S4                4.64892889E-01      7.62E-05
  CUY S5                5.45486191E-02     -9.82E-06
  CUY S6                1.30278337E-01     -1.40E-05
  CUY S7                2.67537315E-01     -2.37E-05
  CUY S8                3.32022073E-02     -1.23E-05
  CUY S9               -2.11353297E-01      4.09E-06
  CUY S10              -5.72197713E-01     -1.35E-06
  CUY S11              -2.83037359E-01      4.96E-06
  CUY S12               5.52566164E-01      1.05E-05
  CUY S13               2.18850582E-01      4.23E-06
  CUY S14               6.26038592E-01     -7.11E-05
  CUY S15               9.18311393E-01     -1.68E-04
  A   S1               -2.03746770E-02     -6.09E-06
  A   S2               -1.06201824E-01      5.54E-06
  A   S4               -1.12218801E-01     -6.49E-06
  A   S5               -6.40331655E-02      1.09E-05
  A   S6               -1.27446226E-02     -7.43E-06
  A   S7                6.77676664E-03      6.79E-06
  A   S8               -4.90170889E-02     -4.46E-06
  A   S9               -9.94626805E-02      4.99E-06
  A   S10              -7.43271520E-02     -2.70E-06
  A   S11              -1.51950030E-01      2.90E-06
  A   S12               5.37829865E-02      1.95E-06
  A   S13               6.38030183E-02     -1.75E-06
  A   S14              -1.84762947E-01      3.08E-06
  A   S15              -1.34649045E-01      3.06E-06
  THI S2                6.69376304E-02      1.67E-04
  THI S3                1.00000000E-03     -1.59E-04
  THI S5                5.26353659E-02      4.20E-06
  THI S7                3.05602651E-01      6.13E-05
  THI S9                1.65493866E-01      8.79E-06
  THI S11               5.13391716E-02      3.61E-05
  THI S13               5.20829570E-01     -9.84E-05
  THI S15               6.15314936E-01      3.23E-06
  THI S17               1.74293108E-01      3.23E-06
  
        EFL          REDU         PIM          OAL         EN PUP       EX PUP
      3.621255     0.000000     0.132785     5.240153     0.286195    -2.748605
  
  Active Constraints -   2:    target        value         diff        cost
  EFL                    =   3.62125E+00   3.62125E+00   8.060E-13   2.915E-04
  Mn CT S3                                                          -8.844E-06
  
  Weighted Constraints:        target        value        WTC/PTC     contrib
  @ATELIER_LATCOLOR      =   0.00000E+00   1.45270E-01   1.000E-02   2.110E+00
  @ATELIER_RMSSPOT       =   0.00000E+00   3.72906E+00   1.000E-03   1.391E+01
  
  Constraints released:   Mn CT S3 (>)
  Constraints released:   Mn CT S3 (>)
  
 CYCLE NUMBER 7:
  
  ABERR F. =        0.04890337
  CONST F. =       13.76204316
  ERR. F.  =       13.81094653       (change =       -2.26078201)
  
  OPD     0.02814329     0.04384374     0.04853288
  WAV     0.03287220     0.05482101     0.07206631
  
  
  
  Parameter                 Value            Change
  CUY S1                3.00023551E-01      8.17E-04
  CUY S2                3.00286136E-01     -4.76E-03
  CUY S4                4.59338290E-01     -5.55E-03
  CUY S5                5.43907748E-02     -1.58E-04
  CUY S6                1.30175827E-01     -1.03E-04
  CUY S7                2.67412050E-01     -1.25E-04
  CUY S8                3.31447076E-02     -5.75E-05
  CUY S9               -2.11101975E-01      2.51E-04
  CUY S10              -5.71970589E-01      2.27E-04
  CUY S11              -2.82320378E-01      7.17E-04
  CUY S12               5.53253803E-01      6.88E-04
  CUY S13               2.19201324E-01      3.51E-04
  CUY S14               6.12922461E-01     -1.31E-02
  CUY S15               8.92183868E-01     -2.61E-02
  A   S1               -2.06630133E-02     -2.88E-04
  A   S2               -1.05836489E-01      3.65E-04
  A   S4               -1.11947348E-01      2.71E-04
  A   S5               -6.43475928E-02     -3.14E-04
  A   S6               -1.25771100E-02      1.68E-04
  A   S7                6.68115092E-03     -9.56E-05
  A   S8               -4.97448770E-02     -7.28E-04
  A   S9               -9.93311917E-02      1.31E-04
  A   S10              -7.44237155E-02     -9.66E-05
  A   S11              -1.51891785E-01      5.82E-05
  A   S12               5.38072495E-02      2.43E-05
  A   S13               6.36700850E-02     -1.33E-04
  A   S14              -1.84823494E-01     -6.05E-05
  A   S15              -1.34826182E-01     -1.77E-04
  THI S2                6.47848626E-02     -2.15E-03
  THI S3                4.26726911E-03      3.27E-03
  THI S5                5.27205817E-02      8.52E-05
  THI S7                3.05164608E-01     -4.38E-04
  THI S9                1.65179589E-01     -3.14E-04
  THI S11               5.20844459E-02      7.45E-04
  THI S13               5.26154011E-01      5.32E-03
  THI S15               6.18157211E-01      2.84E-03
  THI S17               1.77135382E-01      2.84E-03
  
        EFL          REDU         PIM          OAL         EN PUP       EX PUP
      3.621255     0.000000     0.129322     5.249513     0.283936    -2.784271
  
  Active Constraints -   1:    target        value         diff        cost
  EFL                    =   3.62125E+00   3.62125E+00  -1.183E-07  -5.413E-08
  
  Weighted Constraints:        target        value        WTC/PTC     contrib
  @ATELIER_LATCOLOR      =   0.00000E+00   2.78903E-02   1.000E-02   7.779E-02
  @ATELIER_RMSSPOT       =   0.00000E+00   3.69922E+00   1.000E-03   1.368E+01
  
  Constraints added:      Mn CT S3 (>)
  Constraints released:   Mn CT S3 (>)
  
 CYCLE NUMBER 8:
  
  ABERR F. =        0.05023357
  CONST F. =       13.58481403
  ERR. F.  =       13.63504760       (change =       -0.17589893)
  
  OPD     0.02743649     0.04559432     0.05042503
  WAV     0.03294781     0.05858336     0.07244734
  
  
  
  Parameter                 Value            Change
  CUY S1                3.00007724E-01     -1.58E-05
  CUY S2                3.00273304E-01     -1.28E-05
  CUY S4                4.59334389E-01     -3.90E-06
  CUY S5                5.43784326E-02     -1.23E-05
  CUY S6                1.30157259E-01     -1.86E-05
  CUY S7                2.67400394E-01     -1.17E-05
  CUY S8                3.31439619E-02     -7.46E-07
  CUY S9               -2.11104852E-01     -2.88E-06
  CUY S10              -5.71976644E-01     -6.05E-06
  CUY S11              -2.82324497E-01     -4.12E-06
  CUY S12               5.53196955E-01     -5.68E-05
  CUY S13               2.19125716E-01     -7.56E-05
  CUY S14               6.12932941E-01      1.05E-05
  CUY S15               8.92184375E-01      5.07E-07
  A   S1               -2.06717800E-02     -8.77E-06
  A   S2               -1.05827626E-01      8.86E-06
  A   S4               -1.11955793E-01     -8.44E-06
  A   S5               -6.43374551E-02      1.01E-05
  A   S6               -1.25832454E-02     -6.14E-06
  A   S7                6.68606028E-03      4.91E-06
  A   S8               -4.97554089E-02     -1.05E-05
  A   S9               -9.93217362E-02      9.46E-06
  A   S10              -7.44248375E-02     -1.12E-06
  A   S11              -1.51891016E-01      7.69E-07
  A   S12               5.38060943E-02     -1.16E-06
  A   S13               6.36702646E-02      1.80E-07
  A   S14              -1.84823505E-01     -1.09E-08
  A   S15              -1.34826149E-01      3.31E-08
  THI S2                6.48344864E-02      4.96E-05
  THI S3                4.18101158E-03     -8.63E-05
  THI S5                5.27213065E-02      7.25E-07
  THI S7                3.05167277E-01      2.67E-06
  THI S9                1.65173031E-01     -6.56E-06
  THI S11               5.20265716E-02     -5.79E-05
  THI S13               5.26133430E-01     -2.06E-05
  THI S15               6.18128166E-01     -2.90E-05
  THI S17               1.77106337E-01     -2.90E-05
  
        EFL          REDU         PIM          OAL         EN PUP       EX PUP
      3.621255     0.000000     0.129440     5.249365     0.283988    -2.784194
  
  Active Constraints -   1:    target        value         diff        cost
  EFL                    =   3.62125E+00   3.62125E+00   1.215E-12  -7.691E-05
  
  Weighted Constraints:        target        value        WTC/PTC     contrib
  @ATELIER_LATCOLOR      =   0.00000E+00   2.44343E-02   1.000E-02   5.970E-02
  @ATELIER_RMSSPOT       =   0.00000E+00   3.67765E+00   1.000E-03   1.353E+01
  
 CYCLE NUMBER 9:
  
  ABERR F. =        0.04994455
  CONST F. =       13.27649373
  ERR. F.  =       13.32643829       (change =       -0.30860932)
  
  OPD     0.02741778     0.04515610     0.05022480
  WAV     0.03290183     0.05771126     0.07238984
  
  
  
  Parameter                 Value            Change
  CUY S1                3.00009972E-01      2.25E-06
  CUY S2                3.00268857E-01     -4.45E-06
  CUY S4                4.59328306E-01     -6.08E-06
  CUY S5                5.43795854E-02      1.15E-06
  CUY S6                1.30158946E-01      1.69E-06
  CUY S7                2.67400262E-01     -1.32E-07
  CUY S8                3.31419587E-02     -2.00E-06
  CUY S9               -2.11106130E-01     -1.28E-06
  CUY S10              -5.71977447E-01     -8.02E-07
  CUY S11              -2.82324326E-01      1.71E-07
  CUY S12               5.53204308E-01      7.35E-06
  CUY S13               2.19138675E-01      1.30E-05
  CUY S14               6.12912624E-01     -2.03E-05
  CUY S15               8.92137218E-01     -4.72E-05
  A   S1               -2.06709840E-02      7.96E-07
  A   S2               -1.05828392E-01     -7.66E-07
  A   S4               -1.11955010E-01      7.83E-07
  A   S5               -6.43383256E-02     -8.71E-07
  A   S6               -1.25827391E-02      5.06E-07
  A   S7                6.68567319E-03     -3.87E-07
  A   S8               -4.97546929E-02      7.16E-07
  A   S9               -9.93226360E-02     -9.00E-07
  A   S10              -7.44255517E-02     -7.14E-07
  A   S11              -1.51891460E-01     -4.44E-07
  A   S12               5.38055550E-02     -5.39E-07
  A   S13               6.36705444E-02      2.80E-07
  A   S14              -1.84823496E-01      9.14E-09
  A   S15              -1.34826189E-01     -4.04E-08
  THI S2                6.48263994E-02     -8.09E-06
  THI S3                4.16719616E-03     -1.38E-05
  THI S5                5.27204845E-02     -8.22E-07
  THI S7                3.05165302E-01     -1.98E-06
  THI S9                1.65166998E-01     -6.03E-06
  THI S11               5.20059142E-02     -2.07E-05
  THI S13               5.26120436E-01     -1.30E-05
  THI S15               6.18140334E-01      1.22E-05
  THI S17               1.77118505E-01      1.22E-05
  
        EFL          REDU         PIM          OAL         EN PUP       EX PUP
      3.621255     0.000000     0.129453     5.249313     0.283980    -2.784215
  
  Active Constraints -   1:    target        value         diff        cost
  EFL                    =   3.62125E+00   3.62125E+00   7.061E-14   4.309E-04
  
  Weighted Constraints:        target        value        WTC/PTC     contrib
  @ATELIER_LATCOLOR      =   0.00000E+00   2.44814E-02   1.000E-02   5.993E-02
  @ATELIER_RMSSPOT       =   0.00000E+00   3.63546E+00   1.000E-03   1.322E+01
  
  Constraints added:      Mn CT S3 (>)
  Constraints released:   Mn CT S3 (>)
  
 CYCLE NUMBER 10:
  
  ABERR F. =        0.05002940
  CONST F. =       13.26674155
  ERR. F.  =       13.31677095       (change =       -0.00966733)
  
  OPD     0.02743383     0.04526288     0.05032032
  WAV     0.03294349     0.05789989     0.07243272
  
  
  
  Parameter                 Value            Change
  CUY S1                3.00009814E-01     -1.58E-07
  CUY S2                3.00269028E-01      1.71E-07
  CUY S4                4.59328452E-01      1.46E-07
  CUY S5                5.43792597E-02     -3.26E-07
  CUY S6                1.30158405E-01     -5.40E-07
  CUY S7                2.67399864E-01     -3.98E-07
  CUY S8                3.31419389E-02     -1.98E-08
  CUY S9               -2.11106153E-01     -2.30E-08
  CUY S10              -5.71977546E-01     -9.99E-08
  CUY S11              -2.82324436E-01     -1.10E-07
  CUY S12               5.53203003E-01     -1.30E-06
  CUY S13               2.19137092E-01     -1.58E-06
  CUY S14               6.12912699E-01      7.50E-08
  CUY S15               8.92136770E-01     -4.47E-07
  A   S1               -2.06713602E-02     -3.76E-07
  A   S2               -1.05827996E-01      3.97E-07
  A   S4               -1.11955459E-01     -4.49E-07
  A   S5               -6.43378849E-02      4.41E-07
  A   S6               -1.25830116E-02     -2.72E-07
  A   S7                6.68587381E-03      2.01E-07
  A   S8               -4.97550950E-02     -4.02E-07
  A   S9               -9.93223571E-02      2.79E-07
  A   S10              -7.44255532E-02     -1.52E-09
  A   S11              -1.51891457E-01      3.55E-09
  A   S12               5.38055744E-02      1.94E-08
  A   S13               6.36705462E-02      1.81E-09
  A   S14              -1.84823496E-01     -2.12E-10
  A   S15              -1.34826189E-01      6.17E-10
  THI S2                6.48261618E-02     -2.38E-07
  THI S3                4.16535692E-03     -1.84E-06
  THI S5                5.27205006E-02      1.60E-08
  THI S7                3.05165336E-01      3.39E-08
  THI S9                1.65167566E-01      5.68E-07
  THI S11               5.20053532E-02     -5.61E-07
  THI S13               5.26120569E-01      1.33E-07
  THI S15               6.18140398E-01      6.44E-08
  THI S17               1.77118569E-01      6.44E-08
  
        EFL          REDU         PIM          OAL         EN PUP       EX PUP
      3.621255     0.000000     0.129454     5.249311     0.283979    -2.784216
  
  Active Constraints -   1:    target        value         diff        cost
  EFL                    =   3.62125E+00   3.62125E+00  -8.882E-16   1.348E-04
  
  Weighted Constraints:        target        value        WTC/PTC     contrib
  @ATELIER_LATCOLOR      =   0.00000E+00   2.44335E-02   1.000E-02   5.970E-02
  @ATELIER_RMSSPOT       =   0.00000E+00   3.63415E+00   1.000E-03   1.321E+01
  
     Normal AUTO Completion - System improvement less than IMP
AUT> GO
 
 
CODE V> BUF PUT B1 I^row J1 "schema"
      Created new worksheet B1.
CODE V> BUF PUT B1 I^row J2 "atelier-codev-target-v1"
CODE V> BUF PUT B1 I^row J1 "status"
CODE V> BUF PUT B1 I^row J2 "ok"
CODE V> BUF PUT B1 I^row J1 "mode"
CODE V> BUF PUT B1 I^row J2 "target"
CODE V> BUF PUT B1 I^row J1 "stage"
CODE V> BUF PUT B1 I^row J2 "A"
CODE V> BUF PUT B1 I^row J1 "source_zmx"
CODE V> BUF PUT B1 I^row J2 "US20170003482A1.zmx"
CODE V> BUF PUT B1 I^row J1 "num_fields"
CODE V> BUF PUT B1 I^row J2 ^numf_out
CODE V> BUF PUT B1 I^row J1 "vignetting_edge"
CODE V> BUF PUT B1 I^row J2 0
CODE V> BUF PUT B1 I^row J1 "target.efl_mm"
CODE V> BUF PUT B1 I^row J2 ^target_efl
CODE V> BUF PUT B1 I^row J1 "target.f_number"
CODE V> BUF PUT B1 I^row J2 2.37302819223561
CODE V> BUF PUT B1 I^row J1 "seed_baseline.efl_y_mm"
CODE V> BUF PUT B1 I^row J2 ^seed_baseline_efl_y_mm
CODE V> BUF PUT B1 I^row J1 "seed_baseline.max_lateral_color_um"
CODE V> BUF PUT B1 I^row J2 ^seed_baseline_max_lateral_color_um
CODE V> BUF PUT B1 I^row J1 "seed_baseline.max_rms_spot_diameter_um"
CODE V> BUF PUT B1 I^row J2 ^seed_baseline_max_rms_spot_diameter_um
CODE V> BUF PUT B1 I^row J1 "seed_baseline.max_rms_wavefront_error_waves"
CODE V> BUF PUT B1 I^row J2 ^seed_baseline_max_rms_wavefront_error_waves
CODE V> BUF PUT B1 I^row J1 "seed_baseline.max_distortion_pct"
CODE V> BUF PUT B1 I^row J2 ^seed_baseline_max_distortion_pct
CODE V> BUF PUT B1 I^row J1 "seed_baseline.fno"
CODE V> BUF PUT B1 I^row J2 ^seed_baseline_fno
CODE V> BUF PUT B1 I^row J1 "seed_baseline.epd_mm"
CODE V> BUF PUT B1 I^row J2 ^seed_baseline_epd
CODE V> BUF PUT B1 I^row J1 "seed_baseline.maximh_mm"
CODE V> BUF PUT B1 I^row J2 ^seed_baseline_maximh
CODE V> BUF PUT B1 I^row J1 "config_pre_aut.efl_y_mm"
CODE V> BUF PUT B1 I^row J2 ^config_pre_aut_efl_y_mm
CODE V> BUF PUT B1 I^row J1 "config_pre_aut.max_lateral_color_um"
CODE V> BUF PUT B1 I^row J2 ^config_pre_aut_max_lateral_color_um
CODE V> BUF PUT B1 I^row J1 "config_pre_aut.max_rms_spot_diameter_um"
CODE V> BUF PUT B1 I^row J2 ^config_pre_aut_max_rms_spot_diameter_um
CODE V> BUF PUT B1 I^row J1 "config_pre_aut.max_rms_wavefront_error_waves"
CODE V> BUF PUT B1 I^row J2 ^config_pre_aut_max_rms_wavefront_error_waves
CODE V> BUF PUT B1 I^row J1 "config_pre_aut.max_distortion_pct"
CODE V> BUF PUT B1 I^row J2 ^config_pre_aut_max_distortion_pct
CODE V> BUF PUT B1 I^row J1 "config_pre_aut.fno"
CODE V> BUF PUT B1 I^row J2 ^config_pre_aut_fno
CODE V> BUF PUT B1 I^row J1 "config_pre_aut.epd_mm"
CODE V> BUF PUT B1 I^row J2 ^config_pre_aut_epd
CODE V> BUF PUT B1 I^row J1 "config_pre_aut.maximh_mm"
CODE V> BUF PUT B1 I^row J2 ^config_pre_aut_maximh
CODE V> BUF PUT B1 I^row J1 "post_aut.efl_y_mm"
CODE V> BUF PUT B1 I^row J2 ^post_aut_efl_y_mm
CODE V> BUF PUT B1 I^row J1 "post_aut.max_lateral_color_um"
CODE V> BUF PUT B1 I^row J2 ^post_aut_max_lateral_color_um
CODE V> BUF PUT B1 I^row J1 "post_aut.max_rms_spot_diameter_um"
CODE V> BUF PUT B1 I^row J2 ^post_aut_max_rms_spot_diameter_um
CODE V> BUF PUT B1 I^row J1 "post_aut.max_rms_wavefront_error_waves"
CODE V> BUF PUT B1 I^row J2 ^post_aut_max_rms_wavefront_error_waves
CODE V> BUF PUT B1 I^row J1 "post_aut.max_distortion_pct"
CODE V> BUF PUT B1 I^row J2 ^post_aut_max_distortion_pct
CODE V> BUF PUT B1 I^row J1 "post_aut.fno"
CODE V> BUF PUT B1 I^row J2 ^post_aut_fno
CODE V> BUF PUT B1 I^row J1 "post_aut.epd_mm"
CODE V> BUF PUT B1 I^row J2 ^post_aut_epd
CODE V> BUF PUT B1 I^row J1 "post_aut.maximh_mm"
CODE V> BUF PUT B1 I^row J2 ^post_aut_maximh
CODE V> BUF PUT B1 I^row J1 "efl_target_deviation_pct"
CODE V> BUF PUT B1 I^row J2 ^efl_target_dev_pct
CODE V> BUF PUT B1 I^row J1 "aut_converged"
CODE V> BUF PUT B1 I^row J2 ^aut_converged
CODE V> BUF EXP B1 "D:\atelier-wt-c\.planning\loop\p15-stageb-evidence\fno-matrix-2026-07-11\US20170003482A1_loosen\rung2_fno0237\atelier_codev_target_A_vig0000.tsv"
     Buffer B1 exported to file atelier_codev_target_A_vig0000.tsv
CODE V> BUF DEL B1
CODE V> OUT YES
CODE V> EXI YES
     EXI                                                                              11-Jul-26  14H  1M 10S
                                                 CODE V PC  Version: 11.5             CPU clock:  0H  0M 11S
