  
  
                                   Welcome to
  
                                   C O D E   V
  
                                PC  Version 11.5
                                   Build 27302701
  
                                   11-Jul-2026
  
                            A proprietary product of
  
                              SYNOPSYS, INC
                              Pasadena, California
  
CODE V> OUT NO
     Radius input/output mode
  
    Lens data created by Zemax version 210628
  
    Zemax command MODE ignored
    Zemax command AUTH ignored
    Zemax command PFIL ignored
    Zemax command LANG ignored
     WARNING - Glass catalog list not used.
     WARNING - Ray aiming not used.
     WARNING - Pupil shift for ray aiming not used.
    Zemax command SDMA ignored
    Zemax command OMMA ignored
    Zemax command HYPR ignored
     WARNING - Vignetting angles not used.
    Zemax command XAIM ignored
    Zemax command YAIM ignored
    Zemax command ZAIM ignored
    Zemax command POLS ignored
    Zemax command GLRS ignored
    Zemax command GSTD ignored
    Zemax command NSCD ignored
    Zemax command COFN ignored
    Zemax command COFN ignored
    Zemax command LUID ignored
  
     Surface pointer = OBJ
    Zemax command SSID ignored.
    Zemax surface type  STANDARD
    CODE V surface type SPH
    Zemax command FIMP ignored.
     WARNING - Hiding of rays not used.
    Zemax command MIRR ignored.
    Zemax command SLAB ignored.
    Zemax command MEMA ignored.
    Zemax command POPS ignored.
  
     Surface pointer = 1
    Zemax command SSID ignored.
    Zemax surface type  EVENASPH
    CODE V surface type ASP
    Zemax command FIMP ignored.
     WARNING - Hiding of rays not used.
    Zemax command MIRR ignored.
    Zemax command SLAB ignored.
    Zemax command MEMA ignored.
    Zemax command POPS ignored.
  
     Surface pointer = 2
    Zemax command SSID ignored.
    Zemax surface type  STANDARD
    CODE V surface type SPH
    Zemax command FIMP ignored.
     WARNING - Hiding of rays not used.
    Zemax command MIRR ignored.
    Zemax command SLAB ignored.
    Zemax command MEMA ignored.
    Zemax command POPS ignored.
  
     Surface pointer = 3
    Zemax command SSID ignored.
    Zemax surface type  EVENASPH
    CODE V surface type ASP
    Zemax command FIMP ignored.
     WARNING - Hiding of rays not used.
    Zemax command MIRR ignored.
    Zemax command SLAB ignored.
     WARNING - Partial dispersion of model glass not used.
    Zemax command MEMA ignored.
    Zemax command POPS ignored.
  
     Surface pointer = 4
    Zemax command SSID ignored.
    Zemax surface type  EVENASPH
    CODE V surface type ASP
    Zemax command FIMP ignored.
     WARNING - Hiding of rays not used.
    Zemax command MIRR ignored.
    Zemax command SLAB ignored.
    Zemax command MEMA ignored.
    Zemax command POPS ignored.
  
     Surface pointer = 5
    Zemax command SSID ignored.
    Zemax surface type  EVENASPH
    CODE V surface type ASP
    Zemax command FIMP ignored.
     WARNING - Hiding of rays not used.
    Zemax command MIRR ignored.
    Zemax command SLAB ignored.
     WARNING - Partial dispersion of model glass not used.
    Zemax command MEMA ignored.
    Zemax command POPS ignored.
  
     Surface pointer = 6
    Zemax command SSID ignored.
    Zemax surface type  EVENASPH
    CODE V surface type ASP
    Zemax command FIMP ignored.
     WARNING - Hiding of rays not used.
    Zemax command MIRR ignored.
    Zemax command SLAB ignored.
    Zemax command MEMA ignored.
    Zemax command POPS ignored.
  
     Surface pointer = 7
    Zemax command SSID ignored.
    Zemax surface type  EVENASPH
    CODE V surface type ASP
    Zemax command FIMP ignored.
     WARNING - Hiding of rays not used.
    Zemax command MIRR ignored.
    Zemax command SLAB ignored.
    Zemax command MEMA ignored.
    Zemax command POPS ignored.
  
     Surface pointer = 8
    Zemax command SSID ignored.
    Zemax surface type  EVENASPH
    CODE V surface type ASP
    Zemax command FIMP ignored.
     WARNING - Hiding of rays not used.
    Zemax command MIRR ignored.
    Zemax command SLAB ignored.
    Zemax command MEMA ignored.
    Zemax command POPS ignored.
  
     Surface pointer = 9
    Zemax command SSID ignored.
    Zemax surface type  EVENASPH
    CODE V surface type ASP
    Zemax command FIMP ignored.
     WARNING - Hiding of rays not used.
    Zemax command MIRR ignored.
    Zemax command SLAB ignored.
    Zemax command MEMA ignored.
    Zemax command POPS ignored.
  
     Surface pointer = 10
    Zemax command SSID ignored.
    Zemax surface type  EVENASPH
    CODE V surface type ASP
    Zemax command FIMP ignored.
     WARNING - Hiding of rays not used.
    Zemax command MIRR ignored.
    Zemax command SLAB ignored.
    Zemax command MEMA ignored.
    Zemax command POPS ignored.
  
     Surface pointer = 11
    Zemax command SSID ignored.
    Zemax surface type  XASPHERE
    CODE V surface type SPS ODD
    Zemax command FIMP ignored.
     WARNING - Hiding of rays not used.
    Zemax command MIRR ignored.
    Zemax command SLAB ignored.
     WARNING - Maximum term number not used.
    Zemax command MEMA ignored.
    Zemax command POPS ignored.
  
     Surface pointer = 12
    Zemax command SSID ignored.
    Zemax surface type  XASPHERE
    CODE V surface type SPS ODD
    Zemax command FIMP ignored.
     WARNING - Hiding of rays not used.
    Zemax command MIRR ignored.
    Zemax command SLAB ignored.
     WARNING - Maximum term number not used.
    Zemax command MEMA ignored.
    Zemax command POPS ignored.
  
     Surface pointer = 13
    Zemax command SSID ignored.
    Zemax surface type  XASPHERE
    CODE V surface type SPS ODD
    Zemax command FIMP ignored.
     WARNING - Hiding of rays not used.
    Zemax command MIRR ignored.
    Zemax command SLAB ignored.
     WARNING - Maximum term number not used.
    Zemax command MEMA ignored.
    Zemax command POPS ignored.
  
     Surface pointer = 14
    Zemax command SSID ignored.
    Zemax surface type  XASPHERE
    CODE V surface type SPS ODD
    Zemax command FIMP ignored.
     WARNING - Hiding of rays not used.
    Zemax command MIRR ignored.
    Zemax command SLAB ignored.
     WARNING - Maximum term number not used.
    Zemax command MEMA ignored.
    Zemax command POPS ignored.
  
     Surface pointer = 15
    Zemax command SSID ignored.
    Zemax surface type  STANDARD
    CODE V surface type SPH
    Zemax command FIMP ignored.
     WARNING - Hiding of rays not used.
    Zemax command MIRR ignored.
    Zemax command SLAB ignored.
     WARNING - Partial dispersion of model glass not used.
    Zemax command MEMA ignored.
    Zemax command POPS ignored.
  
     Surface pointer = 16
    Zemax command SSID ignored.
    Zemax surface type  STANDARD
    CODE V surface type SPH
    Zemax command FIMP ignored.
     WARNING - Hiding of rays not used.
    Zemax command MIRR ignored.
    Zemax command SLAB ignored.
    Zemax command MEMA ignored.
    Zemax command POPS ignored.
  
     Surface pointer = 17
    Zemax command SSID ignored.
    Zemax surface type  STANDARD
    CODE V surface type SPH
    Zemax command FIMP ignored.
     WARNING - Hiding of rays not used.
    Zemax command MIRR ignored.
    Zemax command SLAB ignored.
    Zemax command MEMA ignored.
    Zemax command POPS ignored.
  
     Surface pointer = IMG
    Zemax command SSID ignored.
    Zemax surface type  STANDARD
    CODE V surface type SPH
    Zemax command FIMP ignored.
     WARNING - Hiding of rays not used.
    Zemax command MIRR ignored.
    Zemax command SLAB ignored.
    Zemax command MEMA ignored.
    Zemax command POPS ignored.
  
     WARNING - Please check the converted lens carefully.
               Some information will not be converted.
               Changes in either CODE V or ZEMAX may invalidate
               the converted information.
               Due to differences between CODE V and ZEMAX ray
               aiming and vignetting factors, it is recommended
               that you set vignetting for the converted system.
  
               A concise listing of conversion warnings appears
               in the Tabbed Output Window 'Info' tab and in the
               Command Window.
  
CODE V> DEF VAR SA
 
 
CODE V> FNO 3
CODE V> VUY 0 0.5 0.5
CODE V> VLY 0 0.5 0.5
CODE V> VUX 0 0.5 0.5
CODE V> VLX 0 0.5 0.5
 
 
CODE V> AUT
     AUT                                                                              11-Jul-26  14H 13M 11S
                                                 CODE V PC  Version: 11.5             CPU clock:  0H  0M  1S
AUT>   SUR N
AUT>   CHG SA
AUT>   WFR Y
AUT>   WTF FA 10
AUT>   EFL = 4.70602808468692
AUT>   @atelier_latcolor == @lcum(1)
AUT>   @atelier_latcolor = 0
AUT>   WTC 0.01
AUT>   @atelier_rmsspot == @rmssum(1)
AUT>   @atelier_rmsspot = 0
AUT>   WTC 0.001
AUT>   MNT 0.025
AUT>   MNE 0.025
AUT>   MXT 10
AUT>   MNA 0.001
AUT>   MXC 25
AUT>   MNC 3
AUT>   IMP 0.001
AUT> GO
 -------------------------------------------------------------------------------
  
       USER CONSTRAINT DEFINITIONS
            @atelier_rmsspot == @rmssum(1)
  
            @atelier_latcolor == @lcum(1)
  
  
  
       POTENTIALLY ACTIVE SPECIFIC CONSTRAINTS
         EFL                                  =       4.706028
         @ATELIER_LATCOLOR                    =       0.000000     (WTC =    0.01000)
         @ATELIER_RMSSPOT                     =       0.000000     (WTC =    0.00100)
  
       GENERAL CONSTRAINTS
         MXT      10.000000
         MNT       0.025000
         MNE       0.025000
         MNA       0.001000
         MAE       0.002500
         GLA               NFK5  NSK16  NLAF2  SF4
  
       ERROR FUNCTION CONSTRUCTION
         WFR        Y
         WTW       1          1          1          1          1
         WTA       0.000000
         DEL       0.220000
         WTX F1   10.000000
         WTX F2   10.000000
         WTX F3   10.000000
         WTY F1   10.000000
         WTY F2   10.000000
         WTY F3   10.000000
  
       CONVERGENCE CONTROLS
         MXC        25
         MNC         3
         TAR       0.000000
         IMP       0.001000
  
       OUTPUT CONTROLS
         SUR NO
         CHG S0..18
  
     Recommendations for most stable convergence:
  
       Use object space aperture specifications:
       - NAO for finite conjugate systems
       - EPD for infinite conjugate systems
  
       VARIABLE LIST
  
         NO      PARAMETERS *
          1      CUY S3       CUY S4
          2      CUY S4       CUY S5
          3      CUY S5       CUY S6
          4      CUY S6       CUY S7
          5      CUY S7       CUY S8
          6      CUY S8       CUY S9
          7      CUY S9       CUY S10
          8      CUY S10
          9      A   S3
         10      A   S4
         11      A   S5
         12      A   S6
         13      A   S7
         14      A   S8
         15      A   S9
         16      A   S10
         17      THI S2
         18      THI S4
         19      THI S6
         20      THI S8
         21      THI S10
         22      THI S12
         23      THI S14
         24      THI S16
         25      THI S18
  
     * Multiple entries on a line are composite variables.
     Composite variables are either program-generated bendings
     or user-requested couplings.
  
      25 VARIABLES
  
      25 CONSTRAINTS CAN BE ACTIVE
  
     RELATIVE TIME PER CYCLE IS  344.6 UNITS
     WARNING - The macro function SPOTDATA is not supported on multiple threads.
               CODE V will set the multiple processor setting (MPP) to 1 to prevent errors.
               Please refer to the CODE V Setup and Operation Reference Manual for a complete list
               of pre-defined macro functions that are currently limited to running on a single thread.
  
 CYCLE NUMBER 0:
  
  ABERR F. =        0.06562980
  CONST F. =      286.88024339
  ERR. F.  =      286.94587319
  
  OPD     0.07945963     0.06293433     0.04694716
  WAV     0.08184443     0.06501971     0.04938573
  
  
  
  Parameter                 Value            Change
  CUY S3                4.38461876E-01      0.00E+00
  CUY S4                1.55033952E-01      0.00E+00
  CUY S5                2.87306786E-01      0.00E+00
  CUY S6                4.05695971E-01      0.00E+00
  CUY S7                2.81529154E-02      0.00E+00
  CUY S8               -2.32964473E-01      0.00E+00
  CUY S9               -4.91593747E-01      0.00E+00
  CUY S10              -3.43489163E-01      0.00E+00
  A   S3                1.40041000E-04      0.00E+00
  A   S4               -1.77404000E-02      0.00E+00
  A   S5               -1.04752000E-01      0.00E+00
  A   S6               -7.17227000E-02      0.00E+00
  A   S7                2.70142000E-02      0.00E+00
  A   S8                4.51043000E-03      0.00E+00
  A   S9                9.52605000E-03      0.00E+00
  A   S10               2.75271000E-02      0.00E+00
  THI S2               -4.75900000E-01      0.00E+00
  THI S4                4.00200000E-01      0.00E+00
  THI S6                1.63300000E-01      0.00E+00
  THI S8                5.97900000E-01      0.00E+00
  THI S10               5.00000000E-02      0.00E+00
  THI S12               6.61800000E-01      0.00E+00
  THI S14               2.31100000E-01      0.00E+00
  THI S16               5.50000000E-01      0.00E+00
  THI S18               0.00000000E+00      0.00E+00
  
        EFL          REDU         PIM          OAL         EN PUP       EX PUP
      4.699441     0.000000    -0.011325     6.000000     0.475900    -3.099869
  
  Specific Constraints:        target        value         diff      active (**)
  EFL                    =   4.70603E+00   4.69944E+00  -6.587E-03    **
  
  Weighted Constraints:        target        value        WTC/PTC     contrib
  @ATELIER_LATCOLOR      =   0.00000E+00   1.64791E+00   1.000E-02   2.716E+02
  @ATELIER_RMSSPOT       =   0.00000E+00   3.91381E+00   1.000E-03   1.532E+01
     WARNING - Frozen Thickness Violations:
  Mn ET S17
  
  Constraints added:      EFL (=)                     Mn CT S2 (>)
  
 CYCLE NUMBER 1:
  
  ABERR F. =        0.11102409
  CONST F. =     1600.34602516
  ERR. F.  =     1600.45704925       (change =     1313.51117606)
  
  OPD     0.07262749     0.08869749     0.14670705
  WAV     0.07821433     0.09083467     0.15787564
  
  
  
  Parameter                 Value            Change
  CUY S3                4.27231956E-01     -1.12E-02
  CUY S4                1.51347435E-01     -3.69E-03
  CUY S5                2.91225360E-01      3.92E-03
  CUY S6                4.01492499E-01     -4.20E-03
  CUY S7                2.59549480E-02     -2.20E-03
  CUY S8               -2.34169325E-01     -1.20E-03
  CUY S9               -4.92162324E-01     -5.69E-04
  CUY S10              -3.46362061E-01     -2.87E-03
  A   S3               -5.89829658E-04     -7.30E-04
  A   S4               -1.76821266E-02      5.83E-05
  A   S5               -1.03959170E-01      7.93E-04
  A   S6               -6.71512633E-02      4.57E-03
  A   S7                2.76866050E-02      6.72E-04
  A   S8               -2.63758436E-03     -7.15E-03
  A   S9                2.28776128E-03     -7.24E-03
  A   S10               2.50105755E-02     -2.52E-03
  THI S2                1.00000000E-03      4.77E-01
  THI S4                3.90754785E-01     -9.45E-03
  THI S6                1.56875458E-01     -6.42E-03
  THI S8                5.80163567E-01     -1.77E-02
  THI S10               6.22644117E-02      1.23E-02
  THI S12               6.59302399E-01     -2.50E-03
  THI S14               2.49245939E-01      1.81E-02
  THI S16               5.68145939E-01      1.81E-02
  THI S18               1.81459390E-02      1.81E-02
  
        EFL          REDU         PIM          OAL         EN PUP       EX PUP
      4.706045     0.000000    -0.005554     6.489352     0.475900    -3.354461
  
  Active Constraints -   2:    target        value         diff        cost
  EFL                    =   4.70603E+00   4.70605E+00   1.703E-05  -2.029E-06
  Mn CT S2                                                          -3.976E-06
  
  Weighted Constraints:        target        value        WTC/PTC     contrib
  @ATELIER_LATCOLOR      =   0.00000E+00   3.31678E+00   1.000E-02   1.100E+03
  @ATELIER_RMSSPOT       =   0.00000E+00   2.23662E+01   1.000E-03   5.002E+02
  
 CYCLE NUMBER 2:
  
  ABERR F. =        0.10234258
  CONST F. =     1493.49081574
  ERR. F.  =     1493.59315832       (change =     -106.86389092)
  
  OPD     0.10554067     0.09659641     0.09838313
  WAV     0.11143751     0.09966906     0.10169978
  
  
  
  Parameter                 Value            Change
  CUY S3                4.27121209E-01     -1.11E-04
  CUY S4                1.51222717E-01     -1.25E-04
  CUY S5                2.93626476E-01      2.40E-03
  CUY S6                4.04607921E-01      3.12E-03
  CUY S7                3.02886841E-02      4.33E-03
  CUY S8               -2.37724067E-01     -3.55E-03
  CUY S9               -4.97893108E-01     -5.73E-03
  CUY S10              -3.43912065E-01      2.45E-03
  A   S3               -8.08259309E-04     -2.18E-04
  A   S4               -1.73944589E-02      2.88E-04
  A   S5               -1.04112685E-01     -1.54E-04
  A   S6               -6.70687454E-02      8.25E-05
  A   S7                2.75515036E-02     -1.35E-04
  A   S8               -2.09546056E-03      5.42E-04
  A   S9                1.83430055E-03     -4.53E-04
  A   S10               2.53338753E-02      3.23E-04
  THI S2                1.00000000E-03     -6.72E-18
  THI S4                3.93699907E-01      2.95E-03
  THI S6                1.57355001E-01      4.80E-04
  THI S8                5.72520367E-01     -7.64E-03
  THI S10               6.09484367E-02     -1.32E-03
  THI S12               6.68722467E-01      9.42E-03
  THI S14               2.49037379E-01     -2.09E-04
  THI S16               5.67937379E-01     -2.09E-04
  THI S18               1.79373789E-02     -2.09E-04
  
        EFL          REDU         PIM          OAL         EN PUP       EX PUP
      4.706029     0.000000    -0.018059     6.492821     0.475900    -3.343958
  
  Active Constraints -   2:    target        value         diff        cost
  EFL                    =   4.70603E+00   4.70603E+00   1.372E-06  -2.283E-02
  Mn CT S2                                                          -8.243E-04
  
  Weighted Constraints:        target        value        WTC/PTC     contrib
  @ATELIER_LATCOLOR      =   0.00000E+00   3.67626E+00   1.000E-02   1.351E+03
  @ATELIER_RMSSPOT       =   0.00000E+00   1.19166E+01   1.000E-03   1.420E+02
  
 CYCLE NUMBER 3:
  
  ABERR F. =        0.10507262
  CONST F. =     1192.22829323
  ERR. F.  =     1192.33336585       (change =     -301.25979247)
  
  OPD     0.10593716     0.09306503     0.10653558
  WAV     0.11377983     0.09590265     0.11342289
  
  
  
  Parameter                 Value            Change
  CUY S3                4.26698366E-01     -4.23E-04
  CUY S4                1.51422721E-01      2.00E-04
  CUY S5                2.93686257E-01      5.98E-05
  CUY S6                4.03829138E-01     -7.79E-04
  CUY S7                2.93969315E-02     -8.92E-04
  CUY S8               -2.34961956E-01      2.76E-03
  CUY S9               -4.94993239E-01      2.90E-03
  CUY S10              -3.44698057E-01     -7.86E-04
  A   S3               -1.01203401E-03     -2.04E-04
  A   S4               -1.76540412E-02     -2.60E-04
  A   S5               -1.03934417E-01      1.78E-04
  A   S6               -6.71220419E-02     -5.33E-05
  A   S7                2.73608037E-02     -1.91E-04
  A   S8               -1.69947448E-03      3.96E-04
  A   S9                2.00802711E-03      1.74E-04
  A   S10               2.52185503E-02     -1.15E-04
  THI S2                1.00000000E-03      6.51E-18
  THI S4                3.92480931E-01     -1.22E-03
  THI S6                1.53699759E-01     -3.66E-03
  THI S8                5.76294743E-01      3.77E-03
  THI S10               6.19281932E-02      9.80E-04
  THI S12               6.64841996E-01     -3.88E-03
  THI S14               2.52281398E-01      3.24E-03
  THI S16               5.71181398E-01      3.24E-03
  THI S18               2.11813979E-02      3.24E-03
  
        EFL          REDU         PIM          OAL         EN PUP       EX PUP
      4.706028     0.000000    -0.018281     6.495308     0.475900    -3.352601
  
  Active Constraints -   2:    target        value         diff        cost
  EFL                    =   4.70603E+00   4.70603E+00  -1.171E-08   2.334E-02
  Mn CT S2                                                          -1.257E-03
  
  Weighted Constraints:        target        value        WTC/PTC     contrib
  @ATELIER_LATCOLOR      =   0.00000E+00   3.01663E+00   1.000E-02   9.100E+02
  @ATELIER_RMSSPOT       =   0.00000E+00   1.67996E+01   1.000E-03   2.822E+02
  
 CYCLE NUMBER 4:
  
  ABERR F. =        0.10081480
  CONST F. =     1136.46332777
  ERR. F.  =     1136.56414258       (change =      -55.76922328)
  
  OPD     0.10749031     0.09472994     0.09033970
  WAV     0.11672616     0.09774952     0.09545991
  
  
  
  Parameter                 Value            Change
  CUY S3                4.26537149E-01     -1.61E-04
  CUY S4                1.51280184E-01     -1.43E-04
  CUY S5                2.94083247E-01      3.97E-04
  CUY S6                4.04333873E-01      5.05E-04
  CUY S7                2.98094341E-02      4.13E-04
  CUY S8               -2.35213060E-01     -2.51E-04
  CUY S9               -4.95336707E-01     -3.43E-04
  CUY S10              -3.44337736E-01      3.60E-04
  A   S3               -1.06172523E-03     -4.97E-05
  A   S4               -1.75888305E-02      6.52E-05
  A   S5               -1.03965850E-01     -3.14E-05
  A   S6               -6.71058461E-02      1.62E-05
  A   S7                2.73321943E-02     -2.86E-05
  A   S8               -1.53778265E-03      1.62E-04
  A   S9                1.99001716E-03     -1.80E-05
  A   S10               2.52638654E-02      4.53E-05
  THI S2                1.00000000E-03      2.60E-18
  THI S4                3.92910370E-01      4.29E-04
  THI S6                1.53791214E-01      9.15E-05
  THI S8                5.78285310E-01      1.99E-03
  THI S10               6.16676279E-02     -2.61E-04
  THI S12               6.65517924E-01      6.76E-04
  THI S14               2.52049651E-01     -2.32E-04
  THI S16               5.70949651E-01     -2.32E-04
  THI S18               2.09496514E-02     -2.32E-04
  
        EFL          REDU         PIM          OAL         EN PUP       EX PUP
      4.706017     0.000000    -0.020737     6.497772     0.475900    -3.352231
  
  Active Constraints -   2:    target        value         diff        cost
  EFL                    =   4.70603E+00   4.70602E+00  -1.072E-05  -1.040E-02
  Mn CT S2                                                          -7.420E-04
  
  Weighted Constraints:        target        value        WTC/PTC     contrib
  @ATELIER_LATCOLOR      =   0.00000E+00   3.02864E+00   1.000E-02   9.173E+02
  @ATELIER_RMSSPOT       =   0.00000E+00   1.48053E+01   1.000E-03   2.192E+02
  
 CYCLE NUMBER 5:
  
  ABERR F. =        0.10168363
  CONST F. =     1107.56562038
  ERR. F.  =     1107.66730401       (change =      -28.89683857)
  
  OPD     0.10703579     0.09555989     0.09235556
  WAV     0.11696838     0.09862899     0.09752013
  
  
  
  Parameter                 Value            Change
  CUY S3                4.26332517E-01     -2.05E-04
  CUY S4                1.51140331E-01     -1.40E-04
  CUY S5                2.94071769E-01     -1.15E-05
  CUY S6                4.04233363E-01     -1.01E-04
  CUY S7                2.92258024E-02     -5.84E-04
  CUY S8               -2.35769730E-01     -5.57E-04
  CUY S9               -4.95356722E-01     -2.00E-05
  CUY S10              -3.44404441E-01     -6.67E-05
  A   S3               -1.08371117E-03     -2.20E-05
  A   S4               -1.75448913E-02      4.39E-05
  A   S5               -1.03965463E-01      3.87E-07
  A   S6               -6.71035923E-02      2.25E-06
  A   S7                2.73120480E-02     -2.01E-05
  A   S8               -1.48366655E-03      5.41E-05
  A   S9                2.00591260E-03      1.59E-05
  A   S10               2.52577300E-02     -6.14E-06
  THI S2                1.00000000E-03     -3.04E-18
  THI S4                3.92837326E-01     -7.30E-05
  THI S6                1.53832270E-01      4.11E-05
  THI S8                5.78876312E-01      5.91E-04
  THI S10               6.17353389E-02      6.77E-05
  THI S12               6.65460885E-01     -5.70E-05
  THI S14               2.52324913E-01      2.75E-04
  THI S16               5.71224913E-01      2.75E-04
  THI S18               2.12249134E-02      2.75E-04
  
        EFL          REDU         PIM          OAL         EN PUP       EX PUP
      4.706028     0.000000    -0.020971     6.498892     0.475900    -3.353395
  
  Active Constraints -   2:    target        value         diff        cost
  EFL                    =   4.70603E+00   4.70603E+00  -2.183E-09  -1.553E-02
  Mn CT S2                                                          -1.155E-03
  
  Weighted Constraints:        target        value        WTC/PTC     contrib
  @ATELIER_LATCOLOR      =   0.00000E+00   2.98597E+00   1.000E-02   8.916E+02
  @ATELIER_RMSSPOT       =   0.00000E+00   1.46957E+01   1.000E-03   2.160E+02
 RAY ERROR: REFL 10
  
 CYCLE NUMBER 6:
  
  ABERR F. =        0.10113864
  CONST F. =     1089.04375658
  ERR. F.  =     1089.14489522       (change =      -18.52240879)
  
  OPD     0.10478796     0.09791318     0.08916786
  WAV     0.11763158     0.10124348     0.09363919
  
  
  
  Parameter                 Value            Change
  CUY S3                4.26310705E-01     -2.18E-05
  CUY S4                1.51117860E-01     -2.25E-05
  CUY S5                2.94184153E-01      1.12E-04
  CUY S6                4.04389071E-01      1.56E-04
  CUY S7                2.99512378E-02      7.25E-04
  CUY S8               -2.35174245E-01      5.95E-04
  CUY S9               -4.95392493E-01     -3.58E-05
  CUY S10              -3.44302207E-01      1.02E-04
  A   S3               -1.10066823E-03     -1.70E-05
  A   S4               -1.75141655E-02      3.07E-05
  A   S5               -1.03976231E-01     -1.08E-05
  A   S6               -6.70984441E-02      5.15E-06
  A   S7                2.73024918E-02     -9.56E-06
  A   S8               -1.05922548E-03      4.24E-04
  A   S9                2.00268172E-03     -3.23E-06
  A   S10               2.52703181E-02      1.26E-05
  THI S2                1.00000000E-03     -8.67E-19
  THI S4                3.92959162E-01      1.22E-04
  THI S6                1.53857379E-01      2.51E-05
  THI S8                5.78917759E-01      4.14E-05
  THI S10               6.16700448E-02     -6.53E-05
  THI S12               6.65563222E-01      1.02E-04
  THI S14               2.52340209E-01      1.53E-05
  THI S16               5.71240209E-01      1.53E-05
  THI S18               2.12402089E-02      1.53E-05
  
        EFL          REDU         PIM          OAL         EN PUP       EX PUP
      4.706025     0.000000    -0.021749     6.499148     0.475900    -3.353025
  
  Active Constraints -   2:    target        value         diff        cost
  EFL                    =   4.70603E+00   4.70602E+00  -3.115E-06   1.259E-03
  Mn CT S2                                                          -7.984E-04
  
  Weighted Constraints:        target        value        WTC/PTC     contrib
  @ATELIER_LATCOLOR      =   0.00000E+00   2.96734E+00   1.000E-02   8.805E+02
  @ATELIER_RMSSPOT       =   0.00000E+00   1.44408E+01   1.000E-03   2.085E+02
 RAY ERROR: REFL 14
  
 CYCLE NUMBER 7:
  
  ABERR F. =        0.10063328
  CONST F. =     1083.55616207
  ERR. F.  =     1083.65679534       (change =       -5.48809988)
  
  OPD     0.10520143     0.09804484     0.08666063
  WAV     0.11840979     0.10139639     0.09093974
  
  
  
  Parameter                 Value            Change
  CUY S3                4.26311919E-01      1.21E-06
  CUY S4                1.51117358E-01     -5.01E-07
  CUY S5                2.94214737E-01      3.06E-05
  CUY S6                4.04439064E-01      5.00E-05
  CUY S7                3.01957161E-02      2.44E-04
  CUY S8               -2.34968527E-01      2.06E-04
  CUY S9               -4.95396087E-01     -3.59E-06
  CUY S10              -3.44268898E-01      3.33E-05
  A   S3               -1.10806288E-03     -7.39E-06
  A   S4               -1.74925763E-02      2.16E-05
  A   S5               -1.03981104E-01     -4.87E-06
  A   S6               -6.70964393E-02      2.00E-06
  A   S7                2.72985086E-02     -3.98E-06
  A   S8               -1.06150033E-03     -2.27E-06
  A   S9                2.00199117E-03     -6.91E-07
  A   S10               2.52748279E-02      4.51E-06
  THI S2                1.00000000E-03      6.51E-19
  THI S4                3.93001866E-01      4.27E-05
  THI S6                1.53865981E-01      8.60E-06
  THI S8                5.78928671E-01      1.09E-05
  THI S10               6.16486182E-02     -2.14E-05
  THI S12               6.65587036E-01      2.38E-05
  THI S14               2.52375364E-01      3.52E-05
  THI S16               5.71275364E-01      3.52E-05
  THI S18               2.12753644E-02      3.52E-05
  
        EFL          REDU         PIM          OAL         EN PUP       EX PUP
      4.706028     0.000000    -0.022057     6.499283     0.475900    -3.352968
  
  Active Constraints -   2:    target        value         diff        cost
  EFL                    =   4.70603E+00   4.70603E+00  -6.276E-10   1.296E-02
  Mn CT S2                                                          -8.155E-04
  
  Weighted Constraints:        target        value        WTC/PTC     contrib
  @ATELIER_LATCOLOR      =   0.00000E+00   2.96355E+00   1.000E-02   8.783E+02
  @ATELIER_RMSSPOT       =   0.00000E+00   1.43280E+01   1.000E-03   2.053E+02
  
 CYCLE NUMBER 8:
  
  ABERR F. =        0.10074123
  CONST F. =     1082.50520051
  ERR. F.  =     1082.60594174       (change =       -1.05085360)
  
  OPD     0.10534788     0.09810255     0.08679181
  WAV     0.11852879     0.10145555     0.09107892
  
  
  
  Parameter                 Value            Change
  CUY S3                4.26301186E-01     -1.07E-05
  CUY S4                1.51109372E-01     -7.99E-06
  CUY S5                2.94213247E-01     -1.49E-06
  CUY S6                4.04433628E-01     -5.44E-06
  CUY S7                3.01713735E-02     -2.43E-05
  CUY S8               -2.34992439E-01     -2.39E-05
  CUY S9               -4.95398298E-01     -2.21E-06
  CUY S10              -3.44271069E-01     -2.17E-06
  A   S3               -1.10959345E-03     -1.53E-06
  A   S4               -1.74936812E-02     -1.10E-06
  A   S5               -1.03980665E-01      4.39E-07
  A   S6               -6.70964674E-02     -2.80E-08
  A   S7                2.72971342E-02     -1.37E-06
  A   S8               -1.05976945E-03      1.73E-06
  A   S9                2.00258279E-03      5.92E-07
  A   S10               2.52744622E-02     -3.66E-07
  THI S2                1.00000000E-03      0.00E+00
  THI S4                3.92997507E-01     -4.36E-06
  THI S6                1.53867824E-01      1.84E-06
  THI S8                5.78989628E-01      6.10E-05
  THI S10               6.16518662E-02      3.25E-06
  THI S12               6.65584016E-01     -3.02E-06
  THI S14               2.52392077E-01      1.67E-05
  THI S16               5.71292077E-01      1.67E-05
  THI S18               2.12920765E-02      1.67E-05
  
        EFL          REDU         PIM          OAL         EN PUP       EX PUP
      4.706028     0.000000    -0.022102     6.499375     0.475900    -3.353039
  
  Active Constraints -   2:    target        value         diff        cost
  EFL                    =   4.70603E+00   4.70603E+00  -9.326E-08  -3.176E-03
  Mn CT S2                                                          -1.270E-03
  
  Weighted Constraints:        target        value        WTC/PTC     contrib
  @ATELIER_LATCOLOR      =   0.00000E+00   2.96179E+00   1.000E-02   8.772E+02
  @ATELIER_RMSSPOT       =   0.00000E+00   1.43278E+01   1.000E-03   2.053E+02
  
     Normal AUTO Completion - System improvement less than IMP
AUT> GO
 
 
CODE V> BUF PUT B1 I^row J1 "schema"
      Created new worksheet B1.
CODE V> BUF PUT B1 I^row J2 "atelier-codev-target-v1"
CODE V> BUF PUT B1 I^row J1 "status"
CODE V> BUF PUT B1 I^row J2 "ok"
CODE V> BUF PUT B1 I^row J1 "mode"
CODE V> BUF PUT B1 I^row J2 "target"
CODE V> BUF PUT B1 I^row J1 "stage"
CODE V> BUF PUT B1 I^row J2 "A"
CODE V> BUF PUT B1 I^row J1 "source_zmx"
CODE V> BUF PUT B1 I^row J2 "US10281683B2.zmx"
CODE V> BUF PUT B1 I^row J1 "num_fields"
CODE V> BUF PUT B1 I^row J2 ^numf_out
CODE V> BUF PUT B1 I^row J1 "vignetting_edge"
CODE V> BUF PUT B1 I^row J2 0.5
CODE V> BUF PUT B1 I^row J1 "target.efl_mm"
CODE V> BUF PUT B1 I^row J2 ^target_efl
CODE V> BUF PUT B1 I^row J1 "target.f_number"
CODE V> BUF PUT B1 I^row J2 3
CODE V> BUF PUT B1 I^row J1 "seed_baseline.efl_y_mm"
CODE V> BUF PUT B1 I^row J2 ^seed_baseline_efl_y_mm
CODE V> BUF PUT B1 I^row J1 "seed_baseline.max_lateral_color_um"
CODE V> BUF PUT B1 I^row J2 ^seed_baseline_max_lateral_color_um
CODE V> BUF PUT B1 I^row J1 "seed_baseline.max_rms_spot_diameter_um"
CODE V> BUF PUT B1 I^row J2 ^seed_baseline_max_rms_spot_diameter_um
CODE V> BUF PUT B1 I^row J1 "seed_baseline.max_rms_wavefront_error_waves"
CODE V> BUF PUT B1 I^row J2 ^seed_baseline_max_rms_wavefront_error_waves
CODE V> BUF PUT B1 I^row J1 "seed_baseline.max_distortion_pct"
CODE V> BUF PUT B1 I^row J2 ^seed_baseline_max_distortion_pct
CODE V> BUF PUT B1 I^row J1 "seed_baseline.fno"
CODE V> BUF PUT B1 I^row J2 ^seed_baseline_fno
CODE V> BUF PUT B1 I^row J1 "seed_baseline.epd_mm"
CODE V> BUF PUT B1 I^row J2 ^seed_baseline_epd
CODE V> BUF PUT B1 I^row J1 "seed_baseline.maximh_mm"
CODE V> BUF PUT B1 I^row J2 ^seed_baseline_maximh
CODE V> BUF PUT B1 I^row J1 "config_pre_aut.efl_y_mm"
CODE V> BUF PUT B1 I^row J2 ^config_pre_aut_efl_y_mm
CODE V> BUF PUT B1 I^row J1 "config_pre_aut.max_lateral_color_um"
CODE V> BUF PUT B1 I^row J2 ^config_pre_aut_max_lateral_color_um
CODE V> BUF PUT B1 I^row J1 "config_pre_aut.max_rms_spot_diameter_um"
CODE V> BUF PUT B1 I^row J2 ^config_pre_aut_max_rms_spot_diameter_um
CODE V> BUF PUT B1 I^row J1 "config_pre_aut.max_rms_wavefront_error_waves"
CODE V> BUF PUT B1 I^row J2 ^config_pre_aut_max_rms_wavefront_error_waves
CODE V> BUF PUT B1 I^row J1 "config_pre_aut.max_distortion_pct"
CODE V> BUF PUT B1 I^row J2 ^config_pre_aut_max_distortion_pct
CODE V> BUF PUT B1 I^row J1 "config_pre_aut.fno"
CODE V> BUF PUT B1 I^row J2 ^config_pre_aut_fno
CODE V> BUF PUT B1 I^row J1 "config_pre_aut.epd_mm"
CODE V> BUF PUT B1 I^row J2 ^config_pre_aut_epd
CODE V> BUF PUT B1 I^row J1 "config_pre_aut.maximh_mm"
CODE V> BUF PUT B1 I^row J2 ^config_pre_aut_maximh
CODE V> BUF PUT B1 I^row J1 "post_aut.efl_y_mm"
CODE V> BUF PUT B1 I^row J2 ^post_aut_efl_y_mm
CODE V> BUF PUT B1 I^row J1 "post_aut.max_lateral_color_um"
CODE V> BUF PUT B1 I^row J2 ^post_aut_max_lateral_color_um
CODE V> BUF PUT B1 I^row J1 "post_aut.max_rms_spot_diameter_um"
CODE V> BUF PUT B1 I^row J2 ^post_aut_max_rms_spot_diameter_um
CODE V> BUF PUT B1 I^row J1 "post_aut.max_rms_wavefront_error_waves"
CODE V> BUF PUT B1 I^row J2 ^post_aut_max_rms_wavefront_error_waves
CODE V> BUF PUT B1 I^row J1 "post_aut.max_distortion_pct"
CODE V> BUF PUT B1 I^row J2 ^post_aut_max_distortion_pct
CODE V> BUF PUT B1 I^row J1 "post_aut.fno"
CODE V> BUF PUT B1 I^row J2 ^post_aut_fno
CODE V> BUF PUT B1 I^row J1 "post_aut.epd_mm"
CODE V> BUF PUT B1 I^row J2 ^post_aut_epd
CODE V> BUF PUT B1 I^row J1 "post_aut.maximh_mm"
CODE V> BUF PUT B1 I^row J2 ^post_aut_maximh
CODE V> BUF PUT B1 I^row J1 "efl_target_deviation_pct"
CODE V> BUF PUT B1 I^row J2 ^efl_target_dev_pct
CODE V> BUF PUT B1 I^row J1 "aut_converged"
CODE V> BUF PUT B1 I^row J2 ^aut_converged
CODE V> BUF EXP B1 "D:\atelier-wt-c\.planning\loop\p15-stageb-evidence\fno-matrix-2026-07-11\US10281683B2_loosen\rung3_fno0300\ray_retry\atelier_codev_target_A_vig0500.tsv"
     Buffer B1 exported to file atelier_codev_target_A_vig0500.tsv
CODE V> BUF DEL B1
CODE V> OUT YES
CODE V> EXI YES
     EXI                                                                              11-Jul-26  14H 13M 17S
                                                 CODE V PC  Version: 11.5             CPU clock:  0H  0M  7S
