  
  
                                   Welcome to
  
                                   C O D E   V
  
                                PC  Version 11.5
                                   Build 27302701
  
                                   11-Jul-2026
  
                            A proprietary product of
  
                              SYNOPSYS, INC
                              Pasadena, California
  
CODE V> OUT NO
     Radius input/output mode
  
    Lens data created by Zemax version 191028
  
    Zemax command MODE ignored
     WARNING - Vignetting angles not used.
     ERROR - No wavelength  2 in zoom position  1
  
     Surface pointer = OBJ
    Zemax surface type  STANDARD
    CODE V surface type SPH
    Zemax command FIMP ignored.
     WARNING - Hiding of rays not used.
    Zemax command MIRR ignored.
    Zemax command SLAB ignored.
    Zemax command MEMA ignored.
    Zemax command POPS ignored.
  
     Surface pointer = 1
    Zemax surface type  STANDARD
    CODE V surface type SPH
    Zemax command FIMP ignored.
     WARNING - Hiding of rays not used.
    Zemax command MIRR ignored.
    Zemax command SLAB ignored.
     WARNING - Partial dispersion of model glass not used.
    Zemax command MEMA ignored.
    Zemax command POPS ignored.
  
     Surface pointer = 2
    Zemax surface type  STANDARD
    CODE V surface type SPH
    Zemax command FIMP ignored.
     WARNING - Hiding of rays not used.
    Zemax command MIRR ignored.
    Zemax command SLAB ignored.
    Zemax command MEMA ignored.
    Zemax command POPS ignored.
  
     Surface pointer = 3
    Zemax surface type  EVENASPH
    CODE V surface type ASP
    Zemax command FIMP ignored.
     WARNING - Hiding of rays not used.
    Zemax command MIRR ignored.
    Zemax command SLAB ignored.
     WARNING - Partial dispersion of model glass not used.
    Zemax command MEMA ignored.
    Zemax command POPS ignored.
  
     Surface pointer = 4
    Zemax surface type  EVENASPH
    CODE V surface type ASP
    Zemax command FIMP ignored.
     WARNING - Hiding of rays not used.
    Zemax command MIRR ignored.
    Zemax command SLAB ignored.
    Zemax command MEMA ignored.
    Zemax command POPS ignored.
  
     Surface pointer = 5
    Zemax surface type  STANDARD
    CODE V surface type SPH
    Zemax command FIMP ignored.
     WARNING - Hiding of rays not used.
    Zemax command MIRR ignored.
    Zemax command SLAB ignored.
    Zemax command MEMA ignored.
    Zemax command POPS ignored.
  
     Surface pointer = 6
    Zemax surface type  STANDARD
    CODE V surface type SPH
    Zemax command FIMP ignored.
     WARNING - Hiding of rays not used.
    Zemax command MIRR ignored.
    Zemax command SLAB ignored.
     WARNING - Partial dispersion of model glass not used.
    Zemax command MEMA ignored.
    Zemax command POPS ignored.
  
     Surface pointer = 7
    Zemax surface type  STANDARD
    CODE V surface type SPH
    Zemax command FIMP ignored.
     WARNING - Hiding of rays not used.
    Zemax command MIRR ignored.
    Zemax command SLAB ignored.
     WARNING - Partial dispersion of model glass not used.
    Zemax command MEMA ignored.
    Zemax command POPS ignored.
  
     Surface pointer = 8
    Zemax surface type  STANDARD
    CODE V surface type SPH
    Zemax command FIMP ignored.
     WARNING - Hiding of rays not used.
    Zemax command MIRR ignored.
    Zemax command SLAB ignored.
     WARNING - Partial dispersion of model glass not used.
    Zemax command MEMA ignored.
    Zemax command POPS ignored.
  
     Surface pointer = 9
    Zemax surface type  STANDARD
    CODE V surface type SPH
    Zemax command FIMP ignored.
     WARNING - Hiding of rays not used.
    Zemax command MIRR ignored.
    Zemax command SLAB ignored.
    Zemax command MEMA ignored.
    Zemax command POPS ignored.
  
     Surface pointer = 10
    Zemax surface type  STANDARD
    CODE V surface type SPH
    Zemax command FIMP ignored.
     WARNING - Hiding of rays not used.
    Zemax command MIRR ignored.
    Zemax command SLAB ignored.
     WARNING - Partial dispersion of model glass not used.
    Zemax command MEMA ignored.
    Zemax command POPS ignored.
  
     Surface pointer = 11
    Zemax surface type  STANDARD
    CODE V surface type SPH
    Zemax command FIMP ignored.
     WARNING - Hiding of rays not used.
    Zemax command MIRR ignored.
    Zemax command SLAB ignored.
    Zemax command MEMA ignored.
    Zemax command POPS ignored.
  
     Surface pointer = 12
    Zemax surface type  STANDARD
    CODE V surface type SPH
    Zemax command FIMP ignored.
     WARNING - Hiding of rays not used.
    Zemax command MIRR ignored.
    Zemax command SLAB ignored.
     WARNING - Partial dispersion of model glass not used.
    Zemax command MEMA ignored.
    Zemax command POPS ignored.
  
     Surface pointer = 13
    Zemax surface type  STANDARD
    CODE V surface type SPH
    Zemax command FIMP ignored.
     WARNING - Hiding of rays not used.
    Zemax command MIRR ignored.
    Zemax command SLAB ignored.
    Zemax command MEMA ignored.
    Zemax command POPS ignored.
  
     Surface pointer = 14
    Zemax surface type  EVENASPH
    CODE V surface type ASP
    Zemax command FIMP ignored.
     WARNING - Hiding of rays not used.
    Zemax command MIRR ignored.
    Zemax command SLAB ignored.
     WARNING - Partial dispersion of model glass not used.
    Zemax command MEMA ignored.
    Zemax command POPS ignored.
  
     Surface pointer = 15
    Zemax surface type  EVENASPH
    CODE V surface type ASP
    Zemax command FIMP ignored.
     WARNING - Hiding of rays not used.
    Zemax command MIRR ignored.
    Zemax command SLAB ignored.
    Zemax command MEMA ignored.
    Zemax command POPS ignored.
  
     Surface pointer = 16
    Zemax surface type  STANDARD
    CODE V surface type SPH
    Zemax command FIMP ignored.
     WARNING - Hiding of rays not used.
    Zemax command MIRR ignored.
    Zemax command SLAB ignored.
     WARNING - Partial dispersion of model glass not used.
    Zemax command MEMA ignored.
    Zemax command POPS ignored.
  
     Surface pointer = 17
    Zemax surface type  STANDARD
    CODE V surface type SPH
    Zemax command FIMP ignored.
     WARNING - Hiding of rays not used.
    Zemax command MIRR ignored.
    Zemax command SLAB ignored.
    Zemax command MEMA ignored.
    Zemax command POPS ignored.
  
     Surface pointer = IMG
    Zemax surface type  STANDARD
    CODE V surface type SPH
    Zemax command FIMP ignored.
     WARNING - Hiding of rays not used.
    Zemax command MIRR ignored.
    Zemax command SLAB ignored.
    Zemax command MEMA ignored.
    Zemax command POPS ignored.
    Zemax command ! AT ignored.
    Zemax command ! AT ignored.
    Zemax command ! AT ignored.
    Zemax command ! AT ignored.
  
     WARNING - Please check the converted lens carefully.
               Some information will not be converted.
               Changes in either CODE V or ZEMAX may invalidate
               the converted information.
               Due to differences between CODE V and ZEMAX ray
               aiming and vignetting factors, it is recommended
               that you set vignetting for the converted system.
  
               A concise listing of conversion warnings appears
               in the Tabbed Output Window 'Info' tab and in the
               Command Window.
  
CODE V> DEF VAR SA
 
 
CODE V> FNO 2.29364583621089
 
 
CODE V> AUT
     AUT                                                                              11-Jul-26  11H 31M 44S
                                                 CODE V PC  Version: 11.5             CPU clock:  0H  0M  0S
     ***Defocussing frozen to eliminate redundant variable
AUT>   SUR N
AUT>   CHG SA
AUT>   WFR Y
AUT>   WTF FA 10
AUT>   EFL = 13.4202910338045
AUT>   @atelier_latcolor == @lcum(1)
AUT>   @atelier_latcolor = 0
AUT>   WTC 0.01
AUT>   @atelier_rmsspot == @rmssum(1)
AUT>   @atelier_rmsspot = 0
AUT>   WTC 0.001
AUT>   MNT 0.025
AUT>   MNE 0.025
AUT>   MXT 10
AUT>   MNA 0.001
AUT>   MXC 25
AUT>   MNC 3
AUT>   IMP 0.001
AUT> GO
 -------------------------------------------------------------------------------
  
       USER CONSTRAINT DEFINITIONS
            @atelier_rmsspot == @rmssum(1)
  
            @atelier_latcolor == @lcum(1)
  
  
  
       POTENTIALLY ACTIVE SPECIFIC CONSTRAINTS
         EFL                                  =      13.420291
         @ATELIER_LATCOLOR                    =       0.000000     (WTC =    0.01000)
         @ATELIER_RMSSPOT                     =       0.000000     (WTC =    0.00100)
  
       GENERAL CONSTRAINTS
         MXT      10.000000
         MNT       0.025000
         MNE       0.025000
         MNA       0.001000
         MAE       0.002500
         GLA               NFK5  NSK16  NLAF2  SF4
  
       ERROR FUNCTION CONSTRUCTION
         WFR        Y
         WTW       1
         WTA       0.000000
         DEL       0.220000
         WTX F1   10.000000
         WTX F2   10.000000
         WTY F1   10.000000
         WTY F2   10.000000
  
       CONVERGENCE CONTROLS
         MXC        25
         MNC         3
         TAR       0.000000
         IMP       0.001000
  
       OUTPUT CONTROLS
         SUR NO
         CHG S0..18
  
     Recommendations for most stable convergence:
  
       Use object space aperture specifications:
       - NAO for finite conjugate systems
       - EPD for infinite conjugate systems
  
       VARIABLE LIST
  
         NO      PARAMETERS *
          1      CUY S1       CUY S2
          2      CUY S2       CUY S3
          3      CUY S3       CUY S4
          4      CUY S4
          5      CUY S6       CUY S7       CUY S8       CUY S9
          6      CUY S7
          7      CUY S8
          8      CUY S9       CUY S10
          9      CUY S10       CUY S11       CUY S12       CUY S13
         10      CUY S11       CUY S12
         11      CUY S12       CUY S13
         12      CUY S13       CUY S14
         13      CUY S14       CUY S15
         14      CUY S15
         15      A   S3
         16      A   S4
         17      A   S14
         18      A   S15
         19      THI S2
         20      THI S4
         21      THI S5
         22      THI S9
         23      THI S11
         24      THI S13
         25      THI S15
         26      THI S17
  
     * Multiple entries on a line are composite variables.
     Composite variables are either program-generated bendings
     or user-requested couplings.
  
      26 VARIABLES
  
      26 CONSTRAINTS CAN BE ACTIVE
  
     RELATIVE TIME PER CYCLE IS   99.7 UNITS
     WARNING - The macro function SPOTDATA is not supported on multiple threads.
               CODE V will set the multiple processor setting (MPP) to 1 to prevent errors.
               Please refer to the CODE V Setup and Operation Reference Manual for a complete list
               of pre-defined macro functions that are currently limited to running on a single thread.
  
 CYCLE NUMBER 0:
  
  ABERR F. =        0.22904989
  CONST F. =       59.91067966
  ERR. F.  =       60.13972954
  
  OPD     0.17755659     0.26008729
  WAV     0.18918167     0.27366760
  
  
  
  Parameter                 Value            Change
  CUY S1                2.40456868E-02      0.00E+00
  CUY S2               -4.80000077E-03      0.00E+00
  CUY S3                1.17135796E-01      0.00E+00
  CUY S4                1.27751447E-01      0.00E+00
  CUY S6               -8.20708107E-02      0.00E+00
  CUY S7                1.43026732E-01      0.00E+00
  CUY S8                1.43026732E-01      0.00E+00
  CUY S9               -3.62756514E-02      0.00E+00
  CUY S10               7.50846580E-02      0.00E+00
  CUY S11              -4.56936061E-02      0.00E+00
  CUY S12               5.75062969E-02      0.00E+00
  CUY S13               3.09552480E-02      0.00E+00
  CUY S14              -6.44870059E-02      0.00E+00
  CUY S15               7.01139351E-02      0.00E+00
  A   S3               -1.79150000E-04      0.00E+00
  A   S4                4.79780000E-04      0.00E+00
  A   S14              -6.61520000E-03      0.00E+00
  A   S15              -5.59380000E-03      0.00E+00
  THI S2                1.00000000E-01      0.00E+00
  THI S4                3.49200000E+00      0.00E+00
  THI S5                5.93000000E-01      0.00E+00
  THI S9                8.76000000E-01      0.00E+00
  THI S11               8.26000000E-01      0.00E+00
  THI S13               2.31400000E+00      0.00E+00
  THI S15               7.60000000E-01      0.00E+00
  THI S17               6.79000000E-01      0.00E+00
  
        EFL          REDU         PIM          OAL         EN PUP       EX PUP
     13.423273     0.000000     0.664650    28.563000     8.767157   -10.372395
  
  Specific Constraints:        target        value         diff      active (**)
  EFL                    =   1.34203E+01   1.34233E+01   2.982E-03    **
  
  Weighted Constraints:        target        value        WTC/PTC     contrib
  @ATELIER_LATCOLOR      =   0.00000E+00   0.00000E+00   1.000E-02   0.000E+00
  @ATELIER_RMSSPOT       =   0.00000E+00   7.74020E+00   1.000E-03   5.991E+01
     WARNING - Frozen Thickness Violations:
  Mn ET S7
  
  Constraints added:      EFL (=)
  
 CYCLE NUMBER 1:
  
  ABERR F. =        0.07570080
  CONST F. =       16.47378916
  ERR. F.  =       16.54948996       (change =      -43.59023958)
  
  OPD     0.04156388     0.08550231
  WAV     0.06800962     0.09622336
  
  
  
  Parameter                 Value            Change
  CUY S1                2.69392888E-02      2.89E-03
  CUY S2               -1.78142901E-03      3.02E-03
  CUY S3                1.16994467E-01     -1.41E-04
  CUY S4                1.27465515E-01     -2.86E-04
  CUY S6               -8.46395266E-02     -2.57E-03
  CUY S7                1.40879465E-01     -2.15E-03
  CUY S8                1.40078231E-01     -2.95E-03
  CUY S9               -3.89561264E-02     -2.68E-03
  CUY S10               7.48850750E-02     -2.00E-04
  CUY S11              -4.57538154E-02     -6.02E-05
  CUY S12               5.65312391E-02     -9.75E-04
  CUY S13               3.09893718E-02      3.41E-05
  CUY S14              -6.27107206E-02      1.78E-03
  CUY S15               6.60321266E-02     -4.08E-03
  A   S3               -1.70877755E-04      8.27E-06
  A   S4                4.63412091E-04     -1.64E-05
  A   S14              -6.61039854E-03      4.80E-06
  A   S15              -5.37532864E-03      2.18E-04
  THI S2                1.21612718E-01      2.16E-02
  THI S4                3.51221993E+00      2.02E-02
  THI S5                6.58419398E-01      6.54E-02
  THI S9                7.91321129E-01     -8.47E-02
  THI S11               8.24073578E-01     -1.93E-03
  THI S13               2.30237706E+00     -1.16E-02
  THI S15               7.60363566E-01      3.64E-04
  THI S17               6.79363566E-01      3.64E-04
  
        EFL          REDU         PIM          OAL         EN PUP       EX PUP
     13.420335     0.000000     0.678947    28.572387     8.887791   -10.591790
  
  Active Constraints -   1:    target        value         diff        cost
  EFL                    =   1.34203E+01   1.34203E+01   4.419E-05   8.127E-08
  
  Weighted Constraints:        target        value        WTC/PTC     contrib
  @ATELIER_LATCOLOR      =   0.00000E+00   0.00000E+00   1.000E-02   0.000E+00
  @ATELIER_RMSSPOT       =   0.00000E+00   4.05879E+00   1.000E-03   1.647E+01
     WARNING - Frozen Thickness Violations:
  Mn ET S7
  
  Constraints added:      Mn CT S2 (>)
  Constraints released:   Mn CT S2 (>)
  
 CYCLE NUMBER 2:
  
  ABERR F. =        0.07221168
  CONST F. =       18.59452660
  ERR. F.  =       18.66673828       (change =        2.11724832)
  
  OPD     0.03702844     0.08219948
  WAV     0.06380323     0.09305587
  
  
  
  Parameter                 Value            Change
  CUY S1                2.69368341E-02     -2.45E-06
  CUY S2               -1.78608938E-03     -4.66E-06
  CUY S3                1.16991240E-01     -3.23E-06
  CUY S4                1.27465120E-01     -3.95E-07
  CUY S6               -8.46360198E-02      3.51E-06
  CUY S7                1.40885664E-01      6.20E-06
  CUY S8                1.40079473E-01      1.24E-06
  CUY S9               -3.89538795E-02      2.25E-06
  CUY S10               7.48829973E-02     -2.08E-06
  CUY S11              -4.57529787E-02      8.37E-07
  CUY S12               5.65295745E-02     -1.66E-06
  CUY S13               3.09847431E-02     -4.63E-06
  CUY S14              -6.27131724E-02     -2.45E-06
  CUY S15               6.60373731E-02      5.25E-06
  A   S3               -1.70888254E-04     -1.05E-08
  A   S4                4.63438707E-04      2.66E-08
  A   S14              -6.61046838E-03     -6.98E-08
  A   S15              -5.37504876E-03      2.80E-07
  THI S2                1.20966610E-01     -6.46E-04
  THI S4                3.51082656E+00     -1.39E-03
  THI S5                6.58082562E-01     -3.37E-04
  THI S9                7.91568742E-01      2.48E-04
  THI S11               8.24017479E-01     -5.61E-05
  THI S13               2.30233804E+00     -3.90E-05
  THI S15               7.60326127E-01     -3.74E-05
  THI S17               6.79326127E-01     -3.74E-05
  
        EFL          REDU         PIM          OAL         EN PUP       EX PUP
     13.420291     0.000000     0.679734    28.570126     8.884285   -10.591295
  
  Active Constraints -   1:    target        value         diff        cost
  EFL                    =   1.34203E+01   1.34203E+01  -2.790E-11  -1.374E-03
  
  Weighted Constraints:        target        value        WTC/PTC     contrib
  @ATELIER_LATCOLOR      =   0.00000E+00   0.00000E+00   1.000E-02   0.000E+00
  @ATELIER_RMSSPOT       =   0.00000E+00   4.31214E+00   1.000E-03   1.859E+01
     WARNING - Frozen Thickness Violations:
  Mn ET S7
  
  Constraints added:      Mn ET S5 (>)
  Constraints released:   Mn ET S5 (>)
  Constraints released:   Mn ET S5 (>)
  
 CYCLE NUMBER 3:
  
  ABERR F. =        0.07260843
  CONST F. =       18.59161163
  ERR. F.  =       18.66422006       (change =       -0.00251822)
  
  OPD     0.03751837     0.08257654
  WAV     0.06429974     0.09341823
  
  
  
  Parameter                 Value            Change
  CUY S1                2.69357814E-02     -1.05E-06
  CUY S2               -1.78695846E-03     -8.69E-07
  CUY S3                1.16991472E-01      2.32E-07
  CUY S4                1.27465043E-01     -7.70E-08
  CUY S6               -8.46365142E-02     -4.94E-07
  CUY S7                1.40884735E-01     -9.29E-07
  CUY S8                1.40079341E-01     -1.32E-07
  CUY S9               -3.89540773E-02     -1.98E-07
  CUY S10               7.48834099E-02      4.13E-07
  CUY S11              -4.57532729E-02     -2.94E-07
  CUY S12               5.65295271E-02     -4.74E-08
  CUY S13               3.09849746E-02      2.32E-07
  CUY S14              -6.27127956E-02      3.77E-07
  CUY S15               6.60355025E-02     -1.87E-06
  A   S3               -1.70886914E-04      1.34E-09
  A   S4                4.63435957E-04     -2.75E-09
  A   S14              -6.61044558E-03      2.28E-08
  A   S15              -5.37510826E-03     -5.95E-08
  THI S2                1.21122285E-01      1.56E-04
  THI S4                3.51100812E+00      1.82E-04
  THI S5                6.58235521E-01      1.53E-04
  THI S9                7.91537024E-01     -3.17E-05
  THI S11               8.24026026E-01      8.55E-06
  THI S13               2.30234322E+00      5.18E-06
  THI S15               7.60333619E-01      7.49E-06
  THI S17               6.79333619E-01      7.49E-06
  
        EFL          REDU         PIM          OAL         EN PUP       EX PUP
     13.420291     0.000000     0.679610    28.570606     8.884810   -10.591570
  
  Active Constraints -   1:    target        value         diff        cost
  EFL                    =   1.34203E+01   1.34203E+01   7.844E-12   1.291E-03
  
  Weighted Constraints:        target        value        WTC/PTC     contrib
  @ATELIER_LATCOLOR      =   0.00000E+00   0.00000E+00   1.000E-02   0.000E+00
  @ATELIER_RMSSPOT       =   0.00000E+00   4.31180E+00   1.000E-03   1.859E+01
     WARNING - Frozen Thickness Violations:
  Mn ET S7
  
     Normal AUTO Completion - System improvement less than IMP
AUT> GO
 
 
CODE V> BUF PUT B1 I^row J1 "schema"
      Created new worksheet B1.
CODE V> BUF PUT B1 I^row J2 "atelier-codev-target-v1"
CODE V> BUF PUT B1 I^row J1 "status"
CODE V> BUF PUT B1 I^row J2 "ok"
CODE V> BUF PUT B1 I^row J1 "mode"
CODE V> BUF PUT B1 I^row J2 "target"
CODE V> BUF PUT B1 I^row J1 "stage"
CODE V> BUF PUT B1 I^row J2 "A"
CODE V> BUF PUT B1 I^row J1 "source_zmx"
CODE V> BUF PUT B1 I^row J2 "US-20260160979-A1-e3.zmx"
CODE V> BUF PUT B1 I^row J1 "num_fields"
CODE V> BUF PUT B1 I^row J2 ^numf_out
CODE V> BUF PUT B1 I^row J1 "vignetting_edge"
CODE V> BUF PUT B1 I^row J2 0
CODE V> BUF PUT B1 I^row J1 "target.efl_mm"
CODE V> BUF PUT B1 I^row J2 ^target_efl
CODE V> BUF PUT B1 I^row J1 "target.f_number"
CODE V> BUF PUT B1 I^row J2 2.29364583621089
CODE V> BUF PUT B1 I^row J1 "seed_baseline.efl_y_mm"
CODE V> BUF PUT B1 I^row J2 ^seed_baseline_efl_y_mm
CODE V> BUF PUT B1 I^row J1 "seed_baseline.max_lateral_color_um"
CODE V> BUF PUT B1 I^row J2 ^seed_baseline_max_lateral_color_um
CODE V> BUF PUT B1 I^row J1 "seed_baseline.max_rms_spot_diameter_um"
CODE V> BUF PUT B1 I^row J2 ^seed_baseline_max_rms_spot_diameter_um
CODE V> BUF PUT B1 I^row J1 "seed_baseline.max_rms_wavefront_error_waves"
CODE V> BUF PUT B1 I^row J2 ^seed_baseline_max_rms_wavefront_error_waves
CODE V> BUF PUT B1 I^row J1 "seed_baseline.max_distortion_pct"
CODE V> BUF PUT B1 I^row J2 ^seed_baseline_max_distortion_pct
CODE V> BUF PUT B1 I^row J1 "seed_baseline.fno"
CODE V> BUF PUT B1 I^row J2 ^seed_baseline_fno
CODE V> BUF PUT B1 I^row J1 "seed_baseline.epd_mm"
CODE V> BUF PUT B1 I^row J2 ^seed_baseline_epd
CODE V> BUF PUT B1 I^row J1 "seed_baseline.maximh_mm"
CODE V> BUF PUT B1 I^row J2 ^seed_baseline_maximh
CODE V> BUF PUT B1 I^row J1 "config_pre_aut.efl_y_mm"
CODE V> BUF PUT B1 I^row J2 ^config_pre_aut_efl_y_mm
CODE V> BUF PUT B1 I^row J1 "config_pre_aut.max_lateral_color_um"
CODE V> BUF PUT B1 I^row J2 ^config_pre_aut_max_lateral_color_um
CODE V> BUF PUT B1 I^row J1 "config_pre_aut.max_rms_spot_diameter_um"
CODE V> BUF PUT B1 I^row J2 ^config_pre_aut_max_rms_spot_diameter_um
CODE V> BUF PUT B1 I^row J1 "config_pre_aut.max_rms_wavefront_error_waves"
CODE V> BUF PUT B1 I^row J2 ^config_pre_aut_max_rms_wavefront_error_waves
CODE V> BUF PUT B1 I^row J1 "config_pre_aut.max_distortion_pct"
CODE V> BUF PUT B1 I^row J2 ^config_pre_aut_max_distortion_pct
CODE V> BUF PUT B1 I^row J1 "config_pre_aut.fno"
CODE V> BUF PUT B1 I^row J2 ^config_pre_aut_fno
CODE V> BUF PUT B1 I^row J1 "config_pre_aut.epd_mm"
CODE V> BUF PUT B1 I^row J2 ^config_pre_aut_epd
CODE V> BUF PUT B1 I^row J1 "config_pre_aut.maximh_mm"
CODE V> BUF PUT B1 I^row J2 ^config_pre_aut_maximh
CODE V> BUF PUT B1 I^row J1 "post_aut.efl_y_mm"
CODE V> BUF PUT B1 I^row J2 ^post_aut_efl_y_mm
CODE V> BUF PUT B1 I^row J1 "post_aut.max_lateral_color_um"
CODE V> BUF PUT B1 I^row J2 ^post_aut_max_lateral_color_um
CODE V> BUF PUT B1 I^row J1 "post_aut.max_rms_spot_diameter_um"
CODE V> BUF PUT B1 I^row J2 ^post_aut_max_rms_spot_diameter_um
CODE V> BUF PUT B1 I^row J1 "post_aut.max_rms_wavefront_error_waves"
CODE V> BUF PUT B1 I^row J2 ^post_aut_max_rms_wavefront_error_waves
CODE V> BUF PUT B1 I^row J1 "post_aut.max_distortion_pct"
CODE V> BUF PUT B1 I^row J2 ^post_aut_max_distortion_pct
CODE V> BUF PUT B1 I^row J1 "post_aut.fno"
CODE V> BUF PUT B1 I^row J2 ^post_aut_fno
CODE V> BUF PUT B1 I^row J1 "post_aut.epd_mm"
CODE V> BUF PUT B1 I^row J2 ^post_aut_epd
CODE V> BUF PUT B1 I^row J1 "post_aut.maximh_mm"
CODE V> BUF PUT B1 I^row J2 ^post_aut_maximh
CODE V> BUF PUT B1 I^row J1 "efl_target_deviation_pct"
CODE V> BUF PUT B1 I^row J2 ^efl_target_dev_pct
CODE V> BUF PUT B1 I^row J1 "aut_converged"
CODE V> BUF PUT B1 I^row J2 ^aut_converged
CODE V> BUF EXP B1 "D:\atelier-wt-c\.planning\loop\p15-stageb-evidence\ladder-pilot-2026-07-11\US-20260160979-A1-e3\rung2_fno0229\atelier_codev_target_A_vig0000.tsv"
     Buffer B1 exported to file atelier_codev_target_A_vig0000.tsv
CODE V> BUF DEL B1
CODE V> OUT YES
CODE V> EXI YES
     EXI                                                                              11-Jul-26  11H 31M 46S
                                                 CODE V PC  Version: 11.5             CPU clock:  0H  0M  2S
