  
  
                                   Welcome to
  
                                   C O D E   V
  
                                PC  Version 11.5
                                   Build 27302701
  
                                   11-Jul-2026
  
                            A proprietary product of
  
                              SYNOPSYS, INC
                              Pasadena, California
  
CODE V> OUT NO
     Radius input/output mode
  
    Lens data created by Zemax version 210628
  
    Zemax command MODE ignored
    Zemax command AUTH ignored
    Zemax command PFIL ignored
    Zemax command LANG ignored
     WARNING - Glass catalog list not used.
     WARNING - Ray aiming not used.
     WARNING - Pupil shift for ray aiming not used.
    Zemax command SDMA ignored
    Zemax command OMMA ignored
    Zemax command HYPR ignored
     WARNING - Vignetting angles not used.
    Zemax command XAIM ignored
    Zemax command YAIM ignored
    Zemax command ZAIM ignored
    Zemax command POLS ignored
    Zemax command GLRS ignored
    Zemax command GSTD ignored
    Zemax command NSCD ignored
    Zemax command COFN ignored
    Zemax command COFN ignored
    Zemax command LUID ignored
  
     Surface pointer = OBJ
    Zemax command SSID ignored.
    Zemax surface type  STANDARD
    CODE V surface type SPH
    Zemax command FIMP ignored.
     WARNING - Hiding of rays not used.
    Zemax command MIRR ignored.
    Zemax command SLAB ignored.
    Zemax command MEMA ignored.
    Zemax command POPS ignored.
  
     Surface pointer = 1
    Zemax command SSID ignored.
    Zemax surface type  STANDARD
    CODE V surface type SPH
    Zemax command FIMP ignored.
     WARNING - Hiding of rays not used.
    Zemax command MIRR ignored.
    Zemax command SLAB ignored.
     WARNING - Partial dispersion of model glass not used.
    Zemax command MEMA ignored.
    Zemax command POPS ignored.
  
     Surface pointer = 2
    Zemax command SSID ignored.
    Zemax surface type  STANDARD
    CODE V surface type SPH
    Zemax command FIMP ignored.
     WARNING - Hiding of rays not used.
    Zemax command MIRR ignored.
    Zemax command SLAB ignored.
    Zemax command MEMA ignored.
    Zemax command POPS ignored.
  
     Surface pointer = 3
    Zemax command SSID ignored.
    Zemax surface type  STANDARD
    CODE V surface type SPH
    Zemax command FIMP ignored.
     WARNING - Hiding of rays not used.
    Zemax command MIRR ignored.
    Zemax command SLAB ignored.
    Zemax command MEMA ignored.
    Zemax command POPS ignored.
  
     Surface pointer = 4
    Zemax command SSID ignored.
    Zemax surface type  STANDARD
    CODE V surface type SPH
    Zemax command FIMP ignored.
     WARNING - Hiding of rays not used.
    Zemax command MIRR ignored.
    Zemax command SLAB ignored.
    Zemax command MEMA ignored.
    Zemax command POPS ignored.
  
     Surface pointer = 5
    Zemax command SSID ignored.
    Zemax surface type  EVENASPH
    CODE V surface type ASP
    Zemax command FIMP ignored.
     WARNING - Hiding of rays not used.
    Zemax command MIRR ignored.
    Zemax command SLAB ignored.
     WARNING - Partial dispersion of model glass not used.
    Zemax command MEMA ignored.
    Zemax command POPS ignored.
  
     Surface pointer = 6
    Zemax command SSID ignored.
    Zemax surface type  EVENASPH
    CODE V surface type ASP
    Zemax command FIMP ignored.
     WARNING - Hiding of rays not used.
    Zemax command MIRR ignored.
    Zemax command SLAB ignored.
    Zemax command MEMA ignored.
    Zemax command POPS ignored.
  
     Surface pointer = 7
    Zemax command SSID ignored.
    Zemax surface type  EVENASPH
    CODE V surface type ASP
    Zemax command FIMP ignored.
     WARNING - Hiding of rays not used.
    Zemax command MIRR ignored.
    Zemax command SLAB ignored.
     WARNING - Partial dispersion of model glass not used.
    Zemax command MEMA ignored.
    Zemax command POPS ignored.
  
     Surface pointer = 8
    Zemax command SSID ignored.
    Zemax surface type  XASPHERE
    CODE V surface type SPS ODD
    Zemax command FIMP ignored.
     WARNING - Hiding of rays not used.
    Zemax command MIRR ignored.
    Zemax command SLAB ignored.
     WARNING - Maximum term number not used.
    Zemax command MEMA ignored.
    Zemax command POPS ignored.
  
     Surface pointer = 9
    Zemax command SSID ignored.
    Zemax surface type  XASPHERE
    CODE V surface type SPS ODD
    Zemax command FIMP ignored.
     WARNING - Hiding of rays not used.
    Zemax command MIRR ignored.
    Zemax command SLAB ignored.
     WARNING - Maximum term number not used.
    Zemax command MEMA ignored.
    Zemax command POPS ignored.
  
     Surface pointer = 10
    Zemax command SSID ignored.
    Zemax surface type  XASPHERE
    CODE V surface type SPS ODD
    Zemax command FIMP ignored.
     WARNING - Hiding of rays not used.
    Zemax command MIRR ignored.
    Zemax command SLAB ignored.
     WARNING - Maximum term number not used.
    Zemax command MEMA ignored.
    Zemax command POPS ignored.
  
     Surface pointer = 11
    Zemax command SSID ignored.
    Zemax surface type  XASPHERE
    CODE V surface type SPS ODD
    Zemax command FIMP ignored.
     WARNING - Hiding of rays not used.
    Zemax command MIRR ignored.
    Zemax command SLAB ignored.
     WARNING - Maximum term number not used.
    Zemax command MEMA ignored.
    Zemax command POPS ignored.
  
     Surface pointer = 12
    Zemax command SSID ignored.
    Zemax surface type  XASPHERE
    CODE V surface type SPS ODD
    Zemax command FIMP ignored.
     WARNING - Hiding of rays not used.
    Zemax command MIRR ignored.
    Zemax command SLAB ignored.
     WARNING - Maximum term number not used.
    Zemax command MEMA ignored.
    Zemax command POPS ignored.
  
     Surface pointer = 13
    Zemax command SSID ignored.
    Zemax surface type  XASPHERE
    CODE V surface type SPS ODD
    Zemax command FIMP ignored.
     WARNING - Hiding of rays not used.
    Zemax command MIRR ignored.
    Zemax command SLAB ignored.
     WARNING - Maximum term number not used.
    Zemax command MEMA ignored.
    Zemax command POPS ignored.
  
     Surface pointer = 14
    Zemax command SSID ignored.
    Zemax surface type  XASPHERE
    CODE V surface type SPS ODD
    Zemax command FIMP ignored.
     WARNING - Hiding of rays not used.
    Zemax command MIRR ignored.
    Zemax command SLAB ignored.
     WARNING - Maximum term number not used.
    Zemax command MEMA ignored.
    Zemax command POPS ignored.
  
     Surface pointer = 15
    Zemax command SSID ignored.
    Zemax surface type  STANDARD
    CODE V surface type SPH
    Zemax command FIMP ignored.
     WARNING - Hiding of rays not used.
    Zemax command MIRR ignored.
    Zemax command SLAB ignored.
     WARNING - Partial dispersion of model glass not used.
    Zemax command MEMA ignored.
    Zemax command POPS ignored.
  
     Surface pointer = 16
    Zemax command SSID ignored.
    Zemax surface type  STANDARD
    CODE V surface type SPH
    Zemax command FIMP ignored.
     WARNING - Hiding of rays not used.
    Zemax command MIRR ignored.
    Zemax command SLAB ignored.
    Zemax command MEMA ignored.
    Zemax command POPS ignored.
  
     Surface pointer = IMG
    Zemax command SSID ignored.
    Zemax surface type  STANDARD
    CODE V surface type SPH
    Zemax command FIMP ignored.
     WARNING - Hiding of rays not used.
    Zemax command MIRR ignored.
    Zemax command SLAB ignored.
    Zemax command MEMA ignored.
    Zemax command POPS ignored.
  
     WARNING - Please check the converted lens carefully.
               Some information will not be converted.
               Changes in either CODE V or ZEMAX may invalidate
               the converted information.
               Due to differences between CODE V and ZEMAX ray
               aiming and vignetting factors, it is recommended
               that you set vignetting for the converted system.
  
               A concise listing of conversion warnings appears
               in the Tabbed Output Window 'Info' tab and in the
               Command Window.
  
CODE V> DEF VAR SA
 
 
CODE V> FNO 1.86433950357232
CODE V> VUY 0 0.2 0.2
CODE V> VLY 0 0.2 0.2
CODE V> VUX 0 0.2 0.2
CODE V> VLX 0 0.2 0.2
 
 
CODE V> AUT
     AUT                                                                              11-Jul-26  14H 23M 28S
                                                 CODE V PC  Version: 11.5             CPU clock:  0H  0M  1S
     ***Defocussing frozen to eliminate redundant variable
AUT>   SUR N
AUT>   CHG SA
AUT>   WFR Y
AUT>   WTF FA 10
AUT>   EFL = 2.40859727258987
AUT>   @atelier_latcolor == @lcum(1)
AUT>   @atelier_latcolor = 0
AUT>   WTC 0.01
AUT>   @atelier_rmsspot == @rmssum(1)
AUT>   @atelier_rmsspot = 0
AUT>   WTC 0.001
AUT>   MNT 0.025
AUT>   MNE 0.025
AUT>   MXT 10
AUT>   MNA 0.001
AUT>   MXC 25
AUT>   MNC 3
AUT>   IMP 0.001
AUT> GO
 -------------------------------------------------------------------------------
  
       USER CONSTRAINT DEFINITIONS
            @atelier_rmsspot == @rmssum(1)
  
            @atelier_latcolor == @lcum(1)
  
  
  
       POTENTIALLY ACTIVE SPECIFIC CONSTRAINTS
         EFL                                  =       2.408597
         @ATELIER_LATCOLOR                    =       0.000000     (WTC =    0.01000)
         @ATELIER_RMSSPOT                     =       0.000000     (WTC =    0.00100)
  
       GENERAL CONSTRAINTS
         MXT      10.000000
         MNT       0.025000
         MNE       0.025000
         MNA       0.001000
         MAE       0.002500
         GLA               NFK5  NSK16  NLAF2  SF4
  
       ERROR FUNCTION CONSTRUCTION
         WFR        Y
         WTW       1          1          1          1          1
         WTA       0.000000
         DEL       0.220000
         WTX F1   10.000000
         WTX F2   10.000000
         WTX F3   10.000000
         WTY F1   10.000000
         WTY F2   10.000000
         WTY F3   10.000000
  
       CONVERGENCE CONTROLS
         MXC        25
         MNC         3
         TAR       0.000000
         IMP       0.001000
  
       OUTPUT CONTROLS
         SUR NO
         CHG S0..17
  
     Recommendations for most stable convergence:
  
       Use object space aperture specifications:
       - NAO for finite conjugate systems
       - EPD for infinite conjugate systems
  
       VARIABLE LIST
  
         NO      PARAMETERS *
          1      CUY S2       CUY S5
          2      CUY S5       CUY S6       CUY S7
          3      CUY S6       CUY S7
          4      CUY S7
          5      A   S5
          6      A   S6
          7      A   S7
          8      THI S2
          9      THI S4
         10      THI S6
         11      THI S8
         12      THI S10
         13      THI S12
         14      THI S14
         15      THI S16
  
     * Multiple entries on a line are composite variables.
     Composite variables are either program-generated bendings
     or user-requested couplings.
  
      15 VARIABLES
  
      15 CONSTRAINTS CAN BE ACTIVE
  
     RELATIVE TIME PER CYCLE IS  221.0 UNITS
     WARNING - The macro function SPOTDATA is not supported on multiple threads.
               CODE V will set the multiple processor setting (MPP) to 1 to prevent errors.
               Please refer to the CODE V Setup and Operation Reference Manual for a complete list
               of pre-defined macro functions that are currently limited to running on a single thread.
  
 CYCLE NUMBER 0:
  
  ABERR F. =        0.20688352
  CONST F. =      442.30408916
  ERR. F.  =      442.51097268
  
  OPD     0.26348181     0.11038880     0.17149294
  WAV     0.31235476     0.12669401     0.17935911
  
  
  
  Parameter                 Value            Change
  CUY S2               -5.15463918E-03      0.00E+00
  CUY S5                4.88042948E-01      0.00E+00
  CUY S6               -5.47267493E-03      0.00E+00
  CUY S7                2.97601333E-02      0.00E+00
  A   S5               -7.54068000E-02      0.00E+00
  A   S6               -2.24360000E-01      0.00E+00
  A   S7               -5.63451000E-01      0.00E+00
  THI S2                1.50000000E-01      0.00E+00
  THI S4               -5.50000000E-02      0.00E+00
  THI S6                2.31000000E-01      0.00E+00
  THI S8                9.80000000E-02      0.00E+00
  THI S10               5.00000000E-02      0.00E+00
  THI S12               9.70000000E-02      0.00E+00
  THI S14               3.86000000E-01      0.00E+00
  THI S16               4.75000000E-01      0.00E+00
  
        EFL          REDU         PIM          OAL         EN PUP       EX PUP
      2.406151     0.000000     0.424878     4.327000     0.729101    -2.085399
  
  Specific Constraints:        target        value         diff      active (**)
  EFL                    =   2.40860E+00   2.40615E+00  -2.446E-03    **
  
  Weighted Constraints:        target        value        WTC/PTC     contrib
  @ATELIER_LATCOLOR      =   0.00000E+00   1.69873E+00   1.000E-02   2.886E+02
  @ATELIER_RMSSPOT       =   0.00000E+00   1.23990E+01   1.000E-03   1.537E+02
  
  Constraints added:      EFL (=)                     Mn CT S4 (>)
 RAY ERROR: MISS  9
  
 CYCLE NUMBER 1:
  
  ABERR F. =        0.20459800
  CONST F. =      387.29332618
  ERR. F.  =      387.49792418       (change =      -55.01304850)
  
  OPD     0.11458165     0.23933839     0.19256776
  WAV     0.12994147     0.28355284     0.21536224
  
  
  
  Parameter                 Value            Change
  CUY S2               -1.77739171E-02     -1.26E-02
  CUY S5                4.80114134E-01     -7.93E-03
  CUY S6               -8.82637031E-04      4.59E-03
  CUY S7                2.95753509E-02     -1.85E-04
  A   S5               -7.70432106E-02     -1.64E-03
  A   S6               -2.20906509E-01      3.45E-03
  A   S7               -5.65380737E-01     -1.93E-03
  THI S2                1.16196639E-01     -3.38E-02
  THI S4               -2.70000000E-02      2.80E-02
  THI S6                2.33795483E-01      2.80E-03
  THI S8                1.02420041E-01      4.42E-03
  THI S10               5.76152092E-02      7.62E-03
  THI S12               8.56553225E-02     -1.13E-02
  THI S14               3.88360625E-01      2.36E-03
  THI S16               4.77360625E-01      2.36E-03
  
        EFL          REDU         PIM          OAL         EN PUP       EX PUP
      2.407251     0.000000     0.418904     4.327043     0.695458    -2.122519
  
  Active Constraints -   2:    target        value         diff        cost
  EFL                    =   2.40860E+00   2.40725E+00  -1.346E-03  -2.361E-03
  Mn CT S4                                                          -4.895E-03
  
  Weighted Constraints:        target        value        WTC/PTC     contrib
  @ATELIER_LATCOLOR      =   0.00000E+00   8.60758E-01   1.000E-02   7.409E+01
  @ATELIER_RMSSPOT       =   0.00000E+00   1.76975E+01   1.000E-03   3.132E+02
  
 CYCLE NUMBER 2:
  
  ABERR F. =        0.19699530
  CONST F. =      382.63535990
  ERR. F.  =      382.83235520       (change =       -4.66556898)
  
  OPD     0.18746331     0.18604322     0.17312504
  WAV     0.20511338     0.23657754     0.18728482
  
  
  
  Parameter                 Value            Change
  CUY S2               -1.68306950E-02      9.43E-04
  CUY S5                4.81285275E-01      1.17E-03
  CUY S6               -2.72670368E-03     -1.84E-03
  CUY S7                2.74713246E-02     -2.10E-03
  A   S5               -7.66355834E-02      4.08E-04
  A   S6               -2.21325037E-01     -4.19E-04
  A   S7               -5.64776962E-01      6.04E-04
  THI S2                9.67702749E-02     -1.94E-02
  THI S4                1.00000000E-03      2.80E-02
  THI S6                2.32805074E-01     -9.90E-04
  THI S8                1.01474438E-01     -9.46E-04
  THI S10               5.72532184E-02     -3.62E-04
  THI S12               8.40653249E-02     -1.59E-03
  THI S14               3.92613025E-01      4.25E-03
  THI S16               4.81613025E-01      4.25E-03
  
        EFL          REDU         PIM          OAL         EN PUP       EX PUP
      2.408597     0.000000     0.417552     4.335981     0.675961    -2.154836
  
  Active Constraints -   2:    target        value         diff        cost
  EFL                    =   2.40860E+00   2.40860E+00  -2.465E-08   1.095E-02
  Mn CT S4                                                          -3.707E-03
  
  Weighted Constraints:        target        value        WTC/PTC     contrib
  @ATELIER_LATCOLOR      =   0.00000E+00   1.28903E+00   1.000E-02   1.662E+02
  @ATELIER_RMSSPOT       =   0.00000E+00   1.47131E+01   1.000E-03   2.165E+02
  
  Constraints released:   Mn CT S4 (>)
  
 CYCLE NUMBER 3:
  
  ABERR F. =        0.28341496
  CONST F. =      364.16565906
  ERR. F.  =      364.44907402       (change =      -18.38328118)
  
  OPD     0.37053854     0.18011242     0.21982892
  WAV     0.39711474     0.22972422     0.23109920
  
  
  
  Parameter                 Value            Change
  CUY S2               -1.65580426E-02      2.73E-04
  CUY S5                4.81761176E-01      4.76E-04
  CUY S6               -2.13673668E-03      5.90E-04
  CUY S7                2.77853979E-02      3.14E-04
  A   S5               -7.58481784E-02      7.87E-04
  A   S6               -2.22010300E-01     -6.85E-04
  A   S7               -5.64833615E-01     -5.67E-05
  THI S2                1.08786657E-01      1.20E-02
  THI S4                1.40090311E-03      4.01E-04
  THI S6                2.33211184E-01      4.06E-04
  THI S8                1.01652646E-01      1.78E-04
  THI S10               5.77585505E-02      5.05E-04
  THI S12               8.35337360E-02     -5.32E-04
  THI S14               3.95438437E-01      2.83E-03
  THI S16               4.84438437E-01      2.83E-03
  
        EFL          REDU         PIM          OAL         EN PUP       EX PUP
      2.408593     0.000000     0.414257     4.351782     0.688007    -2.158658
  
  Active Constraints -   1:    target        value         diff        cost
  EFL                    =   2.40860E+00   2.40859E+00  -4.091E-06   5.095E-03
  
  Weighted Constraints:        target        value        WTC/PTC     contrib
  @ATELIER_LATCOLOR      =   0.00000E+00   1.12950E+00   1.000E-02   1.276E+02
  @ATELIER_RMSSPOT       =   0.00000E+00   1.53814E+01   1.000E-03   2.366E+02
  
  Constraints added:      Mn CT S4 (>)
  
 CYCLE NUMBER 4:
  
  ABERR F. =        0.24417798
  CONST F. =      334.44953023
  ERR. F.  =      334.69370821       (change =      -29.75536581)
  
  OPD     0.27471934     0.21087831     0.19927976
  WAV     0.29265437     0.25893190     0.21305445
  
  
  
  Parameter                 Value            Change
  CUY S2               -1.62620160E-02      2.96E-04
  CUY S5                4.82248898E-01      4.88E-04
  CUY S6               -1.53612203E-03      6.01E-04
  CUY S7                2.80881783E-02      3.03E-04
  A   S5               -7.64217722E-02     -5.74E-04
  A   S6               -2.21002636E-01      1.01E-03
  A   S7               -5.65553666E-01     -7.20E-04
  THI S2                1.10420484E-01      1.63E-03
  THI S4                1.00000000E-03     -4.01E-04
  THI S6                2.33610494E-01      3.99E-04
  THI S8                1.01823842E-01      1.71E-04
  THI S10               5.79591550E-02      2.01E-04
  THI S12               8.35558156E-02      2.21E-05
  THI S14               3.95239445E-01     -1.99E-04
  THI S16               4.84239445E-01     -1.99E-04
  
        EFL          REDU         PIM          OAL         EN PUP       EX PUP
      2.408597     0.000000     0.414014     4.353609     0.689642    -2.158754
  
  Active Constraints -   2:    target        value         diff        cost
  EFL                    =   2.40860E+00   2.40860E+00  -2.811E-11  -1.279E-03
  Mn CT S4                                                          -2.024E-03
  
  Weighted Constraints:        target        value        WTC/PTC     contrib
  @ATELIER_LATCOLOR      =   0.00000E+00   1.03024E+00   1.000E-02   1.061E+02
  @ATELIER_RMSSPOT       =   0.00000E+00   1.51099E+01   1.000E-03   2.283E+02
  
 CYCLE NUMBER 5:
  
  ABERR F. =        0.29044832
  CONST F. =      323.53325657
  ERR. F.  =      323.82370489       (change =      -10.87000332)
  
  OPD     0.37967263     0.19242326     0.22248871
  WAV     0.40388475     0.23970293     0.23431121
  
  
  
  Parameter                 Value            Change
  CUY S2               -1.60885535E-02      1.73E-04
  CUY S5                4.82507402E-01      2.59E-04
  CUY S6               -1.15879054E-03      3.77E-04
  CUY S7                2.83059521E-02      2.18E-04
  A   S5               -7.56598235E-02      7.62E-04
  A   S6               -2.21436434E-01     -4.34E-04
  A   S7               -5.65535785E-01      1.79E-05
  THI S2                1.11310778E-01      8.90E-04
  THI S4                1.00000000E-03      2.17E-19
  THI S6                2.33739807E-01      1.29E-04
  THI S8                1.01848292E-01      2.45E-05
  THI S10               5.80560593E-02      9.69E-05
  THI S12               8.35177527E-02     -3.81E-05
  THI S14               3.96421722E-01      1.18E-03
  THI S16               4.85421722E-01      1.18E-03
  
        EFL          REDU         PIM          OAL         EN PUP       EX PUP
      2.408597     0.000000     0.412750     4.355894     0.690532    -2.160139
  
  Active Constraints -   2:    target        value         diff        cost
  EFL                    =   2.40860E+00   2.40860E+00  -2.033E-07   7.324E-03
  Mn CT S4                                                          -2.683E-03
  
  Weighted Constraints:        target        value        WTC/PTC     contrib
  @ATELIER_LATCOLOR      =   0.00000E+00   9.93152E-01   1.000E-02   9.864E+01
  @ATELIER_RMSSPOT       =   0.00000E+00   1.49966E+01   1.000E-03   2.249E+02
  
 CYCLE NUMBER 6:
  
  ABERR F. =        0.27550919
  CONST F. =      319.98425637
  ERR. F.  =      320.25976556       (change =       -3.56393934)
  
  OPD     0.34487879     0.20230625     0.21653564
  WAV     0.36571133     0.24976471     0.22923308
  
  
  
  Parameter                 Value            Change
  CUY S2               -1.60300221E-02      5.85E-05
  CUY S5                4.82583082E-01      7.57E-05
  CUY S6               -1.05172103E-03      1.07E-04
  CUY S7                2.83782558E-02      7.23E-05
  A   S5               -7.58486269E-02     -1.89E-04
  A   S6               -2.20905320E-01      5.31E-04
  A   S7               -5.65607290E-01     -7.15E-05
  THI S2                1.12196937E-01      8.86E-04
  THI S4                1.00000000E-03     -2.17E-19
  THI S6                2.33786087E-01      4.63E-05
  THI S8                1.01861435E-01      1.31E-05
  THI S10               5.80746303E-02      1.86E-05
  THI S12               8.35357226E-02      1.80E-05
  THI S14               3.96444940E-01      2.32E-05
  THI S16               4.85444940E-01      2.32E-05
  
        EFL          REDU         PIM          OAL         EN PUP       EX PUP
      2.408597     0.000000     0.412676     4.356900     0.691420    -2.160255
  
  Active Constraints -   2:    target        value         diff        cost
  EFL                    =   2.40860E+00   2.40860E+00  -2.136E-13   2.963E-03
  Mn CT S4                                                          -2.693E-03
  
  Weighted Constraints:        target        value        WTC/PTC     contrib
  @ATELIER_LATCOLOR      =   0.00000E+00   9.79970E-01   1.000E-02   9.603E+01
  @ATELIER_RMSSPOT       =   0.00000E+00   1.49650E+01   1.000E-03   2.240E+02
  
 CYCLE NUMBER 7:
  
  ABERR F. =        0.29926547
  CONST F. =      317.34810316
  ERR. F.  =      317.64736863       (change =       -2.61239693)
  
  OPD     0.39624919     0.19235686     0.22748060
  WAV     0.42075641     0.23929876     0.23936805
  
  
  
  Parameter                 Value            Change
  CUY S2               -1.59374974E-02      9.25E-05
  CUY S5                4.82715778E-01      1.33E-04
  CUY S6               -8.55842644E-04      1.96E-04
  CUY S7                2.84994354E-02      1.21E-04
  A   S5               -7.53736247E-02      4.75E-04
  A   S6               -2.21225789E-01     -3.20E-04
  A   S7               -5.65630523E-01     -2.32E-05
  THI S2                1.13068639E-01      8.72E-04
  THI S4                1.00000000E-03      2.17E-19
  THI S6                2.33846311E-01      6.02E-05
  THI S8                1.01872370E-01      1.09E-05
  THI S10               5.81044305E-02      2.98E-05
  THI S12               8.35470527E-02      1.13E-05
  THI S14               3.96744480E-01      3.00E-04
  THI S16               4.85744480E-01      3.00E-04
  
        EFL          REDU         PIM          OAL         EN PUP       EX PUP
      2.408597     0.000000     0.412328     4.358183     0.692293    -2.160665
  
  Active Constraints -   2:    target        value         diff        cost
  EFL                    =   2.40860E+00   2.40860E+00  -1.461E-13   5.897E-03
  Mn CT S4                                                          -2.690E-03
  
  Weighted Constraints:        target        value        WTC/PTC     contrib
  @ATELIER_LATCOLOR      =   0.00000E+00   9.67399E-01   1.000E-02   9.359E+01
  @ATELIER_RMSSPOT       =   0.00000E+00   1.49587E+01   1.000E-03   2.238E+02
  
  Constraints released:   Mn CT S4 (>)
  Constraints released:   Mn CT S4 (>)
  
 CYCLE NUMBER 8:
  
  ABERR F. =        0.28517975
  CONST F. =      314.30528377
  ERR. F.  =      314.59046352       (change =       -3.05690511)
  
  OPD     0.36439081     0.20126556     0.22183170
  WAV     0.38580356     0.24832542     0.23442964
  
  
  
  Parameter                 Value            Change
  CUY S2               -1.58808608E-02      5.66E-05
  CUY S5                4.82789822E-01      7.40E-05
  CUY S6               -7.47744813E-04      1.08E-04
  CUY S7                2.85713036E-02      7.19E-05
  A   S5               -7.55209311E-02     -1.47E-04
  A   S6               -2.20726930E-01      4.99E-04
  A   S7               -5.65695674E-01     -6.52E-05
  THI S2                1.13692504E-01      6.24E-04
  THI S4                1.06902058E-03      6.90E-05
  THI S6                2.33887075E-01      4.08E-05
  THI S8                1.01883414E-01      1.10E-05
  THI S10               5.81207092E-02      1.63E-05
  THI S12               8.35667812E-02      1.97E-05
  THI S14               3.96755995E-01      1.15E-05
  THI S16               4.85755995E-01      1.15E-05
  
        EFL          REDU         PIM          OAL         EN PUP       EX PUP
      2.408597     0.000000     0.412273     4.358975     0.692917    -2.160840
  
  Active Constraints -   1:    target        value         diff        cost
  EFL                    =   2.40860E+00   2.40860E+00  -4.506E-08   2.708E-03
  
  Weighted Constraints:        target        value        WTC/PTC     contrib
  @ATELIER_LATCOLOR      =   0.00000E+00   9.57536E-01   1.000E-02   9.169E+01
  @ATELIER_RMSSPOT       =   0.00000E+00   1.49204E+01   1.000E-03   2.226E+02
  
  Constraints added:      Mn CT S4 (>)
  
 CYCLE NUMBER 9:
  
  ABERR F. =        0.40381370
  CONST F. =      240.77701438
  ERR. F.  =      241.18082808       (change =      -73.40963543)
  
  OPD     0.56702942     0.24741403     0.26588502
  WAV     0.60558538     0.28647973     0.27596710
  
  
  
  Parameter                 Value            Change
  CUY S2               -1.38461530E-02      2.03E-03
  CUY S5                4.85642781E-01      2.85E-03
  CUY S6                3.60019105E-03      4.35E-03
  CUY S7                3.13234081E-02      2.75E-03
  A   S5               -8.24996618E-02     -6.98E-03
  A   S6               -2.28375743E-01     -7.65E-03
  A   S7               -5.66287444E-01     -5.92E-04
  THI S2                1.31434264E-01      1.77E-02
  THI S4                1.00000000E-03     -6.90E-05
  THI S6                2.35053846E-01      1.17E-03
  THI S8                1.02067322E-01      1.84E-04
  THI S10               5.86388052E-02      5.18E-04
  THI S12               8.39901327E-02      4.23E-04
  THI S14               4.02169443E-01      5.41E-03
  THI S16               4.91169443E-01      5.41E-03
  
        EFL          REDU         PIM          OAL         EN PUP       EX PUP
      2.408549     0.000000     0.405965     4.384354     0.710675    -2.168436
  
  Active Constraints -   2:    target        value         diff        cost
  EFL                    =   2.40860E+00   2.40855E+00  -4.795E-05   4.385E-03
  Mn CT S4                                                          -2.074E-03
  
  Weighted Constraints:        target        value        WTC/PTC     contrib
  @ATELIER_LATCOLOR      =   0.00000E+00   7.37511E-01   1.000E-02   5.439E+01
  @ATELIER_RMSSPOT       =   0.00000E+00   1.36523E+01   1.000E-03   1.864E+02
  
 CYCLE NUMBER 10:
  
  ABERR F. =        0.44800572
  CONST F. =      235.22371858
  ERR. F.  =      235.67172430       (change =       -5.50910378)
  
  OPD     0.64457201     0.24141570     0.29361614
  WAV     0.68857489     0.27828269     0.30448818
  
  
  
  Parameter                 Value            Change
  CUY S2               -1.37264633E-02      1.20E-04
  CUY S5                4.85747451E-01      1.05E-04
  CUY S6                3.50135782E-03     -9.88E-05
  CUY S7                3.12108465E-02     -1.13E-04
  A   S5               -8.22016590E-02      2.98E-04
  A   S6               -2.28815044E-01     -4.39E-04
  A   S7               -5.66231943E-01      5.55E-05
  THI S2                1.31176135E-01     -2.58E-04
  THI S4                1.00000000E-03      4.34E-19
  THI S6                2.35049498E-01     -4.35E-06
  THI S8                1.02056740E-01     -1.06E-05
  THI S10               5.87103136E-02      7.15E-05
  THI S12               8.39422604E-02     -4.79E-05
  THI S14               4.03110324E-01      9.41E-04
  THI S16               4.92110324E-01      9.41E-04
  
        EFL          REDU         PIM          OAL         EN PUP       EX PUP
      2.408597     0.000000     0.405066     4.385045     0.710414    -2.169323
  
  Active Constraints -   2:    target        value         diff        cost
  EFL                    =   2.40860E+00   2.40860E+00  -7.594E-14   4.385E-03
  Mn CT S4                                                          -2.698E-03
  
  Weighted Constraints:        target        value        WTC/PTC     contrib
  @ATELIER_LATCOLOR      =   0.00000E+00   7.26469E-01   1.000E-02   5.278E+01
  @ATELIER_RMSSPOT       =   0.00000E+00   1.35073E+01   1.000E-03   1.824E+02
  
  Constraints released:   Mn CT S4 (>)
  Constraints released:   Mn CT S4 (>)
  
 CYCLE NUMBER 11:
  
  ABERR F. =        0.45679798
  CONST F. =      219.76782342
  ERR. F.  =      220.22462140       (change =      -15.44710290)
  
  OPD     0.66103049     0.23627806     0.30146214
  WAV     0.70380897     0.27398916     0.31289164
  
  
  
  Parameter                 Value            Change
  CUY S2               -1.34876780E-02      2.39E-04
  CUY S5                4.85986779E-01      2.39E-04
  CUY S6                3.14257380E-03     -3.59E-04
  CUY S7                3.07928737E-02     -4.18E-04
  A   S5               -8.08807254E-02      1.32E-03
  A   S6               -2.27417613E-01      1.40E-03
  A   S7               -5.66322639E-01     -9.07E-05
  THI S2                1.33921117E-01      2.74E-03
  THI S4                1.21845551E-03      2.18E-04
  THI S6                2.35043111E-01     -6.39E-06
  THI S8                1.02039866E-01     -1.69E-05
  THI S10               5.90976605E-02      3.87E-04
  THI S12               8.41055086E-02      1.63E-04
  THI S14               4.03188307E-01      7.80E-05
  THI S16               4.92188307E-01      7.80E-05
  
        EFL          REDU         PIM          OAL         EN PUP       EX PUP
      2.408596     0.000000     0.404521     4.388614     0.713162    -2.169678
  
  Active Constraints -   1:    target        value         diff        cost
  EFL                    =   2.40860E+00   2.40860E+00  -8.635E-07  -2.480E-02
  
  Weighted Constraints:        target        value        WTC/PTC     contrib
  @ATELIER_LATCOLOR      =   0.00000E+00   6.98120E-01   1.000E-02   4.874E+01
  @ATELIER_RMSSPOT       =   0.00000E+00   1.30779E+01   1.000E-03   1.710E+02
  
  Constraints added:      Mn CT S4 (>)
  Constraints released:   Mn CT S4 (>)
  Constraints released:   Mn CT S4 (>)
  
 CYCLE NUMBER 12:
  
  ABERR F. =        0.45285461
  CONST F. =      218.65494118
  ERR. F.  =      219.10779579       (change =       -1.11682561)
  
  OPD     0.65421339     0.23779653     0.29813781
  WAV     0.69666718     0.27559728     0.30941280
  
  
  
  Parameter                 Value            Change
  CUY S2               -1.35621056E-02     -7.44E-05
  CUY S5                4.85890300E-01     -9.65E-05
  CUY S6                3.24447187E-03      1.02E-04
  CUY S7                3.09165174E-02      1.24E-04
  A   S5               -8.09117651E-02     -3.10E-05
  A   S6               -2.27472726E-01     -5.51E-05
  A   S7               -5.66349231E-01     -2.66E-05
  THI S2                1.34567459E-01      6.46E-04
  THI S4                1.10674431E-03     -1.12E-04
  THI S6                2.35039739E-01     -3.37E-06
  THI S8                1.02060004E-01      2.01E-05
  THI S10               5.90820707E-02     -1.56E-05
  THI S12               8.40254032E-02     -8.01E-05
  THI S14               4.03096265E-01     -9.20E-05
  THI S16               4.92096265E-01     -9.20E-05
  
        EFL          REDU         PIM          OAL         EN PUP       EX PUP
      2.408597     0.000000     0.404699     4.388978     0.713811    -2.169462
  
  Active Constraints -   1:    target        value         diff        cost
  EFL                    =   2.40860E+00   2.40860E+00  -1.930E-12  -1.076E-02
  
  Weighted Constraints:        target        value        WTC/PTC     contrib
  @ATELIER_LATCOLOR      =   0.00000E+00   6.90697E-01   1.000E-02   4.771E+01
  @ATELIER_RMSSPOT       =   0.00000E+00   1.30747E+01   1.000E-03   1.709E+02
  
 CYCLE NUMBER 13:
  
  ABERR F. =        0.43890129
  CONST F. =      216.15805900
  ERR. F.  =      216.59696029       (change =       -2.51083551)
  
  OPD     0.63234140     0.23623706     0.28826719
  WAV     0.67228700     0.27491642     0.29915818
  
  
  
  Parameter                 Value            Change
  CUY S2               -1.33919008E-02      1.70E-04
  CUY S5                4.86006570E-01      1.16E-04
  CUY S6                3.85348217E-03      6.09E-04
  CUY S7                3.14505368E-02      5.34E-04
  A   S5               -8.07616090E-02      1.50E-04
  A   S6               -2.27084281E-01      3.88E-04
  A   S7               -5.66488367E-01     -1.39E-04
  THI S2                1.35925493E-01      1.36E-03
  THI S4                1.26575402E-03      1.59E-04
  THI S6                2.35075650E-01      3.59E-05
  THI S8                1.02072366E-01      1.24E-05
  THI S10               5.91001571E-02      1.81E-05
  THI S12               8.41226538E-02      9.73E-05
  THI S14               4.03082114E-01     -1.42E-05
  THI S16               4.92082114E-01     -1.42E-05
  
        EFL          REDU         PIM          OAL         EN PUP       EX PUP
      2.408597     0.000000     0.404815     4.390644     0.715169    -2.169834
  
  Active Constraints -   1:    target        value         diff        cost
  EFL                    =   2.40860E+00   2.40860E+00  -4.464E-07   4.227E-03
  
  Weighted Constraints:        target        value        WTC/PTC     contrib
  @ATELIER_LATCOLOR      =   0.00000E+00   6.87987E-01   1.000E-02   4.733E+01
  @ATELIER_RMSSPOT       =   0.00000E+00   1.29933E+01   1.000E-03   1.688E+02
  
  Constraints added:      Mn CT S4 (>)
  Constraints released:   Mn CT S4 (>)
  
 CYCLE NUMBER 14:
  
  ABERR F. =        0.43896559
  CONST F. =      214.96935736
  ERR. F.  =      215.40832295       (change =       -1.18863734)
  
  OPD     0.63209364     0.23711937     0.28836219
  WAV     0.67204405     0.27577274     0.29921596
  
  
  
  Parameter                 Value            Change
  CUY S2               -1.33573060E-02      3.46E-05
  CUY S5                4.86060149E-01      5.36E-05
  CUY S6                3.94736623E-03      9.39E-05
  CUY S7                3.15061923E-02      5.57E-05
  A   S5               -8.10097531E-02     -2.48E-04
  A   S6               -2.27252304E-01     -1.68E-04
  A   S7               -5.66479572E-01      8.80E-06
  THI S2                1.35909491E-01     -1.60E-05
  THI S4                1.00718444E-03     -2.59E-04
  THI S6                2.35074449E-01     -1.20E-06
  THI S8                1.02068605E-01     -3.76E-06
  THI S10               5.90990461E-02     -1.11E-06
  THI S12               8.41323339E-02      9.68E-06
  THI S14               4.03224546E-01      1.42E-04
  THI S16               4.92224546E-01      1.42E-04
  
        EFL          REDU         PIM          OAL         EN PUP       EX PUP
      2.408597     0.000000     0.404691     4.390516     0.715153    -2.169686
  
  Active Constraints -   1:    target        value         diff        cost
  EFL                    =   2.40860E+00   2.40860E+00  -3.553E-15   6.567E-03
  
  Weighted Constraints:        target        value        WTC/PTC     contrib
  @ATELIER_LATCOLOR      =   0.00000E+00   6.83540E-01   1.000E-02   4.672E+01
  @ATELIER_RMSSPOT       =   0.00000E+00   1.29710E+01   1.000E-03   1.682E+02
  
 CYCLE NUMBER 15:
  
  ABERR F. =        0.44888149
  CONST F. =      213.00701564
  ERR. F.  =      213.45589713       (change =       -1.95242582)
  
  OPD     0.65009165     0.23403998     0.29398968
  WAV     0.69144614     0.27206222     0.30500510
  
  
  
  Parameter                 Value            Change
  CUY S2               -1.33280944E-02      2.92E-05
  CUY S5                4.86078882E-01      1.87E-05
  CUY S6                4.00799300E-03      6.06E-05
  CUY S7                3.15596306E-02      5.34E-05
  A   S5               -8.08859598E-02      1.24E-04
  A   S6               -2.27384600E-01     -1.32E-04
  A   S7               -5.66471960E-01      7.61E-06
  THI S2                1.35980452E-01      7.10E-05
  THI S4                1.02669514E-03      1.95E-05
  THI S6                2.35073314E-01     -1.13E-06
  THI S8                1.02065309E-01     -3.30E-06
  THI S10               5.91083267E-02      9.28E-06
  THI S12               8.41404686E-02      8.13E-06
  THI S14               4.03347060E-01      1.23E-04
  THI S16               4.92347060E-01      1.23E-04
  
        EFL          REDU         PIM          OAL         EN PUP       EX PUP
      2.408597     0.000000     0.404586     4.390742     0.715223    -2.169840
  
  Active Constraints -   1:    target        value         diff        cost
  EFL                    =   2.40860E+00   2.40860E+00   3.153E-14   3.038E-03
  
  Weighted Constraints:        target        value        WTC/PTC     contrib
  @ATELIER_LATCOLOR      =   0.00000E+00   6.84777E-01   1.000E-02   4.689E+01
  @ATELIER_RMSSPOT       =   0.00000E+00   1.28886E+01   1.000E-03   1.661E+02
  
  Constraints added:      Mn CT S4 (>)
  
 CYCLE NUMBER 16:
  
  ABERR F. =        0.45144491
  CONST F. =      212.41321876
  ERR. F.  =      212.86466367       (change =       -0.59123346)
  
  OPD     0.65483527     0.23291135     0.29551122
  WAV     0.69651321     0.27075243     0.30658395
  
  
  
  Parameter                 Value            Change
  CUY S2               -1.33211846E-02      6.91E-06
  CUY S5                4.86088782E-01      9.90E-06
  CUY S6                4.03074792E-03      2.28E-05
  CUY S7                3.15748210E-02      1.52E-05
  A   S5               -8.08049776E-02      8.10E-05
  A   S6               -2.27379383E-01      5.22E-06
  A   S7               -5.66471736E-01      2.23E-07
  THI S2                1.35970187E-01     -1.03E-05
  THI S4                1.00000000E-03     -2.67E-05
  THI S6                2.35073229E-01     -8.48E-08
  THI S8                1.02064754E-01     -5.55E-07
  THI S10               5.91083104E-02     -1.63E-08
  THI S12               8.41426943E-02      2.23E-06
  THI S14               4.03365227E-01      1.82E-05
  THI S16               4.92365227E-01      1.82E-05
  
        EFL          REDU         PIM          OAL         EN PUP       EX PUP
      2.408597     0.000000     0.404573     4.390724     0.715213    -2.169831
  
  Active Constraints -   2:    target        value         diff        cost
  EFL                    =   2.40860E+00   2.40860E+00   1.066E-14   5.932E-03
  Mn CT S4                                                          -1.305E-03
  
  Weighted Constraints:        target        value        WTC/PTC     contrib
  @ATELIER_LATCOLOR      =   0.00000E+00   6.84249E-01   1.000E-02   4.682E+01
  @ATELIER_RMSSPOT       =   0.00000E+00   1.28683E+01   1.000E-03   1.656E+02
  
 CYCLE NUMBER 17:
  
  ABERR F. =        0.45143752
  CONST F. =      221.96433758
  ERR. F.  =      222.41577510       (change =        9.55111143)
  
  OPD     0.65482195     0.23291413     0.29550673
  WAV     0.69649869     0.27075579     0.30657932
  
  
  
  Parameter                 Value            Change
  CUY S2               -1.33212330E-02     -4.84E-08
  CUY S5                4.86088730E-01     -5.18E-08
  CUY S6                4.03079613E-03      4.82E-08
  CUY S7                3.15748741E-02      5.31E-08
  A   S5               -8.08049962E-02     -1.86E-08
  A   S6               -2.27379232E-01      1.52E-07
  A   S7               -5.66471761E-01     -2.50E-08
  THI S2                1.35970643E-01      4.56E-07
  THI S4                1.00000000E-03      0.00E+00
  THI S6                2.35073228E-01     -1.72E-09
  THI S8                1.02064767E-01      1.26E-08
  THI S10               5.91083138E-02      3.39E-09
  THI S12               8.41426443E-02     -5.00E-08
  THI S14               4.03365172E-01     -5.51E-08
  THI S16               4.92365172E-01     -5.51E-08
  
        EFL          REDU         PIM          OAL         EN PUP       EX PUP
      2.408597     0.000000     0.404573     4.390725     0.715213    -2.169831
  
  Active Constraints -   2:    target        value         diff        cost
  EFL                    =   2.40860E+00   2.40860E+00   0.000E+00  -1.039E-03
  Mn CT S4                                                          -1.388E-03
  
  Weighted Constraints:        target        value        WTC/PTC     contrib
  @ATELIER_LATCOLOR      =   0.00000E+00   6.84242E-01   1.000E-02   4.682E+01
  @ATELIER_RMSSPOT       =   0.00000E+00   1.32343E+01   1.000E-03   1.751E+02
  
 CYCLE NUMBER 18:
  
  ABERR F. =        0.45696156
  CONST F. =      221.38224687
  ERR. F.  =      221.83920843       (change =       -0.57656668)
  
  OPD     0.66474322     0.23132491     0.29854980
  WAV     0.70723671     0.26877114     0.30973335
  
  
  
  Parameter                 Value            Change
  CUY S2               -1.33115531E-02      9.68E-06
  CUY S5                4.86102706E-01      1.40E-05
  CUY S6                4.06927052E-03      3.85E-05
  CUY S7                3.16019897E-02      2.71E-05
  A   S5               -8.06957855E-02      1.09E-04
  A   S6               -2.27445573E-01     -6.63E-05
  A   S7               -5.66473789E-01     -2.03E-06
  THI S2                1.36028120E-01      5.75E-05
  THI S4                1.00000000E-03      0.00E+00
  THI S6                2.35072797E-01     -4.30E-07
  THI S8                1.02064209E-01     -5.58E-07
  THI S10               5.91090317E-02      7.18E-07
  THI S12               8.41435933E-02      9.49E-07
  THI S14               4.03388653E-01      2.35E-05
  THI S16               4.92388653E-01      2.35E-05
  
        EFL          REDU         PIM          OAL         EN PUP       EX PUP
      2.408597     0.000000     0.404557     4.390806     0.715271    -2.169858
  
  Active Constraints -   2:    target        value         diff        cost
  EFL                    =   2.40860E+00   2.40860E+00   4.441E-15   6.097E-03
  Mn CT S4                                                          -2.663E-03
  
  Weighted Constraints:        target        value        WTC/PTC     contrib
  @ATELIER_LATCOLOR      =   0.00000E+00   6.84446E-01   1.000E-02   4.685E+01
  @ATELIER_RMSSPOT       =   0.00000E+00   1.32112E+01   1.000E-03   1.745E+02
  
 CYCLE NUMBER 19:
  
  ABERR F. =        0.45845870
  CONST F. =      221.14996943
  ERR. F.  =      221.60842812       (change =       -0.23078030)
  
  OPD     0.66752386     0.23064684     0.29939865
  WAV     0.71019175     0.26799905     0.31062009
  
  
  
  Parameter                 Value            Change
  CUY S2               -1.33062677E-02      5.29E-06
  CUY S5                4.86109687E-01      6.98E-06
  CUY S6                4.09308019E-03      2.38E-05
  CUY S7                3.16196519E-02      1.77E-05
  A   S5               -8.06302908E-02      6.55E-05
  A   S6               -2.27431081E-01      1.45E-05
  A   S7               -5.66476537E-01     -2.75E-06
  THI S2                1.36062045E-01      3.39E-05
  THI S4                1.00000000E-03      0.00E+00
  THI S6                2.35072659E-01     -1.38E-07
  THI S8                1.02064051E-01     -1.58E-07
  THI S10               5.91094646E-02      4.33E-07
  THI S12               8.41448067E-02      1.21E-06
  THI S14               4.03393985E-01      5.33E-06
  THI S16               4.92393985E-01      5.33E-06
  
        EFL          REDU         PIM          OAL         EN PUP       EX PUP
      2.408597     0.000000     0.404556     4.390847     0.715305    -2.169866
  
  Active Constraints -   2:    target        value         diff        cost
  EFL                    =   2.40860E+00   2.40860E+00  -4.441E-16   5.445E-03
  Mn CT S4                                                          -2.671E-03
  
  Weighted Constraints:        target        value        WTC/PTC     contrib
  @ATELIER_LATCOLOR      =   0.00000E+00   6.84263E-01   1.000E-02   4.682E+01
  @ATELIER_RMSSPOT       =   0.00000E+00   1.32033E+01   1.000E-03   1.743E+02
  
 CYCLE NUMBER 20:
  
  ABERR F. =        0.45113680
  CONST F. =      220.66534201
  ERR. F.  =      221.11647881       (change =       -0.49194931)
  
  OPD     0.65490872     0.23206003     0.29498022
  WAV     0.69634915     0.26987107     0.30601201
  
  
  
  Parameter                 Value            Change
  CUY S2               -1.32695659E-02      3.67E-05
  CUY S5                4.86157305E-01      4.76E-05
  CUY S6                4.26477452E-03      1.72E-04
  CUY S7                3.17481541E-02      1.29E-04
  A   S5               -8.07450181E-02     -1.15E-04
  A   S6               -2.27339201E-01      9.19E-05
  A   S7               -5.66500011E-01     -2.35E-05
  THI S2                1.36313808E-01      2.52E-04
  THI S4                1.00000000E-03      0.00E+00
  THI S6                2.35072092E-01     -5.67E-07
  THI S8                1.02063462E-01     -5.88E-07
  THI S10               5.91133278E-02      3.86E-06
  THI S12               8.41544713E-02      9.66E-06
  THI S14               4.03420781E-01      2.68E-05
  THI S16               4.92420781E-01      2.68E-05
  
        EFL          REDU         PIM          OAL         EN PUP       EX PUP
      2.408597     0.000000     0.404562     4.391138     0.715556    -2.169918
  
  Active Constraints -   2:    target        value         diff        cost
  EFL                    =   2.40860E+00   2.40860E+00  -1.975E-08   5.182E-03
  Mn CT S4                                                          -2.658E-03
  
  Weighted Constraints:        target        value        WTC/PTC     contrib
  @ATELIER_LATCOLOR      =   0.00000E+00   6.82902E-01   1.000E-02   4.664E+01
  @ATELIER_RMSSPOT       =   0.00000E+00   1.31920E+01   1.000E-03   1.740E+02
  
 CYCLE NUMBER 21:
  
  ABERR F. =        0.45655139
  CONST F. =      220.00239437
  ERR. F.  =      220.45894576       (change =       -0.65753306)
  
  OPD     0.66460818     0.23055027     0.29797447
  WAV     0.70684061     0.26798318     0.30911186
  
  
  
  Parameter                 Value            Change
  CUY S2               -1.32600837E-02      9.48E-06
  CUY S5                4.86171502E-01      1.42E-05
  CUY S6                4.30042143E-03      3.56E-05
  CUY S7                3.17725267E-02      2.44E-05
  A   S5               -8.06480152E-02      9.70E-05
  A   S6               -2.27407374E-01     -6.82E-05
  A   S7               -5.66501093E-01     -1.08E-06
  THI S2                1.36372012E-01      5.82E-05
  THI S4                1.00000000E-03      0.00E+00
  THI S6                2.35071481E-01     -6.12E-07
  THI S8                1.02062826E-01     -6.37E-07
  THI S10               5.91144189E-02      1.09E-06
  THI S12               8.41544549E-02     -1.65E-08
  THI S14               4.03452309E-01      3.15E-05
  THI S16               4.92452309E-01      3.15E-05
  
        EFL          REDU         PIM          OAL         EN PUP       EX PUP
      2.408597     0.000000     0.404538     4.391228     0.715615    -2.169952
  
  Active Constraints -   2:    target        value         diff        cost
  EFL                    =   2.40860E+00   2.40860E+00   3.997E-15   6.198E-03
  Mn CT S4                                                          -2.655E-03
  
  Weighted Constraints:        target        value        WTC/PTC     contrib
  @ATELIER_LATCOLOR      =   0.00000E+00   6.82968E-01   1.000E-02   4.664E+01
  @ATELIER_RMSSPOT       =   0.00000E+00   1.31665E+01   1.000E-03   1.734E+02
  
 CYCLE NUMBER 22:
  
  ABERR F. =        0.45773994
  CONST F. =      219.87234012
  ERR. F.  =      220.33008007       (change =       -0.12886569)
  
  OPD     0.66675521     0.23016095     0.29863385
  WAV     0.70915288     0.26751454     0.30979760
  
  
  
  Parameter                 Value            Change
  CUY S2               -1.32578652E-02      2.22E-06
  CUY S5                4.86174562E-01      3.06E-06
  CUY S6                4.31025964E-03      9.84E-06
  CUY S7                3.17796876E-02      7.16E-06
  A   S5               -8.06162664E-02      3.17E-05
  A   S6               -2.27414012E-01     -6.64E-06
  A   S7               -5.66501977E-01     -8.84E-07
  THI S2                1.36386736E-01      1.47E-05
  THI S4                1.00000000E-03      0.00E+00
  THI S6                2.35071373E-01     -1.08E-07
  THI S8                1.02062732E-01     -9.33E-08
  THI S10               5.91146757E-02      2.57E-07
  THI S12               8.41547804E-02      3.26E-07
  THI S14               4.03456693E-01      4.38E-06
  THI S16               4.92456693E-01      4.38E-06
  
        EFL          REDU         PIM          OAL         EN PUP       EX PUP
      2.408597     0.000000     0.404535     4.391247     0.715629    -2.169957
  
  Active Constraints -   2:    target        value         diff        cost
  EFL                    =   2.40860E+00   2.40860E+00   4.464E-11   5.654E-03
  Mn CT S4                                                          -2.662E-03
  
  Weighted Constraints:        target        value        WTC/PTC     contrib
  @ATELIER_LATCOLOR      =   0.00000E+00   6.82949E-01   1.000E-02   4.664E+01
  @ATELIER_RMSSPOT       =   0.00000E+00   1.31617E+01   1.000E-03   1.732E+02
  
     Normal AUTO Completion - System improvement less than IMP
AUT> GO
 
 
CODE V> BUF PUT B1 I^row J1 "schema"
      Created new worksheet B1.
CODE V> BUF PUT B1 I^row J2 "atelier-codev-target-v1"
CODE V> BUF PUT B1 I^row J1 "status"
CODE V> BUF PUT B1 I^row J2 "ok"
CODE V> BUF PUT B1 I^row J1 "mode"
CODE V> BUF PUT B1 I^row J2 "target"
CODE V> BUF PUT B1 I^row J1 "stage"
CODE V> BUF PUT B1 I^row J2 "A"
CODE V> BUF PUT B1 I^row J1 "source_zmx"
CODE V> BUF PUT B1 I^row J2 "US20210165194A1.zmx"
CODE V> BUF PUT B1 I^row J1 "num_fields"
CODE V> BUF PUT B1 I^row J2 ^numf_out
CODE V> BUF PUT B1 I^row J1 "vignetting_edge"
CODE V> BUF PUT B1 I^row J2 0.2
CODE V> BUF PUT B1 I^row J1 "target.efl_mm"
CODE V> BUF PUT B1 I^row J2 ^target_efl
CODE V> BUF PUT B1 I^row J1 "target.f_number"
CODE V> BUF PUT B1 I^row J2 1.86433950357232
CODE V> BUF PUT B1 I^row J1 "seed_baseline.efl_y_mm"
CODE V> BUF PUT B1 I^row J2 ^seed_baseline_efl_y_mm
CODE V> BUF PUT B1 I^row J1 "seed_baseline.max_lateral_color_um"
CODE V> BUF PUT B1 I^row J2 ^seed_baseline_max_lateral_color_um
CODE V> BUF PUT B1 I^row J1 "seed_baseline.max_rms_spot_diameter_um"
CODE V> BUF PUT B1 I^row J2 ^seed_baseline_max_rms_spot_diameter_um
CODE V> BUF PUT B1 I^row J1 "seed_baseline.max_rms_wavefront_error_waves"
CODE V> BUF PUT B1 I^row J2 ^seed_baseline_max_rms_wavefront_error_waves
CODE V> BUF PUT B1 I^row J1 "seed_baseline.max_distortion_pct"
CODE V> BUF PUT B1 I^row J2 ^seed_baseline_max_distortion_pct
CODE V> BUF PUT B1 I^row J1 "seed_baseline.fno"
CODE V> BUF PUT B1 I^row J2 ^seed_baseline_fno
CODE V> BUF PUT B1 I^row J1 "seed_baseline.epd_mm"
CODE V> BUF PUT B1 I^row J2 ^seed_baseline_epd
CODE V> BUF PUT B1 I^row J1 "seed_baseline.maximh_mm"
CODE V> BUF PUT B1 I^row J2 ^seed_baseline_maximh
CODE V> BUF PUT B1 I^row J1 "config_pre_aut.efl_y_mm"
CODE V> BUF PUT B1 I^row J2 ^config_pre_aut_efl_y_mm
CODE V> BUF PUT B1 I^row J1 "config_pre_aut.max_lateral_color_um"
CODE V> BUF PUT B1 I^row J2 ^config_pre_aut_max_lateral_color_um
CODE V> BUF PUT B1 I^row J1 "config_pre_aut.max_rms_spot_diameter_um"
CODE V> BUF PUT B1 I^row J2 ^config_pre_aut_max_rms_spot_diameter_um
CODE V> BUF PUT B1 I^row J1 "config_pre_aut.max_rms_wavefront_error_waves"
CODE V> BUF PUT B1 I^row J2 ^config_pre_aut_max_rms_wavefront_error_waves
CODE V> BUF PUT B1 I^row J1 "config_pre_aut.max_distortion_pct"
CODE V> BUF PUT B1 I^row J2 ^config_pre_aut_max_distortion_pct
CODE V> BUF PUT B1 I^row J1 "config_pre_aut.fno"
CODE V> BUF PUT B1 I^row J2 ^config_pre_aut_fno
CODE V> BUF PUT B1 I^row J1 "config_pre_aut.epd_mm"
CODE V> BUF PUT B1 I^row J2 ^config_pre_aut_epd
CODE V> BUF PUT B1 I^row J1 "config_pre_aut.maximh_mm"
CODE V> BUF PUT B1 I^row J2 ^config_pre_aut_maximh
CODE V> BUF PUT B1 I^row J1 "post_aut.efl_y_mm"
CODE V> BUF PUT B1 I^row J2 ^post_aut_efl_y_mm
CODE V> BUF PUT B1 I^row J1 "post_aut.max_lateral_color_um"
CODE V> BUF PUT B1 I^row J2 ^post_aut_max_lateral_color_um
CODE V> BUF PUT B1 I^row J1 "post_aut.max_rms_spot_diameter_um"
CODE V> BUF PUT B1 I^row J2 ^post_aut_max_rms_spot_diameter_um
CODE V> BUF PUT B1 I^row J1 "post_aut.max_rms_wavefront_error_waves"
CODE V> BUF PUT B1 I^row J2 ^post_aut_max_rms_wavefront_error_waves
CODE V> BUF PUT B1 I^row J1 "post_aut.max_distortion_pct"
CODE V> BUF PUT B1 I^row J2 ^post_aut_max_distortion_pct
CODE V> BUF PUT B1 I^row J1 "post_aut.fno"
CODE V> BUF PUT B1 I^row J2 ^post_aut_fno
CODE V> BUF PUT B1 I^row J1 "post_aut.epd_mm"
CODE V> BUF PUT B1 I^row J2 ^post_aut_epd
CODE V> BUF PUT B1 I^row J1 "post_aut.maximh_mm"
CODE V> BUF PUT B1 I^row J2 ^post_aut_maximh
CODE V> BUF PUT B1 I^row J1 "efl_target_deviation_pct"
CODE V> BUF PUT B1 I^row J2 ^efl_target_dev_pct
CODE V> BUF PUT B1 I^row J1 "aut_converged"
CODE V> BUF PUT B1 I^row J2 ^aut_converged
CODE V> BUF EXP B1 "D:\atelier-wt-c\.planning\loop\p15-stageb-evidence\fno-matrix-2026-07-11\US20210165194A1_tighten\rung2_fno0186\ray_retry\atelier_codev_target_A_vig0200.tsv"
     Buffer B1 exported to file atelier_codev_target_A_vig0200.tsv
CODE V> BUF DEL B1
CODE V> OUT YES
CODE V> EXI YES
     EXI                                                                              11-Jul-26  14H 23M 51S
                                                 CODE V PC  Version: 11.5             CPU clock:  0H  0M 24S
